3172 [main] WARN  o.s.w.c.s.GenericWebApplicationContext - Exception encountered during context initialization - cancelling refresh attempt: org.springframework.beans.factory.UnsatisfiedDependencyException: Error creating bean with name 'userMapper' defined in file [D:\ideaProjects\p2p\ppp\target\classes\com\zmh\ppp\mapper\UserMapper.class]: Unsatisfied dependency expressed through bean property 'sqlSessionFactory'; nested exception is org.springframework.beans.factory.BeanCreationException: Error creating bean with name 'sqlSessionFactory' defined in class path resource [org/mybatis/spring/boot/autoconfigure/MybatisAutoConfiguration.class]: Bean instantiation via factory method failed; nested exception is org.springframework.beans.BeanInstantiationException: Failed to instantiate [org.apache.ibatis.session.SqlSessionFactory]: Factory method 'sqlSessionFactory' threw exception; nested exception is org.springframework.core.NestedIOException: Failed to parse mapping resource: 'file [D:\ideaProjects\p2p\ppp\target\classes\mapper\UserMapper.xml]'; nested exception is org.apache.ibatis.builder.BuilderException: Error parsing Mapper XML. Cause: org.apache.ibatis.builder.BuilderException: Error resolving class. Cause: org.apache.ibatis.type.TypeException: Could not resolve type alias 'com._520it.p2p.domain.User'.  Cause: java.lang.ClassNotFoundException: Cannot find class: com._520it.p2p.domain.User
3245 [main] ERROR o.s.boot.SpringApplication - Application startup failed
org.springframework.beans.factory.UnsatisfiedDependencyException: Error creating bean with name 'userMapper' defined in file [D:\ideaProjects\p2p\ppp\target\classes\com\zmh\ppp\mapper\UserMapper.class]: Unsatisfied dependency expressed through bean property 'sqlSessionFactory'; nested exception is org.springframework.beans.factory.BeanCreationException: Error creating bean with name 'sqlSessionFactory' defined in class path resource [org/mybatis/spring/boot/autoconfigure/MybatisAutoConfiguration.class]: Bean instantiation via factory method failed; nested exception is org.springframework.beans.BeanInstantiationException: Failed to instantiate [org.apache.ibatis.session.SqlSessionFactory]: Factory method 'sqlSessionFactory' threw exception; nested exception is org.springframework.core.NestedIOException: Failed to parse mapping resource: 'file [D:\ideaProjects\p2p\ppp\target\classes\mapper\UserMapper.xml]'; nested exception is org.apache.ibatis.builder.BuilderException: Error parsing Mapper XML. Cause: org.apache.ibatis.builder.BuilderException: Error resolving class. Cause: org.apache.ibatis.type.TypeException: Could not resolve type alias 'com._520it.p2p.domain.User'.  Cause: java.lang.ClassNotFoundException: Cannot find class: com._520it.p2p.domain.User
	at org.springframework.beans.factory.support.AbstractAutowireCapableBeanFactory.autowireByType(AbstractAutowireCapableBeanFactory.java:1357)
	at org.springframework.beans.factory.support.AbstractAutowireCapableBeanFactory.populateBean(AbstractAutowireCapableBeanFactory.java:1249)
	at org.springframework.beans.factory.support.AbstractAutowireCapableBeanFactory.doCreateBean(AbstractAutowireCapableBeanFactory.java:553)
	at org.springframework.beans.factory.support.AbstractAutowireCapableBeanFactory.createBean(AbstractAutowireCapableBeanFactory.java:483)
	at org.springframework.beans.factory.support.AbstractBeanFactory$1.getObject(AbstractBeanFactory.java:306)
	at org.springframework.beans.factory.support.DefaultSingletonBeanRegistry.getSingleton(DefaultSingletonBeanRegistry.java:230)
	at org.springframework.beans.factory.support.AbstractBeanFactory.doGetBean(AbstractBeanFactory.java:302)
	at org.springframework.beans.factory.support.AbstractBeanFactory.getBean(AbstractBeanFactory.java:197)
	at org.springframework.beans.factory.support.DefaultListableBeanFactory.preInstantiateSingletons(DefaultListableBeanFactory.java:742)
	at org.springframework.context.support.AbstractApplicationContext.finishBeanFactoryInitialization(AbstractApplicationContext.java:867)
	at org.springframework.context.support.AbstractApplicationContext.refresh(AbstractApplicationContext.java:543)
	at org.springframework.boot.SpringApplication.refresh(SpringApplication.java:693)
	at org.springframework.boot.SpringApplication.refreshContext(SpringApplication.java:360)
	at org.springframework.boot.SpringApplication.run(SpringApplication.java:303)
	at org.springframework.boot.test.context.SpringBootContextLoader.loadContext(SpringBootContextLoader.java:120)
	at org.springframework.test.context.cache.DefaultCacheAwareContextLoaderDelegate.loadContextInternal(DefaultCacheAwareContextLoaderDelegate.java:98)
	at org.springframework.test.context.cache.DefaultCacheAwareContextLoaderDelegate.loadContext(DefaultCacheAwareContextLoaderDelegate.java:116)
	at org.springframework.test.context.support.DefaultTestContext.getApplicationContext(DefaultTestContext.java:83)
	at org.springframework.test.context.web.ServletTestExecutionListener.setUpRequestContextIfNecessary(ServletTestExecutionListener.java:189)
	at org.springframework.test.context.web.ServletTestExecutionListener.prepareTestInstance(ServletTestExecutionListener.java:131)
	at org.springframework.test.context.TestContextManager.prepareTestInstance(TestContextManager.java:230)
	at org.springframework.test.context.junit4.SpringJUnit4ClassRunner.createTest(SpringJUnit4ClassRunner.java:228)
	at org.springframework.test.context.junit4.SpringJUnit4ClassRunner$1.runReflectiveCall(SpringJUnit4ClassRunner.java:287)
	at org.junit.internal.runners.model.ReflectiveCallable.run(ReflectiveCallable.java:12)
	at org.springframework.test.context.junit4.SpringJUnit4ClassRunner.methodBlock(SpringJUnit4ClassRunner.java:289)
	at org.springframework.test.context.junit4.SpringJUnit4ClassRunner.runChild(SpringJUnit4ClassRunner.java:247)
	at org.springframework.test.context.junit4.SpringJUnit4ClassRunner.runChild(SpringJUnit4ClassRunner.java:94)
	at org.junit.runners.ParentRunner$3.run(ParentRunner.java:290)
	at org.junit.runners.ParentRunner$1.schedule(ParentRunner.java:71)
	at org.junit.runners.ParentRunner.runChildren(ParentRunner.java:288)
	at org.junit.runners.ParentRunner.access$000(ParentRunner.java:58)
	at org.junit.runners.ParentRunner$2.evaluate(ParentRunner.java:268)
	at org.springframework.test.context.junit4.statements.RunBeforeTestClassCallbacks.evaluate(RunBeforeTestClassCallbacks.java:61)
	at org.springframework.test.context.junit4.statements.RunAfterTestClassCallbacks.evaluate(RunAfterTestClassCallbacks.java:70)
	at org.junit.runners.ParentRunner.run(ParentRunner.java:363)
	at org.springframework.test.context.junit4.SpringJUnit4ClassRunner.run(SpringJUnit4ClassRunner.java:191)
	at org.junit.runner.JUnitCore.run(JUnitCore.java:137)
	at com.intellij.junit4.JUnit4IdeaTestRunner.startRunnerWithArgs(JUnit4IdeaTestRunner.java:68)
	at com.intellij.rt.execution.junit.IdeaTestRunner$Repeater.startRunnerWithArgs(IdeaTestRunner.java:47)
	at com.intellij.rt.execution.junit.JUnitStarter.prepareStreamsAndStart(JUnitStarter.java:242)
	at com.intellij.rt.execution.junit.JUnitStarter.main(JUnitStarter.java:70)
Caused by: org.springframework.beans.factory.BeanCreationException: Error creating bean with name 'sqlSessionFactory' defined in class path resource [org/mybatis/spring/boot/autoconfigure/MybatisAutoConfiguration.class]: Bean instantiation via factory method failed; nested exception is org.springframework.beans.BeanInstantiationException: Failed to instantiate [org.apache.ibatis.session.SqlSessionFactory]: Factory method 'sqlSessionFactory' threw exception; nested exception is org.springframework.core.NestedIOException: Failed to parse mapping resource: 'file [D:\ideaProjects\p2p\ppp\target\classes\mapper\UserMapper.xml]'; nested exception is org.apache.ibatis.builder.BuilderException: Error parsing Mapper XML. Cause: org.apache.ibatis.builder.BuilderException: Error resolving class. Cause: org.apache.ibatis.type.TypeException: Could not resolve type alias 'com._520it.p2p.domain.User'.  Cause: java.lang.ClassNotFoundException: Cannot find class: com._520it.p2p.domain.User
	at org.springframework.beans.factory.support.ConstructorResolver.instantiateUsingFactoryMethod(ConstructorResolver.java:599)
	at org.springframework.beans.factory.support.AbstractAutowireCapableBeanFactory.instantiateUsingFactoryMethod(AbstractAutowireCapableBeanFactory.java:1173)
	at org.springframework.beans.factory.support.AbstractAutowireCapableBeanFactory.createBeanInstance(AbstractAutowireCapableBeanFactory.java:1067)
	at org.springframework.beans.factory.support.AbstractAutowireCapableBeanFactory.doCreateBean(AbstractAutowireCapableBeanFactory.java:513)
	at org.springframework.beans.factory.support.AbstractAutowireCapableBeanFactory.createBean(AbstractAutowireCapableBeanFactory.java:483)
	at org.springframework.beans.factory.support.AbstractBeanFactory$1.getObject(AbstractBeanFactory.java:306)
	at org.springframework.beans.factory.support.DefaultSingletonBeanRegistry.getSingleton(DefaultSingletonBeanRegistry.java:230)
	at org.springframework.beans.factory.support.AbstractBeanFactory.doGetBean(AbstractBeanFactory.java:302)
	at org.springframework.beans.factory.support.AbstractBeanFactory.getBean(AbstractBeanFactory.java:202)
	at org.springframework.beans.factory.config.DependencyDescriptor.resolveCandidate(DependencyDescriptor.java:208)
	at org.springframework.beans.factory.support.DefaultListableBeanFactory.doResolveDependency(DefaultListableBeanFactory.java:1138)
	at org.springframework.beans.factory.support.DefaultListableBeanFactory.resolveDependency(DefaultListableBeanFactory.java:1066)
	at org.springframework.beans.factory.support.AbstractAutowireCapableBeanFactory.autowireByType(AbstractAutowireCapableBeanFactory.java:1342)
	... 40 common frames omitted
Caused by: org.springframework.beans.BeanInstantiationException: Failed to instantiate [org.apache.ibatis.session.SqlSessionFactory]: Factory method 'sqlSessionFactory' threw exception; nested exception is org.springframework.core.NestedIOException: Failed to parse mapping resource: 'file [D:\ideaProjects\p2p\ppp\target\classes\mapper\UserMapper.xml]'; nested exception is org.apache.ibatis.builder.BuilderException: Error parsing Mapper XML. Cause: org.apache.ibatis.builder.BuilderException: Error resolving class. Cause: org.apache.ibatis.type.TypeException: Could not resolve type alias 'com._520it.p2p.domain.User'.  Cause: java.lang.ClassNotFoundException: Cannot find class: com._520it.p2p.domain.User
	at org.springframework.beans.factory.support.SimpleInstantiationStrategy.instantiate(SimpleInstantiationStrategy.java:189)
	at org.springframework.beans.factory.support.ConstructorResolver.instantiateUsingFactoryMethod(ConstructorResolver.java:588)
	... 52 common frames omitted
Caused by: org.springframework.core.NestedIOException: Failed to parse mapping resource: 'file [D:\ideaProjects\p2p\ppp\target\classes\mapper\UserMapper.xml]'; nested exception is org.apache.ibatis.builder.BuilderException: Error parsing Mapper XML. Cause: org.apache.ibatis.builder.BuilderException: Error resolving class. Cause: org.apache.ibatis.type.TypeException: Could not resolve type alias 'com._520it.p2p.domain.User'.  Cause: java.lang.ClassNotFoundException: Cannot find class: com._520it.p2p.domain.User
	at org.mybatis.spring.SqlSessionFactoryBean.buildSqlSessionFactory(SqlSessionFactoryBean.java:523)
	at org.mybatis.spring.SqlSessionFactoryBean.afterPropertiesSet(SqlSessionFactoryBean.java:380)
	at org.mybatis.spring.SqlSessionFactoryBean.getObject(SqlSessionFactoryBean.java:547)
	at org.mybatis.spring.boot.autoconfigure.MybatisAutoConfiguration.sqlSessionFactory(MybatisAutoConfiguration.java:153)
	at org.mybatis.spring.boot.autoconfigure.MybatisAutoConfiguration$$EnhancerBySpringCGLIB$$4c3f1209.CGLIB$sqlSessionFactory$1(<generated>)
	at org.mybatis.spring.boot.autoconfigure.MybatisAutoConfiguration$$EnhancerBySpringCGLIB$$4c3f1209$$FastClassBySpringCGLIB$$ba6cca9a.invoke(<generated>)
	at org.springframework.cglib.proxy.MethodProxy.invokeSuper(MethodProxy.java:228)
	at org.springframework.context.annotation.ConfigurationClassEnhancer$BeanMethodInterceptor.intercept(ConfigurationClassEnhancer.java:358)
	at org.mybatis.spring.boot.autoconfigure.MybatisAutoConfiguration$$EnhancerBySpringCGLIB$$4c3f1209.sqlSessionFactory(<generated>)
	at sun.reflect.NativeMethodAccessorImpl.invoke0(Native Method)
	at sun.reflect.NativeMethodAccessorImpl.invoke(NativeMethodAccessorImpl.java:62)
	at sun.reflect.DelegatingMethodAccessorImpl.invoke(DelegatingMethodAccessorImpl.java:43)
	at java.lang.reflect.Method.invoke(Method.java:498)
	at org.springframework.beans.factory.support.SimpleInstantiationStrategy.instantiate(SimpleInstantiationStrategy.java:162)
	... 53 common frames omitted
Caused by: org.apache.ibatis.builder.BuilderException: Error parsing Mapper XML. Cause: org.apache.ibatis.builder.BuilderException: Error resolving class. Cause: org.apache.ibatis.type.TypeException: Could not resolve type alias 'com._520it.p2p.domain.User'.  Cause: java.lang.ClassNotFoundException: Cannot find class: com._520it.p2p.domain.User
	at org.apache.ibatis.builder.xml.XMLMapperBuilder.configurationElement(XMLMapperBuilder.java:120)
	at org.apache.ibatis.builder.xml.XMLMapperBuilder.parse(XMLMapperBuilder.java:92)
	at org.mybatis.spring.SqlSessionFactoryBean.buildSqlSessionFactory(SqlSessionFactoryBean.java:521)
	... 66 common frames omitted
Caused by: org.apache.ibatis.builder.BuilderException: Error resolving class. Cause: org.apache.ibatis.type.TypeException: Could not resolve type alias 'com._520it.p2p.domain.User'.  Cause: java.lang.ClassNotFoundException: Cannot find class: com._520it.p2p.domain.User
	at org.apache.ibatis.builder.BaseBuilder.resolveClass(BaseBuilder.java:118)
	at org.apache.ibatis.builder.xml.XMLStatementBuilder.parseStatementNode(XMLStatementBuilder.java:74)
	at org.apache.ibatis.builder.xml.XMLMapperBuilder.buildStatementFromContext(XMLMapperBuilder.java:135)
	at org.apache.ibatis.builder.xml.XMLMapperBuilder.buildStatementFromContext(XMLMapperBuilder.java:128)
	at org.apache.ibatis.builder.xml.XMLMapperBuilder.configurationElement(XMLMapperBuilder.java:118)
	... 68 common frames omitted
Caused by: org.apache.ibatis.type.TypeException: Could not resolve type alias 'com._520it.p2p.domain.User'.  Cause: java.lang.ClassNotFoundException: Cannot find class: com._520it.p2p.domain.User
	at org.apache.ibatis.type.TypeAliasRegistry.resolveAlias(TypeAliasRegistry.java:120)
	at org.apache.ibatis.builder.BaseBuilder.resolveAlias(BaseBuilder.java:149)
	at org.apache.ibatis.builder.BaseBuilder.resolveClass(BaseBuilder.java:116)
	... 72 common frames omitted
Caused by: java.lang.ClassNotFoundException: Cannot find class: com._520it.p2p.domain.User
	at org.apache.ibatis.io.ClassLoaderWrapper.classForName(ClassLoaderWrapper.java:200)
	at org.apache.ibatis.io.ClassLoaderWrapper.classForName(ClassLoaderWrapper.java:89)
	at org.apache.ibatis.io.Resources.classForName(Resources.java:261)
	at org.apache.ibatis.type.TypeAliasRegistry.resolveAlias(TypeAliasRegistry.java:116)
	... 74 common frames omitted
3252 [main] ERROR o.s.test.context.TestContextManager - Caught exception while allowing TestExecutionListener [org.springframework.test.context.web.ServletTestExecutionListener@5700c9db] to prepare test instance [com.zmh.ppp.PppApplicationTests@671d03bb]
java.lang.IllegalStateException: Failed to load ApplicationContext
	at org.springframework.test.context.cache.DefaultCacheAwareContextLoaderDelegate.loadContext(DefaultCacheAwareContextLoaderDelegate.java:124)
	at org.springframework.test.context.support.DefaultTestContext.getApplicationContext(DefaultTestContext.java:83)
	at org.springframework.test.context.web.ServletTestExecutionListener.setUpRequestContextIfNecessary(ServletTestExecutionListener.java:189)
	at org.springframework.test.context.web.ServletTestExecutionListener.prepareTestInstance(ServletTestExecutionListener.java:131)
	at org.springframework.test.context.TestContextManager.prepareTestInstance(TestContextManager.java:230)
	at org.springframework.test.context.junit4.SpringJUnit4ClassRunner.createTest(SpringJUnit4ClassRunner.java:228)
	at org.springframework.test.context.junit4.SpringJUnit4ClassRunner$1.runReflectiveCall(SpringJUnit4ClassRunner.java:287)
	at org.junit.internal.runners.model.ReflectiveCallable.run(ReflectiveCallable.java:12)
	at org.springframework.test.context.junit4.SpringJUnit4ClassRunner.methodBlock(SpringJUnit4ClassRunner.java:289)
	at org.springframework.test.context.junit4.SpringJUnit4ClassRunner.runChild(SpringJUnit4ClassRunner.java:247)
	at org.springframework.test.context.junit4.SpringJUnit4ClassRunner.runChild(SpringJUnit4ClassRunner.java:94)
	at org.junit.runners.ParentRunner$3.run(ParentRunner.java:290)
	at org.junit.runners.ParentRunner$1.schedule(ParentRunner.java:71)
	at org.junit.runners.ParentRunner.runChildren(ParentRunner.java:288)
	at org.junit.runners.ParentRunner.access$000(ParentRunner.java:58)
	at org.junit.runners.ParentRunner$2.evaluate(ParentRunner.java:268)
	at org.springframework.test.context.junit4.statements.RunBeforeTestClassCallbacks.evaluate(RunBeforeTestClassCallbacks.java:61)
	at org.springframework.test.context.junit4.statements.RunAfterTestClassCallbacks.evaluate(RunAfterTestClassCallbacks.java:70)
	at org.junit.runners.ParentRunner.run(ParentRunner.java:363)
	at org.springframework.test.context.junit4.SpringJUnit4ClassRunner.run(SpringJUnit4ClassRunner.java:191)
	at org.junit.runner.JUnitCore.run(JUnitCore.java:137)
	at com.intellij.junit4.JUnit4IdeaTestRunner.startRunnerWithArgs(JUnit4IdeaTestRunner.java:68)
	at com.intellij.rt.execution.junit.IdeaTestRunner$Repeater.startRunnerWithArgs(IdeaTestRunner.java:47)
	at com.intellij.rt.execution.junit.JUnitStarter.prepareStreamsAndStart(JUnitStarter.java:242)
	at com.intellij.rt.execution.junit.JUnitStarter.main(JUnitStarter.java:70)
Caused by: org.springframework.beans.factory.UnsatisfiedDependencyException: Error creating bean with name 'userMapper' defined in file [D:\ideaProjects\p2p\ppp\target\classes\com\zmh\ppp\mapper\UserMapper.class]: Unsatisfied dependency expressed through bean property 'sqlSessionFactory'; nested exception is org.springframework.beans.factory.BeanCreationException: Error creating bean with name 'sqlSessionFactory' defined in class path resource [org/mybatis/spring/boot/autoconfigure/MybatisAutoConfiguration.class]: Bean instantiation via factory method failed; nested exception is org.springframework.beans.BeanInstantiationException: Failed to instantiate [org.apache.ibatis.session.SqlSessionFactory]: Factory method 'sqlSessionFactory' threw exception; nested exception is org.springframework.core.NestedIOException: Failed to parse mapping resource: 'file [D:\ideaProjects\p2p\ppp\target\classes\mapper\UserMapper.xml]'; nested exception is org.apache.ibatis.builder.BuilderException: Error parsing Mapper XML. Cause: org.apache.ibatis.builder.BuilderException: Error resolving class. Cause: org.apache.ibatis.type.TypeException: Could not resolve type alias 'com._520it.p2p.domain.User'.  Cause: java.lang.ClassNotFoundException: Cannot find class: com._520it.p2p.domain.User
	at org.springframework.beans.factory.support.AbstractAutowireCapableBeanFactory.autowireByType(AbstractAutowireCapableBeanFactory.java:1357)
	at org.springframework.beans.factory.support.AbstractAutowireCapableBeanFactory.populateBean(AbstractAutowireCapableBeanFactory.java:1249)
	at org.springframework.beans.factory.support.AbstractAutowireCapableBeanFactory.doCreateBean(AbstractAutowireCapableBeanFactory.java:553)
	at org.springframework.beans.factory.support.AbstractAutowireCapableBeanFactory.createBean(AbstractAutowireCapableBeanFactory.java:483)
	at org.springframework.beans.factory.support.AbstractBeanFactory$1.getObject(AbstractBeanFactory.java:306)
	at org.springframework.beans.factory.support.DefaultSingletonBeanRegistry.getSingleton(DefaultSingletonBeanRegistry.java:230)
	at org.springframework.beans.factory.support.AbstractBeanFactory.doGetBean(AbstractBeanFactory.java:302)
	at org.springframework.beans.factory.support.AbstractBeanFactory.getBean(AbstractBeanFactory.java:197)
	at org.springframework.beans.factory.support.DefaultListableBeanFactory.preInstantiateSingletons(DefaultListableBeanFactory.java:742)
	at org.springframework.context.support.AbstractApplicationContext.finishBeanFactoryInitialization(AbstractApplicationContext.java:867)
	at org.springframework.context.support.AbstractApplicationContext.refresh(AbstractApplicationContext.java:543)
	at org.springframework.boot.SpringApplication.refresh(SpringApplication.java:693)
	at org.springframework.boot.SpringApplication.refreshContext(SpringApplication.java:360)
	at org.springframework.boot.SpringApplication.run(SpringApplication.java:303)
	at org.springframework.boot.test.context.SpringBootContextLoader.loadContext(SpringBootContextLoader.java:120)
	at org.springframework.test.context.cache.DefaultCacheAwareContextLoaderDelegate.loadContextInternal(DefaultCacheAwareContextLoaderDelegate.java:98)
	at org.springframework.test.context.cache.DefaultCacheAwareContextLoaderDelegate.loadContext(DefaultCacheAwareContextLoaderDelegate.java:116)
	... 24 common frames omitted
Caused by: org.springframework.beans.factory.BeanCreationException: Error creating bean with name 'sqlSessionFactory' defined in class path resource [org/mybatis/spring/boot/autoconfigure/MybatisAutoConfiguration.class]: Bean instantiation via factory method failed; nested exception is org.springframework.beans.BeanInstantiationException: Failed to instantiate [org.apache.ibatis.session.SqlSessionFactory]: Factory method 'sqlSessionFactory' threw exception; nested exception is org.springframework.core.NestedIOException: Failed to parse mapping resource: 'file [D:\ideaProjects\p2p\ppp\target\classes\mapper\UserMapper.xml]'; nested exception is org.apache.ibatis.builder.BuilderException: Error parsing Mapper XML. Cause: org.apache.ibatis.builder.BuilderException: Error resolving class. Cause: org.apache.ibatis.type.TypeException: Could not resolve type alias 'com._520it.p2p.domain.User'.  Cause: java.lang.ClassNotFoundException: Cannot find class: com._520it.p2p.domain.User
	at org.springframework.beans.factory.support.ConstructorResolver.instantiateUsingFactoryMethod(ConstructorResolver.java:599)
	at org.springframework.beans.factory.support.AbstractAutowireCapableBeanFactory.instantiateUsingFactoryMethod(AbstractAutowireCapableBeanFactory.java:1173)
	at org.springframework.beans.factory.support.AbstractAutowireCapableBeanFactory.createBeanInstance(AbstractAutowireCapableBeanFactory.java:1067)
	at org.springframework.beans.factory.support.AbstractAutowireCapableBeanFactory.doCreateBean(AbstractAutowireCapableBeanFactory.java:513)
	at org.springframework.beans.factory.support.AbstractAutowireCapableBeanFactory.createBean(AbstractAutowireCapableBeanFactory.java:483)
	at org.springframework.beans.factory.support.AbstractBeanFactory$1.getObject(AbstractBeanFactory.java:306)
	at org.springframework.beans.factory.support.DefaultSingletonBeanRegistry.getSingleton(DefaultSingletonBeanRegistry.java:230)
	at org.springframework.beans.factory.support.AbstractBeanFactory.doGetBean(AbstractBeanFactory.java:302)
	at org.springframework.beans.factory.support.AbstractBeanFactory.getBean(AbstractBeanFactory.java:202)
	at org.springframework.beans.factory.config.DependencyDescriptor.resolveCandidate(DependencyDescriptor.java:208)
	at org.springframework.beans.factory.support.DefaultListableBeanFactory.doResolveDependency(DefaultListableBeanFactory.java:1138)
	at org.springframework.beans.factory.support.DefaultListableBeanFactory.resolveDependency(DefaultListableBeanFactory.java:1066)
	at org.springframework.beans.factory.support.AbstractAutowireCapableBeanFactory.autowireByType(AbstractAutowireCapableBeanFactory.java:1342)
	... 40 common frames omitted
Caused by: org.springframework.beans.BeanInstantiationException: Failed to instantiate [org.apache.ibatis.session.SqlSessionFactory]: Factory method 'sqlSessionFactory' threw exception; nested exception is org.springframework.core.NestedIOException: Failed to parse mapping resource: 'file [D:\ideaProjects\p2p\ppp\target\classes\mapper\UserMapper.xml]'; nested exception is org.apache.ibatis.builder.BuilderException: Error parsing Mapper XML. Cause: org.apache.ibatis.builder.BuilderException: Error resolving class. Cause: org.apache.ibatis.type.TypeException: Could not resolve type alias 'com._520it.p2p.domain.User'.  Cause: java.lang.ClassNotFoundException: Cannot find class: com._520it.p2p.domain.User
	at org.springframework.beans.factory.support.SimpleInstantiationStrategy.instantiate(SimpleInstantiationStrategy.java:189)
	at org.springframework.beans.factory.support.ConstructorResolver.instantiateUsingFactoryMethod(ConstructorResolver.java:588)
	... 52 common frames omitted
Caused by: org.springframework.core.NestedIOException: Failed to parse mapping resource: 'file [D:\ideaProjects\p2p\ppp\target\classes\mapper\UserMapper.xml]'; nested exception is org.apache.ibatis.builder.BuilderException: Error parsing Mapper XML. Cause: org.apache.ibatis.builder.BuilderException: Error resolving class. Cause: org.apache.ibatis.type.TypeException: Could not resolve type alias 'com._520it.p2p.domain.User'.  Cause: java.lang.ClassNotFoundException: Cannot find class: com._520it.p2p.domain.User
	at org.mybatis.spring.SqlSessionFactoryBean.buildSqlSessionFactory(SqlSessionFactoryBean.java:523)
	at org.mybatis.spring.SqlSessionFactoryBean.afterPropertiesSet(SqlSessionFactoryBean.java:380)
	at org.mybatis.spring.SqlSessionFactoryBean.getObject(SqlSessionFactoryBean.java:547)
	at org.mybatis.spring.boot.autoconfigure.MybatisAutoConfiguration.sqlSessionFactory(MybatisAutoConfiguration.java:153)
	at org.mybatis.spring.boot.autoconfigure.MybatisAutoConfiguration$$EnhancerBySpringCGLIB$$4c3f1209.CGLIB$sqlSessionFactory$1(<generated>)
	at org.mybatis.spring.boot.autoconfigure.MybatisAutoConfiguration$$EnhancerBySpringCGLIB$$4c3f1209$$FastClassBySpringCGLIB$$ba6cca9a.invoke(<generated>)
	at org.springframework.cglib.proxy.MethodProxy.invokeSuper(MethodProxy.java:228)
	at org.springframework.context.annotation.ConfigurationClassEnhancer$BeanMethodInterceptor.intercept(ConfigurationClassEnhancer.java:358)
	at org.mybatis.spring.boot.autoconfigure.MybatisAutoConfiguration$$EnhancerBySpringCGLIB$$4c3f1209.sqlSessionFactory(<generated>)
	at sun.reflect.NativeMethodAccessorImpl.invoke0(Native Method)
	at sun.reflect.NativeMethodAccessorImpl.invoke(NativeMethodAccessorImpl.java:62)
	at sun.reflect.DelegatingMethodAccessorImpl.invoke(DelegatingMethodAccessorImpl.java:43)
	at java.lang.reflect.Method.invoke(Method.java:498)
	at org.springframework.beans.factory.support.SimpleInstantiationStrategy.instantiate(SimpleInstantiationStrategy.java:162)
	... 53 common frames omitted
Caused by: org.apache.ibatis.builder.BuilderException: Error parsing Mapper XML. Cause: org.apache.ibatis.builder.BuilderException: Error resolving class. Cause: org.apache.ibatis.type.TypeException: Could not resolve type alias 'com._520it.p2p.domain.User'.  Cause: java.lang.ClassNotFoundException: Cannot find class: com._520it.p2p.domain.User
	at org.apache.ibatis.builder.xml.XMLMapperBuilder.configurationElement(XMLMapperBuilder.java:120)
	at org.apache.ibatis.builder.xml.XMLMapperBuilder.parse(XMLMapperBuilder.java:92)
	at org.mybatis.spring.SqlSessionFactoryBean.buildSqlSessionFactory(SqlSessionFactoryBean.java:521)
	... 66 common frames omitted
Caused by: org.apache.ibatis.builder.BuilderException: Error resolving class. Cause: org.apache.ibatis.type.TypeException: Could not resolve type alias 'com._520it.p2p.domain.User'.  Cause: java.lang.ClassNotFoundException: Cannot find class: com._520it.p2p.domain.User
	at org.apache.ibatis.builder.BaseBuilder.resolveClass(BaseBuilder.java:118)
	at org.apache.ibatis.builder.xml.XMLStatementBuilder.parseStatementNode(XMLStatementBuilder.java:74)
	at org.apache.ibatis.builder.xml.XMLMapperBuilder.buildStatementFromContext(XMLMapperBuilder.java:135)
	at org.apache.ibatis.builder.xml.XMLMapperBuilder.buildStatementFromContext(XMLMapperBuilder.java:128)
	at org.apache.ibatis.builder.xml.XMLMapperBuilder.configurationElement(XMLMapperBuilder.java:118)
	... 68 common frames omitted
Caused by: org.apache.ibatis.type.TypeException: Could not resolve type alias 'com._520it.p2p.domain.User'.  Cause: java.lang.ClassNotFoundException: Cannot find class: com._520it.p2p.domain.User
	at org.apache.ibatis.type.TypeAliasRegistry.resolveAlias(TypeAliasRegistry.java:120)
	at org.apache.ibatis.builder.BaseBuilder.resolveAlias(BaseBuilder.java:149)
	at org.apache.ibatis.builder.BaseBuilder.resolveClass(BaseBuilder.java:116)
	... 72 common frames omitted
Caused by: java.lang.ClassNotFoundException: Cannot find class: com._520it.p2p.domain.User
	at org.apache.ibatis.io.ClassLoaderWrapper.classForName(ClassLoaderWrapper.java:200)
	at org.apache.ibatis.io.ClassLoaderWrapper.classForName(ClassLoaderWrapper.java:89)
	at org.apache.ibatis.io.Resources.classForName(Resources.java:261)
	at org.apache.ibatis.type.TypeAliasRegistry.resolveAlias(TypeAliasRegistry.java:116)
	... 74 common frames omitted
4131 [main] WARN  o.s.b.a.f.FreeMarkerAutoConfiguration - Cannot find template location(s): [classpath:/templates/] (please add some templates, check your FreeMarker configuration, or set spring.freemarker.checkTemplateLocation=false)
4422 [main] DEBUG o.s.s.c.a.a.c.AuthenticationConfiguration$EnableGlobalAuthenticationAutowiredConfigurer - Eagerly initializing {org.springframework.boot.autoconfigure.security.SpringBootWebSecurityConfiguration=org.springframework.boot.autoconfigure.security.SpringBootWebSecurityConfiguration$$EnhancerBySpringCGLIB$$63b62c76@6744707b}
4447 [main] INFO  o.s.s.w.DefaultSecurityFilterChain - Creating filter chain: OrRequestMatcher [requestMatchers=[Ant [pattern='/css/**'], Ant [pattern='/js/**'], Ant [pattern='/images/**'], Ant [pattern='/webjars/**'], Ant [pattern='/**/favicon.ico'], Ant [pattern='/error']]], []
4534 [main] DEBUG o.s.s.w.a.e.ExpressionBasedFilterInvocationSecurityMetadataSource - Adding web access control expression 'permitAll', for ExactUrl [processUrl='/login?error']
4535 [main] DEBUG o.s.s.w.a.e.ExpressionBasedFilterInvocationSecurityMetadataSource - Adding web access control expression 'permitAll', for ExactUrl [processUrl='/login']
4535 [main] DEBUG o.s.s.w.a.e.ExpressionBasedFilterInvocationSecurityMetadataSource - Adding web access control expression 'permitAll', for ExactUrl [processUrl='/login']
4535 [main] DEBUG o.s.s.w.a.e.ExpressionBasedFilterInvocationSecurityMetadataSource - Adding web access control expression 'permitAll', for Ant [pattern='/logout', POST]
4535 [main] DEBUG o.s.s.w.a.e.ExpressionBasedFilterInvocationSecurityMetadataSource - Adding web access control expression 'permitAll', for ExactUrl [processUrl='/login?logout']
4535 [main] DEBUG o.s.s.w.a.e.ExpressionBasedFilterInvocationSecurityMetadataSource - Adding web access control expression 'permitAll', for Ant [pattern='/wechat']
4535 [main] DEBUG o.s.s.w.a.e.ExpressionBasedFilterInvocationSecurityMetadataSource - Adding web access control expression 'authenticated', for org.springframework.security.web.util.matcher.AnyRequestMatcher@1
4547 [main] DEBUG o.s.s.w.a.i.FilterSecurityInterceptor - Validated configuration attributes
4548 [main] DEBUG o.s.s.w.a.i.FilterSecurityInterceptor - Validated configuration attributes
4565 [main] INFO  o.s.s.w.DefaultSecurityFilterChain - Creating filter chain: org.springframework.security.web.util.matcher.AnyRequestMatcher@1, [org.springframework.security.web.context.request.async.WebAsyncManagerIntegrationFilter@1144a02b, org.springframework.security.web.context.SecurityContextPersistenceFilter@677349fb, org.springframework.security.web.header.HeaderWriterFilter@5e99e2cb, org.springframework.security.web.csrf.CsrfFilter@1e92c3b6, org.springframework.security.web.authentication.logout.LogoutFilter@4a1dda83, org.springframework.security.web.authentication.UsernamePasswordAuthenticationFilter@11826398, org.springframework.security.web.savedrequest.RequestCacheAwareFilter@2c60ce47, org.springframework.security.web.servletapi.SecurityContextHolderAwareRequestFilter@734ce281, org.springframework.security.web.authentication.AnonymousAuthenticationFilter@26a4f9ed, org.springframework.security.web.session.SessionManagementFilter@f559c74, org.springframework.security.web.access.ExceptionTranslationFilter@4d7cac24, org.springframework.security.web.access.intercept.FilterSecurityInterceptor@7ac48f05]
4579 [main] DEBUG o.s.s.w.a.e.ExpressionBasedFilterInvocationSecurityMetadataSource - Adding web access control expression 'hasAnyRole('ROLE_USER')', for org.springframework.security.web.util.matcher.AnyRequestMatcher@1
4581 [main] DEBUG o.s.s.w.a.i.FilterSecurityInterceptor - Validated configuration attributes
4582 [main] DEBUG o.s.s.w.a.i.FilterSecurityInterceptor - Validated configuration attributes
4582 [main] INFO  o.s.s.w.DefaultSecurityFilterChain - Creating filter chain: OrRequestMatcher [requestMatchers=[Ant [pattern='/**']]], [org.springframework.security.web.context.request.async.WebAsyncManagerIntegrationFilter@5c82031b, org.springframework.security.web.context.SecurityContextPersistenceFilter@681de87f, org.springframework.security.web.header.HeaderWriterFilter@7ddeb27f, org.springframework.security.web.authentication.logout.LogoutFilter@7ae590f6, org.springframework.security.web.authentication.www.BasicAuthenticationFilter@7ab63838, org.springframework.security.web.savedrequest.RequestCacheAwareFilter@2eb1c615, org.springframework.security.web.servletapi.SecurityContextHolderAwareRequestFilter@2674d4f6, org.springframework.security.web.authentication.AnonymousAuthenticationFilter@274fdea6, org.springframework.security.web.session.SessionManagementFilter@38087342, org.springframework.security.web.access.ExceptionTranslationFilter@5c234920, org.springframework.security.web.access.intercept.FilterSecurityInterceptor@3f6c2763]
4248 [main] DEBUG o.s.s.c.a.a.c.AuthenticationConfiguration$EnableGlobalAuthenticationAutowiredConfigurer - Eagerly initializing {org.springframework.boot.autoconfigure.security.SpringBootWebSecurityConfiguration=org.springframework.boot.autoconfigure.security.SpringBootWebSecurityConfiguration$$EnhancerBySpringCGLIB$$55518bc9@3cc9632d}
4261 [main] INFO  o.s.s.w.DefaultSecurityFilterChain - Creating filter chain: OrRequestMatcher [requestMatchers=[Ant [pattern='/css/**'], Ant [pattern='/js/**'], Ant [pattern='/images/**'], Ant [pattern='/webjars/**'], Ant [pattern='/**/favicon.ico'], Ant [pattern='/error']]], []
4321 [main] DEBUG o.s.s.w.a.e.ExpressionBasedFilterInvocationSecurityMetadataSource - Adding web access control expression 'permitAll', for ExactUrl [processUrl='/login?error']
4322 [main] DEBUG o.s.s.w.a.e.ExpressionBasedFilterInvocationSecurityMetadataSource - Adding web access control expression 'permitAll', for ExactUrl [processUrl='/login']
4322 [main] DEBUG o.s.s.w.a.e.ExpressionBasedFilterInvocationSecurityMetadataSource - Adding web access control expression 'permitAll', for ExactUrl [processUrl='/login']
4322 [main] DEBUG o.s.s.w.a.e.ExpressionBasedFilterInvocationSecurityMetadataSource - Adding web access control expression 'permitAll', for Ant [pattern='/logout', POST]
4322 [main] DEBUG o.s.s.w.a.e.ExpressionBasedFilterInvocationSecurityMetadataSource - Adding web access control expression 'permitAll', for ExactUrl [processUrl='/login?logout']
4322 [main] DEBUG o.s.s.w.a.e.ExpressionBasedFilterInvocationSecurityMetadataSource - Adding web access control expression 'permitAll', for Ant [pattern='/wechat']
4322 [main] DEBUG o.s.s.w.a.e.ExpressionBasedFilterInvocationSecurityMetadataSource - Adding web access control expression 'authenticated', for org.springframework.security.web.util.matcher.AnyRequestMatcher@1
4329 [main] DEBUG o.s.s.w.a.i.FilterSecurityInterceptor - Validated configuration attributes
4330 [main] DEBUG o.s.s.w.a.i.FilterSecurityInterceptor - Validated configuration attributes
4339 [main] INFO  o.s.s.w.DefaultSecurityFilterChain - Creating filter chain: org.springframework.security.web.util.matcher.AnyRequestMatcher@1, [org.springframework.security.web.context.request.async.WebAsyncManagerIntegrationFilter@760f1081, org.springframework.security.web.context.SecurityContextPersistenceFilter@2f15a964, org.springframework.security.web.header.HeaderWriterFilter@414b2df5, org.springframework.security.web.csrf.CsrfFilter@283ab206, org.springframework.security.web.authentication.logout.LogoutFilter@2aa5bd48, org.springframework.security.web.authentication.UsernamePasswordAuthenticationFilter@5345dfe8, org.springframework.security.web.savedrequest.RequestCacheAwareFilter@2d70f312, org.springframework.security.web.servletapi.SecurityContextHolderAwareRequestFilter@21f9c6ea, org.springframework.security.web.authentication.AnonymousAuthenticationFilter@52621501, org.springframework.security.web.session.SessionManagementFilter@1b30a54e, org.springframework.security.web.access.ExceptionTranslationFilter@4db0ba1c, org.springframework.security.web.access.intercept.FilterSecurityInterceptor@2450256f]
4349 [main] DEBUG o.s.s.w.a.e.ExpressionBasedFilterInvocationSecurityMetadataSource - Adding web access control expression 'hasAnyRole('ROLE_USER')', for org.springframework.security.web.util.matcher.AnyRequestMatcher@1
4351 [main] DEBUG o.s.s.w.a.i.FilterSecurityInterceptor - Validated configuration attributes
4351 [main] DEBUG o.s.s.w.a.i.FilterSecurityInterceptor - Validated configuration attributes
4351 [main] INFO  o.s.s.w.DefaultSecurityFilterChain - Creating filter chain: OrRequestMatcher [requestMatchers=[Ant [pattern='/**']]], [org.springframework.security.web.context.request.async.WebAsyncManagerIntegrationFilter@267891bf, org.springframework.security.web.context.SecurityContextPersistenceFilter@3915e7c3, org.springframework.security.web.header.HeaderWriterFilter@105db94d, org.springframework.security.web.authentication.logout.LogoutFilter@440ef8d, org.springframework.security.web.authentication.www.BasicAuthenticationFilter@17fbfb02, org.springframework.security.web.savedrequest.RequestCacheAwareFilter@167a21b, org.springframework.security.web.servletapi.SecurityContextHolderAwareRequestFilter@7c0df4ab, org.springframework.security.web.authentication.AnonymousAuthenticationFilter@3a109ff7, org.springframework.security.web.session.SessionManagementFilter@1d99ee1b, org.springframework.security.web.access.ExceptionTranslationFilter@70091872, org.springframework.security.web.access.intercept.FilterSecurityInterceptor@2b441e56]
4309 [main] DEBUG o.s.s.c.a.a.c.AuthenticationConfiguration$EnableGlobalAuthenticationAutowiredConfigurer - Eagerly initializing {org.springframework.boot.autoconfigure.security.SpringBootWebSecurityConfiguration=org.springframework.boot.autoconfigure.security.SpringBootWebSecurityConfiguration$$EnhancerBySpringCGLIB$$18b92e9b@1be52861}
4324 [main] INFO  o.s.s.w.DefaultSecurityFilterChain - Creating filter chain: OrRequestMatcher [requestMatchers=[Ant [pattern='/css/**'], Ant [pattern='/js/**'], Ant [pattern='/images/**'], Ant [pattern='/webjars/**'], Ant [pattern='/**/favicon.ico'], Ant [pattern='/error']]], []
4380 [main] DEBUG o.s.s.w.a.e.ExpressionBasedFilterInvocationSecurityMetadataSource - Adding web access control expression 'permitAll', for ExactUrl [processUrl='/login?error']
4381 [main] DEBUG o.s.s.w.a.e.ExpressionBasedFilterInvocationSecurityMetadataSource - Adding web access control expression 'permitAll', for ExactUrl [processUrl='/login']
4382 [main] DEBUG o.s.s.w.a.e.ExpressionBasedFilterInvocationSecurityMetadataSource - Adding web access control expression 'permitAll', for ExactUrl [processUrl='/login']
4382 [main] DEBUG o.s.s.w.a.e.ExpressionBasedFilterInvocationSecurityMetadataSource - Adding web access control expression 'permitAll', for Ant [pattern='/logout', POST]
4382 [main] DEBUG o.s.s.w.a.e.ExpressionBasedFilterInvocationSecurityMetadataSource - Adding web access control expression 'permitAll', for ExactUrl [processUrl='/login?logout']
4382 [main] DEBUG o.s.s.w.a.e.ExpressionBasedFilterInvocationSecurityMetadataSource - Adding web access control expression 'permitAll', for Ant [pattern='/wechat']
4382 [main] DEBUG o.s.s.w.a.e.ExpressionBasedFilterInvocationSecurityMetadataSource - Adding web access control expression 'authenticated', for org.springframework.security.web.util.matcher.AnyRequestMatcher@1
4389 [main] DEBUG o.s.s.w.a.i.FilterSecurityInterceptor - Validated configuration attributes
4390 [main] DEBUG o.s.s.w.a.i.FilterSecurityInterceptor - Validated configuration attributes
4398 [main] INFO  o.s.s.w.DefaultSecurityFilterChain - Creating filter chain: org.springframework.security.web.util.matcher.AnyRequestMatcher@1, [org.springframework.security.web.context.request.async.WebAsyncManagerIntegrationFilter@61a87366, org.springframework.security.web.context.SecurityContextPersistenceFilter@418f0534, org.springframework.security.web.header.HeaderWriterFilter@79ab97fd, org.springframework.security.web.csrf.CsrfFilter@782fd504, org.springframework.security.web.authentication.logout.LogoutFilter@2ec85a25, org.springframework.security.web.authentication.UsernamePasswordAuthenticationFilter@14457a95, org.springframework.security.web.savedrequest.RequestCacheAwareFilter@7c9beb51, org.springframework.security.web.servletapi.SecurityContextHolderAwareRequestFilter@3030836d, org.springframework.security.web.authentication.AnonymousAuthenticationFilter@3c33fcf8, org.springframework.security.web.session.SessionManagementFilter@5fe46d52, org.springframework.security.web.access.ExceptionTranslationFilter@4ea1aa52, org.springframework.security.web.access.intercept.FilterSecurityInterceptor@478967eb]
4410 [main] DEBUG o.s.s.w.a.e.ExpressionBasedFilterInvocationSecurityMetadataSource - Adding web access control expression 'hasAnyRole('ROLE_USER')', for org.springframework.security.web.util.matcher.AnyRequestMatcher@1
4412 [main] DEBUG o.s.s.w.a.i.FilterSecurityInterceptor - Validated configuration attributes
4412 [main] DEBUG o.s.s.w.a.i.FilterSecurityInterceptor - Validated configuration attributes
4412 [main] INFO  o.s.s.w.DefaultSecurityFilterChain - Creating filter chain: OrRequestMatcher [requestMatchers=[Ant [pattern='/**']]], [org.springframework.security.web.context.request.async.WebAsyncManagerIntegrationFilter@9263c54, org.springframework.security.web.context.SecurityContextPersistenceFilter@5e9bf744, org.springframework.security.web.header.HeaderWriterFilter@24e5389c, org.springframework.security.web.authentication.logout.LogoutFilter@54326e9, org.springframework.security.web.authentication.www.BasicAuthenticationFilter@20216016, org.springframework.security.web.savedrequest.RequestCacheAwareFilter@45e140ae, org.springframework.security.web.servletapi.SecurityContextHolderAwareRequestFilter@48cdb156, org.springframework.security.web.authentication.AnonymousAuthenticationFilter@28daf506, org.springframework.security.web.session.SessionManagementFilter@3b170235, org.springframework.security.web.access.ExceptionTranslationFilter@6c8efde4, org.springframework.security.web.access.intercept.FilterSecurityInterceptor@6818fd48]
4260 [main] DEBUG o.s.s.c.a.a.c.AuthenticationConfiguration$EnableGlobalAuthenticationAutowiredConfigurer - Eagerly initializing {org.springframework.boot.autoconfigure.security.SpringBootWebSecurityConfiguration=org.springframework.boot.autoconfigure.security.SpringBootWebSecurityConfiguration$$EnhancerBySpringCGLIB$$c5ced745@72af90e8}
4272 [main] INFO  o.s.s.w.DefaultSecurityFilterChain - Creating filter chain: OrRequestMatcher [requestMatchers=[Ant [pattern='/css/**'], Ant [pattern='/js/**'], Ant [pattern='/images/**'], Ant [pattern='/webjars/**'], Ant [pattern='/**/favicon.ico'], Ant [pattern='/error']]], []
4330 [main] DEBUG o.s.s.w.a.e.ExpressionBasedFilterInvocationSecurityMetadataSource - Adding web access control expression 'permitAll', for ExactUrl [processUrl='/login?error']
4331 [main] DEBUG o.s.s.w.a.e.ExpressionBasedFilterInvocationSecurityMetadataSource - Adding web access control expression 'permitAll', for ExactUrl [processUrl='/login']
4332 [main] DEBUG o.s.s.w.a.e.ExpressionBasedFilterInvocationSecurityMetadataSource - Adding web access control expression 'permitAll', for ExactUrl [processUrl='/login']
4332 [main] DEBUG o.s.s.w.a.e.ExpressionBasedFilterInvocationSecurityMetadataSource - Adding web access control expression 'permitAll', for Ant [pattern='/logout', POST]
4332 [main] DEBUG o.s.s.w.a.e.ExpressionBasedFilterInvocationSecurityMetadataSource - Adding web access control expression 'permitAll', for ExactUrl [processUrl='/login?logout']
4332 [main] DEBUG o.s.s.w.a.e.ExpressionBasedFilterInvocationSecurityMetadataSource - Adding web access control expression 'permitAll', for Ant [pattern='/wechat']
4332 [main] DEBUG o.s.s.w.a.e.ExpressionBasedFilterInvocationSecurityMetadataSource - Adding web access control expression 'authenticated', for org.springframework.security.web.util.matcher.AnyRequestMatcher@1
4340 [main] DEBUG o.s.s.w.a.i.FilterSecurityInterceptor - Validated configuration attributes
4340 [main] DEBUG o.s.s.w.a.i.FilterSecurityInterceptor - Validated configuration attributes
4349 [main] INFO  o.s.s.w.DefaultSecurityFilterChain - Creating filter chain: org.springframework.security.web.util.matcher.AnyRequestMatcher@1, [org.springframework.security.web.context.request.async.WebAsyncManagerIntegrationFilter@49b89425, org.springframework.security.web.context.SecurityContextPersistenceFilter@1d91fa02, org.springframework.security.web.header.HeaderWriterFilter@569348e1, org.springframework.security.web.csrf.CsrfFilter@38cfecf3, org.springframework.security.web.authentication.logout.LogoutFilter@5fe46d52, org.springframework.security.web.authentication.UsernamePasswordAuthenticationFilter@24197b13, org.springframework.security.web.savedrequest.RequestCacheAwareFilter@414b2df5, org.springframework.security.web.servletapi.SecurityContextHolderAwareRequestFilter@4ea1aa52, org.springframework.security.web.authentication.AnonymousAuthenticationFilter@59328218, org.springframework.security.web.session.SessionManagementFilter@407b8435, org.springframework.security.web.access.ExceptionTranslationFilter@1537c744, org.springframework.security.web.access.intercept.FilterSecurityInterceptor@76ac68b0]
4360 [main] DEBUG o.s.s.w.a.e.ExpressionBasedFilterInvocationSecurityMetadataSource - Adding web access control expression 'hasAnyRole('ROLE_USER')', for org.springframework.security.web.util.matcher.AnyRequestMatcher@1
4362 [main] DEBUG o.s.s.w.a.i.FilterSecurityInterceptor - Validated configuration attributes
4362 [main] DEBUG o.s.s.w.a.i.FilterSecurityInterceptor - Validated configuration attributes
4362 [main] INFO  o.s.s.w.DefaultSecurityFilterChain - Creating filter chain: OrRequestMatcher [requestMatchers=[Ant [pattern='/**']]], [org.springframework.security.web.context.request.async.WebAsyncManagerIntegrationFilter@45e140ae, org.springframework.security.web.context.SecurityContextPersistenceFilter@3c33fcf8, org.springframework.security.web.header.HeaderWriterFilter@1abcd059, org.springframework.security.web.authentication.logout.LogoutFilter@105db94d, org.springframework.security.web.authentication.www.BasicAuthenticationFilter@1d99ee1b, org.springframework.security.web.savedrequest.RequestCacheAwareFilter@dada335, org.springframework.security.web.servletapi.SecurityContextHolderAwareRequestFilter@716f94c1, org.springframework.security.web.authentication.AnonymousAuthenticationFilter@48cdb156, org.springframework.security.web.session.SessionManagementFilter@61a87366, org.springframework.security.web.access.ExceptionTranslationFilter@259287ac, org.springframework.security.web.access.intercept.FilterSecurityInterceptor@5e9bf744]
4532 [main] DEBUG o.s.s.c.a.a.c.AuthenticationConfiguration$EnableGlobalAuthenticationAutowiredConfigurer - Eagerly initializing {org.springframework.boot.autoconfigure.security.SpringBootWebSecurityConfiguration=org.springframework.boot.autoconfigure.security.SpringBootWebSecurityConfiguration$$EnhancerBySpringCGLIB$$fc9bd01a@49491770}
4549 [main] INFO  o.s.s.w.DefaultSecurityFilterChain - Creating filter chain: OrRequestMatcher [requestMatchers=[Ant [pattern='/css/**'], Ant [pattern='/js/**'], Ant [pattern='/images/**'], Ant [pattern='/webjars/**'], Ant [pattern='/**/favicon.ico'], Ant [pattern='/error']]], []
4619 [main] DEBUG o.s.s.w.a.e.ExpressionBasedFilterInvocationSecurityMetadataSource - Adding web access control expression 'permitAll', for ExactUrl [processUrl='/login?error']
4621 [main] DEBUG o.s.s.w.a.e.ExpressionBasedFilterInvocationSecurityMetadataSource - Adding web access control expression 'permitAll', for ExactUrl [processUrl='/login']
4621 [main] DEBUG o.s.s.w.a.e.ExpressionBasedFilterInvocationSecurityMetadataSource - Adding web access control expression 'permitAll', for ExactUrl [processUrl='/login']
4621 [main] DEBUG o.s.s.w.a.e.ExpressionBasedFilterInvocationSecurityMetadataSource - Adding web access control expression 'permitAll', for Ant [pattern='/logout', POST]
4621 [main] DEBUG o.s.s.w.a.e.ExpressionBasedFilterInvocationSecurityMetadataSource - Adding web access control expression 'permitAll', for ExactUrl [processUrl='/login?logout']
4621 [main] DEBUG o.s.s.w.a.e.ExpressionBasedFilterInvocationSecurityMetadataSource - Adding web access control expression 'permitAll', for Ant [pattern='/wechat']
4621 [main] DEBUG o.s.s.w.a.e.ExpressionBasedFilterInvocationSecurityMetadataSource - Adding web access control expression 'authenticated', for org.springframework.security.web.util.matcher.AnyRequestMatcher@1
4631 [main] DEBUG o.s.s.w.a.i.FilterSecurityInterceptor - Validated configuration attributes
4632 [main] DEBUG o.s.s.w.a.i.FilterSecurityInterceptor - Validated configuration attributes
4643 [main] INFO  o.s.s.w.DefaultSecurityFilterChain - Creating filter chain: org.springframework.security.web.util.matcher.AnyRequestMatcher@1, [org.springframework.security.web.context.request.async.WebAsyncManagerIntegrationFilter@24e5389c, org.springframework.security.web.context.SecurityContextPersistenceFilter@27c53c32, org.springframework.security.web.header.HeaderWriterFilter@6ed18d80, org.springframework.security.web.csrf.CsrfFilter@2d70f312, org.springframework.security.web.authentication.logout.LogoutFilter@130a6eb9, org.springframework.security.web.authentication.UsernamePasswordAuthenticationFilter@440ef8d, org.springframework.security.web.savedrequest.RequestCacheAwareFilter@6aff97d6, org.springframework.security.web.servletapi.SecurityContextHolderAwareRequestFilter@44fd7ba4, org.springframework.security.web.authentication.AnonymousAuthenticationFilter@3b170235, org.springframework.security.web.session.SessionManagementFilter@783b3aa0, org.springframework.security.web.access.ExceptionTranslationFilter@28f154cc, org.springframework.security.web.access.intercept.FilterSecurityInterceptor@dada335]
4657 [main] DEBUG o.s.s.w.a.e.ExpressionBasedFilterInvocationSecurityMetadataSource - Adding web access control expression 'hasAnyRole('ROLE_USER')', for org.springframework.security.web.util.matcher.AnyRequestMatcher@1
4659 [main] DEBUG o.s.s.w.a.i.FilterSecurityInterceptor - Validated configuration attributes
4659 [main] DEBUG o.s.s.w.a.i.FilterSecurityInterceptor - Validated configuration attributes
4659 [main] INFO  o.s.s.w.DefaultSecurityFilterChain - Creating filter chain: OrRequestMatcher [requestMatchers=[Ant [pattern='/**']]], [org.springframework.security.web.context.request.async.WebAsyncManagerIntegrationFilter@17216605, org.springframework.security.web.context.SecurityContextPersistenceFilter@1cde374, org.springframework.security.web.header.HeaderWriterFilter@5a47730c, org.springframework.security.web.authentication.logout.LogoutFilter@693f2213, org.springframework.security.web.authentication.www.BasicAuthenticationFilter@514377fc, org.springframework.security.web.savedrequest.RequestCacheAwareFilter@6818fd48, org.springframework.security.web.servletapi.SecurityContextHolderAwareRequestFilter@9263c54, org.springframework.security.web.authentication.AnonymousAuthenticationFilter@10a907ec, org.springframework.security.web.session.SessionManagementFilter@15369d73, org.springframework.security.web.access.ExceptionTranslationFilter@25699aa7, org.springframework.security.web.access.intercept.FilterSecurityInterceptor@4e48462d]
2885 [restartedMain] DEBUG o.s.s.c.a.a.c.AuthenticationConfiguration$EnableGlobalAuthenticationAutowiredConfigurer - Eagerly initializing {org.springframework.boot.autoconfigure.security.SpringBootWebSecurityConfiguration=org.springframework.boot.autoconfigure.security.SpringBootWebSecurityConfiguration$$EnhancerBySpringCGLIB$$693d5cf5@15d3f8e0}
2894 [restartedMain] INFO  o.s.s.w.DefaultSecurityFilterChain - Creating filter chain: OrRequestMatcher [requestMatchers=[Ant [pattern='/css/**'], Ant [pattern='/js/**'], Ant [pattern='/images/**'], Ant [pattern='/webjars/**'], Ant [pattern='/**/favicon.ico'], Ant [pattern='/error']]], []
2932 [restartedMain] DEBUG o.s.s.w.a.e.ExpressionBasedFilterInvocationSecurityMetadataSource - Adding web access control expression 'permitAll', for ExactUrl [processUrl='/login?error']
2934 [restartedMain] DEBUG o.s.s.w.a.e.ExpressionBasedFilterInvocationSecurityMetadataSource - Adding web access control expression 'permitAll', for ExactUrl [processUrl='/login']
2934 [restartedMain] DEBUG o.s.s.w.a.e.ExpressionBasedFilterInvocationSecurityMetadataSource - Adding web access control expression 'permitAll', for ExactUrl [processUrl='/login']
2934 [restartedMain] DEBUG o.s.s.w.a.e.ExpressionBasedFilterInvocationSecurityMetadataSource - Adding web access control expression 'permitAll', for Ant [pattern='/logout', POST]
2934 [restartedMain] DEBUG o.s.s.w.a.e.ExpressionBasedFilterInvocationSecurityMetadataSource - Adding web access control expression 'permitAll', for ExactUrl [processUrl='/login?logout']
2935 [restartedMain] DEBUG o.s.s.w.a.e.ExpressionBasedFilterInvocationSecurityMetadataSource - Adding web access control expression 'permitAll', for Ant [pattern='/']
2935 [restartedMain] DEBUG o.s.s.w.a.e.ExpressionBasedFilterInvocationSecurityMetadataSource - Adding web access control expression 'authenticated', for org.springframework.security.web.util.matcher.AnyRequestMatcher@1
2939 [restartedMain] DEBUG o.s.s.w.a.i.FilterSecurityInterceptor - Validated configuration attributes
2939 [restartedMain] DEBUG o.s.s.w.a.i.FilterSecurityInterceptor - Validated configuration attributes
2946 [restartedMain] INFO  o.s.s.w.DefaultSecurityFilterChain - Creating filter chain: org.springframework.security.web.util.matcher.AnyRequestMatcher@1, [org.springframework.security.web.context.request.async.WebAsyncManagerIntegrationFilter@62dde617, org.springframework.security.web.context.SecurityContextPersistenceFilter@7b8b34fb, org.springframework.security.web.header.HeaderWriterFilter@3f2b89e8, org.springframework.security.web.csrf.CsrfFilter@7b830c73, org.springframework.security.web.authentication.logout.LogoutFilter@36687774, org.springframework.security.web.authentication.UsernamePasswordAuthenticationFilter@1187dcda, org.springframework.security.web.savedrequest.RequestCacheAwareFilter@60914eac, org.springframework.security.web.servletapi.SecurityContextHolderAwareRequestFilter@378a986b, org.springframework.security.web.authentication.AnonymousAuthenticationFilter@62b38b53, org.springframework.security.web.session.SessionManagementFilter@3960549a, org.springframework.security.web.access.ExceptionTranslationFilter@75e4f087, org.springframework.security.web.access.intercept.FilterSecurityInterceptor@5bbae546]
2952 [restartedMain] DEBUG o.s.s.w.a.e.ExpressionBasedFilterInvocationSecurityMetadataSource - Adding web access control expression 'hasAnyRole('ROLE_USER')', for org.springframework.security.web.util.matcher.AnyRequestMatcher@1
2953 [restartedMain] DEBUG o.s.s.w.a.i.FilterSecurityInterceptor - Validated configuration attributes
2953 [restartedMain] DEBUG o.s.s.w.a.i.FilterSecurityInterceptor - Validated configuration attributes
2953 [restartedMain] INFO  o.s.s.w.DefaultSecurityFilterChain - Creating filter chain: OrRequestMatcher [requestMatchers=[Ant [pattern='/**']]], [org.springframework.security.web.context.request.async.WebAsyncManagerIntegrationFilter@3cb081d3, org.springframework.security.web.context.SecurityContextPersistenceFilter@393803dc, org.springframework.security.web.header.HeaderWriterFilter@3b8723de, org.springframework.security.web.authentication.logout.LogoutFilter@f1b7bcc, org.springframework.security.web.authentication.www.BasicAuthenticationFilter@6710f889, org.springframework.security.web.savedrequest.RequestCacheAwareFilter@24b287dc, org.springframework.security.web.servletapi.SecurityContextHolderAwareRequestFilter@26a9d947, org.springframework.security.web.authentication.AnonymousAuthenticationFilter@63100a1, org.springframework.security.web.session.SessionManagementFilter@7cc39e47, org.springframework.security.web.access.ExceptionTranslationFilter@d720cb3, org.springframework.security.web.access.intercept.FilterSecurityInterceptor@5e24b9cd]
50314 [http-nio-8080-exec-1] DEBUG o.s.s.w.u.matcher.OrRequestMatcher - Trying to match using Ant [pattern='/css/**']
50314 [http-nio-8080-exec-1] DEBUG o.s.s.w.u.m.AntPathRequestMatcher - Checking match of request : '/login'; against '/css/**'
50314 [http-nio-8080-exec-1] DEBUG o.s.s.w.u.matcher.OrRequestMatcher - Trying to match using Ant [pattern='/js/**']
50314 [http-nio-8080-exec-1] DEBUG o.s.s.w.u.m.AntPathRequestMatcher - Checking match of request : '/login'; against '/js/**'
50315 [http-nio-8080-exec-1] DEBUG o.s.s.w.u.matcher.OrRequestMatcher - Trying to match using Ant [pattern='/images/**']
50315 [http-nio-8080-exec-1] DEBUG o.s.s.w.u.m.AntPathRequestMatcher - Checking match of request : '/login'; against '/images/**'
50315 [http-nio-8080-exec-1] DEBUG o.s.s.w.u.matcher.OrRequestMatcher - Trying to match using Ant [pattern='/webjars/**']
50315 [http-nio-8080-exec-1] DEBUG o.s.s.w.u.m.AntPathRequestMatcher - Checking match of request : '/login'; against '/webjars/**'
50315 [http-nio-8080-exec-1] DEBUG o.s.s.w.u.matcher.OrRequestMatcher - Trying to match using Ant [pattern='/**/favicon.ico']
50315 [http-nio-8080-exec-1] DEBUG o.s.s.w.u.m.AntPathRequestMatcher - Checking match of request : '/login'; against '/**/favicon.ico'
50315 [http-nio-8080-exec-1] DEBUG o.s.s.w.u.matcher.OrRequestMatcher - Trying to match using Ant [pattern='/error']
50315 [http-nio-8080-exec-1] DEBUG o.s.s.w.u.m.AntPathRequestMatcher - Checking match of request : '/login'; against '/error'
50315 [http-nio-8080-exec-1] DEBUG o.s.s.w.u.matcher.OrRequestMatcher - No matches found
50315 [http-nio-8080-exec-1] DEBUG o.s.security.web.FilterChainProxy - /login at position 1 of 12 in additional filter chain; firing Filter: 'WebAsyncManagerIntegrationFilter'
50316 [http-nio-8080-exec-1] DEBUG o.s.security.web.FilterChainProxy - /login at position 2 of 12 in additional filter chain; firing Filter: 'SecurityContextPersistenceFilter'
50316 [http-nio-8080-exec-1] DEBUG o.s.s.w.c.HttpSessionSecurityContextRepository - No HttpSession currently exists
50316 [http-nio-8080-exec-1] DEBUG o.s.s.w.c.HttpSessionSecurityContextRepository - No SecurityContext was available from the HttpSession: null. A new one will be created.
50317 [http-nio-8080-exec-1] DEBUG o.s.security.web.FilterChainProxy - /login at position 3 of 12 in additional filter chain; firing Filter: 'HeaderWriterFilter'
50318 [http-nio-8080-exec-1] DEBUG o.s.s.w.h.writers.HstsHeaderWriter - Not injecting HSTS header since it did not match the requestMatcher org.springframework.security.web.header.writers.HstsHeaderWriter$SecureRequestMatcher@74ab9304
50318 [http-nio-8080-exec-1] DEBUG o.s.security.web.FilterChainProxy - /login at position 4 of 12 in additional filter chain; firing Filter: 'CsrfFilter'
50319 [http-nio-8080-exec-1] DEBUG o.s.security.web.FilterChainProxy - /login at position 5 of 12 in additional filter chain; firing Filter: 'LogoutFilter'
50319 [http-nio-8080-exec-1] DEBUG o.s.s.w.u.m.AntPathRequestMatcher - Request 'GET /login' doesn't match 'POST /logout
50319 [http-nio-8080-exec-1] DEBUG o.s.security.web.FilterChainProxy - /login at position 6 of 12 in additional filter chain; firing Filter: 'UsernamePasswordAuthenticationFilter'
50319 [http-nio-8080-exec-1] DEBUG o.s.s.w.u.m.AntPathRequestMatcher - Request 'GET /login' doesn't match 'POST /login
50319 [http-nio-8080-exec-1] DEBUG o.s.security.web.FilterChainProxy - /login at position 7 of 12 in additional filter chain; firing Filter: 'RequestCacheAwareFilter'
50319 [http-nio-8080-exec-1] DEBUG o.s.security.web.FilterChainProxy - /login at position 8 of 12 in additional filter chain; firing Filter: 'SecurityContextHolderAwareRequestFilter'
50319 [http-nio-8080-exec-1] DEBUG o.s.security.web.FilterChainProxy - /login at position 9 of 12 in additional filter chain; firing Filter: 'AnonymousAuthenticationFilter'
50320 [http-nio-8080-exec-1] DEBUG o.s.s.w.a.AnonymousAuthenticationFilter - Populated SecurityContextHolder with anonymous token: 'org.springframework.security.authentication.AnonymousAuthenticationToken@9055c2bc: Principal: anonymousUser; Credentials: [PROTECTED]; Authenticated: true; Details: org.springframework.security.web.authentication.WebAuthenticationDetails@b364: RemoteIpAddress: 0:0:0:0:0:0:0:1; SessionId: null; Granted Authorities: ROLE_ANONYMOUS'
50320 [http-nio-8080-exec-1] DEBUG o.s.security.web.FilterChainProxy - /login at position 10 of 12 in additional filter chain; firing Filter: 'SessionManagementFilter'
50320 [http-nio-8080-exec-1] DEBUG o.s.s.w.s.SessionManagementFilter - Requested session ID EB0F89661A6709572DB03C285FF4743E is invalid.
50320 [http-nio-8080-exec-1] DEBUG o.s.security.web.FilterChainProxy - /login at position 11 of 12 in additional filter chain; firing Filter: 'ExceptionTranslationFilter'
50320 [http-nio-8080-exec-1] DEBUG o.s.security.web.FilterChainProxy - /login at position 12 of 12 in additional filter chain; firing Filter: 'FilterSecurityInterceptor'
50320 [http-nio-8080-exec-1] DEBUG o.s.s.w.a.i.FilterSecurityInterceptor - Secure object: FilterInvocation: URL: /login; Attributes: [permitAll]
50321 [http-nio-8080-exec-1] DEBUG o.s.s.w.a.i.FilterSecurityInterceptor - Previously Authenticated: org.springframework.security.authentication.AnonymousAuthenticationToken@9055c2bc: Principal: anonymousUser; Credentials: [PROTECTED]; Authenticated: true; Details: org.springframework.security.web.authentication.WebAuthenticationDetails@b364: RemoteIpAddress: 0:0:0:0:0:0:0:1; SessionId: null; Granted Authorities: ROLE_ANONYMOUS
50357 [http-nio-8080-exec-1] DEBUG o.s.s.access.vote.AffirmativeBased - Voter: org.springframework.security.web.access.expression.WebExpressionVoter@21e3b16c, returned: 1
50357 [http-nio-8080-exec-1] DEBUG o.s.s.w.a.i.FilterSecurityInterceptor - Authorization successful
50357 [http-nio-8080-exec-1] DEBUG o.s.s.w.a.i.FilterSecurityInterceptor - RunAsManager did not change Authentication object
50358 [http-nio-8080-exec-1] DEBUG o.s.security.web.FilterChainProxy - /login reached end of additional filter chain; proceeding with original chain
50410 [http-nio-8080-exec-1] DEBUG o.s.s.w.c.HttpSessionSecurityContextRepository - SecurityContext is empty or contents are anonymous - context will not be stored in HttpSession.
50417 [http-nio-8080-exec-1] DEBUG o.s.s.w.a.ExceptionTranslationFilter - Chain processed normally
50417 [http-nio-8080-exec-1] DEBUG o.s.s.w.c.SecurityContextPersistenceFilter - SecurityContextHolder now cleared, as request processing completed
50430 [http-nio-8080-exec-3] DEBUG o.s.s.w.u.matcher.OrRequestMatcher - Trying to match using Ant [pattern='/css/**']
50430 [http-nio-8080-exec-2] DEBUG o.s.s.w.u.matcher.OrRequestMatcher - Trying to match using Ant [pattern='/css/**']
50430 [http-nio-8080-exec-4] DEBUG o.s.s.w.u.matcher.OrRequestMatcher - Trying to match using Ant [pattern='/css/**']
50430 [http-nio-8080-exec-3] DEBUG o.s.s.w.u.m.AntPathRequestMatcher - Checking match of request : '/bootstrap/js/bootstrap.js'; against '/css/**'
50430 [http-nio-8080-exec-4] DEBUG o.s.s.w.u.m.AntPathRequestMatcher - Checking match of request : '/jquery/jquery-2.1.3.js'; against '/css/**'
50430 [http-nio-8080-exec-2] DEBUG o.s.s.w.u.m.AntPathRequestMatcher - Checking match of request : '/bootstrap/css/bootstrap.css'; against '/css/**'
50430 [http-nio-8080-exec-3] DEBUG o.s.s.w.u.matcher.OrRequestMatcher - Trying to match using Ant [pattern='/js/**']
50430 [http-nio-8080-exec-2] DEBUG o.s.s.w.u.matcher.OrRequestMatcher - Trying to match using Ant [pattern='/js/**']
50430 [http-nio-8080-exec-4] DEBUG o.s.s.w.u.matcher.OrRequestMatcher - Trying to match using Ant [pattern='/js/**']
50430 [http-nio-8080-exec-3] DEBUG o.s.s.w.u.m.AntPathRequestMatcher - Checking match of request : '/bootstrap/js/bootstrap.js'; against '/js/**'
50430 [http-nio-8080-exec-4] DEBUG o.s.s.w.u.m.AntPathRequestMatcher - Checking match of request : '/jquery/jquery-2.1.3.js'; against '/js/**'
50430 [http-nio-8080-exec-2] DEBUG o.s.s.w.u.m.AntPathRequestMatcher - Checking match of request : '/bootstrap/css/bootstrap.css'; against '/js/**'
50430 [http-nio-8080-exec-3] DEBUG o.s.s.w.u.matcher.OrRequestMatcher - Trying to match using Ant [pattern='/images/**']
50430 [http-nio-8080-exec-4] DEBUG o.s.s.w.u.matcher.OrRequestMatcher - Trying to match using Ant [pattern='/images/**']
50430 [http-nio-8080-exec-3] DEBUG o.s.s.w.u.m.AntPathRequestMatcher - Checking match of request : '/bootstrap/js/bootstrap.js'; against '/images/**'
50430 [http-nio-8080-exec-2] DEBUG o.s.s.w.u.matcher.OrRequestMatcher - Trying to match using Ant [pattern='/images/**']
50431 [http-nio-8080-exec-3] DEBUG o.s.s.w.u.matcher.OrRequestMatcher - Trying to match using Ant [pattern='/webjars/**']
50431 [http-nio-8080-exec-2] DEBUG o.s.s.w.u.m.AntPathRequestMatcher - Checking match of request : '/bootstrap/css/bootstrap.css'; against '/images/**'
50430 [http-nio-8080-exec-4] DEBUG o.s.s.w.u.m.AntPathRequestMatcher - Checking match of request : '/jquery/jquery-2.1.3.js'; against '/images/**'
50431 [http-nio-8080-exec-3] DEBUG o.s.s.w.u.m.AntPathRequestMatcher - Checking match of request : '/bootstrap/js/bootstrap.js'; against '/webjars/**'
50431 [http-nio-8080-exec-2] DEBUG o.s.s.w.u.matcher.OrRequestMatcher - Trying to match using Ant [pattern='/webjars/**']
50431 [http-nio-8080-exec-3] DEBUG o.s.s.w.u.matcher.OrRequestMatcher - Trying to match using Ant [pattern='/**/favicon.ico']
50431 [http-nio-8080-exec-4] DEBUG o.s.s.w.u.matcher.OrRequestMatcher - Trying to match using Ant [pattern='/webjars/**']
50431 [http-nio-8080-exec-4] DEBUG o.s.s.w.u.m.AntPathRequestMatcher - Checking match of request : '/jquery/jquery-2.1.3.js'; against '/webjars/**'
50431 [http-nio-8080-exec-2] DEBUG o.s.s.w.u.m.AntPathRequestMatcher - Checking match of request : '/bootstrap/css/bootstrap.css'; against '/webjars/**'
50431 [http-nio-8080-exec-3] DEBUG o.s.s.w.u.m.AntPathRequestMatcher - Checking match of request : '/bootstrap/js/bootstrap.js'; against '/**/favicon.ico'
50431 [http-nio-8080-exec-4] DEBUG o.s.s.w.u.matcher.OrRequestMatcher - Trying to match using Ant [pattern='/**/favicon.ico']
50431 [http-nio-8080-exec-4] DEBUG o.s.s.w.u.m.AntPathRequestMatcher - Checking match of request : '/jquery/jquery-2.1.3.js'; against '/**/favicon.ico'
50431 [http-nio-8080-exec-4] DEBUG o.s.s.w.u.matcher.OrRequestMatcher - Trying to match using Ant [pattern='/error']
50431 [http-nio-8080-exec-2] DEBUG o.s.s.w.u.matcher.OrRequestMatcher - Trying to match using Ant [pattern='/**/favicon.ico']
50431 [http-nio-8080-exec-3] DEBUG o.s.s.w.u.matcher.OrRequestMatcher - Trying to match using Ant [pattern='/error']
50432 [http-nio-8080-exec-4] DEBUG o.s.s.w.u.m.AntPathRequestMatcher - Checking match of request : '/jquery/jquery-2.1.3.js'; against '/error'
50432 [http-nio-8080-exec-2] DEBUG o.s.s.w.u.m.AntPathRequestMatcher - Checking match of request : '/bootstrap/css/bootstrap.css'; against '/**/favicon.ico'
50432 [http-nio-8080-exec-4] DEBUG o.s.s.w.u.matcher.OrRequestMatcher - No matches found
50432 [http-nio-8080-exec-3] DEBUG o.s.s.w.u.m.AntPathRequestMatcher - Checking match of request : '/bootstrap/js/bootstrap.js'; against '/error'
50432 [http-nio-8080-exec-2] DEBUG o.s.s.w.u.matcher.OrRequestMatcher - Trying to match using Ant [pattern='/error']
50432 [http-nio-8080-exec-4] DEBUG o.s.security.web.FilterChainProxy - /jquery/jquery-2.1.3.js at position 1 of 12 in additional filter chain; firing Filter: 'WebAsyncManagerIntegrationFilter'
50432 [http-nio-8080-exec-3] DEBUG o.s.s.w.u.matcher.OrRequestMatcher - No matches found
50432 [http-nio-8080-exec-2] DEBUG o.s.s.w.u.m.AntPathRequestMatcher - Checking match of request : '/bootstrap/css/bootstrap.css'; against '/error'
50432 [http-nio-8080-exec-4] DEBUG o.s.security.web.FilterChainProxy - /jquery/jquery-2.1.3.js at position 2 of 12 in additional filter chain; firing Filter: 'SecurityContextPersistenceFilter'
50432 [http-nio-8080-exec-2] DEBUG o.s.s.w.u.matcher.OrRequestMatcher - No matches found
50432 [http-nio-8080-exec-4] DEBUG o.s.s.w.c.HttpSessionSecurityContextRepository - No HttpSession currently exists
50432 [http-nio-8080-exec-4] DEBUG o.s.s.w.c.HttpSessionSecurityContextRepository - No SecurityContext was available from the HttpSession: null. A new one will be created.
50432 [http-nio-8080-exec-3] DEBUG o.s.security.web.FilterChainProxy - /bootstrap/js/bootstrap.js at position 1 of 12 in additional filter chain; firing Filter: 'WebAsyncManagerIntegrationFilter'
50432 [http-nio-8080-exec-4] DEBUG o.s.security.web.FilterChainProxy - /jquery/jquery-2.1.3.js at position 3 of 12 in additional filter chain; firing Filter: 'HeaderWriterFilter'
50432 [http-nio-8080-exec-2] DEBUG o.s.security.web.FilterChainProxy - /bootstrap/css/bootstrap.css at position 1 of 12 in additional filter chain; firing Filter: 'WebAsyncManagerIntegrationFilter'
50432 [http-nio-8080-exec-3] DEBUG o.s.security.web.FilterChainProxy - /bootstrap/js/bootstrap.js at position 2 of 12 in additional filter chain; firing Filter: 'SecurityContextPersistenceFilter'
50432 [http-nio-8080-exec-2] DEBUG o.s.security.web.FilterChainProxy - /bootstrap/css/bootstrap.css at position 2 of 12 in additional filter chain; firing Filter: 'SecurityContextPersistenceFilter'
50432 [http-nio-8080-exec-3] DEBUG o.s.s.w.c.HttpSessionSecurityContextRepository - No HttpSession currently exists
50432 [http-nio-8080-exec-2] DEBUG o.s.s.w.c.HttpSessionSecurityContextRepository - No HttpSession currently exists
50432 [http-nio-8080-exec-3] DEBUG o.s.s.w.c.HttpSessionSecurityContextRepository - No SecurityContext was available from the HttpSession: null. A new one will be created.
50432 [http-nio-8080-exec-2] DEBUG o.s.s.w.c.HttpSessionSecurityContextRepository - No SecurityContext was available from the HttpSession: null. A new one will be created.
50432 [http-nio-8080-exec-4] DEBUG o.s.s.w.h.writers.HstsHeaderWriter - Not injecting HSTS header since it did not match the requestMatcher org.springframework.security.web.header.writers.HstsHeaderWriter$SecureRequestMatcher@74ab9304
50432 [http-nio-8080-exec-2] DEBUG o.s.security.web.FilterChainProxy - /bootstrap/css/bootstrap.css at position 3 of 12 in additional filter chain; firing Filter: 'HeaderWriterFilter'
50432 [http-nio-8080-exec-3] DEBUG o.s.security.web.FilterChainProxy - /bootstrap/js/bootstrap.js at position 3 of 12 in additional filter chain; firing Filter: 'HeaderWriterFilter'
50433 [http-nio-8080-exec-4] DEBUG o.s.security.web.FilterChainProxy - /jquery/jquery-2.1.3.js at position 4 of 12 in additional filter chain; firing Filter: 'CsrfFilter'
50433 [http-nio-8080-exec-2] DEBUG o.s.s.w.h.writers.HstsHeaderWriter - Not injecting HSTS header since it did not match the requestMatcher org.springframework.security.web.header.writers.HstsHeaderWriter$SecureRequestMatcher@74ab9304
50433 [http-nio-8080-exec-3] DEBUG o.s.s.w.h.writers.HstsHeaderWriter - Not injecting HSTS header since it did not match the requestMatcher org.springframework.security.web.header.writers.HstsHeaderWriter$SecureRequestMatcher@74ab9304
50433 [http-nio-8080-exec-4] DEBUG o.s.security.web.FilterChainProxy - /jquery/jquery-2.1.3.js at position 5 of 12 in additional filter chain; firing Filter: 'LogoutFilter'
50433 [http-nio-8080-exec-3] DEBUG o.s.security.web.FilterChainProxy - /bootstrap/js/bootstrap.js at position 4 of 12 in additional filter chain; firing Filter: 'CsrfFilter'
50433 [http-nio-8080-exec-2] DEBUG o.s.security.web.FilterChainProxy - /bootstrap/css/bootstrap.css at position 4 of 12 in additional filter chain; firing Filter: 'CsrfFilter'
50433 [http-nio-8080-exec-4] DEBUG o.s.s.w.u.m.AntPathRequestMatcher - Request 'GET /jquery/jquery-2.1.3.js' doesn't match 'POST /logout
50433 [http-nio-8080-exec-3] DEBUG o.s.security.web.FilterChainProxy - /bootstrap/js/bootstrap.js at position 5 of 12 in additional filter chain; firing Filter: 'LogoutFilter'
50433 [http-nio-8080-exec-4] DEBUG o.s.security.web.FilterChainProxy - /jquery/jquery-2.1.3.js at position 6 of 12 in additional filter chain; firing Filter: 'UsernamePasswordAuthenticationFilter'
50433 [http-nio-8080-exec-2] DEBUG o.s.security.web.FilterChainProxy - /bootstrap/css/bootstrap.css at position 5 of 12 in additional filter chain; firing Filter: 'LogoutFilter'
50433 [http-nio-8080-exec-3] DEBUG o.s.s.w.u.m.AntPathRequestMatcher - Request 'GET /bootstrap/js/bootstrap.js' doesn't match 'POST /logout
50433 [http-nio-8080-exec-2] DEBUG o.s.s.w.u.m.AntPathRequestMatcher - Request 'GET /bootstrap/css/bootstrap.css' doesn't match 'POST /logout
50433 [http-nio-8080-exec-3] DEBUG o.s.security.web.FilterChainProxy - /bootstrap/js/bootstrap.js at position 6 of 12 in additional filter chain; firing Filter: 'UsernamePasswordAuthenticationFilter'
50433 [http-nio-8080-exec-2] DEBUG o.s.security.web.FilterChainProxy - /bootstrap/css/bootstrap.css at position 6 of 12 in additional filter chain; firing Filter: 'UsernamePasswordAuthenticationFilter'
50433 [http-nio-8080-exec-4] DEBUG o.s.s.w.u.m.AntPathRequestMatcher - Request 'GET /jquery/jquery-2.1.3.js' doesn't match 'POST /login
50433 [http-nio-8080-exec-3] DEBUG o.s.s.w.u.m.AntPathRequestMatcher - Request 'GET /bootstrap/js/bootstrap.js' doesn't match 'POST /login
50433 [http-nio-8080-exec-2] DEBUG o.s.s.w.u.m.AntPathRequestMatcher - Request 'GET /bootstrap/css/bootstrap.css' doesn't match 'POST /login
50433 [http-nio-8080-exec-3] DEBUG o.s.security.web.FilterChainProxy - /bootstrap/js/bootstrap.js at position 7 of 12 in additional filter chain; firing Filter: 'RequestCacheAwareFilter'
50433 [http-nio-8080-exec-4] DEBUG o.s.security.web.FilterChainProxy - /jquery/jquery-2.1.3.js at position 7 of 12 in additional filter chain; firing Filter: 'RequestCacheAwareFilter'
50433 [http-nio-8080-exec-2] DEBUG o.s.security.web.FilterChainProxy - /bootstrap/css/bootstrap.css at position 7 of 12 in additional filter chain; firing Filter: 'RequestCacheAwareFilter'
50433 [http-nio-8080-exec-4] DEBUG o.s.security.web.FilterChainProxy - /jquery/jquery-2.1.3.js at position 8 of 12 in additional filter chain; firing Filter: 'SecurityContextHolderAwareRequestFilter'
50433 [http-nio-8080-exec-3] DEBUG o.s.security.web.FilterChainProxy - /bootstrap/js/bootstrap.js at position 8 of 12 in additional filter chain; firing Filter: 'SecurityContextHolderAwareRequestFilter'
50433 [http-nio-8080-exec-4] DEBUG o.s.security.web.FilterChainProxy - /jquery/jquery-2.1.3.js at position 9 of 12 in additional filter chain; firing Filter: 'AnonymousAuthenticationFilter'
50433 [http-nio-8080-exec-2] DEBUG o.s.security.web.FilterChainProxy - /bootstrap/css/bootstrap.css at position 8 of 12 in additional filter chain; firing Filter: 'SecurityContextHolderAwareRequestFilter'
50433 [http-nio-8080-exec-3] DEBUG o.s.security.web.FilterChainProxy - /bootstrap/js/bootstrap.js at position 9 of 12 in additional filter chain; firing Filter: 'AnonymousAuthenticationFilter'
50434 [http-nio-8080-exec-4] DEBUG o.s.s.w.a.AnonymousAuthenticationFilter - Populated SecurityContextHolder with anonymous token: 'org.springframework.security.authentication.AnonymousAuthenticationToken@9055c2bc: Principal: anonymousUser; Credentials: [PROTECTED]; Authenticated: true; Details: org.springframework.security.web.authentication.WebAuthenticationDetails@b364: RemoteIpAddress: 0:0:0:0:0:0:0:1; SessionId: null; Granted Authorities: ROLE_ANONYMOUS'
50434 [http-nio-8080-exec-2] DEBUG o.s.security.web.FilterChainProxy - /bootstrap/css/bootstrap.css at position 9 of 12 in additional filter chain; firing Filter: 'AnonymousAuthenticationFilter'
50434 [http-nio-8080-exec-3] DEBUG o.s.s.w.a.AnonymousAuthenticationFilter - Populated SecurityContextHolder with anonymous token: 'org.springframework.security.authentication.AnonymousAuthenticationToken@9055c2bc: Principal: anonymousUser; Credentials: [PROTECTED]; Authenticated: true; Details: org.springframework.security.web.authentication.WebAuthenticationDetails@b364: RemoteIpAddress: 0:0:0:0:0:0:0:1; SessionId: null; Granted Authorities: ROLE_ANONYMOUS'
50434 [http-nio-8080-exec-4] DEBUG o.s.security.web.FilterChainProxy - /jquery/jquery-2.1.3.js at position 10 of 12 in additional filter chain; firing Filter: 'SessionManagementFilter'
50434 [http-nio-8080-exec-2] DEBUG o.s.s.w.a.AnonymousAuthenticationFilter - Populated SecurityContextHolder with anonymous token: 'org.springframework.security.authentication.AnonymousAuthenticationToken@9055c2bc: Principal: anonymousUser; Credentials: [PROTECTED]; Authenticated: true; Details: org.springframework.security.web.authentication.WebAuthenticationDetails@b364: RemoteIpAddress: 0:0:0:0:0:0:0:1; SessionId: null; Granted Authorities: ROLE_ANONYMOUS'
50434 [http-nio-8080-exec-3] DEBUG o.s.security.web.FilterChainProxy - /bootstrap/js/bootstrap.js at position 10 of 12 in additional filter chain; firing Filter: 'SessionManagementFilter'
50434 [http-nio-8080-exec-4] DEBUG o.s.s.w.s.SessionManagementFilter - Requested session ID EB0F89661A6709572DB03C285FF4743E is invalid.
50434 [http-nio-8080-exec-2] DEBUG o.s.security.web.FilterChainProxy - /bootstrap/css/bootstrap.css at position 10 of 12 in additional filter chain; firing Filter: 'SessionManagementFilter'
50434 [http-nio-8080-exec-4] DEBUG o.s.security.web.FilterChainProxy - /jquery/jquery-2.1.3.js at position 11 of 12 in additional filter chain; firing Filter: 'ExceptionTranslationFilter'
50434 [http-nio-8080-exec-3] DEBUG o.s.s.w.s.SessionManagementFilter - Requested session ID EB0F89661A6709572DB03C285FF4743E is invalid.
50434 [http-nio-8080-exec-2] DEBUG o.s.s.w.s.SessionManagementFilter - Requested session ID EB0F89661A6709572DB03C285FF4743E is invalid.
50434 [http-nio-8080-exec-4] DEBUG o.s.security.web.FilterChainProxy - /jquery/jquery-2.1.3.js at position 12 of 12 in additional filter chain; firing Filter: 'FilterSecurityInterceptor'
50434 [http-nio-8080-exec-3] DEBUG o.s.security.web.FilterChainProxy - /bootstrap/js/bootstrap.js at position 11 of 12 in additional filter chain; firing Filter: 'ExceptionTranslationFilter'
50434 [http-nio-8080-exec-3] DEBUG o.s.security.web.FilterChainProxy - /bootstrap/js/bootstrap.js at position 12 of 12 in additional filter chain; firing Filter: 'FilterSecurityInterceptor'
50434 [http-nio-8080-exec-4] DEBUG o.s.s.w.u.m.AntPathRequestMatcher - Request 'GET /jquery/jquery-2.1.3.js' doesn't match 'POST /logout
50434 [http-nio-8080-exec-3] DEBUG o.s.s.w.u.m.AntPathRequestMatcher - Request 'GET /bootstrap/js/bootstrap.js' doesn't match 'POST /logout
50434 [http-nio-8080-exec-2] DEBUG o.s.security.web.FilterChainProxy - /bootstrap/css/bootstrap.css at position 11 of 12 in additional filter chain; firing Filter: 'ExceptionTranslationFilter'
50434 [http-nio-8080-exec-3] DEBUG o.s.s.w.u.m.AntPathRequestMatcher - Checking match of request : '/bootstrap/js/bootstrap.js'; against '/'
50434 [http-nio-8080-exec-4] DEBUG o.s.s.w.u.m.AntPathRequestMatcher - Checking match of request : '/jquery/jquery-2.1.3.js'; against '/'
50434 [http-nio-8080-exec-3] DEBUG o.s.s.w.a.i.FilterSecurityInterceptor - Secure object: FilterInvocation: URL: /bootstrap/js/bootstrap.js; Attributes: [authenticated]
50434 [http-nio-8080-exec-4] DEBUG o.s.s.w.a.i.FilterSecurityInterceptor - Secure object: FilterInvocation: URL: /jquery/jquery-2.1.3.js; Attributes: [authenticated]
50434 [http-nio-8080-exec-2] DEBUG o.s.security.web.FilterChainProxy - /bootstrap/css/bootstrap.css at position 12 of 12 in additional filter chain; firing Filter: 'FilterSecurityInterceptor'
50434 [http-nio-8080-exec-4] DEBUG o.s.s.w.a.i.FilterSecurityInterceptor - Previously Authenticated: org.springframework.security.authentication.AnonymousAuthenticationToken@9055c2bc: Principal: anonymousUser; Credentials: [PROTECTED]; Authenticated: true; Details: org.springframework.security.web.authentication.WebAuthenticationDetails@b364: RemoteIpAddress: 0:0:0:0:0:0:0:1; SessionId: null; Granted Authorities: ROLE_ANONYMOUS
50434 [http-nio-8080-exec-2] DEBUG o.s.s.w.u.m.AntPathRequestMatcher - Request 'GET /bootstrap/css/bootstrap.css' doesn't match 'POST /logout
50434 [http-nio-8080-exec-3] DEBUG o.s.s.w.a.i.FilterSecurityInterceptor - Previously Authenticated: org.springframework.security.authentication.AnonymousAuthenticationToken@9055c2bc: Principal: anonymousUser; Credentials: [PROTECTED]; Authenticated: true; Details: org.springframework.security.web.authentication.WebAuthenticationDetails@b364: RemoteIpAddress: 0:0:0:0:0:0:0:1; SessionId: null; Granted Authorities: ROLE_ANONYMOUS
50435 [http-nio-8080-exec-2] DEBUG o.s.s.w.u.m.AntPathRequestMatcher - Checking match of request : '/bootstrap/css/bootstrap.css'; against '/'
50435 [http-nio-8080-exec-2] DEBUG o.s.s.w.a.i.FilterSecurityInterceptor - Secure object: FilterInvocation: URL: /bootstrap/css/bootstrap.css; Attributes: [authenticated]
50435 [http-nio-8080-exec-2] DEBUG o.s.s.w.a.i.FilterSecurityInterceptor - Previously Authenticated: org.springframework.security.authentication.AnonymousAuthenticationToken@9055c2bc: Principal: anonymousUser; Credentials: [PROTECTED]; Authenticated: true; Details: org.springframework.security.web.authentication.WebAuthenticationDetails@b364: RemoteIpAddress: 0:0:0:0:0:0:0:1; SessionId: null; Granted Authorities: ROLE_ANONYMOUS
50435 [http-nio-8080-exec-3] DEBUG o.s.s.access.vote.AffirmativeBased - Voter: org.springframework.security.web.access.expression.WebExpressionVoter@21e3b16c, returned: -1
50435 [http-nio-8080-exec-4] DEBUG o.s.s.access.vote.AffirmativeBased - Voter: org.springframework.security.web.access.expression.WebExpressionVoter@21e3b16c, returned: -1
50435 [http-nio-8080-exec-2] DEBUG o.s.s.access.vote.AffirmativeBased - Voter: org.springframework.security.web.access.expression.WebExpressionVoter@21e3b16c, returned: -1
50439 [http-nio-8080-exec-4] DEBUG o.s.s.w.a.ExceptionTranslationFilter - Access is denied (user is anonymous); redirecting to authentication entry point
org.springframework.security.access.AccessDeniedException: Access is denied
	at org.springframework.security.access.vote.AffirmativeBased.decide(AffirmativeBased.java:84)
	at org.springframework.security.access.intercept.AbstractSecurityInterceptor.beforeInvocation(AbstractSecurityInterceptor.java:233)
	at org.springframework.security.web.access.intercept.FilterSecurityInterceptor.invoke(FilterSecurityInterceptor.java:124)
	at org.springframework.security.web.access.intercept.FilterSecurityInterceptor.doFilter(FilterSecurityInterceptor.java:91)
	at org.springframework.security.web.FilterChainProxy$VirtualFilterChain.doFilter(FilterChainProxy.java:331)
	at org.springframework.security.web.access.ExceptionTranslationFilter.doFilter(ExceptionTranslationFilter.java:114)
	at org.springframework.security.web.FilterChainProxy$VirtualFilterChain.doFilter(FilterChainProxy.java:331)
	at org.springframework.security.web.session.SessionManagementFilter.doFilter(SessionManagementFilter.java:137)
	at org.springframework.security.web.FilterChainProxy$VirtualFilterChain.doFilter(FilterChainProxy.java:331)
	at org.springframework.security.web.authentication.AnonymousAuthenticationFilter.doFilter(AnonymousAuthenticationFilter.java:111)
	at org.springframework.security.web.FilterChainProxy$VirtualFilterChain.doFilter(FilterChainProxy.java:331)
	at org.springframework.security.web.servletapi.SecurityContextHolderAwareRequestFilter.doFilter(SecurityContextHolderAwareRequestFilter.java:170)
	at org.springframework.security.web.FilterChainProxy$VirtualFilterChain.doFilter(FilterChainProxy.java:331)
	at org.springframework.security.web.savedrequest.RequestCacheAwareFilter.doFilter(RequestCacheAwareFilter.java:63)
	at org.springframework.security.web.FilterChainProxy$VirtualFilterChain.doFilter(FilterChainProxy.java:331)
	at org.springframework.security.web.authentication.AbstractAuthenticationProcessingFilter.doFilter(AbstractAuthenticationProcessingFilter.java:200)
	at org.springframework.security.web.FilterChainProxy$VirtualFilterChain.doFilter(FilterChainProxy.java:331)
	at org.springframework.security.web.authentication.logout.LogoutFilter.doFilter(LogoutFilter.java:116)
	at org.springframework.security.web.FilterChainProxy$VirtualFilterChain.doFilter(FilterChainProxy.java:331)
	at org.springframework.security.web.csrf.CsrfFilter.doFilterInternal(CsrfFilter.java:100)
	at org.springframework.web.filter.OncePerRequestFilter.doFilter(OncePerRequestFilter.java:107)
	at org.springframework.security.web.FilterChainProxy$VirtualFilterChain.doFilter(FilterChainProxy.java:331)
	at org.springframework.security.web.header.HeaderWriterFilter.doFilterInternal(HeaderWriterFilter.java:64)
	at org.springframework.web.filter.OncePerRequestFilter.doFilter(OncePerRequestFilter.java:107)
	at org.springframework.security.web.FilterChainProxy$VirtualFilterChain.doFilter(FilterChainProxy.java:331)
	at org.springframework.security.web.context.SecurityContextPersistenceFilter.doFilter(SecurityContextPersistenceFilter.java:105)
	at org.springframework.security.web.FilterChainProxy$VirtualFilterChain.doFilter(FilterChainProxy.java:331)
	at org.springframework.security.web.context.request.async.WebAsyncManagerIntegrationFilter.doFilterInternal(WebAsyncManagerIntegrationFilter.java:56)
	at org.springframework.web.filter.OncePerRequestFilter.doFilter(OncePerRequestFilter.java:107)
	at org.springframework.security.web.FilterChainProxy$VirtualFilterChain.doFilter(FilterChainProxy.java:331)
	at org.springframework.security.web.FilterChainProxy.doFilterInternal(FilterChainProxy.java:214)
	at org.springframework.security.web.FilterChainProxy.doFilter(FilterChainProxy.java:177)
	at org.springframework.web.filter.DelegatingFilterProxy.invokeDelegate(DelegatingFilterProxy.java:347)
	at org.springframework.web.filter.DelegatingFilterProxy.doFilter(DelegatingFilterProxy.java:263)
	at org.apache.catalina.core.ApplicationFilterChain.internalDoFilter(ApplicationFilterChain.java:193)
	at org.apache.catalina.core.ApplicationFilterChain.doFilter(ApplicationFilterChain.java:166)
	at org.springframework.web.filter.RequestContextFilter.doFilterInternal(RequestContextFilter.java:99)
	at org.springframework.web.filter.OncePerRequestFilter.doFilter(OncePerRequestFilter.java:107)
	at org.apache.catalina.core.ApplicationFilterChain.internalDoFilter(ApplicationFilterChain.java:193)
	at org.apache.catalina.core.ApplicationFilterChain.doFilter(ApplicationFilterChain.java:166)
	at org.springframework.web.filter.HttpPutFormContentFilter.doFilterInternal(HttpPutFormContentFilter.java:108)
	at org.springframework.web.filter.OncePerRequestFilter.doFilter(OncePerRequestFilter.java:107)
	at org.apache.catalina.core.ApplicationFilterChain.internalDoFilter(ApplicationFilterChain.java:193)
	at org.apache.catalina.core.ApplicationFilterChain.doFilter(ApplicationFilterChain.java:166)
	at org.springframework.web.filter.HiddenHttpMethodFilter.doFilterInternal(HiddenHttpMethodFilter.java:81)
	at org.springframework.web.filter.OncePerRequestFilter.doFilter(OncePerRequestFilter.java:107)
	at org.apache.catalina.core.ApplicationFilterChain.internalDoFilter(ApplicationFilterChain.java:193)
	at org.apache.catalina.core.ApplicationFilterChain.doFilter(ApplicationFilterChain.java:166)
	at org.springframework.web.filter.CharacterEncodingFilter.doFilterInternal(CharacterEncodingFilter.java:197)
	at org.springframework.web.filter.OncePerRequestFilter.doFilter(OncePerRequestFilter.java:107)
	at org.apache.catalina.core.ApplicationFilterChain.internalDoFilter(ApplicationFilterChain.java:193)
	at org.apache.catalina.core.ApplicationFilterChain.doFilter(ApplicationFilterChain.java:166)
	at org.apache.catalina.core.StandardWrapperValve.invoke(StandardWrapperValve.java:199)
	at org.apache.catalina.core.StandardContextValve.invoke(StandardContextValve.java:96)
	at org.apache.catalina.authenticator.AuthenticatorBase.invoke(AuthenticatorBase.java:478)
	at org.apache.catalina.core.StandardHostValve.invoke(StandardHostValve.java:140)
	at org.apache.catalina.valves.ErrorReportValve.invoke(ErrorReportValve.java:81)
	at org.apache.catalina.core.StandardEngineValve.invoke(StandardEngineValve.java:87)
	at org.apache.catalina.connector.CoyoteAdapter.service(CoyoteAdapter.java:342)
	at org.apache.coyote.http11.Http11Processor.service(Http11Processor.java:803)
	at org.apache.coyote.AbstractProcessorLight.process(AbstractProcessorLight.java:66)
	at org.apache.coyote.AbstractProtocol$ConnectionHandler.process(AbstractProtocol.java:868)
	at org.apache.tomcat.util.net.NioEndpoint$SocketProcessor.doRun(NioEndpoint.java:1459)
	at org.apache.tomcat.util.net.SocketProcessorBase.run(SocketProcessorBase.java:49)
	at java.util.concurrent.ThreadPoolExecutor.runWorker(ThreadPoolExecutor.java:1149)
	at java.util.concurrent.ThreadPoolExecutor$Worker.run(ThreadPoolExecutor.java:624)
	at org.apache.tomcat.util.threads.TaskThread$WrappingRunnable.run(TaskThread.java:61)
	at java.lang.Thread.run(Thread.java:748)
50439 [http-nio-8080-exec-3] DEBUG o.s.s.w.a.ExceptionTranslationFilter - Access is denied (user is anonymous); redirecting to authentication entry point
org.springframework.security.access.AccessDeniedException: Access is denied
	at org.springframework.security.access.vote.AffirmativeBased.decide(AffirmativeBased.java:84)
	at org.springframework.security.access.intercept.AbstractSecurityInterceptor.beforeInvocation(AbstractSecurityInterceptor.java:233)
	at org.springframework.security.web.access.intercept.FilterSecurityInterceptor.invoke(FilterSecurityInterceptor.java:124)
	at org.springframework.security.web.access.intercept.FilterSecurityInterceptor.doFilter(FilterSecurityInterceptor.java:91)
	at org.springframework.security.web.FilterChainProxy$VirtualFilterChain.doFilter(FilterChainProxy.java:331)
	at org.springframework.security.web.access.ExceptionTranslationFilter.doFilter(ExceptionTranslationFilter.java:114)
	at org.springframework.security.web.FilterChainProxy$VirtualFilterChain.doFilter(FilterChainProxy.java:331)
	at org.springframework.security.web.session.SessionManagementFilter.doFilter(SessionManagementFilter.java:137)
	at org.springframework.security.web.FilterChainProxy$VirtualFilterChain.doFilter(FilterChainProxy.java:331)
	at org.springframework.security.web.authentication.AnonymousAuthenticationFilter.doFilter(AnonymousAuthenticationFilter.java:111)
	at org.springframework.security.web.FilterChainProxy$VirtualFilterChain.doFilter(FilterChainProxy.java:331)
	at org.springframework.security.web.servletapi.SecurityContextHolderAwareRequestFilter.doFilter(SecurityContextHolderAwareRequestFilter.java:170)
	at org.springframework.security.web.FilterChainProxy$VirtualFilterChain.doFilter(FilterChainProxy.java:331)
	at org.springframework.security.web.savedrequest.RequestCacheAwareFilter.doFilter(RequestCacheAwareFilter.java:63)
	at org.springframework.security.web.FilterChainProxy$VirtualFilterChain.doFilter(FilterChainProxy.java:331)
	at org.springframework.security.web.authentication.AbstractAuthenticationProcessingFilter.doFilter(AbstractAuthenticationProcessingFilter.java:200)
	at org.springframework.security.web.FilterChainProxy$VirtualFilterChain.doFilter(FilterChainProxy.java:331)
	at org.springframework.security.web.authentication.logout.LogoutFilter.doFilter(LogoutFilter.java:116)
	at org.springframework.security.web.FilterChainProxy$VirtualFilterChain.doFilter(FilterChainProxy.java:331)
	at org.springframework.security.web.csrf.CsrfFilter.doFilterInternal(CsrfFilter.java:100)
	at org.springframework.web.filter.OncePerRequestFilter.doFilter(OncePerRequestFilter.java:107)
	at org.springframework.security.web.FilterChainProxy$VirtualFilterChain.doFilter(FilterChainProxy.java:331)
	at org.springframework.security.web.header.HeaderWriterFilter.doFilterInternal(HeaderWriterFilter.java:64)
	at org.springframework.web.filter.OncePerRequestFilter.doFilter(OncePerRequestFilter.java:107)
	at org.springframework.security.web.FilterChainProxy$VirtualFilterChain.doFilter(FilterChainProxy.java:331)
	at org.springframework.security.web.context.SecurityContextPersistenceFilter.doFilter(SecurityContextPersistenceFilter.java:105)
	at org.springframework.security.web.FilterChainProxy$VirtualFilterChain.doFilter(FilterChainProxy.java:331)
	at org.springframework.security.web.context.request.async.WebAsyncManagerIntegrationFilter.doFilterInternal(WebAsyncManagerIntegrationFilter.java:56)
	at org.springframework.web.filter.OncePerRequestFilter.doFilter(OncePerRequestFilter.java:107)
	at org.springframework.security.web.FilterChainProxy$VirtualFilterChain.doFilter(FilterChainProxy.java:331)
	at org.springframework.security.web.FilterChainProxy.doFilterInternal(FilterChainProxy.java:214)
	at org.springframework.security.web.FilterChainProxy.doFilter(FilterChainProxy.java:177)
	at org.springframework.web.filter.DelegatingFilterProxy.invokeDelegate(DelegatingFilterProxy.java:347)
	at org.springframework.web.filter.DelegatingFilterProxy.doFilter(DelegatingFilterProxy.java:263)
	at org.apache.catalina.core.ApplicationFilterChain.internalDoFilter(ApplicationFilterChain.java:193)
	at org.apache.catalina.core.ApplicationFilterChain.doFilter(ApplicationFilterChain.java:166)
	at org.springframework.web.filter.RequestContextFilter.doFilterInternal(RequestContextFilter.java:99)
	at org.springframework.web.filter.OncePerRequestFilter.doFilter(OncePerRequestFilter.java:107)
	at org.apache.catalina.core.ApplicationFilterChain.internalDoFilter(ApplicationFilterChain.java:193)
	at org.apache.catalina.core.ApplicationFilterChain.doFilter(ApplicationFilterChain.java:166)
	at org.springframework.web.filter.HttpPutFormContentFilter.doFilterInternal(HttpPutFormContentFilter.java:108)
	at org.springframework.web.filter.OncePerRequestFilter.doFilter(OncePerRequestFilter.java:107)
	at org.apache.catalina.core.ApplicationFilterChain.internalDoFilter(ApplicationFilterChain.java:193)
	at org.apache.catalina.core.ApplicationFilterChain.doFilter(ApplicationFilterChain.java:166)
	at org.springframework.web.filter.HiddenHttpMethodFilter.doFilterInternal(HiddenHttpMethodFilter.java:81)
	at org.springframework.web.filter.OncePerRequestFilter.doFilter(OncePerRequestFilter.java:107)
	at org.apache.catalina.core.ApplicationFilterChain.internalDoFilter(ApplicationFilterChain.java:193)
	at org.apache.catalina.core.ApplicationFilterChain.doFilter(ApplicationFilterChain.java:166)
	at org.springframework.web.filter.CharacterEncodingFilter.doFilterInternal(CharacterEncodingFilter.java:197)
	at org.springframework.web.filter.OncePerRequestFilter.doFilter(OncePerRequestFilter.java:107)
	at org.apache.catalina.core.ApplicationFilterChain.internalDoFilter(ApplicationFilterChain.java:193)
	at org.apache.catalina.core.ApplicationFilterChain.doFilter(ApplicationFilterChain.java:166)
	at org.apache.catalina.core.StandardWrapperValve.invoke(StandardWrapperValve.java:199)
	at org.apache.catalina.core.StandardContextValve.invoke(StandardContextValve.java:96)
	at org.apache.catalina.authenticator.AuthenticatorBase.invoke(AuthenticatorBase.java:478)
	at org.apache.catalina.core.StandardHostValve.invoke(StandardHostValve.java:140)
	at org.apache.catalina.valves.ErrorReportValve.invoke(ErrorReportValve.java:81)
	at org.apache.catalina.core.StandardEngineValve.invoke(StandardEngineValve.java:87)
	at org.apache.catalina.connector.CoyoteAdapter.service(CoyoteAdapter.java:342)
	at org.apache.coyote.http11.Http11Processor.service(Http11Processor.java:803)
	at org.apache.coyote.AbstractProcessorLight.process(AbstractProcessorLight.java:66)
	at org.apache.coyote.AbstractProtocol$ConnectionHandler.process(AbstractProtocol.java:868)
	at org.apache.tomcat.util.net.NioEndpoint$SocketProcessor.doRun(NioEndpoint.java:1459)
	at org.apache.tomcat.util.net.SocketProcessorBase.run(SocketProcessorBase.java:49)
	at java.util.concurrent.ThreadPoolExecutor.runWorker(ThreadPoolExecutor.java:1149)
	at java.util.concurrent.ThreadPoolExecutor$Worker.run(ThreadPoolExecutor.java:624)
	at org.apache.tomcat.util.threads.TaskThread$WrappingRunnable.run(TaskThread.java:61)
	at java.lang.Thread.run(Thread.java:748)
50439 [http-nio-8080-exec-2] DEBUG o.s.s.w.a.ExceptionTranslationFilter - Access is denied (user is anonymous); redirecting to authentication entry point
org.springframework.security.access.AccessDeniedException: Access is denied
	at org.springframework.security.access.vote.AffirmativeBased.decide(AffirmativeBased.java:84)
	at org.springframework.security.access.intercept.AbstractSecurityInterceptor.beforeInvocation(AbstractSecurityInterceptor.java:233)
	at org.springframework.security.web.access.intercept.FilterSecurityInterceptor.invoke(FilterSecurityInterceptor.java:124)
	at org.springframework.security.web.access.intercept.FilterSecurityInterceptor.doFilter(FilterSecurityInterceptor.java:91)
	at org.springframework.security.web.FilterChainProxy$VirtualFilterChain.doFilter(FilterChainProxy.java:331)
	at org.springframework.security.web.access.ExceptionTranslationFilter.doFilter(ExceptionTranslationFilter.java:114)
	at org.springframework.security.web.FilterChainProxy$VirtualFilterChain.doFilter(FilterChainProxy.java:331)
	at org.springframework.security.web.session.SessionManagementFilter.doFilter(SessionManagementFilter.java:137)
	at org.springframework.security.web.FilterChainProxy$VirtualFilterChain.doFilter(FilterChainProxy.java:331)
	at org.springframework.security.web.authentication.AnonymousAuthenticationFilter.doFilter(AnonymousAuthenticationFilter.java:111)
	at org.springframework.security.web.FilterChainProxy$VirtualFilterChain.doFilter(FilterChainProxy.java:331)
	at org.springframework.security.web.servletapi.SecurityContextHolderAwareRequestFilter.doFilter(SecurityContextHolderAwareRequestFilter.java:170)
	at org.springframework.security.web.FilterChainProxy$VirtualFilterChain.doFilter(FilterChainProxy.java:331)
	at org.springframework.security.web.savedrequest.RequestCacheAwareFilter.doFilter(RequestCacheAwareFilter.java:63)
	at org.springframework.security.web.FilterChainProxy$VirtualFilterChain.doFilter(FilterChainProxy.java:331)
	at org.springframework.security.web.authentication.AbstractAuthenticationProcessingFilter.doFilter(AbstractAuthenticationProcessingFilter.java:200)
	at org.springframework.security.web.FilterChainProxy$VirtualFilterChain.doFilter(FilterChainProxy.java:331)
	at org.springframework.security.web.authentication.logout.LogoutFilter.doFilter(LogoutFilter.java:116)
	at org.springframework.security.web.FilterChainProxy$VirtualFilterChain.doFilter(FilterChainProxy.java:331)
	at org.springframework.security.web.csrf.CsrfFilter.doFilterInternal(CsrfFilter.java:100)
	at org.springframework.web.filter.OncePerRequestFilter.doFilter(OncePerRequestFilter.java:107)
	at org.springframework.security.web.FilterChainProxy$VirtualFilterChain.doFilter(FilterChainProxy.java:331)
	at org.springframework.security.web.header.HeaderWriterFilter.doFilterInternal(HeaderWriterFilter.java:64)
	at org.springframework.web.filter.OncePerRequestFilter.doFilter(OncePerRequestFilter.java:107)
	at org.springframework.security.web.FilterChainProxy$VirtualFilterChain.doFilter(FilterChainProxy.java:331)
	at org.springframework.security.web.context.SecurityContextPersistenceFilter.doFilter(SecurityContextPersistenceFilter.java:105)
	at org.springframework.security.web.FilterChainProxy$VirtualFilterChain.doFilter(FilterChainProxy.java:331)
	at org.springframework.security.web.context.request.async.WebAsyncManagerIntegrationFilter.doFilterInternal(WebAsyncManagerIntegrationFilter.java:56)
	at org.springframework.web.filter.OncePerRequestFilter.doFilter(OncePerRequestFilter.java:107)
	at org.springframework.security.web.FilterChainProxy$VirtualFilterChain.doFilter(FilterChainProxy.java:331)
	at org.springframework.security.web.FilterChainProxy.doFilterInternal(FilterChainProxy.java:214)
	at org.springframework.security.web.FilterChainProxy.doFilter(FilterChainProxy.java:177)
	at org.springframework.web.filter.DelegatingFilterProxy.invokeDelegate(DelegatingFilterProxy.java:347)
	at org.springframework.web.filter.DelegatingFilterProxy.doFilter(DelegatingFilterProxy.java:263)
	at org.apache.catalina.core.ApplicationFilterChain.internalDoFilter(ApplicationFilterChain.java:193)
	at org.apache.catalina.core.ApplicationFilterChain.doFilter(ApplicationFilterChain.java:166)
	at org.springframework.web.filter.RequestContextFilter.doFilterInternal(RequestContextFilter.java:99)
	at org.springframework.web.filter.OncePerRequestFilter.doFilter(OncePerRequestFilter.java:107)
	at org.apache.catalina.core.ApplicationFilterChain.internalDoFilter(ApplicationFilterChain.java:193)
	at org.apache.catalina.core.ApplicationFilterChain.doFilter(ApplicationFilterChain.java:166)
	at org.springframework.web.filter.HttpPutFormContentFilter.doFilterInternal(HttpPutFormContentFilter.java:108)
	at org.springframework.web.filter.OncePerRequestFilter.doFilter(OncePerRequestFilter.java:107)
	at org.apache.catalina.core.ApplicationFilterChain.internalDoFilter(ApplicationFilterChain.java:193)
	at org.apache.catalina.core.ApplicationFilterChain.doFilter(ApplicationFilterChain.java:166)
	at org.springframework.web.filter.HiddenHttpMethodFilter.doFilterInternal(HiddenHttpMethodFilter.java:81)
	at org.springframework.web.filter.OncePerRequestFilter.doFilter(OncePerRequestFilter.java:107)
	at org.apache.catalina.core.ApplicationFilterChain.internalDoFilter(ApplicationFilterChain.java:193)
	at org.apache.catalina.core.ApplicationFilterChain.doFilter(ApplicationFilterChain.java:166)
	at org.springframework.web.filter.CharacterEncodingFilter.doFilterInternal(CharacterEncodingFilter.java:197)
	at org.springframework.web.filter.OncePerRequestFilter.doFilter(OncePerRequestFilter.java:107)
	at org.apache.catalina.core.ApplicationFilterChain.internalDoFilter(ApplicationFilterChain.java:193)
	at org.apache.catalina.core.ApplicationFilterChain.doFilter(ApplicationFilterChain.java:166)
	at org.apache.catalina.core.StandardWrapperValve.invoke(StandardWrapperValve.java:199)
	at org.apache.catalina.core.StandardContextValve.invoke(StandardContextValve.java:96)
	at org.apache.catalina.authenticator.AuthenticatorBase.invoke(AuthenticatorBase.java:478)
	at org.apache.catalina.core.StandardHostValve.invoke(StandardHostValve.java:140)
	at org.apache.catalina.valves.ErrorReportValve.invoke(ErrorReportValve.java:81)
	at org.apache.catalina.core.StandardEngineValve.invoke(StandardEngineValve.java:87)
	at org.apache.catalina.connector.CoyoteAdapter.service(CoyoteAdapter.java:342)
	at org.apache.coyote.http11.Http11Processor.service(Http11Processor.java:803)
	at org.apache.coyote.AbstractProcessorLight.process(AbstractProcessorLight.java:66)
	at org.apache.coyote.AbstractProtocol$ConnectionHandler.process(AbstractProtocol.java:868)
	at org.apache.tomcat.util.net.NioEndpoint$SocketProcessor.doRun(NioEndpoint.java:1459)
	at org.apache.tomcat.util.net.SocketProcessorBase.run(SocketProcessorBase.java:49)
	at java.util.concurrent.ThreadPoolExecutor.runWorker(ThreadPoolExecutor.java:1149)
	at java.util.concurrent.ThreadPoolExecutor$Worker.run(ThreadPoolExecutor.java:624)
	at org.apache.tomcat.util.threads.TaskThread$WrappingRunnable.run(TaskThread.java:61)
	at java.lang.Thread.run(Thread.java:748)
50443 [http-nio-8080-exec-4] DEBUG o.s.s.w.u.matcher.AndRequestMatcher - Trying to match using Ant [pattern='/**', GET]
50444 [http-nio-8080-exec-3] DEBUG o.s.s.w.u.matcher.AndRequestMatcher - Trying to match using Ant [pattern='/**', GET]
50444 [http-nio-8080-exec-2] DEBUG o.s.s.w.u.matcher.AndRequestMatcher - Trying to match using Ant [pattern='/**', GET]
50444 [http-nio-8080-exec-4] DEBUG o.s.s.w.u.m.AntPathRequestMatcher - Request '/jquery/jquery-2.1.3.js' matched by universal pattern '/**'
50444 [http-nio-8080-exec-2] DEBUG o.s.s.w.u.m.AntPathRequestMatcher - Request '/bootstrap/css/bootstrap.css' matched by universal pattern '/**'
50444 [http-nio-8080-exec-3] DEBUG o.s.s.w.u.m.AntPathRequestMatcher - Request '/bootstrap/js/bootstrap.js' matched by universal pattern '/**'
50445 [http-nio-8080-exec-2] DEBUG o.s.s.w.u.matcher.AndRequestMatcher - Trying to match using NegatedRequestMatcher [requestMatcher=Ant [pattern='/**/favicon.ico']]
50445 [http-nio-8080-exec-4] DEBUG o.s.s.w.u.matcher.AndRequestMatcher - Trying to match using NegatedRequestMatcher [requestMatcher=Ant [pattern='/**/favicon.ico']]
50445 [http-nio-8080-exec-3] DEBUG o.s.s.w.u.matcher.AndRequestMatcher - Trying to match using NegatedRequestMatcher [requestMatcher=Ant [pattern='/**/favicon.ico']]
50445 [http-nio-8080-exec-2] DEBUG o.s.s.w.u.m.AntPathRequestMatcher - Checking match of request : '/bootstrap/css/bootstrap.css'; against '/**/favicon.ico'
50445 [http-nio-8080-exec-3] DEBUG o.s.s.w.u.m.AntPathRequestMatcher - Checking match of request : '/bootstrap/js/bootstrap.js'; against '/**/favicon.ico'
50445 [http-nio-8080-exec-4] DEBUG o.s.s.w.u.m.AntPathRequestMatcher - Checking match of request : '/jquery/jquery-2.1.3.js'; against '/**/favicon.ico'
50445 [http-nio-8080-exec-4] DEBUG o.s.s.w.u.m.NegatedRequestMatcher - matches = true
50445 [http-nio-8080-exec-2] DEBUG o.s.s.w.u.m.NegatedRequestMatcher - matches = true
50445 [http-nio-8080-exec-3] DEBUG o.s.s.w.u.m.NegatedRequestMatcher - matches = true
50445 [http-nio-8080-exec-4] DEBUG o.s.s.w.u.matcher.AndRequestMatcher - Trying to match using NegatedRequestMatcher [requestMatcher=MediaTypeRequestMatcher [contentNegotiationStrategy=org.springframework.web.accept.ContentNegotiationManager@1ca4c95a, matchingMediaTypes=[application/json], useEquals=false, ignoredMediaTypes=[*/*]]]
50445 [http-nio-8080-exec-2] DEBUG o.s.s.w.u.matcher.AndRequestMatcher - Trying to match using NegatedRequestMatcher [requestMatcher=MediaTypeRequestMatcher [contentNegotiationStrategy=org.springframework.web.accept.ContentNegotiationManager@1ca4c95a, matchingMediaTypes=[application/json], useEquals=false, ignoredMediaTypes=[*/*]]]
50445 [http-nio-8080-exec-3] DEBUG o.s.s.w.u.matcher.AndRequestMatcher - Trying to match using NegatedRequestMatcher [requestMatcher=MediaTypeRequestMatcher [contentNegotiationStrategy=org.springframework.web.accept.ContentNegotiationManager@1ca4c95a, matchingMediaTypes=[application/json], useEquals=false, ignoredMediaTypes=[*/*]]]
50445 [http-nio-8080-exec-4] DEBUG o.s.s.w.u.m.MediaTypeRequestMatcher - httpRequestMediaTypes=[application/javascript]
50445 [http-nio-8080-exec-3] DEBUG o.s.s.w.u.m.MediaTypeRequestMatcher - httpRequestMediaTypes=[application/javascript]
50445 [http-nio-8080-exec-2] DEBUG o.s.s.w.u.m.MediaTypeRequestMatcher - httpRequestMediaTypes=[text/css]
50445 [http-nio-8080-exec-4] DEBUG o.s.s.w.u.m.MediaTypeRequestMatcher - Processing application/javascript
50446 [http-nio-8080-exec-2] DEBUG o.s.s.w.u.m.MediaTypeRequestMatcher - Processing text/css
50445 [http-nio-8080-exec-3] DEBUG o.s.s.w.u.m.MediaTypeRequestMatcher - Processing application/javascript
50446 [http-nio-8080-exec-4] DEBUG o.s.s.w.u.m.MediaTypeRequestMatcher - application/json .isCompatibleWith application/javascript = false
50446 [http-nio-8080-exec-2] DEBUG o.s.s.w.u.m.MediaTypeRequestMatcher - application/json .isCompatibleWith text/css = false
50446 [http-nio-8080-exec-3] DEBUG o.s.s.w.u.m.MediaTypeRequestMatcher - application/json .isCompatibleWith application/javascript = false
50446 [http-nio-8080-exec-4] DEBUG o.s.s.w.u.m.MediaTypeRequestMatcher - Did not match any media types
50446 [http-nio-8080-exec-2] DEBUG o.s.s.w.u.m.MediaTypeRequestMatcher - Did not match any media types
50446 [http-nio-8080-exec-4] DEBUG o.s.s.w.u.m.NegatedRequestMatcher - matches = true
50446 [http-nio-8080-exec-2] DEBUG o.s.s.w.u.m.NegatedRequestMatcher - matches = true
50446 [http-nio-8080-exec-4] DEBUG o.s.s.w.u.matcher.AndRequestMatcher - Trying to match using NegatedRequestMatcher [requestMatcher=RequestHeaderRequestMatcher [expectedHeaderName=X-Requested-With, expectedHeaderValue=XMLHttpRequest]]
50446 [http-nio-8080-exec-3] DEBUG o.s.s.w.u.m.MediaTypeRequestMatcher - Did not match any media types
50446 [http-nio-8080-exec-2] DEBUG o.s.s.w.u.matcher.AndRequestMatcher - Trying to match using NegatedRequestMatcher [requestMatcher=RequestHeaderRequestMatcher [expectedHeaderName=X-Requested-With, expectedHeaderValue=XMLHttpRequest]]
50446 [http-nio-8080-exec-4] DEBUG o.s.s.w.u.m.NegatedRequestMatcher - matches = true
50446 [http-nio-8080-exec-2] DEBUG o.s.s.w.u.m.NegatedRequestMatcher - matches = true
50446 [http-nio-8080-exec-3] DEBUG o.s.s.w.u.m.NegatedRequestMatcher - matches = true
50446 [http-nio-8080-exec-2] DEBUG o.s.s.w.u.matcher.AndRequestMatcher - All requestMatchers returned true
50446 [http-nio-8080-exec-4] DEBUG o.s.s.w.u.matcher.AndRequestMatcher - All requestMatchers returned true
50446 [http-nio-8080-exec-3] DEBUG o.s.s.w.u.matcher.AndRequestMatcher - Trying to match using NegatedRequestMatcher [requestMatcher=RequestHeaderRequestMatcher [expectedHeaderName=X-Requested-With, expectedHeaderValue=XMLHttpRequest]]
50447 [http-nio-8080-exec-3] DEBUG o.s.s.w.u.m.NegatedRequestMatcher - matches = true
50447 [http-nio-8080-exec-3] DEBUG o.s.s.w.u.matcher.AndRequestMatcher - All requestMatchers returned true
50455 [http-nio-8080-exec-4] DEBUG o.s.s.w.s.HttpSessionRequestCache - DefaultSavedRequest added to Session: DefaultSavedRequest[http://localhost:8080/jquery/jquery-2.1.3.js]
50455 [http-nio-8080-exec-2] DEBUG o.s.s.w.s.HttpSessionRequestCache - DefaultSavedRequest added to Session: DefaultSavedRequest[http://localhost:8080/bootstrap/css/bootstrap.css]
50455 [http-nio-8080-exec-3] DEBUG o.s.s.w.s.HttpSessionRequestCache - DefaultSavedRequest added to Session: DefaultSavedRequest[http://localhost:8080/bootstrap/js/bootstrap.js]
50455 [http-nio-8080-exec-4] DEBUG o.s.s.w.a.ExceptionTranslationFilter - Calling Authentication entry point.
50455 [http-nio-8080-exec-2] DEBUG o.s.s.w.a.ExceptionTranslationFilter - Calling Authentication entry point.
50455 [http-nio-8080-exec-3] DEBUG o.s.s.w.a.ExceptionTranslationFilter - Calling Authentication entry point.
50456 [http-nio-8080-exec-3] DEBUG o.s.s.web.DefaultRedirectStrategy - Redirecting to 'http://localhost:8080/login'
50456 [http-nio-8080-exec-4] DEBUG o.s.s.web.DefaultRedirectStrategy - Redirecting to 'http://localhost:8080/login'
50456 [http-nio-8080-exec-2] DEBUG o.s.s.web.DefaultRedirectStrategy - Redirecting to 'http://localhost:8080/login'
50456 [http-nio-8080-exec-3] DEBUG o.s.s.w.c.HttpSessionSecurityContextRepository - SecurityContext is empty or contents are anonymous - context will not be stored in HttpSession.
50456 [http-nio-8080-exec-4] DEBUG o.s.s.w.c.HttpSessionSecurityContextRepository - SecurityContext is empty or contents are anonymous - context will not be stored in HttpSession.
50456 [http-nio-8080-exec-2] DEBUG o.s.s.w.c.HttpSessionSecurityContextRepository - SecurityContext is empty or contents are anonymous - context will not be stored in HttpSession.
50457 [http-nio-8080-exec-4] DEBUG o.s.s.w.c.SecurityContextPersistenceFilter - SecurityContextHolder now cleared, as request processing completed
50457 [http-nio-8080-exec-2] DEBUG o.s.s.w.c.SecurityContextPersistenceFilter - SecurityContextHolder now cleared, as request processing completed
50457 [http-nio-8080-exec-3] DEBUG o.s.s.w.c.SecurityContextPersistenceFilter - SecurityContextHolder now cleared, as request processing completed
50461 [http-nio-8080-exec-5] DEBUG o.s.s.w.u.matcher.OrRequestMatcher - Trying to match using Ant [pattern='/css/**']
50461 [http-nio-8080-exec-5] DEBUG o.s.s.w.u.m.AntPathRequestMatcher - Checking match of request : '/login'; against '/css/**'
50461 [http-nio-8080-exec-6] DEBUG o.s.s.w.u.matcher.OrRequestMatcher - Trying to match using Ant [pattern='/css/**']
50461 [http-nio-8080-exec-5] DEBUG o.s.s.w.u.matcher.OrRequestMatcher - Trying to match using Ant [pattern='/js/**']
50462 [http-nio-8080-exec-6] DEBUG o.s.s.w.u.m.AntPathRequestMatcher - Checking match of request : '/login'; against '/css/**'
50462 [http-nio-8080-exec-5] DEBUG o.s.s.w.u.m.AntPathRequestMatcher - Checking match of request : '/login'; against '/js/**'
50462 [http-nio-8080-exec-6] DEBUG o.s.s.w.u.matcher.OrRequestMatcher - Trying to match using Ant [pattern='/js/**']
50462 [http-nio-8080-exec-5] DEBUG o.s.s.w.u.matcher.OrRequestMatcher - Trying to match using Ant [pattern='/images/**']
50462 [http-nio-8080-exec-6] DEBUG o.s.s.w.u.m.AntPathRequestMatcher - Checking match of request : '/login'; against '/js/**'
50462 [http-nio-8080-exec-5] DEBUG o.s.s.w.u.m.AntPathRequestMatcher - Checking match of request : '/login'; against '/images/**'
50462 [http-nio-8080-exec-6] DEBUG o.s.s.w.u.matcher.OrRequestMatcher - Trying to match using Ant [pattern='/images/**']
50462 [http-nio-8080-exec-5] DEBUG o.s.s.w.u.matcher.OrRequestMatcher - Trying to match using Ant [pattern='/webjars/**']
50462 [http-nio-8080-exec-6] DEBUG o.s.s.w.u.m.AntPathRequestMatcher - Checking match of request : '/login'; against '/images/**'
50462 [http-nio-8080-exec-6] DEBUG o.s.s.w.u.matcher.OrRequestMatcher - Trying to match using Ant [pattern='/webjars/**']
50462 [http-nio-8080-exec-5] DEBUG o.s.s.w.u.m.AntPathRequestMatcher - Checking match of request : '/login'; against '/webjars/**'
50462 [http-nio-8080-exec-6] DEBUG o.s.s.w.u.m.AntPathRequestMatcher - Checking match of request : '/login'; against '/webjars/**'
50462 [http-nio-8080-exec-5] DEBUG o.s.s.w.u.matcher.OrRequestMatcher - Trying to match using Ant [pattern='/**/favicon.ico']
50462 [http-nio-8080-exec-6] DEBUG o.s.s.w.u.matcher.OrRequestMatcher - Trying to match using Ant [pattern='/**/favicon.ico']
50462 [http-nio-8080-exec-6] DEBUG o.s.s.w.u.m.AntPathRequestMatcher - Checking match of request : '/login'; against '/**/favicon.ico'
50462 [http-nio-8080-exec-5] DEBUG o.s.s.w.u.m.AntPathRequestMatcher - Checking match of request : '/login'; against '/**/favicon.ico'
50462 [http-nio-8080-exec-6] DEBUG o.s.s.w.u.matcher.OrRequestMatcher - Trying to match using Ant [pattern='/error']
50462 [http-nio-8080-exec-5] DEBUG o.s.s.w.u.matcher.OrRequestMatcher - Trying to match using Ant [pattern='/error']
50462 [http-nio-8080-exec-6] DEBUG o.s.s.w.u.m.AntPathRequestMatcher - Checking match of request : '/login'; against '/error'
50462 [http-nio-8080-exec-5] DEBUG o.s.s.w.u.m.AntPathRequestMatcher - Checking match of request : '/login'; against '/error'
50462 [http-nio-8080-exec-6] DEBUG o.s.s.w.u.matcher.OrRequestMatcher - No matches found
50462 [http-nio-8080-exec-5] DEBUG o.s.s.w.u.matcher.OrRequestMatcher - No matches found
50462 [http-nio-8080-exec-6] DEBUG o.s.security.web.FilterChainProxy - /login at position 1 of 12 in additional filter chain; firing Filter: 'WebAsyncManagerIntegrationFilter'
50462 [http-nio-8080-exec-5] DEBUG o.s.security.web.FilterChainProxy - /login at position 1 of 12 in additional filter chain; firing Filter: 'WebAsyncManagerIntegrationFilter'
50462 [http-nio-8080-exec-6] DEBUG o.s.security.web.FilterChainProxy - /login at position 2 of 12 in additional filter chain; firing Filter: 'SecurityContextPersistenceFilter'
50462 [http-nio-8080-exec-5] DEBUG o.s.security.web.FilterChainProxy - /login at position 2 of 12 in additional filter chain; firing Filter: 'SecurityContextPersistenceFilter'
50462 [http-nio-8080-exec-6] DEBUG o.s.s.w.c.HttpSessionSecurityContextRepository - HttpSession returned null object for SPRING_SECURITY_CONTEXT
50464 [http-nio-8080-exec-5] DEBUG o.s.s.w.c.HttpSessionSecurityContextRepository - HttpSession returned null object for SPRING_SECURITY_CONTEXT
50464 [http-nio-8080-exec-6] DEBUG o.s.s.w.c.HttpSessionSecurityContextRepository - No SecurityContext was available from the HttpSession: org.apache.catalina.session.StandardSessionFacade@59f4f7b4. A new one will be created.
50464 [http-nio-8080-exec-5] DEBUG o.s.s.w.c.HttpSessionSecurityContextRepository - No SecurityContext was available from the HttpSession: org.apache.catalina.session.StandardSessionFacade@59f4f7b4. A new one will be created.
50464 [http-nio-8080-exec-6] DEBUG o.s.security.web.FilterChainProxy - /login at position 3 of 12 in additional filter chain; firing Filter: 'HeaderWriterFilter'
50464 [http-nio-8080-exec-5] DEBUG o.s.security.web.FilterChainProxy - /login at position 3 of 12 in additional filter chain; firing Filter: 'HeaderWriterFilter'
50464 [http-nio-8080-exec-6] DEBUG o.s.s.w.h.writers.HstsHeaderWriter - Not injecting HSTS header since it did not match the requestMatcher org.springframework.security.web.header.writers.HstsHeaderWriter$SecureRequestMatcher@74ab9304
50464 [http-nio-8080-exec-5] DEBUG o.s.s.w.h.writers.HstsHeaderWriter - Not injecting HSTS header since it did not match the requestMatcher org.springframework.security.web.header.writers.HstsHeaderWriter$SecureRequestMatcher@74ab9304
50464 [http-nio-8080-exec-6] DEBUG o.s.security.web.FilterChainProxy - /login at position 4 of 12 in additional filter chain; firing Filter: 'CsrfFilter'
50464 [http-nio-8080-exec-5] DEBUG o.s.security.web.FilterChainProxy - /login at position 4 of 12 in additional filter chain; firing Filter: 'CsrfFilter'
50464 [http-nio-8080-exec-6] DEBUG o.s.security.web.FilterChainProxy - /login at position 5 of 12 in additional filter chain; firing Filter: 'LogoutFilter'
50464 [http-nio-8080-exec-5] DEBUG o.s.security.web.FilterChainProxy - /login at position 5 of 12 in additional filter chain; firing Filter: 'LogoutFilter'
50464 [http-nio-8080-exec-6] DEBUG o.s.s.w.u.m.AntPathRequestMatcher - Request 'GET /login' doesn't match 'POST /logout
50464 [http-nio-8080-exec-5] DEBUG o.s.s.w.u.m.AntPathRequestMatcher - Request 'GET /login' doesn't match 'POST /logout
50465 [http-nio-8080-exec-6] DEBUG o.s.security.web.FilterChainProxy - /login at position 6 of 12 in additional filter chain; firing Filter: 'UsernamePasswordAuthenticationFilter'
50465 [http-nio-8080-exec-5] DEBUG o.s.security.web.FilterChainProxy - /login at position 6 of 12 in additional filter chain; firing Filter: 'UsernamePasswordAuthenticationFilter'
50465 [http-nio-8080-exec-6] DEBUG o.s.s.w.u.m.AntPathRequestMatcher - Request 'GET /login' doesn't match 'POST /login
50465 [http-nio-8080-exec-5] DEBUG o.s.s.w.u.m.AntPathRequestMatcher - Request 'GET /login' doesn't match 'POST /login
50465 [http-nio-8080-exec-5] DEBUG o.s.security.web.FilterChainProxy - /login at position 7 of 12 in additional filter chain; firing Filter: 'RequestCacheAwareFilter'
50465 [http-nio-8080-exec-6] DEBUG o.s.security.web.FilterChainProxy - /login at position 7 of 12 in additional filter chain; firing Filter: 'RequestCacheAwareFilter'
50465 [http-nio-8080-exec-5] DEBUG o.s.s.w.s.DefaultSavedRequest - pathInfo: both null (property equals)
50465 [http-nio-8080-exec-6] DEBUG o.s.s.w.s.DefaultSavedRequest - pathInfo: both null (property equals)
50465 [http-nio-8080-exec-5] DEBUG o.s.s.w.s.DefaultSavedRequest - queryString: both null (property equals)
50465 [http-nio-8080-exec-6] DEBUG o.s.s.w.s.DefaultSavedRequest - queryString: both null (property equals)
50465 [http-nio-8080-exec-5] DEBUG o.s.s.w.s.DefaultSavedRequest - requestURI: arg1=/jquery/jquery-2.1.3.js; arg2=/login (property not equals)
50465 [http-nio-8080-exec-6] DEBUG o.s.s.w.s.DefaultSavedRequest - requestURI: arg1=/jquery/jquery-2.1.3.js; arg2=/login (property not equals)
50465 [http-nio-8080-exec-5] DEBUG o.s.s.w.s.HttpSessionRequestCache - saved request doesn't match
50465 [http-nio-8080-exec-6] DEBUG o.s.s.w.s.HttpSessionRequestCache - saved request doesn't match
50465 [http-nio-8080-exec-6] DEBUG o.s.security.web.FilterChainProxy - /login at position 8 of 12 in additional filter chain; firing Filter: 'SecurityContextHolderAwareRequestFilter'
50465 [http-nio-8080-exec-5] DEBUG o.s.security.web.FilterChainProxy - /login at position 8 of 12 in additional filter chain; firing Filter: 'SecurityContextHolderAwareRequestFilter'
50465 [http-nio-8080-exec-6] DEBUG o.s.security.web.FilterChainProxy - /login at position 9 of 12 in additional filter chain; firing Filter: 'AnonymousAuthenticationFilter'
50465 [http-nio-8080-exec-5] DEBUG o.s.security.web.FilterChainProxy - /login at position 9 of 12 in additional filter chain; firing Filter: 'AnonymousAuthenticationFilter'
50465 [http-nio-8080-exec-6] DEBUG o.s.s.w.a.AnonymousAuthenticationFilter - Populated SecurityContextHolder with anonymous token: 'org.springframework.security.authentication.AnonymousAuthenticationToken@6fabe8e0: Principal: anonymousUser; Credentials: [PROTECTED]; Authenticated: true; Details: org.springframework.security.web.authentication.WebAuthenticationDetails@fffe9938: RemoteIpAddress: 0:0:0:0:0:0:0:1; SessionId: 760D79BA12046463C13AD8F04AD89B62; Granted Authorities: ROLE_ANONYMOUS'
50465 [http-nio-8080-exec-6] DEBUG o.s.security.web.FilterChainProxy - /login at position 10 of 12 in additional filter chain; firing Filter: 'SessionManagementFilter'
50465 [http-nio-8080-exec-5] DEBUG o.s.s.w.a.AnonymousAuthenticationFilter - Populated SecurityContextHolder with anonymous token: 'org.springframework.security.authentication.AnonymousAuthenticationToken@6fabe8e0: Principal: anonymousUser; Credentials: [PROTECTED]; Authenticated: true; Details: org.springframework.security.web.authentication.WebAuthenticationDetails@fffe9938: RemoteIpAddress: 0:0:0:0:0:0:0:1; SessionId: 760D79BA12046463C13AD8F04AD89B62; Granted Authorities: ROLE_ANONYMOUS'
50465 [http-nio-8080-exec-5] DEBUG o.s.security.web.FilterChainProxy - /login at position 10 of 12 in additional filter chain; firing Filter: 'SessionManagementFilter'
50465 [http-nio-8080-exec-6] DEBUG o.s.security.web.FilterChainProxy - /login at position 11 of 12 in additional filter chain; firing Filter: 'ExceptionTranslationFilter'
50465 [http-nio-8080-exec-5] DEBUG o.s.security.web.FilterChainProxy - /login at position 11 of 12 in additional filter chain; firing Filter: 'ExceptionTranslationFilter'
50465 [http-nio-8080-exec-6] DEBUG o.s.security.web.FilterChainProxy - /login at position 12 of 12 in additional filter chain; firing Filter: 'FilterSecurityInterceptor'
50465 [http-nio-8080-exec-5] DEBUG o.s.security.web.FilterChainProxy - /login at position 12 of 12 in additional filter chain; firing Filter: 'FilterSecurityInterceptor'
50465 [http-nio-8080-exec-6] DEBUG o.s.s.w.a.i.FilterSecurityInterceptor - Secure object: FilterInvocation: URL: /login; Attributes: [permitAll]
50466 [http-nio-8080-exec-5] DEBUG o.s.s.w.a.i.FilterSecurityInterceptor - Secure object: FilterInvocation: URL: /login; Attributes: [permitAll]
50466 [http-nio-8080-exec-6] DEBUG o.s.s.w.a.i.FilterSecurityInterceptor - Previously Authenticated: org.springframework.security.authentication.AnonymousAuthenticationToken@6fabe8e0: Principal: anonymousUser; Credentials: [PROTECTED]; Authenticated: true; Details: org.springframework.security.web.authentication.WebAuthenticationDetails@fffe9938: RemoteIpAddress: 0:0:0:0:0:0:0:1; SessionId: 760D79BA12046463C13AD8F04AD89B62; Granted Authorities: ROLE_ANONYMOUS
50466 [http-nio-8080-exec-5] DEBUG o.s.s.w.a.i.FilterSecurityInterceptor - Previously Authenticated: org.springframework.security.authentication.AnonymousAuthenticationToken@6fabe8e0: Principal: anonymousUser; Credentials: [PROTECTED]; Authenticated: true; Details: org.springframework.security.web.authentication.WebAuthenticationDetails@fffe9938: RemoteIpAddress: 0:0:0:0:0:0:0:1; SessionId: 760D79BA12046463C13AD8F04AD89B62; Granted Authorities: ROLE_ANONYMOUS
50466 [http-nio-8080-exec-5] DEBUG o.s.s.access.vote.AffirmativeBased - Voter: org.springframework.security.web.access.expression.WebExpressionVoter@21e3b16c, returned: 1
50466 [http-nio-8080-exec-6] DEBUG o.s.s.access.vote.AffirmativeBased - Voter: org.springframework.security.web.access.expression.WebExpressionVoter@21e3b16c, returned: 1
50466 [http-nio-8080-exec-6] DEBUG o.s.s.w.a.i.FilterSecurityInterceptor - Authorization successful
50466 [http-nio-8080-exec-5] DEBUG o.s.s.w.a.i.FilterSecurityInterceptor - Authorization successful
50466 [http-nio-8080-exec-6] DEBUG o.s.s.w.a.i.FilterSecurityInterceptor - RunAsManager did not change Authentication object
50466 [http-nio-8080-exec-5] DEBUG o.s.s.w.a.i.FilterSecurityInterceptor - RunAsManager did not change Authentication object
50466 [http-nio-8080-exec-6] DEBUG o.s.security.web.FilterChainProxy - /login reached end of additional filter chain; proceeding with original chain
50466 [http-nio-8080-exec-5] DEBUG o.s.security.web.FilterChainProxy - /login reached end of additional filter chain; proceeding with original chain
50468 [http-nio-8080-exec-5] DEBUG o.s.s.w.c.HttpSessionSecurityContextRepository - SecurityContext is empty or contents are anonymous - context will not be stored in HttpSession.
50469 [http-nio-8080-exec-5] DEBUG o.s.s.w.a.ExceptionTranslationFilter - Chain processed normally
50469 [http-nio-8080-exec-5] DEBUG o.s.s.w.c.SecurityContextPersistenceFilter - SecurityContextHolder now cleared, as request processing completed
50470 [http-nio-8080-exec-6] DEBUG o.s.s.w.c.HttpSessionSecurityContextRepository - SecurityContext is empty or contents are anonymous - context will not be stored in HttpSession.
50471 [http-nio-8080-exec-6] DEBUG o.s.s.w.a.ExceptionTranslationFilter - Chain processed normally
50471 [http-nio-8080-exec-6] DEBUG o.s.s.w.c.SecurityContextPersistenceFilter - SecurityContextHolder now cleared, as request processing completed
50472 [http-nio-8080-exec-7] DEBUG o.s.s.w.u.matcher.OrRequestMatcher - Trying to match using Ant [pattern='/css/**']
50472 [http-nio-8080-exec-7] DEBUG o.s.s.w.u.m.AntPathRequestMatcher - Checking match of request : '/login'; against '/css/**'
50472 [http-nio-8080-exec-7] DEBUG o.s.s.w.u.matcher.OrRequestMatcher - Trying to match using Ant [pattern='/js/**']
50472 [http-nio-8080-exec-7] DEBUG o.s.s.w.u.m.AntPathRequestMatcher - Checking match of request : '/login'; against '/js/**'
50472 [http-nio-8080-exec-7] DEBUG o.s.s.w.u.matcher.OrRequestMatcher - Trying to match using Ant [pattern='/images/**']
50472 [http-nio-8080-exec-7] DEBUG o.s.s.w.u.m.AntPathRequestMatcher - Checking match of request : '/login'; against '/images/**'
50472 [http-nio-8080-exec-7] DEBUG o.s.s.w.u.matcher.OrRequestMatcher - Trying to match using Ant [pattern='/webjars/**']
50472 [http-nio-8080-exec-7] DEBUG o.s.s.w.u.m.AntPathRequestMatcher - Checking match of request : '/login'; against '/webjars/**'
50472 [http-nio-8080-exec-7] DEBUG o.s.s.w.u.matcher.OrRequestMatcher - Trying to match using Ant [pattern='/**/favicon.ico']
50472 [http-nio-8080-exec-7] DEBUG o.s.s.w.u.m.AntPathRequestMatcher - Checking match of request : '/login'; against '/**/favicon.ico'
50472 [http-nio-8080-exec-7] DEBUG o.s.s.w.u.matcher.OrRequestMatcher - Trying to match using Ant [pattern='/error']
50472 [http-nio-8080-exec-7] DEBUG o.s.s.w.u.m.AntPathRequestMatcher - Checking match of request : '/login'; against '/error'
50472 [http-nio-8080-exec-7] DEBUG o.s.s.w.u.matcher.OrRequestMatcher - No matches found
50472 [http-nio-8080-exec-7] DEBUG o.s.security.web.FilterChainProxy - /login at position 1 of 12 in additional filter chain; firing Filter: 'WebAsyncManagerIntegrationFilter'
50472 [http-nio-8080-exec-7] DEBUG o.s.security.web.FilterChainProxy - /login at position 2 of 12 in additional filter chain; firing Filter: 'SecurityContextPersistenceFilter'
50472 [http-nio-8080-exec-7] DEBUG o.s.s.w.c.HttpSessionSecurityContextRepository - HttpSession returned null object for SPRING_SECURITY_CONTEXT
50473 [http-nio-8080-exec-7] DEBUG o.s.s.w.c.HttpSessionSecurityContextRepository - No SecurityContext was available from the HttpSession: org.apache.catalina.session.StandardSessionFacade@59f4f7b4. A new one will be created.
50473 [http-nio-8080-exec-7] DEBUG o.s.security.web.FilterChainProxy - /login at position 3 of 12 in additional filter chain; firing Filter: 'HeaderWriterFilter'
50473 [http-nio-8080-exec-7] DEBUG o.s.s.w.h.writers.HstsHeaderWriter - Not injecting HSTS header since it did not match the requestMatcher org.springframework.security.web.header.writers.HstsHeaderWriter$SecureRequestMatcher@74ab9304
50473 [http-nio-8080-exec-7] DEBUG o.s.security.web.FilterChainProxy - /login at position 4 of 12 in additional filter chain; firing Filter: 'CsrfFilter'
50473 [http-nio-8080-exec-7] DEBUG o.s.security.web.FilterChainProxy - /login at position 5 of 12 in additional filter chain; firing Filter: 'LogoutFilter'
50473 [http-nio-8080-exec-7] DEBUG o.s.s.w.u.m.AntPathRequestMatcher - Request 'GET /login' doesn't match 'POST /logout
50473 [http-nio-8080-exec-7] DEBUG o.s.security.web.FilterChainProxy - /login at position 6 of 12 in additional filter chain; firing Filter: 'UsernamePasswordAuthenticationFilter'
50473 [http-nio-8080-exec-7] DEBUG o.s.s.w.u.m.AntPathRequestMatcher - Request 'GET /login' doesn't match 'POST /login
50473 [http-nio-8080-exec-7] DEBUG o.s.security.web.FilterChainProxy - /login at position 7 of 12 in additional filter chain; firing Filter: 'RequestCacheAwareFilter'
50473 [http-nio-8080-exec-7] DEBUG o.s.s.w.s.DefaultSavedRequest - pathInfo: both null (property equals)
50473 [http-nio-8080-exec-7] DEBUG o.s.s.w.s.DefaultSavedRequest - queryString: both null (property equals)
50473 [http-nio-8080-exec-7] DEBUG o.s.s.w.s.DefaultSavedRequest - requestURI: arg1=/jquery/jquery-2.1.3.js; arg2=/login (property not equals)
50473 [http-nio-8080-exec-7] DEBUG o.s.s.w.s.HttpSessionRequestCache - saved request doesn't match
50473 [http-nio-8080-exec-7] DEBUG o.s.security.web.FilterChainProxy - /login at position 8 of 12 in additional filter chain; firing Filter: 'SecurityContextHolderAwareRequestFilter'
50473 [http-nio-8080-exec-7] DEBUG o.s.security.web.FilterChainProxy - /login at position 9 of 12 in additional filter chain; firing Filter: 'AnonymousAuthenticationFilter'
50473 [http-nio-8080-exec-7] DEBUG o.s.s.w.a.AnonymousAuthenticationFilter - Populated SecurityContextHolder with anonymous token: 'org.springframework.security.authentication.AnonymousAuthenticationToken@6fabe8e0: Principal: anonymousUser; Credentials: [PROTECTED]; Authenticated: true; Details: org.springframework.security.web.authentication.WebAuthenticationDetails@fffe9938: RemoteIpAddress: 0:0:0:0:0:0:0:1; SessionId: 760D79BA12046463C13AD8F04AD89B62; Granted Authorities: ROLE_ANONYMOUS'
50473 [http-nio-8080-exec-7] DEBUG o.s.security.web.FilterChainProxy - /login at position 10 of 12 in additional filter chain; firing Filter: 'SessionManagementFilter'
50473 [http-nio-8080-exec-7] DEBUG o.s.security.web.FilterChainProxy - /login at position 11 of 12 in additional filter chain; firing Filter: 'ExceptionTranslationFilter'
50473 [http-nio-8080-exec-7] DEBUG o.s.security.web.FilterChainProxy - /login at position 12 of 12 in additional filter chain; firing Filter: 'FilterSecurityInterceptor'
50473 [http-nio-8080-exec-7] DEBUG o.s.s.w.a.i.FilterSecurityInterceptor - Secure object: FilterInvocation: URL: /login; Attributes: [permitAll]
50473 [http-nio-8080-exec-7] DEBUG o.s.s.w.a.i.FilterSecurityInterceptor - Previously Authenticated: org.springframework.security.authentication.AnonymousAuthenticationToken@6fabe8e0: Principal: anonymousUser; Credentials: [PROTECTED]; Authenticated: true; Details: org.springframework.security.web.authentication.WebAuthenticationDetails@fffe9938: RemoteIpAddress: 0:0:0:0:0:0:0:1; SessionId: 760D79BA12046463C13AD8F04AD89B62; Granted Authorities: ROLE_ANONYMOUS
50473 [http-nio-8080-exec-7] DEBUG o.s.s.access.vote.AffirmativeBased - Voter: org.springframework.security.web.access.expression.WebExpressionVoter@21e3b16c, returned: 1
50473 [http-nio-8080-exec-7] DEBUG o.s.s.w.a.i.FilterSecurityInterceptor - Authorization successful
50473 [http-nio-8080-exec-7] DEBUG o.s.s.w.a.i.FilterSecurityInterceptor - RunAsManager did not change Authentication object
50473 [http-nio-8080-exec-7] DEBUG o.s.security.web.FilterChainProxy - /login reached end of additional filter chain; proceeding with original chain
50475 [http-nio-8080-exec-7] DEBUG o.s.s.w.c.HttpSessionSecurityContextRepository - SecurityContext is empty or contents are anonymous - context will not be stored in HttpSession.
50476 [http-nio-8080-exec-7] DEBUG o.s.s.w.a.ExceptionTranslationFilter - Chain processed normally
50476 [http-nio-8080-exec-7] DEBUG o.s.s.w.c.SecurityContextPersistenceFilter - SecurityContextHolder now cleared, as request processing completed
59682 [http-nio-8080-exec-8] DEBUG o.s.s.w.u.matcher.OrRequestMatcher - Trying to match using Ant [pattern='/css/**']
59682 [http-nio-8080-exec-8] DEBUG o.s.s.w.u.m.AntPathRequestMatcher - Checking match of request : '/login'; against '/css/**'
59682 [http-nio-8080-exec-8] DEBUG o.s.s.w.u.matcher.OrRequestMatcher - Trying to match using Ant [pattern='/js/**']
59683 [http-nio-8080-exec-8] DEBUG o.s.s.w.u.m.AntPathRequestMatcher - Checking match of request : '/login'; against '/js/**'
59683 [http-nio-8080-exec-8] DEBUG o.s.s.w.u.matcher.OrRequestMatcher - Trying to match using Ant [pattern='/images/**']
59683 [http-nio-8080-exec-8] DEBUG o.s.s.w.u.m.AntPathRequestMatcher - Checking match of request : '/login'; against '/images/**'
59683 [http-nio-8080-exec-8] DEBUG o.s.s.w.u.matcher.OrRequestMatcher - Trying to match using Ant [pattern='/webjars/**']
59683 [http-nio-8080-exec-8] DEBUG o.s.s.w.u.m.AntPathRequestMatcher - Checking match of request : '/login'; against '/webjars/**'
59683 [http-nio-8080-exec-8] DEBUG o.s.s.w.u.matcher.OrRequestMatcher - Trying to match using Ant [pattern='/**/favicon.ico']
59683 [http-nio-8080-exec-8] DEBUG o.s.s.w.u.m.AntPathRequestMatcher - Checking match of request : '/login'; against '/**/favicon.ico'
59683 [http-nio-8080-exec-8] DEBUG o.s.s.w.u.matcher.OrRequestMatcher - Trying to match using Ant [pattern='/error']
59683 [http-nio-8080-exec-8] DEBUG o.s.s.w.u.m.AntPathRequestMatcher - Checking match of request : '/login'; against '/error'
59683 [http-nio-8080-exec-8] DEBUG o.s.s.w.u.matcher.OrRequestMatcher - No matches found
59683 [http-nio-8080-exec-8] DEBUG o.s.security.web.FilterChainProxy - /login at position 1 of 12 in additional filter chain; firing Filter: 'WebAsyncManagerIntegrationFilter'
59683 [http-nio-8080-exec-8] DEBUG o.s.security.web.FilterChainProxy - /login at position 2 of 12 in additional filter chain; firing Filter: 'SecurityContextPersistenceFilter'
59683 [http-nio-8080-exec-8] DEBUG o.s.s.w.c.HttpSessionSecurityContextRepository - HttpSession returned null object for SPRING_SECURITY_CONTEXT
59683 [http-nio-8080-exec-8] DEBUG o.s.s.w.c.HttpSessionSecurityContextRepository - No SecurityContext was available from the HttpSession: org.apache.catalina.session.StandardSessionFacade@59f4f7b4. A new one will be created.
59683 [http-nio-8080-exec-8] DEBUG o.s.security.web.FilterChainProxy - /login at position 3 of 12 in additional filter chain; firing Filter: 'HeaderWriterFilter'
59683 [http-nio-8080-exec-8] DEBUG o.s.s.w.h.writers.HstsHeaderWriter - Not injecting HSTS header since it did not match the requestMatcher org.springframework.security.web.header.writers.HstsHeaderWriter$SecureRequestMatcher@74ab9304
59683 [http-nio-8080-exec-8] DEBUG o.s.security.web.FilterChainProxy - /login at position 4 of 12 in additional filter chain; firing Filter: 'CsrfFilter'
59684 [http-nio-8080-exec-8] DEBUG o.s.security.web.csrf.CsrfFilter - Invalid CSRF token found for http://localhost:8080/login
59685 [http-nio-8080-exec-8] DEBUG o.s.s.w.c.HttpSessionSecurityContextRepository - SecurityContext is empty or contents are anonymous - context will not be stored in HttpSession.
59685 [http-nio-8080-exec-8] DEBUG o.s.s.w.c.SecurityContextPersistenceFilter - SecurityContextHolder now cleared, as request processing completed
144204 [http-nio-8080-exec-3] DEBUG o.s.s.w.u.matcher.OrRequestMatcher - Trying to match using Ant [pattern='/css/**']
144206 [http-nio-8080-exec-3] DEBUG o.s.s.w.u.m.AntPathRequestMatcher - Checking match of request : '/'; against '/css/**'
144206 [http-nio-8080-exec-3] DEBUG o.s.s.w.u.matcher.OrRequestMatcher - Trying to match using Ant [pattern='/js/**']
144206 [http-nio-8080-exec-3] DEBUG o.s.s.w.u.m.AntPathRequestMatcher - Checking match of request : '/'; against '/js/**'
144206 [http-nio-8080-exec-3] DEBUG o.s.s.w.u.matcher.OrRequestMatcher - Trying to match using Ant [pattern='/images/**']
144206 [http-nio-8080-exec-3] DEBUG o.s.s.w.u.m.AntPathRequestMatcher - Checking match of request : '/'; against '/images/**'
144206 [http-nio-8080-exec-3] DEBUG o.s.s.w.u.matcher.OrRequestMatcher - Trying to match using Ant [pattern='/webjars/**']
144206 [http-nio-8080-exec-3] DEBUG o.s.s.w.u.m.AntPathRequestMatcher - Checking match of request : '/'; against '/webjars/**'
144206 [http-nio-8080-exec-3] DEBUG o.s.s.w.u.matcher.OrRequestMatcher - Trying to match using Ant [pattern='/**/favicon.ico']
144206 [http-nio-8080-exec-3] DEBUG o.s.s.w.u.m.AntPathRequestMatcher - Checking match of request : '/'; against '/**/favicon.ico'
144206 [http-nio-8080-exec-3] DEBUG o.s.s.w.u.matcher.OrRequestMatcher - Trying to match using Ant [pattern='/error']
144206 [http-nio-8080-exec-3] DEBUG o.s.s.w.u.m.AntPathRequestMatcher - Checking match of request : '/'; against '/error'
144206 [http-nio-8080-exec-3] DEBUG o.s.s.w.u.matcher.OrRequestMatcher - No matches found
144206 [http-nio-8080-exec-3] DEBUG o.s.security.web.FilterChainProxy - / at position 1 of 12 in additional filter chain; firing Filter: 'WebAsyncManagerIntegrationFilter'
144206 [http-nio-8080-exec-3] DEBUG o.s.security.web.FilterChainProxy - / at position 2 of 12 in additional filter chain; firing Filter: 'SecurityContextPersistenceFilter'
144206 [http-nio-8080-exec-3] DEBUG o.s.s.w.c.HttpSessionSecurityContextRepository - HttpSession returned null object for SPRING_SECURITY_CONTEXT
144206 [http-nio-8080-exec-3] DEBUG o.s.s.w.c.HttpSessionSecurityContextRepository - No SecurityContext was available from the HttpSession: org.apache.catalina.session.StandardSessionFacade@59f4f7b4. A new one will be created.
144206 [http-nio-8080-exec-3] DEBUG o.s.security.web.FilterChainProxy - / at position 3 of 12 in additional filter chain; firing Filter: 'HeaderWriterFilter'
144207 [http-nio-8080-exec-3] DEBUG o.s.s.w.h.writers.HstsHeaderWriter - Not injecting HSTS header since it did not match the requestMatcher org.springframework.security.web.header.writers.HstsHeaderWriter$SecureRequestMatcher@74ab9304
144207 [http-nio-8080-exec-3] DEBUG o.s.security.web.FilterChainProxy - / at position 4 of 12 in additional filter chain; firing Filter: 'CsrfFilter'
144207 [http-nio-8080-exec-3] DEBUG o.s.security.web.FilterChainProxy - / at position 5 of 12 in additional filter chain; firing Filter: 'LogoutFilter'
144207 [http-nio-8080-exec-3] DEBUG o.s.s.w.u.m.AntPathRequestMatcher - Request 'GET /' doesn't match 'POST /logout
144207 [http-nio-8080-exec-3] DEBUG o.s.security.web.FilterChainProxy - / at position 6 of 12 in additional filter chain; firing Filter: 'UsernamePasswordAuthenticationFilter'
144207 [http-nio-8080-exec-3] DEBUG o.s.s.w.u.m.AntPathRequestMatcher - Request 'GET /' doesn't match 'POST /login
144207 [http-nio-8080-exec-3] DEBUG o.s.security.web.FilterChainProxy - / at position 7 of 12 in additional filter chain; firing Filter: 'RequestCacheAwareFilter'
144207 [http-nio-8080-exec-3] DEBUG o.s.s.w.s.DefaultSavedRequest - pathInfo: both null (property equals)
144207 [http-nio-8080-exec-3] DEBUG o.s.s.w.s.DefaultSavedRequest - queryString: both null (property equals)
144207 [http-nio-8080-exec-3] DEBUG o.s.s.w.s.DefaultSavedRequest - requestURI: arg1=/jquery/jquery-2.1.3.js; arg2=/ (property not equals)
144211 [http-nio-8080-exec-3] DEBUG o.s.s.w.s.HttpSessionRequestCache - saved request doesn't match
144211 [http-nio-8080-exec-3] DEBUG o.s.security.web.FilterChainProxy - / at position 8 of 12 in additional filter chain; firing Filter: 'SecurityContextHolderAwareRequestFilter'
144211 [http-nio-8080-exec-3] DEBUG o.s.security.web.FilterChainProxy - / at position 9 of 12 in additional filter chain; firing Filter: 'AnonymousAuthenticationFilter'
144211 [http-nio-8080-exec-3] DEBUG o.s.s.w.a.AnonymousAuthenticationFilter - Populated SecurityContextHolder with anonymous token: 'org.springframework.security.authentication.AnonymousAuthenticationToken@6fabe8e0: Principal: anonymousUser; Credentials: [PROTECTED]; Authenticated: true; Details: org.springframework.security.web.authentication.WebAuthenticationDetails@fffe9938: RemoteIpAddress: 0:0:0:0:0:0:0:1; SessionId: 760D79BA12046463C13AD8F04AD89B62; Granted Authorities: ROLE_ANONYMOUS'
144211 [http-nio-8080-exec-3] DEBUG o.s.security.web.FilterChainProxy - / at position 10 of 12 in additional filter chain; firing Filter: 'SessionManagementFilter'
144211 [http-nio-8080-exec-3] DEBUG o.s.security.web.FilterChainProxy - / at position 11 of 12 in additional filter chain; firing Filter: 'ExceptionTranslationFilter'
144211 [http-nio-8080-exec-3] DEBUG o.s.security.web.FilterChainProxy - / at position 12 of 12 in additional filter chain; firing Filter: 'FilterSecurityInterceptor'
144211 [http-nio-8080-exec-3] DEBUG o.s.s.w.u.m.AntPathRequestMatcher - Request 'GET /' doesn't match 'POST /logout
144211 [http-nio-8080-exec-3] DEBUG o.s.s.w.u.m.AntPathRequestMatcher - Checking match of request : '/'; against '/'
144211 [http-nio-8080-exec-3] DEBUG o.s.s.w.a.i.FilterSecurityInterceptor - Secure object: FilterInvocation: URL: /; Attributes: [permitAll]
144211 [http-nio-8080-exec-3] DEBUG o.s.s.w.a.i.FilterSecurityInterceptor - Previously Authenticated: org.springframework.security.authentication.AnonymousAuthenticationToken@6fabe8e0: Principal: anonymousUser; Credentials: [PROTECTED]; Authenticated: true; Details: org.springframework.security.web.authentication.WebAuthenticationDetails@fffe9938: RemoteIpAddress: 0:0:0:0:0:0:0:1; SessionId: 760D79BA12046463C13AD8F04AD89B62; Granted Authorities: ROLE_ANONYMOUS
144212 [http-nio-8080-exec-3] DEBUG o.s.s.access.vote.AffirmativeBased - Voter: org.springframework.security.web.access.expression.WebExpressionVoter@21e3b16c, returned: 1
144212 [http-nio-8080-exec-3] DEBUG o.s.s.w.a.i.FilterSecurityInterceptor - Authorization successful
144212 [http-nio-8080-exec-3] DEBUG o.s.s.w.a.i.FilterSecurityInterceptor - RunAsManager did not change Authentication object
144212 [http-nio-8080-exec-3] DEBUG o.s.security.web.FilterChainProxy - / reached end of additional filter chain; proceeding with original chain
144216 [http-nio-8080-exec-3] DEBUG o.s.s.w.u.matcher.OrRequestMatcher - Trying to match using Ant [pattern='/css/**']
144216 [http-nio-8080-exec-3] DEBUG o.s.s.w.u.m.AntPathRequestMatcher - Checking match of request : '/index.html'; against '/css/**'
144216 [http-nio-8080-exec-3] DEBUG o.s.s.w.u.matcher.OrRequestMatcher - Trying to match using Ant [pattern='/js/**']
144216 [http-nio-8080-exec-3] DEBUG o.s.s.w.u.m.AntPathRequestMatcher - Checking match of request : '/index.html'; against '/js/**'
144216 [http-nio-8080-exec-3] DEBUG o.s.s.w.u.matcher.OrRequestMatcher - Trying to match using Ant [pattern='/images/**']
144216 [http-nio-8080-exec-3] DEBUG o.s.s.w.u.m.AntPathRequestMatcher - Checking match of request : '/index.html'; against '/images/**'
144216 [http-nio-8080-exec-3] DEBUG o.s.s.w.u.matcher.OrRequestMatcher - Trying to match using Ant [pattern='/webjars/**']
144216 [http-nio-8080-exec-3] DEBUG o.s.s.w.u.m.AntPathRequestMatcher - Checking match of request : '/index.html'; against '/webjars/**'
144216 [http-nio-8080-exec-3] DEBUG o.s.s.w.u.matcher.OrRequestMatcher - Trying to match using Ant [pattern='/**/favicon.ico']
144216 [http-nio-8080-exec-3] DEBUG o.s.s.w.u.m.AntPathRequestMatcher - Checking match of request : '/index.html'; against '/**/favicon.ico'
144216 [http-nio-8080-exec-3] DEBUG o.s.s.w.u.matcher.OrRequestMatcher - Trying to match using Ant [pattern='/error']
144216 [http-nio-8080-exec-3] DEBUG o.s.s.w.u.m.AntPathRequestMatcher - Checking match of request : '/index.html'; against '/error'
144216 [http-nio-8080-exec-3] DEBUG o.s.s.w.u.matcher.OrRequestMatcher - No matches found
144216 [http-nio-8080-exec-3] DEBUG o.s.security.web.FilterChainProxy - /index.html at position 1 of 12 in additional filter chain; firing Filter: 'WebAsyncManagerIntegrationFilter'
144216 [http-nio-8080-exec-3] DEBUG o.s.security.web.FilterChainProxy - /index.html at position 2 of 12 in additional filter chain; firing Filter: 'SecurityContextPersistenceFilter'
144216 [http-nio-8080-exec-3] DEBUG o.s.security.web.FilterChainProxy - /index.html at position 3 of 12 in additional filter chain; firing Filter: 'HeaderWriterFilter'
144216 [http-nio-8080-exec-3] DEBUG o.s.security.web.FilterChainProxy - /index.html at position 4 of 12 in additional filter chain; firing Filter: 'CsrfFilter'
144216 [http-nio-8080-exec-3] DEBUG o.s.security.web.FilterChainProxy - /index.html at position 5 of 12 in additional filter chain; firing Filter: 'LogoutFilter'
144216 [http-nio-8080-exec-3] DEBUG o.s.s.w.u.m.AntPathRequestMatcher - Request 'GET /index.html' doesn't match 'POST /logout
144216 [http-nio-8080-exec-3] DEBUG o.s.security.web.FilterChainProxy - /index.html at position 6 of 12 in additional filter chain; firing Filter: 'UsernamePasswordAuthenticationFilter'
144216 [http-nio-8080-exec-3] DEBUG o.s.s.w.u.m.AntPathRequestMatcher - Request 'GET /index.html' doesn't match 'POST /login
144216 [http-nio-8080-exec-3] DEBUG o.s.security.web.FilterChainProxy - /index.html at position 7 of 12 in additional filter chain; firing Filter: 'RequestCacheAwareFilter'
144216 [http-nio-8080-exec-3] DEBUG o.s.s.w.s.DefaultSavedRequest - pathInfo: both null (property equals)
144216 [http-nio-8080-exec-3] DEBUG o.s.s.w.s.DefaultSavedRequest - queryString: both null (property equals)
144216 [http-nio-8080-exec-3] DEBUG o.s.s.w.s.DefaultSavedRequest - requestURI: arg1=/jquery/jquery-2.1.3.js; arg2=/index.html (property not equals)
144216 [http-nio-8080-exec-3] DEBUG o.s.s.w.s.HttpSessionRequestCache - saved request doesn't match
144216 [http-nio-8080-exec-3] DEBUG o.s.security.web.FilterChainProxy - /index.html at position 8 of 12 in additional filter chain; firing Filter: 'SecurityContextHolderAwareRequestFilter'
144216 [http-nio-8080-exec-3] DEBUG o.s.security.web.FilterChainProxy - /index.html at position 9 of 12 in additional filter chain; firing Filter: 'AnonymousAuthenticationFilter'
144219 [http-nio-8080-exec-3] DEBUG o.s.s.w.a.AnonymousAuthenticationFilter - SecurityContextHolder not populated with anonymous token, as it already contained: 'org.springframework.security.authentication.AnonymousAuthenticationToken@6fabe8e0: Principal: anonymousUser; Credentials: [PROTECTED]; Authenticated: true; Details: org.springframework.security.web.authentication.WebAuthenticationDetails@fffe9938: RemoteIpAddress: 0:0:0:0:0:0:0:1; SessionId: 760D79BA12046463C13AD8F04AD89B62; Granted Authorities: ROLE_ANONYMOUS'
144219 [http-nio-8080-exec-3] DEBUG o.s.security.web.FilterChainProxy - /index.html at position 10 of 12 in additional filter chain; firing Filter: 'SessionManagementFilter'
144219 [http-nio-8080-exec-3] DEBUG o.s.security.web.FilterChainProxy - /index.html at position 11 of 12 in additional filter chain; firing Filter: 'ExceptionTranslationFilter'
144219 [http-nio-8080-exec-3] DEBUG o.s.security.web.FilterChainProxy - /index.html at position 12 of 12 in additional filter chain; firing Filter: 'FilterSecurityInterceptor'
144219 [http-nio-8080-exec-3] DEBUG o.s.security.web.FilterChainProxy - /index.html reached end of additional filter chain; proceeding with original chain
144224 [http-nio-8080-exec-3] DEBUG o.s.s.w.c.HttpSessionSecurityContextRepository - SecurityContext is empty or contents are anonymous - context will not be stored in HttpSession.
144225 [http-nio-8080-exec-3] DEBUG o.s.s.w.a.ExceptionTranslationFilter - Chain processed normally
144225 [http-nio-8080-exec-3] DEBUG o.s.s.w.a.ExceptionTranslationFilter - Chain processed normally
144225 [http-nio-8080-exec-3] DEBUG o.s.s.w.c.SecurityContextPersistenceFilter - SecurityContextHolder now cleared, as request processing completed
144234 [http-nio-8080-exec-5] DEBUG o.s.s.w.u.matcher.OrRequestMatcher - Trying to match using Ant [pattern='/css/**']
144234 [http-nio-8080-exec-6] DEBUG o.s.s.w.u.matcher.OrRequestMatcher - Trying to match using Ant [pattern='/css/**']
144234 [http-nio-8080-exec-5] DEBUG o.s.s.w.u.m.AntPathRequestMatcher - Checking match of request : '/bootstrap/css/bootstrap.css'; against '/css/**'
144234 [http-nio-8080-exec-7] DEBUG o.s.s.w.u.matcher.OrRequestMatcher - Trying to match using Ant [pattern='/css/**']
144234 [http-nio-8080-exec-7] DEBUG o.s.s.w.u.m.AntPathRequestMatcher - Checking match of request : '/bootstrap/js/bootstrap.js'; against '/css/**'
144234 [http-nio-8080-exec-6] DEBUG o.s.s.w.u.m.AntPathRequestMatcher - Checking match of request : '/jquery/jquery-2.1.3.js'; against '/css/**'
144234 [http-nio-8080-exec-5] DEBUG o.s.s.w.u.matcher.OrRequestMatcher - Trying to match using Ant [pattern='/js/**']
144234 [http-nio-8080-exec-7] DEBUG o.s.s.w.u.matcher.OrRequestMatcher - Trying to match using Ant [pattern='/js/**']
144234 [http-nio-8080-exec-6] DEBUG o.s.s.w.u.matcher.OrRequestMatcher - Trying to match using Ant [pattern='/js/**']
144234 [http-nio-8080-exec-5] DEBUG o.s.s.w.u.m.AntPathRequestMatcher - Checking match of request : '/bootstrap/css/bootstrap.css'; against '/js/**'
144234 [http-nio-8080-exec-7] DEBUG o.s.s.w.u.m.AntPathRequestMatcher - Checking match of request : '/bootstrap/js/bootstrap.js'; against '/js/**'
144234 [http-nio-8080-exec-7] DEBUG o.s.s.w.u.matcher.OrRequestMatcher - Trying to match using Ant [pattern='/images/**']
144234 [http-nio-8080-exec-6] DEBUG o.s.s.w.u.m.AntPathRequestMatcher - Checking match of request : '/jquery/jquery-2.1.3.js'; against '/js/**'
144234 [http-nio-8080-exec-5] DEBUG o.s.s.w.u.matcher.OrRequestMatcher - Trying to match using Ant [pattern='/images/**']
144234 [http-nio-8080-exec-7] DEBUG o.s.s.w.u.m.AntPathRequestMatcher - Checking match of request : '/bootstrap/js/bootstrap.js'; against '/images/**'
144234 [http-nio-8080-exec-6] DEBUG o.s.s.w.u.matcher.OrRequestMatcher - Trying to match using Ant [pattern='/images/**']
144234 [http-nio-8080-exec-5] DEBUG o.s.s.w.u.m.AntPathRequestMatcher - Checking match of request : '/bootstrap/css/bootstrap.css'; against '/images/**'
144234 [http-nio-8080-exec-7] DEBUG o.s.s.w.u.matcher.OrRequestMatcher - Trying to match using Ant [pattern='/webjars/**']
144234 [http-nio-8080-exec-7] DEBUG o.s.s.w.u.m.AntPathRequestMatcher - Checking match of request : '/bootstrap/js/bootstrap.js'; against '/webjars/**'
144234 [http-nio-8080-exec-7] DEBUG o.s.s.w.u.matcher.OrRequestMatcher - Trying to match using Ant [pattern='/**/favicon.ico']
144234 [http-nio-8080-exec-7] DEBUG o.s.s.w.u.m.AntPathRequestMatcher - Checking match of request : '/bootstrap/js/bootstrap.js'; against '/**/favicon.ico'
144234 [http-nio-8080-exec-6] DEBUG o.s.s.w.u.m.AntPathRequestMatcher - Checking match of request : '/jquery/jquery-2.1.3.js'; against '/images/**'
144234 [http-nio-8080-exec-7] DEBUG o.s.s.w.u.matcher.OrRequestMatcher - Trying to match using Ant [pattern='/error']
144234 [http-nio-8080-exec-7] DEBUG o.s.s.w.u.m.AntPathRequestMatcher - Checking match of request : '/bootstrap/js/bootstrap.js'; against '/error'
144234 [http-nio-8080-exec-7] DEBUG o.s.s.w.u.matcher.OrRequestMatcher - No matches found
144234 [http-nio-8080-exec-5] DEBUG o.s.s.w.u.matcher.OrRequestMatcher - Trying to match using Ant [pattern='/webjars/**']
144234 [http-nio-8080-exec-6] DEBUG o.s.s.w.u.matcher.OrRequestMatcher - Trying to match using Ant [pattern='/webjars/**']
144235 [http-nio-8080-exec-7] DEBUG o.s.security.web.FilterChainProxy - /bootstrap/js/bootstrap.js at position 1 of 12 in additional filter chain; firing Filter: 'WebAsyncManagerIntegrationFilter'
144235 [http-nio-8080-exec-5] DEBUG o.s.s.w.u.m.AntPathRequestMatcher - Checking match of request : '/bootstrap/css/bootstrap.css'; against '/webjars/**'
144235 [http-nio-8080-exec-6] DEBUG o.s.s.w.u.m.AntPathRequestMatcher - Checking match of request : '/jquery/jquery-2.1.3.js'; against '/webjars/**'
144235 [http-nio-8080-exec-7] DEBUG o.s.security.web.FilterChainProxy - /bootstrap/js/bootstrap.js at position 2 of 12 in additional filter chain; firing Filter: 'SecurityContextPersistenceFilter'
144237 [http-nio-8080-exec-5] DEBUG o.s.s.w.u.matcher.OrRequestMatcher - Trying to match using Ant [pattern='/**/favicon.ico']
144237 [http-nio-8080-exec-6] DEBUG o.s.s.w.u.matcher.OrRequestMatcher - Trying to match using Ant [pattern='/**/favicon.ico']
144237 [http-nio-8080-exec-5] DEBUG o.s.s.w.u.m.AntPathRequestMatcher - Checking match of request : '/bootstrap/css/bootstrap.css'; against '/**/favicon.ico'
144237 [http-nio-8080-exec-7] DEBUG o.s.s.w.c.HttpSessionSecurityContextRepository - HttpSession returned null object for SPRING_SECURITY_CONTEXT
144237 [http-nio-8080-exec-7] DEBUG o.s.s.w.c.HttpSessionSecurityContextRepository - No SecurityContext was available from the HttpSession: org.apache.catalina.session.StandardSessionFacade@59f4f7b4. A new one will be created.
144237 [http-nio-8080-exec-7] DEBUG o.s.security.web.FilterChainProxy - /bootstrap/js/bootstrap.js at position 3 of 12 in additional filter chain; firing Filter: 'HeaderWriterFilter'
144237 [http-nio-8080-exec-6] DEBUG o.s.s.w.u.m.AntPathRequestMatcher - Checking match of request : '/jquery/jquery-2.1.3.js'; against '/**/favicon.ico'
144237 [http-nio-8080-exec-6] DEBUG o.s.s.w.u.matcher.OrRequestMatcher - Trying to match using Ant [pattern='/error']
144237 [http-nio-8080-exec-5] DEBUG o.s.s.w.u.matcher.OrRequestMatcher - Trying to match using Ant [pattern='/error']
144237 [http-nio-8080-exec-6] DEBUG o.s.s.w.u.m.AntPathRequestMatcher - Checking match of request : '/jquery/jquery-2.1.3.js'; against '/error'
144237 [http-nio-8080-exec-5] DEBUG o.s.s.w.u.m.AntPathRequestMatcher - Checking match of request : '/bootstrap/css/bootstrap.css'; against '/error'
144237 [http-nio-8080-exec-6] DEBUG o.s.s.w.u.matcher.OrRequestMatcher - No matches found
144237 [http-nio-8080-exec-7] DEBUG o.s.s.w.h.writers.HstsHeaderWriter - Not injecting HSTS header since it did not match the requestMatcher org.springframework.security.web.header.writers.HstsHeaderWriter$SecureRequestMatcher@74ab9304
144237 [http-nio-8080-exec-6] DEBUG o.s.security.web.FilterChainProxy - /jquery/jquery-2.1.3.js at position 1 of 12 in additional filter chain; firing Filter: 'WebAsyncManagerIntegrationFilter'
144237 [http-nio-8080-exec-7] DEBUG o.s.security.web.FilterChainProxy - /bootstrap/js/bootstrap.js at position 4 of 12 in additional filter chain; firing Filter: 'CsrfFilter'
144237 [http-nio-8080-exec-5] DEBUG o.s.s.w.u.matcher.OrRequestMatcher - No matches found
144237 [http-nio-8080-exec-6] DEBUG o.s.security.web.FilterChainProxy - /jquery/jquery-2.1.3.js at position 2 of 12 in additional filter chain; firing Filter: 'SecurityContextPersistenceFilter'
144237 [http-nio-8080-exec-7] DEBUG o.s.security.web.FilterChainProxy - /bootstrap/js/bootstrap.js at position 5 of 12 in additional filter chain; firing Filter: 'LogoutFilter'
144237 [http-nio-8080-exec-6] DEBUG o.s.s.w.c.HttpSessionSecurityContextRepository - HttpSession returned null object for SPRING_SECURITY_CONTEXT
144237 [http-nio-8080-exec-5] DEBUG o.s.security.web.FilterChainProxy - /bootstrap/css/bootstrap.css at position 1 of 12 in additional filter chain; firing Filter: 'WebAsyncManagerIntegrationFilter'
144237 [http-nio-8080-exec-7] DEBUG o.s.s.w.u.m.AntPathRequestMatcher - Request 'GET /bootstrap/js/bootstrap.js' doesn't match 'POST /logout
144237 [http-nio-8080-exec-6] DEBUG o.s.s.w.c.HttpSessionSecurityContextRepository - No SecurityContext was available from the HttpSession: org.apache.catalina.session.StandardSessionFacade@59f4f7b4. A new one will be created.
144238 [http-nio-8080-exec-5] DEBUG o.s.security.web.FilterChainProxy - /bootstrap/css/bootstrap.css at position 2 of 12 in additional filter chain; firing Filter: 'SecurityContextPersistenceFilter'
144238 [http-nio-8080-exec-7] DEBUG o.s.security.web.FilterChainProxy - /bootstrap/js/bootstrap.js at position 6 of 12 in additional filter chain; firing Filter: 'UsernamePasswordAuthenticationFilter'
144238 [http-nio-8080-exec-6] DEBUG o.s.security.web.FilterChainProxy - /jquery/jquery-2.1.3.js at position 3 of 12 in additional filter chain; firing Filter: 'HeaderWriterFilter'
144238 [http-nio-8080-exec-5] DEBUG o.s.s.w.c.HttpSessionSecurityContextRepository - HttpSession returned null object for SPRING_SECURITY_CONTEXT
144238 [http-nio-8080-exec-7] DEBUG o.s.s.w.u.m.AntPathRequestMatcher - Request 'GET /bootstrap/js/bootstrap.js' doesn't match 'POST /login
144238 [http-nio-8080-exec-5] DEBUG o.s.s.w.c.HttpSessionSecurityContextRepository - No SecurityContext was available from the HttpSession: org.apache.catalina.session.StandardSessionFacade@59f4f7b4. A new one will be created.
144238 [http-nio-8080-exec-7] DEBUG o.s.security.web.FilterChainProxy - /bootstrap/js/bootstrap.js at position 7 of 12 in additional filter chain; firing Filter: 'RequestCacheAwareFilter'
144238 [http-nio-8080-exec-6] DEBUG o.s.s.w.h.writers.HstsHeaderWriter - Not injecting HSTS header since it did not match the requestMatcher org.springframework.security.web.header.writers.HstsHeaderWriter$SecureRequestMatcher@74ab9304
144239 [http-nio-8080-exec-5] DEBUG o.s.security.web.FilterChainProxy - /bootstrap/css/bootstrap.css at position 3 of 12 in additional filter chain; firing Filter: 'HeaderWriterFilter'
144239 [http-nio-8080-exec-7] DEBUG o.s.s.w.s.DefaultSavedRequest - pathInfo: both null (property equals)
144239 [http-nio-8080-exec-6] DEBUG o.s.security.web.FilterChainProxy - /jquery/jquery-2.1.3.js at position 4 of 12 in additional filter chain; firing Filter: 'CsrfFilter'
144239 [http-nio-8080-exec-7] DEBUG o.s.s.w.s.DefaultSavedRequest - queryString: both null (property equals)
144239 [http-nio-8080-exec-7] DEBUG o.s.s.w.s.DefaultSavedRequest - requestURI: arg1=/jquery/jquery-2.1.3.js; arg2=/bootstrap/js/bootstrap.js (property not equals)
144239 [http-nio-8080-exec-5] DEBUG o.s.s.w.h.writers.HstsHeaderWriter - Not injecting HSTS header since it did not match the requestMatcher org.springframework.security.web.header.writers.HstsHeaderWriter$SecureRequestMatcher@74ab9304
144239 [http-nio-8080-exec-6] DEBUG o.s.security.web.FilterChainProxy - /jquery/jquery-2.1.3.js at position 5 of 12 in additional filter chain; firing Filter: 'LogoutFilter'
144239 [http-nio-8080-exec-6] DEBUG o.s.s.w.u.m.AntPathRequestMatcher - Request 'GET /jquery/jquery-2.1.3.js' doesn't match 'POST /logout
144239 [http-nio-8080-exec-6] DEBUG o.s.security.web.FilterChainProxy - /jquery/jquery-2.1.3.js at position 6 of 12 in additional filter chain; firing Filter: 'UsernamePasswordAuthenticationFilter'
144239 [http-nio-8080-exec-7] DEBUG o.s.s.w.s.HttpSessionRequestCache - saved request doesn't match
144239 [http-nio-8080-exec-6] DEBUG o.s.s.w.u.m.AntPathRequestMatcher - Request 'GET /jquery/jquery-2.1.3.js' doesn't match 'POST /login
144239 [http-nio-8080-exec-5] DEBUG o.s.security.web.FilterChainProxy - /bootstrap/css/bootstrap.css at position 4 of 12 in additional filter chain; firing Filter: 'CsrfFilter'
144239 [http-nio-8080-exec-7] DEBUG o.s.security.web.FilterChainProxy - /bootstrap/js/bootstrap.js at position 8 of 12 in additional filter chain; firing Filter: 'SecurityContextHolderAwareRequestFilter'
144239 [http-nio-8080-exec-6] DEBUG o.s.security.web.FilterChainProxy - /jquery/jquery-2.1.3.js at position 7 of 12 in additional filter chain; firing Filter: 'RequestCacheAwareFilter'
144239 [http-nio-8080-exec-6] DEBUG o.s.s.w.s.DefaultSavedRequest - pathInfo: both null (property equals)
144239 [http-nio-8080-exec-6] DEBUG o.s.s.w.s.DefaultSavedRequest - queryString: both null (property equals)
144239 [http-nio-8080-exec-7] DEBUG o.s.security.web.FilterChainProxy - /bootstrap/js/bootstrap.js at position 9 of 12 in additional filter chain; firing Filter: 'AnonymousAuthenticationFilter'
144239 [http-nio-8080-exec-6] DEBUG o.s.s.w.s.DefaultSavedRequest - requestURI: arg1=/jquery/jquery-2.1.3.js; arg2=/jquery/jquery-2.1.3.js (property equals)
144239 [http-nio-8080-exec-5] DEBUG o.s.security.web.FilterChainProxy - /bootstrap/css/bootstrap.css at position 5 of 12 in additional filter chain; firing Filter: 'LogoutFilter'
144239 [http-nio-8080-exec-5] DEBUG o.s.s.w.u.m.AntPathRequestMatcher - Request 'GET /bootstrap/css/bootstrap.css' doesn't match 'POST /logout
144239 [http-nio-8080-exec-7] DEBUG o.s.s.w.a.AnonymousAuthenticationFilter - Populated SecurityContextHolder with anonymous token: 'org.springframework.security.authentication.AnonymousAuthenticationToken@6fabe8e0: Principal: anonymousUser; Credentials: [PROTECTED]; Authenticated: true; Details: org.springframework.security.web.authentication.WebAuthenticationDetails@fffe9938: RemoteIpAddress: 0:0:0:0:0:0:0:1; SessionId: 760D79BA12046463C13AD8F04AD89B62; Granted Authorities: ROLE_ANONYMOUS'
144239 [http-nio-8080-exec-5] DEBUG o.s.security.web.FilterChainProxy - /bootstrap/css/bootstrap.css at position 6 of 12 in additional filter chain; firing Filter: 'UsernamePasswordAuthenticationFilter'
144239 [http-nio-8080-exec-7] DEBUG o.s.security.web.FilterChainProxy - /bootstrap/js/bootstrap.js at position 10 of 12 in additional filter chain; firing Filter: 'SessionManagementFilter'
144239 [http-nio-8080-exec-6] DEBUG o.s.s.w.s.DefaultSavedRequest - serverPort: arg1=8080; arg2=8080 (property equals)
144239 [http-nio-8080-exec-7] DEBUG o.s.security.web.FilterChainProxy - /bootstrap/js/bootstrap.js at position 11 of 12 in additional filter chain; firing Filter: 'ExceptionTranslationFilter'
144239 [http-nio-8080-exec-5] DEBUG o.s.s.w.u.m.AntPathRequestMatcher - Request 'GET /bootstrap/css/bootstrap.css' doesn't match 'POST /login
144239 [http-nio-8080-exec-6] DEBUG o.s.s.w.s.DefaultSavedRequest - requestURL: arg1=http://localhost:8080/jquery/jquery-2.1.3.js; arg2=http://localhost:8080/jquery/jquery-2.1.3.js (property equals)
144239 [http-nio-8080-exec-7] DEBUG o.s.security.web.FilterChainProxy - /bootstrap/js/bootstrap.js at position 12 of 12 in additional filter chain; firing Filter: 'FilterSecurityInterceptor'
144239 [http-nio-8080-exec-5] DEBUG o.s.security.web.FilterChainProxy - /bootstrap/css/bootstrap.css at position 7 of 12 in additional filter chain; firing Filter: 'RequestCacheAwareFilter'
144239 [http-nio-8080-exec-7] DEBUG o.s.s.w.u.m.AntPathRequestMatcher - Request 'GET /bootstrap/js/bootstrap.js' doesn't match 'POST /logout
144239 [http-nio-8080-exec-5] DEBUG o.s.s.w.s.DefaultSavedRequest - pathInfo: both null (property equals)
144239 [http-nio-8080-exec-6] DEBUG o.s.s.w.s.DefaultSavedRequest - scheme: arg1=http; arg2=http (property equals)
144239 [http-nio-8080-exec-7] DEBUG o.s.s.w.u.m.AntPathRequestMatcher - Checking match of request : '/bootstrap/js/bootstrap.js'; against '/'
144239 [http-nio-8080-exec-6] DEBUG o.s.s.w.s.DefaultSavedRequest - serverName: arg1=localhost; arg2=localhost (property equals)
144240 [http-nio-8080-exec-5] DEBUG o.s.s.w.s.DefaultSavedRequest - queryString: both null (property equals)
144240 [http-nio-8080-exec-7] DEBUG o.s.s.w.a.i.FilterSecurityInterceptor - Secure object: FilterInvocation: URL: /bootstrap/js/bootstrap.js; Attributes: [authenticated]
144240 [http-nio-8080-exec-6] DEBUG o.s.s.w.s.DefaultSavedRequest - contextPath: arg1=; arg2= (property equals)
144240 [http-nio-8080-exec-5] DEBUG o.s.s.w.s.DefaultSavedRequest - requestURI: arg1=/jquery/jquery-2.1.3.js; arg2=/bootstrap/css/bootstrap.css (property not equals)
144240 [http-nio-8080-exec-5] DEBUG o.s.s.w.s.HttpSessionRequestCache - saved request doesn't match
144240 [http-nio-8080-exec-7] DEBUG o.s.s.w.a.i.FilterSecurityInterceptor - Previously Authenticated: org.springframework.security.authentication.AnonymousAuthenticationToken@6fabe8e0: Principal: anonymousUser; Credentials: [PROTECTED]; Authenticated: true; Details: org.springframework.security.web.authentication.WebAuthenticationDetails@fffe9938: RemoteIpAddress: 0:0:0:0:0:0:0:1; SessionId: 760D79BA12046463C13AD8F04AD89B62; Granted Authorities: ROLE_ANONYMOUS
144240 [http-nio-8080-exec-5] DEBUG o.s.security.web.FilterChainProxy - /bootstrap/css/bootstrap.css at position 8 of 12 in additional filter chain; firing Filter: 'SecurityContextHolderAwareRequestFilter'
144240 [http-nio-8080-exec-6] DEBUG o.s.s.w.s.DefaultSavedRequest - servletPath: arg1=/jquery/jquery-2.1.3.js; arg2=/jquery/jquery-2.1.3.js (property equals)
144240 [http-nio-8080-exec-5] DEBUG o.s.security.web.FilterChainProxy - /bootstrap/css/bootstrap.css at position 9 of 12 in additional filter chain; firing Filter: 'AnonymousAuthenticationFilter'
144240 [http-nio-8080-exec-6] DEBUG o.s.s.w.s.HttpSessionRequestCache - Removing DefaultSavedRequest from session if present
144240 [http-nio-8080-exec-5] DEBUG o.s.s.w.a.AnonymousAuthenticationFilter - Populated SecurityContextHolder with anonymous token: 'org.springframework.security.authentication.AnonymousAuthenticationToken@6fabe8e0: Principal: anonymousUser; Credentials: [PROTECTED]; Authenticated: true; Details: org.springframework.security.web.authentication.WebAuthenticationDetails@fffe9938: RemoteIpAddress: 0:0:0:0:0:0:0:1; SessionId: 760D79BA12046463C13AD8F04AD89B62; Granted Authorities: ROLE_ANONYMOUS'
144240 [http-nio-8080-exec-5] DEBUG o.s.security.web.FilterChainProxy - /bootstrap/css/bootstrap.css at position 10 of 12 in additional filter chain; firing Filter: 'SessionManagementFilter'
144240 [http-nio-8080-exec-5] DEBUG o.s.security.web.FilterChainProxy - /bootstrap/css/bootstrap.css at position 11 of 12 in additional filter chain; firing Filter: 'ExceptionTranslationFilter'
144240 [http-nio-8080-exec-5] DEBUG o.s.security.web.FilterChainProxy - /bootstrap/css/bootstrap.css at position 12 of 12 in additional filter chain; firing Filter: 'FilterSecurityInterceptor'
144240 [http-nio-8080-exec-7] DEBUG o.s.s.access.vote.AffirmativeBased - Voter: org.springframework.security.web.access.expression.WebExpressionVoter@21e3b16c, returned: -1
144240 [http-nio-8080-exec-5] DEBUG o.s.s.w.u.m.AntPathRequestMatcher - Request 'GET /bootstrap/css/bootstrap.css' doesn't match 'POST /logout
144240 [http-nio-8080-exec-5] DEBUG o.s.s.w.u.m.AntPathRequestMatcher - Checking match of request : '/bootstrap/css/bootstrap.css'; against '/'
144240 [http-nio-8080-exec-5] DEBUG o.s.s.w.a.i.FilterSecurityInterceptor - Secure object: FilterInvocation: URL: /bootstrap/css/bootstrap.css; Attributes: [authenticated]
144240 [http-nio-8080-exec-5] DEBUG o.s.s.w.a.i.FilterSecurityInterceptor - Previously Authenticated: org.springframework.security.authentication.AnonymousAuthenticationToken@6fabe8e0: Principal: anonymousUser; Credentials: [PROTECTED]; Authenticated: true; Details: org.springframework.security.web.authentication.WebAuthenticationDetails@fffe9938: RemoteIpAddress: 0:0:0:0:0:0:0:1; SessionId: 760D79BA12046463C13AD8F04AD89B62; Granted Authorities: ROLE_ANONYMOUS
144240 [http-nio-8080-exec-5] DEBUG o.s.s.access.vote.AffirmativeBased - Voter: org.springframework.security.web.access.expression.WebExpressionVoter@21e3b16c, returned: -1
144240 [http-nio-8080-exec-7] DEBUG o.s.s.w.a.ExceptionTranslationFilter - Access is denied (user is anonymous); redirecting to authentication entry point
org.springframework.security.access.AccessDeniedException: Access is denied
	at org.springframework.security.access.vote.AffirmativeBased.decide(AffirmativeBased.java:84)
	at org.springframework.security.access.intercept.AbstractSecurityInterceptor.beforeInvocation(AbstractSecurityInterceptor.java:233)
	at org.springframework.security.web.access.intercept.FilterSecurityInterceptor.invoke(FilterSecurityInterceptor.java:124)
	at org.springframework.security.web.access.intercept.FilterSecurityInterceptor.doFilter(FilterSecurityInterceptor.java:91)
	at org.springframework.security.web.FilterChainProxy$VirtualFilterChain.doFilter(FilterChainProxy.java:331)
	at org.springframework.security.web.access.ExceptionTranslationFilter.doFilter(ExceptionTranslationFilter.java:114)
	at org.springframework.security.web.FilterChainProxy$VirtualFilterChain.doFilter(FilterChainProxy.java:331)
	at org.springframework.security.web.session.SessionManagementFilter.doFilter(SessionManagementFilter.java:137)
	at org.springframework.security.web.FilterChainProxy$VirtualFilterChain.doFilter(FilterChainProxy.java:331)
	at org.springframework.security.web.authentication.AnonymousAuthenticationFilter.doFilter(AnonymousAuthenticationFilter.java:111)
	at org.springframework.security.web.FilterChainProxy$VirtualFilterChain.doFilter(FilterChainProxy.java:331)
	at org.springframework.security.web.servletapi.SecurityContextHolderAwareRequestFilter.doFilter(SecurityContextHolderAwareRequestFilter.java:170)
	at org.springframework.security.web.FilterChainProxy$VirtualFilterChain.doFilter(FilterChainProxy.java:331)
	at org.springframework.security.web.savedrequest.RequestCacheAwareFilter.doFilter(RequestCacheAwareFilter.java:63)
	at org.springframework.security.web.FilterChainProxy$VirtualFilterChain.doFilter(FilterChainProxy.java:331)
	at org.springframework.security.web.authentication.AbstractAuthenticationProcessingFilter.doFilter(AbstractAuthenticationProcessingFilter.java:200)
	at org.springframework.security.web.FilterChainProxy$VirtualFilterChain.doFilter(FilterChainProxy.java:331)
	at org.springframework.security.web.authentication.logout.LogoutFilter.doFilter(LogoutFilter.java:116)
	at org.springframework.security.web.FilterChainProxy$VirtualFilterChain.doFilter(FilterChainProxy.java:331)
	at org.springframework.security.web.csrf.CsrfFilter.doFilterInternal(CsrfFilter.java:100)
	at org.springframework.web.filter.OncePerRequestFilter.doFilter(OncePerRequestFilter.java:107)
	at org.springframework.security.web.FilterChainProxy$VirtualFilterChain.doFilter(FilterChainProxy.java:331)
	at org.springframework.security.web.header.HeaderWriterFilter.doFilterInternal(HeaderWriterFilter.java:64)
	at org.springframework.web.filter.OncePerRequestFilter.doFilter(OncePerRequestFilter.java:107)
	at org.springframework.security.web.FilterChainProxy$VirtualFilterChain.doFilter(FilterChainProxy.java:331)
	at org.springframework.security.web.context.SecurityContextPersistenceFilter.doFilter(SecurityContextPersistenceFilter.java:105)
	at org.springframework.security.web.FilterChainProxy$VirtualFilterChain.doFilter(FilterChainProxy.java:331)
	at org.springframework.security.web.context.request.async.WebAsyncManagerIntegrationFilter.doFilterInternal(WebAsyncManagerIntegrationFilter.java:56)
	at org.springframework.web.filter.OncePerRequestFilter.doFilter(OncePerRequestFilter.java:107)
	at org.springframework.security.web.FilterChainProxy$VirtualFilterChain.doFilter(FilterChainProxy.java:331)
	at org.springframework.security.web.FilterChainProxy.doFilterInternal(FilterChainProxy.java:214)
	at org.springframework.security.web.FilterChainProxy.doFilter(FilterChainProxy.java:177)
	at org.springframework.web.filter.DelegatingFilterProxy.invokeDelegate(DelegatingFilterProxy.java:347)
	at org.springframework.web.filter.DelegatingFilterProxy.doFilter(DelegatingFilterProxy.java:263)
	at org.apache.catalina.core.ApplicationFilterChain.internalDoFilter(ApplicationFilterChain.java:193)
	at org.apache.catalina.core.ApplicationFilterChain.doFilter(ApplicationFilterChain.java:166)
	at org.springframework.web.filter.RequestContextFilter.doFilterInternal(RequestContextFilter.java:99)
	at org.springframework.web.filter.OncePerRequestFilter.doFilter(OncePerRequestFilter.java:107)
	at org.apache.catalina.core.ApplicationFilterChain.internalDoFilter(ApplicationFilterChain.java:193)
	at org.apache.catalina.core.ApplicationFilterChain.doFilter(ApplicationFilterChain.java:166)
	at org.springframework.web.filter.HttpPutFormContentFilter.doFilterInternal(HttpPutFormContentFilter.java:108)
	at org.springframework.web.filter.OncePerRequestFilter.doFilter(OncePerRequestFilter.java:107)
	at org.apache.catalina.core.ApplicationFilterChain.internalDoFilter(ApplicationFilterChain.java:193)
	at org.apache.catalina.core.ApplicationFilterChain.doFilter(ApplicationFilterChain.java:166)
	at org.springframework.web.filter.HiddenHttpMethodFilter.doFilterInternal(HiddenHttpMethodFilter.java:81)
	at org.springframework.web.filter.OncePerRequestFilter.doFilter(OncePerRequestFilter.java:107)
	at org.apache.catalina.core.ApplicationFilterChain.internalDoFilter(ApplicationFilterChain.java:193)
	at org.apache.catalina.core.ApplicationFilterChain.doFilter(ApplicationFilterChain.java:166)
	at org.springframework.web.filter.CharacterEncodingFilter.doFilterInternal(CharacterEncodingFilter.java:197)
	at org.springframework.web.filter.OncePerRequestFilter.doFilter(OncePerRequestFilter.java:107)
	at org.apache.catalina.core.ApplicationFilterChain.internalDoFilter(ApplicationFilterChain.java:193)
	at org.apache.catalina.core.ApplicationFilterChain.doFilter(ApplicationFilterChain.java:166)
	at org.apache.catalina.core.StandardWrapperValve.invoke(StandardWrapperValve.java:199)
	at org.apache.catalina.core.StandardContextValve.invoke(StandardContextValve.java:96)
	at org.apache.catalina.authenticator.AuthenticatorBase.invoke(AuthenticatorBase.java:478)
	at org.apache.catalina.core.StandardHostValve.invoke(StandardHostValve.java:140)
	at org.apache.catalina.valves.ErrorReportValve.invoke(ErrorReportValve.java:81)
	at org.apache.catalina.core.StandardEngineValve.invoke(StandardEngineValve.java:87)
	at org.apache.catalina.connector.CoyoteAdapter.service(CoyoteAdapter.java:342)
	at org.apache.coyote.http11.Http11Processor.service(Http11Processor.java:803)
	at org.apache.coyote.AbstractProcessorLight.process(AbstractProcessorLight.java:66)
	at org.apache.coyote.AbstractProtocol$ConnectionHandler.process(AbstractProtocol.java:868)
	at org.apache.tomcat.util.net.NioEndpoint$SocketProcessor.doRun(NioEndpoint.java:1459)
	at org.apache.tomcat.util.net.SocketProcessorBase.run(SocketProcessorBase.java:49)
	at java.util.concurrent.ThreadPoolExecutor.runWorker(ThreadPoolExecutor.java:1149)
	at java.util.concurrent.ThreadPoolExecutor$Worker.run(ThreadPoolExecutor.java:624)
	at org.apache.tomcat.util.threads.TaskThread$WrappingRunnable.run(TaskThread.java:61)
	at java.lang.Thread.run(Thread.java:748)
144240 [http-nio-8080-exec-5] DEBUG o.s.s.w.a.ExceptionTranslationFilter - Access is denied (user is anonymous); redirecting to authentication entry point
org.springframework.security.access.AccessDeniedException: Access is denied
	at org.springframework.security.access.vote.AffirmativeBased.decide(AffirmativeBased.java:84)
	at org.springframework.security.access.intercept.AbstractSecurityInterceptor.beforeInvocation(AbstractSecurityInterceptor.java:233)
	at org.springframework.security.web.access.intercept.FilterSecurityInterceptor.invoke(FilterSecurityInterceptor.java:124)
	at org.springframework.security.web.access.intercept.FilterSecurityInterceptor.doFilter(FilterSecurityInterceptor.java:91)
	at org.springframework.security.web.FilterChainProxy$VirtualFilterChain.doFilter(FilterChainProxy.java:331)
	at org.springframework.security.web.access.ExceptionTranslationFilter.doFilter(ExceptionTranslationFilter.java:114)
	at org.springframework.security.web.FilterChainProxy$VirtualFilterChain.doFilter(FilterChainProxy.java:331)
	at org.springframework.security.web.session.SessionManagementFilter.doFilter(SessionManagementFilter.java:137)
	at org.springframework.security.web.FilterChainProxy$VirtualFilterChain.doFilter(FilterChainProxy.java:331)
	at org.springframework.security.web.authentication.AnonymousAuthenticationFilter.doFilter(AnonymousAuthenticationFilter.java:111)
	at org.springframework.security.web.FilterChainProxy$VirtualFilterChain.doFilter(FilterChainProxy.java:331)
	at org.springframework.security.web.servletapi.SecurityContextHolderAwareRequestFilter.doFilter(SecurityContextHolderAwareRequestFilter.java:170)
	at org.springframework.security.web.FilterChainProxy$VirtualFilterChain.doFilter(FilterChainProxy.java:331)
	at org.springframework.security.web.savedrequest.RequestCacheAwareFilter.doFilter(RequestCacheAwareFilter.java:63)
	at org.springframework.security.web.FilterChainProxy$VirtualFilterChain.doFilter(FilterChainProxy.java:331)
	at org.springframework.security.web.authentication.AbstractAuthenticationProcessingFilter.doFilter(AbstractAuthenticationProcessingFilter.java:200)
	at org.springframework.security.web.FilterChainProxy$VirtualFilterChain.doFilter(FilterChainProxy.java:331)
	at org.springframework.security.web.authentication.logout.LogoutFilter.doFilter(LogoutFilter.java:116)
	at org.springframework.security.web.FilterChainProxy$VirtualFilterChain.doFilter(FilterChainProxy.java:331)
	at org.springframework.security.web.csrf.CsrfFilter.doFilterInternal(CsrfFilter.java:100)
	at org.springframework.web.filter.OncePerRequestFilter.doFilter(OncePerRequestFilter.java:107)
	at org.springframework.security.web.FilterChainProxy$VirtualFilterChain.doFilter(FilterChainProxy.java:331)
	at org.springframework.security.web.header.HeaderWriterFilter.doFilterInternal(HeaderWriterFilter.java:64)
	at org.springframework.web.filter.OncePerRequestFilter.doFilter(OncePerRequestFilter.java:107)
	at org.springframework.security.web.FilterChainProxy$VirtualFilterChain.doFilter(FilterChainProxy.java:331)
	at org.springframework.security.web.context.SecurityContextPersistenceFilter.doFilter(SecurityContextPersistenceFilter.java:105)
	at org.springframework.security.web.FilterChainProxy$VirtualFilterChain.doFilter(FilterChainProxy.java:331)
	at org.springframework.security.web.context.request.async.WebAsyncManagerIntegrationFilter.doFilterInternal(WebAsyncManagerIntegrationFilter.java:56)
	at org.springframework.web.filter.OncePerRequestFilter.doFilter(OncePerRequestFilter.java:107)
	at org.springframework.security.web.FilterChainProxy$VirtualFilterChain.doFilter(FilterChainProxy.java:331)
	at org.springframework.security.web.FilterChainProxy.doFilterInternal(FilterChainProxy.java:214)
	at org.springframework.security.web.FilterChainProxy.doFilter(FilterChainProxy.java:177)
	at org.springframework.web.filter.DelegatingFilterProxy.invokeDelegate(DelegatingFilterProxy.java:347)
	at org.springframework.web.filter.DelegatingFilterProxy.doFilter(DelegatingFilterProxy.java:263)
	at org.apache.catalina.core.ApplicationFilterChain.internalDoFilter(ApplicationFilterChain.java:193)
	at org.apache.catalina.core.ApplicationFilterChain.doFilter(ApplicationFilterChain.java:166)
	at org.springframework.web.filter.RequestContextFilter.doFilterInternal(RequestContextFilter.java:99)
	at org.springframework.web.filter.OncePerRequestFilter.doFilter(OncePerRequestFilter.java:107)
	at org.apache.catalina.core.ApplicationFilterChain.internalDoFilter(ApplicationFilterChain.java:193)
	at org.apache.catalina.core.ApplicationFilterChain.doFilter(ApplicationFilterChain.java:166)
	at org.springframework.web.filter.HttpPutFormContentFilter.doFilterInternal(HttpPutFormContentFilter.java:108)
	at org.springframework.web.filter.OncePerRequestFilter.doFilter(OncePerRequestFilter.java:107)
	at org.apache.catalina.core.ApplicationFilterChain.internalDoFilter(ApplicationFilterChain.java:193)
	at org.apache.catalina.core.ApplicationFilterChain.doFilter(ApplicationFilterChain.java:166)
	at org.springframework.web.filter.HiddenHttpMethodFilter.doFilterInternal(HiddenHttpMethodFilter.java:81)
	at org.springframework.web.filter.OncePerRequestFilter.doFilter(OncePerRequestFilter.java:107)
	at org.apache.catalina.core.ApplicationFilterChain.internalDoFilter(ApplicationFilterChain.java:193)
	at org.apache.catalina.core.ApplicationFilterChain.doFilter(ApplicationFilterChain.java:166)
	at org.springframework.web.filter.CharacterEncodingFilter.doFilterInternal(CharacterEncodingFilter.java:197)
	at org.springframework.web.filter.OncePerRequestFilter.doFilter(OncePerRequestFilter.java:107)
	at org.apache.catalina.core.ApplicationFilterChain.internalDoFilter(ApplicationFilterChain.java:193)
	at org.apache.catalina.core.ApplicationFilterChain.doFilter(ApplicationFilterChain.java:166)
	at org.apache.catalina.core.StandardWrapperValve.invoke(StandardWrapperValve.java:199)
	at org.apache.catalina.core.StandardContextValve.invoke(StandardContextValve.java:96)
	at org.apache.catalina.authenticator.AuthenticatorBase.invoke(AuthenticatorBase.java:478)
	at org.apache.catalina.core.StandardHostValve.invoke(StandardHostValve.java:140)
	at org.apache.catalina.valves.ErrorReportValve.invoke(ErrorReportValve.java:81)
	at org.apache.catalina.core.StandardEngineValve.invoke(StandardEngineValve.java:87)
	at org.apache.catalina.connector.CoyoteAdapter.service(CoyoteAdapter.java:342)
	at org.apache.coyote.http11.Http11Processor.service(Http11Processor.java:803)
	at org.apache.coyote.AbstractProcessorLight.process(AbstractProcessorLight.java:66)
	at org.apache.coyote.AbstractProtocol$ConnectionHandler.process(AbstractProtocol.java:868)
	at org.apache.tomcat.util.net.NioEndpoint$SocketProcessor.doRun(NioEndpoint.java:1459)
	at org.apache.tomcat.util.net.SocketProcessorBase.run(SocketProcessorBase.java:49)
	at java.util.concurrent.ThreadPoolExecutor.runWorker(ThreadPoolExecutor.java:1149)
	at java.util.concurrent.ThreadPoolExecutor$Worker.run(ThreadPoolExecutor.java:624)
	at org.apache.tomcat.util.threads.TaskThread$WrappingRunnable.run(TaskThread.java:61)
	at java.lang.Thread.run(Thread.java:748)
144241 [http-nio-8080-exec-7] DEBUG o.s.s.w.u.matcher.AndRequestMatcher - Trying to match using Ant [pattern='/**', GET]
144241 [http-nio-8080-exec-6] DEBUG o.s.security.web.FilterChainProxy - /jquery/jquery-2.1.3.js at position 8 of 12 in additional filter chain; firing Filter: 'SecurityContextHolderAwareRequestFilter'
144241 [http-nio-8080-exec-5] DEBUG o.s.s.w.u.matcher.AndRequestMatcher - Trying to match using Ant [pattern='/**', GET]
144241 [http-nio-8080-exec-7] DEBUG o.s.s.w.u.m.AntPathRequestMatcher - Request '/bootstrap/js/bootstrap.js' matched by universal pattern '/**'
144241 [http-nio-8080-exec-6] DEBUG o.s.security.web.FilterChainProxy - /jquery/jquery-2.1.3.js at position 9 of 12 in additional filter chain; firing Filter: 'AnonymousAuthenticationFilter'
144241 [http-nio-8080-exec-5] DEBUG o.s.s.w.u.m.AntPathRequestMatcher - Request '/bootstrap/css/bootstrap.css' matched by universal pattern '/**'
144241 [http-nio-8080-exec-7] DEBUG o.s.s.w.u.matcher.AndRequestMatcher - Trying to match using NegatedRequestMatcher [requestMatcher=Ant [pattern='/**/favicon.ico']]
144241 [http-nio-8080-exec-5] DEBUG o.s.s.w.u.matcher.AndRequestMatcher - Trying to match using NegatedRequestMatcher [requestMatcher=Ant [pattern='/**/favicon.ico']]
144241 [http-nio-8080-exec-7] DEBUG o.s.s.w.u.m.AntPathRequestMatcher - Checking match of request : '/bootstrap/js/bootstrap.js'; against '/**/favicon.ico'
144241 [http-nio-8080-exec-5] DEBUG o.s.s.w.u.m.AntPathRequestMatcher - Checking match of request : '/bootstrap/css/bootstrap.css'; against '/**/favicon.ico'
144241 [http-nio-8080-exec-7] DEBUG o.s.s.w.u.m.NegatedRequestMatcher - matches = true
144241 [http-nio-8080-exec-5] DEBUG o.s.s.w.u.m.NegatedRequestMatcher - matches = true
144241 [http-nio-8080-exec-7] DEBUG o.s.s.w.u.matcher.AndRequestMatcher - Trying to match using NegatedRequestMatcher [requestMatcher=MediaTypeRequestMatcher [contentNegotiationStrategy=org.springframework.web.accept.ContentNegotiationManager@1ca4c95a, matchingMediaTypes=[application/json], useEquals=false, ignoredMediaTypes=[*/*]]]
144241 [http-nio-8080-exec-5] DEBUG o.s.s.w.u.matcher.AndRequestMatcher - Trying to match using NegatedRequestMatcher [requestMatcher=MediaTypeRequestMatcher [contentNegotiationStrategy=org.springframework.web.accept.ContentNegotiationManager@1ca4c95a, matchingMediaTypes=[application/json], useEquals=false, ignoredMediaTypes=[*/*]]]
144241 [http-nio-8080-exec-6] DEBUG o.s.s.w.a.AnonymousAuthenticationFilter - Populated SecurityContextHolder with anonymous token: 'org.springframework.security.authentication.AnonymousAuthenticationToken@6fabe8e0: Principal: anonymousUser; Credentials: [PROTECTED]; Authenticated: true; Details: org.springframework.security.web.authentication.WebAuthenticationDetails@fffe9938: RemoteIpAddress: 0:0:0:0:0:0:0:1; SessionId: 760D79BA12046463C13AD8F04AD89B62; Granted Authorities: ROLE_ANONYMOUS'
144241 [http-nio-8080-exec-5] DEBUG o.s.s.w.u.m.MediaTypeRequestMatcher - httpRequestMediaTypes=[text/css]
144241 [http-nio-8080-exec-7] DEBUG o.s.s.w.u.m.MediaTypeRequestMatcher - httpRequestMediaTypes=[application/javascript]
144241 [http-nio-8080-exec-6] DEBUG o.s.security.web.FilterChainProxy - /jquery/jquery-2.1.3.js at position 10 of 12 in additional filter chain; firing Filter: 'SessionManagementFilter'
144241 [http-nio-8080-exec-5] DEBUG o.s.s.w.u.m.MediaTypeRequestMatcher - Processing text/css
144241 [http-nio-8080-exec-7] DEBUG o.s.s.w.u.m.MediaTypeRequestMatcher - Processing application/javascript
144241 [http-nio-8080-exec-5] DEBUG o.s.s.w.u.m.MediaTypeRequestMatcher - application/json .isCompatibleWith text/css = false
144242 [http-nio-8080-exec-5] DEBUG o.s.s.w.u.m.MediaTypeRequestMatcher - Did not match any media types
144242 [http-nio-8080-exec-7] DEBUG o.s.s.w.u.m.MediaTypeRequestMatcher - application/json .isCompatibleWith application/javascript = false
144242 [http-nio-8080-exec-6] DEBUG o.s.security.web.FilterChainProxy - /jquery/jquery-2.1.3.js at position 11 of 12 in additional filter chain; firing Filter: 'ExceptionTranslationFilter'
144242 [http-nio-8080-exec-5] DEBUG o.s.s.w.u.m.NegatedRequestMatcher - matches = true
144242 [http-nio-8080-exec-7] DEBUG o.s.s.w.u.m.MediaTypeRequestMatcher - Did not match any media types
144242 [http-nio-8080-exec-5] DEBUG o.s.s.w.u.matcher.AndRequestMatcher - Trying to match using NegatedRequestMatcher [requestMatcher=RequestHeaderRequestMatcher [expectedHeaderName=X-Requested-With, expectedHeaderValue=XMLHttpRequest]]
144242 [http-nio-8080-exec-6] DEBUG o.s.security.web.FilterChainProxy - /jquery/jquery-2.1.3.js at position 12 of 12 in additional filter chain; firing Filter: 'FilterSecurityInterceptor'
144242 [http-nio-8080-exec-7] DEBUG o.s.s.w.u.m.NegatedRequestMatcher - matches = true
144242 [http-nio-8080-exec-5] DEBUG o.s.s.w.u.m.NegatedRequestMatcher - matches = true
144242 [http-nio-8080-exec-7] DEBUG o.s.s.w.u.matcher.AndRequestMatcher - Trying to match using NegatedRequestMatcher [requestMatcher=RequestHeaderRequestMatcher [expectedHeaderName=X-Requested-With, expectedHeaderValue=XMLHttpRequest]]
144242 [http-nio-8080-exec-5] DEBUG o.s.s.w.u.matcher.AndRequestMatcher - All requestMatchers returned true
144242 [http-nio-8080-exec-7] DEBUG o.s.s.w.u.m.NegatedRequestMatcher - matches = true
144242 [http-nio-8080-exec-6] DEBUG o.s.s.w.u.m.AntPathRequestMatcher - Request 'GET /jquery/jquery-2.1.3.js' doesn't match 'POST /logout
144242 [http-nio-8080-exec-7] DEBUG o.s.s.w.u.matcher.AndRequestMatcher - All requestMatchers returned true
144242 [http-nio-8080-exec-6] DEBUG o.s.s.w.u.m.AntPathRequestMatcher - Checking match of request : '/jquery/jquery-2.1.3.js'; against '/'
144242 [http-nio-8080-exec-6] DEBUG o.s.s.w.a.i.FilterSecurityInterceptor - Secure object: FilterInvocation: URL: /jquery/jquery-2.1.3.js; Attributes: [authenticated]
144242 [http-nio-8080-exec-6] DEBUG o.s.s.w.a.i.FilterSecurityInterceptor - Previously Authenticated: org.springframework.security.authentication.AnonymousAuthenticationToken@6fabe8e0: Principal: anonymousUser; Credentials: [PROTECTED]; Authenticated: true; Details: org.springframework.security.web.authentication.WebAuthenticationDetails@fffe9938: RemoteIpAddress: 0:0:0:0:0:0:0:1; SessionId: 760D79BA12046463C13AD8F04AD89B62; Granted Authorities: ROLE_ANONYMOUS
144242 [http-nio-8080-exec-6] DEBUG o.s.s.access.vote.AffirmativeBased - Voter: org.springframework.security.web.access.expression.WebExpressionVoter@21e3b16c, returned: -1
144242 [http-nio-8080-exec-7] DEBUG o.s.s.w.s.HttpSessionRequestCache - DefaultSavedRequest added to Session: DefaultSavedRequest[http://localhost:8080/bootstrap/js/bootstrap.js]
144242 [http-nio-8080-exec-7] DEBUG o.s.s.w.a.ExceptionTranslationFilter - Calling Authentication entry point.
144242 [http-nio-8080-exec-5] DEBUG o.s.s.w.s.HttpSessionRequestCache - DefaultSavedRequest added to Session: DefaultSavedRequest[http://localhost:8080/bootstrap/css/bootstrap.css]
144242 [http-nio-8080-exec-7] DEBUG o.s.s.web.DefaultRedirectStrategy - Redirecting to 'http://localhost:8080/login'
144242 [http-nio-8080-exec-5] DEBUG o.s.s.w.a.ExceptionTranslationFilter - Calling Authentication entry point.
144242 [http-nio-8080-exec-7] DEBUG o.s.s.w.c.HttpSessionSecurityContextRepository - SecurityContext is empty or contents are anonymous - context will not be stored in HttpSession.
144242 [http-nio-8080-exec-5] DEBUG o.s.s.web.DefaultRedirectStrategy - Redirecting to 'http://localhost:8080/login'
144242 [http-nio-8080-exec-7] DEBUG o.s.s.w.c.SecurityContextPersistenceFilter - SecurityContextHolder now cleared, as request processing completed
144242 [http-nio-8080-exec-5] DEBUG o.s.s.w.c.HttpSessionSecurityContextRepository - SecurityContext is empty or contents are anonymous - context will not be stored in HttpSession.
144242 [http-nio-8080-exec-5] DEBUG o.s.s.w.c.SecurityContextPersistenceFilter - SecurityContextHolder now cleared, as request processing completed
144242 [http-nio-8080-exec-6] DEBUG o.s.s.w.a.ExceptionTranslationFilter - Access is denied (user is anonymous); redirecting to authentication entry point
org.springframework.security.access.AccessDeniedException: Access is denied
	at org.springframework.security.access.vote.AffirmativeBased.decide(AffirmativeBased.java:84)
	at org.springframework.security.access.intercept.AbstractSecurityInterceptor.beforeInvocation(AbstractSecurityInterceptor.java:233)
	at org.springframework.security.web.access.intercept.FilterSecurityInterceptor.invoke(FilterSecurityInterceptor.java:124)
	at org.springframework.security.web.access.intercept.FilterSecurityInterceptor.doFilter(FilterSecurityInterceptor.java:91)
	at org.springframework.security.web.FilterChainProxy$VirtualFilterChain.doFilter(FilterChainProxy.java:331)
	at org.springframework.security.web.access.ExceptionTranslationFilter.doFilter(ExceptionTranslationFilter.java:114)
	at org.springframework.security.web.FilterChainProxy$VirtualFilterChain.doFilter(FilterChainProxy.java:331)
	at org.springframework.security.web.session.SessionManagementFilter.doFilter(SessionManagementFilter.java:137)
	at org.springframework.security.web.FilterChainProxy$VirtualFilterChain.doFilter(FilterChainProxy.java:331)
	at org.springframework.security.web.authentication.AnonymousAuthenticationFilter.doFilter(AnonymousAuthenticationFilter.java:111)
	at org.springframework.security.web.FilterChainProxy$VirtualFilterChain.doFilter(FilterChainProxy.java:331)
	at org.springframework.security.web.servletapi.SecurityContextHolderAwareRequestFilter.doFilter(SecurityContextHolderAwareRequestFilter.java:170)
	at org.springframework.security.web.FilterChainProxy$VirtualFilterChain.doFilter(FilterChainProxy.java:331)
	at org.springframework.security.web.savedrequest.RequestCacheAwareFilter.doFilter(RequestCacheAwareFilter.java:63)
	at org.springframework.security.web.FilterChainProxy$VirtualFilterChain.doFilter(FilterChainProxy.java:331)
	at org.springframework.security.web.authentication.AbstractAuthenticationProcessingFilter.doFilter(AbstractAuthenticationProcessingFilter.java:200)
	at org.springframework.security.web.FilterChainProxy$VirtualFilterChain.doFilter(FilterChainProxy.java:331)
	at org.springframework.security.web.authentication.logout.LogoutFilter.doFilter(LogoutFilter.java:116)
	at org.springframework.security.web.FilterChainProxy$VirtualFilterChain.doFilter(FilterChainProxy.java:331)
	at org.springframework.security.web.csrf.CsrfFilter.doFilterInternal(CsrfFilter.java:100)
	at org.springframework.web.filter.OncePerRequestFilter.doFilter(OncePerRequestFilter.java:107)
	at org.springframework.security.web.FilterChainProxy$VirtualFilterChain.doFilter(FilterChainProxy.java:331)
	at org.springframework.security.web.header.HeaderWriterFilter.doFilterInternal(HeaderWriterFilter.java:64)
	at org.springframework.web.filter.OncePerRequestFilter.doFilter(OncePerRequestFilter.java:107)
	at org.springframework.security.web.FilterChainProxy$VirtualFilterChain.doFilter(FilterChainProxy.java:331)
	at org.springframework.security.web.context.SecurityContextPersistenceFilter.doFilter(SecurityContextPersistenceFilter.java:105)
	at org.springframework.security.web.FilterChainProxy$VirtualFilterChain.doFilter(FilterChainProxy.java:331)
	at org.springframework.security.web.context.request.async.WebAsyncManagerIntegrationFilter.doFilterInternal(WebAsyncManagerIntegrationFilter.java:56)
	at org.springframework.web.filter.OncePerRequestFilter.doFilter(OncePerRequestFilter.java:107)
	at org.springframework.security.web.FilterChainProxy$VirtualFilterChain.doFilter(FilterChainProxy.java:331)
	at org.springframework.security.web.FilterChainProxy.doFilterInternal(FilterChainProxy.java:214)
	at org.springframework.security.web.FilterChainProxy.doFilter(FilterChainProxy.java:177)
	at org.springframework.web.filter.DelegatingFilterProxy.invokeDelegate(DelegatingFilterProxy.java:347)
	at org.springframework.web.filter.DelegatingFilterProxy.doFilter(DelegatingFilterProxy.java:263)
	at org.apache.catalina.core.ApplicationFilterChain.internalDoFilter(ApplicationFilterChain.java:193)
	at org.apache.catalina.core.ApplicationFilterChain.doFilter(ApplicationFilterChain.java:166)
	at org.springframework.web.filter.RequestContextFilter.doFilterInternal(RequestContextFilter.java:99)
	at org.springframework.web.filter.OncePerRequestFilter.doFilter(OncePerRequestFilter.java:107)
	at org.apache.catalina.core.ApplicationFilterChain.internalDoFilter(ApplicationFilterChain.java:193)
	at org.apache.catalina.core.ApplicationFilterChain.doFilter(ApplicationFilterChain.java:166)
	at org.springframework.web.filter.HttpPutFormContentFilter.doFilterInternal(HttpPutFormContentFilter.java:108)
	at org.springframework.web.filter.OncePerRequestFilter.doFilter(OncePerRequestFilter.java:107)
	at org.apache.catalina.core.ApplicationFilterChain.internalDoFilter(ApplicationFilterChain.java:193)
	at org.apache.catalina.core.ApplicationFilterChain.doFilter(ApplicationFilterChain.java:166)
	at org.springframework.web.filter.HiddenHttpMethodFilter.doFilterInternal(HiddenHttpMethodFilter.java:81)
	at org.springframework.web.filter.OncePerRequestFilter.doFilter(OncePerRequestFilter.java:107)
	at org.apache.catalina.core.ApplicationFilterChain.internalDoFilter(ApplicationFilterChain.java:193)
	at org.apache.catalina.core.ApplicationFilterChain.doFilter(ApplicationFilterChain.java:166)
	at org.springframework.web.filter.CharacterEncodingFilter.doFilterInternal(CharacterEncodingFilter.java:197)
	at org.springframework.web.filter.OncePerRequestFilter.doFilter(OncePerRequestFilter.java:107)
	at org.apache.catalina.core.ApplicationFilterChain.internalDoFilter(ApplicationFilterChain.java:193)
	at org.apache.catalina.core.ApplicationFilterChain.doFilter(ApplicationFilterChain.java:166)
	at org.apache.catalina.core.StandardWrapperValve.invoke(StandardWrapperValve.java:199)
	at org.apache.catalina.core.StandardContextValve.invoke(StandardContextValve.java:96)
	at org.apache.catalina.authenticator.AuthenticatorBase.invoke(AuthenticatorBase.java:478)
	at org.apache.catalina.core.StandardHostValve.invoke(StandardHostValve.java:140)
	at org.apache.catalina.valves.ErrorReportValve.invoke(ErrorReportValve.java:81)
	at org.apache.catalina.core.StandardEngineValve.invoke(StandardEngineValve.java:87)
	at org.apache.catalina.connector.CoyoteAdapter.service(CoyoteAdapter.java:342)
	at org.apache.coyote.http11.Http11Processor.service(Http11Processor.java:803)
	at org.apache.coyote.AbstractProcessorLight.process(AbstractProcessorLight.java:66)
	at org.apache.coyote.AbstractProtocol$ConnectionHandler.process(AbstractProtocol.java:868)
	at org.apache.tomcat.util.net.NioEndpoint$SocketProcessor.doRun(NioEndpoint.java:1459)
	at org.apache.tomcat.util.net.SocketProcessorBase.run(SocketProcessorBase.java:49)
	at java.util.concurrent.ThreadPoolExecutor.runWorker(ThreadPoolExecutor.java:1149)
	at java.util.concurrent.ThreadPoolExecutor$Worker.run(ThreadPoolExecutor.java:624)
	at org.apache.tomcat.util.threads.TaskThread$WrappingRunnable.run(TaskThread.java:61)
	at java.lang.Thread.run(Thread.java:748)
144243 [http-nio-8080-exec-6] DEBUG o.s.s.w.u.matcher.AndRequestMatcher - Trying to match using Ant [pattern='/**', GET]
144243 [http-nio-8080-exec-6] DEBUG o.s.s.w.u.m.AntPathRequestMatcher - Request '/jquery/jquery-2.1.3.js' matched by universal pattern '/**'
144243 [http-nio-8080-exec-6] DEBUG o.s.s.w.u.matcher.AndRequestMatcher - Trying to match using NegatedRequestMatcher [requestMatcher=Ant [pattern='/**/favicon.ico']]
144243 [http-nio-8080-exec-6] DEBUG o.s.s.w.u.m.AntPathRequestMatcher - Checking match of request : '/jquery/jquery-2.1.3.js'; against '/**/favicon.ico'
144243 [http-nio-8080-exec-6] DEBUG o.s.s.w.u.m.NegatedRequestMatcher - matches = true
144243 [http-nio-8080-exec-6] DEBUG o.s.s.w.u.matcher.AndRequestMatcher - Trying to match using NegatedRequestMatcher [requestMatcher=MediaTypeRequestMatcher [contentNegotiationStrategy=org.springframework.web.accept.ContentNegotiationManager@1ca4c95a, matchingMediaTypes=[application/json], useEquals=false, ignoredMediaTypes=[*/*]]]
144243 [http-nio-8080-exec-6] DEBUG o.s.s.w.u.m.MediaTypeRequestMatcher - httpRequestMediaTypes=[application/javascript]
144243 [http-nio-8080-exec-6] DEBUG o.s.s.w.u.m.MediaTypeRequestMatcher - Processing application/javascript
144243 [http-nio-8080-exec-6] DEBUG o.s.s.w.u.m.MediaTypeRequestMatcher - application/json .isCompatibleWith application/javascript = false
144244 [http-nio-8080-exec-6] DEBUG o.s.s.w.u.m.MediaTypeRequestMatcher - Did not match any media types
144244 [http-nio-8080-exec-6] DEBUG o.s.s.w.u.m.NegatedRequestMatcher - matches = true
144244 [http-nio-8080-exec-6] DEBUG o.s.s.w.u.matcher.AndRequestMatcher - Trying to match using NegatedRequestMatcher [requestMatcher=RequestHeaderRequestMatcher [expectedHeaderName=X-Requested-With, expectedHeaderValue=XMLHttpRequest]]
144244 [http-nio-8080-exec-6] DEBUG o.s.s.w.u.m.NegatedRequestMatcher - matches = true
144244 [http-nio-8080-exec-6] DEBUG o.s.s.w.u.matcher.AndRequestMatcher - All requestMatchers returned true
144245 [http-nio-8080-exec-6] DEBUG o.s.s.w.s.HttpSessionRequestCache - DefaultSavedRequest added to Session: DefaultSavedRequest[http://localhost:8080/jquery/jquery-2.1.3.js]
144245 [http-nio-8080-exec-6] DEBUG o.s.s.w.a.ExceptionTranslationFilter - Calling Authentication entry point.
144245 [http-nio-8080-exec-6] DEBUG o.s.s.web.DefaultRedirectStrategy - Redirecting to 'http://localhost:8080/login'
144245 [http-nio-8080-exec-6] DEBUG o.s.s.w.c.HttpSessionSecurityContextRepository - SecurityContext is empty or contents are anonymous - context will not be stored in HttpSession.
144245 [http-nio-8080-exec-6] DEBUG o.s.s.w.c.SecurityContextPersistenceFilter - SecurityContextHolder now cleared, as request processing completed
144245 [http-nio-8080-exec-8] DEBUG o.s.s.w.u.matcher.OrRequestMatcher - Trying to match using Ant [pattern='/css/**']
144245 [http-nio-8080-exec-8] DEBUG o.s.s.w.u.m.AntPathRequestMatcher - Checking match of request : '/login'; against '/css/**'
144245 [http-nio-8080-exec-8] DEBUG o.s.s.w.u.matcher.OrRequestMatcher - Trying to match using Ant [pattern='/js/**']
144245 [http-nio-8080-exec-8] DEBUG o.s.s.w.u.m.AntPathRequestMatcher - Checking match of request : '/login'; against '/js/**'
144245 [http-nio-8080-exec-8] DEBUG o.s.s.w.u.matcher.OrRequestMatcher - Trying to match using Ant [pattern='/images/**']
144245 [http-nio-8080-exec-8] DEBUG o.s.s.w.u.m.AntPathRequestMatcher - Checking match of request : '/login'; against '/images/**'
144245 [http-nio-8080-exec-8] DEBUG o.s.s.w.u.matcher.OrRequestMatcher - Trying to match using Ant [pattern='/webjars/**']
144245 [http-nio-8080-exec-8] DEBUG o.s.s.w.u.m.AntPathRequestMatcher - Checking match of request : '/login'; against '/webjars/**'
144245 [http-nio-8080-exec-8] DEBUG o.s.s.w.u.matcher.OrRequestMatcher - Trying to match using Ant [pattern='/**/favicon.ico']
144245 [http-nio-8080-exec-8] DEBUG o.s.s.w.u.m.AntPathRequestMatcher - Checking match of request : '/login'; against '/**/favicon.ico'
144245 [http-nio-8080-exec-8] DEBUG o.s.s.w.u.matcher.OrRequestMatcher - Trying to match using Ant [pattern='/error']
144245 [http-nio-8080-exec-8] DEBUG o.s.s.w.u.m.AntPathRequestMatcher - Checking match of request : '/login'; against '/error'
144245 [http-nio-8080-exec-8] DEBUG o.s.s.w.u.matcher.OrRequestMatcher - No matches found
144245 [http-nio-8080-exec-8] DEBUG o.s.security.web.FilterChainProxy - /login at position 1 of 12 in additional filter chain; firing Filter: 'WebAsyncManagerIntegrationFilter'
144245 [http-nio-8080-exec-8] DEBUG o.s.security.web.FilterChainProxy - /login at position 2 of 12 in additional filter chain; firing Filter: 'SecurityContextPersistenceFilter'
144245 [http-nio-8080-exec-8] DEBUG o.s.s.w.c.HttpSessionSecurityContextRepository - HttpSession returned null object for SPRING_SECURITY_CONTEXT
144245 [http-nio-8080-exec-8] DEBUG o.s.s.w.c.HttpSessionSecurityContextRepository - No SecurityContext was available from the HttpSession: org.apache.catalina.session.StandardSessionFacade@59f4f7b4. A new one will be created.
144245 [http-nio-8080-exec-8] DEBUG o.s.security.web.FilterChainProxy - /login at position 3 of 12 in additional filter chain; firing Filter: 'HeaderWriterFilter'
144246 [http-nio-8080-exec-8] DEBUG o.s.s.w.h.writers.HstsHeaderWriter - Not injecting HSTS header since it did not match the requestMatcher org.springframework.security.web.header.writers.HstsHeaderWriter$SecureRequestMatcher@74ab9304
144246 [http-nio-8080-exec-8] DEBUG o.s.security.web.FilterChainProxy - /login at position 4 of 12 in additional filter chain; firing Filter: 'CsrfFilter'
144246 [http-nio-8080-exec-8] DEBUG o.s.security.web.FilterChainProxy - /login at position 5 of 12 in additional filter chain; firing Filter: 'LogoutFilter'
144246 [http-nio-8080-exec-8] DEBUG o.s.s.w.u.m.AntPathRequestMatcher - Request 'GET /login' doesn't match 'POST /logout
144246 [http-nio-8080-exec-8] DEBUG o.s.security.web.FilterChainProxy - /login at position 6 of 12 in additional filter chain; firing Filter: 'UsernamePasswordAuthenticationFilter'
144250 [http-nio-8080-exec-8] DEBUG o.s.s.w.u.m.AntPathRequestMatcher - Request 'GET /login' doesn't match 'POST /login
144250 [http-nio-8080-exec-8] DEBUG o.s.security.web.FilterChainProxy - /login at position 7 of 12 in additional filter chain; firing Filter: 'RequestCacheAwareFilter'
144250 [http-nio-8080-exec-8] DEBUG o.s.s.w.s.DefaultSavedRequest - pathInfo: both null (property equals)
144250 [http-nio-8080-exec-8] DEBUG o.s.s.w.s.DefaultSavedRequest - queryString: both null (property equals)
144250 [http-nio-8080-exec-8] DEBUG o.s.s.w.s.DefaultSavedRequest - requestURI: arg1=/jquery/jquery-2.1.3.js; arg2=/login (property not equals)
144250 [http-nio-8080-exec-8] DEBUG o.s.s.w.s.HttpSessionRequestCache - saved request doesn't match
144250 [http-nio-8080-exec-8] DEBUG o.s.security.web.FilterChainProxy - /login at position 8 of 12 in additional filter chain; firing Filter: 'SecurityContextHolderAwareRequestFilter'
144250 [http-nio-8080-exec-8] DEBUG o.s.security.web.FilterChainProxy - /login at position 9 of 12 in additional filter chain; firing Filter: 'AnonymousAuthenticationFilter'
144250 [http-nio-8080-exec-8] DEBUG o.s.s.w.a.AnonymousAuthenticationFilter - Populated SecurityContextHolder with anonymous token: 'org.springframework.security.authentication.AnonymousAuthenticationToken@6fabe8e0: Principal: anonymousUser; Credentials: [PROTECTED]; Authenticated: true; Details: org.springframework.security.web.authentication.WebAuthenticationDetails@fffe9938: RemoteIpAddress: 0:0:0:0:0:0:0:1; SessionId: 760D79BA12046463C13AD8F04AD89B62; Granted Authorities: ROLE_ANONYMOUS'
144250 [http-nio-8080-exec-8] DEBUG o.s.security.web.FilterChainProxy - /login at position 10 of 12 in additional filter chain; firing Filter: 'SessionManagementFilter'
144250 [http-nio-8080-exec-8] DEBUG o.s.security.web.FilterChainProxy - /login at position 11 of 12 in additional filter chain; firing Filter: 'ExceptionTranslationFilter'
144250 [http-nio-8080-exec-8] DEBUG o.s.security.web.FilterChainProxy - /login at position 12 of 12 in additional filter chain; firing Filter: 'FilterSecurityInterceptor'
144250 [http-nio-8080-exec-8] DEBUG o.s.s.w.a.i.FilterSecurityInterceptor - Secure object: FilterInvocation: URL: /login; Attributes: [permitAll]
144250 [http-nio-8080-exec-8] DEBUG o.s.s.w.a.i.FilterSecurityInterceptor - Previously Authenticated: org.springframework.security.authentication.AnonymousAuthenticationToken@6fabe8e0: Principal: anonymousUser; Credentials: [PROTECTED]; Authenticated: true; Details: org.springframework.security.web.authentication.WebAuthenticationDetails@fffe9938: RemoteIpAddress: 0:0:0:0:0:0:0:1; SessionId: 760D79BA12046463C13AD8F04AD89B62; Granted Authorities: ROLE_ANONYMOUS
144251 [http-nio-8080-exec-8] DEBUG o.s.s.access.vote.AffirmativeBased - Voter: org.springframework.security.web.access.expression.WebExpressionVoter@21e3b16c, returned: 1
144251 [http-nio-8080-exec-8] DEBUG o.s.s.w.a.i.FilterSecurityInterceptor - Authorization successful
144251 [http-nio-8080-exec-8] DEBUG o.s.s.w.a.i.FilterSecurityInterceptor - RunAsManager did not change Authentication object
144251 [http-nio-8080-exec-8] DEBUG o.s.security.web.FilterChainProxy - /login reached end of additional filter chain; proceeding with original chain
144253 [http-nio-8080-exec-8] DEBUG o.s.s.w.c.HttpSessionSecurityContextRepository - SecurityContext is empty or contents are anonymous - context will not be stored in HttpSession.
144254 [http-nio-8080-exec-8] DEBUG o.s.s.w.a.ExceptionTranslationFilter - Chain processed normally
144254 [http-nio-8080-exec-8] DEBUG o.s.s.w.c.SecurityContextPersistenceFilter - SecurityContextHolder now cleared, as request processing completed
144256 [http-nio-8080-exec-9] DEBUG o.s.s.w.u.matcher.OrRequestMatcher - Trying to match using Ant [pattern='/css/**']
144256 [http-nio-8080-exec-10] DEBUG o.s.s.w.u.matcher.OrRequestMatcher - Trying to match using Ant [pattern='/css/**']
144256 [http-nio-8080-exec-9] DEBUG o.s.s.w.u.m.AntPathRequestMatcher - Checking match of request : '/login'; against '/css/**'
144256 [http-nio-8080-exec-9] DEBUG o.s.s.w.u.matcher.OrRequestMatcher - Trying to match using Ant [pattern='/js/**']
144256 [http-nio-8080-exec-10] DEBUG o.s.s.w.u.m.AntPathRequestMatcher - Checking match of request : '/login'; against '/css/**'
144256 [http-nio-8080-exec-10] DEBUG o.s.s.w.u.matcher.OrRequestMatcher - Trying to match using Ant [pattern='/js/**']
144256 [http-nio-8080-exec-9] DEBUG o.s.s.w.u.m.AntPathRequestMatcher - Checking match of request : '/login'; against '/js/**'
144256 [http-nio-8080-exec-10] DEBUG o.s.s.w.u.m.AntPathRequestMatcher - Checking match of request : '/login'; against '/js/**'
144256 [http-nio-8080-exec-9] DEBUG o.s.s.w.u.matcher.OrRequestMatcher - Trying to match using Ant [pattern='/images/**']
144256 [http-nio-8080-exec-9] DEBUG o.s.s.w.u.m.AntPathRequestMatcher - Checking match of request : '/login'; against '/images/**'
144256 [http-nio-8080-exec-9] DEBUG o.s.s.w.u.matcher.OrRequestMatcher - Trying to match using Ant [pattern='/webjars/**']
144256 [http-nio-8080-exec-10] DEBUG o.s.s.w.u.matcher.OrRequestMatcher - Trying to match using Ant [pattern='/images/**']
144256 [http-nio-8080-exec-10] DEBUG o.s.s.w.u.m.AntPathRequestMatcher - Checking match of request : '/login'; against '/images/**'
144256 [http-nio-8080-exec-10] DEBUG o.s.s.w.u.matcher.OrRequestMatcher - Trying to match using Ant [pattern='/webjars/**']
144256 [http-nio-8080-exec-10] DEBUG o.s.s.w.u.m.AntPathRequestMatcher - Checking match of request : '/login'; against '/webjars/**'
144256 [http-nio-8080-exec-10] DEBUG o.s.s.w.u.matcher.OrRequestMatcher - Trying to match using Ant [pattern='/**/favicon.ico']
144256 [http-nio-8080-exec-10] DEBUG o.s.s.w.u.m.AntPathRequestMatcher - Checking match of request : '/login'; against '/**/favicon.ico'
144256 [http-nio-8080-exec-9] DEBUG o.s.s.w.u.m.AntPathRequestMatcher - Checking match of request : '/login'; against '/webjars/**'
144256 [http-nio-8080-exec-10] DEBUG o.s.s.w.u.matcher.OrRequestMatcher - Trying to match using Ant [pattern='/error']
144256 [http-nio-8080-exec-10] DEBUG o.s.s.w.u.m.AntPathRequestMatcher - Checking match of request : '/login'; against '/error'
144256 [http-nio-8080-exec-9] DEBUG o.s.s.w.u.matcher.OrRequestMatcher - Trying to match using Ant [pattern='/**/favicon.ico']
144256 [http-nio-8080-exec-10] DEBUG o.s.s.w.u.matcher.OrRequestMatcher - No matches found
144256 [http-nio-8080-exec-9] DEBUG o.s.s.w.u.m.AntPathRequestMatcher - Checking match of request : '/login'; against '/**/favicon.ico'
144256 [http-nio-8080-exec-10] DEBUG o.s.security.web.FilterChainProxy - /login at position 1 of 12 in additional filter chain; firing Filter: 'WebAsyncManagerIntegrationFilter'
144256 [http-nio-8080-exec-9] DEBUG o.s.s.w.u.matcher.OrRequestMatcher - Trying to match using Ant [pattern='/error']
144256 [http-nio-8080-exec-9] DEBUG o.s.s.w.u.m.AntPathRequestMatcher - Checking match of request : '/login'; against '/error'
144256 [http-nio-8080-exec-10] DEBUG o.s.security.web.FilterChainProxy - /login at position 2 of 12 in additional filter chain; firing Filter: 'SecurityContextPersistenceFilter'
144256 [http-nio-8080-exec-9] DEBUG o.s.s.w.u.matcher.OrRequestMatcher - No matches found
144258 [http-nio-8080-exec-10] DEBUG o.s.s.w.c.HttpSessionSecurityContextRepository - HttpSession returned null object for SPRING_SECURITY_CONTEXT
144258 [http-nio-8080-exec-9] DEBUG o.s.security.web.FilterChainProxy - /login at position 1 of 12 in additional filter chain; firing Filter: 'WebAsyncManagerIntegrationFilter'
144258 [http-nio-8080-exec-10] DEBUG o.s.s.w.c.HttpSessionSecurityContextRepository - No SecurityContext was available from the HttpSession: org.apache.catalina.session.StandardSessionFacade@59f4f7b4. A new one will be created.
144258 [http-nio-8080-exec-9] DEBUG o.s.security.web.FilterChainProxy - /login at position 2 of 12 in additional filter chain; firing Filter: 'SecurityContextPersistenceFilter'
144258 [http-nio-8080-exec-10] DEBUG o.s.security.web.FilterChainProxy - /login at position 3 of 12 in additional filter chain; firing Filter: 'HeaderWriterFilter'
144258 [http-nio-8080-exec-9] DEBUG o.s.s.w.c.HttpSessionSecurityContextRepository - HttpSession returned null object for SPRING_SECURITY_CONTEXT
144258 [http-nio-8080-exec-9] DEBUG o.s.s.w.c.HttpSessionSecurityContextRepository - No SecurityContext was available from the HttpSession: org.apache.catalina.session.StandardSessionFacade@59f4f7b4. A new one will be created.
144258 [http-nio-8080-exec-9] DEBUG o.s.security.web.FilterChainProxy - /login at position 3 of 12 in additional filter chain; firing Filter: 'HeaderWriterFilter'
144258 [http-nio-8080-exec-10] DEBUG o.s.s.w.h.writers.HstsHeaderWriter - Not injecting HSTS header since it did not match the requestMatcher org.springframework.security.web.header.writers.HstsHeaderWriter$SecureRequestMatcher@74ab9304
144258 [http-nio-8080-exec-9] DEBUG o.s.s.w.h.writers.HstsHeaderWriter - Not injecting HSTS header since it did not match the requestMatcher org.springframework.security.web.header.writers.HstsHeaderWriter$SecureRequestMatcher@74ab9304
144258 [http-nio-8080-exec-10] DEBUG o.s.security.web.FilterChainProxy - /login at position 4 of 12 in additional filter chain; firing Filter: 'CsrfFilter'
144258 [http-nio-8080-exec-9] DEBUG o.s.security.web.FilterChainProxy - /login at position 4 of 12 in additional filter chain; firing Filter: 'CsrfFilter'
144258 [http-nio-8080-exec-9] DEBUG o.s.security.web.FilterChainProxy - /login at position 5 of 12 in additional filter chain; firing Filter: 'LogoutFilter'
144258 [http-nio-8080-exec-10] DEBUG o.s.security.web.FilterChainProxy - /login at position 5 of 12 in additional filter chain; firing Filter: 'LogoutFilter'
144258 [http-nio-8080-exec-9] DEBUG o.s.s.w.u.m.AntPathRequestMatcher - Request 'GET /login' doesn't match 'POST /logout
144258 [http-nio-8080-exec-10] DEBUG o.s.s.w.u.m.AntPathRequestMatcher - Request 'GET /login' doesn't match 'POST /logout
144258 [http-nio-8080-exec-9] DEBUG o.s.security.web.FilterChainProxy - /login at position 6 of 12 in additional filter chain; firing Filter: 'UsernamePasswordAuthenticationFilter'
144258 [http-nio-8080-exec-10] DEBUG o.s.security.web.FilterChainProxy - /login at position 6 of 12 in additional filter chain; firing Filter: 'UsernamePasswordAuthenticationFilter'
144258 [http-nio-8080-exec-9] DEBUG o.s.s.w.u.m.AntPathRequestMatcher - Request 'GET /login' doesn't match 'POST /login
144258 [http-nio-8080-exec-10] DEBUG o.s.s.w.u.m.AntPathRequestMatcher - Request 'GET /login' doesn't match 'POST /login
144258 [http-nio-8080-exec-9] DEBUG o.s.security.web.FilterChainProxy - /login at position 7 of 12 in additional filter chain; firing Filter: 'RequestCacheAwareFilter'
144258 [http-nio-8080-exec-10] DEBUG o.s.security.web.FilterChainProxy - /login at position 7 of 12 in additional filter chain; firing Filter: 'RequestCacheAwareFilter'
144258 [http-nio-8080-exec-9] DEBUG o.s.s.w.s.DefaultSavedRequest - pathInfo: both null (property equals)
144258 [http-nio-8080-exec-9] DEBUG o.s.s.w.s.DefaultSavedRequest - queryString: both null (property equals)
144258 [http-nio-8080-exec-10] DEBUG o.s.s.w.s.DefaultSavedRequest - pathInfo: both null (property equals)
144258 [http-nio-8080-exec-9] DEBUG o.s.s.w.s.DefaultSavedRequest - requestURI: arg1=/jquery/jquery-2.1.3.js; arg2=/login (property not equals)
144258 [http-nio-8080-exec-10] DEBUG o.s.s.w.s.DefaultSavedRequest - queryString: both null (property equals)
144258 [http-nio-8080-exec-9] DEBUG o.s.s.w.s.HttpSessionRequestCache - saved request doesn't match
144258 [http-nio-8080-exec-10] DEBUG o.s.s.w.s.DefaultSavedRequest - requestURI: arg1=/jquery/jquery-2.1.3.js; arg2=/login (property not equals)
144258 [http-nio-8080-exec-9] DEBUG o.s.security.web.FilterChainProxy - /login at position 8 of 12 in additional filter chain; firing Filter: 'SecurityContextHolderAwareRequestFilter'
144258 [http-nio-8080-exec-10] DEBUG o.s.s.w.s.HttpSessionRequestCache - saved request doesn't match
144258 [http-nio-8080-exec-9] DEBUG o.s.security.web.FilterChainProxy - /login at position 9 of 12 in additional filter chain; firing Filter: 'AnonymousAuthenticationFilter'
144258 [http-nio-8080-exec-10] DEBUG o.s.security.web.FilterChainProxy - /login at position 8 of 12 in additional filter chain; firing Filter: 'SecurityContextHolderAwareRequestFilter'
144258 [http-nio-8080-exec-10] DEBUG o.s.security.web.FilterChainProxy - /login at position 9 of 12 in additional filter chain; firing Filter: 'AnonymousAuthenticationFilter'
144258 [http-nio-8080-exec-9] DEBUG o.s.s.w.a.AnonymousAuthenticationFilter - Populated SecurityContextHolder with anonymous token: 'org.springframework.security.authentication.AnonymousAuthenticationToken@6fabe8e0: Principal: anonymousUser; Credentials: [PROTECTED]; Authenticated: true; Details: org.springframework.security.web.authentication.WebAuthenticationDetails@fffe9938: RemoteIpAddress: 0:0:0:0:0:0:0:1; SessionId: 760D79BA12046463C13AD8F04AD89B62; Granted Authorities: ROLE_ANONYMOUS'
144258 [http-nio-8080-exec-10] DEBUG o.s.s.w.a.AnonymousAuthenticationFilter - Populated SecurityContextHolder with anonymous token: 'org.springframework.security.authentication.AnonymousAuthenticationToken@6fabe8e0: Principal: anonymousUser; Credentials: [PROTECTED]; Authenticated: true; Details: org.springframework.security.web.authentication.WebAuthenticationDetails@fffe9938: RemoteIpAddress: 0:0:0:0:0:0:0:1; SessionId: 760D79BA12046463C13AD8F04AD89B62; Granted Authorities: ROLE_ANONYMOUS'
144258 [http-nio-8080-exec-9] DEBUG o.s.security.web.FilterChainProxy - /login at position 10 of 12 in additional filter chain; firing Filter: 'SessionManagementFilter'
144258 [http-nio-8080-exec-10] DEBUG o.s.security.web.FilterChainProxy - /login at position 10 of 12 in additional filter chain; firing Filter: 'SessionManagementFilter'
144258 [http-nio-8080-exec-9] DEBUG o.s.security.web.FilterChainProxy - /login at position 11 of 12 in additional filter chain; firing Filter: 'ExceptionTranslationFilter'
144258 [http-nio-8080-exec-10] DEBUG o.s.security.web.FilterChainProxy - /login at position 11 of 12 in additional filter chain; firing Filter: 'ExceptionTranslationFilter'
144258 [http-nio-8080-exec-9] DEBUG o.s.security.web.FilterChainProxy - /login at position 12 of 12 in additional filter chain; firing Filter: 'FilterSecurityInterceptor'
144258 [http-nio-8080-exec-10] DEBUG o.s.security.web.FilterChainProxy - /login at position 12 of 12 in additional filter chain; firing Filter: 'FilterSecurityInterceptor'
144258 [http-nio-8080-exec-9] DEBUG o.s.s.w.a.i.FilterSecurityInterceptor - Secure object: FilterInvocation: URL: /login; Attributes: [permitAll]
144258 [http-nio-8080-exec-10] DEBUG o.s.s.w.a.i.FilterSecurityInterceptor - Secure object: FilterInvocation: URL: /login; Attributes: [permitAll]
144258 [http-nio-8080-exec-9] DEBUG o.s.s.w.a.i.FilterSecurityInterceptor - Previously Authenticated: org.springframework.security.authentication.AnonymousAuthenticationToken@6fabe8e0: Principal: anonymousUser; Credentials: [PROTECTED]; Authenticated: true; Details: org.springframework.security.web.authentication.WebAuthenticationDetails@fffe9938: RemoteIpAddress: 0:0:0:0:0:0:0:1; SessionId: 760D79BA12046463C13AD8F04AD89B62; Granted Authorities: ROLE_ANONYMOUS
144258 [http-nio-8080-exec-10] DEBUG o.s.s.w.a.i.FilterSecurityInterceptor - Previously Authenticated: org.springframework.security.authentication.AnonymousAuthenticationToken@6fabe8e0: Principal: anonymousUser; Credentials: [PROTECTED]; Authenticated: true; Details: org.springframework.security.web.authentication.WebAuthenticationDetails@fffe9938: RemoteIpAddress: 0:0:0:0:0:0:0:1; SessionId: 760D79BA12046463C13AD8F04AD89B62; Granted Authorities: ROLE_ANONYMOUS
144258 [http-nio-8080-exec-10] DEBUG o.s.s.access.vote.AffirmativeBased - Voter: org.springframework.security.web.access.expression.WebExpressionVoter@21e3b16c, returned: 1
144258 [http-nio-8080-exec-9] DEBUG o.s.s.access.vote.AffirmativeBased - Voter: org.springframework.security.web.access.expression.WebExpressionVoter@21e3b16c, returned: 1
144258 [http-nio-8080-exec-10] DEBUG o.s.s.w.a.i.FilterSecurityInterceptor - Authorization successful
144258 [http-nio-8080-exec-9] DEBUG o.s.s.w.a.i.FilterSecurityInterceptor - Authorization successful
144258 [http-nio-8080-exec-10] DEBUG o.s.s.w.a.i.FilterSecurityInterceptor - RunAsManager did not change Authentication object
144258 [http-nio-8080-exec-9] DEBUG o.s.s.w.a.i.FilterSecurityInterceptor - RunAsManager did not change Authentication object
144258 [http-nio-8080-exec-10] DEBUG o.s.security.web.FilterChainProxy - /login reached end of additional filter chain; proceeding with original chain
144258 [http-nio-8080-exec-9] DEBUG o.s.security.web.FilterChainProxy - /login reached end of additional filter chain; proceeding with original chain
144260 [http-nio-8080-exec-10] DEBUG o.s.s.w.c.HttpSessionSecurityContextRepository - SecurityContext is empty or contents are anonymous - context will not be stored in HttpSession.
144260 [http-nio-8080-exec-10] DEBUG o.s.s.w.a.ExceptionTranslationFilter - Chain processed normally
144260 [http-nio-8080-exec-10] DEBUG o.s.s.w.c.SecurityContextPersistenceFilter - SecurityContextHolder now cleared, as request processing completed
144260 [http-nio-8080-exec-9] DEBUG o.s.s.w.c.HttpSessionSecurityContextRepository - SecurityContext is empty or contents are anonymous - context will not be stored in HttpSession.
144261 [http-nio-8080-exec-9] DEBUG o.s.s.w.a.ExceptionTranslationFilter - Chain processed normally
144261 [http-nio-8080-exec-9] DEBUG o.s.s.w.c.SecurityContextPersistenceFilter - SecurityContextHolder now cleared, as request processing completed
144263 [http-nio-8080-exec-1] DEBUG o.s.s.w.u.matcher.OrRequestMatcher - Trying to match using Ant [pattern='/css/**']
144263 [http-nio-8080-exec-1] DEBUG o.s.s.w.u.m.AntPathRequestMatcher - Checking match of request : '/img/1.JPG'; against '/css/**'
144263 [http-nio-8080-exec-1] DEBUG o.s.s.w.u.matcher.OrRequestMatcher - Trying to match using Ant [pattern='/js/**']
144263 [http-nio-8080-exec-1] DEBUG o.s.s.w.u.m.AntPathRequestMatcher - Checking match of request : '/img/1.JPG'; against '/js/**'
144263 [http-nio-8080-exec-1] DEBUG o.s.s.w.u.matcher.OrRequestMatcher - Trying to match using Ant [pattern='/images/**']
144263 [http-nio-8080-exec-1] DEBUG o.s.s.w.u.m.AntPathRequestMatcher - Checking match of request : '/img/1.JPG'; against '/images/**'
144263 [http-nio-8080-exec-1] DEBUG o.s.s.w.u.matcher.OrRequestMatcher - Trying to match using Ant [pattern='/webjars/**']
144263 [http-nio-8080-exec-1] DEBUG o.s.s.w.u.m.AntPathRequestMatcher - Checking match of request : '/img/1.JPG'; against '/webjars/**'
144263 [http-nio-8080-exec-1] DEBUG o.s.s.w.u.matcher.OrRequestMatcher - Trying to match using Ant [pattern='/**/favicon.ico']
144263 [http-nio-8080-exec-1] DEBUG o.s.s.w.u.m.AntPathRequestMatcher - Checking match of request : '/img/1.JPG'; against '/**/favicon.ico'
144263 [http-nio-8080-exec-1] DEBUG o.s.s.w.u.matcher.OrRequestMatcher - Trying to match using Ant [pattern='/error']
144263 [http-nio-8080-exec-1] DEBUG o.s.s.w.u.m.AntPathRequestMatcher - Checking match of request : '/img/1.JPG'; against '/error'
144263 [http-nio-8080-exec-1] DEBUG o.s.s.w.u.matcher.OrRequestMatcher - No matches found
144263 [http-nio-8080-exec-1] DEBUG o.s.security.web.FilterChainProxy - /img/1.JPG at position 1 of 12 in additional filter chain; firing Filter: 'WebAsyncManagerIntegrationFilter'
144263 [http-nio-8080-exec-1] DEBUG o.s.security.web.FilterChainProxy - /img/1.JPG at position 2 of 12 in additional filter chain; firing Filter: 'SecurityContextPersistenceFilter'
144263 [http-nio-8080-exec-1] DEBUG o.s.s.w.c.HttpSessionSecurityContextRepository - HttpSession returned null object for SPRING_SECURITY_CONTEXT
144263 [http-nio-8080-exec-1] DEBUG o.s.s.w.c.HttpSessionSecurityContextRepository - No SecurityContext was available from the HttpSession: org.apache.catalina.session.StandardSessionFacade@59f4f7b4. A new one will be created.
144263 [http-nio-8080-exec-1] DEBUG o.s.security.web.FilterChainProxy - /img/1.JPG at position 3 of 12 in additional filter chain; firing Filter: 'HeaderWriterFilter'
144263 [http-nio-8080-exec-1] DEBUG o.s.s.w.h.writers.HstsHeaderWriter - Not injecting HSTS header since it did not match the requestMatcher org.springframework.security.web.header.writers.HstsHeaderWriter$SecureRequestMatcher@74ab9304
144263 [http-nio-8080-exec-1] DEBUG o.s.security.web.FilterChainProxy - /img/1.JPG at position 4 of 12 in additional filter chain; firing Filter: 'CsrfFilter'
144263 [http-nio-8080-exec-1] DEBUG o.s.security.web.FilterChainProxy - /img/1.JPG at position 5 of 12 in additional filter chain; firing Filter: 'LogoutFilter'
144265 [http-nio-8080-exec-1] DEBUG o.s.s.w.u.m.AntPathRequestMatcher - Request 'GET /img/1.JPG' doesn't match 'POST /logout
144265 [http-nio-8080-exec-1] DEBUG o.s.security.web.FilterChainProxy - /img/1.JPG at position 6 of 12 in additional filter chain; firing Filter: 'UsernamePasswordAuthenticationFilter'
144265 [http-nio-8080-exec-1] DEBUG o.s.s.w.u.m.AntPathRequestMatcher - Request 'GET /img/1.JPG' doesn't match 'POST /login
144265 [http-nio-8080-exec-1] DEBUG o.s.security.web.FilterChainProxy - /img/1.JPG at position 7 of 12 in additional filter chain; firing Filter: 'RequestCacheAwareFilter'
144265 [http-nio-8080-exec-1] DEBUG o.s.s.w.s.DefaultSavedRequest - pathInfo: both null (property equals)
144265 [http-nio-8080-exec-1] DEBUG o.s.s.w.s.DefaultSavedRequest - queryString: both null (property equals)
144265 [http-nio-8080-exec-1] DEBUG o.s.s.w.s.DefaultSavedRequest - requestURI: arg1=/jquery/jquery-2.1.3.js; arg2=/img/1.JPG (property not equals)
144265 [http-nio-8080-exec-1] DEBUG o.s.s.w.s.HttpSessionRequestCache - saved request doesn't match
144265 [http-nio-8080-exec-1] DEBUG o.s.security.web.FilterChainProxy - /img/1.JPG at position 8 of 12 in additional filter chain; firing Filter: 'SecurityContextHolderAwareRequestFilter'
144265 [http-nio-8080-exec-1] DEBUG o.s.security.web.FilterChainProxy - /img/1.JPG at position 9 of 12 in additional filter chain; firing Filter: 'AnonymousAuthenticationFilter'
144265 [http-nio-8080-exec-1] DEBUG o.s.s.w.a.AnonymousAuthenticationFilter - Populated SecurityContextHolder with anonymous token: 'org.springframework.security.authentication.AnonymousAuthenticationToken@6fabe8e0: Principal: anonymousUser; Credentials: [PROTECTED]; Authenticated: true; Details: org.springframework.security.web.authentication.WebAuthenticationDetails@fffe9938: RemoteIpAddress: 0:0:0:0:0:0:0:1; SessionId: 760D79BA12046463C13AD8F04AD89B62; Granted Authorities: ROLE_ANONYMOUS'
144265 [http-nio-8080-exec-1] DEBUG o.s.security.web.FilterChainProxy - /img/1.JPG at position 10 of 12 in additional filter chain; firing Filter: 'SessionManagementFilter'
144265 [http-nio-8080-exec-1] DEBUG o.s.security.web.FilterChainProxy - /img/1.JPG at position 11 of 12 in additional filter chain; firing Filter: 'ExceptionTranslationFilter'
144265 [http-nio-8080-exec-1] DEBUG o.s.security.web.FilterChainProxy - /img/1.JPG at position 12 of 12 in additional filter chain; firing Filter: 'FilterSecurityInterceptor'
144265 [http-nio-8080-exec-1] DEBUG o.s.s.w.u.m.AntPathRequestMatcher - Request 'GET /img/1.JPG' doesn't match 'POST /logout
144265 [http-nio-8080-exec-1] DEBUG o.s.s.w.u.m.AntPathRequestMatcher - Checking match of request : '/img/1.JPG'; against '/'
144265 [http-nio-8080-exec-1] DEBUG o.s.s.w.a.i.FilterSecurityInterceptor - Secure object: FilterInvocation: URL: /img/1.JPG; Attributes: [authenticated]
144265 [http-nio-8080-exec-1] DEBUG o.s.s.w.a.i.FilterSecurityInterceptor - Previously Authenticated: org.springframework.security.authentication.AnonymousAuthenticationToken@6fabe8e0: Principal: anonymousUser; Credentials: [PROTECTED]; Authenticated: true; Details: org.springframework.security.web.authentication.WebAuthenticationDetails@fffe9938: RemoteIpAddress: 0:0:0:0:0:0:0:1; SessionId: 760D79BA12046463C13AD8F04AD89B62; Granted Authorities: ROLE_ANONYMOUS
144265 [http-nio-8080-exec-1] DEBUG o.s.s.access.vote.AffirmativeBased - Voter: org.springframework.security.web.access.expression.WebExpressionVoter@21e3b16c, returned: -1
144266 [http-nio-8080-exec-1] DEBUG o.s.s.w.a.ExceptionTranslationFilter - Access is denied (user is anonymous); redirecting to authentication entry point
org.springframework.security.access.AccessDeniedException: Access is denied
	at org.springframework.security.access.vote.AffirmativeBased.decide(AffirmativeBased.java:84)
	at org.springframework.security.access.intercept.AbstractSecurityInterceptor.beforeInvocation(AbstractSecurityInterceptor.java:233)
	at org.springframework.security.web.access.intercept.FilterSecurityInterceptor.invoke(FilterSecurityInterceptor.java:124)
	at org.springframework.security.web.access.intercept.FilterSecurityInterceptor.doFilter(FilterSecurityInterceptor.java:91)
	at org.springframework.security.web.FilterChainProxy$VirtualFilterChain.doFilter(FilterChainProxy.java:331)
	at org.springframework.security.web.access.ExceptionTranslationFilter.doFilter(ExceptionTranslationFilter.java:114)
	at org.springframework.security.web.FilterChainProxy$VirtualFilterChain.doFilter(FilterChainProxy.java:331)
	at org.springframework.security.web.session.SessionManagementFilter.doFilter(SessionManagementFilter.java:137)
	at org.springframework.security.web.FilterChainProxy$VirtualFilterChain.doFilter(FilterChainProxy.java:331)
	at org.springframework.security.web.authentication.AnonymousAuthenticationFilter.doFilter(AnonymousAuthenticationFilter.java:111)
	at org.springframework.security.web.FilterChainProxy$VirtualFilterChain.doFilter(FilterChainProxy.java:331)
	at org.springframework.security.web.servletapi.SecurityContextHolderAwareRequestFilter.doFilter(SecurityContextHolderAwareRequestFilter.java:170)
	at org.springframework.security.web.FilterChainProxy$VirtualFilterChain.doFilter(FilterChainProxy.java:331)
	at org.springframework.security.web.savedrequest.RequestCacheAwareFilter.doFilter(RequestCacheAwareFilter.java:63)
	at org.springframework.security.web.FilterChainProxy$VirtualFilterChain.doFilter(FilterChainProxy.java:331)
	at org.springframework.security.web.authentication.AbstractAuthenticationProcessingFilter.doFilter(AbstractAuthenticationProcessingFilter.java:200)
	at org.springframework.security.web.FilterChainProxy$VirtualFilterChain.doFilter(FilterChainProxy.java:331)
	at org.springframework.security.web.authentication.logout.LogoutFilter.doFilter(LogoutFilter.java:116)
	at org.springframework.security.web.FilterChainProxy$VirtualFilterChain.doFilter(FilterChainProxy.java:331)
	at org.springframework.security.web.csrf.CsrfFilter.doFilterInternal(CsrfFilter.java:100)
	at org.springframework.web.filter.OncePerRequestFilter.doFilter(OncePerRequestFilter.java:107)
	at org.springframework.security.web.FilterChainProxy$VirtualFilterChain.doFilter(FilterChainProxy.java:331)
	at org.springframework.security.web.header.HeaderWriterFilter.doFilterInternal(HeaderWriterFilter.java:64)
	at org.springframework.web.filter.OncePerRequestFilter.doFilter(OncePerRequestFilter.java:107)
	at org.springframework.security.web.FilterChainProxy$VirtualFilterChain.doFilter(FilterChainProxy.java:331)
	at org.springframework.security.web.context.SecurityContextPersistenceFilter.doFilter(SecurityContextPersistenceFilter.java:105)
	at org.springframework.security.web.FilterChainProxy$VirtualFilterChain.doFilter(FilterChainProxy.java:331)
	at org.springframework.security.web.context.request.async.WebAsyncManagerIntegrationFilter.doFilterInternal(WebAsyncManagerIntegrationFilter.java:56)
	at org.springframework.web.filter.OncePerRequestFilter.doFilter(OncePerRequestFilter.java:107)
	at org.springframework.security.web.FilterChainProxy$VirtualFilterChain.doFilter(FilterChainProxy.java:331)
	at org.springframework.security.web.FilterChainProxy.doFilterInternal(FilterChainProxy.java:214)
	at org.springframework.security.web.FilterChainProxy.doFilter(FilterChainProxy.java:177)
	at org.springframework.web.filter.DelegatingFilterProxy.invokeDelegate(DelegatingFilterProxy.java:347)
	at org.springframework.web.filter.DelegatingFilterProxy.doFilter(DelegatingFilterProxy.java:263)
	at org.apache.catalina.core.ApplicationFilterChain.internalDoFilter(ApplicationFilterChain.java:193)
	at org.apache.catalina.core.ApplicationFilterChain.doFilter(ApplicationFilterChain.java:166)
	at org.springframework.web.filter.RequestContextFilter.doFilterInternal(RequestContextFilter.java:99)
	at org.springframework.web.filter.OncePerRequestFilter.doFilter(OncePerRequestFilter.java:107)
	at org.apache.catalina.core.ApplicationFilterChain.internalDoFilter(ApplicationFilterChain.java:193)
	at org.apache.catalina.core.ApplicationFilterChain.doFilter(ApplicationFilterChain.java:166)
	at org.springframework.web.filter.HttpPutFormContentFilter.doFilterInternal(HttpPutFormContentFilter.java:108)
	at org.springframework.web.filter.OncePerRequestFilter.doFilter(OncePerRequestFilter.java:107)
	at org.apache.catalina.core.ApplicationFilterChain.internalDoFilter(ApplicationFilterChain.java:193)
	at org.apache.catalina.core.ApplicationFilterChain.doFilter(ApplicationFilterChain.java:166)
	at org.springframework.web.filter.HiddenHttpMethodFilter.doFilterInternal(HiddenHttpMethodFilter.java:81)
	at org.springframework.web.filter.OncePerRequestFilter.doFilter(OncePerRequestFilter.java:107)
	at org.apache.catalina.core.ApplicationFilterChain.internalDoFilter(ApplicationFilterChain.java:193)
	at org.apache.catalina.core.ApplicationFilterChain.doFilter(ApplicationFilterChain.java:166)
	at org.springframework.web.filter.CharacterEncodingFilter.doFilterInternal(CharacterEncodingFilter.java:197)
	at org.springframework.web.filter.OncePerRequestFilter.doFilter(OncePerRequestFilter.java:107)
	at org.apache.catalina.core.ApplicationFilterChain.internalDoFilter(ApplicationFilterChain.java:193)
	at org.apache.catalina.core.ApplicationFilterChain.doFilter(ApplicationFilterChain.java:166)
	at org.apache.catalina.core.StandardWrapperValve.invoke(StandardWrapperValve.java:199)
	at org.apache.catalina.core.StandardContextValve.invoke(StandardContextValve.java:96)
	at org.apache.catalina.authenticator.AuthenticatorBase.invoke(AuthenticatorBase.java:478)
	at org.apache.catalina.core.StandardHostValve.invoke(StandardHostValve.java:140)
	at org.apache.catalina.valves.ErrorReportValve.invoke(ErrorReportValve.java:81)
	at org.apache.catalina.core.StandardEngineValve.invoke(StandardEngineValve.java:87)
	at org.apache.catalina.connector.CoyoteAdapter.service(CoyoteAdapter.java:342)
	at org.apache.coyote.http11.Http11Processor.service(Http11Processor.java:803)
	at org.apache.coyote.AbstractProcessorLight.process(AbstractProcessorLight.java:66)
	at org.apache.coyote.AbstractProtocol$ConnectionHandler.process(AbstractProtocol.java:868)
	at org.apache.tomcat.util.net.NioEndpoint$SocketProcessor.doRun(NioEndpoint.java:1459)
	at org.apache.tomcat.util.net.SocketProcessorBase.run(SocketProcessorBase.java:49)
	at java.util.concurrent.ThreadPoolExecutor.runWorker(ThreadPoolExecutor.java:1149)
	at java.util.concurrent.ThreadPoolExecutor$Worker.run(ThreadPoolExecutor.java:624)
	at org.apache.tomcat.util.threads.TaskThread$WrappingRunnable.run(TaskThread.java:61)
	at java.lang.Thread.run(Thread.java:748)
144267 [http-nio-8080-exec-1] DEBUG o.s.s.w.u.matcher.AndRequestMatcher - Trying to match using Ant [pattern='/**', GET]
144267 [http-nio-8080-exec-1] DEBUG o.s.s.w.u.m.AntPathRequestMatcher - Request '/img/1.JPG' matched by universal pattern '/**'
144267 [http-nio-8080-exec-1] DEBUG o.s.s.w.u.matcher.AndRequestMatcher - Trying to match using NegatedRequestMatcher [requestMatcher=Ant [pattern='/**/favicon.ico']]
144267 [http-nio-8080-exec-1] DEBUG o.s.s.w.u.m.AntPathRequestMatcher - Checking match of request : '/img/1.JPG'; against '/**/favicon.ico'
144267 [http-nio-8080-exec-1] DEBUG o.s.s.w.u.m.NegatedRequestMatcher - matches = true
144267 [http-nio-8080-exec-1] DEBUG o.s.s.w.u.matcher.AndRequestMatcher - Trying to match using NegatedRequestMatcher [requestMatcher=MediaTypeRequestMatcher [contentNegotiationStrategy=org.springframework.web.accept.ContentNegotiationManager@1ca4c95a, matchingMediaTypes=[application/json], useEquals=false, ignoredMediaTypes=[*/*]]]
144267 [http-nio-8080-exec-1] DEBUG o.s.s.w.u.m.MediaTypeRequestMatcher - httpRequestMediaTypes=[image/jpeg]
144267 [http-nio-8080-exec-1] DEBUG o.s.s.w.u.m.MediaTypeRequestMatcher - Processing image/jpeg
144267 [http-nio-8080-exec-1] DEBUG o.s.s.w.u.m.MediaTypeRequestMatcher - application/json .isCompatibleWith image/jpeg = false
144267 [http-nio-8080-exec-1] DEBUG o.s.s.w.u.m.MediaTypeRequestMatcher - Did not match any media types
144267 [http-nio-8080-exec-1] DEBUG o.s.s.w.u.m.NegatedRequestMatcher - matches = true
144267 [http-nio-8080-exec-1] DEBUG o.s.s.w.u.matcher.AndRequestMatcher - Trying to match using NegatedRequestMatcher [requestMatcher=RequestHeaderRequestMatcher [expectedHeaderName=X-Requested-With, expectedHeaderValue=XMLHttpRequest]]
144267 [http-nio-8080-exec-1] DEBUG o.s.s.w.u.m.NegatedRequestMatcher - matches = true
144267 [http-nio-8080-exec-1] DEBUG o.s.s.w.u.matcher.AndRequestMatcher - All requestMatchers returned true
144267 [http-nio-8080-exec-1] DEBUG o.s.s.w.s.HttpSessionRequestCache - DefaultSavedRequest added to Session: DefaultSavedRequest[http://localhost:8080/img/1.JPG]
144267 [http-nio-8080-exec-1] DEBUG o.s.s.w.a.ExceptionTranslationFilter - Calling Authentication entry point.
144267 [http-nio-8080-exec-1] DEBUG o.s.s.web.DefaultRedirectStrategy - Redirecting to 'http://localhost:8080/login'
144267 [http-nio-8080-exec-1] DEBUG o.s.s.w.c.HttpSessionSecurityContextRepository - SecurityContext is empty or contents are anonymous - context will not be stored in HttpSession.
144267 [http-nio-8080-exec-1] DEBUG o.s.s.w.c.SecurityContextPersistenceFilter - SecurityContextHolder now cleared, as request processing completed
144287 [http-nio-8080-exec-2] DEBUG o.s.s.w.u.matcher.OrRequestMatcher - Trying to match using Ant [pattern='/css/**']
144287 [http-nio-8080-exec-2] DEBUG o.s.s.w.u.m.AntPathRequestMatcher - Checking match of request : '/login'; against '/css/**'
144287 [http-nio-8080-exec-2] DEBUG o.s.s.w.u.matcher.OrRequestMatcher - Trying to match using Ant [pattern='/js/**']
144287 [http-nio-8080-exec-2] DEBUG o.s.s.w.u.m.AntPathRequestMatcher - Checking match of request : '/login'; against '/js/**'
144287 [http-nio-8080-exec-2] DEBUG o.s.s.w.u.matcher.OrRequestMatcher - Trying to match using Ant [pattern='/images/**']
144287 [http-nio-8080-exec-2] DEBUG o.s.s.w.u.m.AntPathRequestMatcher - Checking match of request : '/login'; against '/images/**'
144287 [http-nio-8080-exec-2] DEBUG o.s.s.w.u.matcher.OrRequestMatcher - Trying to match using Ant [pattern='/webjars/**']
144287 [http-nio-8080-exec-2] DEBUG o.s.s.w.u.m.AntPathRequestMatcher - Checking match of request : '/login'; against '/webjars/**'
144287 [http-nio-8080-exec-2] DEBUG o.s.s.w.u.matcher.OrRequestMatcher - Trying to match using Ant [pattern='/**/favicon.ico']
144287 [http-nio-8080-exec-2] DEBUG o.s.s.w.u.m.AntPathRequestMatcher - Checking match of request : '/login'; against '/**/favicon.ico'
144287 [http-nio-8080-exec-2] DEBUG o.s.s.w.u.matcher.OrRequestMatcher - Trying to match using Ant [pattern='/error']
144287 [http-nio-8080-exec-2] DEBUG o.s.s.w.u.m.AntPathRequestMatcher - Checking match of request : '/login'; against '/error'
144287 [http-nio-8080-exec-2] DEBUG o.s.s.w.u.matcher.OrRequestMatcher - No matches found
144287 [http-nio-8080-exec-2] DEBUG o.s.security.web.FilterChainProxy - /login at position 1 of 12 in additional filter chain; firing Filter: 'WebAsyncManagerIntegrationFilter'
144287 [http-nio-8080-exec-2] DEBUG o.s.security.web.FilterChainProxy - /login at position 2 of 12 in additional filter chain; firing Filter: 'SecurityContextPersistenceFilter'
144287 [http-nio-8080-exec-2] DEBUG o.s.s.w.c.HttpSessionSecurityContextRepository - HttpSession returned null object for SPRING_SECURITY_CONTEXT
144287 [http-nio-8080-exec-2] DEBUG o.s.s.w.c.HttpSessionSecurityContextRepository - No SecurityContext was available from the HttpSession: org.apache.catalina.session.StandardSessionFacade@59f4f7b4. A new one will be created.
144287 [http-nio-8080-exec-2] DEBUG o.s.security.web.FilterChainProxy - /login at position 3 of 12 in additional filter chain; firing Filter: 'HeaderWriterFilter'
144287 [http-nio-8080-exec-2] DEBUG o.s.s.w.h.writers.HstsHeaderWriter - Not injecting HSTS header since it did not match the requestMatcher org.springframework.security.web.header.writers.HstsHeaderWriter$SecureRequestMatcher@74ab9304
144287 [http-nio-8080-exec-2] DEBUG o.s.security.web.FilterChainProxy - /login at position 4 of 12 in additional filter chain; firing Filter: 'CsrfFilter'
144287 [http-nio-8080-exec-2] DEBUG o.s.security.web.FilterChainProxy - /login at position 5 of 12 in additional filter chain; firing Filter: 'LogoutFilter'
144287 [http-nio-8080-exec-2] DEBUG o.s.s.w.u.m.AntPathRequestMatcher - Request 'GET /login' doesn't match 'POST /logout
144287 [http-nio-8080-exec-2] DEBUG o.s.security.web.FilterChainProxy - /login at position 6 of 12 in additional filter chain; firing Filter: 'UsernamePasswordAuthenticationFilter'
144287 [http-nio-8080-exec-2] DEBUG o.s.s.w.u.m.AntPathRequestMatcher - Request 'GET /login' doesn't match 'POST /login
144287 [http-nio-8080-exec-2] DEBUG o.s.security.web.FilterChainProxy - /login at position 7 of 12 in additional filter chain; firing Filter: 'RequestCacheAwareFilter'
144287 [http-nio-8080-exec-2] DEBUG o.s.s.w.s.DefaultSavedRequest - pathInfo: both null (property equals)
144287 [http-nio-8080-exec-2] DEBUG o.s.s.w.s.DefaultSavedRequest - queryString: both null (property equals)
144287 [http-nio-8080-exec-2] DEBUG o.s.s.w.s.DefaultSavedRequest - requestURI: arg1=/img/1.JPG; arg2=/login (property not equals)
144290 [http-nio-8080-exec-2] DEBUG o.s.s.w.s.HttpSessionRequestCache - saved request doesn't match
144290 [http-nio-8080-exec-2] DEBUG o.s.security.web.FilterChainProxy - /login at position 8 of 12 in additional filter chain; firing Filter: 'SecurityContextHolderAwareRequestFilter'
144290 [http-nio-8080-exec-2] DEBUG o.s.security.web.FilterChainProxy - /login at position 9 of 12 in additional filter chain; firing Filter: 'AnonymousAuthenticationFilter'
144290 [http-nio-8080-exec-2] DEBUG o.s.s.w.a.AnonymousAuthenticationFilter - Populated SecurityContextHolder with anonymous token: 'org.springframework.security.authentication.AnonymousAuthenticationToken@6fabe8e0: Principal: anonymousUser; Credentials: [PROTECTED]; Authenticated: true; Details: org.springframework.security.web.authentication.WebAuthenticationDetails@fffe9938: RemoteIpAddress: 0:0:0:0:0:0:0:1; SessionId: 760D79BA12046463C13AD8F04AD89B62; Granted Authorities: ROLE_ANONYMOUS'
144290 [http-nio-8080-exec-2] DEBUG o.s.security.web.FilterChainProxy - /login at position 10 of 12 in additional filter chain; firing Filter: 'SessionManagementFilter'
144290 [http-nio-8080-exec-2] DEBUG o.s.security.web.FilterChainProxy - /login at position 11 of 12 in additional filter chain; firing Filter: 'ExceptionTranslationFilter'
144290 [http-nio-8080-exec-2] DEBUG o.s.security.web.FilterChainProxy - /login at position 12 of 12 in additional filter chain; firing Filter: 'FilterSecurityInterceptor'
144291 [http-nio-8080-exec-2] DEBUG o.s.s.w.a.i.FilterSecurityInterceptor - Secure object: FilterInvocation: URL: /login; Attributes: [permitAll]
144291 [http-nio-8080-exec-2] DEBUG o.s.s.w.a.i.FilterSecurityInterceptor - Previously Authenticated: org.springframework.security.authentication.AnonymousAuthenticationToken@6fabe8e0: Principal: anonymousUser; Credentials: [PROTECTED]; Authenticated: true; Details: org.springframework.security.web.authentication.WebAuthenticationDetails@fffe9938: RemoteIpAddress: 0:0:0:0:0:0:0:1; SessionId: 760D79BA12046463C13AD8F04AD89B62; Granted Authorities: ROLE_ANONYMOUS
144291 [http-nio-8080-exec-2] DEBUG o.s.s.access.vote.AffirmativeBased - Voter: org.springframework.security.web.access.expression.WebExpressionVoter@21e3b16c, returned: 1
144291 [http-nio-8080-exec-2] DEBUG o.s.s.w.a.i.FilterSecurityInterceptor - Authorization successful
144291 [http-nio-8080-exec-2] DEBUG o.s.s.w.a.i.FilterSecurityInterceptor - RunAsManager did not change Authentication object
144291 [http-nio-8080-exec-2] DEBUG o.s.security.web.FilterChainProxy - /login reached end of additional filter chain; proceeding with original chain
144294 [http-nio-8080-exec-2] DEBUG o.s.s.w.c.HttpSessionSecurityContextRepository - SecurityContext is empty or contents are anonymous - context will not be stored in HttpSession.
144294 [http-nio-8080-exec-2] DEBUG o.s.s.w.a.ExceptionTranslationFilter - Chain processed normally
144295 [http-nio-8080-exec-2] DEBUG o.s.s.w.c.SecurityContextPersistenceFilter - SecurityContextHolder now cleared, as request processing completed
427164 [Thread-12] WARN  o.s.b.f.s.DisposableBeanAdapter - Invocation of destroy method failed on bean with name 'classPathFileSystemWatcher': java.lang.NullPointerException
428714 [restartedMain] DEBUG o.s.s.c.a.a.c.AuthenticationConfiguration$EnableGlobalAuthenticationAutowiredConfigurer - Eagerly initializing {org.springframework.boot.autoconfigure.security.SpringBootWebSecurityConfiguration=org.springframework.boot.autoconfigure.security.SpringBootWebSecurityConfiguration$$EnhancerBySpringCGLIB$$693d5cf5@4b046b44}
428723 [restartedMain] INFO  o.s.s.w.DefaultSecurityFilterChain - Creating filter chain: OrRequestMatcher [requestMatchers=[Ant [pattern='/css/**'], Ant [pattern='/js/**'], Ant [pattern='/images/**'], Ant [pattern='/webjars/**'], Ant [pattern='/**/favicon.ico'], Ant [pattern='/error']]], []
428732 [restartedMain] DEBUG o.s.s.w.a.e.ExpressionBasedFilterInvocationSecurityMetadataSource - Adding web access control expression 'permitAll', for ExactUrl [processUrl='/login?error']
428732 [restartedMain] DEBUG o.s.s.w.a.e.ExpressionBasedFilterInvocationSecurityMetadataSource - Adding web access control expression 'permitAll', for ExactUrl [processUrl='/login']
428732 [restartedMain] DEBUG o.s.s.w.a.e.ExpressionBasedFilterInvocationSecurityMetadataSource - Adding web access control expression 'permitAll', for ExactUrl [processUrl='/login']
428732 [restartedMain] DEBUG o.s.s.w.a.e.ExpressionBasedFilterInvocationSecurityMetadataSource - Adding web access control expression 'permitAll', for Ant [pattern='/logout', POST]
428732 [restartedMain] DEBUG o.s.s.w.a.e.ExpressionBasedFilterInvocationSecurityMetadataSource - Adding web access control expression 'permitAll', for ExactUrl [processUrl='/login?logout']
428732 [restartedMain] DEBUG o.s.s.w.a.e.ExpressionBasedFilterInvocationSecurityMetadataSource - Adding web access control expression 'permitAll', for Ant [pattern='/']
428732 [restartedMain] DEBUG o.s.s.w.a.e.ExpressionBasedFilterInvocationSecurityMetadataSource - Adding web access control expression 'authenticated', for org.springframework.security.web.util.matcher.AnyRequestMatcher@1
428732 [restartedMain] DEBUG o.s.s.w.a.i.FilterSecurityInterceptor - Validated configuration attributes
428732 [restartedMain] DEBUG o.s.s.w.a.i.FilterSecurityInterceptor - Validated configuration attributes
428734 [restartedMain] INFO  o.s.s.w.DefaultSecurityFilterChain - Creating filter chain: org.springframework.security.web.util.matcher.AnyRequestMatcher@1, [org.springframework.security.web.context.request.async.WebAsyncManagerIntegrationFilter@75313dd0, org.springframework.security.web.context.SecurityContextPersistenceFilter@20d6b6d3, org.springframework.security.web.header.HeaderWriterFilter@2d7ec55a, org.springframework.security.web.csrf.CsrfFilter@4c63d71b, org.springframework.security.web.authentication.logout.LogoutFilter@2b075bab, org.springframework.security.web.authentication.UsernamePasswordAuthenticationFilter@32c2ee2d, org.springframework.security.web.savedrequest.RequestCacheAwareFilter@79bab615, org.springframework.security.web.servletapi.SecurityContextHolderAwareRequestFilter@22b5e86d, org.springframework.security.web.authentication.AnonymousAuthenticationFilter@6f108c31, org.springframework.security.web.session.SessionManagementFilter@725f7c8c, org.springframework.security.web.access.ExceptionTranslationFilter@f7ac9fd, org.springframework.security.web.access.intercept.FilterSecurityInterceptor@5070b25c]
428736 [restartedMain] DEBUG o.s.s.w.a.e.ExpressionBasedFilterInvocationSecurityMetadataSource - Adding web access control expression 'hasAnyRole('ROLE_USER')', for org.springframework.security.web.util.matcher.AnyRequestMatcher@1
428736 [restartedMain] DEBUG o.s.s.w.a.i.FilterSecurityInterceptor - Validated configuration attributes
428736 [restartedMain] DEBUG o.s.s.w.a.i.FilterSecurityInterceptor - Validated configuration attributes
428736 [restartedMain] INFO  o.s.s.w.DefaultSecurityFilterChain - Creating filter chain: OrRequestMatcher [requestMatchers=[Ant [pattern='/**']]], [org.springframework.security.web.context.request.async.WebAsyncManagerIntegrationFilter@4a650107, org.springframework.security.web.context.SecurityContextPersistenceFilter@4e76a7fc, org.springframework.security.web.header.HeaderWriterFilter@24f54fa6, org.springframework.security.web.authentication.logout.LogoutFilter@27f3b6ee, org.springframework.security.web.authentication.www.BasicAuthenticationFilter@5c41bcab, org.springframework.security.web.savedrequest.RequestCacheAwareFilter@75d62b12, org.springframework.security.web.servletapi.SecurityContextHolderAwareRequestFilter@7bd0d271, org.springframework.security.web.authentication.AnonymousAuthenticationFilter@3dcf063, org.springframework.security.web.session.SessionManagementFilter@389c8c61, org.springframework.security.web.access.ExceptionTranslationFilter@6ceaee3e, org.springframework.security.web.access.intercept.FilterSecurityInterceptor@ebe5d98]
487610 [Thread-21] WARN  o.s.b.f.s.DisposableBeanAdapter - Invocation of destroy method failed on bean with name 'classPathFileSystemWatcher': java.lang.NullPointerException
488978 [restartedMain] DEBUG o.s.s.c.a.a.c.AuthenticationConfiguration$EnableGlobalAuthenticationAutowiredConfigurer - Eagerly initializing {org.springframework.boot.autoconfigure.security.SpringBootWebSecurityConfiguration=org.springframework.boot.autoconfigure.security.SpringBootWebSecurityConfiguration$$EnhancerBySpringCGLIB$$693d5cf5@38da5e78}
488983 [restartedMain] INFO  o.s.s.w.DefaultSecurityFilterChain - Creating filter chain: OrRequestMatcher [requestMatchers=[Ant [pattern='/css/**'], Ant [pattern='/js/**'], Ant [pattern='/images/**'], Ant [pattern='/webjars/**'], Ant [pattern='/**/favicon.ico'], Ant [pattern='/error']]], []
488986 [restartedMain] DEBUG o.s.s.w.a.e.ExpressionBasedFilterInvocationSecurityMetadataSource - Adding web access control expression 'hasAnyRole('ROLE_USER')', for org.springframework.security.web.util.matcher.AnyRequestMatcher@1
488987 [restartedMain] DEBUG o.s.s.w.a.i.FilterSecurityInterceptor - Validated configuration attributes
488987 [restartedMain] DEBUG o.s.s.w.a.i.FilterSecurityInterceptor - Validated configuration attributes
488987 [restartedMain] INFO  o.s.s.w.DefaultSecurityFilterChain - Creating filter chain: OrRequestMatcher [requestMatchers=[Ant [pattern='/**']]], [org.springframework.security.web.context.request.async.WebAsyncManagerIntegrationFilter@25d73414, org.springframework.security.web.context.SecurityContextPersistenceFilter@3b1d3db6, org.springframework.security.web.header.HeaderWriterFilter@4772b55c, org.springframework.security.web.authentication.logout.LogoutFilter@9abcea3, org.springframework.security.web.authentication.www.BasicAuthenticationFilter@5b09a2ad, org.springframework.security.web.savedrequest.RequestCacheAwareFilter@86b22b0, org.springframework.security.web.servletapi.SecurityContextHolderAwareRequestFilter@5a61aeb4, org.springframework.security.web.authentication.AnonymousAuthenticationFilter@5335dae0, org.springframework.security.web.session.SessionManagementFilter@32cc2ab9, org.springframework.security.web.access.ExceptionTranslationFilter@77a88da8, org.springframework.security.web.access.intercept.FilterSecurityInterceptor@1c66aad3]
498480 [Thread-27] WARN  o.s.b.f.s.DisposableBeanAdapter - Invocation of destroy method failed on bean with name 'classPathFileSystemWatcher': java.lang.NullPointerException
499639 [restartedMain] DEBUG o.s.s.c.a.a.c.AuthenticationConfiguration$EnableGlobalAuthenticationAutowiredConfigurer - Eagerly initializing {org.springframework.boot.autoconfigure.security.SpringBootWebSecurityConfiguration=org.springframework.boot.autoconfigure.security.SpringBootWebSecurityConfiguration$$EnhancerBySpringCGLIB$$693d5cf5@4cce32d7}
499643 [restartedMain] INFO  o.s.s.w.DefaultSecurityFilterChain - Creating filter chain: OrRequestMatcher [requestMatchers=[Ant [pattern='/css/**'], Ant [pattern='/js/**'], Ant [pattern='/images/**'], Ant [pattern='/webjars/**'], Ant [pattern='/**/favicon.ico'], Ant [pattern='/error']]], []
499647 [restartedMain] DEBUG o.s.s.w.a.e.ExpressionBasedFilterInvocationSecurityMetadataSource - Adding web access control expression 'permitAll', for ExactUrl [processUrl='/login?error']
499648 [restartedMain] DEBUG o.s.s.w.a.e.ExpressionBasedFilterInvocationSecurityMetadataSource - Adding web access control expression 'permitAll', for ExactUrl [processUrl='/login']
499648 [restartedMain] DEBUG o.s.s.w.a.e.ExpressionBasedFilterInvocationSecurityMetadataSource - Adding web access control expression 'permitAll', for ExactUrl [processUrl='/login']
499648 [restartedMain] DEBUG o.s.s.w.a.e.ExpressionBasedFilterInvocationSecurityMetadataSource - Adding web access control expression 'permitAll', for Ant [pattern='/logout', POST]
499648 [restartedMain] DEBUG o.s.s.w.a.e.ExpressionBasedFilterInvocationSecurityMetadataSource - Adding web access control expression 'permitAll', for ExactUrl [processUrl='/login?logout']
499648 [restartedMain] DEBUG o.s.s.w.a.e.ExpressionBasedFilterInvocationSecurityMetadataSource - Adding web access control expression 'permitAll', for Ant [pattern='/public']
499648 [restartedMain] DEBUG o.s.s.w.a.e.ExpressionBasedFilterInvocationSecurityMetadataSource - Adding web access control expression 'authenticated', for org.springframework.security.web.util.matcher.AnyRequestMatcher@1
499648 [restartedMain] DEBUG o.s.s.w.a.i.FilterSecurityInterceptor - Validated configuration attributes
499648 [restartedMain] DEBUG o.s.s.w.a.i.FilterSecurityInterceptor - Validated configuration attributes
499649 [restartedMain] INFO  o.s.s.w.DefaultSecurityFilterChain - Creating filter chain: org.springframework.security.web.util.matcher.AnyRequestMatcher@1, [org.springframework.security.web.context.request.async.WebAsyncManagerIntegrationFilter@5d08965c, org.springframework.security.web.context.SecurityContextPersistenceFilter@3b82ea61, org.springframework.security.web.header.HeaderWriterFilter@6646ac58, org.springframework.security.web.csrf.CsrfFilter@351464ec, org.springframework.security.web.authentication.logout.LogoutFilter@6155ff13, org.springframework.security.web.authentication.UsernamePasswordAuthenticationFilter@3d29be3, org.springframework.security.web.savedrequest.RequestCacheAwareFilter@2157fbc4, org.springframework.security.web.servletapi.SecurityContextHolderAwareRequestFilter@72a0b7da, org.springframework.security.web.authentication.AnonymousAuthenticationFilter@16c9aa77, org.springframework.security.web.session.SessionManagementFilter@2d27d82d, org.springframework.security.web.access.ExceptionTranslationFilter@703a99c, org.springframework.security.web.access.intercept.FilterSecurityInterceptor@741deac4]
499650 [restartedMain] DEBUG o.s.s.w.a.e.ExpressionBasedFilterInvocationSecurityMetadataSource - Adding web access control expression 'hasAnyRole('ROLE_USER')', for org.springframework.security.web.util.matcher.AnyRequestMatcher@1
499651 [restartedMain] DEBUG o.s.s.w.a.i.FilterSecurityInterceptor - Validated configuration attributes
499651 [restartedMain] DEBUG o.s.s.w.a.i.FilterSecurityInterceptor - Validated configuration attributes
499651 [restartedMain] INFO  o.s.s.w.DefaultSecurityFilterChain - Creating filter chain: OrRequestMatcher [requestMatchers=[Ant [pattern='/**']]], [org.springframework.security.web.context.request.async.WebAsyncManagerIntegrationFilter@25b871b6, org.springframework.security.web.context.SecurityContextPersistenceFilter@7772d59f, org.springframework.security.web.header.HeaderWriterFilter@4c908bc2, org.springframework.security.web.authentication.logout.LogoutFilter@43eef114, org.springframework.security.web.authentication.www.BasicAuthenticationFilter@22d10adb, org.springframework.security.web.savedrequest.RequestCacheAwareFilter@1a31d5df, org.springframework.security.web.servletapi.SecurityContextHolderAwareRequestFilter@52b793c0, org.springframework.security.web.authentication.AnonymousAuthenticationFilter@159227b2, org.springframework.security.web.session.SessionManagementFilter@58c92032, org.springframework.security.web.access.ExceptionTranslationFilter@1b2ed00e, org.springframework.security.web.access.intercept.FilterSecurityInterceptor@46e2642d]
504108 [Thread-33] WARN  o.s.b.f.s.DisposableBeanAdapter - Invocation of destroy method failed on bean with name 'classPathFileSystemWatcher': java.lang.NullPointerException
505406 [restartedMain] DEBUG o.s.s.c.a.a.c.AuthenticationConfiguration$EnableGlobalAuthenticationAutowiredConfigurer - Eagerly initializing {org.springframework.boot.autoconfigure.security.SpringBootWebSecurityConfiguration=org.springframework.boot.autoconfigure.security.SpringBootWebSecurityConfiguration$$EnhancerBySpringCGLIB$$693d5cf5@7e9bdf10}
505410 [restartedMain] INFO  o.s.s.w.DefaultSecurityFilterChain - Creating filter chain: OrRequestMatcher [requestMatchers=[Ant [pattern='/css/**'], Ant [pattern='/js/**'], Ant [pattern='/images/**'], Ant [pattern='/webjars/**'], Ant [pattern='/**/favicon.ico'], Ant [pattern='/error']]], []
505414 [restartedMain] DEBUG o.s.s.w.a.e.ExpressionBasedFilterInvocationSecurityMetadataSource - Adding web access control expression 'hasAnyRole('ROLE_USER')', for org.springframework.security.web.util.matcher.AnyRequestMatcher@1
505415 [restartedMain] DEBUG o.s.s.w.a.i.FilterSecurityInterceptor - Validated configuration attributes
505415 [restartedMain] DEBUG o.s.s.w.a.i.FilterSecurityInterceptor - Validated configuration attributes
505415 [restartedMain] INFO  o.s.s.w.DefaultSecurityFilterChain - Creating filter chain: OrRequestMatcher [requestMatchers=[Ant [pattern='/**']]], [org.springframework.security.web.context.request.async.WebAsyncManagerIntegrationFilter@74ba5beb, org.springframework.security.web.context.SecurityContextPersistenceFilter@7c728540, org.springframework.security.web.header.HeaderWriterFilter@6552d52c, org.springframework.security.web.authentication.logout.LogoutFilter@18be90b0, org.springframework.security.web.authentication.www.BasicAuthenticationFilter@700e4e62, org.springframework.security.web.savedrequest.RequestCacheAwareFilter@489b2672, org.springframework.security.web.servletapi.SecurityContextHolderAwareRequestFilter@3b9371f8, org.springframework.security.web.authentication.AnonymousAuthenticationFilter@6a519f9b, org.springframework.security.web.session.SessionManagementFilter@60c878d2, org.springframework.security.web.access.ExceptionTranslationFilter@897994d, org.springframework.security.web.access.intercept.FilterSecurityInterceptor@2f23eade]
515889 [Thread-39] WARN  o.s.b.f.s.DisposableBeanAdapter - Invocation of destroy method failed on bean with name 'classPathFileSystemWatcher': java.lang.NullPointerException
516959 [restartedMain] WARN  o.s.b.c.e.AnnotationConfigEmbeddedWebApplicationContext - Exception encountered during context initialization - cancelling refresh attempt: org.springframework.beans.factory.BeanCreationException: Error creating bean with name 'springSecurityFilterChain' defined in class path resource [org/springframework/security/config/annotation/web/configuration/WebSecurityConfiguration.class]: Bean instantiation via factory method failed; nested exception is org.springframework.beans.BeanInstantiationException: Failed to instantiate [javax.servlet.Filter]: Factory method 'springSecurityFilterChain' threw exception; nested exception is java.lang.IllegalArgumentException: Pattern cannot be null or empty
516976 [restartedMain] ERROR o.s.boot.SpringApplication - Application startup failed
org.springframework.beans.factory.BeanCreationException: Error creating bean with name 'springSecurityFilterChain' defined in class path resource [org/springframework/security/config/annotation/web/configuration/WebSecurityConfiguration.class]: Bean instantiation via factory method failed; nested exception is org.springframework.beans.BeanInstantiationException: Failed to instantiate [javax.servlet.Filter]: Factory method 'springSecurityFilterChain' threw exception; nested exception is java.lang.IllegalArgumentException: Pattern cannot be null or empty
	at org.springframework.beans.factory.support.ConstructorResolver.instantiateUsingFactoryMethod(ConstructorResolver.java:599)
	at org.springframework.beans.factory.support.AbstractAutowireCapableBeanFactory.instantiateUsingFactoryMethod(AbstractAutowireCapableBeanFactory.java:1173)
	at org.springframework.beans.factory.support.AbstractAutowireCapableBeanFactory.createBeanInstance(AbstractAutowireCapableBeanFactory.java:1067)
	at org.springframework.beans.factory.support.AbstractAutowireCapableBeanFactory.doCreateBean(AbstractAutowireCapableBeanFactory.java:513)
	at org.springframework.beans.factory.support.AbstractAutowireCapableBeanFactory.createBean(AbstractAutowireCapableBeanFactory.java:483)
	at org.springframework.beans.factory.support.AbstractBeanFactory$1.getObject(AbstractBeanFactory.java:306)
	at org.springframework.beans.factory.support.DefaultSingletonBeanRegistry.getSingleton(DefaultSingletonBeanRegistry.java:230)
	at org.springframework.beans.factory.support.AbstractBeanFactory.doGetBean(AbstractBeanFactory.java:302)
	at org.springframework.beans.factory.support.AbstractBeanFactory.getBean(AbstractBeanFactory.java:197)
	at org.springframework.beans.factory.support.AbstractBeanFactory.doGetBean(AbstractBeanFactory.java:296)
	at org.springframework.beans.factory.support.AbstractBeanFactory.getBean(AbstractBeanFactory.java:197)
	at org.springframework.beans.factory.support.DefaultListableBeanFactory.preInstantiateSingletons(DefaultListableBeanFactory.java:761)
	at org.springframework.context.support.AbstractApplicationContext.finishBeanFactoryInitialization(AbstractApplicationContext.java:867)
	at org.springframework.context.support.AbstractApplicationContext.refresh(AbstractApplicationContext.java:543)
	at org.springframework.boot.context.embedded.EmbeddedWebApplicationContext.refresh(EmbeddedWebApplicationContext.java:122)
	at org.springframework.boot.SpringApplication.refresh(SpringApplication.java:693)
	at org.springframework.boot.SpringApplication.refreshContext(SpringApplication.java:360)
	at org.springframework.boot.SpringApplication.run(SpringApplication.java:303)
	at org.springframework.boot.SpringApplication.run(SpringApplication.java:1118)
	at org.springframework.boot.SpringApplication.run(SpringApplication.java:1107)
	at com.zmh.ppp.PppApplication.main(PppApplication.java:13)
	at sun.reflect.NativeMethodAccessorImpl.invoke0(Native Method)
	at sun.reflect.NativeMethodAccessorImpl.invoke(NativeMethodAccessorImpl.java:62)
	at sun.reflect.DelegatingMethodAccessorImpl.invoke(DelegatingMethodAccessorImpl.java:43)
	at java.lang.reflect.Method.invoke(Method.java:498)
	at org.springframework.boot.devtools.restart.RestartLauncher.run(RestartLauncher.java:49)
Caused by: org.springframework.beans.BeanInstantiationException: Failed to instantiate [javax.servlet.Filter]: Factory method 'springSecurityFilterChain' threw exception; nested exception is java.lang.IllegalArgumentException: Pattern cannot be null or empty
	at org.springframework.beans.factory.support.SimpleInstantiationStrategy.instantiate(SimpleInstantiationStrategy.java:189)
	at org.springframework.beans.factory.support.ConstructorResolver.instantiateUsingFactoryMethod(ConstructorResolver.java:588)
	... 25 common frames omitted
Caused by: java.lang.IllegalArgumentException: Pattern cannot be null or empty
	at org.springframework.util.Assert.hasText(Assert.java:181)
	at org.springframework.security.web.util.matcher.AntPathRequestMatcher.<init>(AntPathRequestMatcher.java:98)
	at org.springframework.security.web.util.matcher.AntPathRequestMatcher.<init>(AntPathRequestMatcher.java:84)
	at org.springframework.security.config.annotation.web.AbstractRequestMatcherRegistry$RequestMatchers.antMatchers(AbstractRequestMatcherRegistry.java:255)
	at org.springframework.security.config.annotation.web.AbstractRequestMatcherRegistry$RequestMatchers.antMatchers(AbstractRequestMatcherRegistry.java:270)
	at org.springframework.security.config.annotation.web.AbstractRequestMatcherRegistry.antMatchers(AbstractRequestMatcherRegistry.java:112)
	at com.zmh.ppp.security.WebSecurityConfig.configure(WebSecurityConfig.java:27)
	at org.springframework.security.config.annotation.web.configuration.WebSecurityConfigurerAdapter.getHttp(WebSecurityConfigurerAdapter.java:224)
	at org.springframework.security.config.annotation.web.configuration.WebSecurityConfigurerAdapter.init(WebSecurityConfigurerAdapter.java:315)
	at org.springframework.security.config.annotation.web.configuration.WebSecurityConfigurerAdapter.init(WebSecurityConfigurerAdapter.java:86)
	at com.zmh.ppp.security.WebSecurityConfig$$EnhancerBySpringCGLIB$$b167d83e.init(<generated>)
	at org.springframework.security.config.annotation.AbstractConfiguredSecurityBuilder.init(AbstractConfiguredSecurityBuilder.java:371)
	at org.springframework.security.config.annotation.AbstractConfiguredSecurityBuilder.doBuild(AbstractConfiguredSecurityBuilder.java:325)
	at org.springframework.security.config.annotation.AbstractSecurityBuilder.build(AbstractSecurityBuilder.java:41)
	at org.springframework.security.config.annotation.web.configuration.WebSecurityConfiguration.springSecurityFilterChain(WebSecurityConfiguration.java:104)
	at org.springframework.security.config.annotation.web.configuration.WebSecurityConfiguration$$EnhancerBySpringCGLIB$$c879c540.CGLIB$springSecurityFilterChain$4(<generated>)
	at org.springframework.security.config.annotation.web.configuration.WebSecurityConfiguration$$EnhancerBySpringCGLIB$$c879c540$$FastClassBySpringCGLIB$$ee44acb0.invoke(<generated>)
	at org.springframework.cglib.proxy.MethodProxy.invokeSuper(MethodProxy.java:228)
	at org.springframework.context.annotation.ConfigurationClassEnhancer$BeanMethodInterceptor.intercept(ConfigurationClassEnhancer.java:358)
	at org.springframework.security.config.annotation.web.configuration.WebSecurityConfiguration$$EnhancerBySpringCGLIB$$c879c540.springSecurityFilterChain(<generated>)
	at sun.reflect.NativeMethodAccessorImpl.invoke0(Native Method)
	at sun.reflect.NativeMethodAccessorImpl.invoke(NativeMethodAccessorImpl.java:62)
	at sun.reflect.DelegatingMethodAccessorImpl.invoke(DelegatingMethodAccessorImpl.java:43)
	at java.lang.reflect.Method.invoke(Method.java:498)
	at org.springframework.beans.factory.support.SimpleInstantiationStrategy.instantiate(SimpleInstantiationStrategy.java:162)
	... 26 common frames omitted
528474 [restartedMain] WARN  o.s.b.c.e.AnnotationConfigEmbeddedWebApplicationContext - Exception encountered during context initialization - cancelling refresh attempt: org.springframework.beans.factory.BeanCreationException: Error creating bean with name 'springSecurityFilterChain' defined in class path resource [org/springframework/security/config/annotation/web/configuration/WebSecurityConfiguration.class]: Bean instantiation via factory method failed; nested exception is org.springframework.beans.BeanInstantiationException: Failed to instantiate [javax.servlet.Filter]: Factory method 'springSecurityFilterChain' threw exception; nested exception is java.lang.IllegalArgumentException: Pattern cannot be null or empty
528486 [restartedMain] ERROR o.s.boot.SpringApplication - Application startup failed
org.springframework.beans.factory.BeanCreationException: Error creating bean with name 'springSecurityFilterChain' defined in class path resource [org/springframework/security/config/annotation/web/configuration/WebSecurityConfiguration.class]: Bean instantiation via factory method failed; nested exception is org.springframework.beans.BeanInstantiationException: Failed to instantiate [javax.servlet.Filter]: Factory method 'springSecurityFilterChain' threw exception; nested exception is java.lang.IllegalArgumentException: Pattern cannot be null or empty
	at org.springframework.beans.factory.support.ConstructorResolver.instantiateUsingFactoryMethod(ConstructorResolver.java:599)
	at org.springframework.beans.factory.support.AbstractAutowireCapableBeanFactory.instantiateUsingFactoryMethod(AbstractAutowireCapableBeanFactory.java:1173)
	at org.springframework.beans.factory.support.AbstractAutowireCapableBeanFactory.createBeanInstance(AbstractAutowireCapableBeanFactory.java:1067)
	at org.springframework.beans.factory.support.AbstractAutowireCapableBeanFactory.doCreateBean(AbstractAutowireCapableBeanFactory.java:513)
	at org.springframework.beans.factory.support.AbstractAutowireCapableBeanFactory.createBean(AbstractAutowireCapableBeanFactory.java:483)
	at org.springframework.beans.factory.support.AbstractBeanFactory$1.getObject(AbstractBeanFactory.java:306)
	at org.springframework.beans.factory.support.DefaultSingletonBeanRegistry.getSingleton(DefaultSingletonBeanRegistry.java:230)
	at org.springframework.beans.factory.support.AbstractBeanFactory.doGetBean(AbstractBeanFactory.java:302)
	at org.springframework.beans.factory.support.AbstractBeanFactory.getBean(AbstractBeanFactory.java:197)
	at org.springframework.beans.factory.support.AbstractBeanFactory.doGetBean(AbstractBeanFactory.java:296)
	at org.springframework.beans.factory.support.AbstractBeanFactory.getBean(AbstractBeanFactory.java:197)
	at org.springframework.beans.factory.support.DefaultListableBeanFactory.preInstantiateSingletons(DefaultListableBeanFactory.java:761)
	at org.springframework.context.support.AbstractApplicationContext.finishBeanFactoryInitialization(AbstractApplicationContext.java:867)
	at org.springframework.context.support.AbstractApplicationContext.refresh(AbstractApplicationContext.java:543)
	at org.springframework.boot.context.embedded.EmbeddedWebApplicationContext.refresh(EmbeddedWebApplicationContext.java:122)
	at org.springframework.boot.SpringApplication.refresh(SpringApplication.java:693)
	at org.springframework.boot.SpringApplication.refreshContext(SpringApplication.java:360)
	at org.springframework.boot.SpringApplication.run(SpringApplication.java:303)
	at org.springframework.boot.SpringApplication.run(SpringApplication.java:1118)
	at org.springframework.boot.SpringApplication.run(SpringApplication.java:1107)
	at com.zmh.ppp.PppApplication.main(PppApplication.java:13)
	at sun.reflect.NativeMethodAccessorImpl.invoke0(Native Method)
	at sun.reflect.NativeMethodAccessorImpl.invoke(NativeMethodAccessorImpl.java:62)
	at sun.reflect.DelegatingMethodAccessorImpl.invoke(DelegatingMethodAccessorImpl.java:43)
	at java.lang.reflect.Method.invoke(Method.java:498)
	at org.springframework.boot.devtools.restart.RestartLauncher.run(RestartLauncher.java:49)
Caused by: org.springframework.beans.BeanInstantiationException: Failed to instantiate [javax.servlet.Filter]: Factory method 'springSecurityFilterChain' threw exception; nested exception is java.lang.IllegalArgumentException: Pattern cannot be null or empty
	at org.springframework.beans.factory.support.SimpleInstantiationStrategy.instantiate(SimpleInstantiationStrategy.java:189)
	at org.springframework.beans.factory.support.ConstructorResolver.instantiateUsingFactoryMethod(ConstructorResolver.java:588)
	... 25 common frames omitted
Caused by: java.lang.IllegalArgumentException: Pattern cannot be null or empty
	at org.springframework.util.Assert.hasText(Assert.java:181)
	at org.springframework.security.web.util.matcher.AntPathRequestMatcher.<init>(AntPathRequestMatcher.java:98)
	at org.springframework.security.web.util.matcher.AntPathRequestMatcher.<init>(AntPathRequestMatcher.java:84)
	at org.springframework.security.config.annotation.web.AbstractRequestMatcherRegistry$RequestMatchers.antMatchers(AbstractRequestMatcherRegistry.java:255)
	at org.springframework.security.config.annotation.web.AbstractRequestMatcherRegistry$RequestMatchers.antMatchers(AbstractRequestMatcherRegistry.java:270)
	at org.springframework.security.config.annotation.web.AbstractRequestMatcherRegistry.antMatchers(AbstractRequestMatcherRegistry.java:112)
	at com.zmh.ppp.security.WebSecurityConfig.configure(WebSecurityConfig.java:28)
	at org.springframework.security.config.annotation.web.configuration.WebSecurityConfigurerAdapter.getHttp(WebSecurityConfigurerAdapter.java:224)
	at org.springframework.security.config.annotation.web.configuration.WebSecurityConfigurerAdapter.init(WebSecurityConfigurerAdapter.java:315)
	at org.springframework.security.config.annotation.web.configuration.WebSecurityConfigurerAdapter.init(WebSecurityConfigurerAdapter.java:86)
	at com.zmh.ppp.security.WebSecurityConfig$$EnhancerBySpringCGLIB$$b167d83e.init(<generated>)
	at org.springframework.security.config.annotation.AbstractConfiguredSecurityBuilder.init(AbstractConfiguredSecurityBuilder.java:371)
	at org.springframework.security.config.annotation.AbstractConfiguredSecurityBuilder.doBuild(AbstractConfiguredSecurityBuilder.java:325)
	at org.springframework.security.config.annotation.AbstractSecurityBuilder.build(AbstractSecurityBuilder.java:41)
	at org.springframework.security.config.annotation.web.configuration.WebSecurityConfiguration.springSecurityFilterChain(WebSecurityConfiguration.java:104)
	at org.springframework.security.config.annotation.web.configuration.WebSecurityConfiguration$$EnhancerBySpringCGLIB$$c879c540.CGLIB$springSecurityFilterChain$4(<generated>)
	at org.springframework.security.config.annotation.web.configuration.WebSecurityConfiguration$$EnhancerBySpringCGLIB$$c879c540$$FastClassBySpringCGLIB$$ee44acb0.invoke(<generated>)
	at org.springframework.cglib.proxy.MethodProxy.invokeSuper(MethodProxy.java:228)
	at org.springframework.context.annotation.ConfigurationClassEnhancer$BeanMethodInterceptor.intercept(ConfigurationClassEnhancer.java:358)
	at org.springframework.security.config.annotation.web.configuration.WebSecurityConfiguration$$EnhancerBySpringCGLIB$$c879c540.springSecurityFilterChain(<generated>)
	at sun.reflect.NativeMethodAccessorImpl.invoke0(Native Method)
	at sun.reflect.NativeMethodAccessorImpl.invoke(NativeMethodAccessorImpl.java:62)
	at sun.reflect.DelegatingMethodAccessorImpl.invoke(DelegatingMethodAccessorImpl.java:43)
	at java.lang.reflect.Method.invoke(Method.java:498)
	at org.springframework.beans.factory.support.SimpleInstantiationStrategy.instantiate(SimpleInstantiationStrategy.java:162)
	... 26 common frames omitted
534774 [restartedMain] WARN  o.s.b.c.e.AnnotationConfigEmbeddedWebApplicationContext - Exception encountered during context initialization - cancelling refresh attempt: org.springframework.beans.factory.BeanCreationException: Error creating bean with name 'springSecurityFilterChain' defined in class path resource [org/springframework/security/config/annotation/web/configuration/WebSecurityConfiguration.class]: Bean instantiation via factory method failed; nested exception is org.springframework.beans.BeanInstantiationException: Failed to instantiate [javax.servlet.Filter]: Factory method 'springSecurityFilterChain' threw exception; nested exception is java.lang.IllegalArgumentException: Pattern cannot be null or empty
534784 [restartedMain] ERROR o.s.boot.SpringApplication - Application startup failed
org.springframework.beans.factory.BeanCreationException: Error creating bean with name 'springSecurityFilterChain' defined in class path resource [org/springframework/security/config/annotation/web/configuration/WebSecurityConfiguration.class]: Bean instantiation via factory method failed; nested exception is org.springframework.beans.BeanInstantiationException: Failed to instantiate [javax.servlet.Filter]: Factory method 'springSecurityFilterChain' threw exception; nested exception is java.lang.IllegalArgumentException: Pattern cannot be null or empty
	at org.springframework.beans.factory.support.ConstructorResolver.instantiateUsingFactoryMethod(ConstructorResolver.java:599)
	at org.springframework.beans.factory.support.AbstractAutowireCapableBeanFactory.instantiateUsingFactoryMethod(AbstractAutowireCapableBeanFactory.java:1173)
	at org.springframework.beans.factory.support.AbstractAutowireCapableBeanFactory.createBeanInstance(AbstractAutowireCapableBeanFactory.java:1067)
	at org.springframework.beans.factory.support.AbstractAutowireCapableBeanFactory.doCreateBean(AbstractAutowireCapableBeanFactory.java:513)
	at org.springframework.beans.factory.support.AbstractAutowireCapableBeanFactory.createBean(AbstractAutowireCapableBeanFactory.java:483)
	at org.springframework.beans.factory.support.AbstractBeanFactory$1.getObject(AbstractBeanFactory.java:306)
	at org.springframework.beans.factory.support.DefaultSingletonBeanRegistry.getSingleton(DefaultSingletonBeanRegistry.java:230)
	at org.springframework.beans.factory.support.AbstractBeanFactory.doGetBean(AbstractBeanFactory.java:302)
	at org.springframework.beans.factory.support.AbstractBeanFactory.getBean(AbstractBeanFactory.java:197)
	at org.springframework.beans.factory.support.AbstractBeanFactory.doGetBean(AbstractBeanFactory.java:296)
	at org.springframework.beans.factory.support.AbstractBeanFactory.getBean(AbstractBeanFactory.java:197)
	at org.springframework.beans.factory.support.DefaultListableBeanFactory.preInstantiateSingletons(DefaultListableBeanFactory.java:761)
	at org.springframework.context.support.AbstractApplicationContext.finishBeanFactoryInitialization(AbstractApplicationContext.java:867)
	at org.springframework.context.support.AbstractApplicationContext.refresh(AbstractApplicationContext.java:543)
	at org.springframework.boot.context.embedded.EmbeddedWebApplicationContext.refresh(EmbeddedWebApplicationContext.java:122)
	at org.springframework.boot.SpringApplication.refresh(SpringApplication.java:693)
	at org.springframework.boot.SpringApplication.refreshContext(SpringApplication.java:360)
	at org.springframework.boot.SpringApplication.run(SpringApplication.java:303)
	at org.springframework.boot.SpringApplication.run(SpringApplication.java:1118)
	at org.springframework.boot.SpringApplication.run(SpringApplication.java:1107)
	at com.zmh.ppp.PppApplication.main(PppApplication.java:13)
	at sun.reflect.NativeMethodAccessorImpl.invoke0(Native Method)
	at sun.reflect.NativeMethodAccessorImpl.invoke(NativeMethodAccessorImpl.java:62)
	at sun.reflect.DelegatingMethodAccessorImpl.invoke(DelegatingMethodAccessorImpl.java:43)
	at java.lang.reflect.Method.invoke(Method.java:498)
	at org.springframework.boot.devtools.restart.RestartLauncher.run(RestartLauncher.java:49)
Caused by: org.springframework.beans.BeanInstantiationException: Failed to instantiate [javax.servlet.Filter]: Factory method 'springSecurityFilterChain' threw exception; nested exception is java.lang.IllegalArgumentException: Pattern cannot be null or empty
	at org.springframework.beans.factory.support.SimpleInstantiationStrategy.instantiate(SimpleInstantiationStrategy.java:189)
	at org.springframework.beans.factory.support.ConstructorResolver.instantiateUsingFactoryMethod(ConstructorResolver.java:588)
	... 25 common frames omitted
Caused by: java.lang.IllegalArgumentException: Pattern cannot be null or empty
	at org.springframework.util.Assert.hasText(Assert.java:181)
	at org.springframework.security.web.util.matcher.AntPathRequestMatcher.<init>(AntPathRequestMatcher.java:98)
	at org.springframework.security.web.util.matcher.AntPathRequestMatcher.<init>(AntPathRequestMatcher.java:84)
	at org.springframework.security.config.annotation.web.AbstractRequestMatcherRegistry$RequestMatchers.antMatchers(AbstractRequestMatcherRegistry.java:255)
	at org.springframework.security.config.annotation.web.AbstractRequestMatcherRegistry$RequestMatchers.antMatchers(AbstractRequestMatcherRegistry.java:270)
	at org.springframework.security.config.annotation.web.AbstractRequestMatcherRegistry.antMatchers(AbstractRequestMatcherRegistry.java:112)
	at com.zmh.ppp.security.WebSecurityConfig.configure(WebSecurityConfig.java:28)
	at org.springframework.security.config.annotation.web.configuration.WebSecurityConfigurerAdapter.getHttp(WebSecurityConfigurerAdapter.java:224)
	at org.springframework.security.config.annotation.web.configuration.WebSecurityConfigurerAdapter.init(WebSecurityConfigurerAdapter.java:315)
	at org.springframework.security.config.annotation.web.configuration.WebSecurityConfigurerAdapter.init(WebSecurityConfigurerAdapter.java:86)
	at com.zmh.ppp.security.WebSecurityConfig$$EnhancerBySpringCGLIB$$b167d83e.init(<generated>)
	at org.springframework.security.config.annotation.AbstractConfiguredSecurityBuilder.init(AbstractConfiguredSecurityBuilder.java:371)
	at org.springframework.security.config.annotation.AbstractConfiguredSecurityBuilder.doBuild(AbstractConfiguredSecurityBuilder.java:325)
	at org.springframework.security.config.annotation.AbstractSecurityBuilder.build(AbstractSecurityBuilder.java:41)
	at org.springframework.security.config.annotation.web.configuration.WebSecurityConfiguration.springSecurityFilterChain(WebSecurityConfiguration.java:104)
	at org.springframework.security.config.annotation.web.configuration.WebSecurityConfiguration$$EnhancerBySpringCGLIB$$c879c540.CGLIB$springSecurityFilterChain$4(<generated>)
	at org.springframework.security.config.annotation.web.configuration.WebSecurityConfiguration$$EnhancerBySpringCGLIB$$c879c540$$FastClassBySpringCGLIB$$ee44acb0.invoke(<generated>)
	at org.springframework.cglib.proxy.MethodProxy.invokeSuper(MethodProxy.java:228)
	at org.springframework.context.annotation.ConfigurationClassEnhancer$BeanMethodInterceptor.intercept(ConfigurationClassEnhancer.java:358)
	at org.springframework.security.config.annotation.web.configuration.WebSecurityConfiguration$$EnhancerBySpringCGLIB$$c879c540.springSecurityFilterChain(<generated>)
	at sun.reflect.NativeMethodAccessorImpl.invoke0(Native Method)
	at sun.reflect.NativeMethodAccessorImpl.invoke(NativeMethodAccessorImpl.java:62)
	at sun.reflect.DelegatingMethodAccessorImpl.invoke(DelegatingMethodAccessorImpl.java:43)
	at java.lang.reflect.Method.invoke(Method.java:498)
	at org.springframework.beans.factory.support.SimpleInstantiationStrategy.instantiate(SimpleInstantiationStrategy.java:162)
	... 26 common frames omitted
542392 [restartedMain] DEBUG o.s.s.c.a.a.c.AuthenticationConfiguration$EnableGlobalAuthenticationAutowiredConfigurer - Eagerly initializing {org.springframework.boot.autoconfigure.security.SpringBootWebSecurityConfiguration=org.springframework.boot.autoconfigure.security.SpringBootWebSecurityConfiguration$$EnhancerBySpringCGLIB$$693d5cf5@2e3be47c}
542399 [restartedMain] INFO  o.s.s.w.DefaultSecurityFilterChain - Creating filter chain: OrRequestMatcher [requestMatchers=[Ant [pattern='/css/**'], Ant [pattern='/js/**'], Ant [pattern='/images/**'], Ant [pattern='/webjars/**'], Ant [pattern='/**/favicon.ico'], Ant [pattern='/error']]], []
542405 [restartedMain] DEBUG o.s.s.w.a.e.ExpressionBasedFilterInvocationSecurityMetadataSource - Adding web access control expression 'permitAll', for ExactUrl [processUrl='/login?error']
542405 [restartedMain] DEBUG o.s.s.w.a.e.ExpressionBasedFilterInvocationSecurityMetadataSource - Adding web access control expression 'permitAll', for ExactUrl [processUrl='/login']
542405 [restartedMain] DEBUG o.s.s.w.a.e.ExpressionBasedFilterInvocationSecurityMetadataSource - Adding web access control expression 'permitAll', for ExactUrl [processUrl='/login']
542405 [restartedMain] DEBUG o.s.s.w.a.e.ExpressionBasedFilterInvocationSecurityMetadataSource - Adding web access control expression 'permitAll', for Ant [pattern='/logout', POST]
542405 [restartedMain] DEBUG o.s.s.w.a.e.ExpressionBasedFilterInvocationSecurityMetadataSource - Adding web access control expression 'permitAll', for ExactUrl [processUrl='/login?logout']
542405 [restartedMain] DEBUG o.s.s.w.a.e.ExpressionBasedFilterInvocationSecurityMetadataSource - Adding web access control expression 'permitAll', for Ant [pattern='/static/**']
542405 [restartedMain] DEBUG o.s.s.w.a.e.ExpressionBasedFilterInvocationSecurityMetadataSource - Adding web access control expression 'authenticated', for org.springframework.security.web.util.matcher.AnyRequestMatcher@1
542405 [restartedMain] DEBUG o.s.s.w.a.e.ExpressionBasedFilterInvocationSecurityMetadataSource - Adding web access control expression 'permitAll', for Ant [pattern='/public/**']
542406 [restartedMain] DEBUG o.s.s.w.a.i.FilterSecurityInterceptor - Validated configuration attributes
542406 [restartedMain] DEBUG o.s.s.w.a.i.FilterSecurityInterceptor - Validated configuration attributes
542407 [restartedMain] INFO  o.s.s.w.DefaultSecurityFilterChain - Creating filter chain: org.springframework.security.web.util.matcher.AnyRequestMatcher@1, [org.springframework.security.web.context.request.async.WebAsyncManagerIntegrationFilter@2a550c6f, org.springframework.security.web.context.SecurityContextPersistenceFilter@3828045c, org.springframework.security.web.header.HeaderWriterFilter@e3a8f22, org.springframework.security.web.csrf.CsrfFilter@332ca55b, org.springframework.security.web.authentication.logout.LogoutFilter@5b477274, org.springframework.security.web.authentication.UsernamePasswordAuthenticationFilter@3aaeb9a5, org.springframework.security.web.savedrequest.RequestCacheAwareFilter@2c1e8265, org.springframework.security.web.servletapi.SecurityContextHolderAwareRequestFilter@76875b5b, org.springframework.security.web.authentication.AnonymousAuthenticationFilter@e6dbf59, org.springframework.security.web.session.SessionManagementFilter@6ef872a5, org.springframework.security.web.access.ExceptionTranslationFilter@46fa4b0f, org.springframework.security.web.access.intercept.FilterSecurityInterceptor@5f2d8f56]
542410 [restartedMain] DEBUG o.s.s.w.a.e.ExpressionBasedFilterInvocationSecurityMetadataSource - Adding web access control expression 'hasAnyRole('ROLE_USER')', for org.springframework.security.web.util.matcher.AnyRequestMatcher@1
542410 [restartedMain] DEBUG o.s.s.w.a.i.FilterSecurityInterceptor - Validated configuration attributes
542410 [restartedMain] DEBUG o.s.s.w.a.i.FilterSecurityInterceptor - Validated configuration attributes
542410 [restartedMain] INFO  o.s.s.w.DefaultSecurityFilterChain - Creating filter chain: OrRequestMatcher [requestMatchers=[Ant [pattern='/**']]], [org.springframework.security.web.context.request.async.WebAsyncManagerIntegrationFilter@aa7afb6, org.springframework.security.web.context.SecurityContextPersistenceFilter@e948ad7, org.springframework.security.web.header.HeaderWriterFilter@7f8cd6fa, org.springframework.security.web.authentication.logout.LogoutFilter@155a862f, org.springframework.security.web.authentication.www.BasicAuthenticationFilter@3f326461, org.springframework.security.web.savedrequest.RequestCacheAwareFilter@3d28e644, org.springframework.security.web.servletapi.SecurityContextHolderAwareRequestFilter@240acc1d, org.springframework.security.web.authentication.AnonymousAuthenticationFilter@6ac161bd, org.springframework.security.web.session.SessionManagementFilter@5b9d5f8c, org.springframework.security.web.access.ExceptionTranslationFilter@40de7a23, org.springframework.security.web.access.intercept.FilterSecurityInterceptor@5add097f]
543856 [Thread-45] WARN  o.s.b.f.s.DisposableBeanAdapter - Invocation of destroy method failed on bean with name 'classPathFileSystemWatcher': java.lang.NullPointerException
545203 [restartedMain] DEBUG o.s.s.c.a.a.c.AuthenticationConfiguration$EnableGlobalAuthenticationAutowiredConfigurer - Eagerly initializing {org.springframework.boot.autoconfigure.security.SpringBootWebSecurityConfiguration=org.springframework.boot.autoconfigure.security.SpringBootWebSecurityConfiguration$$EnhancerBySpringCGLIB$$693d5cf5@697944cf}
545207 [restartedMain] INFO  o.s.s.w.DefaultSecurityFilterChain - Creating filter chain: OrRequestMatcher [requestMatchers=[Ant [pattern='/css/**'], Ant [pattern='/js/**'], Ant [pattern='/images/**'], Ant [pattern='/webjars/**'], Ant [pattern='/**/favicon.ico'], Ant [pattern='/error']]], []
545211 [restartedMain] DEBUG o.s.s.w.a.e.ExpressionBasedFilterInvocationSecurityMetadataSource - Adding web access control expression 'permitAll', for ExactUrl [processUrl='/login?error']
545211 [restartedMain] DEBUG o.s.s.w.a.e.ExpressionBasedFilterInvocationSecurityMetadataSource - Adding web access control expression 'permitAll', for ExactUrl [processUrl='/login']
545211 [restartedMain] DEBUG o.s.s.w.a.e.ExpressionBasedFilterInvocationSecurityMetadataSource - Adding web access control expression 'permitAll', for ExactUrl [processUrl='/login']
545211 [restartedMain] DEBUG o.s.s.w.a.e.ExpressionBasedFilterInvocationSecurityMetadataSource - Adding web access control expression 'permitAll', for Ant [pattern='/logout', POST]
545211 [restartedMain] DEBUG o.s.s.w.a.e.ExpressionBasedFilterInvocationSecurityMetadataSource - Adding web access control expression 'permitAll', for ExactUrl [processUrl='/login?logout']
545211 [restartedMain] DEBUG o.s.s.w.a.e.ExpressionBasedFilterInvocationSecurityMetadataSource - Adding web access control expression 'permitAll', for Ant [pattern='/static/**']
545211 [restartedMain] DEBUG o.s.s.w.a.e.ExpressionBasedFilterInvocationSecurityMetadataSource - Adding web access control expression 'authenticated', for org.springframework.security.web.util.matcher.AnyRequestMatcher@1
545211 [restartedMain] DEBUG o.s.s.w.a.e.ExpressionBasedFilterInvocationSecurityMetadataSource - Adding web access control expression 'permitAll', for Ant [pattern='/public/**']
545212 [restartedMain] DEBUG o.s.s.w.a.i.FilterSecurityInterceptor - Validated configuration attributes
545212 [restartedMain] DEBUG o.s.s.w.a.i.FilterSecurityInterceptor - Validated configuration attributes
545214 [restartedMain] INFO  o.s.s.w.DefaultSecurityFilterChain - Creating filter chain: org.springframework.security.web.util.matcher.AnyRequestMatcher@1, [org.springframework.security.web.context.request.async.WebAsyncManagerIntegrationFilter@c2867e3, org.springframework.security.web.context.SecurityContextPersistenceFilter@7421f8aa, org.springframework.security.web.header.HeaderWriterFilter@333046f5, org.springframework.security.web.csrf.CsrfFilter@6f06f3e, org.springframework.security.web.authentication.logout.LogoutFilter@7203c1c6, org.springframework.security.web.authentication.UsernamePasswordAuthenticationFilter@7874ebe9, org.springframework.security.web.savedrequest.RequestCacheAwareFilter@5d079245, org.springframework.security.web.servletapi.SecurityContextHolderAwareRequestFilter@6c3170fe, org.springframework.security.web.authentication.AnonymousAuthenticationFilter@43bb783c, org.springframework.security.web.session.SessionManagementFilter@712de02e, org.springframework.security.web.access.ExceptionTranslationFilter@32537b90, org.springframework.security.web.access.intercept.FilterSecurityInterceptor@568e3fb4]
545215 [restartedMain] DEBUG o.s.s.w.a.e.ExpressionBasedFilterInvocationSecurityMetadataSource - Adding web access control expression 'hasAnyRole('ROLE_USER')', for org.springframework.security.web.util.matcher.AnyRequestMatcher@1
545215 [restartedMain] DEBUG o.s.s.w.a.i.FilterSecurityInterceptor - Validated configuration attributes
545215 [restartedMain] DEBUG o.s.s.w.a.i.FilterSecurityInterceptor - Validated configuration attributes
545215 [restartedMain] INFO  o.s.s.w.DefaultSecurityFilterChain - Creating filter chain: OrRequestMatcher [requestMatchers=[Ant [pattern='/**']]], [org.springframework.security.web.context.request.async.WebAsyncManagerIntegrationFilter@727dcd92, org.springframework.security.web.context.SecurityContextPersistenceFilter@1435aabd, org.springframework.security.web.header.HeaderWriterFilter@1804e4df, org.springframework.security.web.authentication.logout.LogoutFilter@2e1f3d23, org.springframework.security.web.authentication.www.BasicAuthenticationFilter@17c61a1f, org.springframework.security.web.savedrequest.RequestCacheAwareFilter@19f2509a, org.springframework.security.web.servletapi.SecurityContextHolderAwareRequestFilter@26ef6d67, org.springframework.security.web.authentication.AnonymousAuthenticationFilter@22ad3ff9, org.springframework.security.web.session.SessionManagementFilter@40d90435, org.springframework.security.web.access.ExceptionTranslationFilter@789eaa93, org.springframework.security.web.access.intercept.FilterSecurityInterceptor@31721157]
564381 [http-nio-8080-exec-1] DEBUG o.s.s.w.u.matcher.OrRequestMatcher - Trying to match using Ant [pattern='/css/**']
564382 [http-nio-8080-exec-1] DEBUG o.s.s.w.u.m.AntPathRequestMatcher - Checking match of request : '/'; against '/css/**'
564382 [http-nio-8080-exec-1] DEBUG o.s.s.w.u.matcher.OrRequestMatcher - Trying to match using Ant [pattern='/js/**']
564382 [http-nio-8080-exec-1] DEBUG o.s.s.w.u.m.AntPathRequestMatcher - Checking match of request : '/'; against '/js/**'
564382 [http-nio-8080-exec-1] DEBUG o.s.s.w.u.matcher.OrRequestMatcher - Trying to match using Ant [pattern='/images/**']
564382 [http-nio-8080-exec-1] DEBUG o.s.s.w.u.m.AntPathRequestMatcher - Checking match of request : '/'; against '/images/**'
564382 [http-nio-8080-exec-1] DEBUG o.s.s.w.u.matcher.OrRequestMatcher - Trying to match using Ant [pattern='/webjars/**']
564382 [http-nio-8080-exec-1] DEBUG o.s.s.w.u.m.AntPathRequestMatcher - Checking match of request : '/'; against '/webjars/**'
564382 [http-nio-8080-exec-1] DEBUG o.s.s.w.u.matcher.OrRequestMatcher - Trying to match using Ant [pattern='/**/favicon.ico']
564382 [http-nio-8080-exec-1] DEBUG o.s.s.w.u.m.AntPathRequestMatcher - Checking match of request : '/'; against '/**/favicon.ico'
564382 [http-nio-8080-exec-1] DEBUG o.s.s.w.u.matcher.OrRequestMatcher - Trying to match using Ant [pattern='/error']
564382 [http-nio-8080-exec-1] DEBUG o.s.s.w.u.m.AntPathRequestMatcher - Checking match of request : '/'; against '/error'
564382 [http-nio-8080-exec-1] DEBUG o.s.s.w.u.matcher.OrRequestMatcher - No matches found
564382 [http-nio-8080-exec-1] DEBUG o.s.security.web.FilterChainProxy - / at position 1 of 12 in additional filter chain; firing Filter: 'WebAsyncManagerIntegrationFilter'
564382 [http-nio-8080-exec-1] DEBUG o.s.security.web.FilterChainProxy - / at position 2 of 12 in additional filter chain; firing Filter: 'SecurityContextPersistenceFilter'
564382 [http-nio-8080-exec-1] DEBUG o.s.s.w.c.HttpSessionSecurityContextRepository - HttpSession returned null object for SPRING_SECURITY_CONTEXT
564382 [http-nio-8080-exec-1] DEBUG o.s.s.w.c.HttpSessionSecurityContextRepository - No SecurityContext was available from the HttpSession: org.apache.catalina.session.StandardSessionFacade@30689b56. A new one will be created.
564383 [http-nio-8080-exec-1] DEBUG o.s.security.web.FilterChainProxy - / at position 3 of 12 in additional filter chain; firing Filter: 'HeaderWriterFilter'
564383 [http-nio-8080-exec-1] DEBUG o.s.s.w.h.writers.HstsHeaderWriter - Not injecting HSTS header since it did not match the requestMatcher org.springframework.security.web.header.writers.HstsHeaderWriter$SecureRequestMatcher@34571983
564383 [http-nio-8080-exec-1] DEBUG o.s.security.web.FilterChainProxy - / at position 4 of 12 in additional filter chain; firing Filter: 'CsrfFilter'
564383 [http-nio-8080-exec-1] DEBUG o.s.security.web.FilterChainProxy - / at position 5 of 12 in additional filter chain; firing Filter: 'LogoutFilter'
564383 [http-nio-8080-exec-1] DEBUG o.s.s.w.u.m.AntPathRequestMatcher - Request 'GET /' doesn't match 'POST /logout
564383 [http-nio-8080-exec-1] DEBUG o.s.security.web.FilterChainProxy - / at position 6 of 12 in additional filter chain; firing Filter: 'UsernamePasswordAuthenticationFilter'
564383 [http-nio-8080-exec-1] DEBUG o.s.s.w.u.m.AntPathRequestMatcher - Request 'GET /' doesn't match 'POST /login
564383 [http-nio-8080-exec-1] DEBUG o.s.security.web.FilterChainProxy - / at position 7 of 12 in additional filter chain; firing Filter: 'RequestCacheAwareFilter'
564383 [http-nio-8080-exec-1] DEBUG o.s.s.w.s.DefaultSavedRequest - pathInfo: both null (property equals)
564383 [http-nio-8080-exec-1] DEBUG o.s.s.w.s.DefaultSavedRequest - queryString: both null (property equals)
564383 [http-nio-8080-exec-1] DEBUG o.s.s.w.s.DefaultSavedRequest - requestURI: arg1=/img/1.JPG; arg2=/ (property not equals)
564383 [http-nio-8080-exec-1] DEBUG o.s.s.w.s.HttpSessionRequestCache - saved request doesn't match
564386 [http-nio-8080-exec-1] DEBUG o.s.security.web.FilterChainProxy - / at position 8 of 12 in additional filter chain; firing Filter: 'SecurityContextHolderAwareRequestFilter'
564386 [http-nio-8080-exec-1] DEBUG o.s.security.web.FilterChainProxy - / at position 9 of 12 in additional filter chain; firing Filter: 'AnonymousAuthenticationFilter'
564386 [http-nio-8080-exec-1] DEBUG o.s.s.w.a.AnonymousAuthenticationFilter - Populated SecurityContextHolder with anonymous token: 'org.springframework.security.authentication.AnonymousAuthenticationToken@6fabe8e0: Principal: anonymousUser; Credentials: [PROTECTED]; Authenticated: true; Details: org.springframework.security.web.authentication.WebAuthenticationDetails@fffe9938: RemoteIpAddress: 0:0:0:0:0:0:0:1; SessionId: 760D79BA12046463C13AD8F04AD89B62; Granted Authorities: ROLE_ANONYMOUS'
564386 [http-nio-8080-exec-1] DEBUG o.s.security.web.FilterChainProxy - / at position 10 of 12 in additional filter chain; firing Filter: 'SessionManagementFilter'
564386 [http-nio-8080-exec-1] DEBUG o.s.security.web.FilterChainProxy - / at position 11 of 12 in additional filter chain; firing Filter: 'ExceptionTranslationFilter'
564386 [http-nio-8080-exec-1] DEBUG o.s.security.web.FilterChainProxy - / at position 12 of 12 in additional filter chain; firing Filter: 'FilterSecurityInterceptor'
564386 [http-nio-8080-exec-1] DEBUG o.s.s.w.u.m.AntPathRequestMatcher - Request 'GET /' doesn't match 'POST /logout
564386 [http-nio-8080-exec-1] DEBUG o.s.s.w.u.m.AntPathRequestMatcher - Checking match of request : '/'; against '/static/**'
564386 [http-nio-8080-exec-1] DEBUG o.s.s.w.a.i.FilterSecurityInterceptor - Secure object: FilterInvocation: URL: /; Attributes: [authenticated]
564386 [http-nio-8080-exec-1] DEBUG o.s.s.w.a.i.FilterSecurityInterceptor - Previously Authenticated: org.springframework.security.authentication.AnonymousAuthenticationToken@6fabe8e0: Principal: anonymousUser; Credentials: [PROTECTED]; Authenticated: true; Details: org.springframework.security.web.authentication.WebAuthenticationDetails@fffe9938: RemoteIpAddress: 0:0:0:0:0:0:0:1; SessionId: 760D79BA12046463C13AD8F04AD89B62; Granted Authorities: ROLE_ANONYMOUS
564386 [http-nio-8080-exec-1] DEBUG o.s.s.access.vote.AffirmativeBased - Voter: org.springframework.security.web.access.expression.WebExpressionVoter@7155916d, returned: -1
564387 [http-nio-8080-exec-1] DEBUG o.s.s.w.a.ExceptionTranslationFilter - Access is denied (user is anonymous); redirecting to authentication entry point
org.springframework.security.access.AccessDeniedException: Access is denied
	at org.springframework.security.access.vote.AffirmativeBased.decide(AffirmativeBased.java:84)
	at org.springframework.security.access.intercept.AbstractSecurityInterceptor.beforeInvocation(AbstractSecurityInterceptor.java:233)
	at org.springframework.security.web.access.intercept.FilterSecurityInterceptor.invoke(FilterSecurityInterceptor.java:124)
	at org.springframework.security.web.access.intercept.FilterSecurityInterceptor.doFilter(FilterSecurityInterceptor.java:91)
	at org.springframework.security.web.FilterChainProxy$VirtualFilterChain.doFilter(FilterChainProxy.java:331)
	at org.springframework.security.web.access.ExceptionTranslationFilter.doFilter(ExceptionTranslationFilter.java:114)
	at org.springframework.security.web.FilterChainProxy$VirtualFilterChain.doFilter(FilterChainProxy.java:331)
	at org.springframework.security.web.session.SessionManagementFilter.doFilter(SessionManagementFilter.java:137)
	at org.springframework.security.web.FilterChainProxy$VirtualFilterChain.doFilter(FilterChainProxy.java:331)
	at org.springframework.security.web.authentication.AnonymousAuthenticationFilter.doFilter(AnonymousAuthenticationFilter.java:111)
	at org.springframework.security.web.FilterChainProxy$VirtualFilterChain.doFilter(FilterChainProxy.java:331)
	at org.springframework.security.web.servletapi.SecurityContextHolderAwareRequestFilter.doFilter(SecurityContextHolderAwareRequestFilter.java:170)
	at org.springframework.security.web.FilterChainProxy$VirtualFilterChain.doFilter(FilterChainProxy.java:331)
	at org.springframework.security.web.savedrequest.RequestCacheAwareFilter.doFilter(RequestCacheAwareFilter.java:63)
	at org.springframework.security.web.FilterChainProxy$VirtualFilterChain.doFilter(FilterChainProxy.java:331)
	at org.springframework.security.web.authentication.AbstractAuthenticationProcessingFilter.doFilter(AbstractAuthenticationProcessingFilter.java:200)
	at org.springframework.security.web.FilterChainProxy$VirtualFilterChain.doFilter(FilterChainProxy.java:331)
	at org.springframework.security.web.authentication.logout.LogoutFilter.doFilter(LogoutFilter.java:116)
	at org.springframework.security.web.FilterChainProxy$VirtualFilterChain.doFilter(FilterChainProxy.java:331)
	at org.springframework.security.web.csrf.CsrfFilter.doFilterInternal(CsrfFilter.java:100)
	at org.springframework.web.filter.OncePerRequestFilter.doFilter(OncePerRequestFilter.java:107)
	at org.springframework.security.web.FilterChainProxy$VirtualFilterChain.doFilter(FilterChainProxy.java:331)
	at org.springframework.security.web.header.HeaderWriterFilter.doFilterInternal(HeaderWriterFilter.java:64)
	at org.springframework.web.filter.OncePerRequestFilter.doFilter(OncePerRequestFilter.java:107)
	at org.springframework.security.web.FilterChainProxy$VirtualFilterChain.doFilter(FilterChainProxy.java:331)
	at org.springframework.security.web.context.SecurityContextPersistenceFilter.doFilter(SecurityContextPersistenceFilter.java:105)
	at org.springframework.security.web.FilterChainProxy$VirtualFilterChain.doFilter(FilterChainProxy.java:331)
	at org.springframework.security.web.context.request.async.WebAsyncManagerIntegrationFilter.doFilterInternal(WebAsyncManagerIntegrationFilter.java:56)
	at org.springframework.web.filter.OncePerRequestFilter.doFilter(OncePerRequestFilter.java:107)
	at org.springframework.security.web.FilterChainProxy$VirtualFilterChain.doFilter(FilterChainProxy.java:331)
	at org.springframework.security.web.FilterChainProxy.doFilterInternal(FilterChainProxy.java:214)
	at org.springframework.security.web.FilterChainProxy.doFilter(FilterChainProxy.java:177)
	at org.springframework.web.filter.DelegatingFilterProxy.invokeDelegate(DelegatingFilterProxy.java:347)
	at org.springframework.web.filter.DelegatingFilterProxy.doFilter(DelegatingFilterProxy.java:263)
	at org.apache.catalina.core.ApplicationFilterChain.internalDoFilter(ApplicationFilterChain.java:193)
	at org.apache.catalina.core.ApplicationFilterChain.doFilter(ApplicationFilterChain.java:166)
	at org.springframework.web.filter.RequestContextFilter.doFilterInternal(RequestContextFilter.java:99)
	at org.springframework.web.filter.OncePerRequestFilter.doFilter(OncePerRequestFilter.java:107)
	at org.apache.catalina.core.ApplicationFilterChain.internalDoFilter(ApplicationFilterChain.java:193)
	at org.apache.catalina.core.ApplicationFilterChain.doFilter(ApplicationFilterChain.java:166)
	at org.springframework.web.filter.HttpPutFormContentFilter.doFilterInternal(HttpPutFormContentFilter.java:108)
	at org.springframework.web.filter.OncePerRequestFilter.doFilter(OncePerRequestFilter.java:107)
	at org.apache.catalina.core.ApplicationFilterChain.internalDoFilter(ApplicationFilterChain.java:193)
	at org.apache.catalina.core.ApplicationFilterChain.doFilter(ApplicationFilterChain.java:166)
	at org.springframework.web.filter.HiddenHttpMethodFilter.doFilterInternal(HiddenHttpMethodFilter.java:81)
	at org.springframework.web.filter.OncePerRequestFilter.doFilter(OncePerRequestFilter.java:107)
	at org.apache.catalina.core.ApplicationFilterChain.internalDoFilter(ApplicationFilterChain.java:193)
	at org.apache.catalina.core.ApplicationFilterChain.doFilter(ApplicationFilterChain.java:166)
	at org.springframework.web.filter.CharacterEncodingFilter.doFilterInternal(CharacterEncodingFilter.java:197)
	at org.springframework.web.filter.OncePerRequestFilter.doFilter(OncePerRequestFilter.java:107)
	at org.apache.catalina.core.ApplicationFilterChain.internalDoFilter(ApplicationFilterChain.java:193)
	at org.apache.catalina.core.ApplicationFilterChain.doFilter(ApplicationFilterChain.java:166)
	at org.apache.catalina.core.StandardWrapperValve.invoke(StandardWrapperValve.java:199)
	at org.apache.catalina.core.StandardContextValve.invoke(StandardContextValve.java:96)
	at org.apache.catalina.authenticator.AuthenticatorBase.invoke(AuthenticatorBase.java:478)
	at org.apache.catalina.core.StandardHostValve.invoke(StandardHostValve.java:140)
	at org.apache.catalina.valves.ErrorReportValve.invoke(ErrorReportValve.java:81)
	at org.apache.catalina.core.StandardEngineValve.invoke(StandardEngineValve.java:87)
	at org.apache.catalina.connector.CoyoteAdapter.service(CoyoteAdapter.java:342)
	at org.apache.coyote.http11.Http11Processor.service(Http11Processor.java:803)
	at org.apache.coyote.AbstractProcessorLight.process(AbstractProcessorLight.java:66)
	at org.apache.coyote.AbstractProtocol$ConnectionHandler.process(AbstractProtocol.java:868)
	at org.apache.tomcat.util.net.NioEndpoint$SocketProcessor.doRun(NioEndpoint.java:1459)
	at org.apache.tomcat.util.net.SocketProcessorBase.run(SocketProcessorBase.java:49)
	at java.util.concurrent.ThreadPoolExecutor.runWorker(ThreadPoolExecutor.java:1149)
	at java.util.concurrent.ThreadPoolExecutor$Worker.run(ThreadPoolExecutor.java:624)
	at org.apache.tomcat.util.threads.TaskThread$WrappingRunnable.run(TaskThread.java:61)
	at java.lang.Thread.run(Thread.java:748)
564388 [http-nio-8080-exec-1] DEBUG o.s.s.w.u.matcher.AndRequestMatcher - Trying to match using Ant [pattern='/**', GET]
564388 [http-nio-8080-exec-1] DEBUG o.s.s.w.u.m.AntPathRequestMatcher - Request '/' matched by universal pattern '/**'
564388 [http-nio-8080-exec-1] DEBUG o.s.s.w.u.matcher.AndRequestMatcher - Trying to match using NegatedRequestMatcher [requestMatcher=Ant [pattern='/**/favicon.ico']]
564388 [http-nio-8080-exec-1] DEBUG o.s.s.w.u.m.AntPathRequestMatcher - Checking match of request : '/'; against '/**/favicon.ico'
564388 [http-nio-8080-exec-1] DEBUG o.s.s.w.u.m.NegatedRequestMatcher - matches = true
564388 [http-nio-8080-exec-1] DEBUG o.s.s.w.u.matcher.AndRequestMatcher - Trying to match using NegatedRequestMatcher [requestMatcher=MediaTypeRequestMatcher [contentNegotiationStrategy=org.springframework.web.accept.ContentNegotiationManager@34a84d5e, matchingMediaTypes=[application/json], useEquals=false, ignoredMediaTypes=[*/*]]]
564389 [http-nio-8080-exec-1] DEBUG o.s.s.w.u.m.MediaTypeRequestMatcher - httpRequestMediaTypes=[text/html, application/xhtml+xml, image/webp, image/apng, application/xml;q=0.9, */*;q=0.8]
564389 [http-nio-8080-exec-1] DEBUG o.s.s.w.u.m.MediaTypeRequestMatcher - Processing text/html
564389 [http-nio-8080-exec-1] DEBUG o.s.s.w.u.m.MediaTypeRequestMatcher - application/json .isCompatibleWith text/html = false
564389 [http-nio-8080-exec-1] DEBUG o.s.s.w.u.m.MediaTypeRequestMatcher - Processing application/xhtml+xml
564389 [http-nio-8080-exec-1] DEBUG o.s.s.w.u.m.MediaTypeRequestMatcher - application/json .isCompatibleWith application/xhtml+xml = false
564389 [http-nio-8080-exec-1] DEBUG o.s.s.w.u.m.MediaTypeRequestMatcher - Processing image/webp
564389 [http-nio-8080-exec-1] DEBUG o.s.s.w.u.m.MediaTypeRequestMatcher - application/json .isCompatibleWith image/webp = false
564389 [http-nio-8080-exec-1] DEBUG o.s.s.w.u.m.MediaTypeRequestMatcher - Processing image/apng
564389 [http-nio-8080-exec-1] DEBUG o.s.s.w.u.m.MediaTypeRequestMatcher - application/json .isCompatibleWith image/apng = false
564389 [http-nio-8080-exec-1] DEBUG o.s.s.w.u.m.MediaTypeRequestMatcher - Processing application/xml;q=0.9
564389 [http-nio-8080-exec-1] DEBUG o.s.s.w.u.m.MediaTypeRequestMatcher - application/json .isCompatibleWith application/xml;q=0.9 = false
564389 [http-nio-8080-exec-1] DEBUG o.s.s.w.u.m.MediaTypeRequestMatcher - Processing */*;q=0.8
564389 [http-nio-8080-exec-1] DEBUG o.s.s.w.u.m.MediaTypeRequestMatcher - Ignoring
564389 [http-nio-8080-exec-1] DEBUG o.s.s.w.u.m.MediaTypeRequestMatcher - Did not match any media types
564389 [http-nio-8080-exec-1] DEBUG o.s.s.w.u.m.NegatedRequestMatcher - matches = true
564389 [http-nio-8080-exec-1] DEBUG o.s.s.w.u.matcher.AndRequestMatcher - Trying to match using NegatedRequestMatcher [requestMatcher=RequestHeaderRequestMatcher [expectedHeaderName=X-Requested-With, expectedHeaderValue=XMLHttpRequest]]
564389 [http-nio-8080-exec-1] DEBUG o.s.s.w.u.m.NegatedRequestMatcher - matches = true
564390 [http-nio-8080-exec-1] DEBUG o.s.s.w.u.matcher.AndRequestMatcher - All requestMatchers returned true
564390 [http-nio-8080-exec-1] DEBUG o.s.s.w.s.HttpSessionRequestCache - DefaultSavedRequest added to Session: DefaultSavedRequest[http://localhost:8080/]
564390 [http-nio-8080-exec-1] DEBUG o.s.s.w.a.ExceptionTranslationFilter - Calling Authentication entry point.
564390 [http-nio-8080-exec-1] DEBUG o.s.s.web.DefaultRedirectStrategy - Redirecting to 'http://localhost:8080/login'
564390 [http-nio-8080-exec-1] DEBUG o.s.s.w.c.HttpSessionSecurityContextRepository - SecurityContext is empty or contents are anonymous - context will not be stored in HttpSession.
564390 [http-nio-8080-exec-1] DEBUG o.s.s.w.c.SecurityContextPersistenceFilter - SecurityContextHolder now cleared, as request processing completed
564393 [http-nio-8080-exec-2] DEBUG o.s.s.w.u.matcher.OrRequestMatcher - Trying to match using Ant [pattern='/css/**']
564393 [http-nio-8080-exec-2] DEBUG o.s.s.w.u.m.AntPathRequestMatcher - Checking match of request : '/login'; against '/css/**'
564393 [http-nio-8080-exec-2] DEBUG o.s.s.w.u.matcher.OrRequestMatcher - Trying to match using Ant [pattern='/js/**']
564393 [http-nio-8080-exec-2] DEBUG o.s.s.w.u.m.AntPathRequestMatcher - Checking match of request : '/login'; against '/js/**'
564393 [http-nio-8080-exec-2] DEBUG o.s.s.w.u.matcher.OrRequestMatcher - Trying to match using Ant [pattern='/images/**']
564393 [http-nio-8080-exec-2] DEBUG o.s.s.w.u.m.AntPathRequestMatcher - Checking match of request : '/login'; against '/images/**'
564393 [http-nio-8080-exec-2] DEBUG o.s.s.w.u.matcher.OrRequestMatcher - Trying to match using Ant [pattern='/webjars/**']
564393 [http-nio-8080-exec-2] DEBUG o.s.s.w.u.m.AntPathRequestMatcher - Checking match of request : '/login'; against '/webjars/**'
564393 [http-nio-8080-exec-2] DEBUG o.s.s.w.u.matcher.OrRequestMatcher - Trying to match using Ant [pattern='/**/favicon.ico']
564393 [http-nio-8080-exec-2] DEBUG o.s.s.w.u.m.AntPathRequestMatcher - Checking match of request : '/login'; against '/**/favicon.ico'
564393 [http-nio-8080-exec-2] DEBUG o.s.s.w.u.matcher.OrRequestMatcher - Trying to match using Ant [pattern='/error']
564393 [http-nio-8080-exec-2] DEBUG o.s.s.w.u.m.AntPathRequestMatcher - Checking match of request : '/login'; against '/error'
564393 [http-nio-8080-exec-2] DEBUG o.s.s.w.u.matcher.OrRequestMatcher - No matches found
564394 [http-nio-8080-exec-2] DEBUG o.s.security.web.FilterChainProxy - /login at position 1 of 12 in additional filter chain; firing Filter: 'WebAsyncManagerIntegrationFilter'
564394 [http-nio-8080-exec-2] DEBUG o.s.security.web.FilterChainProxy - /login at position 2 of 12 in additional filter chain; firing Filter: 'SecurityContextPersistenceFilter'
564394 [http-nio-8080-exec-2] DEBUG o.s.s.w.c.HttpSessionSecurityContextRepository - HttpSession returned null object for SPRING_SECURITY_CONTEXT
564394 [http-nio-8080-exec-2] DEBUG o.s.s.w.c.HttpSessionSecurityContextRepository - No SecurityContext was available from the HttpSession: org.apache.catalina.session.StandardSessionFacade@30689b56. A new one will be created.
564394 [http-nio-8080-exec-2] DEBUG o.s.security.web.FilterChainProxy - /login at position 3 of 12 in additional filter chain; firing Filter: 'HeaderWriterFilter'
564394 [http-nio-8080-exec-2] DEBUG o.s.s.w.h.writers.HstsHeaderWriter - Not injecting HSTS header since it did not match the requestMatcher org.springframework.security.web.header.writers.HstsHeaderWriter$SecureRequestMatcher@34571983
564394 [http-nio-8080-exec-2] DEBUG o.s.security.web.FilterChainProxy - /login at position 4 of 12 in additional filter chain; firing Filter: 'CsrfFilter'
564394 [http-nio-8080-exec-2] DEBUG o.s.security.web.FilterChainProxy - /login at position 5 of 12 in additional filter chain; firing Filter: 'LogoutFilter'
564394 [http-nio-8080-exec-2] DEBUG o.s.s.w.u.m.AntPathRequestMatcher - Request 'GET /login' doesn't match 'POST /logout
564394 [http-nio-8080-exec-2] DEBUG o.s.security.web.FilterChainProxy - /login at position 6 of 12 in additional filter chain; firing Filter: 'UsernamePasswordAuthenticationFilter'
564394 [http-nio-8080-exec-2] DEBUG o.s.s.w.u.m.AntPathRequestMatcher - Request 'GET /login' doesn't match 'POST /login
564394 [http-nio-8080-exec-2] DEBUG o.s.security.web.FilterChainProxy - /login at position 7 of 12 in additional filter chain; firing Filter: 'RequestCacheAwareFilter'
564394 [http-nio-8080-exec-2] DEBUG o.s.s.w.s.DefaultSavedRequest - pathInfo: both null (property equals)
564394 [http-nio-8080-exec-2] DEBUG o.s.s.w.s.DefaultSavedRequest - queryString: both null (property equals)
564394 [http-nio-8080-exec-2] DEBUG o.s.s.w.s.DefaultSavedRequest - requestURI: arg1=/; arg2=/login (property not equals)
564397 [http-nio-8080-exec-2] DEBUG o.s.s.w.s.HttpSessionRequestCache - saved request doesn't match
564397 [http-nio-8080-exec-2] DEBUG o.s.security.web.FilterChainProxy - /login at position 8 of 12 in additional filter chain; firing Filter: 'SecurityContextHolderAwareRequestFilter'
564397 [http-nio-8080-exec-2] DEBUG o.s.security.web.FilterChainProxy - /login at position 9 of 12 in additional filter chain; firing Filter: 'AnonymousAuthenticationFilter'
564397 [http-nio-8080-exec-2] DEBUG o.s.s.w.a.AnonymousAuthenticationFilter - Populated SecurityContextHolder with anonymous token: 'org.springframework.security.authentication.AnonymousAuthenticationToken@6fabe8e0: Principal: anonymousUser; Credentials: [PROTECTED]; Authenticated: true; Details: org.springframework.security.web.authentication.WebAuthenticationDetails@fffe9938: RemoteIpAddress: 0:0:0:0:0:0:0:1; SessionId: 760D79BA12046463C13AD8F04AD89B62; Granted Authorities: ROLE_ANONYMOUS'
564397 [http-nio-8080-exec-2] DEBUG o.s.security.web.FilterChainProxy - /login at position 10 of 12 in additional filter chain; firing Filter: 'SessionManagementFilter'
564397 [http-nio-8080-exec-2] DEBUG o.s.security.web.FilterChainProxy - /login at position 11 of 12 in additional filter chain; firing Filter: 'ExceptionTranslationFilter'
564397 [http-nio-8080-exec-2] DEBUG o.s.security.web.FilterChainProxy - /login at position 12 of 12 in additional filter chain; firing Filter: 'FilterSecurityInterceptor'
564397 [http-nio-8080-exec-2] DEBUG o.s.s.w.a.i.FilterSecurityInterceptor - Secure object: FilterInvocation: URL: /login; Attributes: [permitAll]
564397 [http-nio-8080-exec-2] DEBUG o.s.s.w.a.i.FilterSecurityInterceptor - Previously Authenticated: org.springframework.security.authentication.AnonymousAuthenticationToken@6fabe8e0: Principal: anonymousUser; Credentials: [PROTECTED]; Authenticated: true; Details: org.springframework.security.web.authentication.WebAuthenticationDetails@fffe9938: RemoteIpAddress: 0:0:0:0:0:0:0:1; SessionId: 760D79BA12046463C13AD8F04AD89B62; Granted Authorities: ROLE_ANONYMOUS
564397 [http-nio-8080-exec-2] DEBUG o.s.s.access.vote.AffirmativeBased - Voter: org.springframework.security.web.access.expression.WebExpressionVoter@7155916d, returned: 1
564397 [http-nio-8080-exec-2] DEBUG o.s.s.w.a.i.FilterSecurityInterceptor - Authorization successful
564397 [http-nio-8080-exec-2] DEBUG o.s.s.w.a.i.FilterSecurityInterceptor - RunAsManager did not change Authentication object
564397 [http-nio-8080-exec-2] DEBUG o.s.security.web.FilterChainProxy - /login reached end of additional filter chain; proceeding with original chain
564402 [http-nio-8080-exec-2] DEBUG o.s.s.w.c.HttpSessionSecurityContextRepository - SecurityContext is empty or contents are anonymous - context will not be stored in HttpSession.
564403 [http-nio-8080-exec-2] DEBUG o.s.s.w.a.ExceptionTranslationFilter - Chain processed normally
564403 [http-nio-8080-exec-2] DEBUG o.s.s.w.c.SecurityContextPersistenceFilter - SecurityContextHolder now cleared, as request processing completed
564415 [http-nio-8080-exec-3] DEBUG o.s.s.w.u.matcher.OrRequestMatcher - Trying to match using Ant [pattern='/css/**']
564415 [http-nio-8080-exec-3] DEBUG o.s.s.w.u.m.AntPathRequestMatcher - Checking match of request : '/bootstrap/css/bootstrap.css'; against '/css/**'
564415 [http-nio-8080-exec-3] DEBUG o.s.s.w.u.matcher.OrRequestMatcher - Trying to match using Ant [pattern='/js/**']
564415 [http-nio-8080-exec-3] DEBUG o.s.s.w.u.m.AntPathRequestMatcher - Checking match of request : '/bootstrap/css/bootstrap.css'; against '/js/**'
564415 [http-nio-8080-exec-3] DEBUG o.s.s.w.u.matcher.OrRequestMatcher - Trying to match using Ant [pattern='/images/**']
564415 [http-nio-8080-exec-3] DEBUG o.s.s.w.u.m.AntPathRequestMatcher - Checking match of request : '/bootstrap/css/bootstrap.css'; against '/images/**'
564415 [http-nio-8080-exec-3] DEBUG o.s.s.w.u.matcher.OrRequestMatcher - Trying to match using Ant [pattern='/webjars/**']
564415 [http-nio-8080-exec-3] DEBUG o.s.s.w.u.m.AntPathRequestMatcher - Checking match of request : '/bootstrap/css/bootstrap.css'; against '/webjars/**'
564415 [http-nio-8080-exec-4] DEBUG o.s.s.w.u.matcher.OrRequestMatcher - Trying to match using Ant [pattern='/css/**']
564415 [http-nio-8080-exec-4] DEBUG o.s.s.w.u.m.AntPathRequestMatcher - Checking match of request : '/jquery/jquery-2.1.3.js'; against '/css/**'
564415 [http-nio-8080-exec-4] DEBUG o.s.s.w.u.matcher.OrRequestMatcher - Trying to match using Ant [pattern='/js/**']
564415 [http-nio-8080-exec-5] DEBUG o.s.s.w.u.matcher.OrRequestMatcher - Trying to match using Ant [pattern='/css/**']
564415 [http-nio-8080-exec-5] DEBUG o.s.s.w.u.m.AntPathRequestMatcher - Checking match of request : '/bootstrap/js/bootstrap.js'; against '/css/**'
564415 [http-nio-8080-exec-5] DEBUG o.s.s.w.u.matcher.OrRequestMatcher - Trying to match using Ant [pattern='/js/**']
564415 [http-nio-8080-exec-5] DEBUG o.s.s.w.u.m.AntPathRequestMatcher - Checking match of request : '/bootstrap/js/bootstrap.js'; against '/js/**'
564415 [http-nio-8080-exec-3] DEBUG o.s.s.w.u.matcher.OrRequestMatcher - Trying to match using Ant [pattern='/**/favicon.ico']
564415 [http-nio-8080-exec-3] DEBUG o.s.s.w.u.m.AntPathRequestMatcher - Checking match of request : '/bootstrap/css/bootstrap.css'; against '/**/favicon.ico'
564415 [http-nio-8080-exec-4] DEBUG o.s.s.w.u.m.AntPathRequestMatcher - Checking match of request : '/jquery/jquery-2.1.3.js'; against '/js/**'
564415 [http-nio-8080-exec-4] DEBUG o.s.s.w.u.matcher.OrRequestMatcher - Trying to match using Ant [pattern='/images/**']
564415 [http-nio-8080-exec-4] DEBUG o.s.s.w.u.m.AntPathRequestMatcher - Checking match of request : '/jquery/jquery-2.1.3.js'; against '/images/**'
564415 [http-nio-8080-exec-5] DEBUG o.s.s.w.u.matcher.OrRequestMatcher - Trying to match using Ant [pattern='/images/**']
564415 [http-nio-8080-exec-5] DEBUG o.s.s.w.u.m.AntPathRequestMatcher - Checking match of request : '/bootstrap/js/bootstrap.js'; against '/images/**'
564415 [http-nio-8080-exec-5] DEBUG o.s.s.w.u.matcher.OrRequestMatcher - Trying to match using Ant [pattern='/webjars/**']
564415 [http-nio-8080-exec-3] DEBUG o.s.s.w.u.matcher.OrRequestMatcher - Trying to match using Ant [pattern='/error']
564415 [http-nio-8080-exec-3] DEBUG o.s.s.w.u.m.AntPathRequestMatcher - Checking match of request : '/bootstrap/css/bootstrap.css'; against '/error'
564415 [http-nio-8080-exec-3] DEBUG o.s.s.w.u.matcher.OrRequestMatcher - No matches found
564415 [http-nio-8080-exec-3] DEBUG o.s.security.web.FilterChainProxy - /bootstrap/css/bootstrap.css at position 1 of 12 in additional filter chain; firing Filter: 'WebAsyncManagerIntegrationFilter'
564415 [http-nio-8080-exec-4] DEBUG o.s.s.w.u.matcher.OrRequestMatcher - Trying to match using Ant [pattern='/webjars/**']
564415 [http-nio-8080-exec-5] DEBUG o.s.s.w.u.m.AntPathRequestMatcher - Checking match of request : '/bootstrap/js/bootstrap.js'; against '/webjars/**'
564415 [http-nio-8080-exec-3] DEBUG o.s.security.web.FilterChainProxy - /bootstrap/css/bootstrap.css at position 2 of 12 in additional filter chain; firing Filter: 'SecurityContextPersistenceFilter'
564415 [http-nio-8080-exec-4] DEBUG o.s.s.w.u.m.AntPathRequestMatcher - Checking match of request : '/jquery/jquery-2.1.3.js'; against '/webjars/**'
564417 [http-nio-8080-exec-5] DEBUG o.s.s.w.u.matcher.OrRequestMatcher - Trying to match using Ant [pattern='/**/favicon.ico']
564417 [http-nio-8080-exec-3] DEBUG o.s.s.w.c.HttpSessionSecurityContextRepository - HttpSession returned null object for SPRING_SECURITY_CONTEXT
564417 [http-nio-8080-exec-5] DEBUG o.s.s.w.u.m.AntPathRequestMatcher - Checking match of request : '/bootstrap/js/bootstrap.js'; against '/**/favicon.ico'
564417 [http-nio-8080-exec-4] DEBUG o.s.s.w.u.matcher.OrRequestMatcher - Trying to match using Ant [pattern='/**/favicon.ico']
564417 [http-nio-8080-exec-3] DEBUG o.s.s.w.c.HttpSessionSecurityContextRepository - No SecurityContext was available from the HttpSession: org.apache.catalina.session.StandardSessionFacade@30689b56. A new one will be created.
564417 [http-nio-8080-exec-5] DEBUG o.s.s.w.u.matcher.OrRequestMatcher - Trying to match using Ant [pattern='/error']
564417 [http-nio-8080-exec-4] DEBUG o.s.s.w.u.m.AntPathRequestMatcher - Checking match of request : '/jquery/jquery-2.1.3.js'; against '/**/favicon.ico'
564417 [http-nio-8080-exec-3] DEBUG o.s.security.web.FilterChainProxy - /bootstrap/css/bootstrap.css at position 3 of 12 in additional filter chain; firing Filter: 'HeaderWriterFilter'
564417 [http-nio-8080-exec-4] DEBUG o.s.s.w.u.matcher.OrRequestMatcher - Trying to match using Ant [pattern='/error']
564417 [http-nio-8080-exec-5] DEBUG o.s.s.w.u.m.AntPathRequestMatcher - Checking match of request : '/bootstrap/js/bootstrap.js'; against '/error'
564417 [http-nio-8080-exec-5] DEBUG o.s.s.w.u.matcher.OrRequestMatcher - No matches found
564417 [http-nio-8080-exec-5] DEBUG o.s.security.web.FilterChainProxy - /bootstrap/js/bootstrap.js at position 1 of 12 in additional filter chain; firing Filter: 'WebAsyncManagerIntegrationFilter'
564417 [http-nio-8080-exec-5] DEBUG o.s.security.web.FilterChainProxy - /bootstrap/js/bootstrap.js at position 2 of 12 in additional filter chain; firing Filter: 'SecurityContextPersistenceFilter'
564417 [http-nio-8080-exec-5] DEBUG o.s.s.w.c.HttpSessionSecurityContextRepository - HttpSession returned null object for SPRING_SECURITY_CONTEXT
564417 [http-nio-8080-exec-5] DEBUG o.s.s.w.c.HttpSessionSecurityContextRepository - No SecurityContext was available from the HttpSession: org.apache.catalina.session.StandardSessionFacade@30689b56. A new one will be created.
564417 [http-nio-8080-exec-3] DEBUG o.s.s.w.h.writers.HstsHeaderWriter - Not injecting HSTS header since it did not match the requestMatcher org.springframework.security.web.header.writers.HstsHeaderWriter$SecureRequestMatcher@34571983
564417 [http-nio-8080-exec-5] DEBUG o.s.security.web.FilterChainProxy - /bootstrap/js/bootstrap.js at position 3 of 12 in additional filter chain; firing Filter: 'HeaderWriterFilter'
564417 [http-nio-8080-exec-4] DEBUG o.s.s.w.u.m.AntPathRequestMatcher - Checking match of request : '/jquery/jquery-2.1.3.js'; against '/error'
564417 [http-nio-8080-exec-3] DEBUG o.s.security.web.FilterChainProxy - /bootstrap/css/bootstrap.css at position 4 of 12 in additional filter chain; firing Filter: 'CsrfFilter'
564417 [http-nio-8080-exec-5] DEBUG o.s.s.w.h.writers.HstsHeaderWriter - Not injecting HSTS header since it did not match the requestMatcher org.springframework.security.web.header.writers.HstsHeaderWriter$SecureRequestMatcher@34571983
564417 [http-nio-8080-exec-3] DEBUG o.s.security.web.FilterChainProxy - /bootstrap/css/bootstrap.css at position 5 of 12 in additional filter chain; firing Filter: 'LogoutFilter'
564417 [http-nio-8080-exec-4] DEBUG o.s.s.w.u.matcher.OrRequestMatcher - No matches found
564417 [http-nio-8080-exec-5] DEBUG o.s.security.web.FilterChainProxy - /bootstrap/js/bootstrap.js at position 4 of 12 in additional filter chain; firing Filter: 'CsrfFilter'
564417 [http-nio-8080-exec-3] DEBUG o.s.s.w.u.m.AntPathRequestMatcher - Request 'GET /bootstrap/css/bootstrap.css' doesn't match 'POST /logout
564417 [http-nio-8080-exec-4] DEBUG o.s.security.web.FilterChainProxy - /jquery/jquery-2.1.3.js at position 1 of 12 in additional filter chain; firing Filter: 'WebAsyncManagerIntegrationFilter'
564417 [http-nio-8080-exec-3] DEBUG o.s.security.web.FilterChainProxy - /bootstrap/css/bootstrap.css at position 6 of 12 in additional filter chain; firing Filter: 'UsernamePasswordAuthenticationFilter'
564417 [http-nio-8080-exec-5] DEBUG o.s.security.web.FilterChainProxy - /bootstrap/js/bootstrap.js at position 5 of 12 in additional filter chain; firing Filter: 'LogoutFilter'
564417 [http-nio-8080-exec-3] DEBUG o.s.s.w.u.m.AntPathRequestMatcher - Request 'GET /bootstrap/css/bootstrap.css' doesn't match 'POST /login
564417 [http-nio-8080-exec-4] DEBUG o.s.security.web.FilterChainProxy - /jquery/jquery-2.1.3.js at position 2 of 12 in additional filter chain; firing Filter: 'SecurityContextPersistenceFilter'
564417 [http-nio-8080-exec-5] DEBUG o.s.s.w.u.m.AntPathRequestMatcher - Request 'GET /bootstrap/js/bootstrap.js' doesn't match 'POST /logout
564417 [http-nio-8080-exec-3] DEBUG o.s.security.web.FilterChainProxy - /bootstrap/css/bootstrap.css at position 7 of 12 in additional filter chain; firing Filter: 'RequestCacheAwareFilter'
564417 [http-nio-8080-exec-4] DEBUG o.s.s.w.c.HttpSessionSecurityContextRepository - HttpSession returned null object for SPRING_SECURITY_CONTEXT
564417 [http-nio-8080-exec-5] DEBUG o.s.security.web.FilterChainProxy - /bootstrap/js/bootstrap.js at position 6 of 12 in additional filter chain; firing Filter: 'UsernamePasswordAuthenticationFilter'
564417 [http-nio-8080-exec-3] DEBUG o.s.s.w.s.DefaultSavedRequest - pathInfo: both null (property equals)
564417 [http-nio-8080-exec-4] DEBUG o.s.s.w.c.HttpSessionSecurityContextRepository - No SecurityContext was available from the HttpSession: org.apache.catalina.session.StandardSessionFacade@30689b56. A new one will be created.
564417 [http-nio-8080-exec-5] DEBUG o.s.s.w.u.m.AntPathRequestMatcher - Request 'GET /bootstrap/js/bootstrap.js' doesn't match 'POST /login
564417 [http-nio-8080-exec-5] DEBUG o.s.security.web.FilterChainProxy - /bootstrap/js/bootstrap.js at position 7 of 12 in additional filter chain; firing Filter: 'RequestCacheAwareFilter'
564417 [http-nio-8080-exec-3] DEBUG o.s.s.w.s.DefaultSavedRequest - queryString: both null (property equals)
564418 [http-nio-8080-exec-5] DEBUG o.s.s.w.s.DefaultSavedRequest - pathInfo: both null (property equals)
564418 [http-nio-8080-exec-3] DEBUG o.s.s.w.s.DefaultSavedRequest - requestURI: arg1=/; arg2=/bootstrap/css/bootstrap.css (property not equals)
564417 [http-nio-8080-exec-4] DEBUG o.s.security.web.FilterChainProxy - /jquery/jquery-2.1.3.js at position 3 of 12 in additional filter chain; firing Filter: 'HeaderWriterFilter'
564418 [http-nio-8080-exec-5] DEBUG o.s.s.w.s.DefaultSavedRequest - queryString: both null (property equals)
564418 [http-nio-8080-exec-3] DEBUG o.s.s.w.s.HttpSessionRequestCache - saved request doesn't match
564418 [http-nio-8080-exec-4] DEBUG o.s.s.w.h.writers.HstsHeaderWriter - Not injecting HSTS header since it did not match the requestMatcher org.springframework.security.web.header.writers.HstsHeaderWriter$SecureRequestMatcher@34571983
564418 [http-nio-8080-exec-5] DEBUG o.s.s.w.s.DefaultSavedRequest - requestURI: arg1=/; arg2=/bootstrap/js/bootstrap.js (property not equals)
564418 [http-nio-8080-exec-3] DEBUG o.s.security.web.FilterChainProxy - /bootstrap/css/bootstrap.css at position 8 of 12 in additional filter chain; firing Filter: 'SecurityContextHolderAwareRequestFilter'
564418 [http-nio-8080-exec-5] DEBUG o.s.s.w.s.HttpSessionRequestCache - saved request doesn't match
564418 [http-nio-8080-exec-3] DEBUG o.s.security.web.FilterChainProxy - /bootstrap/css/bootstrap.css at position 9 of 12 in additional filter chain; firing Filter: 'AnonymousAuthenticationFilter'
564418 [http-nio-8080-exec-4] DEBUG o.s.security.web.FilterChainProxy - /jquery/jquery-2.1.3.js at position 4 of 12 in additional filter chain; firing Filter: 'CsrfFilter'
564418 [http-nio-8080-exec-5] DEBUG o.s.security.web.FilterChainProxy - /bootstrap/js/bootstrap.js at position 8 of 12 in additional filter chain; firing Filter: 'SecurityContextHolderAwareRequestFilter'
564418 [http-nio-8080-exec-5] DEBUG o.s.security.web.FilterChainProxy - /bootstrap/js/bootstrap.js at position 9 of 12 in additional filter chain; firing Filter: 'AnonymousAuthenticationFilter'
564418 [http-nio-8080-exec-3] DEBUG o.s.s.w.a.AnonymousAuthenticationFilter - Populated SecurityContextHolder with anonymous token: 'org.springframework.security.authentication.AnonymousAuthenticationToken@6fabe8e0: Principal: anonymousUser; Credentials: [PROTECTED]; Authenticated: true; Details: org.springframework.security.web.authentication.WebAuthenticationDetails@fffe9938: RemoteIpAddress: 0:0:0:0:0:0:0:1; SessionId: 760D79BA12046463C13AD8F04AD89B62; Granted Authorities: ROLE_ANONYMOUS'
564418 [http-nio-8080-exec-3] DEBUG o.s.security.web.FilterChainProxy - /bootstrap/css/bootstrap.css at position 10 of 12 in additional filter chain; firing Filter: 'SessionManagementFilter'
564418 [http-nio-8080-exec-4] DEBUG o.s.security.web.FilterChainProxy - /jquery/jquery-2.1.3.js at position 5 of 12 in additional filter chain; firing Filter: 'LogoutFilter'
564418 [http-nio-8080-exec-5] DEBUG o.s.s.w.a.AnonymousAuthenticationFilter - Populated SecurityContextHolder with anonymous token: 'org.springframework.security.authentication.AnonymousAuthenticationToken@6fabe8e0: Principal: anonymousUser; Credentials: [PROTECTED]; Authenticated: true; Details: org.springframework.security.web.authentication.WebAuthenticationDetails@fffe9938: RemoteIpAddress: 0:0:0:0:0:0:0:1; SessionId: 760D79BA12046463C13AD8F04AD89B62; Granted Authorities: ROLE_ANONYMOUS'
564418 [http-nio-8080-exec-3] DEBUG o.s.security.web.FilterChainProxy - /bootstrap/css/bootstrap.css at position 11 of 12 in additional filter chain; firing Filter: 'ExceptionTranslationFilter'
564418 [http-nio-8080-exec-5] DEBUG o.s.security.web.FilterChainProxy - /bootstrap/js/bootstrap.js at position 10 of 12 in additional filter chain; firing Filter: 'SessionManagementFilter'
564418 [http-nio-8080-exec-4] DEBUG o.s.s.w.u.m.AntPathRequestMatcher - Request 'GET /jquery/jquery-2.1.3.js' doesn't match 'POST /logout
564418 [http-nio-8080-exec-5] DEBUG o.s.security.web.FilterChainProxy - /bootstrap/js/bootstrap.js at position 11 of 12 in additional filter chain; firing Filter: 'ExceptionTranslationFilter'
564418 [http-nio-8080-exec-3] DEBUG o.s.security.web.FilterChainProxy - /bootstrap/css/bootstrap.css at position 12 of 12 in additional filter chain; firing Filter: 'FilterSecurityInterceptor'
564418 [http-nio-8080-exec-4] DEBUG o.s.security.web.FilterChainProxy - /jquery/jquery-2.1.3.js at position 6 of 12 in additional filter chain; firing Filter: 'UsernamePasswordAuthenticationFilter'
564418 [http-nio-8080-exec-3] DEBUG o.s.s.w.u.m.AntPathRequestMatcher - Request 'GET /bootstrap/css/bootstrap.css' doesn't match 'POST /logout
564418 [http-nio-8080-exec-5] DEBUG o.s.security.web.FilterChainProxy - /bootstrap/js/bootstrap.js at position 12 of 12 in additional filter chain; firing Filter: 'FilterSecurityInterceptor'
564418 [http-nio-8080-exec-3] DEBUG o.s.s.w.u.m.AntPathRequestMatcher - Checking match of request : '/bootstrap/css/bootstrap.css'; against '/static/**'
564418 [http-nio-8080-exec-4] DEBUG o.s.s.w.u.m.AntPathRequestMatcher - Request 'GET /jquery/jquery-2.1.3.js' doesn't match 'POST /login
564418 [http-nio-8080-exec-5] DEBUG o.s.s.w.u.m.AntPathRequestMatcher - Request 'GET /bootstrap/js/bootstrap.js' doesn't match 'POST /logout
564418 [http-nio-8080-exec-4] DEBUG o.s.security.web.FilterChainProxy - /jquery/jquery-2.1.3.js at position 7 of 12 in additional filter chain; firing Filter: 'RequestCacheAwareFilter'
564418 [http-nio-8080-exec-5] DEBUG o.s.s.w.u.m.AntPathRequestMatcher - Checking match of request : '/bootstrap/js/bootstrap.js'; against '/static/**'
564418 [http-nio-8080-exec-3] DEBUG o.s.s.w.a.i.FilterSecurityInterceptor - Secure object: FilterInvocation: URL: /bootstrap/css/bootstrap.css; Attributes: [authenticated]
564418 [http-nio-8080-exec-5] DEBUG o.s.s.w.a.i.FilterSecurityInterceptor - Secure object: FilterInvocation: URL: /bootstrap/js/bootstrap.js; Attributes: [authenticated]
564418 [http-nio-8080-exec-4] DEBUG o.s.s.w.s.DefaultSavedRequest - pathInfo: both null (property equals)
564418 [http-nio-8080-exec-3] DEBUG o.s.s.w.a.i.FilterSecurityInterceptor - Previously Authenticated: org.springframework.security.authentication.AnonymousAuthenticationToken@6fabe8e0: Principal: anonymousUser; Credentials: [PROTECTED]; Authenticated: true; Details: org.springframework.security.web.authentication.WebAuthenticationDetails@fffe9938: RemoteIpAddress: 0:0:0:0:0:0:0:1; SessionId: 760D79BA12046463C13AD8F04AD89B62; Granted Authorities: ROLE_ANONYMOUS
564418 [http-nio-8080-exec-5] DEBUG o.s.s.w.a.i.FilterSecurityInterceptor - Previously Authenticated: org.springframework.security.authentication.AnonymousAuthenticationToken@6fabe8e0: Principal: anonymousUser; Credentials: [PROTECTED]; Authenticated: true; Details: org.springframework.security.web.authentication.WebAuthenticationDetails@fffe9938: RemoteIpAddress: 0:0:0:0:0:0:0:1; SessionId: 760D79BA12046463C13AD8F04AD89B62; Granted Authorities: ROLE_ANONYMOUS
564418 [http-nio-8080-exec-4] DEBUG o.s.s.w.s.DefaultSavedRequest - queryString: both null (property equals)
564418 [http-nio-8080-exec-4] DEBUG o.s.s.w.s.DefaultSavedRequest - requestURI: arg1=/; arg2=/jquery/jquery-2.1.3.js (property not equals)
564418 [http-nio-8080-exec-4] DEBUG o.s.s.w.s.HttpSessionRequestCache - saved request doesn't match
564418 [http-nio-8080-exec-4] DEBUG o.s.security.web.FilterChainProxy - /jquery/jquery-2.1.3.js at position 8 of 12 in additional filter chain; firing Filter: 'SecurityContextHolderAwareRequestFilter'
564418 [http-nio-8080-exec-4] DEBUG o.s.security.web.FilterChainProxy - /jquery/jquery-2.1.3.js at position 9 of 12 in additional filter chain; firing Filter: 'AnonymousAuthenticationFilter'
564418 [http-nio-8080-exec-4] DEBUG o.s.s.w.a.AnonymousAuthenticationFilter - Populated SecurityContextHolder with anonymous token: 'org.springframework.security.authentication.AnonymousAuthenticationToken@6fabe8e0: Principal: anonymousUser; Credentials: [PROTECTED]; Authenticated: true; Details: org.springframework.security.web.authentication.WebAuthenticationDetails@fffe9938: RemoteIpAddress: 0:0:0:0:0:0:0:1; SessionId: 760D79BA12046463C13AD8F04AD89B62; Granted Authorities: ROLE_ANONYMOUS'
564418 [http-nio-8080-exec-4] DEBUG o.s.security.web.FilterChainProxy - /jquery/jquery-2.1.3.js at position 10 of 12 in additional filter chain; firing Filter: 'SessionManagementFilter'
564418 [http-nio-8080-exec-5] DEBUG o.s.s.access.vote.AffirmativeBased - Voter: org.springframework.security.web.access.expression.WebExpressionVoter@7155916d, returned: -1
564418 [http-nio-8080-exec-3] DEBUG o.s.s.access.vote.AffirmativeBased - Voter: org.springframework.security.web.access.expression.WebExpressionVoter@7155916d, returned: -1
564419 [http-nio-8080-exec-4] DEBUG o.s.security.web.FilterChainProxy - /jquery/jquery-2.1.3.js at position 11 of 12 in additional filter chain; firing Filter: 'ExceptionTranslationFilter'
564419 [http-nio-8080-exec-4] DEBUG o.s.security.web.FilterChainProxy - /jquery/jquery-2.1.3.js at position 12 of 12 in additional filter chain; firing Filter: 'FilterSecurityInterceptor'
564419 [http-nio-8080-exec-4] DEBUG o.s.s.w.u.m.AntPathRequestMatcher - Request 'GET /jquery/jquery-2.1.3.js' doesn't match 'POST /logout
564419 [http-nio-8080-exec-4] DEBUG o.s.s.w.u.m.AntPathRequestMatcher - Checking match of request : '/jquery/jquery-2.1.3.js'; against '/static/**'
564419 [http-nio-8080-exec-4] DEBUG o.s.s.w.a.i.FilterSecurityInterceptor - Secure object: FilterInvocation: URL: /jquery/jquery-2.1.3.js; Attributes: [authenticated]
564419 [http-nio-8080-exec-4] DEBUG o.s.s.w.a.i.FilterSecurityInterceptor - Previously Authenticated: org.springframework.security.authentication.AnonymousAuthenticationToken@6fabe8e0: Principal: anonymousUser; Credentials: [PROTECTED]; Authenticated: true; Details: org.springframework.security.web.authentication.WebAuthenticationDetails@fffe9938: RemoteIpAddress: 0:0:0:0:0:0:0:1; SessionId: 760D79BA12046463C13AD8F04AD89B62; Granted Authorities: ROLE_ANONYMOUS
564419 [http-nio-8080-exec-3] DEBUG o.s.s.w.a.ExceptionTranslationFilter - Access is denied (user is anonymous); redirecting to authentication entry point
org.springframework.security.access.AccessDeniedException: Access is denied
	at org.springframework.security.access.vote.AffirmativeBased.decide(AffirmativeBased.java:84)
	at org.springframework.security.access.intercept.AbstractSecurityInterceptor.beforeInvocation(AbstractSecurityInterceptor.java:233)
	at org.springframework.security.web.access.intercept.FilterSecurityInterceptor.invoke(FilterSecurityInterceptor.java:124)
	at org.springframework.security.web.access.intercept.FilterSecurityInterceptor.doFilter(FilterSecurityInterceptor.java:91)
	at org.springframework.security.web.FilterChainProxy$VirtualFilterChain.doFilter(FilterChainProxy.java:331)
	at org.springframework.security.web.access.ExceptionTranslationFilter.doFilter(ExceptionTranslationFilter.java:114)
	at org.springframework.security.web.FilterChainProxy$VirtualFilterChain.doFilter(FilterChainProxy.java:331)
	at org.springframework.security.web.session.SessionManagementFilter.doFilter(SessionManagementFilter.java:137)
	at org.springframework.security.web.FilterChainProxy$VirtualFilterChain.doFilter(FilterChainProxy.java:331)
	at org.springframework.security.web.authentication.AnonymousAuthenticationFilter.doFilter(AnonymousAuthenticationFilter.java:111)
	at org.springframework.security.web.FilterChainProxy$VirtualFilterChain.doFilter(FilterChainProxy.java:331)
	at org.springframework.security.web.servletapi.SecurityContextHolderAwareRequestFilter.doFilter(SecurityContextHolderAwareRequestFilter.java:170)
	at org.springframework.security.web.FilterChainProxy$VirtualFilterChain.doFilter(FilterChainProxy.java:331)
	at org.springframework.security.web.savedrequest.RequestCacheAwareFilter.doFilter(RequestCacheAwareFilter.java:63)
	at org.springframework.security.web.FilterChainProxy$VirtualFilterChain.doFilter(FilterChainProxy.java:331)
	at org.springframework.security.web.authentication.AbstractAuthenticationProcessingFilter.doFilter(AbstractAuthenticationProcessingFilter.java:200)
	at org.springframework.security.web.FilterChainProxy$VirtualFilterChain.doFilter(FilterChainProxy.java:331)
	at org.springframework.security.web.authentication.logout.LogoutFilter.doFilter(LogoutFilter.java:116)
	at org.springframework.security.web.FilterChainProxy$VirtualFilterChain.doFilter(FilterChainProxy.java:331)
	at org.springframework.security.web.csrf.CsrfFilter.doFilterInternal(CsrfFilter.java:100)
	at org.springframework.web.filter.OncePerRequestFilter.doFilter(OncePerRequestFilter.java:107)
	at org.springframework.security.web.FilterChainProxy$VirtualFilterChain.doFilter(FilterChainProxy.java:331)
	at org.springframework.security.web.header.HeaderWriterFilter.doFilterInternal(HeaderWriterFilter.java:64)
	at org.springframework.web.filter.OncePerRequestFilter.doFilter(OncePerRequestFilter.java:107)
	at org.springframework.security.web.FilterChainProxy$VirtualFilterChain.doFilter(FilterChainProxy.java:331)
	at org.springframework.security.web.context.SecurityContextPersistenceFilter.doFilter(SecurityContextPersistenceFilter.java:105)
	at org.springframework.security.web.FilterChainProxy$VirtualFilterChain.doFilter(FilterChainProxy.java:331)
	at org.springframework.security.web.context.request.async.WebAsyncManagerIntegrationFilter.doFilterInternal(WebAsyncManagerIntegrationFilter.java:56)
	at org.springframework.web.filter.OncePerRequestFilter.doFilter(OncePerRequestFilter.java:107)
	at org.springframework.security.web.FilterChainProxy$VirtualFilterChain.doFilter(FilterChainProxy.java:331)
	at org.springframework.security.web.FilterChainProxy.doFilterInternal(FilterChainProxy.java:214)
	at org.springframework.security.web.FilterChainProxy.doFilter(FilterChainProxy.java:177)
	at org.springframework.web.filter.DelegatingFilterProxy.invokeDelegate(DelegatingFilterProxy.java:347)
	at org.springframework.web.filter.DelegatingFilterProxy.doFilter(DelegatingFilterProxy.java:263)
	at org.apache.catalina.core.ApplicationFilterChain.internalDoFilter(ApplicationFilterChain.java:193)
	at org.apache.catalina.core.ApplicationFilterChain.doFilter(ApplicationFilterChain.java:166)
	at org.springframework.web.filter.RequestContextFilter.doFilterInternal(RequestContextFilter.java:99)
	at org.springframework.web.filter.OncePerRequestFilter.doFilter(OncePerRequestFilter.java:107)
	at org.apache.catalina.core.ApplicationFilterChain.internalDoFilter(ApplicationFilterChain.java:193)
	at org.apache.catalina.core.ApplicationFilterChain.doFilter(ApplicationFilterChain.java:166)
	at org.springframework.web.filter.HttpPutFormContentFilter.doFilterInternal(HttpPutFormContentFilter.java:108)
	at org.springframework.web.filter.OncePerRequestFilter.doFilter(OncePerRequestFilter.java:107)
	at org.apache.catalina.core.ApplicationFilterChain.internalDoFilter(ApplicationFilterChain.java:193)
	at org.apache.catalina.core.ApplicationFilterChain.doFilter(ApplicationFilterChain.java:166)
	at org.springframework.web.filter.HiddenHttpMethodFilter.doFilterInternal(HiddenHttpMethodFilter.java:81)
	at org.springframework.web.filter.OncePerRequestFilter.doFilter(OncePerRequestFilter.java:107)
	at org.apache.catalina.core.ApplicationFilterChain.internalDoFilter(ApplicationFilterChain.java:193)
	at org.apache.catalina.core.ApplicationFilterChain.doFilter(ApplicationFilterChain.java:166)
	at org.springframework.web.filter.CharacterEncodingFilter.doFilterInternal(CharacterEncodingFilter.java:197)
	at org.springframework.web.filter.OncePerRequestFilter.doFilter(OncePerRequestFilter.java:107)
	at org.apache.catalina.core.ApplicationFilterChain.internalDoFilter(ApplicationFilterChain.java:193)
	at org.apache.catalina.core.ApplicationFilterChain.doFilter(ApplicationFilterChain.java:166)
	at org.apache.catalina.core.StandardWrapperValve.invoke(StandardWrapperValve.java:199)
	at org.apache.catalina.core.StandardContextValve.invoke(StandardContextValve.java:96)
	at org.apache.catalina.authenticator.AuthenticatorBase.invoke(AuthenticatorBase.java:478)
	at org.apache.catalina.core.StandardHostValve.invoke(StandardHostValve.java:140)
	at org.apache.catalina.valves.ErrorReportValve.invoke(ErrorReportValve.java:81)
	at org.apache.catalina.core.StandardEngineValve.invoke(StandardEngineValve.java:87)
	at org.apache.catalina.connector.CoyoteAdapter.service(CoyoteAdapter.java:342)
	at org.apache.coyote.http11.Http11Processor.service(Http11Processor.java:803)
	at org.apache.coyote.AbstractProcessorLight.process(AbstractProcessorLight.java:66)
	at org.apache.coyote.AbstractProtocol$ConnectionHandler.process(AbstractProtocol.java:868)
	at org.apache.tomcat.util.net.NioEndpoint$SocketProcessor.doRun(NioEndpoint.java:1459)
	at org.apache.tomcat.util.net.SocketProcessorBase.run(SocketProcessorBase.java:49)
	at java.util.concurrent.ThreadPoolExecutor.runWorker(ThreadPoolExecutor.java:1149)
	at java.util.concurrent.ThreadPoolExecutor$Worker.run(ThreadPoolExecutor.java:624)
	at org.apache.tomcat.util.threads.TaskThread$WrappingRunnable.run(TaskThread.java:61)
	at java.lang.Thread.run(Thread.java:748)
564419 [http-nio-8080-exec-5] DEBUG o.s.s.w.a.ExceptionTranslationFilter - Access is denied (user is anonymous); redirecting to authentication entry point
org.springframework.security.access.AccessDeniedException: Access is denied
	at org.springframework.security.access.vote.AffirmativeBased.decide(AffirmativeBased.java:84)
	at org.springframework.security.access.intercept.AbstractSecurityInterceptor.beforeInvocation(AbstractSecurityInterceptor.java:233)
	at org.springframework.security.web.access.intercept.FilterSecurityInterceptor.invoke(FilterSecurityInterceptor.java:124)
	at org.springframework.security.web.access.intercept.FilterSecurityInterceptor.doFilter(FilterSecurityInterceptor.java:91)
	at org.springframework.security.web.FilterChainProxy$VirtualFilterChain.doFilter(FilterChainProxy.java:331)
	at org.springframework.security.web.access.ExceptionTranslationFilter.doFilter(ExceptionTranslationFilter.java:114)
	at org.springframework.security.web.FilterChainProxy$VirtualFilterChain.doFilter(FilterChainProxy.java:331)
	at org.springframework.security.web.session.SessionManagementFilter.doFilter(SessionManagementFilter.java:137)
	at org.springframework.security.web.FilterChainProxy$VirtualFilterChain.doFilter(FilterChainProxy.java:331)
	at org.springframework.security.web.authentication.AnonymousAuthenticationFilter.doFilter(AnonymousAuthenticationFilter.java:111)
	at org.springframework.security.web.FilterChainProxy$VirtualFilterChain.doFilter(FilterChainProxy.java:331)
	at org.springframework.security.web.servletapi.SecurityContextHolderAwareRequestFilter.doFilter(SecurityContextHolderAwareRequestFilter.java:170)
	at org.springframework.security.web.FilterChainProxy$VirtualFilterChain.doFilter(FilterChainProxy.java:331)
	at org.springframework.security.web.savedrequest.RequestCacheAwareFilter.doFilter(RequestCacheAwareFilter.java:63)
	at org.springframework.security.web.FilterChainProxy$VirtualFilterChain.doFilter(FilterChainProxy.java:331)
	at org.springframework.security.web.authentication.AbstractAuthenticationProcessingFilter.doFilter(AbstractAuthenticationProcessingFilter.java:200)
	at org.springframework.security.web.FilterChainProxy$VirtualFilterChain.doFilter(FilterChainProxy.java:331)
	at org.springframework.security.web.authentication.logout.LogoutFilter.doFilter(LogoutFilter.java:116)
	at org.springframework.security.web.FilterChainProxy$VirtualFilterChain.doFilter(FilterChainProxy.java:331)
	at org.springframework.security.web.csrf.CsrfFilter.doFilterInternal(CsrfFilter.java:100)
	at org.springframework.web.filter.OncePerRequestFilter.doFilter(OncePerRequestFilter.java:107)
	at org.springframework.security.web.FilterChainProxy$VirtualFilterChain.doFilter(FilterChainProxy.java:331)
	at org.springframework.security.web.header.HeaderWriterFilter.doFilterInternal(HeaderWriterFilter.java:64)
	at org.springframework.web.filter.OncePerRequestFilter.doFilter(OncePerRequestFilter.java:107)
	at org.springframework.security.web.FilterChainProxy$VirtualFilterChain.doFilter(FilterChainProxy.java:331)
	at org.springframework.security.web.context.SecurityContextPersistenceFilter.doFilter(SecurityContextPersistenceFilter.java:105)
	at org.springframework.security.web.FilterChainProxy$VirtualFilterChain.doFilter(FilterChainProxy.java:331)
	at org.springframework.security.web.context.request.async.WebAsyncManagerIntegrationFilter.doFilterInternal(WebAsyncManagerIntegrationFilter.java:56)
	at org.springframework.web.filter.OncePerRequestFilter.doFilter(OncePerRequestFilter.java:107)
	at org.springframework.security.web.FilterChainProxy$VirtualFilterChain.doFilter(FilterChainProxy.java:331)
	at org.springframework.security.web.FilterChainProxy.doFilterInternal(FilterChainProxy.java:214)
	at org.springframework.security.web.FilterChainProxy.doFilter(FilterChainProxy.java:177)
	at org.springframework.web.filter.DelegatingFilterProxy.invokeDelegate(DelegatingFilterProxy.java:347)
	at org.springframework.web.filter.DelegatingFilterProxy.doFilter(DelegatingFilterProxy.java:263)
	at org.apache.catalina.core.ApplicationFilterChain.internalDoFilter(ApplicationFilterChain.java:193)
	at org.apache.catalina.core.ApplicationFilterChain.doFilter(ApplicationFilterChain.java:166)
	at org.springframework.web.filter.RequestContextFilter.doFilterInternal(RequestContextFilter.java:99)
	at org.springframework.web.filter.OncePerRequestFilter.doFilter(OncePerRequestFilter.java:107)
	at org.apache.catalina.core.ApplicationFilterChain.internalDoFilter(ApplicationFilterChain.java:193)
	at org.apache.catalina.core.ApplicationFilterChain.doFilter(ApplicationFilterChain.java:166)
	at org.springframework.web.filter.HttpPutFormContentFilter.doFilterInternal(HttpPutFormContentFilter.java:108)
	at org.springframework.web.filter.OncePerRequestFilter.doFilter(OncePerRequestFilter.java:107)
	at org.apache.catalina.core.ApplicationFilterChain.internalDoFilter(ApplicationFilterChain.java:193)
	at org.apache.catalina.core.ApplicationFilterChain.doFilter(ApplicationFilterChain.java:166)
	at org.springframework.web.filter.HiddenHttpMethodFilter.doFilterInternal(HiddenHttpMethodFilter.java:81)
	at org.springframework.web.filter.OncePerRequestFilter.doFilter(OncePerRequestFilter.java:107)
	at org.apache.catalina.core.ApplicationFilterChain.internalDoFilter(ApplicationFilterChain.java:193)
	at org.apache.catalina.core.ApplicationFilterChain.doFilter(ApplicationFilterChain.java:166)
	at org.springframework.web.filter.CharacterEncodingFilter.doFilterInternal(CharacterEncodingFilter.java:197)
	at org.springframework.web.filter.OncePerRequestFilter.doFilter(OncePerRequestFilter.java:107)
	at org.apache.catalina.core.ApplicationFilterChain.internalDoFilter(ApplicationFilterChain.java:193)
	at org.apache.catalina.core.ApplicationFilterChain.doFilter(ApplicationFilterChain.java:166)
	at org.apache.catalina.core.StandardWrapperValve.invoke(StandardWrapperValve.java:199)
	at org.apache.catalina.core.StandardContextValve.invoke(StandardContextValve.java:96)
	at org.apache.catalina.authenticator.AuthenticatorBase.invoke(AuthenticatorBase.java:478)
	at org.apache.catalina.core.StandardHostValve.invoke(StandardHostValve.java:140)
	at org.apache.catalina.valves.ErrorReportValve.invoke(ErrorReportValve.java:81)
	at org.apache.catalina.core.StandardEngineValve.invoke(StandardEngineValve.java:87)
	at org.apache.catalina.connector.CoyoteAdapter.service(CoyoteAdapter.java:342)
	at org.apache.coyote.http11.Http11Processor.service(Http11Processor.java:803)
	at org.apache.coyote.AbstractProcessorLight.process(AbstractProcessorLight.java:66)
	at org.apache.coyote.AbstractProtocol$ConnectionHandler.process(AbstractProtocol.java:868)
	at org.apache.tomcat.util.net.NioEndpoint$SocketProcessor.doRun(NioEndpoint.java:1459)
	at org.apache.tomcat.util.net.SocketProcessorBase.run(SocketProcessorBase.java:49)
	at java.util.concurrent.ThreadPoolExecutor.runWorker(ThreadPoolExecutor.java:1149)
	at java.util.concurrent.ThreadPoolExecutor$Worker.run(ThreadPoolExecutor.java:624)
	at org.apache.tomcat.util.threads.TaskThread$WrappingRunnable.run(TaskThread.java:61)
	at java.lang.Thread.run(Thread.java:748)
564419 [http-nio-8080-exec-4] DEBUG o.s.s.access.vote.AffirmativeBased - Voter: org.springframework.security.web.access.expression.WebExpressionVoter@7155916d, returned: -1
564420 [http-nio-8080-exec-3] DEBUG o.s.s.w.u.matcher.AndRequestMatcher - Trying to match using Ant [pattern='/**', GET]
564420 [http-nio-8080-exec-5] DEBUG o.s.s.w.u.matcher.AndRequestMatcher - Trying to match using Ant [pattern='/**', GET]
564420 [http-nio-8080-exec-5] DEBUG o.s.s.w.u.m.AntPathRequestMatcher - Request '/bootstrap/js/bootstrap.js' matched by universal pattern '/**'
564420 [http-nio-8080-exec-5] DEBUG o.s.s.w.u.matcher.AndRequestMatcher - Trying to match using NegatedRequestMatcher [requestMatcher=Ant [pattern='/**/favicon.ico']]
564420 [http-nio-8080-exec-5] DEBUG o.s.s.w.u.m.AntPathRequestMatcher - Checking match of request : '/bootstrap/js/bootstrap.js'; against '/**/favicon.ico'
564420 [http-nio-8080-exec-3] DEBUG o.s.s.w.u.m.AntPathRequestMatcher - Request '/bootstrap/css/bootstrap.css' matched by universal pattern '/**'
564420 [http-nio-8080-exec-3] DEBUG o.s.s.w.u.matcher.AndRequestMatcher - Trying to match using NegatedRequestMatcher [requestMatcher=Ant [pattern='/**/favicon.ico']]
564420 [http-nio-8080-exec-3] DEBUG o.s.s.w.u.m.AntPathRequestMatcher - Checking match of request : '/bootstrap/css/bootstrap.css'; against '/**/favicon.ico'
564420 [http-nio-8080-exec-5] DEBUG o.s.s.w.u.m.NegatedRequestMatcher - matches = true
564420 [http-nio-8080-exec-3] DEBUG o.s.s.w.u.m.NegatedRequestMatcher - matches = true
564420 [http-nio-8080-exec-5] DEBUG o.s.s.w.u.matcher.AndRequestMatcher - Trying to match using NegatedRequestMatcher [requestMatcher=MediaTypeRequestMatcher [contentNegotiationStrategy=org.springframework.web.accept.ContentNegotiationManager@34a84d5e, matchingMediaTypes=[application/json], useEquals=false, ignoredMediaTypes=[*/*]]]
564420 [http-nio-8080-exec-3] DEBUG o.s.s.w.u.matcher.AndRequestMatcher - Trying to match using NegatedRequestMatcher [requestMatcher=MediaTypeRequestMatcher [contentNegotiationStrategy=org.springframework.web.accept.ContentNegotiationManager@34a84d5e, matchingMediaTypes=[application/json], useEquals=false, ignoredMediaTypes=[*/*]]]
564420 [http-nio-8080-exec-5] DEBUG o.s.s.w.u.m.MediaTypeRequestMatcher - httpRequestMediaTypes=[application/javascript]
564420 [http-nio-8080-exec-3] DEBUG o.s.s.w.u.m.MediaTypeRequestMatcher - httpRequestMediaTypes=[text/css]
564420 [http-nio-8080-exec-5] DEBUG o.s.s.w.u.m.MediaTypeRequestMatcher - Processing application/javascript
564420 [http-nio-8080-exec-4] DEBUG o.s.s.w.a.ExceptionTranslationFilter - Access is denied (user is anonymous); redirecting to authentication entry point
org.springframework.security.access.AccessDeniedException: Access is denied
	at org.springframework.security.access.vote.AffirmativeBased.decide(AffirmativeBased.java:84)
	at org.springframework.security.access.intercept.AbstractSecurityInterceptor.beforeInvocation(AbstractSecurityInterceptor.java:233)
	at org.springframework.security.web.access.intercept.FilterSecurityInterceptor.invoke(FilterSecurityInterceptor.java:124)
	at org.springframework.security.web.access.intercept.FilterSecurityInterceptor.doFilter(FilterSecurityInterceptor.java:91)
	at org.springframework.security.web.FilterChainProxy$VirtualFilterChain.doFilter(FilterChainProxy.java:331)
	at org.springframework.security.web.access.ExceptionTranslationFilter.doFilter(ExceptionTranslationFilter.java:114)
	at org.springframework.security.web.FilterChainProxy$VirtualFilterChain.doFilter(FilterChainProxy.java:331)
	at org.springframework.security.web.session.SessionManagementFilter.doFilter(SessionManagementFilter.java:137)
	at org.springframework.security.web.FilterChainProxy$VirtualFilterChain.doFilter(FilterChainProxy.java:331)
	at org.springframework.security.web.authentication.AnonymousAuthenticationFilter.doFilter(AnonymousAuthenticationFilter.java:111)
	at org.springframework.security.web.FilterChainProxy$VirtualFilterChain.doFilter(FilterChainProxy.java:331)
	at org.springframework.security.web.servletapi.SecurityContextHolderAwareRequestFilter.doFilter(SecurityContextHolderAwareRequestFilter.java:170)
	at org.springframework.security.web.FilterChainProxy$VirtualFilterChain.doFilter(FilterChainProxy.java:331)
	at org.springframework.security.web.savedrequest.RequestCacheAwareFilter.doFilter(RequestCacheAwareFilter.java:63)
	at org.springframework.security.web.FilterChainProxy$VirtualFilterChain.doFilter(FilterChainProxy.java:331)
	at org.springframework.security.web.authentication.AbstractAuthenticationProcessingFilter.doFilter(AbstractAuthenticationProcessingFilter.java:200)
	at org.springframework.security.web.FilterChainProxy$VirtualFilterChain.doFilter(FilterChainProxy.java:331)
	at org.springframework.security.web.authentication.logout.LogoutFilter.doFilter(LogoutFilter.java:116)
	at org.springframework.security.web.FilterChainProxy$VirtualFilterChain.doFilter(FilterChainProxy.java:331)
	at org.springframework.security.web.csrf.CsrfFilter.doFilterInternal(CsrfFilter.java:100)
	at org.springframework.web.filter.OncePerRequestFilter.doFilter(OncePerRequestFilter.java:107)
	at org.springframework.security.web.FilterChainProxy$VirtualFilterChain.doFilter(FilterChainProxy.java:331)
	at org.springframework.security.web.header.HeaderWriterFilter.doFilterInternal(HeaderWriterFilter.java:64)
	at org.springframework.web.filter.OncePerRequestFilter.doFilter(OncePerRequestFilter.java:107)
	at org.springframework.security.web.FilterChainProxy$VirtualFilterChain.doFilter(FilterChainProxy.java:331)
	at org.springframework.security.web.context.SecurityContextPersistenceFilter.doFilter(SecurityContextPersistenceFilter.java:105)
	at org.springframework.security.web.FilterChainProxy$VirtualFilterChain.doFilter(FilterChainProxy.java:331)
	at org.springframework.security.web.context.request.async.WebAsyncManagerIntegrationFilter.doFilterInternal(WebAsyncManagerIntegrationFilter.java:56)
	at org.springframework.web.filter.OncePerRequestFilter.doFilter(OncePerRequestFilter.java:107)
	at org.springframework.security.web.FilterChainProxy$VirtualFilterChain.doFilter(FilterChainProxy.java:331)
	at org.springframework.security.web.FilterChainProxy.doFilterInternal(FilterChainProxy.java:214)
	at org.springframework.security.web.FilterChainProxy.doFilter(FilterChainProxy.java:177)
	at org.springframework.web.filter.DelegatingFilterProxy.invokeDelegate(DelegatingFilterProxy.java:347)
	at org.springframework.web.filter.DelegatingFilterProxy.doFilter(DelegatingFilterProxy.java:263)
	at org.apache.catalina.core.ApplicationFilterChain.internalDoFilter(ApplicationFilterChain.java:193)
	at org.apache.catalina.core.ApplicationFilterChain.doFilter(ApplicationFilterChain.java:166)
	at org.springframework.web.filter.RequestContextFilter.doFilterInternal(RequestContextFilter.java:99)
	at org.springframework.web.filter.OncePerRequestFilter.doFilter(OncePerRequestFilter.java:107)
	at org.apache.catalina.core.ApplicationFilterChain.internalDoFilter(ApplicationFilterChain.java:193)
	at org.apache.catalina.core.ApplicationFilterChain.doFilter(ApplicationFilterChain.java:166)
	at org.springframework.web.filter.HttpPutFormContentFilter.doFilterInternal(HttpPutFormContentFilter.java:108)
	at org.springframework.web.filter.OncePerRequestFilter.doFilter(OncePerRequestFilter.java:107)
	at org.apache.catalina.core.ApplicationFilterChain.internalDoFilter(ApplicationFilterChain.java:193)
	at org.apache.catalina.core.ApplicationFilterChain.doFilter(ApplicationFilterChain.java:166)
	at org.springframework.web.filter.HiddenHttpMethodFilter.doFilterInternal(HiddenHttpMethodFilter.java:81)
	at org.springframework.web.filter.OncePerRequestFilter.doFilter(OncePerRequestFilter.java:107)
	at org.apache.catalina.core.ApplicationFilterChain.internalDoFilter(ApplicationFilterChain.java:193)
	at org.apache.catalina.core.ApplicationFilterChain.doFilter(ApplicationFilterChain.java:166)
	at org.springframework.web.filter.CharacterEncodingFilter.doFilterInternal(CharacterEncodingFilter.java:197)
	at org.springframework.web.filter.OncePerRequestFilter.doFilter(OncePerRequestFilter.java:107)
	at org.apache.catalina.core.ApplicationFilterChain.internalDoFilter(ApplicationFilterChain.java:193)
	at org.apache.catalina.core.ApplicationFilterChain.doFilter(ApplicationFilterChain.java:166)
	at org.apache.catalina.core.StandardWrapperValve.invoke(StandardWrapperValve.java:199)
	at org.apache.catalina.core.StandardContextValve.invoke(StandardContextValve.java:96)
	at org.apache.catalina.authenticator.AuthenticatorBase.invoke(AuthenticatorBase.java:478)
	at org.apache.catalina.core.StandardHostValve.invoke(StandardHostValve.java:140)
	at org.apache.catalina.valves.ErrorReportValve.invoke(ErrorReportValve.java:81)
	at org.apache.catalina.core.StandardEngineValve.invoke(StandardEngineValve.java:87)
	at org.apache.catalina.connector.CoyoteAdapter.service(CoyoteAdapter.java:342)
	at org.apache.coyote.http11.Http11Processor.service(Http11Processor.java:803)
	at org.apache.coyote.AbstractProcessorLight.process(AbstractProcessorLight.java:66)
	at org.apache.coyote.AbstractProtocol$ConnectionHandler.process(AbstractProtocol.java:868)
	at org.apache.tomcat.util.net.NioEndpoint$SocketProcessor.doRun(NioEndpoint.java:1459)
	at org.apache.tomcat.util.net.SocketProcessorBase.run(SocketProcessorBase.java:49)
	at java.util.concurrent.ThreadPoolExecutor.runWorker(ThreadPoolExecutor.java:1149)
	at java.util.concurrent.ThreadPoolExecutor$Worker.run(ThreadPoolExecutor.java:624)
	at org.apache.tomcat.util.threads.TaskThread$WrappingRunnable.run(TaskThread.java:61)
	at java.lang.Thread.run(Thread.java:748)
564420 [http-nio-8080-exec-3] DEBUG o.s.s.w.u.m.MediaTypeRequestMatcher - Processing text/css
564420 [http-nio-8080-exec-5] DEBUG o.s.s.w.u.m.MediaTypeRequestMatcher - application/json .isCompatibleWith application/javascript = false
564421 [http-nio-8080-exec-3] DEBUG o.s.s.w.u.m.MediaTypeRequestMatcher - application/json .isCompatibleWith text/css = false
564421 [http-nio-8080-exec-4] DEBUG o.s.s.w.u.matcher.AndRequestMatcher - Trying to match using Ant [pattern='/**', GET]
564421 [http-nio-8080-exec-5] DEBUG o.s.s.w.u.m.MediaTypeRequestMatcher - Did not match any media types
564421 [http-nio-8080-exec-3] DEBUG o.s.s.w.u.m.MediaTypeRequestMatcher - Did not match any media types
564421 [http-nio-8080-exec-4] DEBUG o.s.s.w.u.m.AntPathRequestMatcher - Request '/jquery/jquery-2.1.3.js' matched by universal pattern '/**'
564421 [http-nio-8080-exec-5] DEBUG o.s.s.w.u.m.NegatedRequestMatcher - matches = true
564421 [http-nio-8080-exec-4] DEBUG o.s.s.w.u.matcher.AndRequestMatcher - Trying to match using NegatedRequestMatcher [requestMatcher=Ant [pattern='/**/favicon.ico']]
564421 [http-nio-8080-exec-3] DEBUG o.s.s.w.u.m.NegatedRequestMatcher - matches = true
564421 [http-nio-8080-exec-5] DEBUG o.s.s.w.u.matcher.AndRequestMatcher - Trying to match using NegatedRequestMatcher [requestMatcher=RequestHeaderRequestMatcher [expectedHeaderName=X-Requested-With, expectedHeaderValue=XMLHttpRequest]]
564421 [http-nio-8080-exec-4] DEBUG o.s.s.w.u.m.AntPathRequestMatcher - Checking match of request : '/jquery/jquery-2.1.3.js'; against '/**/favicon.ico'
564421 [http-nio-8080-exec-3] DEBUG o.s.s.w.u.matcher.AndRequestMatcher - Trying to match using NegatedRequestMatcher [requestMatcher=RequestHeaderRequestMatcher [expectedHeaderName=X-Requested-With, expectedHeaderValue=XMLHttpRequest]]
564421 [http-nio-8080-exec-4] DEBUG o.s.s.w.u.m.NegatedRequestMatcher - matches = true
564421 [http-nio-8080-exec-3] DEBUG o.s.s.w.u.m.NegatedRequestMatcher - matches = true
564421 [http-nio-8080-exec-5] DEBUG o.s.s.w.u.m.NegatedRequestMatcher - matches = true
564421 [http-nio-8080-exec-3] DEBUG o.s.s.w.u.matcher.AndRequestMatcher - All requestMatchers returned true
564421 [http-nio-8080-exec-4] DEBUG o.s.s.w.u.matcher.AndRequestMatcher - Trying to match using NegatedRequestMatcher [requestMatcher=MediaTypeRequestMatcher [contentNegotiationStrategy=org.springframework.web.accept.ContentNegotiationManager@34a84d5e, matchingMediaTypes=[application/json], useEquals=false, ignoredMediaTypes=[*/*]]]
564421 [http-nio-8080-exec-5] DEBUG o.s.s.w.u.matcher.AndRequestMatcher - All requestMatchers returned true
564421 [http-nio-8080-exec-4] DEBUG o.s.s.w.u.m.MediaTypeRequestMatcher - httpRequestMediaTypes=[application/javascript]
564421 [http-nio-8080-exec-4] DEBUG o.s.s.w.u.m.MediaTypeRequestMatcher - Processing application/javascript
564421 [http-nio-8080-exec-4] DEBUG o.s.s.w.u.m.MediaTypeRequestMatcher - application/json .isCompatibleWith application/javascript = false
564421 [http-nio-8080-exec-4] DEBUG o.s.s.w.u.m.MediaTypeRequestMatcher - Did not match any media types
564421 [http-nio-8080-exec-4] DEBUG o.s.s.w.u.m.NegatedRequestMatcher - matches = true
564421 [http-nio-8080-exec-4] DEBUG o.s.s.w.u.matcher.AndRequestMatcher - Trying to match using NegatedRequestMatcher [requestMatcher=RequestHeaderRequestMatcher [expectedHeaderName=X-Requested-With, expectedHeaderValue=XMLHttpRequest]]
564421 [http-nio-8080-exec-4] DEBUG o.s.s.w.u.m.NegatedRequestMatcher - matches = true
564421 [http-nio-8080-exec-4] DEBUG o.s.s.w.u.matcher.AndRequestMatcher - All requestMatchers returned true
564422 [http-nio-8080-exec-3] DEBUG o.s.s.w.s.HttpSessionRequestCache - DefaultSavedRequest added to Session: DefaultSavedRequest[http://localhost:8080/bootstrap/css/bootstrap.css]
564422 [http-nio-8080-exec-5] DEBUG o.s.s.w.s.HttpSessionRequestCache - DefaultSavedRequest added to Session: DefaultSavedRequest[http://localhost:8080/bootstrap/js/bootstrap.js]
564422 [http-nio-8080-exec-3] DEBUG o.s.s.w.a.ExceptionTranslationFilter - Calling Authentication entry point.
564422 [http-nio-8080-exec-4] DEBUG o.s.s.w.s.HttpSessionRequestCache - DefaultSavedRequest added to Session: DefaultSavedRequest[http://localhost:8080/jquery/jquery-2.1.3.js]
564422 [http-nio-8080-exec-4] DEBUG o.s.s.w.a.ExceptionTranslationFilter - Calling Authentication entry point.
564422 [http-nio-8080-exec-3] DEBUG o.s.s.web.DefaultRedirectStrategy - Redirecting to 'http://localhost:8080/login'
564422 [http-nio-8080-exec-5] DEBUG o.s.s.w.a.ExceptionTranslationFilter - Calling Authentication entry point.
564422 [http-nio-8080-exec-3] DEBUG o.s.s.w.c.HttpSessionSecurityContextRepository - SecurityContext is empty or contents are anonymous - context will not be stored in HttpSession.
564422 [http-nio-8080-exec-4] DEBUG o.s.s.web.DefaultRedirectStrategy - Redirecting to 'http://localhost:8080/login'
564422 [http-nio-8080-exec-4] DEBUG o.s.s.w.c.HttpSessionSecurityContextRepository - SecurityContext is empty or contents are anonymous - context will not be stored in HttpSession.
564422 [http-nio-8080-exec-3] DEBUG o.s.s.w.c.SecurityContextPersistenceFilter - SecurityContextHolder now cleared, as request processing completed
564422 [http-nio-8080-exec-5] DEBUG o.s.s.web.DefaultRedirectStrategy - Redirecting to 'http://localhost:8080/login'
564422 [http-nio-8080-exec-4] DEBUG o.s.s.w.c.SecurityContextPersistenceFilter - SecurityContextHolder now cleared, as request processing completed
564422 [http-nio-8080-exec-5] DEBUG o.s.s.w.c.HttpSessionSecurityContextRepository - SecurityContext is empty or contents are anonymous - context will not be stored in HttpSession.
564422 [http-nio-8080-exec-5] DEBUG o.s.s.w.c.SecurityContextPersistenceFilter - SecurityContextHolder now cleared, as request processing completed
564425 [http-nio-8080-exec-7] DEBUG o.s.s.w.u.matcher.OrRequestMatcher - Trying to match using Ant [pattern='/css/**']
564425 [http-nio-8080-exec-7] DEBUG o.s.s.w.u.m.AntPathRequestMatcher - Checking match of request : '/login'; against '/css/**'
564425 [http-nio-8080-exec-6] DEBUG o.s.s.w.u.matcher.OrRequestMatcher - Trying to match using Ant [pattern='/css/**']
564425 [http-nio-8080-exec-6] DEBUG o.s.s.w.u.m.AntPathRequestMatcher - Checking match of request : '/login'; against '/css/**'
564425 [http-nio-8080-exec-6] DEBUG o.s.s.w.u.matcher.OrRequestMatcher - Trying to match using Ant [pattern='/js/**']
564425 [http-nio-8080-exec-7] DEBUG o.s.s.w.u.matcher.OrRequestMatcher - Trying to match using Ant [pattern='/js/**']
564425 [http-nio-8080-exec-7] DEBUG o.s.s.w.u.m.AntPathRequestMatcher - Checking match of request : '/login'; against '/js/**'
564425 [http-nio-8080-exec-7] DEBUG o.s.s.w.u.matcher.OrRequestMatcher - Trying to match using Ant [pattern='/images/**']
564425 [http-nio-8080-exec-7] DEBUG o.s.s.w.u.m.AntPathRequestMatcher - Checking match of request : '/login'; against '/images/**'
564425 [http-nio-8080-exec-7] DEBUG o.s.s.w.u.matcher.OrRequestMatcher - Trying to match using Ant [pattern='/webjars/**']
564425 [http-nio-8080-exec-7] DEBUG o.s.s.w.u.m.AntPathRequestMatcher - Checking match of request : '/login'; against '/webjars/**'
564425 [http-nio-8080-exec-6] DEBUG o.s.s.w.u.m.AntPathRequestMatcher - Checking match of request : '/login'; against '/js/**'
564425 [http-nio-8080-exec-6] DEBUG o.s.s.w.u.matcher.OrRequestMatcher - Trying to match using Ant [pattern='/images/**']
564425 [http-nio-8080-exec-6] DEBUG o.s.s.w.u.m.AntPathRequestMatcher - Checking match of request : '/login'; against '/images/**'
564425 [http-nio-8080-exec-7] DEBUG o.s.s.w.u.matcher.OrRequestMatcher - Trying to match using Ant [pattern='/**/favicon.ico']
564425 [http-nio-8080-exec-7] DEBUG o.s.s.w.u.m.AntPathRequestMatcher - Checking match of request : '/login'; against '/**/favicon.ico'
564425 [http-nio-8080-exec-7] DEBUG o.s.s.w.u.matcher.OrRequestMatcher - Trying to match using Ant [pattern='/error']
564425 [http-nio-8080-exec-6] DEBUG o.s.s.w.u.matcher.OrRequestMatcher - Trying to match using Ant [pattern='/webjars/**']
564425 [http-nio-8080-exec-6] DEBUG o.s.s.w.u.m.AntPathRequestMatcher - Checking match of request : '/login'; against '/webjars/**'
564425 [http-nio-8080-exec-6] DEBUG o.s.s.w.u.matcher.OrRequestMatcher - Trying to match using Ant [pattern='/**/favicon.ico']
564425 [http-nio-8080-exec-6] DEBUG o.s.s.w.u.m.AntPathRequestMatcher - Checking match of request : '/login'; against '/**/favicon.ico'
564425 [http-nio-8080-exec-7] DEBUG o.s.s.w.u.m.AntPathRequestMatcher - Checking match of request : '/login'; against '/error'
564425 [http-nio-8080-exec-7] DEBUG o.s.s.w.u.matcher.OrRequestMatcher - No matches found
564425 [http-nio-8080-exec-6] DEBUG o.s.s.w.u.matcher.OrRequestMatcher - Trying to match using Ant [pattern='/error']
564425 [http-nio-8080-exec-6] DEBUG o.s.s.w.u.m.AntPathRequestMatcher - Checking match of request : '/login'; against '/error'
564425 [http-nio-8080-exec-6] DEBUG o.s.s.w.u.matcher.OrRequestMatcher - No matches found
564425 [http-nio-8080-exec-7] DEBUG o.s.security.web.FilterChainProxy - /login at position 1 of 12 in additional filter chain; firing Filter: 'WebAsyncManagerIntegrationFilter'
564425 [http-nio-8080-exec-6] DEBUG o.s.security.web.FilterChainProxy - /login at position 1 of 12 in additional filter chain; firing Filter: 'WebAsyncManagerIntegrationFilter'
564425 [http-nio-8080-exec-7] DEBUG o.s.security.web.FilterChainProxy - /login at position 2 of 12 in additional filter chain; firing Filter: 'SecurityContextPersistenceFilter'
564425 [http-nio-8080-exec-6] DEBUG o.s.security.web.FilterChainProxy - /login at position 2 of 12 in additional filter chain; firing Filter: 'SecurityContextPersistenceFilter'
564425 [http-nio-8080-exec-7] DEBUG o.s.s.w.c.HttpSessionSecurityContextRepository - HttpSession returned null object for SPRING_SECURITY_CONTEXT
564429 [http-nio-8080-exec-6] DEBUG o.s.s.w.c.HttpSessionSecurityContextRepository - HttpSession returned null object for SPRING_SECURITY_CONTEXT
564429 [http-nio-8080-exec-7] DEBUG o.s.s.w.c.HttpSessionSecurityContextRepository - No SecurityContext was available from the HttpSession: org.apache.catalina.session.StandardSessionFacade@30689b56. A new one will be created.
564429 [http-nio-8080-exec-6] DEBUG o.s.s.w.c.HttpSessionSecurityContextRepository - No SecurityContext was available from the HttpSession: org.apache.catalina.session.StandardSessionFacade@30689b56. A new one will be created.
564429 [http-nio-8080-exec-6] DEBUG o.s.security.web.FilterChainProxy - /login at position 3 of 12 in additional filter chain; firing Filter: 'HeaderWriterFilter'
564429 [http-nio-8080-exec-7] DEBUG o.s.security.web.FilterChainProxy - /login at position 3 of 12 in additional filter chain; firing Filter: 'HeaderWriterFilter'
564429 [http-nio-8080-exec-7] DEBUG o.s.s.w.h.writers.HstsHeaderWriter - Not injecting HSTS header since it did not match the requestMatcher org.springframework.security.web.header.writers.HstsHeaderWriter$SecureRequestMatcher@34571983
564429 [http-nio-8080-exec-6] DEBUG o.s.s.w.h.writers.HstsHeaderWriter - Not injecting HSTS header since it did not match the requestMatcher org.springframework.security.web.header.writers.HstsHeaderWriter$SecureRequestMatcher@34571983
564429 [http-nio-8080-exec-7] DEBUG o.s.security.web.FilterChainProxy - /login at position 4 of 12 in additional filter chain; firing Filter: 'CsrfFilter'
564429 [http-nio-8080-exec-6] DEBUG o.s.security.web.FilterChainProxy - /login at position 4 of 12 in additional filter chain; firing Filter: 'CsrfFilter'
564429 [http-nio-8080-exec-7] DEBUG o.s.security.web.FilterChainProxy - /login at position 5 of 12 in additional filter chain; firing Filter: 'LogoutFilter'
564429 [http-nio-8080-exec-6] DEBUG o.s.security.web.FilterChainProxy - /login at position 5 of 12 in additional filter chain; firing Filter: 'LogoutFilter'
564429 [http-nio-8080-exec-7] DEBUG o.s.s.w.u.m.AntPathRequestMatcher - Request 'GET /login' doesn't match 'POST /logout
564429 [http-nio-8080-exec-6] DEBUG o.s.s.w.u.m.AntPathRequestMatcher - Request 'GET /login' doesn't match 'POST /logout
564429 [http-nio-8080-exec-7] DEBUG o.s.security.web.FilterChainProxy - /login at position 6 of 12 in additional filter chain; firing Filter: 'UsernamePasswordAuthenticationFilter'
564429 [http-nio-8080-exec-6] DEBUG o.s.security.web.FilterChainProxy - /login at position 6 of 12 in additional filter chain; firing Filter: 'UsernamePasswordAuthenticationFilter'
564429 [http-nio-8080-exec-7] DEBUG o.s.s.w.u.m.AntPathRequestMatcher - Request 'GET /login' doesn't match 'POST /login
564429 [http-nio-8080-exec-6] DEBUG o.s.s.w.u.m.AntPathRequestMatcher - Request 'GET /login' doesn't match 'POST /login
564429 [http-nio-8080-exec-7] DEBUG o.s.security.web.FilterChainProxy - /login at position 7 of 12 in additional filter chain; firing Filter: 'RequestCacheAwareFilter'
564429 [http-nio-8080-exec-6] DEBUG o.s.security.web.FilterChainProxy - /login at position 7 of 12 in additional filter chain; firing Filter: 'RequestCacheAwareFilter'
564429 [http-nio-8080-exec-7] DEBUG o.s.s.w.s.DefaultSavedRequest - pathInfo: both null (property equals)
564429 [http-nio-8080-exec-6] DEBUG o.s.s.w.s.DefaultSavedRequest - pathInfo: both null (property equals)
564429 [http-nio-8080-exec-7] DEBUG o.s.s.w.s.DefaultSavedRequest - queryString: both null (property equals)
564429 [http-nio-8080-exec-6] DEBUG o.s.s.w.s.DefaultSavedRequest - queryString: both null (property equals)
564429 [http-nio-8080-exec-7] DEBUG o.s.s.w.s.DefaultSavedRequest - requestURI: arg1=/jquery/jquery-2.1.3.js; arg2=/login (property not equals)
564429 [http-nio-8080-exec-6] DEBUG o.s.s.w.s.DefaultSavedRequest - requestURI: arg1=/jquery/jquery-2.1.3.js; arg2=/login (property not equals)
564429 [http-nio-8080-exec-7] DEBUG o.s.s.w.s.HttpSessionRequestCache - saved request doesn't match
564429 [http-nio-8080-exec-6] DEBUG o.s.s.w.s.HttpSessionRequestCache - saved request doesn't match
564429 [http-nio-8080-exec-7] DEBUG o.s.security.web.FilterChainProxy - /login at position 8 of 12 in additional filter chain; firing Filter: 'SecurityContextHolderAwareRequestFilter'
564429 [http-nio-8080-exec-6] DEBUG o.s.security.web.FilterChainProxy - /login at position 8 of 12 in additional filter chain; firing Filter: 'SecurityContextHolderAwareRequestFilter'
564429 [http-nio-8080-exec-7] DEBUG o.s.security.web.FilterChainProxy - /login at position 9 of 12 in additional filter chain; firing Filter: 'AnonymousAuthenticationFilter'
564429 [http-nio-8080-exec-6] DEBUG o.s.security.web.FilterChainProxy - /login at position 9 of 12 in additional filter chain; firing Filter: 'AnonymousAuthenticationFilter'
564429 [http-nio-8080-exec-6] DEBUG o.s.s.w.a.AnonymousAuthenticationFilter - Populated SecurityContextHolder with anonymous token: 'org.springframework.security.authentication.AnonymousAuthenticationToken@6fabe8e0: Principal: anonymousUser; Credentials: [PROTECTED]; Authenticated: true; Details: org.springframework.security.web.authentication.WebAuthenticationDetails@fffe9938: RemoteIpAddress: 0:0:0:0:0:0:0:1; SessionId: 760D79BA12046463C13AD8F04AD89B62; Granted Authorities: ROLE_ANONYMOUS'
564429 [http-nio-8080-exec-7] DEBUG o.s.s.w.a.AnonymousAuthenticationFilter - Populated SecurityContextHolder with anonymous token: 'org.springframework.security.authentication.AnonymousAuthenticationToken@6fabe8e0: Principal: anonymousUser; Credentials: [PROTECTED]; Authenticated: true; Details: org.springframework.security.web.authentication.WebAuthenticationDetails@fffe9938: RemoteIpAddress: 0:0:0:0:0:0:0:1; SessionId: 760D79BA12046463C13AD8F04AD89B62; Granted Authorities: ROLE_ANONYMOUS'
564429 [http-nio-8080-exec-6] DEBUG o.s.security.web.FilterChainProxy - /login at position 10 of 12 in additional filter chain; firing Filter: 'SessionManagementFilter'
564429 [http-nio-8080-exec-7] DEBUG o.s.security.web.FilterChainProxy - /login at position 10 of 12 in additional filter chain; firing Filter: 'SessionManagementFilter'
564429 [http-nio-8080-exec-6] DEBUG o.s.security.web.FilterChainProxy - /login at position 11 of 12 in additional filter chain; firing Filter: 'ExceptionTranslationFilter'
564429 [http-nio-8080-exec-7] DEBUG o.s.security.web.FilterChainProxy - /login at position 11 of 12 in additional filter chain; firing Filter: 'ExceptionTranslationFilter'
564429 [http-nio-8080-exec-6] DEBUG o.s.security.web.FilterChainProxy - /login at position 12 of 12 in additional filter chain; firing Filter: 'FilterSecurityInterceptor'
564429 [http-nio-8080-exec-7] DEBUG o.s.security.web.FilterChainProxy - /login at position 12 of 12 in additional filter chain; firing Filter: 'FilterSecurityInterceptor'
564429 [http-nio-8080-exec-6] DEBUG o.s.s.w.a.i.FilterSecurityInterceptor - Secure object: FilterInvocation: URL: /login; Attributes: [permitAll]
564429 [http-nio-8080-exec-7] DEBUG o.s.s.w.a.i.FilterSecurityInterceptor - Secure object: FilterInvocation: URL: /login; Attributes: [permitAll]
564429 [http-nio-8080-exec-6] DEBUG o.s.s.w.a.i.FilterSecurityInterceptor - Previously Authenticated: org.springframework.security.authentication.AnonymousAuthenticationToken@6fabe8e0: Principal: anonymousUser; Credentials: [PROTECTED]; Authenticated: true; Details: org.springframework.security.web.authentication.WebAuthenticationDetails@fffe9938: RemoteIpAddress: 0:0:0:0:0:0:0:1; SessionId: 760D79BA12046463C13AD8F04AD89B62; Granted Authorities: ROLE_ANONYMOUS
564429 [http-nio-8080-exec-7] DEBUG o.s.s.w.a.i.FilterSecurityInterceptor - Previously Authenticated: org.springframework.security.authentication.AnonymousAuthenticationToken@6fabe8e0: Principal: anonymousUser; Credentials: [PROTECTED]; Authenticated: true; Details: org.springframework.security.web.authentication.WebAuthenticationDetails@fffe9938: RemoteIpAddress: 0:0:0:0:0:0:0:1; SessionId: 760D79BA12046463C13AD8F04AD89B62; Granted Authorities: ROLE_ANONYMOUS
564429 [http-nio-8080-exec-7] DEBUG o.s.s.access.vote.AffirmativeBased - Voter: org.springframework.security.web.access.expression.WebExpressionVoter@7155916d, returned: 1
564429 [http-nio-8080-exec-6] DEBUG o.s.s.access.vote.AffirmativeBased - Voter: org.springframework.security.web.access.expression.WebExpressionVoter@7155916d, returned: 1
564429 [http-nio-8080-exec-7] DEBUG o.s.s.w.a.i.FilterSecurityInterceptor - Authorization successful
564429 [http-nio-8080-exec-6] DEBUG o.s.s.w.a.i.FilterSecurityInterceptor - Authorization successful
564429 [http-nio-8080-exec-7] DEBUG o.s.s.w.a.i.FilterSecurityInterceptor - RunAsManager did not change Authentication object
564429 [http-nio-8080-exec-6] DEBUG o.s.s.w.a.i.FilterSecurityInterceptor - RunAsManager did not change Authentication object
564429 [http-nio-8080-exec-7] DEBUG o.s.security.web.FilterChainProxy - /login reached end of additional filter chain; proceeding with original chain
564430 [http-nio-8080-exec-6] DEBUG o.s.security.web.FilterChainProxy - /login reached end of additional filter chain; proceeding with original chain
564431 [http-nio-8080-exec-6] DEBUG o.s.s.w.c.HttpSessionSecurityContextRepository - SecurityContext is empty or contents are anonymous - context will not be stored in HttpSession.
564431 [http-nio-8080-exec-6] DEBUG o.s.s.w.a.ExceptionTranslationFilter - Chain processed normally
564431 [http-nio-8080-exec-6] DEBUG o.s.s.w.c.SecurityContextPersistenceFilter - SecurityContextHolder now cleared, as request processing completed
564432 [http-nio-8080-exec-7] DEBUG o.s.s.w.c.HttpSessionSecurityContextRepository - SecurityContext is empty or contents are anonymous - context will not be stored in HttpSession.
564433 [http-nio-8080-exec-7] DEBUG o.s.s.w.a.ExceptionTranslationFilter - Chain processed normally
564433 [http-nio-8080-exec-7] DEBUG o.s.s.w.c.SecurityContextPersistenceFilter - SecurityContextHolder now cleared, as request processing completed
564434 [http-nio-8080-exec-8] DEBUG o.s.s.w.u.matcher.OrRequestMatcher - Trying to match using Ant [pattern='/css/**']
564434 [http-nio-8080-exec-8] DEBUG o.s.s.w.u.m.AntPathRequestMatcher - Checking match of request : '/login'; against '/css/**'
564434 [http-nio-8080-exec-8] DEBUG o.s.s.w.u.matcher.OrRequestMatcher - Trying to match using Ant [pattern='/js/**']
564434 [http-nio-8080-exec-8] DEBUG o.s.s.w.u.m.AntPathRequestMatcher - Checking match of request : '/login'; against '/js/**'
564434 [http-nio-8080-exec-8] DEBUG o.s.s.w.u.matcher.OrRequestMatcher - Trying to match using Ant [pattern='/images/**']
564434 [http-nio-8080-exec-8] DEBUG o.s.s.w.u.m.AntPathRequestMatcher - Checking match of request : '/login'; against '/images/**'
564434 [http-nio-8080-exec-8] DEBUG o.s.s.w.u.matcher.OrRequestMatcher - Trying to match using Ant [pattern='/webjars/**']
564434 [http-nio-8080-exec-8] DEBUG o.s.s.w.u.m.AntPathRequestMatcher - Checking match of request : '/login'; against '/webjars/**'
564434 [http-nio-8080-exec-8] DEBUG o.s.s.w.u.matcher.OrRequestMatcher - Trying to match using Ant [pattern='/**/favicon.ico']
564434 [http-nio-8080-exec-8] DEBUG o.s.s.w.u.m.AntPathRequestMatcher - Checking match of request : '/login'; against '/**/favicon.ico'
564434 [http-nio-8080-exec-8] DEBUG o.s.s.w.u.matcher.OrRequestMatcher - Trying to match using Ant [pattern='/error']
564434 [http-nio-8080-exec-8] DEBUG o.s.s.w.u.m.AntPathRequestMatcher - Checking match of request : '/login'; against '/error'
564434 [http-nio-8080-exec-8] DEBUG o.s.s.w.u.matcher.OrRequestMatcher - No matches found
564434 [http-nio-8080-exec-8] DEBUG o.s.security.web.FilterChainProxy - /login at position 1 of 12 in additional filter chain; firing Filter: 'WebAsyncManagerIntegrationFilter'
564434 [http-nio-8080-exec-8] DEBUG o.s.security.web.FilterChainProxy - /login at position 2 of 12 in additional filter chain; firing Filter: 'SecurityContextPersistenceFilter'
564434 [http-nio-8080-exec-8] DEBUG o.s.s.w.c.HttpSessionSecurityContextRepository - HttpSession returned null object for SPRING_SECURITY_CONTEXT
564434 [http-nio-8080-exec-8] DEBUG o.s.s.w.c.HttpSessionSecurityContextRepository - No SecurityContext was available from the HttpSession: org.apache.catalina.session.StandardSessionFacade@30689b56. A new one will be created.
564434 [http-nio-8080-exec-8] DEBUG o.s.security.web.FilterChainProxy - /login at position 3 of 12 in additional filter chain; firing Filter: 'HeaderWriterFilter'
564435 [http-nio-8080-exec-8] DEBUG o.s.s.w.h.writers.HstsHeaderWriter - Not injecting HSTS header since it did not match the requestMatcher org.springframework.security.web.header.writers.HstsHeaderWriter$SecureRequestMatcher@34571983
564435 [http-nio-8080-exec-8] DEBUG o.s.security.web.FilterChainProxy - /login at position 4 of 12 in additional filter chain; firing Filter: 'CsrfFilter'
564435 [http-nio-8080-exec-8] DEBUG o.s.security.web.FilterChainProxy - /login at position 5 of 12 in additional filter chain; firing Filter: 'LogoutFilter'
564435 [http-nio-8080-exec-8] DEBUG o.s.s.w.u.m.AntPathRequestMatcher - Request 'GET /login' doesn't match 'POST /logout
564436 [http-nio-8080-exec-8] DEBUG o.s.security.web.FilterChainProxy - /login at position 6 of 12 in additional filter chain; firing Filter: 'UsernamePasswordAuthenticationFilter'
564436 [http-nio-8080-exec-8] DEBUG o.s.s.w.u.m.AntPathRequestMatcher - Request 'GET /login' doesn't match 'POST /login
564436 [http-nio-8080-exec-8] DEBUG o.s.security.web.FilterChainProxy - /login at position 7 of 12 in additional filter chain; firing Filter: 'RequestCacheAwareFilter'
564436 [http-nio-8080-exec-8] DEBUG o.s.s.w.s.DefaultSavedRequest - pathInfo: both null (property equals)
564436 [http-nio-8080-exec-8] DEBUG o.s.s.w.s.DefaultSavedRequest - queryString: both null (property equals)
564436 [http-nio-8080-exec-8] DEBUG o.s.s.w.s.DefaultSavedRequest - requestURI: arg1=/jquery/jquery-2.1.3.js; arg2=/login (property not equals)
564436 [http-nio-8080-exec-8] DEBUG o.s.s.w.s.HttpSessionRequestCache - saved request doesn't match
564436 [http-nio-8080-exec-8] DEBUG o.s.security.web.FilterChainProxy - /login at position 8 of 12 in additional filter chain; firing Filter: 'SecurityContextHolderAwareRequestFilter'
564436 [http-nio-8080-exec-8] DEBUG o.s.security.web.FilterChainProxy - /login at position 9 of 12 in additional filter chain; firing Filter: 'AnonymousAuthenticationFilter'
564436 [http-nio-8080-exec-8] DEBUG o.s.s.w.a.AnonymousAuthenticationFilter - Populated SecurityContextHolder with anonymous token: 'org.springframework.security.authentication.AnonymousAuthenticationToken@6fabe8e0: Principal: anonymousUser; Credentials: [PROTECTED]; Authenticated: true; Details: org.springframework.security.web.authentication.WebAuthenticationDetails@fffe9938: RemoteIpAddress: 0:0:0:0:0:0:0:1; SessionId: 760D79BA12046463C13AD8F04AD89B62; Granted Authorities: ROLE_ANONYMOUS'
564436 [http-nio-8080-exec-8] DEBUG o.s.security.web.FilterChainProxy - /login at position 10 of 12 in additional filter chain; firing Filter: 'SessionManagementFilter'
564436 [http-nio-8080-exec-8] DEBUG o.s.security.web.FilterChainProxy - /login at position 11 of 12 in additional filter chain; firing Filter: 'ExceptionTranslationFilter'
564436 [http-nio-8080-exec-8] DEBUG o.s.security.web.FilterChainProxy - /login at position 12 of 12 in additional filter chain; firing Filter: 'FilterSecurityInterceptor'
564436 [http-nio-8080-exec-8] DEBUG o.s.s.w.a.i.FilterSecurityInterceptor - Secure object: FilterInvocation: URL: /login; Attributes: [permitAll]
564436 [http-nio-8080-exec-8] DEBUG o.s.s.w.a.i.FilterSecurityInterceptor - Previously Authenticated: org.springframework.security.authentication.AnonymousAuthenticationToken@6fabe8e0: Principal: anonymousUser; Credentials: [PROTECTED]; Authenticated: true; Details: org.springframework.security.web.authentication.WebAuthenticationDetails@fffe9938: RemoteIpAddress: 0:0:0:0:0:0:0:1; SessionId: 760D79BA12046463C13AD8F04AD89B62; Granted Authorities: ROLE_ANONYMOUS
564436 [http-nio-8080-exec-8] DEBUG o.s.s.access.vote.AffirmativeBased - Voter: org.springframework.security.web.access.expression.WebExpressionVoter@7155916d, returned: 1
564436 [http-nio-8080-exec-8] DEBUG o.s.s.w.a.i.FilterSecurityInterceptor - Authorization successful
564436 [http-nio-8080-exec-8] DEBUG o.s.s.w.a.i.FilterSecurityInterceptor - RunAsManager did not change Authentication object
564436 [http-nio-8080-exec-8] DEBUG o.s.security.web.FilterChainProxy - /login reached end of additional filter chain; proceeding with original chain
564438 [http-nio-8080-exec-8] DEBUG o.s.s.w.c.HttpSessionSecurityContextRepository - SecurityContext is empty or contents are anonymous - context will not be stored in HttpSession.
564439 [http-nio-8080-exec-8] DEBUG o.s.s.w.a.ExceptionTranslationFilter - Chain processed normally
564440 [http-nio-8080-exec-8] DEBUG o.s.s.w.c.SecurityContextPersistenceFilter - SecurityContextHolder now cleared, as request processing completed
565222 [http-nio-8080-exec-9] DEBUG o.s.s.w.u.matcher.OrRequestMatcher - Trying to match using Ant [pattern='/css/**']
565222 [http-nio-8080-exec-9] DEBUG o.s.s.w.u.m.AntPathRequestMatcher - Checking match of request : '/login'; against '/css/**'
565222 [http-nio-8080-exec-9] DEBUG o.s.s.w.u.matcher.OrRequestMatcher - Trying to match using Ant [pattern='/js/**']
565222 [http-nio-8080-exec-9] DEBUG o.s.s.w.u.m.AntPathRequestMatcher - Checking match of request : '/login'; against '/js/**'
565222 [http-nio-8080-exec-9] DEBUG o.s.s.w.u.matcher.OrRequestMatcher - Trying to match using Ant [pattern='/images/**']
565223 [http-nio-8080-exec-9] DEBUG o.s.s.w.u.m.AntPathRequestMatcher - Checking match of request : '/login'; against '/images/**'
565223 [http-nio-8080-exec-9] DEBUG o.s.s.w.u.matcher.OrRequestMatcher - Trying to match using Ant [pattern='/webjars/**']
565223 [http-nio-8080-exec-9] DEBUG o.s.s.w.u.m.AntPathRequestMatcher - Checking match of request : '/login'; against '/webjars/**'
565223 [http-nio-8080-exec-9] DEBUG o.s.s.w.u.matcher.OrRequestMatcher - Trying to match using Ant [pattern='/**/favicon.ico']
565223 [http-nio-8080-exec-9] DEBUG o.s.s.w.u.m.AntPathRequestMatcher - Checking match of request : '/login'; against '/**/favicon.ico'
565223 [http-nio-8080-exec-9] DEBUG o.s.s.w.u.matcher.OrRequestMatcher - Trying to match using Ant [pattern='/error']
565223 [http-nio-8080-exec-9] DEBUG o.s.s.w.u.m.AntPathRequestMatcher - Checking match of request : '/login'; against '/error'
565223 [http-nio-8080-exec-9] DEBUG o.s.s.w.u.matcher.OrRequestMatcher - No matches found
565223 [http-nio-8080-exec-9] DEBUG o.s.security.web.FilterChainProxy - /login at position 1 of 12 in additional filter chain; firing Filter: 'WebAsyncManagerIntegrationFilter'
565224 [http-nio-8080-exec-9] DEBUG o.s.security.web.FilterChainProxy - /login at position 2 of 12 in additional filter chain; firing Filter: 'SecurityContextPersistenceFilter'
565224 [http-nio-8080-exec-9] DEBUG o.s.s.w.c.HttpSessionSecurityContextRepository - HttpSession returned null object for SPRING_SECURITY_CONTEXT
565224 [http-nio-8080-exec-9] DEBUG o.s.s.w.c.HttpSessionSecurityContextRepository - No SecurityContext was available from the HttpSession: org.apache.catalina.session.StandardSessionFacade@30689b56. A new one will be created.
565224 [http-nio-8080-exec-9] DEBUG o.s.security.web.FilterChainProxy - /login at position 3 of 12 in additional filter chain; firing Filter: 'HeaderWriterFilter'
565225 [http-nio-8080-exec-9] DEBUG o.s.s.w.h.writers.HstsHeaderWriter - Not injecting HSTS header since it did not match the requestMatcher org.springframework.security.web.header.writers.HstsHeaderWriter$SecureRequestMatcher@34571983
565225 [http-nio-8080-exec-9] DEBUG o.s.security.web.FilterChainProxy - /login at position 4 of 12 in additional filter chain; firing Filter: 'CsrfFilter'
565225 [http-nio-8080-exec-9] DEBUG o.s.security.web.FilterChainProxy - /login at position 5 of 12 in additional filter chain; firing Filter: 'LogoutFilter'
565225 [http-nio-8080-exec-9] DEBUG o.s.s.w.u.m.AntPathRequestMatcher - Request 'GET /login' doesn't match 'POST /logout
565225 [http-nio-8080-exec-9] DEBUG o.s.security.web.FilterChainProxy - /login at position 6 of 12 in additional filter chain; firing Filter: 'UsernamePasswordAuthenticationFilter'
565225 [http-nio-8080-exec-9] DEBUG o.s.s.w.u.m.AntPathRequestMatcher - Request 'GET /login' doesn't match 'POST /login
565225 [http-nio-8080-exec-9] DEBUG o.s.security.web.FilterChainProxy - /login at position 7 of 12 in additional filter chain; firing Filter: 'RequestCacheAwareFilter'
565226 [http-nio-8080-exec-9] DEBUG o.s.s.w.s.DefaultSavedRequest - pathInfo: both null (property equals)
565226 [http-nio-8080-exec-9] DEBUG o.s.s.w.s.DefaultSavedRequest - queryString: both null (property equals)
565226 [http-nio-8080-exec-9] DEBUG o.s.s.w.s.DefaultSavedRequest - requestURI: arg1=/jquery/jquery-2.1.3.js; arg2=/login (property not equals)
565226 [http-nio-8080-exec-9] DEBUG o.s.s.w.s.HttpSessionRequestCache - saved request doesn't match
565226 [http-nio-8080-exec-9] DEBUG o.s.security.web.FilterChainProxy - /login at position 8 of 12 in additional filter chain; firing Filter: 'SecurityContextHolderAwareRequestFilter'
565226 [http-nio-8080-exec-9] DEBUG o.s.security.web.FilterChainProxy - /login at position 9 of 12 in additional filter chain; firing Filter: 'AnonymousAuthenticationFilter'
565226 [http-nio-8080-exec-9] DEBUG o.s.s.w.a.AnonymousAuthenticationFilter - Populated SecurityContextHolder with anonymous token: 'org.springframework.security.authentication.AnonymousAuthenticationToken@6fabe8e0: Principal: anonymousUser; Credentials: [PROTECTED]; Authenticated: true; Details: org.springframework.security.web.authentication.WebAuthenticationDetails@fffe9938: RemoteIpAddress: 0:0:0:0:0:0:0:1; SessionId: 760D79BA12046463C13AD8F04AD89B62; Granted Authorities: ROLE_ANONYMOUS'
565226 [http-nio-8080-exec-9] DEBUG o.s.security.web.FilterChainProxy - /login at position 10 of 12 in additional filter chain; firing Filter: 'SessionManagementFilter'
565227 [http-nio-8080-exec-9] DEBUG o.s.security.web.FilterChainProxy - /login at position 11 of 12 in additional filter chain; firing Filter: 'ExceptionTranslationFilter'
565227 [http-nio-8080-exec-9] DEBUG o.s.security.web.FilterChainProxy - /login at position 12 of 12 in additional filter chain; firing Filter: 'FilterSecurityInterceptor'
565227 [http-nio-8080-exec-9] DEBUG o.s.s.w.a.i.FilterSecurityInterceptor - Secure object: FilterInvocation: URL: /login; Attributes: [permitAll]
565227 [http-nio-8080-exec-9] DEBUG o.s.s.w.a.i.FilterSecurityInterceptor - Previously Authenticated: org.springframework.security.authentication.AnonymousAuthenticationToken@6fabe8e0: Principal: anonymousUser; Credentials: [PROTECTED]; Authenticated: true; Details: org.springframework.security.web.authentication.WebAuthenticationDetails@fffe9938: RemoteIpAddress: 0:0:0:0:0:0:0:1; SessionId: 760D79BA12046463C13AD8F04AD89B62; Granted Authorities: ROLE_ANONYMOUS
565227 [http-nio-8080-exec-9] DEBUG o.s.s.access.vote.AffirmativeBased - Voter: org.springframework.security.web.access.expression.WebExpressionVoter@7155916d, returned: 1
565227 [http-nio-8080-exec-9] DEBUG o.s.s.w.a.i.FilterSecurityInterceptor - Authorization successful
565227 [http-nio-8080-exec-9] DEBUG o.s.s.w.a.i.FilterSecurityInterceptor - RunAsManager did not change Authentication object
565228 [http-nio-8080-exec-9] DEBUG o.s.security.web.FilterChainProxy - /login reached end of additional filter chain; proceeding with original chain
565232 [http-nio-8080-exec-9] DEBUG o.s.s.w.c.HttpSessionSecurityContextRepository - SecurityContext is empty or contents are anonymous - context will not be stored in HttpSession.
565233 [http-nio-8080-exec-9] DEBUG o.s.s.w.a.ExceptionTranslationFilter - Chain processed normally
565234 [http-nio-8080-exec-9] DEBUG o.s.s.w.c.SecurityContextPersistenceFilter - SecurityContextHolder now cleared, as request processing completed
565247 [http-nio-8080-exec-10] DEBUG o.s.s.w.u.matcher.OrRequestMatcher - Trying to match using Ant [pattern='/css/**']
565247 [http-nio-8080-exec-1] DEBUG o.s.s.w.u.matcher.OrRequestMatcher - Trying to match using Ant [pattern='/css/**']
565247 [http-nio-8080-exec-2] DEBUG o.s.s.w.u.matcher.OrRequestMatcher - Trying to match using Ant [pattern='/css/**']
565247 [http-nio-8080-exec-2] DEBUG o.s.s.w.u.m.AntPathRequestMatcher - Checking match of request : '/bootstrap/js/bootstrap.js'; against '/css/**'
565247 [http-nio-8080-exec-2] DEBUG o.s.s.w.u.matcher.OrRequestMatcher - Trying to match using Ant [pattern='/js/**']
565247 [http-nio-8080-exec-2] DEBUG o.s.s.w.u.m.AntPathRequestMatcher - Checking match of request : '/bootstrap/js/bootstrap.js'; against '/js/**'
565247 [http-nio-8080-exec-2] DEBUG o.s.s.w.u.matcher.OrRequestMatcher - Trying to match using Ant [pattern='/images/**']
565247 [http-nio-8080-exec-2] DEBUG o.s.s.w.u.m.AntPathRequestMatcher - Checking match of request : '/bootstrap/js/bootstrap.js'; against '/images/**'
565247 [http-nio-8080-exec-2] DEBUG o.s.s.w.u.matcher.OrRequestMatcher - Trying to match using Ant [pattern='/webjars/**']
565247 [http-nio-8080-exec-2] DEBUG o.s.s.w.u.m.AntPathRequestMatcher - Checking match of request : '/bootstrap/js/bootstrap.js'; against '/webjars/**'
565247 [http-nio-8080-exec-10] DEBUG o.s.s.w.u.m.AntPathRequestMatcher - Checking match of request : '/bootstrap/css/bootstrap.css'; against '/css/**'
565247 [http-nio-8080-exec-10] DEBUG o.s.s.w.u.matcher.OrRequestMatcher - Trying to match using Ant [pattern='/js/**']
565247 [http-nio-8080-exec-1] DEBUG o.s.s.w.u.m.AntPathRequestMatcher - Checking match of request : '/jquery/jquery-2.1.3.js'; against '/css/**'
565247 [http-nio-8080-exec-1] DEBUG o.s.s.w.u.matcher.OrRequestMatcher - Trying to match using Ant [pattern='/js/**']
565247 [http-nio-8080-exec-2] DEBUG o.s.s.w.u.matcher.OrRequestMatcher - Trying to match using Ant [pattern='/**/favicon.ico']
565247 [http-nio-8080-exec-2] DEBUG o.s.s.w.u.m.AntPathRequestMatcher - Checking match of request : '/bootstrap/js/bootstrap.js'; against '/**/favicon.ico'
565247 [http-nio-8080-exec-10] DEBUG o.s.s.w.u.m.AntPathRequestMatcher - Checking match of request : '/bootstrap/css/bootstrap.css'; against '/js/**'
565247 [http-nio-8080-exec-2] DEBUG o.s.s.w.u.matcher.OrRequestMatcher - Trying to match using Ant [pattern='/error']
565247 [http-nio-8080-exec-1] DEBUG o.s.s.w.u.m.AntPathRequestMatcher - Checking match of request : '/jquery/jquery-2.1.3.js'; against '/js/**'
565247 [http-nio-8080-exec-1] DEBUG o.s.s.w.u.matcher.OrRequestMatcher - Trying to match using Ant [pattern='/images/**']
565247 [http-nio-8080-exec-1] DEBUG o.s.s.w.u.m.AntPathRequestMatcher - Checking match of request : '/jquery/jquery-2.1.3.js'; against '/images/**'
565247 [http-nio-8080-exec-2] DEBUG o.s.s.w.u.m.AntPathRequestMatcher - Checking match of request : '/bootstrap/js/bootstrap.js'; against '/error'
565247 [http-nio-8080-exec-10] DEBUG o.s.s.w.u.matcher.OrRequestMatcher - Trying to match using Ant [pattern='/images/**']
565248 [http-nio-8080-exec-10] DEBUG o.s.s.w.u.m.AntPathRequestMatcher - Checking match of request : '/bootstrap/css/bootstrap.css'; against '/images/**'
565247 [http-nio-8080-exec-1] DEBUG o.s.s.w.u.matcher.OrRequestMatcher - Trying to match using Ant [pattern='/webjars/**']
565248 [http-nio-8080-exec-10] DEBUG o.s.s.w.u.matcher.OrRequestMatcher - Trying to match using Ant [pattern='/webjars/**']
565248 [http-nio-8080-exec-2] DEBUG o.s.s.w.u.matcher.OrRequestMatcher - No matches found
565248 [http-nio-8080-exec-1] DEBUG o.s.s.w.u.m.AntPathRequestMatcher - Checking match of request : '/jquery/jquery-2.1.3.js'; against '/webjars/**'
565248 [http-nio-8080-exec-2] DEBUG o.s.security.web.FilterChainProxy - /bootstrap/js/bootstrap.js at position 1 of 12 in additional filter chain; firing Filter: 'WebAsyncManagerIntegrationFilter'
565248 [http-nio-8080-exec-2] DEBUG o.s.security.web.FilterChainProxy - /bootstrap/js/bootstrap.js at position 2 of 12 in additional filter chain; firing Filter: 'SecurityContextPersistenceFilter'
565248 [http-nio-8080-exec-10] DEBUG o.s.s.w.u.m.AntPathRequestMatcher - Checking match of request : '/bootstrap/css/bootstrap.css'; against '/webjars/**'
565250 [http-nio-8080-exec-1] DEBUG o.s.s.w.u.matcher.OrRequestMatcher - Trying to match using Ant [pattern='/**/favicon.ico']
565250 [http-nio-8080-exec-10] DEBUG o.s.s.w.u.matcher.OrRequestMatcher - Trying to match using Ant [pattern='/**/favicon.ico']
565250 [http-nio-8080-exec-2] DEBUG o.s.s.w.c.HttpSessionSecurityContextRepository - HttpSession returned null object for SPRING_SECURITY_CONTEXT
565250 [http-nio-8080-exec-1] DEBUG o.s.s.w.u.m.AntPathRequestMatcher - Checking match of request : '/jquery/jquery-2.1.3.js'; against '/**/favicon.ico'
565250 [http-nio-8080-exec-1] DEBUG o.s.s.w.u.matcher.OrRequestMatcher - Trying to match using Ant [pattern='/error']
565250 [http-nio-8080-exec-10] DEBUG o.s.s.w.u.m.AntPathRequestMatcher - Checking match of request : '/bootstrap/css/bootstrap.css'; against '/**/favicon.ico'
565250 [http-nio-8080-exec-10] DEBUG o.s.s.w.u.matcher.OrRequestMatcher - Trying to match using Ant [pattern='/error']
565250 [http-nio-8080-exec-2] DEBUG o.s.s.w.c.HttpSessionSecurityContextRepository - No SecurityContext was available from the HttpSession: org.apache.catalina.session.StandardSessionFacade@30689b56. A new one will be created.
565250 [http-nio-8080-exec-1] DEBUG o.s.s.w.u.m.AntPathRequestMatcher - Checking match of request : '/jquery/jquery-2.1.3.js'; against '/error'
565250 [http-nio-8080-exec-2] DEBUG o.s.security.web.FilterChainProxy - /bootstrap/js/bootstrap.js at position 3 of 12 in additional filter chain; firing Filter: 'HeaderWriterFilter'
565250 [http-nio-8080-exec-10] DEBUG o.s.s.w.u.m.AntPathRequestMatcher - Checking match of request : '/bootstrap/css/bootstrap.css'; against '/error'
565250 [http-nio-8080-exec-1] DEBUG o.s.s.w.u.matcher.OrRequestMatcher - No matches found
565250 [http-nio-8080-exec-10] DEBUG o.s.s.w.u.matcher.OrRequestMatcher - No matches found
565250 [http-nio-8080-exec-2] DEBUG o.s.s.w.h.writers.HstsHeaderWriter - Not injecting HSTS header since it did not match the requestMatcher org.springframework.security.web.header.writers.HstsHeaderWriter$SecureRequestMatcher@34571983
565250 [http-nio-8080-exec-1] DEBUG o.s.security.web.FilterChainProxy - /jquery/jquery-2.1.3.js at position 1 of 12 in additional filter chain; firing Filter: 'WebAsyncManagerIntegrationFilter'
565250 [http-nio-8080-exec-2] DEBUG o.s.security.web.FilterChainProxy - /bootstrap/js/bootstrap.js at position 4 of 12 in additional filter chain; firing Filter: 'CsrfFilter'
565250 [http-nio-8080-exec-1] DEBUG o.s.security.web.FilterChainProxy - /jquery/jquery-2.1.3.js at position 2 of 12 in additional filter chain; firing Filter: 'SecurityContextPersistenceFilter'
565251 [http-nio-8080-exec-1] DEBUG o.s.s.w.c.HttpSessionSecurityContextRepository - HttpSession returned null object for SPRING_SECURITY_CONTEXT
565250 [http-nio-8080-exec-10] DEBUG o.s.security.web.FilterChainProxy - /bootstrap/css/bootstrap.css at position 1 of 12 in additional filter chain; firing Filter: 'WebAsyncManagerIntegrationFilter'
565251 [http-nio-8080-exec-1] DEBUG o.s.s.w.c.HttpSessionSecurityContextRepository - No SecurityContext was available from the HttpSession: org.apache.catalina.session.StandardSessionFacade@30689b56. A new one will be created.
565251 [http-nio-8080-exec-2] DEBUG o.s.security.web.FilterChainProxy - /bootstrap/js/bootstrap.js at position 5 of 12 in additional filter chain; firing Filter: 'LogoutFilter'
565251 [http-nio-8080-exec-10] DEBUG o.s.security.web.FilterChainProxy - /bootstrap/css/bootstrap.css at position 2 of 12 in additional filter chain; firing Filter: 'SecurityContextPersistenceFilter'
565251 [http-nio-8080-exec-1] DEBUG o.s.security.web.FilterChainProxy - /jquery/jquery-2.1.3.js at position 3 of 12 in additional filter chain; firing Filter: 'HeaderWriterFilter'
565251 [http-nio-8080-exec-10] DEBUG o.s.s.w.c.HttpSessionSecurityContextRepository - HttpSession returned null object for SPRING_SECURITY_CONTEXT
565251 [http-nio-8080-exec-10] DEBUG o.s.s.w.c.HttpSessionSecurityContextRepository - No SecurityContext was available from the HttpSession: org.apache.catalina.session.StandardSessionFacade@30689b56. A new one will be created.
565251 [http-nio-8080-exec-1] DEBUG o.s.s.w.h.writers.HstsHeaderWriter - Not injecting HSTS header since it did not match the requestMatcher org.springframework.security.web.header.writers.HstsHeaderWriter$SecureRequestMatcher@34571983
565251 [http-nio-8080-exec-10] DEBUG o.s.security.web.FilterChainProxy - /bootstrap/css/bootstrap.css at position 3 of 12 in additional filter chain; firing Filter: 'HeaderWriterFilter'
565251 [http-nio-8080-exec-2] DEBUG o.s.s.w.u.m.AntPathRequestMatcher - Request 'GET /bootstrap/js/bootstrap.js' doesn't match 'POST /logout
565251 [http-nio-8080-exec-2] DEBUG o.s.security.web.FilterChainProxy - /bootstrap/js/bootstrap.js at position 6 of 12 in additional filter chain; firing Filter: 'UsernamePasswordAuthenticationFilter'
565251 [http-nio-8080-exec-1] DEBUG o.s.security.web.FilterChainProxy - /jquery/jquery-2.1.3.js at position 4 of 12 in additional filter chain; firing Filter: 'CsrfFilter'
565251 [http-nio-8080-exec-2] DEBUG o.s.s.w.u.m.AntPathRequestMatcher - Request 'GET /bootstrap/js/bootstrap.js' doesn't match 'POST /login
565251 [http-nio-8080-exec-10] DEBUG o.s.s.w.h.writers.HstsHeaderWriter - Not injecting HSTS header since it did not match the requestMatcher org.springframework.security.web.header.writers.HstsHeaderWriter$SecureRequestMatcher@34571983
565251 [http-nio-8080-exec-1] DEBUG o.s.security.web.FilterChainProxy - /jquery/jquery-2.1.3.js at position 5 of 12 in additional filter chain; firing Filter: 'LogoutFilter'
565251 [http-nio-8080-exec-10] DEBUG o.s.security.web.FilterChainProxy - /bootstrap/css/bootstrap.css at position 4 of 12 in additional filter chain; firing Filter: 'CsrfFilter'
565251 [http-nio-8080-exec-1] DEBUG o.s.s.w.u.m.AntPathRequestMatcher - Request 'GET /jquery/jquery-2.1.3.js' doesn't match 'POST /logout
565251 [http-nio-8080-exec-2] DEBUG o.s.security.web.FilterChainProxy - /bootstrap/js/bootstrap.js at position 7 of 12 in additional filter chain; firing Filter: 'RequestCacheAwareFilter'
565251 [http-nio-8080-exec-2] DEBUG o.s.s.w.s.DefaultSavedRequest - pathInfo: both null (property equals)
565251 [http-nio-8080-exec-2] DEBUG o.s.s.w.s.DefaultSavedRequest - queryString: both null (property equals)
565251 [http-nio-8080-exec-2] DEBUG o.s.s.w.s.DefaultSavedRequest - requestURI: arg1=/jquery/jquery-2.1.3.js; arg2=/bootstrap/js/bootstrap.js (property not equals)
565251 [http-nio-8080-exec-2] DEBUG o.s.s.w.s.HttpSessionRequestCache - saved request doesn't match
565251 [http-nio-8080-exec-10] DEBUG o.s.security.web.FilterChainProxy - /bootstrap/css/bootstrap.css at position 5 of 12 in additional filter chain; firing Filter: 'LogoutFilter'
565251 [http-nio-8080-exec-1] DEBUG o.s.security.web.FilterChainProxy - /jquery/jquery-2.1.3.js at position 6 of 12 in additional filter chain; firing Filter: 'UsernamePasswordAuthenticationFilter'
565252 [http-nio-8080-exec-2] DEBUG o.s.security.web.FilterChainProxy - /bootstrap/js/bootstrap.js at position 8 of 12 in additional filter chain; firing Filter: 'SecurityContextHolderAwareRequestFilter'
565252 [http-nio-8080-exec-10] DEBUG o.s.s.w.u.m.AntPathRequestMatcher - Request 'GET /bootstrap/css/bootstrap.css' doesn't match 'POST /logout
565252 [http-nio-8080-exec-1] DEBUG o.s.s.w.u.m.AntPathRequestMatcher - Request 'GET /jquery/jquery-2.1.3.js' doesn't match 'POST /login
565252 [http-nio-8080-exec-2] DEBUG o.s.security.web.FilterChainProxy - /bootstrap/js/bootstrap.js at position 9 of 12 in additional filter chain; firing Filter: 'AnonymousAuthenticationFilter'
565252 [http-nio-8080-exec-10] DEBUG o.s.security.web.FilterChainProxy - /bootstrap/css/bootstrap.css at position 6 of 12 in additional filter chain; firing Filter: 'UsernamePasswordAuthenticationFilter'
565252 [http-nio-8080-exec-2] DEBUG o.s.s.w.a.AnonymousAuthenticationFilter - Populated SecurityContextHolder with anonymous token: 'org.springframework.security.authentication.AnonymousAuthenticationToken@6fabe8e0: Principal: anonymousUser; Credentials: [PROTECTED]; Authenticated: true; Details: org.springframework.security.web.authentication.WebAuthenticationDetails@fffe9938: RemoteIpAddress: 0:0:0:0:0:0:0:1; SessionId: 760D79BA12046463C13AD8F04AD89B62; Granted Authorities: ROLE_ANONYMOUS'
565252 [http-nio-8080-exec-1] DEBUG o.s.security.web.FilterChainProxy - /jquery/jquery-2.1.3.js at position 7 of 12 in additional filter chain; firing Filter: 'RequestCacheAwareFilter'
565252 [http-nio-8080-exec-10] DEBUG o.s.s.w.u.m.AntPathRequestMatcher - Request 'GET /bootstrap/css/bootstrap.css' doesn't match 'POST /login
565252 [http-nio-8080-exec-2] DEBUG o.s.security.web.FilterChainProxy - /bootstrap/js/bootstrap.js at position 10 of 12 in additional filter chain; firing Filter: 'SessionManagementFilter'
565252 [http-nio-8080-exec-10] DEBUG o.s.security.web.FilterChainProxy - /bootstrap/css/bootstrap.css at position 7 of 12 in additional filter chain; firing Filter: 'RequestCacheAwareFilter'
565252 [http-nio-8080-exec-1] DEBUG o.s.s.w.s.DefaultSavedRequest - pathInfo: both null (property equals)
565252 [http-nio-8080-exec-2] DEBUG o.s.security.web.FilterChainProxy - /bootstrap/js/bootstrap.js at position 11 of 12 in additional filter chain; firing Filter: 'ExceptionTranslationFilter'
565252 [http-nio-8080-exec-10] DEBUG o.s.s.w.s.DefaultSavedRequest - pathInfo: both null (property equals)
565252 [http-nio-8080-exec-1] DEBUG o.s.s.w.s.DefaultSavedRequest - queryString: both null (property equals)
565252 [http-nio-8080-exec-2] DEBUG o.s.security.web.FilterChainProxy - /bootstrap/js/bootstrap.js at position 12 of 12 in additional filter chain; firing Filter: 'FilterSecurityInterceptor'
565252 [http-nio-8080-exec-10] DEBUG o.s.s.w.s.DefaultSavedRequest - queryString: both null (property equals)
565252 [http-nio-8080-exec-1] DEBUG o.s.s.w.s.DefaultSavedRequest - requestURI: arg1=/jquery/jquery-2.1.3.js; arg2=/jquery/jquery-2.1.3.js (property equals)
565252 [http-nio-8080-exec-10] DEBUG o.s.s.w.s.DefaultSavedRequest - requestURI: arg1=/jquery/jquery-2.1.3.js; arg2=/bootstrap/css/bootstrap.css (property not equals)
565253 [http-nio-8080-exec-1] DEBUG o.s.s.w.s.DefaultSavedRequest - serverPort: arg1=8080; arg2=8080 (property equals)
565252 [http-nio-8080-exec-2] DEBUG o.s.s.w.u.m.AntPathRequestMatcher - Request 'GET /bootstrap/js/bootstrap.js' doesn't match 'POST /logout
565253 [http-nio-8080-exec-10] DEBUG o.s.s.w.s.HttpSessionRequestCache - saved request doesn't match
565253 [http-nio-8080-exec-1] DEBUG o.s.s.w.s.DefaultSavedRequest - requestURL: arg1=http://localhost:8080/jquery/jquery-2.1.3.js; arg2=http://localhost:8080/jquery/jquery-2.1.3.js (property equals)
565253 [http-nio-8080-exec-2] DEBUG o.s.s.w.u.m.AntPathRequestMatcher - Checking match of request : '/bootstrap/js/bootstrap.js'; against '/static/**'
565253 [http-nio-8080-exec-10] DEBUG o.s.security.web.FilterChainProxy - /bootstrap/css/bootstrap.css at position 8 of 12 in additional filter chain; firing Filter: 'SecurityContextHolderAwareRequestFilter'
565253 [http-nio-8080-exec-1] DEBUG o.s.s.w.s.DefaultSavedRequest - scheme: arg1=http; arg2=http (property equals)
565253 [http-nio-8080-exec-2] DEBUG o.s.s.w.a.i.FilterSecurityInterceptor - Secure object: FilterInvocation: URL: /bootstrap/js/bootstrap.js; Attributes: [authenticated]
565253 [http-nio-8080-exec-1] DEBUG o.s.s.w.s.DefaultSavedRequest - serverName: arg1=localhost; arg2=localhost (property equals)
565253 [http-nio-8080-exec-1] DEBUG o.s.s.w.s.DefaultSavedRequest - contextPath: arg1=; arg2= (property equals)
565253 [http-nio-8080-exec-1] DEBUG o.s.s.w.s.DefaultSavedRequest - servletPath: arg1=/jquery/jquery-2.1.3.js; arg2=/jquery/jquery-2.1.3.js (property equals)
565253 [http-nio-8080-exec-2] DEBUG o.s.s.w.a.i.FilterSecurityInterceptor - Previously Authenticated: org.springframework.security.authentication.AnonymousAuthenticationToken@6fabe8e0: Principal: anonymousUser; Credentials: [PROTECTED]; Authenticated: true; Details: org.springframework.security.web.authentication.WebAuthenticationDetails@fffe9938: RemoteIpAddress: 0:0:0:0:0:0:0:1; SessionId: 760D79BA12046463C13AD8F04AD89B62; Granted Authorities: ROLE_ANONYMOUS
565253 [http-nio-8080-exec-1] DEBUG o.s.s.w.s.HttpSessionRequestCache - Removing DefaultSavedRequest from session if present
565253 [http-nio-8080-exec-10] DEBUG o.s.security.web.FilterChainProxy - /bootstrap/css/bootstrap.css at position 9 of 12 in additional filter chain; firing Filter: 'AnonymousAuthenticationFilter'
565253 [http-nio-8080-exec-10] DEBUG o.s.s.w.a.AnonymousAuthenticationFilter - Populated SecurityContextHolder with anonymous token: 'org.springframework.security.authentication.AnonymousAuthenticationToken@6fabe8e0: Principal: anonymousUser; Credentials: [PROTECTED]; Authenticated: true; Details: org.springframework.security.web.authentication.WebAuthenticationDetails@fffe9938: RemoteIpAddress: 0:0:0:0:0:0:0:1; SessionId: 760D79BA12046463C13AD8F04AD89B62; Granted Authorities: ROLE_ANONYMOUS'
565253 [http-nio-8080-exec-10] DEBUG o.s.security.web.FilterChainProxy - /bootstrap/css/bootstrap.css at position 10 of 12 in additional filter chain; firing Filter: 'SessionManagementFilter'
565253 [http-nio-8080-exec-2] DEBUG o.s.s.access.vote.AffirmativeBased - Voter: org.springframework.security.web.access.expression.WebExpressionVoter@7155916d, returned: -1
565253 [http-nio-8080-exec-10] DEBUG o.s.security.web.FilterChainProxy - /bootstrap/css/bootstrap.css at position 11 of 12 in additional filter chain; firing Filter: 'ExceptionTranslationFilter'
565254 [http-nio-8080-exec-10] DEBUG o.s.security.web.FilterChainProxy - /bootstrap/css/bootstrap.css at position 12 of 12 in additional filter chain; firing Filter: 'FilterSecurityInterceptor'
565254 [http-nio-8080-exec-1] DEBUG o.s.security.web.FilterChainProxy - /jquery/jquery-2.1.3.js at position 8 of 12 in additional filter chain; firing Filter: 'SecurityContextHolderAwareRequestFilter'
565254 [http-nio-8080-exec-10] DEBUG o.s.s.w.u.m.AntPathRequestMatcher - Request 'GET /bootstrap/css/bootstrap.css' doesn't match 'POST /logout
565254 [http-nio-8080-exec-10] DEBUG o.s.s.w.u.m.AntPathRequestMatcher - Checking match of request : '/bootstrap/css/bootstrap.css'; against '/static/**'
565254 [http-nio-8080-exec-1] DEBUG o.s.security.web.FilterChainProxy - /jquery/jquery-2.1.3.js at position 9 of 12 in additional filter chain; firing Filter: 'AnonymousAuthenticationFilter'
565254 [http-nio-8080-exec-10] DEBUG o.s.s.w.a.i.FilterSecurityInterceptor - Secure object: FilterInvocation: URL: /bootstrap/css/bootstrap.css; Attributes: [authenticated]
565254 [http-nio-8080-exec-10] DEBUG o.s.s.w.a.i.FilterSecurityInterceptor - Previously Authenticated: org.springframework.security.authentication.AnonymousAuthenticationToken@6fabe8e0: Principal: anonymousUser; Credentials: [PROTECTED]; Authenticated: true; Details: org.springframework.security.web.authentication.WebAuthenticationDetails@fffe9938: RemoteIpAddress: 0:0:0:0:0:0:0:1; SessionId: 760D79BA12046463C13AD8F04AD89B62; Granted Authorities: ROLE_ANONYMOUS
565254 [http-nio-8080-exec-1] DEBUG o.s.s.w.a.AnonymousAuthenticationFilter - Populated SecurityContextHolder with anonymous token: 'org.springframework.security.authentication.AnonymousAuthenticationToken@6fabe8e0: Principal: anonymousUser; Credentials: [PROTECTED]; Authenticated: true; Details: org.springframework.security.web.authentication.WebAuthenticationDetails@fffe9938: RemoteIpAddress: 0:0:0:0:0:0:0:1; SessionId: 760D79BA12046463C13AD8F04AD89B62; Granted Authorities: ROLE_ANONYMOUS'
565254 [http-nio-8080-exec-1] DEBUG o.s.security.web.FilterChainProxy - /jquery/jquery-2.1.3.js at position 10 of 12 in additional filter chain; firing Filter: 'SessionManagementFilter'
565254 [http-nio-8080-exec-2] DEBUG o.s.s.w.a.ExceptionTranslationFilter - Access is denied (user is anonymous); redirecting to authentication entry point
org.springframework.security.access.AccessDeniedException: Access is denied
	at org.springframework.security.access.vote.AffirmativeBased.decide(AffirmativeBased.java:84)
	at org.springframework.security.access.intercept.AbstractSecurityInterceptor.beforeInvocation(AbstractSecurityInterceptor.java:233)
	at org.springframework.security.web.access.intercept.FilterSecurityInterceptor.invoke(FilterSecurityInterceptor.java:124)
	at org.springframework.security.web.access.intercept.FilterSecurityInterceptor.doFilter(FilterSecurityInterceptor.java:91)
	at org.springframework.security.web.FilterChainProxy$VirtualFilterChain.doFilter(FilterChainProxy.java:331)
	at org.springframework.security.web.access.ExceptionTranslationFilter.doFilter(ExceptionTranslationFilter.java:114)
	at org.springframework.security.web.FilterChainProxy$VirtualFilterChain.doFilter(FilterChainProxy.java:331)
	at org.springframework.security.web.session.SessionManagementFilter.doFilter(SessionManagementFilter.java:137)
	at org.springframework.security.web.FilterChainProxy$VirtualFilterChain.doFilter(FilterChainProxy.java:331)
	at org.springframework.security.web.authentication.AnonymousAuthenticationFilter.doFilter(AnonymousAuthenticationFilter.java:111)
	at org.springframework.security.web.FilterChainProxy$VirtualFilterChain.doFilter(FilterChainProxy.java:331)
	at org.springframework.security.web.servletapi.SecurityContextHolderAwareRequestFilter.doFilter(SecurityContextHolderAwareRequestFilter.java:170)
	at org.springframework.security.web.FilterChainProxy$VirtualFilterChain.doFilter(FilterChainProxy.java:331)
	at org.springframework.security.web.savedrequest.RequestCacheAwareFilter.doFilter(RequestCacheAwareFilter.java:63)
	at org.springframework.security.web.FilterChainProxy$VirtualFilterChain.doFilter(FilterChainProxy.java:331)
	at org.springframework.security.web.authentication.AbstractAuthenticationProcessingFilter.doFilter(AbstractAuthenticationProcessingFilter.java:200)
	at org.springframework.security.web.FilterChainProxy$VirtualFilterChain.doFilter(FilterChainProxy.java:331)
	at org.springframework.security.web.authentication.logout.LogoutFilter.doFilter(LogoutFilter.java:116)
	at org.springframework.security.web.FilterChainProxy$VirtualFilterChain.doFilter(FilterChainProxy.java:331)
	at org.springframework.security.web.csrf.CsrfFilter.doFilterInternal(CsrfFilter.java:100)
	at org.springframework.web.filter.OncePerRequestFilter.doFilter(OncePerRequestFilter.java:107)
	at org.springframework.security.web.FilterChainProxy$VirtualFilterChain.doFilter(FilterChainProxy.java:331)
	at org.springframework.security.web.header.HeaderWriterFilter.doFilterInternal(HeaderWriterFilter.java:64)
	at org.springframework.web.filter.OncePerRequestFilter.doFilter(OncePerRequestFilter.java:107)
	at org.springframework.security.web.FilterChainProxy$VirtualFilterChain.doFilter(FilterChainProxy.java:331)
	at org.springframework.security.web.context.SecurityContextPersistenceFilter.doFilter(SecurityContextPersistenceFilter.java:105)
	at org.springframework.security.web.FilterChainProxy$VirtualFilterChain.doFilter(FilterChainProxy.java:331)
	at org.springframework.security.web.context.request.async.WebAsyncManagerIntegrationFilter.doFilterInternal(WebAsyncManagerIntegrationFilter.java:56)
	at org.springframework.web.filter.OncePerRequestFilter.doFilter(OncePerRequestFilter.java:107)
	at org.springframework.security.web.FilterChainProxy$VirtualFilterChain.doFilter(FilterChainProxy.java:331)
	at org.springframework.security.web.FilterChainProxy.doFilterInternal(FilterChainProxy.java:214)
	at org.springframework.security.web.FilterChainProxy.doFilter(FilterChainProxy.java:177)
	at org.springframework.web.filter.DelegatingFilterProxy.invokeDelegate(DelegatingFilterProxy.java:347)
	at org.springframework.web.filter.DelegatingFilterProxy.doFilter(DelegatingFilterProxy.java:263)
	at org.apache.catalina.core.ApplicationFilterChain.internalDoFilter(ApplicationFilterChain.java:193)
	at org.apache.catalina.core.ApplicationFilterChain.doFilter(ApplicationFilterChain.java:166)
	at org.springframework.web.filter.RequestContextFilter.doFilterInternal(RequestContextFilter.java:99)
	at org.springframework.web.filter.OncePerRequestFilter.doFilter(OncePerRequestFilter.java:107)
	at org.apache.catalina.core.ApplicationFilterChain.internalDoFilter(ApplicationFilterChain.java:193)
	at org.apache.catalina.core.ApplicationFilterChain.doFilter(ApplicationFilterChain.java:166)
	at org.springframework.web.filter.HttpPutFormContentFilter.doFilterInternal(HttpPutFormContentFilter.java:108)
	at org.springframework.web.filter.OncePerRequestFilter.doFilter(OncePerRequestFilter.java:107)
	at org.apache.catalina.core.ApplicationFilterChain.internalDoFilter(ApplicationFilterChain.java:193)
	at org.apache.catalina.core.ApplicationFilterChain.doFilter(ApplicationFilterChain.java:166)
	at org.springframework.web.filter.HiddenHttpMethodFilter.doFilterInternal(HiddenHttpMethodFilter.java:81)
	at org.springframework.web.filter.OncePerRequestFilter.doFilter(OncePerRequestFilter.java:107)
	at org.apache.catalina.core.ApplicationFilterChain.internalDoFilter(ApplicationFilterChain.java:193)
	at org.apache.catalina.core.ApplicationFilterChain.doFilter(ApplicationFilterChain.java:166)
	at org.springframework.web.filter.CharacterEncodingFilter.doFilterInternal(CharacterEncodingFilter.java:197)
	at org.springframework.web.filter.OncePerRequestFilter.doFilter(OncePerRequestFilter.java:107)
	at org.apache.catalina.core.ApplicationFilterChain.internalDoFilter(ApplicationFilterChain.java:193)
	at org.apache.catalina.core.ApplicationFilterChain.doFilter(ApplicationFilterChain.java:166)
	at org.apache.catalina.core.StandardWrapperValve.invoke(StandardWrapperValve.java:199)
	at org.apache.catalina.core.StandardContextValve.invoke(StandardContextValve.java:96)
	at org.apache.catalina.authenticator.AuthenticatorBase.invoke(AuthenticatorBase.java:478)
	at org.apache.catalina.core.StandardHostValve.invoke(StandardHostValve.java:140)
	at org.apache.catalina.valves.ErrorReportValve.invoke(ErrorReportValve.java:81)
	at org.apache.catalina.core.StandardEngineValve.invoke(StandardEngineValve.java:87)
	at org.apache.catalina.connector.CoyoteAdapter.service(CoyoteAdapter.java:342)
	at org.apache.coyote.http11.Http11Processor.service(Http11Processor.java:803)
	at org.apache.coyote.AbstractProcessorLight.process(AbstractProcessorLight.java:66)
	at org.apache.coyote.AbstractProtocol$ConnectionHandler.process(AbstractProtocol.java:868)
	at org.apache.tomcat.util.net.NioEndpoint$SocketProcessor.doRun(NioEndpoint.java:1459)
	at org.apache.tomcat.util.net.SocketProcessorBase.run(SocketProcessorBase.java:49)
	at java.util.concurrent.ThreadPoolExecutor.runWorker(ThreadPoolExecutor.java:1149)
	at java.util.concurrent.ThreadPoolExecutor$Worker.run(ThreadPoolExecutor.java:624)
	at org.apache.tomcat.util.threads.TaskThread$WrappingRunnable.run(TaskThread.java:61)
	at java.lang.Thread.run(Thread.java:748)
565254 [http-nio-8080-exec-1] DEBUG o.s.security.web.FilterChainProxy - /jquery/jquery-2.1.3.js at position 11 of 12 in additional filter chain; firing Filter: 'ExceptionTranslationFilter'
565254 [http-nio-8080-exec-10] DEBUG o.s.s.access.vote.AffirmativeBased - Voter: org.springframework.security.web.access.expression.WebExpressionVoter@7155916d, returned: -1
565255 [http-nio-8080-exec-2] DEBUG o.s.s.w.u.matcher.AndRequestMatcher - Trying to match using Ant [pattern='/**', GET]
565255 [http-nio-8080-exec-1] DEBUG o.s.security.web.FilterChainProxy - /jquery/jquery-2.1.3.js at position 12 of 12 in additional filter chain; firing Filter: 'FilterSecurityInterceptor'
565255 [http-nio-8080-exec-2] DEBUG o.s.s.w.u.m.AntPathRequestMatcher - Request '/bootstrap/js/bootstrap.js' matched by universal pattern '/**'
565255 [http-nio-8080-exec-1] DEBUG o.s.s.w.u.m.AntPathRequestMatcher - Request 'GET /jquery/jquery-2.1.3.js' doesn't match 'POST /logout
565255 [http-nio-8080-exec-1] DEBUG o.s.s.w.u.m.AntPathRequestMatcher - Checking match of request : '/jquery/jquery-2.1.3.js'; against '/static/**'
565255 [http-nio-8080-exec-2] DEBUG o.s.s.w.u.matcher.AndRequestMatcher - Trying to match using NegatedRequestMatcher [requestMatcher=Ant [pattern='/**/favicon.ico']]
565255 [http-nio-8080-exec-2] DEBUG o.s.s.w.u.m.AntPathRequestMatcher - Checking match of request : '/bootstrap/js/bootstrap.js'; against '/**/favicon.ico'
565255 [http-nio-8080-exec-1] DEBUG o.s.s.w.a.i.FilterSecurityInterceptor - Secure object: FilterInvocation: URL: /jquery/jquery-2.1.3.js; Attributes: [authenticated]
565255 [http-nio-8080-exec-2] DEBUG o.s.s.w.u.m.NegatedRequestMatcher - matches = true
565255 [http-nio-8080-exec-1] DEBUG o.s.s.w.a.i.FilterSecurityInterceptor - Previously Authenticated: org.springframework.security.authentication.AnonymousAuthenticationToken@6fabe8e0: Principal: anonymousUser; Credentials: [PROTECTED]; Authenticated: true; Details: org.springframework.security.web.authentication.WebAuthenticationDetails@fffe9938: RemoteIpAddress: 0:0:0:0:0:0:0:1; SessionId: 760D79BA12046463C13AD8F04AD89B62; Granted Authorities: ROLE_ANONYMOUS
565255 [http-nio-8080-exec-10] DEBUG o.s.s.w.a.ExceptionTranslationFilter - Access is denied (user is anonymous); redirecting to authentication entry point
org.springframework.security.access.AccessDeniedException: Access is denied
	at org.springframework.security.access.vote.AffirmativeBased.decide(AffirmativeBased.java:84)
	at org.springframework.security.access.intercept.AbstractSecurityInterceptor.beforeInvocation(AbstractSecurityInterceptor.java:233)
	at org.springframework.security.web.access.intercept.FilterSecurityInterceptor.invoke(FilterSecurityInterceptor.java:124)
	at org.springframework.security.web.access.intercept.FilterSecurityInterceptor.doFilter(FilterSecurityInterceptor.java:91)
	at org.springframework.security.web.FilterChainProxy$VirtualFilterChain.doFilter(FilterChainProxy.java:331)
	at org.springframework.security.web.access.ExceptionTranslationFilter.doFilter(ExceptionTranslationFilter.java:114)
	at org.springframework.security.web.FilterChainProxy$VirtualFilterChain.doFilter(FilterChainProxy.java:331)
	at org.springframework.security.web.session.SessionManagementFilter.doFilter(SessionManagementFilter.java:137)
	at org.springframework.security.web.FilterChainProxy$VirtualFilterChain.doFilter(FilterChainProxy.java:331)
	at org.springframework.security.web.authentication.AnonymousAuthenticationFilter.doFilter(AnonymousAuthenticationFilter.java:111)
	at org.springframework.security.web.FilterChainProxy$VirtualFilterChain.doFilter(FilterChainProxy.java:331)
	at org.springframework.security.web.servletapi.SecurityContextHolderAwareRequestFilter.doFilter(SecurityContextHolderAwareRequestFilter.java:170)
	at org.springframework.security.web.FilterChainProxy$VirtualFilterChain.doFilter(FilterChainProxy.java:331)
	at org.springframework.security.web.savedrequest.RequestCacheAwareFilter.doFilter(RequestCacheAwareFilter.java:63)
	at org.springframework.security.web.FilterChainProxy$VirtualFilterChain.doFilter(FilterChainProxy.java:331)
	at org.springframework.security.web.authentication.AbstractAuthenticationProcessingFilter.doFilter(AbstractAuthenticationProcessingFilter.java:200)
	at org.springframework.security.web.FilterChainProxy$VirtualFilterChain.doFilter(FilterChainProxy.java:331)
	at org.springframework.security.web.authentication.logout.LogoutFilter.doFilter(LogoutFilter.java:116)
	at org.springframework.security.web.FilterChainProxy$VirtualFilterChain.doFilter(FilterChainProxy.java:331)
	at org.springframework.security.web.csrf.CsrfFilter.doFilterInternal(CsrfFilter.java:100)
	at org.springframework.web.filter.OncePerRequestFilter.doFilter(OncePerRequestFilter.java:107)
	at org.springframework.security.web.FilterChainProxy$VirtualFilterChain.doFilter(FilterChainProxy.java:331)
	at org.springframework.security.web.header.HeaderWriterFilter.doFilterInternal(HeaderWriterFilter.java:64)
	at org.springframework.web.filter.OncePerRequestFilter.doFilter(OncePerRequestFilter.java:107)
	at org.springframework.security.web.FilterChainProxy$VirtualFilterChain.doFilter(FilterChainProxy.java:331)
	at org.springframework.security.web.context.SecurityContextPersistenceFilter.doFilter(SecurityContextPersistenceFilter.java:105)
	at org.springframework.security.web.FilterChainProxy$VirtualFilterChain.doFilter(FilterChainProxy.java:331)
	at org.springframework.security.web.context.request.async.WebAsyncManagerIntegrationFilter.doFilterInternal(WebAsyncManagerIntegrationFilter.java:56)
	at org.springframework.web.filter.OncePerRequestFilter.doFilter(OncePerRequestFilter.java:107)
	at org.springframework.security.web.FilterChainProxy$VirtualFilterChain.doFilter(FilterChainProxy.java:331)
	at org.springframework.security.web.FilterChainProxy.doFilterInternal(FilterChainProxy.java:214)
	at org.springframework.security.web.FilterChainProxy.doFilter(FilterChainProxy.java:177)
	at org.springframework.web.filter.DelegatingFilterProxy.invokeDelegate(DelegatingFilterProxy.java:347)
	at org.springframework.web.filter.DelegatingFilterProxy.doFilter(DelegatingFilterProxy.java:263)
	at org.apache.catalina.core.ApplicationFilterChain.internalDoFilter(ApplicationFilterChain.java:193)
	at org.apache.catalina.core.ApplicationFilterChain.doFilter(ApplicationFilterChain.java:166)
	at org.springframework.web.filter.RequestContextFilter.doFilterInternal(RequestContextFilter.java:99)
	at org.springframework.web.filter.OncePerRequestFilter.doFilter(OncePerRequestFilter.java:107)
	at org.apache.catalina.core.ApplicationFilterChain.internalDoFilter(ApplicationFilterChain.java:193)
	at org.apache.catalina.core.ApplicationFilterChain.doFilter(ApplicationFilterChain.java:166)
	at org.springframework.web.filter.HttpPutFormContentFilter.doFilterInternal(HttpPutFormContentFilter.java:108)
	at org.springframework.web.filter.OncePerRequestFilter.doFilter(OncePerRequestFilter.java:107)
	at org.apache.catalina.core.ApplicationFilterChain.internalDoFilter(ApplicationFilterChain.java:193)
	at org.apache.catalina.core.ApplicationFilterChain.doFilter(ApplicationFilterChain.java:166)
	at org.springframework.web.filter.HiddenHttpMethodFilter.doFilterInternal(HiddenHttpMethodFilter.java:81)
	at org.springframework.web.filter.OncePerRequestFilter.doFilter(OncePerRequestFilter.java:107)
	at org.apache.catalina.core.ApplicationFilterChain.internalDoFilter(ApplicationFilterChain.java:193)
	at org.apache.catalina.core.ApplicationFilterChain.doFilter(ApplicationFilterChain.java:166)
	at org.springframework.web.filter.CharacterEncodingFilter.doFilterInternal(CharacterEncodingFilter.java:197)
	at org.springframework.web.filter.OncePerRequestFilter.doFilter(OncePerRequestFilter.java:107)
	at org.apache.catalina.core.ApplicationFilterChain.internalDoFilter(ApplicationFilterChain.java:193)
	at org.apache.catalina.core.ApplicationFilterChain.doFilter(ApplicationFilterChain.java:166)
	at org.apache.catalina.core.StandardWrapperValve.invoke(StandardWrapperValve.java:199)
	at org.apache.catalina.core.StandardContextValve.invoke(StandardContextValve.java:96)
	at org.apache.catalina.authenticator.AuthenticatorBase.invoke(AuthenticatorBase.java:478)
	at org.apache.catalina.core.StandardHostValve.invoke(StandardHostValve.java:140)
	at org.apache.catalina.valves.ErrorReportValve.invoke(ErrorReportValve.java:81)
	at org.apache.catalina.core.StandardEngineValve.invoke(StandardEngineValve.java:87)
	at org.apache.catalina.connector.CoyoteAdapter.service(CoyoteAdapter.java:342)
	at org.apache.coyote.http11.Http11Processor.service(Http11Processor.java:803)
	at org.apache.coyote.AbstractProcessorLight.process(AbstractProcessorLight.java:66)
	at org.apache.coyote.AbstractProtocol$ConnectionHandler.process(AbstractProtocol.java:868)
	at org.apache.tomcat.util.net.NioEndpoint$SocketProcessor.doRun(NioEndpoint.java:1459)
	at org.apache.tomcat.util.net.SocketProcessorBase.run(SocketProcessorBase.java:49)
	at java.util.concurrent.ThreadPoolExecutor.runWorker(ThreadPoolExecutor.java:1149)
	at java.util.concurrent.ThreadPoolExecutor$Worker.run(ThreadPoolExecutor.java:624)
	at org.apache.tomcat.util.threads.TaskThread$WrappingRunnable.run(TaskThread.java:61)
	at java.lang.Thread.run(Thread.java:748)
565255 [http-nio-8080-exec-2] DEBUG o.s.s.w.u.matcher.AndRequestMatcher - Trying to match using NegatedRequestMatcher [requestMatcher=MediaTypeRequestMatcher [contentNegotiationStrategy=org.springframework.web.accept.ContentNegotiationManager@34a84d5e, matchingMediaTypes=[application/json], useEquals=false, ignoredMediaTypes=[*/*]]]
565255 [http-nio-8080-exec-1] DEBUG o.s.s.access.vote.AffirmativeBased - Voter: org.springframework.security.web.access.expression.WebExpressionVoter@7155916d, returned: -1
565256 [http-nio-8080-exec-10] DEBUG o.s.s.w.u.matcher.AndRequestMatcher - Trying to match using Ant [pattern='/**', GET]
565256 [http-nio-8080-exec-2] DEBUG o.s.s.w.u.m.MediaTypeRequestMatcher - httpRequestMediaTypes=[application/javascript]
565256 [http-nio-8080-exec-2] DEBUG o.s.s.w.u.m.MediaTypeRequestMatcher - Processing application/javascript
565256 [http-nio-8080-exec-10] DEBUG o.s.s.w.u.m.AntPathRequestMatcher - Request '/bootstrap/css/bootstrap.css' matched by universal pattern '/**'
565256 [http-nio-8080-exec-2] DEBUG o.s.s.w.u.m.MediaTypeRequestMatcher - application/json .isCompatibleWith application/javascript = false
565256 [http-nio-8080-exec-10] DEBUG o.s.s.w.u.matcher.AndRequestMatcher - Trying to match using NegatedRequestMatcher [requestMatcher=Ant [pattern='/**/favicon.ico']]
565256 [http-nio-8080-exec-2] DEBUG o.s.s.w.u.m.MediaTypeRequestMatcher - Did not match any media types
565256 [http-nio-8080-exec-10] DEBUG o.s.s.w.u.m.AntPathRequestMatcher - Checking match of request : '/bootstrap/css/bootstrap.css'; against '/**/favicon.ico'
565256 [http-nio-8080-exec-2] DEBUG o.s.s.w.u.m.NegatedRequestMatcher - matches = true
565256 [http-nio-8080-exec-10] DEBUG o.s.s.w.u.m.NegatedRequestMatcher - matches = true
565256 [http-nio-8080-exec-2] DEBUG o.s.s.w.u.matcher.AndRequestMatcher - Trying to match using NegatedRequestMatcher [requestMatcher=RequestHeaderRequestMatcher [expectedHeaderName=X-Requested-With, expectedHeaderValue=XMLHttpRequest]]
565256 [http-nio-8080-exec-10] DEBUG o.s.s.w.u.matcher.AndRequestMatcher - Trying to match using NegatedRequestMatcher [requestMatcher=MediaTypeRequestMatcher [contentNegotiationStrategy=org.springframework.web.accept.ContentNegotiationManager@34a84d5e, matchingMediaTypes=[application/json], useEquals=false, ignoredMediaTypes=[*/*]]]
565256 [http-nio-8080-exec-1] DEBUG o.s.s.w.a.ExceptionTranslationFilter - Access is denied (user is anonymous); redirecting to authentication entry point
org.springframework.security.access.AccessDeniedException: Access is denied
	at org.springframework.security.access.vote.AffirmativeBased.decide(AffirmativeBased.java:84)
	at org.springframework.security.access.intercept.AbstractSecurityInterceptor.beforeInvocation(AbstractSecurityInterceptor.java:233)
	at org.springframework.security.web.access.intercept.FilterSecurityInterceptor.invoke(FilterSecurityInterceptor.java:124)
	at org.springframework.security.web.access.intercept.FilterSecurityInterceptor.doFilter(FilterSecurityInterceptor.java:91)
	at org.springframework.security.web.FilterChainProxy$VirtualFilterChain.doFilter(FilterChainProxy.java:331)
	at org.springframework.security.web.access.ExceptionTranslationFilter.doFilter(ExceptionTranslationFilter.java:114)
	at org.springframework.security.web.FilterChainProxy$VirtualFilterChain.doFilter(FilterChainProxy.java:331)
	at org.springframework.security.web.session.SessionManagementFilter.doFilter(SessionManagementFilter.java:137)
	at org.springframework.security.web.FilterChainProxy$VirtualFilterChain.doFilter(FilterChainProxy.java:331)
	at org.springframework.security.web.authentication.AnonymousAuthenticationFilter.doFilter(AnonymousAuthenticationFilter.java:111)
	at org.springframework.security.web.FilterChainProxy$VirtualFilterChain.doFilter(FilterChainProxy.java:331)
	at org.springframework.security.web.servletapi.SecurityContextHolderAwareRequestFilter.doFilter(SecurityContextHolderAwareRequestFilter.java:170)
	at org.springframework.security.web.FilterChainProxy$VirtualFilterChain.doFilter(FilterChainProxy.java:331)
	at org.springframework.security.web.savedrequest.RequestCacheAwareFilter.doFilter(RequestCacheAwareFilter.java:63)
	at org.springframework.security.web.FilterChainProxy$VirtualFilterChain.doFilter(FilterChainProxy.java:331)
	at org.springframework.security.web.authentication.AbstractAuthenticationProcessingFilter.doFilter(AbstractAuthenticationProcessingFilter.java:200)
	at org.springframework.security.web.FilterChainProxy$VirtualFilterChain.doFilter(FilterChainProxy.java:331)
	at org.springframework.security.web.authentication.logout.LogoutFilter.doFilter(LogoutFilter.java:116)
	at org.springframework.security.web.FilterChainProxy$VirtualFilterChain.doFilter(FilterChainProxy.java:331)
	at org.springframework.security.web.csrf.CsrfFilter.doFilterInternal(CsrfFilter.java:100)
	at org.springframework.web.filter.OncePerRequestFilter.doFilter(OncePerRequestFilter.java:107)
	at org.springframework.security.web.FilterChainProxy$VirtualFilterChain.doFilter(FilterChainProxy.java:331)
	at org.springframework.security.web.header.HeaderWriterFilter.doFilterInternal(HeaderWriterFilter.java:64)
	at org.springframework.web.filter.OncePerRequestFilter.doFilter(OncePerRequestFilter.java:107)
	at org.springframework.security.web.FilterChainProxy$VirtualFilterChain.doFilter(FilterChainProxy.java:331)
	at org.springframework.security.web.context.SecurityContextPersistenceFilter.doFilter(SecurityContextPersistenceFilter.java:105)
	at org.springframework.security.web.FilterChainProxy$VirtualFilterChain.doFilter(FilterChainProxy.java:331)
	at org.springframework.security.web.context.request.async.WebAsyncManagerIntegrationFilter.doFilterInternal(WebAsyncManagerIntegrationFilter.java:56)
	at org.springframework.web.filter.OncePerRequestFilter.doFilter(OncePerRequestFilter.java:107)
	at org.springframework.security.web.FilterChainProxy$VirtualFilterChain.doFilter(FilterChainProxy.java:331)
	at org.springframework.security.web.FilterChainProxy.doFilterInternal(FilterChainProxy.java:214)
	at org.springframework.security.web.FilterChainProxy.doFilter(FilterChainProxy.java:177)
	at org.springframework.web.filter.DelegatingFilterProxy.invokeDelegate(DelegatingFilterProxy.java:347)
	at org.springframework.web.filter.DelegatingFilterProxy.doFilter(DelegatingFilterProxy.java:263)
	at org.apache.catalina.core.ApplicationFilterChain.internalDoFilter(ApplicationFilterChain.java:193)
	at org.apache.catalina.core.ApplicationFilterChain.doFilter(ApplicationFilterChain.java:166)
	at org.springframework.web.filter.RequestContextFilter.doFilterInternal(RequestContextFilter.java:99)
	at org.springframework.web.filter.OncePerRequestFilter.doFilter(OncePerRequestFilter.java:107)
	at org.apache.catalina.core.ApplicationFilterChain.internalDoFilter(ApplicationFilterChain.java:193)
	at org.apache.catalina.core.ApplicationFilterChain.doFilter(ApplicationFilterChain.java:166)
	at org.springframework.web.filter.HttpPutFormContentFilter.doFilterInternal(HttpPutFormContentFilter.java:108)
	at org.springframework.web.filter.OncePerRequestFilter.doFilter(OncePerRequestFilter.java:107)
	at org.apache.catalina.core.ApplicationFilterChain.internalDoFilter(ApplicationFilterChain.java:193)
	at org.apache.catalina.core.ApplicationFilterChain.doFilter(ApplicationFilterChain.java:166)
	at org.springframework.web.filter.HiddenHttpMethodFilter.doFilterInternal(HiddenHttpMethodFilter.java:81)
	at org.springframework.web.filter.OncePerRequestFilter.doFilter(OncePerRequestFilter.java:107)
	at org.apache.catalina.core.ApplicationFilterChain.internalDoFilter(ApplicationFilterChain.java:193)
	at org.apache.catalina.core.ApplicationFilterChain.doFilter(ApplicationFilterChain.java:166)
	at org.springframework.web.filter.CharacterEncodingFilter.doFilterInternal(CharacterEncodingFilter.java:197)
	at org.springframework.web.filter.OncePerRequestFilter.doFilter(OncePerRequestFilter.java:107)
	at org.apache.catalina.core.ApplicationFilterChain.internalDoFilter(ApplicationFilterChain.java:193)
	at org.apache.catalina.core.ApplicationFilterChain.doFilter(ApplicationFilterChain.java:166)
	at org.apache.catalina.core.StandardWrapperValve.invoke(StandardWrapperValve.java:199)
	at org.apache.catalina.core.StandardContextValve.invoke(StandardContextValve.java:96)
	at org.apache.catalina.authenticator.AuthenticatorBase.invoke(AuthenticatorBase.java:478)
	at org.apache.catalina.core.StandardHostValve.invoke(StandardHostValve.java:140)
	at org.apache.catalina.valves.ErrorReportValve.invoke(ErrorReportValve.java:81)
	at org.apache.catalina.core.StandardEngineValve.invoke(StandardEngineValve.java:87)
	at org.apache.catalina.connector.CoyoteAdapter.service(CoyoteAdapter.java:342)
	at org.apache.coyote.http11.Http11Processor.service(Http11Processor.java:803)
	at org.apache.coyote.AbstractProcessorLight.process(AbstractProcessorLight.java:66)
	at org.apache.coyote.AbstractProtocol$ConnectionHandler.process(AbstractProtocol.java:868)
	at org.apache.tomcat.util.net.NioEndpoint$SocketProcessor.doRun(NioEndpoint.java:1459)
	at org.apache.tomcat.util.net.SocketProcessorBase.run(SocketProcessorBase.java:49)
	at java.util.concurrent.ThreadPoolExecutor.runWorker(ThreadPoolExecutor.java:1149)
	at java.util.concurrent.ThreadPoolExecutor$Worker.run(ThreadPoolExecutor.java:624)
	at org.apache.tomcat.util.threads.TaskThread$WrappingRunnable.run(TaskThread.java:61)
	at java.lang.Thread.run(Thread.java:748)
565256 [http-nio-8080-exec-2] DEBUG o.s.s.w.u.m.NegatedRequestMatcher - matches = true
565256 [http-nio-8080-exec-10] DEBUG o.s.s.w.u.m.MediaTypeRequestMatcher - httpRequestMediaTypes=[text/css]
565258 [http-nio-8080-exec-1] DEBUG o.s.s.w.u.matcher.AndRequestMatcher - Trying to match using Ant [pattern='/**', GET]
565258 [http-nio-8080-exec-2] DEBUG o.s.s.w.u.matcher.AndRequestMatcher - All requestMatchers returned true
565258 [http-nio-8080-exec-10] DEBUG o.s.s.w.u.m.MediaTypeRequestMatcher - Processing text/css
565258 [http-nio-8080-exec-1] DEBUG o.s.s.w.u.m.AntPathRequestMatcher - Request '/jquery/jquery-2.1.3.js' matched by universal pattern '/**'
565258 [http-nio-8080-exec-10] DEBUG o.s.s.w.u.m.MediaTypeRequestMatcher - application/json .isCompatibleWith text/css = false
565258 [http-nio-8080-exec-10] DEBUG o.s.s.w.u.m.MediaTypeRequestMatcher - Did not match any media types
565258 [http-nio-8080-exec-1] DEBUG o.s.s.w.u.matcher.AndRequestMatcher - Trying to match using NegatedRequestMatcher [requestMatcher=Ant [pattern='/**/favicon.ico']]
565258 [http-nio-8080-exec-10] DEBUG o.s.s.w.u.m.NegatedRequestMatcher - matches = true
565258 [http-nio-8080-exec-1] DEBUG o.s.s.w.u.m.AntPathRequestMatcher - Checking match of request : '/jquery/jquery-2.1.3.js'; against '/**/favicon.ico'
565258 [http-nio-8080-exec-10] DEBUG o.s.s.w.u.matcher.AndRequestMatcher - Trying to match using NegatedRequestMatcher [requestMatcher=RequestHeaderRequestMatcher [expectedHeaderName=X-Requested-With, expectedHeaderValue=XMLHttpRequest]]
565258 [http-nio-8080-exec-1] DEBUG o.s.s.w.u.m.NegatedRequestMatcher - matches = true
565258 [http-nio-8080-exec-10] DEBUG o.s.s.w.u.m.NegatedRequestMatcher - matches = true
565258 [http-nio-8080-exec-1] DEBUG o.s.s.w.u.matcher.AndRequestMatcher - Trying to match using NegatedRequestMatcher [requestMatcher=MediaTypeRequestMatcher [contentNegotiationStrategy=org.springframework.web.accept.ContentNegotiationManager@34a84d5e, matchingMediaTypes=[application/json], useEquals=false, ignoredMediaTypes=[*/*]]]
565258 [http-nio-8080-exec-10] DEBUG o.s.s.w.u.matcher.AndRequestMatcher - All requestMatchers returned true
565258 [http-nio-8080-exec-2] DEBUG o.s.s.w.s.HttpSessionRequestCache - DefaultSavedRequest added to Session: DefaultSavedRequest[http://localhost:8080/bootstrap/js/bootstrap.js]
565258 [http-nio-8080-exec-1] DEBUG o.s.s.w.u.m.MediaTypeRequestMatcher - httpRequestMediaTypes=[application/javascript]
565258 [http-nio-8080-exec-2] DEBUG o.s.s.w.a.ExceptionTranslationFilter - Calling Authentication entry point.
565258 [http-nio-8080-exec-1] DEBUG o.s.s.w.u.m.MediaTypeRequestMatcher - Processing application/javascript
565258 [http-nio-8080-exec-1] DEBUG o.s.s.w.u.m.MediaTypeRequestMatcher - application/json .isCompatibleWith application/javascript = false
565258 [http-nio-8080-exec-2] DEBUG o.s.s.web.DefaultRedirectStrategy - Redirecting to 'http://localhost:8080/login'
565258 [http-nio-8080-exec-1] DEBUG o.s.s.w.u.m.MediaTypeRequestMatcher - Did not match any media types
565259 [http-nio-8080-exec-2] DEBUG o.s.s.w.c.HttpSessionSecurityContextRepository - SecurityContext is empty or contents are anonymous - context will not be stored in HttpSession.
565259 [http-nio-8080-exec-1] DEBUG o.s.s.w.u.m.NegatedRequestMatcher - matches = true
565259 [http-nio-8080-exec-10] DEBUG o.s.s.w.s.HttpSessionRequestCache - DefaultSavedRequest added to Session: DefaultSavedRequest[http://localhost:8080/bootstrap/css/bootstrap.css]
565259 [http-nio-8080-exec-1] DEBUG o.s.s.w.u.matcher.AndRequestMatcher - Trying to match using NegatedRequestMatcher [requestMatcher=RequestHeaderRequestMatcher [expectedHeaderName=X-Requested-With, expectedHeaderValue=XMLHttpRequest]]
565259 [http-nio-8080-exec-10] DEBUG o.s.s.w.a.ExceptionTranslationFilter - Calling Authentication entry point.
565259 [http-nio-8080-exec-2] DEBUG o.s.s.w.c.SecurityContextPersistenceFilter - SecurityContextHolder now cleared, as request processing completed
565259 [http-nio-8080-exec-1] DEBUG o.s.s.w.u.m.NegatedRequestMatcher - matches = true
565259 [http-nio-8080-exec-10] DEBUG o.s.s.web.DefaultRedirectStrategy - Redirecting to 'http://localhost:8080/login'
565259 [http-nio-8080-exec-1] DEBUG o.s.s.w.u.matcher.AndRequestMatcher - All requestMatchers returned true
565259 [http-nio-8080-exec-10] DEBUG o.s.s.w.c.HttpSessionSecurityContextRepository - SecurityContext is empty or contents are anonymous - context will not be stored in HttpSession.
565259 [http-nio-8080-exec-10] DEBUG o.s.s.w.c.SecurityContextPersistenceFilter - SecurityContextHolder now cleared, as request processing completed
565259 [http-nio-8080-exec-1] DEBUG o.s.s.w.s.HttpSessionRequestCache - DefaultSavedRequest added to Session: DefaultSavedRequest[http://localhost:8080/jquery/jquery-2.1.3.js]
565259 [http-nio-8080-exec-1] DEBUG o.s.s.w.a.ExceptionTranslationFilter - Calling Authentication entry point.
565259 [http-nio-8080-exec-1] DEBUG o.s.s.web.DefaultRedirectStrategy - Redirecting to 'http://localhost:8080/login'
565259 [http-nio-8080-exec-1] DEBUG o.s.s.w.c.HttpSessionSecurityContextRepository - SecurityContext is empty or contents are anonymous - context will not be stored in HttpSession.
565260 [http-nio-8080-exec-1] DEBUG o.s.s.w.c.SecurityContextPersistenceFilter - SecurityContextHolder now cleared, as request processing completed
565264 [http-nio-8080-exec-3] DEBUG o.s.s.w.u.matcher.OrRequestMatcher - Trying to match using Ant [pattern='/css/**']
565264 [http-nio-8080-exec-3] DEBUG o.s.s.w.u.m.AntPathRequestMatcher - Checking match of request : '/login'; against '/css/**'
565264 [http-nio-8080-exec-3] DEBUG o.s.s.w.u.matcher.OrRequestMatcher - Trying to match using Ant [pattern='/js/**']
565264 [http-nio-8080-exec-3] DEBUG o.s.s.w.u.m.AntPathRequestMatcher - Checking match of request : '/login'; against '/js/**'
565264 [http-nio-8080-exec-3] DEBUG o.s.s.w.u.matcher.OrRequestMatcher - Trying to match using Ant [pattern='/images/**']
565264 [http-nio-8080-exec-3] DEBUG o.s.s.w.u.m.AntPathRequestMatcher - Checking match of request : '/login'; against '/images/**'
565264 [http-nio-8080-exec-3] DEBUG o.s.s.w.u.matcher.OrRequestMatcher - Trying to match using Ant [pattern='/webjars/**']
565264 [http-nio-8080-exec-3] DEBUG o.s.s.w.u.m.AntPathRequestMatcher - Checking match of request : '/login'; against '/webjars/**'
565264 [http-nio-8080-exec-3] DEBUG o.s.s.w.u.matcher.OrRequestMatcher - Trying to match using Ant [pattern='/**/favicon.ico']
565264 [http-nio-8080-exec-3] DEBUG o.s.s.w.u.m.AntPathRequestMatcher - Checking match of request : '/login'; against '/**/favicon.ico'
565264 [http-nio-8080-exec-3] DEBUG o.s.s.w.u.matcher.OrRequestMatcher - Trying to match using Ant [pattern='/error']
565264 [http-nio-8080-exec-3] DEBUG o.s.s.w.u.m.AntPathRequestMatcher - Checking match of request : '/login'; against '/error'
565264 [http-nio-8080-exec-3] DEBUG o.s.s.w.u.matcher.OrRequestMatcher - No matches found
565264 [http-nio-8080-exec-3] DEBUG o.s.security.web.FilterChainProxy - /login at position 1 of 12 in additional filter chain; firing Filter: 'WebAsyncManagerIntegrationFilter'
565264 [http-nio-8080-exec-3] DEBUG o.s.security.web.FilterChainProxy - /login at position 2 of 12 in additional filter chain; firing Filter: 'SecurityContextPersistenceFilter'
565264 [http-nio-8080-exec-3] DEBUG o.s.s.w.c.HttpSessionSecurityContextRepository - HttpSession returned null object for SPRING_SECURITY_CONTEXT
565264 [http-nio-8080-exec-3] DEBUG o.s.s.w.c.HttpSessionSecurityContextRepository - No SecurityContext was available from the HttpSession: org.apache.catalina.session.StandardSessionFacade@30689b56. A new one will be created.
565264 [http-nio-8080-exec-3] DEBUG o.s.security.web.FilterChainProxy - /login at position 3 of 12 in additional filter chain; firing Filter: 'HeaderWriterFilter'
565264 [http-nio-8080-exec-3] DEBUG o.s.s.w.h.writers.HstsHeaderWriter - Not injecting HSTS header since it did not match the requestMatcher org.springframework.security.web.header.writers.HstsHeaderWriter$SecureRequestMatcher@34571983
565264 [http-nio-8080-exec-3] DEBUG o.s.security.web.FilterChainProxy - /login at position 4 of 12 in additional filter chain; firing Filter: 'CsrfFilter'
565264 [http-nio-8080-exec-3] DEBUG o.s.security.web.FilterChainProxy - /login at position 5 of 12 in additional filter chain; firing Filter: 'LogoutFilter'
565264 [http-nio-8080-exec-3] DEBUG o.s.s.w.u.m.AntPathRequestMatcher - Request 'GET /login' doesn't match 'POST /logout
565264 [http-nio-8080-exec-3] DEBUG o.s.security.web.FilterChainProxy - /login at position 6 of 12 in additional filter chain; firing Filter: 'UsernamePasswordAuthenticationFilter'
565264 [http-nio-8080-exec-3] DEBUG o.s.s.w.u.m.AntPathRequestMatcher - Request 'GET /login' doesn't match 'POST /login
565264 [http-nio-8080-exec-3] DEBUG o.s.security.web.FilterChainProxy - /login at position 7 of 12 in additional filter chain; firing Filter: 'RequestCacheAwareFilter'
565264 [http-nio-8080-exec-3] DEBUG o.s.s.w.s.DefaultSavedRequest - pathInfo: both null (property equals)
565264 [http-nio-8080-exec-3] DEBUG o.s.s.w.s.DefaultSavedRequest - queryString: both null (property equals)
565264 [http-nio-8080-exec-3] DEBUG o.s.s.w.s.DefaultSavedRequest - requestURI: arg1=/jquery/jquery-2.1.3.js; arg2=/login (property not equals)
565266 [http-nio-8080-exec-3] DEBUG o.s.s.w.s.HttpSessionRequestCache - saved request doesn't match
565266 [http-nio-8080-exec-3] DEBUG o.s.security.web.FilterChainProxy - /login at position 8 of 12 in additional filter chain; firing Filter: 'SecurityContextHolderAwareRequestFilter'
565266 [http-nio-8080-exec-3] DEBUG o.s.security.web.FilterChainProxy - /login at position 9 of 12 in additional filter chain; firing Filter: 'AnonymousAuthenticationFilter'
565266 [http-nio-8080-exec-3] DEBUG o.s.s.w.a.AnonymousAuthenticationFilter - Populated SecurityContextHolder with anonymous token: 'org.springframework.security.authentication.AnonymousAuthenticationToken@6fabe8e0: Principal: anonymousUser; Credentials: [PROTECTED]; Authenticated: true; Details: org.springframework.security.web.authentication.WebAuthenticationDetails@fffe9938: RemoteIpAddress: 0:0:0:0:0:0:0:1; SessionId: 760D79BA12046463C13AD8F04AD89B62; Granted Authorities: ROLE_ANONYMOUS'
565266 [http-nio-8080-exec-3] DEBUG o.s.security.web.FilterChainProxy - /login at position 10 of 12 in additional filter chain; firing Filter: 'SessionManagementFilter'
565266 [http-nio-8080-exec-3] DEBUG o.s.security.web.FilterChainProxy - /login at position 11 of 12 in additional filter chain; firing Filter: 'ExceptionTranslationFilter'
565266 [http-nio-8080-exec-3] DEBUG o.s.security.web.FilterChainProxy - /login at position 12 of 12 in additional filter chain; firing Filter: 'FilterSecurityInterceptor'
565266 [http-nio-8080-exec-3] DEBUG o.s.s.w.a.i.FilterSecurityInterceptor - Secure object: FilterInvocation: URL: /login; Attributes: [permitAll]
565266 [http-nio-8080-exec-3] DEBUG o.s.s.w.a.i.FilterSecurityInterceptor - Previously Authenticated: org.springframework.security.authentication.AnonymousAuthenticationToken@6fabe8e0: Principal: anonymousUser; Credentials: [PROTECTED]; Authenticated: true; Details: org.springframework.security.web.authentication.WebAuthenticationDetails@fffe9938: RemoteIpAddress: 0:0:0:0:0:0:0:1; SessionId: 760D79BA12046463C13AD8F04AD89B62; Granted Authorities: ROLE_ANONYMOUS
565266 [http-nio-8080-exec-3] DEBUG o.s.s.access.vote.AffirmativeBased - Voter: org.springframework.security.web.access.expression.WebExpressionVoter@7155916d, returned: 1
565266 [http-nio-8080-exec-3] DEBUG o.s.s.w.a.i.FilterSecurityInterceptor - Authorization successful
565266 [http-nio-8080-exec-3] DEBUG o.s.s.w.a.i.FilterSecurityInterceptor - RunAsManager did not change Authentication object
565266 [http-nio-8080-exec-3] DEBUG o.s.security.web.FilterChainProxy - /login reached end of additional filter chain; proceeding with original chain
565267 [http-nio-8080-exec-3] DEBUG o.s.s.w.c.HttpSessionSecurityContextRepository - SecurityContext is empty or contents are anonymous - context will not be stored in HttpSession.
565268 [http-nio-8080-exec-3] DEBUG o.s.s.w.a.ExceptionTranslationFilter - Chain processed normally
565268 [http-nio-8080-exec-3] DEBUG o.s.s.w.c.SecurityContextPersistenceFilter - SecurityContextHolder now cleared, as request processing completed
565269 [http-nio-8080-exec-5] DEBUG o.s.s.w.u.matcher.OrRequestMatcher - Trying to match using Ant [pattern='/css/**']
565269 [http-nio-8080-exec-4] DEBUG o.s.s.w.u.matcher.OrRequestMatcher - Trying to match using Ant [pattern='/css/**']
565269 [http-nio-8080-exec-5] DEBUG o.s.s.w.u.m.AntPathRequestMatcher - Checking match of request : '/login'; against '/css/**'
565269 [http-nio-8080-exec-4] DEBUG o.s.s.w.u.m.AntPathRequestMatcher - Checking match of request : '/login'; against '/css/**'
565270 [http-nio-8080-exec-4] DEBUG o.s.s.w.u.matcher.OrRequestMatcher - Trying to match using Ant [pattern='/js/**']
565270 [http-nio-8080-exec-5] DEBUG o.s.s.w.u.matcher.OrRequestMatcher - Trying to match using Ant [pattern='/js/**']
565270 [http-nio-8080-exec-4] DEBUG o.s.s.w.u.m.AntPathRequestMatcher - Checking match of request : '/login'; against '/js/**'
565270 [http-nio-8080-exec-5] DEBUG o.s.s.w.u.m.AntPathRequestMatcher - Checking match of request : '/login'; against '/js/**'
565270 [http-nio-8080-exec-4] DEBUG o.s.s.w.u.matcher.OrRequestMatcher - Trying to match using Ant [pattern='/images/**']
565270 [http-nio-8080-exec-5] DEBUG o.s.s.w.u.matcher.OrRequestMatcher - Trying to match using Ant [pattern='/images/**']
565270 [http-nio-8080-exec-4] DEBUG o.s.s.w.u.m.AntPathRequestMatcher - Checking match of request : '/login'; against '/images/**'
565270 [http-nio-8080-exec-4] DEBUG o.s.s.w.u.matcher.OrRequestMatcher - Trying to match using Ant [pattern='/webjars/**']
565270 [http-nio-8080-exec-4] DEBUG o.s.s.w.u.m.AntPathRequestMatcher - Checking match of request : '/login'; against '/webjars/**'
565270 [http-nio-8080-exec-4] DEBUG o.s.s.w.u.matcher.OrRequestMatcher - Trying to match using Ant [pattern='/**/favicon.ico']
565270 [http-nio-8080-exec-5] DEBUG o.s.s.w.u.m.AntPathRequestMatcher - Checking match of request : '/login'; against '/images/**'
565270 [http-nio-8080-exec-4] DEBUG o.s.s.w.u.m.AntPathRequestMatcher - Checking match of request : '/login'; against '/**/favicon.ico'
565270 [http-nio-8080-exec-5] DEBUG o.s.s.w.u.matcher.OrRequestMatcher - Trying to match using Ant [pattern='/webjars/**']
565270 [http-nio-8080-exec-5] DEBUG o.s.s.w.u.m.AntPathRequestMatcher - Checking match of request : '/login'; against '/webjars/**'
565270 [http-nio-8080-exec-4] DEBUG o.s.s.w.u.matcher.OrRequestMatcher - Trying to match using Ant [pattern='/error']
565270 [http-nio-8080-exec-5] DEBUG o.s.s.w.u.matcher.OrRequestMatcher - Trying to match using Ant [pattern='/**/favicon.ico']
565270 [http-nio-8080-exec-4] DEBUG o.s.s.w.u.m.AntPathRequestMatcher - Checking match of request : '/login'; against '/error'
565270 [http-nio-8080-exec-5] DEBUG o.s.s.w.u.m.AntPathRequestMatcher - Checking match of request : '/login'; against '/**/favicon.ico'
565270 [http-nio-8080-exec-4] DEBUG o.s.s.w.u.matcher.OrRequestMatcher - No matches found
565270 [http-nio-8080-exec-5] DEBUG o.s.s.w.u.matcher.OrRequestMatcher - Trying to match using Ant [pattern='/error']
565270 [http-nio-8080-exec-4] DEBUG o.s.security.web.FilterChainProxy - /login at position 1 of 12 in additional filter chain; firing Filter: 'WebAsyncManagerIntegrationFilter'
565270 [http-nio-8080-exec-5] DEBUG o.s.s.w.u.m.AntPathRequestMatcher - Checking match of request : '/login'; against '/error'
565270 [http-nio-8080-exec-5] DEBUG o.s.s.w.u.matcher.OrRequestMatcher - No matches found
565270 [http-nio-8080-exec-4] DEBUG o.s.security.web.FilterChainProxy - /login at position 2 of 12 in additional filter chain; firing Filter: 'SecurityContextPersistenceFilter'
565270 [http-nio-8080-exec-5] DEBUG o.s.security.web.FilterChainProxy - /login at position 1 of 12 in additional filter chain; firing Filter: 'WebAsyncManagerIntegrationFilter'
565270 [http-nio-8080-exec-4] DEBUG o.s.s.w.c.HttpSessionSecurityContextRepository - HttpSession returned null object for SPRING_SECURITY_CONTEXT
565270 [http-nio-8080-exec-5] DEBUG o.s.security.web.FilterChainProxy - /login at position 2 of 12 in additional filter chain; firing Filter: 'SecurityContextPersistenceFilter'
565270 [http-nio-8080-exec-4] DEBUG o.s.s.w.c.HttpSessionSecurityContextRepository - No SecurityContext was available from the HttpSession: org.apache.catalina.session.StandardSessionFacade@30689b56. A new one will be created.
565270 [http-nio-8080-exec-4] DEBUG o.s.security.web.FilterChainProxy - /login at position 3 of 12 in additional filter chain; firing Filter: 'HeaderWriterFilter'
565270 [http-nio-8080-exec-5] DEBUG o.s.s.w.c.HttpSessionSecurityContextRepository - HttpSession returned null object for SPRING_SECURITY_CONTEXT
565270 [http-nio-8080-exec-5] DEBUG o.s.s.w.c.HttpSessionSecurityContextRepository - No SecurityContext was available from the HttpSession: org.apache.catalina.session.StandardSessionFacade@30689b56. A new one will be created.
565270 [http-nio-8080-exec-5] DEBUG o.s.security.web.FilterChainProxy - /login at position 3 of 12 in additional filter chain; firing Filter: 'HeaderWriterFilter'
565270 [http-nio-8080-exec-4] DEBUG o.s.s.w.h.writers.HstsHeaderWriter - Not injecting HSTS header since it did not match the requestMatcher org.springframework.security.web.header.writers.HstsHeaderWriter$SecureRequestMatcher@34571983
565270 [http-nio-8080-exec-5] DEBUG o.s.s.w.h.writers.HstsHeaderWriter - Not injecting HSTS header since it did not match the requestMatcher org.springframework.security.web.header.writers.HstsHeaderWriter$SecureRequestMatcher@34571983
565270 [http-nio-8080-exec-4] DEBUG o.s.security.web.FilterChainProxy - /login at position 4 of 12 in additional filter chain; firing Filter: 'CsrfFilter'
565270 [http-nio-8080-exec-4] DEBUG o.s.security.web.FilterChainProxy - /login at position 5 of 12 in additional filter chain; firing Filter: 'LogoutFilter'
565270 [http-nio-8080-exec-5] DEBUG o.s.security.web.FilterChainProxy - /login at position 4 of 12 in additional filter chain; firing Filter: 'CsrfFilter'
565270 [http-nio-8080-exec-4] DEBUG o.s.s.w.u.m.AntPathRequestMatcher - Request 'GET /login' doesn't match 'POST /logout
565270 [http-nio-8080-exec-4] DEBUG o.s.security.web.FilterChainProxy - /login at position 6 of 12 in additional filter chain; firing Filter: 'UsernamePasswordAuthenticationFilter'
565270 [http-nio-8080-exec-5] DEBUG o.s.security.web.FilterChainProxy - /login at position 5 of 12 in additional filter chain; firing Filter: 'LogoutFilter'
565270 [http-nio-8080-exec-4] DEBUG o.s.s.w.u.m.AntPathRequestMatcher - Request 'GET /login' doesn't match 'POST /login
565270 [http-nio-8080-exec-5] DEBUG o.s.s.w.u.m.AntPathRequestMatcher - Request 'GET /login' doesn't match 'POST /logout
565270 [http-nio-8080-exec-5] DEBUG o.s.security.web.FilterChainProxy - /login at position 6 of 12 in additional filter chain; firing Filter: 'UsernamePasswordAuthenticationFilter'
565270 [http-nio-8080-exec-5] DEBUG o.s.s.w.u.m.AntPathRequestMatcher - Request 'GET /login' doesn't match 'POST /login
565270 [http-nio-8080-exec-5] DEBUG o.s.security.web.FilterChainProxy - /login at position 7 of 12 in additional filter chain; firing Filter: 'RequestCacheAwareFilter'
565270 [http-nio-8080-exec-4] DEBUG o.s.security.web.FilterChainProxy - /login at position 7 of 12 in additional filter chain; firing Filter: 'RequestCacheAwareFilter'
565270 [http-nio-8080-exec-5] DEBUG o.s.s.w.s.DefaultSavedRequest - pathInfo: both null (property equals)
565270 [http-nio-8080-exec-5] DEBUG o.s.s.w.s.DefaultSavedRequest - queryString: both null (property equals)
565271 [http-nio-8080-exec-5] DEBUG o.s.s.w.s.DefaultSavedRequest - requestURI: arg1=/jquery/jquery-2.1.3.js; arg2=/login (property not equals)
565270 [http-nio-8080-exec-4] DEBUG o.s.s.w.s.DefaultSavedRequest - pathInfo: both null (property equals)
565271 [http-nio-8080-exec-5] DEBUG o.s.s.w.s.HttpSessionRequestCache - saved request doesn't match
565271 [http-nio-8080-exec-4] DEBUG o.s.s.w.s.DefaultSavedRequest - queryString: both null (property equals)
565271 [http-nio-8080-exec-5] DEBUG o.s.security.web.FilterChainProxy - /login at position 8 of 12 in additional filter chain; firing Filter: 'SecurityContextHolderAwareRequestFilter'
565271 [http-nio-8080-exec-5] DEBUG o.s.security.web.FilterChainProxy - /login at position 9 of 12 in additional filter chain; firing Filter: 'AnonymousAuthenticationFilter'
565271 [http-nio-8080-exec-4] DEBUG o.s.s.w.s.DefaultSavedRequest - requestURI: arg1=/jquery/jquery-2.1.3.js; arg2=/login (property not equals)
565271 [http-nio-8080-exec-4] DEBUG o.s.s.w.s.HttpSessionRequestCache - saved request doesn't match
565271 [http-nio-8080-exec-5] DEBUG o.s.s.w.a.AnonymousAuthenticationFilter - Populated SecurityContextHolder with anonymous token: 'org.springframework.security.authentication.AnonymousAuthenticationToken@6fabe8e0: Principal: anonymousUser; Credentials: [PROTECTED]; Authenticated: true; Details: org.springframework.security.web.authentication.WebAuthenticationDetails@fffe9938: RemoteIpAddress: 0:0:0:0:0:0:0:1; SessionId: 760D79BA12046463C13AD8F04AD89B62; Granted Authorities: ROLE_ANONYMOUS'
565271 [http-nio-8080-exec-4] DEBUG o.s.security.web.FilterChainProxy - /login at position 8 of 12 in additional filter chain; firing Filter: 'SecurityContextHolderAwareRequestFilter'
565271 [http-nio-8080-exec-5] DEBUG o.s.security.web.FilterChainProxy - /login at position 10 of 12 in additional filter chain; firing Filter: 'SessionManagementFilter'
565271 [http-nio-8080-exec-4] DEBUG o.s.security.web.FilterChainProxy - /login at position 9 of 12 in additional filter chain; firing Filter: 'AnonymousAuthenticationFilter'
565271 [http-nio-8080-exec-5] DEBUG o.s.security.web.FilterChainProxy - /login at position 11 of 12 in additional filter chain; firing Filter: 'ExceptionTranslationFilter'
565271 [http-nio-8080-exec-4] DEBUG o.s.s.w.a.AnonymousAuthenticationFilter - Populated SecurityContextHolder with anonymous token: 'org.springframework.security.authentication.AnonymousAuthenticationToken@6fabe8e0: Principal: anonymousUser; Credentials: [PROTECTED]; Authenticated: true; Details: org.springframework.security.web.authentication.WebAuthenticationDetails@fffe9938: RemoteIpAddress: 0:0:0:0:0:0:0:1; SessionId: 760D79BA12046463C13AD8F04AD89B62; Granted Authorities: ROLE_ANONYMOUS'
565271 [http-nio-8080-exec-5] DEBUG o.s.security.web.FilterChainProxy - /login at position 12 of 12 in additional filter chain; firing Filter: 'FilterSecurityInterceptor'
565271 [http-nio-8080-exec-4] DEBUG o.s.security.web.FilterChainProxy - /login at position 10 of 12 in additional filter chain; firing Filter: 'SessionManagementFilter'
565272 [http-nio-8080-exec-5] DEBUG o.s.s.w.a.i.FilterSecurityInterceptor - Secure object: FilterInvocation: URL: /login; Attributes: [permitAll]
565272 [http-nio-8080-exec-4] DEBUG o.s.security.web.FilterChainProxy - /login at position 11 of 12 in additional filter chain; firing Filter: 'ExceptionTranslationFilter'
565272 [http-nio-8080-exec-5] DEBUG o.s.s.w.a.i.FilterSecurityInterceptor - Previously Authenticated: org.springframework.security.authentication.AnonymousAuthenticationToken@6fabe8e0: Principal: anonymousUser; Credentials: [PROTECTED]; Authenticated: true; Details: org.springframework.security.web.authentication.WebAuthenticationDetails@fffe9938: RemoteIpAddress: 0:0:0:0:0:0:0:1; SessionId: 760D79BA12046463C13AD8F04AD89B62; Granted Authorities: ROLE_ANONYMOUS
565272 [http-nio-8080-exec-4] DEBUG o.s.security.web.FilterChainProxy - /login at position 12 of 12 in additional filter chain; firing Filter: 'FilterSecurityInterceptor'
565272 [http-nio-8080-exec-4] DEBUG o.s.s.w.a.i.FilterSecurityInterceptor - Secure object: FilterInvocation: URL: /login; Attributes: [permitAll]
565272 [http-nio-8080-exec-4] DEBUG o.s.s.w.a.i.FilterSecurityInterceptor - Previously Authenticated: org.springframework.security.authentication.AnonymousAuthenticationToken@6fabe8e0: Principal: anonymousUser; Credentials: [PROTECTED]; Authenticated: true; Details: org.springframework.security.web.authentication.WebAuthenticationDetails@fffe9938: RemoteIpAddress: 0:0:0:0:0:0:0:1; SessionId: 760D79BA12046463C13AD8F04AD89B62; Granted Authorities: ROLE_ANONYMOUS
565272 [http-nio-8080-exec-5] DEBUG o.s.s.access.vote.AffirmativeBased - Voter: org.springframework.security.web.access.expression.WebExpressionVoter@7155916d, returned: 1
565272 [http-nio-8080-exec-5] DEBUG o.s.s.w.a.i.FilterSecurityInterceptor - Authorization successful
565272 [http-nio-8080-exec-4] DEBUG o.s.s.access.vote.AffirmativeBased - Voter: org.springframework.security.web.access.expression.WebExpressionVoter@7155916d, returned: 1
565272 [http-nio-8080-exec-5] DEBUG o.s.s.w.a.i.FilterSecurityInterceptor - RunAsManager did not change Authentication object
565272 [http-nio-8080-exec-5] DEBUG o.s.security.web.FilterChainProxy - /login reached end of additional filter chain; proceeding with original chain
565272 [http-nio-8080-exec-4] DEBUG o.s.s.w.a.i.FilterSecurityInterceptor - Authorization successful
565272 [http-nio-8080-exec-4] DEBUG o.s.s.w.a.i.FilterSecurityInterceptor - RunAsManager did not change Authentication object
565272 [http-nio-8080-exec-4] DEBUG o.s.security.web.FilterChainProxy - /login reached end of additional filter chain; proceeding with original chain
565274 [http-nio-8080-exec-5] DEBUG o.s.s.w.c.HttpSessionSecurityContextRepository - SecurityContext is empty or contents are anonymous - context will not be stored in HttpSession.
565274 [http-nio-8080-exec-4] DEBUG o.s.s.w.c.HttpSessionSecurityContextRepository - SecurityContext is empty or contents are anonymous - context will not be stored in HttpSession.
565275 [http-nio-8080-exec-4] DEBUG o.s.s.w.a.ExceptionTranslationFilter - Chain processed normally
565275 [http-nio-8080-exec-5] DEBUG o.s.s.w.a.ExceptionTranslationFilter - Chain processed normally
565275 [http-nio-8080-exec-4] DEBUG o.s.s.w.c.SecurityContextPersistenceFilter - SecurityContextHolder now cleared, as request processing completed
565275 [http-nio-8080-exec-5] DEBUG o.s.s.w.c.SecurityContextPersistenceFilter - SecurityContextHolder now cleared, as request processing completed
565291 [http-nio-8080-exec-6] DEBUG o.s.s.w.u.matcher.OrRequestMatcher - Trying to match using Ant [pattern='/css/**']
565291 [http-nio-8080-exec-6] DEBUG o.s.s.w.u.m.AntPathRequestMatcher - Checking match of request : '/favicon.ico'; against '/css/**'
565291 [http-nio-8080-exec-6] DEBUG o.s.s.w.u.matcher.OrRequestMatcher - Trying to match using Ant [pattern='/js/**']
565291 [http-nio-8080-exec-6] DEBUG o.s.s.w.u.m.AntPathRequestMatcher - Checking match of request : '/favicon.ico'; against '/js/**'
565291 [http-nio-8080-exec-6] DEBUG o.s.s.w.u.matcher.OrRequestMatcher - Trying to match using Ant [pattern='/images/**']
565291 [http-nio-8080-exec-6] DEBUG o.s.s.w.u.m.AntPathRequestMatcher - Checking match of request : '/favicon.ico'; against '/images/**'
565291 [http-nio-8080-exec-6] DEBUG o.s.s.w.u.matcher.OrRequestMatcher - Trying to match using Ant [pattern='/webjars/**']
565291 [http-nio-8080-exec-6] DEBUG o.s.s.w.u.m.AntPathRequestMatcher - Checking match of request : '/favicon.ico'; against '/webjars/**'
565291 [http-nio-8080-exec-6] DEBUG o.s.s.w.u.matcher.OrRequestMatcher - Trying to match using Ant [pattern='/**/favicon.ico']
565291 [http-nio-8080-exec-6] DEBUG o.s.s.w.u.m.AntPathRequestMatcher - Checking match of request : '/favicon.ico'; against '/**/favicon.ico'
565291 [http-nio-8080-exec-6] DEBUG o.s.s.w.u.matcher.OrRequestMatcher - matched
565291 [http-nio-8080-exec-6] DEBUG o.s.security.web.FilterChainProxy - /favicon.ico has an empty filter list
565782 [http-nio-8080-exec-7] DEBUG o.s.s.w.u.matcher.OrRequestMatcher - Trying to match using Ant [pattern='/css/**']
565782 [http-nio-8080-exec-7] DEBUG o.s.s.w.u.m.AntPathRequestMatcher - Checking match of request : '/login'; against '/css/**'
565782 [http-nio-8080-exec-7] DEBUG o.s.s.w.u.matcher.OrRequestMatcher - Trying to match using Ant [pattern='/js/**']
565782 [http-nio-8080-exec-7] DEBUG o.s.s.w.u.m.AntPathRequestMatcher - Checking match of request : '/login'; against '/js/**'
565782 [http-nio-8080-exec-7] DEBUG o.s.s.w.u.matcher.OrRequestMatcher - Trying to match using Ant [pattern='/images/**']
565782 [http-nio-8080-exec-7] DEBUG o.s.s.w.u.m.AntPathRequestMatcher - Checking match of request : '/login'; against '/images/**'
565782 [http-nio-8080-exec-7] DEBUG o.s.s.w.u.matcher.OrRequestMatcher - Trying to match using Ant [pattern='/webjars/**']
565782 [http-nio-8080-exec-7] DEBUG o.s.s.w.u.m.AntPathRequestMatcher - Checking match of request : '/login'; against '/webjars/**'
565782 [http-nio-8080-exec-7] DEBUG o.s.s.w.u.matcher.OrRequestMatcher - Trying to match using Ant [pattern='/**/favicon.ico']
565782 [http-nio-8080-exec-7] DEBUG o.s.s.w.u.m.AntPathRequestMatcher - Checking match of request : '/login'; against '/**/favicon.ico'
565782 [http-nio-8080-exec-7] DEBUG o.s.s.w.u.matcher.OrRequestMatcher - Trying to match using Ant [pattern='/error']
565782 [http-nio-8080-exec-7] DEBUG o.s.s.w.u.m.AntPathRequestMatcher - Checking match of request : '/login'; against '/error'
565782 [http-nio-8080-exec-7] DEBUG o.s.s.w.u.matcher.OrRequestMatcher - No matches found
565782 [http-nio-8080-exec-7] DEBUG o.s.security.web.FilterChainProxy - /login at position 1 of 12 in additional filter chain; firing Filter: 'WebAsyncManagerIntegrationFilter'
565782 [http-nio-8080-exec-7] DEBUG o.s.security.web.FilterChainProxy - /login at position 2 of 12 in additional filter chain; firing Filter: 'SecurityContextPersistenceFilter'
565782 [http-nio-8080-exec-7] DEBUG o.s.s.w.c.HttpSessionSecurityContextRepository - HttpSession returned null object for SPRING_SECURITY_CONTEXT
565782 [http-nio-8080-exec-7] DEBUG o.s.s.w.c.HttpSessionSecurityContextRepository - No SecurityContext was available from the HttpSession: org.apache.catalina.session.StandardSessionFacade@30689b56. A new one will be created.
565782 [http-nio-8080-exec-7] DEBUG o.s.security.web.FilterChainProxy - /login at position 3 of 12 in additional filter chain; firing Filter: 'HeaderWriterFilter'
565782 [http-nio-8080-exec-7] DEBUG o.s.s.w.h.writers.HstsHeaderWriter - Not injecting HSTS header since it did not match the requestMatcher org.springframework.security.web.header.writers.HstsHeaderWriter$SecureRequestMatcher@34571983
565782 [http-nio-8080-exec-7] DEBUG o.s.security.web.FilterChainProxy - /login at position 4 of 12 in additional filter chain; firing Filter: 'CsrfFilter'
565782 [http-nio-8080-exec-7] DEBUG o.s.security.web.FilterChainProxy - /login at position 5 of 12 in additional filter chain; firing Filter: 'LogoutFilter'
565782 [http-nio-8080-exec-7] DEBUG o.s.s.w.u.m.AntPathRequestMatcher - Request 'GET /login' doesn't match 'POST /logout
565782 [http-nio-8080-exec-7] DEBUG o.s.security.web.FilterChainProxy - /login at position 6 of 12 in additional filter chain; firing Filter: 'UsernamePasswordAuthenticationFilter'
565782 [http-nio-8080-exec-7] DEBUG o.s.s.w.u.m.AntPathRequestMatcher - Request 'GET /login' doesn't match 'POST /login
565782 [http-nio-8080-exec-7] DEBUG o.s.security.web.FilterChainProxy - /login at position 7 of 12 in additional filter chain; firing Filter: 'RequestCacheAwareFilter'
565782 [http-nio-8080-exec-7] DEBUG o.s.s.w.s.DefaultSavedRequest - pathInfo: both null (property equals)
565782 [http-nio-8080-exec-7] DEBUG o.s.s.w.s.DefaultSavedRequest - queryString: both null (property equals)
565782 [http-nio-8080-exec-7] DEBUG o.s.s.w.s.DefaultSavedRequest - requestURI: arg1=/jquery/jquery-2.1.3.js; arg2=/login (property not equals)
565787 [http-nio-8080-exec-7] DEBUG o.s.s.w.s.HttpSessionRequestCache - saved request doesn't match
565787 [http-nio-8080-exec-7] DEBUG o.s.security.web.FilterChainProxy - /login at position 8 of 12 in additional filter chain; firing Filter: 'SecurityContextHolderAwareRequestFilter'
565787 [http-nio-8080-exec-7] DEBUG o.s.security.web.FilterChainProxy - /login at position 9 of 12 in additional filter chain; firing Filter: 'AnonymousAuthenticationFilter'
565787 [http-nio-8080-exec-7] DEBUG o.s.s.w.a.AnonymousAuthenticationFilter - Populated SecurityContextHolder with anonymous token: 'org.springframework.security.authentication.AnonymousAuthenticationToken@6fabe8e0: Principal: anonymousUser; Credentials: [PROTECTED]; Authenticated: true; Details: org.springframework.security.web.authentication.WebAuthenticationDetails@fffe9938: RemoteIpAddress: 0:0:0:0:0:0:0:1; SessionId: 760D79BA12046463C13AD8F04AD89B62; Granted Authorities: ROLE_ANONYMOUS'
565787 [http-nio-8080-exec-7] DEBUG o.s.security.web.FilterChainProxy - /login at position 10 of 12 in additional filter chain; firing Filter: 'SessionManagementFilter'
565787 [http-nio-8080-exec-7] DEBUG o.s.security.web.FilterChainProxy - /login at position 11 of 12 in additional filter chain; firing Filter: 'ExceptionTranslationFilter'
565787 [http-nio-8080-exec-7] DEBUG o.s.security.web.FilterChainProxy - /login at position 12 of 12 in additional filter chain; firing Filter: 'FilterSecurityInterceptor'
565787 [http-nio-8080-exec-7] DEBUG o.s.s.w.a.i.FilterSecurityInterceptor - Secure object: FilterInvocation: URL: /login; Attributes: [permitAll]
565787 [http-nio-8080-exec-7] DEBUG o.s.s.w.a.i.FilterSecurityInterceptor - Previously Authenticated: org.springframework.security.authentication.AnonymousAuthenticationToken@6fabe8e0: Principal: anonymousUser; Credentials: [PROTECTED]; Authenticated: true; Details: org.springframework.security.web.authentication.WebAuthenticationDetails@fffe9938: RemoteIpAddress: 0:0:0:0:0:0:0:1; SessionId: 760D79BA12046463C13AD8F04AD89B62; Granted Authorities: ROLE_ANONYMOUS
565787 [http-nio-8080-exec-7] DEBUG o.s.s.access.vote.AffirmativeBased - Voter: org.springframework.security.web.access.expression.WebExpressionVoter@7155916d, returned: 1
565787 [http-nio-8080-exec-7] DEBUG o.s.s.w.a.i.FilterSecurityInterceptor - Authorization successful
565787 [http-nio-8080-exec-7] DEBUG o.s.s.w.a.i.FilterSecurityInterceptor - RunAsManager did not change Authentication object
565787 [http-nio-8080-exec-7] DEBUG o.s.security.web.FilterChainProxy - /login reached end of additional filter chain; proceeding with original chain
565790 [http-nio-8080-exec-7] DEBUG o.s.s.w.c.HttpSessionSecurityContextRepository - SecurityContext is empty or contents are anonymous - context will not be stored in HttpSession.
565791 [http-nio-8080-exec-7] DEBUG o.s.s.w.a.ExceptionTranslationFilter - Chain processed normally
565791 [http-nio-8080-exec-7] DEBUG o.s.s.w.c.SecurityContextPersistenceFilter - SecurityContextHolder now cleared, as request processing completed
565797 [http-nio-8080-exec-8] DEBUG o.s.s.w.u.matcher.OrRequestMatcher - Trying to match using Ant [pattern='/css/**']
565797 [http-nio-8080-exec-9] DEBUG o.s.s.w.u.matcher.OrRequestMatcher - Trying to match using Ant [pattern='/css/**']
565797 [http-nio-8080-exec-8] DEBUG o.s.s.w.u.m.AntPathRequestMatcher - Checking match of request : '/bootstrap/css/bootstrap.css'; against '/css/**'
565797 [http-nio-8080-exec-2] DEBUG o.s.s.w.u.matcher.OrRequestMatcher - Trying to match using Ant [pattern='/css/**']
565797 [http-nio-8080-exec-9] DEBUG o.s.s.w.u.m.AntPathRequestMatcher - Checking match of request : '/jquery/jquery-2.1.3.js'; against '/css/**'
565797 [http-nio-8080-exec-2] DEBUG o.s.s.w.u.m.AntPathRequestMatcher - Checking match of request : '/bootstrap/js/bootstrap.js'; against '/css/**'
565797 [http-nio-8080-exec-9] DEBUG o.s.s.w.u.matcher.OrRequestMatcher - Trying to match using Ant [pattern='/js/**']
565797 [http-nio-8080-exec-9] DEBUG o.s.s.w.u.m.AntPathRequestMatcher - Checking match of request : '/jquery/jquery-2.1.3.js'; against '/js/**'
565797 [http-nio-8080-exec-9] DEBUG o.s.s.w.u.matcher.OrRequestMatcher - Trying to match using Ant [pattern='/images/**']
565797 [http-nio-8080-exec-8] DEBUG o.s.s.w.u.matcher.OrRequestMatcher - Trying to match using Ant [pattern='/js/**']
565797 [http-nio-8080-exec-8] DEBUG o.s.s.w.u.m.AntPathRequestMatcher - Checking match of request : '/bootstrap/css/bootstrap.css'; against '/js/**'
565797 [http-nio-8080-exec-2] DEBUG o.s.s.w.u.matcher.OrRequestMatcher - Trying to match using Ant [pattern='/js/**']
565797 [http-nio-8080-exec-2] DEBUG o.s.s.w.u.m.AntPathRequestMatcher - Checking match of request : '/bootstrap/js/bootstrap.js'; against '/js/**'
565797 [http-nio-8080-exec-2] DEBUG o.s.s.w.u.matcher.OrRequestMatcher - Trying to match using Ant [pattern='/images/**']
565797 [http-nio-8080-exec-2] DEBUG o.s.s.w.u.m.AntPathRequestMatcher - Checking match of request : '/bootstrap/js/bootstrap.js'; against '/images/**'
565797 [http-nio-8080-exec-2] DEBUG o.s.s.w.u.matcher.OrRequestMatcher - Trying to match using Ant [pattern='/webjars/**']
565797 [http-nio-8080-exec-2] DEBUG o.s.s.w.u.m.AntPathRequestMatcher - Checking match of request : '/bootstrap/js/bootstrap.js'; against '/webjars/**'
565797 [http-nio-8080-exec-2] DEBUG o.s.s.w.u.matcher.OrRequestMatcher - Trying to match using Ant [pattern='/**/favicon.ico']
565797 [http-nio-8080-exec-2] DEBUG o.s.s.w.u.m.AntPathRequestMatcher - Checking match of request : '/bootstrap/js/bootstrap.js'; against '/**/favicon.ico'
565797 [http-nio-8080-exec-9] DEBUG o.s.s.w.u.m.AntPathRequestMatcher - Checking match of request : '/jquery/jquery-2.1.3.js'; against '/images/**'
565797 [http-nio-8080-exec-9] DEBUG o.s.s.w.u.matcher.OrRequestMatcher - Trying to match using Ant [pattern='/webjars/**']
565797 [http-nio-8080-exec-9] DEBUG o.s.s.w.u.m.AntPathRequestMatcher - Checking match of request : '/jquery/jquery-2.1.3.js'; against '/webjars/**'
565797 [http-nio-8080-exec-8] DEBUG o.s.s.w.u.matcher.OrRequestMatcher - Trying to match using Ant [pattern='/images/**']
565797 [http-nio-8080-exec-8] DEBUG o.s.s.w.u.m.AntPathRequestMatcher - Checking match of request : '/bootstrap/css/bootstrap.css'; against '/images/**'
565797 [http-nio-8080-exec-2] DEBUG o.s.s.w.u.matcher.OrRequestMatcher - Trying to match using Ant [pattern='/error']
565797 [http-nio-8080-exec-9] DEBUG o.s.s.w.u.matcher.OrRequestMatcher - Trying to match using Ant [pattern='/**/favicon.ico']
565797 [http-nio-8080-exec-9] DEBUG o.s.s.w.u.m.AntPathRequestMatcher - Checking match of request : '/jquery/jquery-2.1.3.js'; against '/**/favicon.ico'
565797 [http-nio-8080-exec-8] DEBUG o.s.s.w.u.matcher.OrRequestMatcher - Trying to match using Ant [pattern='/webjars/**']
565797 [http-nio-8080-exec-8] DEBUG o.s.s.w.u.m.AntPathRequestMatcher - Checking match of request : '/bootstrap/css/bootstrap.css'; against '/webjars/**'
565797 [http-nio-8080-exec-2] DEBUG o.s.s.w.u.m.AntPathRequestMatcher - Checking match of request : '/bootstrap/js/bootstrap.js'; against '/error'
565797 [http-nio-8080-exec-9] DEBUG o.s.s.w.u.matcher.OrRequestMatcher - Trying to match using Ant [pattern='/error']
565801 [http-nio-8080-exec-8] DEBUG o.s.s.w.u.matcher.OrRequestMatcher - Trying to match using Ant [pattern='/**/favicon.ico']
565801 [http-nio-8080-exec-2] DEBUG o.s.s.w.u.matcher.OrRequestMatcher - No matches found
565801 [http-nio-8080-exec-9] DEBUG o.s.s.w.u.m.AntPathRequestMatcher - Checking match of request : '/jquery/jquery-2.1.3.js'; against '/error'
565801 [http-nio-8080-exec-2] DEBUG o.s.security.web.FilterChainProxy - /bootstrap/js/bootstrap.js at position 1 of 12 in additional filter chain; firing Filter: 'WebAsyncManagerIntegrationFilter'
565801 [http-nio-8080-exec-8] DEBUG o.s.s.w.u.m.AntPathRequestMatcher - Checking match of request : '/bootstrap/css/bootstrap.css'; against '/**/favicon.ico'
565801 [http-nio-8080-exec-9] DEBUG o.s.s.w.u.matcher.OrRequestMatcher - No matches found
565801 [http-nio-8080-exec-8] DEBUG o.s.s.w.u.matcher.OrRequestMatcher - Trying to match using Ant [pattern='/error']
565801 [http-nio-8080-exec-9] DEBUG o.s.security.web.FilterChainProxy - /jquery/jquery-2.1.3.js at position 1 of 12 in additional filter chain; firing Filter: 'WebAsyncManagerIntegrationFilter'
565801 [http-nio-8080-exec-2] DEBUG o.s.security.web.FilterChainProxy - /bootstrap/js/bootstrap.js at position 2 of 12 in additional filter chain; firing Filter: 'SecurityContextPersistenceFilter'
565801 [http-nio-8080-exec-2] DEBUG o.s.s.w.c.HttpSessionSecurityContextRepository - HttpSession returned null object for SPRING_SECURITY_CONTEXT
565801 [http-nio-8080-exec-2] DEBUG o.s.s.w.c.HttpSessionSecurityContextRepository - No SecurityContext was available from the HttpSession: org.apache.catalina.session.StandardSessionFacade@30689b56. A new one will be created.
565801 [http-nio-8080-exec-2] DEBUG o.s.security.web.FilterChainProxy - /bootstrap/js/bootstrap.js at position 3 of 12 in additional filter chain; firing Filter: 'HeaderWriterFilter'
565801 [http-nio-8080-exec-8] DEBUG o.s.s.w.u.m.AntPathRequestMatcher - Checking match of request : '/bootstrap/css/bootstrap.css'; against '/error'
565801 [http-nio-8080-exec-8] DEBUG o.s.s.w.u.matcher.OrRequestMatcher - No matches found
565801 [http-nio-8080-exec-8] DEBUG o.s.security.web.FilterChainProxy - /bootstrap/css/bootstrap.css at position 1 of 12 in additional filter chain; firing Filter: 'WebAsyncManagerIntegrationFilter'
565801 [http-nio-8080-exec-2] DEBUG o.s.s.w.h.writers.HstsHeaderWriter - Not injecting HSTS header since it did not match the requestMatcher org.springframework.security.web.header.writers.HstsHeaderWriter$SecureRequestMatcher@34571983
565801 [http-nio-8080-exec-8] DEBUG o.s.security.web.FilterChainProxy - /bootstrap/css/bootstrap.css at position 2 of 12 in additional filter chain; firing Filter: 'SecurityContextPersistenceFilter'
565801 [http-nio-8080-exec-2] DEBUG o.s.security.web.FilterChainProxy - /bootstrap/js/bootstrap.js at position 4 of 12 in additional filter chain; firing Filter: 'CsrfFilter'
565801 [http-nio-8080-exec-8] DEBUG o.s.s.w.c.HttpSessionSecurityContextRepository - HttpSession returned null object for SPRING_SECURITY_CONTEXT
565801 [http-nio-8080-exec-9] DEBUG o.s.security.web.FilterChainProxy - /jquery/jquery-2.1.3.js at position 2 of 12 in additional filter chain; firing Filter: 'SecurityContextPersistenceFilter'
565801 [http-nio-8080-exec-8] DEBUG o.s.s.w.c.HttpSessionSecurityContextRepository - No SecurityContext was available from the HttpSession: org.apache.catalina.session.StandardSessionFacade@30689b56. A new one will be created.
565801 [http-nio-8080-exec-2] DEBUG o.s.security.web.FilterChainProxy - /bootstrap/js/bootstrap.js at position 5 of 12 in additional filter chain; firing Filter: 'LogoutFilter'
565801 [http-nio-8080-exec-9] DEBUG o.s.s.w.c.HttpSessionSecurityContextRepository - HttpSession returned null object for SPRING_SECURITY_CONTEXT
565801 [http-nio-8080-exec-9] DEBUG o.s.s.w.c.HttpSessionSecurityContextRepository - No SecurityContext was available from the HttpSession: org.apache.catalina.session.StandardSessionFacade@30689b56. A new one will be created.
565801 [http-nio-8080-exec-9] DEBUG o.s.security.web.FilterChainProxy - /jquery/jquery-2.1.3.js at position 3 of 12 in additional filter chain; firing Filter: 'HeaderWriterFilter'
565801 [http-nio-8080-exec-8] DEBUG o.s.security.web.FilterChainProxy - /bootstrap/css/bootstrap.css at position 3 of 12 in additional filter chain; firing Filter: 'HeaderWriterFilter'
565801 [http-nio-8080-exec-2] DEBUG o.s.s.w.u.m.AntPathRequestMatcher - Request 'GET /bootstrap/js/bootstrap.js' doesn't match 'POST /logout
565801 [http-nio-8080-exec-2] DEBUG o.s.security.web.FilterChainProxy - /bootstrap/js/bootstrap.js at position 6 of 12 in additional filter chain; firing Filter: 'UsernamePasswordAuthenticationFilter'
565801 [http-nio-8080-exec-9] DEBUG o.s.s.w.h.writers.HstsHeaderWriter - Not injecting HSTS header since it did not match the requestMatcher org.springframework.security.web.header.writers.HstsHeaderWriter$SecureRequestMatcher@34571983
565801 [http-nio-8080-exec-8] DEBUG o.s.s.w.h.writers.HstsHeaderWriter - Not injecting HSTS header since it did not match the requestMatcher org.springframework.security.web.header.writers.HstsHeaderWriter$SecureRequestMatcher@34571983
565801 [http-nio-8080-exec-2] DEBUG o.s.s.w.u.m.AntPathRequestMatcher - Request 'GET /bootstrap/js/bootstrap.js' doesn't match 'POST /login
565801 [http-nio-8080-exec-9] DEBUG o.s.security.web.FilterChainProxy - /jquery/jquery-2.1.3.js at position 4 of 12 in additional filter chain; firing Filter: 'CsrfFilter'
565803 [http-nio-8080-exec-8] DEBUG o.s.security.web.FilterChainProxy - /bootstrap/css/bootstrap.css at position 4 of 12 in additional filter chain; firing Filter: 'CsrfFilter'
565803 [http-nio-8080-exec-2] DEBUG o.s.security.web.FilterChainProxy - /bootstrap/js/bootstrap.js at position 7 of 12 in additional filter chain; firing Filter: 'RequestCacheAwareFilter'
565803 [http-nio-8080-exec-8] DEBUG o.s.security.web.FilterChainProxy - /bootstrap/css/bootstrap.css at position 5 of 12 in additional filter chain; firing Filter: 'LogoutFilter'
565803 [http-nio-8080-exec-9] DEBUG o.s.security.web.FilterChainProxy - /jquery/jquery-2.1.3.js at position 5 of 12 in additional filter chain; firing Filter: 'LogoutFilter'
565803 [http-nio-8080-exec-2] DEBUG o.s.s.w.s.DefaultSavedRequest - pathInfo: both null (property equals)
565803 [http-nio-8080-exec-2] DEBUG o.s.s.w.s.DefaultSavedRequest - queryString: both null (property equals)
565803 [http-nio-8080-exec-8] DEBUG o.s.s.w.u.m.AntPathRequestMatcher - Request 'GET /bootstrap/css/bootstrap.css' doesn't match 'POST /logout
565803 [http-nio-8080-exec-8] DEBUG o.s.security.web.FilterChainProxy - /bootstrap/css/bootstrap.css at position 6 of 12 in additional filter chain; firing Filter: 'UsernamePasswordAuthenticationFilter'
565803 [http-nio-8080-exec-8] DEBUG o.s.s.w.u.m.AntPathRequestMatcher - Request 'GET /bootstrap/css/bootstrap.css' doesn't match 'POST /login
565803 [http-nio-8080-exec-9] DEBUG o.s.s.w.u.m.AntPathRequestMatcher - Request 'GET /jquery/jquery-2.1.3.js' doesn't match 'POST /logout
565803 [http-nio-8080-exec-9] DEBUG o.s.security.web.FilterChainProxy - /jquery/jquery-2.1.3.js at position 6 of 12 in additional filter chain; firing Filter: 'UsernamePasswordAuthenticationFilter'
565803 [http-nio-8080-exec-9] DEBUG o.s.s.w.u.m.AntPathRequestMatcher - Request 'GET /jquery/jquery-2.1.3.js' doesn't match 'POST /login
565803 [http-nio-8080-exec-2] DEBUG o.s.s.w.s.DefaultSavedRequest - requestURI: arg1=/jquery/jquery-2.1.3.js; arg2=/bootstrap/js/bootstrap.js (property not equals)
565803 [http-nio-8080-exec-8] DEBUG o.s.security.web.FilterChainProxy - /bootstrap/css/bootstrap.css at position 7 of 12 in additional filter chain; firing Filter: 'RequestCacheAwareFilter'
565803 [http-nio-8080-exec-9] DEBUG o.s.security.web.FilterChainProxy - /jquery/jquery-2.1.3.js at position 7 of 12 in additional filter chain; firing Filter: 'RequestCacheAwareFilter'
565803 [http-nio-8080-exec-2] DEBUG o.s.s.w.s.HttpSessionRequestCache - saved request doesn't match
565803 [http-nio-8080-exec-2] DEBUG o.s.security.web.FilterChainProxy - /bootstrap/js/bootstrap.js at position 8 of 12 in additional filter chain; firing Filter: 'SecurityContextHolderAwareRequestFilter'
565803 [http-nio-8080-exec-8] DEBUG o.s.s.w.s.DefaultSavedRequest - pathInfo: both null (property equals)
565803 [http-nio-8080-exec-9] DEBUG o.s.s.w.s.DefaultSavedRequest - pathInfo: both null (property equals)
565803 [http-nio-8080-exec-2] DEBUG o.s.security.web.FilterChainProxy - /bootstrap/js/bootstrap.js at position 9 of 12 in additional filter chain; firing Filter: 'AnonymousAuthenticationFilter'
565803 [http-nio-8080-exec-8] DEBUG o.s.s.w.s.DefaultSavedRequest - queryString: both null (property equals)
565803 [http-nio-8080-exec-9] DEBUG o.s.s.w.s.DefaultSavedRequest - queryString: both null (property equals)
565803 [http-nio-8080-exec-8] DEBUG o.s.s.w.s.DefaultSavedRequest - requestURI: arg1=/jquery/jquery-2.1.3.js; arg2=/bootstrap/css/bootstrap.css (property not equals)
565803 [http-nio-8080-exec-8] DEBUG o.s.s.w.s.HttpSessionRequestCache - saved request doesn't match
565803 [http-nio-8080-exec-2] DEBUG o.s.s.w.a.AnonymousAuthenticationFilter - Populated SecurityContextHolder with anonymous token: 'org.springframework.security.authentication.AnonymousAuthenticationToken@6fabe8e0: Principal: anonymousUser; Credentials: [PROTECTED]; Authenticated: true; Details: org.springframework.security.web.authentication.WebAuthenticationDetails@fffe9938: RemoteIpAddress: 0:0:0:0:0:0:0:1; SessionId: 760D79BA12046463C13AD8F04AD89B62; Granted Authorities: ROLE_ANONYMOUS'
565803 [http-nio-8080-exec-9] DEBUG o.s.s.w.s.DefaultSavedRequest - requestURI: arg1=/jquery/jquery-2.1.3.js; arg2=/jquery/jquery-2.1.3.js (property equals)
565803 [http-nio-8080-exec-8] DEBUG o.s.security.web.FilterChainProxy - /bootstrap/css/bootstrap.css at position 8 of 12 in additional filter chain; firing Filter: 'SecurityContextHolderAwareRequestFilter'
565805 [http-nio-8080-exec-2] DEBUG o.s.security.web.FilterChainProxy - /bootstrap/js/bootstrap.js at position 10 of 12 in additional filter chain; firing Filter: 'SessionManagementFilter'
565805 [http-nio-8080-exec-9] DEBUG o.s.s.w.s.DefaultSavedRequest - serverPort: arg1=8080; arg2=8080 (property equals)
565805 [http-nio-8080-exec-8] DEBUG o.s.security.web.FilterChainProxy - /bootstrap/css/bootstrap.css at position 9 of 12 in additional filter chain; firing Filter: 'AnonymousAuthenticationFilter'
565805 [http-nio-8080-exec-9] DEBUG o.s.s.w.s.DefaultSavedRequest - requestURL: arg1=http://localhost:8080/jquery/jquery-2.1.3.js; arg2=http://localhost:8080/jquery/jquery-2.1.3.js (property equals)
565805 [http-nio-8080-exec-9] DEBUG o.s.s.w.s.DefaultSavedRequest - scheme: arg1=http; arg2=http (property equals)
565805 [http-nio-8080-exec-2] DEBUG o.s.security.web.FilterChainProxy - /bootstrap/js/bootstrap.js at position 11 of 12 in additional filter chain; firing Filter: 'ExceptionTranslationFilter'
565805 [http-nio-8080-exec-2] DEBUG o.s.security.web.FilterChainProxy - /bootstrap/js/bootstrap.js at position 12 of 12 in additional filter chain; firing Filter: 'FilterSecurityInterceptor'
565805 [http-nio-8080-exec-9] DEBUG o.s.s.w.s.DefaultSavedRequest - serverName: arg1=localhost; arg2=localhost (property equals)
565805 [http-nio-8080-exec-9] DEBUG o.s.s.w.s.DefaultSavedRequest - contextPath: arg1=; arg2= (property equals)
565805 [http-nio-8080-exec-9] DEBUG o.s.s.w.s.DefaultSavedRequest - servletPath: arg1=/jquery/jquery-2.1.3.js; arg2=/jquery/jquery-2.1.3.js (property equals)
565805 [http-nio-8080-exec-2] DEBUG o.s.s.w.u.m.AntPathRequestMatcher - Request 'GET /bootstrap/js/bootstrap.js' doesn't match 'POST /logout
565805 [http-nio-8080-exec-8] DEBUG o.s.s.w.a.AnonymousAuthenticationFilter - Populated SecurityContextHolder with anonymous token: 'org.springframework.security.authentication.AnonymousAuthenticationToken@6fabe8e0: Principal: anonymousUser; Credentials: [PROTECTED]; Authenticated: true; Details: org.springframework.security.web.authentication.WebAuthenticationDetails@fffe9938: RemoteIpAddress: 0:0:0:0:0:0:0:1; SessionId: 760D79BA12046463C13AD8F04AD89B62; Granted Authorities: ROLE_ANONYMOUS'
565805 [http-nio-8080-exec-9] DEBUG o.s.s.w.s.HttpSessionRequestCache - Removing DefaultSavedRequest from session if present
565805 [http-nio-8080-exec-8] DEBUG o.s.security.web.FilterChainProxy - /bootstrap/css/bootstrap.css at position 10 of 12 in additional filter chain; firing Filter: 'SessionManagementFilter'
565805 [http-nio-8080-exec-2] DEBUG o.s.s.w.u.m.AntPathRequestMatcher - Checking match of request : '/bootstrap/js/bootstrap.js'; against '/static/**'
565805 [http-nio-8080-exec-8] DEBUG o.s.security.web.FilterChainProxy - /bootstrap/css/bootstrap.css at position 11 of 12 in additional filter chain; firing Filter: 'ExceptionTranslationFilter'
565806 [http-nio-8080-exec-8] DEBUG o.s.security.web.FilterChainProxy - /bootstrap/css/bootstrap.css at position 12 of 12 in additional filter chain; firing Filter: 'FilterSecurityInterceptor'
565806 [http-nio-8080-exec-2] DEBUG o.s.s.w.a.i.FilterSecurityInterceptor - Secure object: FilterInvocation: URL: /bootstrap/js/bootstrap.js; Attributes: [authenticated]
565806 [http-nio-8080-exec-8] DEBUG o.s.s.w.u.m.AntPathRequestMatcher - Request 'GET /bootstrap/css/bootstrap.css' doesn't match 'POST /logout
565806 [http-nio-8080-exec-9] DEBUG o.s.security.web.FilterChainProxy - /jquery/jquery-2.1.3.js at position 8 of 12 in additional filter chain; firing Filter: 'SecurityContextHolderAwareRequestFilter'
565806 [http-nio-8080-exec-9] DEBUG o.s.security.web.FilterChainProxy - /jquery/jquery-2.1.3.js at position 9 of 12 in additional filter chain; firing Filter: 'AnonymousAuthenticationFilter'
565806 [http-nio-8080-exec-9] DEBUG o.s.s.w.a.AnonymousAuthenticationFilter - Populated SecurityContextHolder with anonymous token: 'org.springframework.security.authentication.AnonymousAuthenticationToken@6fabe8e0: Principal: anonymousUser; Credentials: [PROTECTED]; Authenticated: true; Details: org.springframework.security.web.authentication.WebAuthenticationDetails@fffe9938: RemoteIpAddress: 0:0:0:0:0:0:0:1; SessionId: 760D79BA12046463C13AD8F04AD89B62; Granted Authorities: ROLE_ANONYMOUS'
565806 [http-nio-8080-exec-2] DEBUG o.s.s.w.a.i.FilterSecurityInterceptor - Previously Authenticated: org.springframework.security.authentication.AnonymousAuthenticationToken@6fabe8e0: Principal: anonymousUser; Credentials: [PROTECTED]; Authenticated: true; Details: org.springframework.security.web.authentication.WebAuthenticationDetails@fffe9938: RemoteIpAddress: 0:0:0:0:0:0:0:1; SessionId: 760D79BA12046463C13AD8F04AD89B62; Granted Authorities: ROLE_ANONYMOUS
565806 [http-nio-8080-exec-8] DEBUG o.s.s.w.u.m.AntPathRequestMatcher - Checking match of request : '/bootstrap/css/bootstrap.css'; against '/static/**'
565807 [http-nio-8080-exec-9] DEBUG o.s.security.web.FilterChainProxy - /jquery/jquery-2.1.3.js at position 10 of 12 in additional filter chain; firing Filter: 'SessionManagementFilter'
565807 [http-nio-8080-exec-9] DEBUG o.s.security.web.FilterChainProxy - /jquery/jquery-2.1.3.js at position 11 of 12 in additional filter chain; firing Filter: 'ExceptionTranslationFilter'
565807 [http-nio-8080-exec-8] DEBUG o.s.s.w.a.i.FilterSecurityInterceptor - Secure object: FilterInvocation: URL: /bootstrap/css/bootstrap.css; Attributes: [authenticated]
565807 [http-nio-8080-exec-2] DEBUG o.s.s.access.vote.AffirmativeBased - Voter: org.springframework.security.web.access.expression.WebExpressionVoter@7155916d, returned: -1
565807 [http-nio-8080-exec-9] DEBUG o.s.security.web.FilterChainProxy - /jquery/jquery-2.1.3.js at position 12 of 12 in additional filter chain; firing Filter: 'FilterSecurityInterceptor'
565807 [http-nio-8080-exec-8] DEBUG o.s.s.w.a.i.FilterSecurityInterceptor - Previously Authenticated: org.springframework.security.authentication.AnonymousAuthenticationToken@6fabe8e0: Principal: anonymousUser; Credentials: [PROTECTED]; Authenticated: true; Details: org.springframework.security.web.authentication.WebAuthenticationDetails@fffe9938: RemoteIpAddress: 0:0:0:0:0:0:0:1; SessionId: 760D79BA12046463C13AD8F04AD89B62; Granted Authorities: ROLE_ANONYMOUS
565807 [http-nio-8080-exec-9] DEBUG o.s.s.w.u.m.AntPathRequestMatcher - Request 'GET /jquery/jquery-2.1.3.js' doesn't match 'POST /logout
565807 [http-nio-8080-exec-9] DEBUG o.s.s.w.u.m.AntPathRequestMatcher - Checking match of request : '/jquery/jquery-2.1.3.js'; against '/static/**'
565807 [http-nio-8080-exec-9] DEBUG o.s.s.w.a.i.FilterSecurityInterceptor - Secure object: FilterInvocation: URL: /jquery/jquery-2.1.3.js; Attributes: [authenticated]
565807 [http-nio-8080-exec-9] DEBUG o.s.s.w.a.i.FilterSecurityInterceptor - Previously Authenticated: org.springframework.security.authentication.AnonymousAuthenticationToken@6fabe8e0: Principal: anonymousUser; Credentials: [PROTECTED]; Authenticated: true; Details: org.springframework.security.web.authentication.WebAuthenticationDetails@fffe9938: RemoteIpAddress: 0:0:0:0:0:0:0:1; SessionId: 760D79BA12046463C13AD8F04AD89B62; Granted Authorities: ROLE_ANONYMOUS
565807 [http-nio-8080-exec-2] DEBUG o.s.s.w.a.ExceptionTranslationFilter - Access is denied (user is anonymous); redirecting to authentication entry point
org.springframework.security.access.AccessDeniedException: Access is denied
	at org.springframework.security.access.vote.AffirmativeBased.decide(AffirmativeBased.java:84)
	at org.springframework.security.access.intercept.AbstractSecurityInterceptor.beforeInvocation(AbstractSecurityInterceptor.java:233)
	at org.springframework.security.web.access.intercept.FilterSecurityInterceptor.invoke(FilterSecurityInterceptor.java:124)
	at org.springframework.security.web.access.intercept.FilterSecurityInterceptor.doFilter(FilterSecurityInterceptor.java:91)
	at org.springframework.security.web.FilterChainProxy$VirtualFilterChain.doFilter(FilterChainProxy.java:331)
	at org.springframework.security.web.access.ExceptionTranslationFilter.doFilter(ExceptionTranslationFilter.java:114)
	at org.springframework.security.web.FilterChainProxy$VirtualFilterChain.doFilter(FilterChainProxy.java:331)
	at org.springframework.security.web.session.SessionManagementFilter.doFilter(SessionManagementFilter.java:137)
	at org.springframework.security.web.FilterChainProxy$VirtualFilterChain.doFilter(FilterChainProxy.java:331)
	at org.springframework.security.web.authentication.AnonymousAuthenticationFilter.doFilter(AnonymousAuthenticationFilter.java:111)
	at org.springframework.security.web.FilterChainProxy$VirtualFilterChain.doFilter(FilterChainProxy.java:331)
	at org.springframework.security.web.servletapi.SecurityContextHolderAwareRequestFilter.doFilter(SecurityContextHolderAwareRequestFilter.java:170)
	at org.springframework.security.web.FilterChainProxy$VirtualFilterChain.doFilter(FilterChainProxy.java:331)
	at org.springframework.security.web.savedrequest.RequestCacheAwareFilter.doFilter(RequestCacheAwareFilter.java:63)
	at org.springframework.security.web.FilterChainProxy$VirtualFilterChain.doFilter(FilterChainProxy.java:331)
	at org.springframework.security.web.authentication.AbstractAuthenticationProcessingFilter.doFilter(AbstractAuthenticationProcessingFilter.java:200)
	at org.springframework.security.web.FilterChainProxy$VirtualFilterChain.doFilter(FilterChainProxy.java:331)
	at org.springframework.security.web.authentication.logout.LogoutFilter.doFilter(LogoutFilter.java:116)
	at org.springframework.security.web.FilterChainProxy$VirtualFilterChain.doFilter(FilterChainProxy.java:331)
	at org.springframework.security.web.csrf.CsrfFilter.doFilterInternal(CsrfFilter.java:100)
	at org.springframework.web.filter.OncePerRequestFilter.doFilter(OncePerRequestFilter.java:107)
	at org.springframework.security.web.FilterChainProxy$VirtualFilterChain.doFilter(FilterChainProxy.java:331)
	at org.springframework.security.web.header.HeaderWriterFilter.doFilterInternal(HeaderWriterFilter.java:64)
	at org.springframework.web.filter.OncePerRequestFilter.doFilter(OncePerRequestFilter.java:107)
	at org.springframework.security.web.FilterChainProxy$VirtualFilterChain.doFilter(FilterChainProxy.java:331)
	at org.springframework.security.web.context.SecurityContextPersistenceFilter.doFilter(SecurityContextPersistenceFilter.java:105)
	at org.springframework.security.web.FilterChainProxy$VirtualFilterChain.doFilter(FilterChainProxy.java:331)
	at org.springframework.security.web.context.request.async.WebAsyncManagerIntegrationFilter.doFilterInternal(WebAsyncManagerIntegrationFilter.java:56)
	at org.springframework.web.filter.OncePerRequestFilter.doFilter(OncePerRequestFilter.java:107)
	at org.springframework.security.web.FilterChainProxy$VirtualFilterChain.doFilter(FilterChainProxy.java:331)
	at org.springframework.security.web.FilterChainProxy.doFilterInternal(FilterChainProxy.java:214)
	at org.springframework.security.web.FilterChainProxy.doFilter(FilterChainProxy.java:177)
	at org.springframework.web.filter.DelegatingFilterProxy.invokeDelegate(DelegatingFilterProxy.java:347)
	at org.springframework.web.filter.DelegatingFilterProxy.doFilter(DelegatingFilterProxy.java:263)
	at org.apache.catalina.core.ApplicationFilterChain.internalDoFilter(ApplicationFilterChain.java:193)
	at org.apache.catalina.core.ApplicationFilterChain.doFilter(ApplicationFilterChain.java:166)
	at org.springframework.web.filter.RequestContextFilter.doFilterInternal(RequestContextFilter.java:99)
	at org.springframework.web.filter.OncePerRequestFilter.doFilter(OncePerRequestFilter.java:107)
	at org.apache.catalina.core.ApplicationFilterChain.internalDoFilter(ApplicationFilterChain.java:193)
	at org.apache.catalina.core.ApplicationFilterChain.doFilter(ApplicationFilterChain.java:166)
	at org.springframework.web.filter.HttpPutFormContentFilter.doFilterInternal(HttpPutFormContentFilter.java:108)
	at org.springframework.web.filter.OncePerRequestFilter.doFilter(OncePerRequestFilter.java:107)
	at org.apache.catalina.core.ApplicationFilterChain.internalDoFilter(ApplicationFilterChain.java:193)
	at org.apache.catalina.core.ApplicationFilterChain.doFilter(ApplicationFilterChain.java:166)
	at org.springframework.web.filter.HiddenHttpMethodFilter.doFilterInternal(HiddenHttpMethodFilter.java:81)
	at org.springframework.web.filter.OncePerRequestFilter.doFilter(OncePerRequestFilter.java:107)
	at org.apache.catalina.core.ApplicationFilterChain.internalDoFilter(ApplicationFilterChain.java:193)
	at org.apache.catalina.core.ApplicationFilterChain.doFilter(ApplicationFilterChain.java:166)
	at org.springframework.web.filter.CharacterEncodingFilter.doFilterInternal(CharacterEncodingFilter.java:197)
	at org.springframework.web.filter.OncePerRequestFilter.doFilter(OncePerRequestFilter.java:107)
	at org.apache.catalina.core.ApplicationFilterChain.internalDoFilter(ApplicationFilterChain.java:193)
	at org.apache.catalina.core.ApplicationFilterChain.doFilter(ApplicationFilterChain.java:166)
	at org.apache.catalina.core.StandardWrapperValve.invoke(StandardWrapperValve.java:199)
	at org.apache.catalina.core.StandardContextValve.invoke(StandardContextValve.java:96)
	at org.apache.catalina.authenticator.AuthenticatorBase.invoke(AuthenticatorBase.java:478)
	at org.apache.catalina.core.StandardHostValve.invoke(StandardHostValve.java:140)
	at org.apache.catalina.valves.ErrorReportValve.invoke(ErrorReportValve.java:81)
	at org.apache.catalina.core.StandardEngineValve.invoke(StandardEngineValve.java:87)
	at org.apache.catalina.connector.CoyoteAdapter.service(CoyoteAdapter.java:342)
	at org.apache.coyote.http11.Http11Processor.service(Http11Processor.java:803)
	at org.apache.coyote.AbstractProcessorLight.process(AbstractProcessorLight.java:66)
	at org.apache.coyote.AbstractProtocol$ConnectionHandler.process(AbstractProtocol.java:868)
	at org.apache.tomcat.util.net.NioEndpoint$SocketProcessor.doRun(NioEndpoint.java:1459)
	at org.apache.tomcat.util.net.SocketProcessorBase.run(SocketProcessorBase.java:49)
	at java.util.concurrent.ThreadPoolExecutor.runWorker(ThreadPoolExecutor.java:1149)
	at java.util.concurrent.ThreadPoolExecutor$Worker.run(ThreadPoolExecutor.java:624)
	at org.apache.tomcat.util.threads.TaskThread$WrappingRunnable.run(TaskThread.java:61)
	at java.lang.Thread.run(Thread.java:748)
565807 [http-nio-8080-exec-8] DEBUG o.s.s.access.vote.AffirmativeBased - Voter: org.springframework.security.web.access.expression.WebExpressionVoter@7155916d, returned: -1
565807 [http-nio-8080-exec-9] DEBUG o.s.s.access.vote.AffirmativeBased - Voter: org.springframework.security.web.access.expression.WebExpressionVoter@7155916d, returned: -1
565808 [http-nio-8080-exec-2] DEBUG o.s.s.w.u.matcher.AndRequestMatcher - Trying to match using Ant [pattern='/**', GET]
565808 [http-nio-8080-exec-2] DEBUG o.s.s.w.u.m.AntPathRequestMatcher - Request '/bootstrap/js/bootstrap.js' matched by universal pattern '/**'
565808 [http-nio-8080-exec-2] DEBUG o.s.s.w.u.matcher.AndRequestMatcher - Trying to match using NegatedRequestMatcher [requestMatcher=Ant [pattern='/**/favicon.ico']]
565808 [http-nio-8080-exec-2] DEBUG o.s.s.w.u.m.AntPathRequestMatcher - Checking match of request : '/bootstrap/js/bootstrap.js'; against '/**/favicon.ico'
565808 [http-nio-8080-exec-2] DEBUG o.s.s.w.u.m.NegatedRequestMatcher - matches = true
565808 [http-nio-8080-exec-2] DEBUG o.s.s.w.u.matcher.AndRequestMatcher - Trying to match using NegatedRequestMatcher [requestMatcher=MediaTypeRequestMatcher [contentNegotiationStrategy=org.springframework.web.accept.ContentNegotiationManager@34a84d5e, matchingMediaTypes=[application/json], useEquals=false, ignoredMediaTypes=[*/*]]]
565808 [http-nio-8080-exec-8] DEBUG o.s.s.w.a.ExceptionTranslationFilter - Access is denied (user is anonymous); redirecting to authentication entry point
org.springframework.security.access.AccessDeniedException: Access is denied
	at org.springframework.security.access.vote.AffirmativeBased.decide(AffirmativeBased.java:84)
	at org.springframework.security.access.intercept.AbstractSecurityInterceptor.beforeInvocation(AbstractSecurityInterceptor.java:233)
	at org.springframework.security.web.access.intercept.FilterSecurityInterceptor.invoke(FilterSecurityInterceptor.java:124)
	at org.springframework.security.web.access.intercept.FilterSecurityInterceptor.doFilter(FilterSecurityInterceptor.java:91)
	at org.springframework.security.web.FilterChainProxy$VirtualFilterChain.doFilter(FilterChainProxy.java:331)
	at org.springframework.security.web.access.ExceptionTranslationFilter.doFilter(ExceptionTranslationFilter.java:114)
	at org.springframework.security.web.FilterChainProxy$VirtualFilterChain.doFilter(FilterChainProxy.java:331)
	at org.springframework.security.web.session.SessionManagementFilter.doFilter(SessionManagementFilter.java:137)
	at org.springframework.security.web.FilterChainProxy$VirtualFilterChain.doFilter(FilterChainProxy.java:331)
	at org.springframework.security.web.authentication.AnonymousAuthenticationFilter.doFilter(AnonymousAuthenticationFilter.java:111)
	at org.springframework.security.web.FilterChainProxy$VirtualFilterChain.doFilter(FilterChainProxy.java:331)
	at org.springframework.security.web.servletapi.SecurityContextHolderAwareRequestFilter.doFilter(SecurityContextHolderAwareRequestFilter.java:170)
	at org.springframework.security.web.FilterChainProxy$VirtualFilterChain.doFilter(FilterChainProxy.java:331)
	at org.springframework.security.web.savedrequest.RequestCacheAwareFilter.doFilter(RequestCacheAwareFilter.java:63)
	at org.springframework.security.web.FilterChainProxy$VirtualFilterChain.doFilter(FilterChainProxy.java:331)
	at org.springframework.security.web.authentication.AbstractAuthenticationProcessingFilter.doFilter(AbstractAuthenticationProcessingFilter.java:200)
	at org.springframework.security.web.FilterChainProxy$VirtualFilterChain.doFilter(FilterChainProxy.java:331)
	at org.springframework.security.web.authentication.logout.LogoutFilter.doFilter(LogoutFilter.java:116)
	at org.springframework.security.web.FilterChainProxy$VirtualFilterChain.doFilter(FilterChainProxy.java:331)
	at org.springframework.security.web.csrf.CsrfFilter.doFilterInternal(CsrfFilter.java:100)
	at org.springframework.web.filter.OncePerRequestFilter.doFilter(OncePerRequestFilter.java:107)
	at org.springframework.security.web.FilterChainProxy$VirtualFilterChain.doFilter(FilterChainProxy.java:331)
	at org.springframework.security.web.header.HeaderWriterFilter.doFilterInternal(HeaderWriterFilter.java:64)
	at org.springframework.web.filter.OncePerRequestFilter.doFilter(OncePerRequestFilter.java:107)
	at org.springframework.security.web.FilterChainProxy$VirtualFilterChain.doFilter(FilterChainProxy.java:331)
	at org.springframework.security.web.context.SecurityContextPersistenceFilter.doFilter(SecurityContextPersistenceFilter.java:105)
	at org.springframework.security.web.FilterChainProxy$VirtualFilterChain.doFilter(FilterChainProxy.java:331)
	at org.springframework.security.web.context.request.async.WebAsyncManagerIntegrationFilter.doFilterInternal(WebAsyncManagerIntegrationFilter.java:56)
	at org.springframework.web.filter.OncePerRequestFilter.doFilter(OncePerRequestFilter.java:107)
	at org.springframework.security.web.FilterChainProxy$VirtualFilterChain.doFilter(FilterChainProxy.java:331)
	at org.springframework.security.web.FilterChainProxy.doFilterInternal(FilterChainProxy.java:214)
	at org.springframework.security.web.FilterChainProxy.doFilter(FilterChainProxy.java:177)
	at org.springframework.web.filter.DelegatingFilterProxy.invokeDelegate(DelegatingFilterProxy.java:347)
	at org.springframework.web.filter.DelegatingFilterProxy.doFilter(DelegatingFilterProxy.java:263)
	at org.apache.catalina.core.ApplicationFilterChain.internalDoFilter(ApplicationFilterChain.java:193)
	at org.apache.catalina.core.ApplicationFilterChain.doFilter(ApplicationFilterChain.java:166)
	at org.springframework.web.filter.RequestContextFilter.doFilterInternal(RequestContextFilter.java:99)
	at org.springframework.web.filter.OncePerRequestFilter.doFilter(OncePerRequestFilter.java:107)
	at org.apache.catalina.core.ApplicationFilterChain.internalDoFilter(ApplicationFilterChain.java:193)
	at org.apache.catalina.core.ApplicationFilterChain.doFilter(ApplicationFilterChain.java:166)
	at org.springframework.web.filter.HttpPutFormContentFilter.doFilterInternal(HttpPutFormContentFilter.java:108)
	at org.springframework.web.filter.OncePerRequestFilter.doFilter(OncePerRequestFilter.java:107)
	at org.apache.catalina.core.ApplicationFilterChain.internalDoFilter(ApplicationFilterChain.java:193)
	at org.apache.catalina.core.ApplicationFilterChain.doFilter(ApplicationFilterChain.java:166)
	at org.springframework.web.filter.HiddenHttpMethodFilter.doFilterInternal(HiddenHttpMethodFilter.java:81)
	at org.springframework.web.filter.OncePerRequestFilter.doFilter(OncePerRequestFilter.java:107)
	at org.apache.catalina.core.ApplicationFilterChain.internalDoFilter(ApplicationFilterChain.java:193)
	at org.apache.catalina.core.ApplicationFilterChain.doFilter(ApplicationFilterChain.java:166)
	at org.springframework.web.filter.CharacterEncodingFilter.doFilterInternal(CharacterEncodingFilter.java:197)
	at org.springframework.web.filter.OncePerRequestFilter.doFilter(OncePerRequestFilter.java:107)
	at org.apache.catalina.core.ApplicationFilterChain.internalDoFilter(ApplicationFilterChain.java:193)
	at org.apache.catalina.core.ApplicationFilterChain.doFilter(ApplicationFilterChain.java:166)
	at org.apache.catalina.core.StandardWrapperValve.invoke(StandardWrapperValve.java:199)
	at org.apache.catalina.core.StandardContextValve.invoke(StandardContextValve.java:96)
	at org.apache.catalina.authenticator.AuthenticatorBase.invoke(AuthenticatorBase.java:478)
	at org.apache.catalina.core.StandardHostValve.invoke(StandardHostValve.java:140)
	at org.apache.catalina.valves.ErrorReportValve.invoke(ErrorReportValve.java:81)
	at org.apache.catalina.core.StandardEngineValve.invoke(StandardEngineValve.java:87)
	at org.apache.catalina.connector.CoyoteAdapter.service(CoyoteAdapter.java:342)
	at org.apache.coyote.http11.Http11Processor.service(Http11Processor.java:803)
	at org.apache.coyote.AbstractProcessorLight.process(AbstractProcessorLight.java:66)
	at org.apache.coyote.AbstractProtocol$ConnectionHandler.process(AbstractProtocol.java:868)
	at org.apache.tomcat.util.net.NioEndpoint$SocketProcessor.doRun(NioEndpoint.java:1459)
	at org.apache.tomcat.util.net.SocketProcessorBase.run(SocketProcessorBase.java:49)
	at java.util.concurrent.ThreadPoolExecutor.runWorker(ThreadPoolExecutor.java:1149)
	at java.util.concurrent.ThreadPoolExecutor$Worker.run(ThreadPoolExecutor.java:624)
	at org.apache.tomcat.util.threads.TaskThread$WrappingRunnable.run(TaskThread.java:61)
	at java.lang.Thread.run(Thread.java:748)
565808 [http-nio-8080-exec-2] DEBUG o.s.s.w.u.m.MediaTypeRequestMatcher - httpRequestMediaTypes=[application/javascript]
565808 [http-nio-8080-exec-9] DEBUG o.s.s.w.a.ExceptionTranslationFilter - Access is denied (user is anonymous); redirecting to authentication entry point
org.springframework.security.access.AccessDeniedException: Access is denied
	at org.springframework.security.access.vote.AffirmativeBased.decide(AffirmativeBased.java:84)
	at org.springframework.security.access.intercept.AbstractSecurityInterceptor.beforeInvocation(AbstractSecurityInterceptor.java:233)
	at org.springframework.security.web.access.intercept.FilterSecurityInterceptor.invoke(FilterSecurityInterceptor.java:124)
	at org.springframework.security.web.access.intercept.FilterSecurityInterceptor.doFilter(FilterSecurityInterceptor.java:91)
	at org.springframework.security.web.FilterChainProxy$VirtualFilterChain.doFilter(FilterChainProxy.java:331)
	at org.springframework.security.web.access.ExceptionTranslationFilter.doFilter(ExceptionTranslationFilter.java:114)
	at org.springframework.security.web.FilterChainProxy$VirtualFilterChain.doFilter(FilterChainProxy.java:331)
	at org.springframework.security.web.session.SessionManagementFilter.doFilter(SessionManagementFilter.java:137)
	at org.springframework.security.web.FilterChainProxy$VirtualFilterChain.doFilter(FilterChainProxy.java:331)
	at org.springframework.security.web.authentication.AnonymousAuthenticationFilter.doFilter(AnonymousAuthenticationFilter.java:111)
	at org.springframework.security.web.FilterChainProxy$VirtualFilterChain.doFilter(FilterChainProxy.java:331)
	at org.springframework.security.web.servletapi.SecurityContextHolderAwareRequestFilter.doFilter(SecurityContextHolderAwareRequestFilter.java:170)
	at org.springframework.security.web.FilterChainProxy$VirtualFilterChain.doFilter(FilterChainProxy.java:331)
	at org.springframework.security.web.savedrequest.RequestCacheAwareFilter.doFilter(RequestCacheAwareFilter.java:63)
	at org.springframework.security.web.FilterChainProxy$VirtualFilterChain.doFilter(FilterChainProxy.java:331)
	at org.springframework.security.web.authentication.AbstractAuthenticationProcessingFilter.doFilter(AbstractAuthenticationProcessingFilter.java:200)
	at org.springframework.security.web.FilterChainProxy$VirtualFilterChain.doFilter(FilterChainProxy.java:331)
	at org.springframework.security.web.authentication.logout.LogoutFilter.doFilter(LogoutFilter.java:116)
	at org.springframework.security.web.FilterChainProxy$VirtualFilterChain.doFilter(FilterChainProxy.java:331)
	at org.springframework.security.web.csrf.CsrfFilter.doFilterInternal(CsrfFilter.java:100)
	at org.springframework.web.filter.OncePerRequestFilter.doFilter(OncePerRequestFilter.java:107)
	at org.springframework.security.web.FilterChainProxy$VirtualFilterChain.doFilter(FilterChainProxy.java:331)
	at org.springframework.security.web.header.HeaderWriterFilter.doFilterInternal(HeaderWriterFilter.java:64)
	at org.springframework.web.filter.OncePerRequestFilter.doFilter(OncePerRequestFilter.java:107)
	at org.springframework.security.web.FilterChainProxy$VirtualFilterChain.doFilter(FilterChainProxy.java:331)
	at org.springframework.security.web.context.SecurityContextPersistenceFilter.doFilter(SecurityContextPersistenceFilter.java:105)
	at org.springframework.security.web.FilterChainProxy$VirtualFilterChain.doFilter(FilterChainProxy.java:331)
	at org.springframework.security.web.context.request.async.WebAsyncManagerIntegrationFilter.doFilterInternal(WebAsyncManagerIntegrationFilter.java:56)
	at org.springframework.web.filter.OncePerRequestFilter.doFilter(OncePerRequestFilter.java:107)
	at org.springframework.security.web.FilterChainProxy$VirtualFilterChain.doFilter(FilterChainProxy.java:331)
	at org.springframework.security.web.FilterChainProxy.doFilterInternal(FilterChainProxy.java:214)
	at org.springframework.security.web.FilterChainProxy.doFilter(FilterChainProxy.java:177)
	at org.springframework.web.filter.DelegatingFilterProxy.invokeDelegate(DelegatingFilterProxy.java:347)
	at org.springframework.web.filter.DelegatingFilterProxy.doFilter(DelegatingFilterProxy.java:263)
	at org.apache.catalina.core.ApplicationFilterChain.internalDoFilter(ApplicationFilterChain.java:193)
	at org.apache.catalina.core.ApplicationFilterChain.doFilter(ApplicationFilterChain.java:166)
	at org.springframework.web.filter.RequestContextFilter.doFilterInternal(RequestContextFilter.java:99)
	at org.springframework.web.filter.OncePerRequestFilter.doFilter(OncePerRequestFilter.java:107)
	at org.apache.catalina.core.ApplicationFilterChain.internalDoFilter(ApplicationFilterChain.java:193)
	at org.apache.catalina.core.ApplicationFilterChain.doFilter(ApplicationFilterChain.java:166)
	at org.springframework.web.filter.HttpPutFormContentFilter.doFilterInternal(HttpPutFormContentFilter.java:108)
	at org.springframework.web.filter.OncePerRequestFilter.doFilter(OncePerRequestFilter.java:107)
	at org.apache.catalina.core.ApplicationFilterChain.internalDoFilter(ApplicationFilterChain.java:193)
	at org.apache.catalina.core.ApplicationFilterChain.doFilter(ApplicationFilterChain.java:166)
	at org.springframework.web.filter.HiddenHttpMethodFilter.doFilterInternal(HiddenHttpMethodFilter.java:81)
	at org.springframework.web.filter.OncePerRequestFilter.doFilter(OncePerRequestFilter.java:107)
	at org.apache.catalina.core.ApplicationFilterChain.internalDoFilter(ApplicationFilterChain.java:193)
	at org.apache.catalina.core.ApplicationFilterChain.doFilter(ApplicationFilterChain.java:166)
	at org.springframework.web.filter.CharacterEncodingFilter.doFilterInternal(CharacterEncodingFilter.java:197)
	at org.springframework.web.filter.OncePerRequestFilter.doFilter(OncePerRequestFilter.java:107)
	at org.apache.catalina.core.ApplicationFilterChain.internalDoFilter(ApplicationFilterChain.java:193)
	at org.apache.catalina.core.ApplicationFilterChain.doFilter(ApplicationFilterChain.java:166)
	at org.apache.catalina.core.StandardWrapperValve.invoke(StandardWrapperValve.java:199)
	at org.apache.catalina.core.StandardContextValve.invoke(StandardContextValve.java:96)
	at org.apache.catalina.authenticator.AuthenticatorBase.invoke(AuthenticatorBase.java:478)
	at org.apache.catalina.core.StandardHostValve.invoke(StandardHostValve.java:140)
	at org.apache.catalina.valves.ErrorReportValve.invoke(ErrorReportValve.java:81)
	at org.apache.catalina.core.StandardEngineValve.invoke(StandardEngineValve.java:87)
	at org.apache.catalina.connector.CoyoteAdapter.service(CoyoteAdapter.java:342)
	at org.apache.coyote.http11.Http11Processor.service(Http11Processor.java:803)
	at org.apache.coyote.AbstractProcessorLight.process(AbstractProcessorLight.java:66)
	at org.apache.coyote.AbstractProtocol$ConnectionHandler.process(AbstractProtocol.java:868)
	at org.apache.tomcat.util.net.NioEndpoint$SocketProcessor.doRun(NioEndpoint.java:1459)
	at org.apache.tomcat.util.net.SocketProcessorBase.run(SocketProcessorBase.java:49)
	at java.util.concurrent.ThreadPoolExecutor.runWorker(ThreadPoolExecutor.java:1149)
	at java.util.concurrent.ThreadPoolExecutor$Worker.run(ThreadPoolExecutor.java:624)
	at org.apache.tomcat.util.threads.TaskThread$WrappingRunnable.run(TaskThread.java:61)
	at java.lang.Thread.run(Thread.java:748)
565810 [http-nio-8080-exec-2] DEBUG o.s.s.w.u.m.MediaTypeRequestMatcher - Processing application/javascript
565810 [http-nio-8080-exec-8] DEBUG o.s.s.w.u.matcher.AndRequestMatcher - Trying to match using Ant [pattern='/**', GET]
565810 [http-nio-8080-exec-9] DEBUG o.s.s.w.u.matcher.AndRequestMatcher - Trying to match using Ant [pattern='/**', GET]
565810 [http-nio-8080-exec-2] DEBUG o.s.s.w.u.m.MediaTypeRequestMatcher - application/json .isCompatibleWith application/javascript = false
565810 [http-nio-8080-exec-8] DEBUG o.s.s.w.u.m.AntPathRequestMatcher - Request '/bootstrap/css/bootstrap.css' matched by universal pattern '/**'
565810 [http-nio-8080-exec-9] DEBUG o.s.s.w.u.m.AntPathRequestMatcher - Request '/jquery/jquery-2.1.3.js' matched by universal pattern '/**'
565810 [http-nio-8080-exec-2] DEBUG o.s.s.w.u.m.MediaTypeRequestMatcher - Did not match any media types
565810 [http-nio-8080-exec-9] DEBUG o.s.s.w.u.matcher.AndRequestMatcher - Trying to match using NegatedRequestMatcher [requestMatcher=Ant [pattern='/**/favicon.ico']]
565810 [http-nio-8080-exec-8] DEBUG o.s.s.w.u.matcher.AndRequestMatcher - Trying to match using NegatedRequestMatcher [requestMatcher=Ant [pattern='/**/favicon.ico']]
565810 [http-nio-8080-exec-2] DEBUG o.s.s.w.u.m.NegatedRequestMatcher - matches = true
565810 [http-nio-8080-exec-9] DEBUG o.s.s.w.u.m.AntPathRequestMatcher - Checking match of request : '/jquery/jquery-2.1.3.js'; against '/**/favicon.ico'
565810 [http-nio-8080-exec-8] DEBUG o.s.s.w.u.m.AntPathRequestMatcher - Checking match of request : '/bootstrap/css/bootstrap.css'; against '/**/favicon.ico'
565810 [http-nio-8080-exec-2] DEBUG o.s.s.w.u.matcher.AndRequestMatcher - Trying to match using NegatedRequestMatcher [requestMatcher=RequestHeaderRequestMatcher [expectedHeaderName=X-Requested-With, expectedHeaderValue=XMLHttpRequest]]
565810 [http-nio-8080-exec-8] DEBUG o.s.s.w.u.m.NegatedRequestMatcher - matches = true
565810 [http-nio-8080-exec-2] DEBUG o.s.s.w.u.m.NegatedRequestMatcher - matches = true
565810 [http-nio-8080-exec-9] DEBUG o.s.s.w.u.m.NegatedRequestMatcher - matches = true
565810 [http-nio-8080-exec-2] DEBUG o.s.s.w.u.matcher.AndRequestMatcher - All requestMatchers returned true
565810 [http-nio-8080-exec-9] DEBUG o.s.s.w.u.matcher.AndRequestMatcher - Trying to match using NegatedRequestMatcher [requestMatcher=MediaTypeRequestMatcher [contentNegotiationStrategy=org.springframework.web.accept.ContentNegotiationManager@34a84d5e, matchingMediaTypes=[application/json], useEquals=false, ignoredMediaTypes=[*/*]]]
565810 [http-nio-8080-exec-8] DEBUG o.s.s.w.u.matcher.AndRequestMatcher - Trying to match using NegatedRequestMatcher [requestMatcher=MediaTypeRequestMatcher [contentNegotiationStrategy=org.springframework.web.accept.ContentNegotiationManager@34a84d5e, matchingMediaTypes=[application/json], useEquals=false, ignoredMediaTypes=[*/*]]]
565810 [http-nio-8080-exec-9] DEBUG o.s.s.w.u.m.MediaTypeRequestMatcher - httpRequestMediaTypes=[application/javascript]
565810 [http-nio-8080-exec-8] DEBUG o.s.s.w.u.m.MediaTypeRequestMatcher - httpRequestMediaTypes=[text/css]
565810 [http-nio-8080-exec-9] DEBUG o.s.s.w.u.m.MediaTypeRequestMatcher - Processing application/javascript
565810 [http-nio-8080-exec-8] DEBUG o.s.s.w.u.m.MediaTypeRequestMatcher - Processing text/css
565810 [http-nio-8080-exec-9] DEBUG o.s.s.w.u.m.MediaTypeRequestMatcher - application/json .isCompatibleWith application/javascript = false
565810 [http-nio-8080-exec-8] DEBUG o.s.s.w.u.m.MediaTypeRequestMatcher - application/json .isCompatibleWith text/css = false
565810 [http-nio-8080-exec-9] DEBUG o.s.s.w.u.m.MediaTypeRequestMatcher - Did not match any media types
565810 [http-nio-8080-exec-8] DEBUG o.s.s.w.u.m.MediaTypeRequestMatcher - Did not match any media types
565810 [http-nio-8080-exec-9] DEBUG o.s.s.w.u.m.NegatedRequestMatcher - matches = true
565810 [http-nio-8080-exec-8] DEBUG o.s.s.w.u.m.NegatedRequestMatcher - matches = true
565810 [http-nio-8080-exec-9] DEBUG o.s.s.w.u.matcher.AndRequestMatcher - Trying to match using NegatedRequestMatcher [requestMatcher=RequestHeaderRequestMatcher [expectedHeaderName=X-Requested-With, expectedHeaderValue=XMLHttpRequest]]
565810 [http-nio-8080-exec-2] DEBUG o.s.s.w.s.HttpSessionRequestCache - DefaultSavedRequest added to Session: DefaultSavedRequest[http://localhost:8080/bootstrap/js/bootstrap.js]
565810 [http-nio-8080-exec-8] DEBUG o.s.s.w.u.matcher.AndRequestMatcher - Trying to match using NegatedRequestMatcher [requestMatcher=RequestHeaderRequestMatcher [expectedHeaderName=X-Requested-With, expectedHeaderValue=XMLHttpRequest]]
565810 [http-nio-8080-exec-9] DEBUG o.s.s.w.u.m.NegatedRequestMatcher - matches = true
565810 [http-nio-8080-exec-2] DEBUG o.s.s.w.a.ExceptionTranslationFilter - Calling Authentication entry point.
565810 [http-nio-8080-exec-8] DEBUG o.s.s.w.u.m.NegatedRequestMatcher - matches = true
565810 [http-nio-8080-exec-9] DEBUG o.s.s.w.u.matcher.AndRequestMatcher - All requestMatchers returned true
565811 [http-nio-8080-exec-8] DEBUG o.s.s.w.u.matcher.AndRequestMatcher - All requestMatchers returned true
565811 [http-nio-8080-exec-2] DEBUG o.s.s.web.DefaultRedirectStrategy - Redirecting to 'http://localhost:8080/login'
565811 [http-nio-8080-exec-2] DEBUG o.s.s.w.c.HttpSessionSecurityContextRepository - SecurityContext is empty or contents are anonymous - context will not be stored in HttpSession.
565811 [http-nio-8080-exec-9] DEBUG o.s.s.w.s.HttpSessionRequestCache - DefaultSavedRequest added to Session: DefaultSavedRequest[http://localhost:8080/jquery/jquery-2.1.3.js]
565811 [http-nio-8080-exec-9] DEBUG o.s.s.w.a.ExceptionTranslationFilter - Calling Authentication entry point.
565811 [http-nio-8080-exec-2] DEBUG o.s.s.w.c.SecurityContextPersistenceFilter - SecurityContextHolder now cleared, as request processing completed
565811 [http-nio-8080-exec-8] DEBUG o.s.s.w.s.HttpSessionRequestCache - DefaultSavedRequest added to Session: DefaultSavedRequest[http://localhost:8080/bootstrap/css/bootstrap.css]
565811 [http-nio-8080-exec-8] DEBUG o.s.s.w.a.ExceptionTranslationFilter - Calling Authentication entry point.
565811 [http-nio-8080-exec-9] DEBUG o.s.s.web.DefaultRedirectStrategy - Redirecting to 'http://localhost:8080/login'
565812 [http-nio-8080-exec-9] DEBUG o.s.s.w.c.HttpSessionSecurityContextRepository - SecurityContext is empty or contents are anonymous - context will not be stored in HttpSession.
565812 [http-nio-8080-exec-8] DEBUG o.s.s.web.DefaultRedirectStrategy - Redirecting to 'http://localhost:8080/login'
565812 [http-nio-8080-exec-8] DEBUG o.s.s.w.c.HttpSessionSecurityContextRepository - SecurityContext is empty or contents are anonymous - context will not be stored in HttpSession.
565812 [http-nio-8080-exec-9] DEBUG o.s.s.w.c.SecurityContextPersistenceFilter - SecurityContextHolder now cleared, as request processing completed
565812 [http-nio-8080-exec-8] DEBUG o.s.s.w.c.SecurityContextPersistenceFilter - SecurityContextHolder now cleared, as request processing completed
565814 [http-nio-8080-exec-10] DEBUG o.s.s.w.u.matcher.OrRequestMatcher - Trying to match using Ant [pattern='/css/**']
565814 [http-nio-8080-exec-10] DEBUG o.s.s.w.u.m.AntPathRequestMatcher - Checking match of request : '/login'; against '/css/**'
565814 [http-nio-8080-exec-10] DEBUG o.s.s.w.u.matcher.OrRequestMatcher - Trying to match using Ant [pattern='/js/**']
565814 [http-nio-8080-exec-10] DEBUG o.s.s.w.u.m.AntPathRequestMatcher - Checking match of request : '/login'; against '/js/**'
565814 [http-nio-8080-exec-10] DEBUG o.s.s.w.u.matcher.OrRequestMatcher - Trying to match using Ant [pattern='/images/**']
565814 [http-nio-8080-exec-10] DEBUG o.s.s.w.u.m.AntPathRequestMatcher - Checking match of request : '/login'; against '/images/**'
565814 [http-nio-8080-exec-10] DEBUG o.s.s.w.u.matcher.OrRequestMatcher - Trying to match using Ant [pattern='/webjars/**']
565814 [http-nio-8080-exec-10] DEBUG o.s.s.w.u.m.AntPathRequestMatcher - Checking match of request : '/login'; against '/webjars/**'
565814 [http-nio-8080-exec-10] DEBUG o.s.s.w.u.matcher.OrRequestMatcher - Trying to match using Ant [pattern='/**/favicon.ico']
565814 [http-nio-8080-exec-10] DEBUG o.s.s.w.u.m.AntPathRequestMatcher - Checking match of request : '/login'; against '/**/favicon.ico'
565814 [http-nio-8080-exec-10] DEBUG o.s.s.w.u.matcher.OrRequestMatcher - Trying to match using Ant [pattern='/error']
565814 [http-nio-8080-exec-10] DEBUG o.s.s.w.u.m.AntPathRequestMatcher - Checking match of request : '/login'; against '/error'
565814 [http-nio-8080-exec-10] DEBUG o.s.s.w.u.matcher.OrRequestMatcher - No matches found
565814 [http-nio-8080-exec-10] DEBUG o.s.security.web.FilterChainProxy - /login at position 1 of 12 in additional filter chain; firing Filter: 'WebAsyncManagerIntegrationFilter'
565814 [http-nio-8080-exec-10] DEBUG o.s.security.web.FilterChainProxy - /login at position 2 of 12 in additional filter chain; firing Filter: 'SecurityContextPersistenceFilter'
565814 [http-nio-8080-exec-10] DEBUG o.s.s.w.c.HttpSessionSecurityContextRepository - HttpSession returned null object for SPRING_SECURITY_CONTEXT
565814 [http-nio-8080-exec-10] DEBUG o.s.s.w.c.HttpSessionSecurityContextRepository - No SecurityContext was available from the HttpSession: org.apache.catalina.session.StandardSessionFacade@30689b56. A new one will be created.
565814 [http-nio-8080-exec-10] DEBUG o.s.security.web.FilterChainProxy - /login at position 3 of 12 in additional filter chain; firing Filter: 'HeaderWriterFilter'
565814 [http-nio-8080-exec-10] DEBUG o.s.s.w.h.writers.HstsHeaderWriter - Not injecting HSTS header since it did not match the requestMatcher org.springframework.security.web.header.writers.HstsHeaderWriter$SecureRequestMatcher@34571983
565814 [http-nio-8080-exec-10] DEBUG o.s.security.web.FilterChainProxy - /login at position 4 of 12 in additional filter chain; firing Filter: 'CsrfFilter'
565814 [http-nio-8080-exec-10] DEBUG o.s.security.web.FilterChainProxy - /login at position 5 of 12 in additional filter chain; firing Filter: 'LogoutFilter'
565814 [http-nio-8080-exec-10] DEBUG o.s.s.w.u.m.AntPathRequestMatcher - Request 'GET /login' doesn't match 'POST /logout
565814 [http-nio-8080-exec-10] DEBUG o.s.security.web.FilterChainProxy - /login at position 6 of 12 in additional filter chain; firing Filter: 'UsernamePasswordAuthenticationFilter'
565814 [http-nio-8080-exec-10] DEBUG o.s.s.w.u.m.AntPathRequestMatcher - Request 'GET /login' doesn't match 'POST /login
565814 [http-nio-8080-exec-10] DEBUG o.s.security.web.FilterChainProxy - /login at position 7 of 12 in additional filter chain; firing Filter: 'RequestCacheAwareFilter'
565814 [http-nio-8080-exec-10] DEBUG o.s.s.w.s.DefaultSavedRequest - pathInfo: both null (property equals)
565814 [http-nio-8080-exec-10] DEBUG o.s.s.w.s.DefaultSavedRequest - queryString: both null (property equals)
565814 [http-nio-8080-exec-10] DEBUG o.s.s.w.s.DefaultSavedRequest - requestURI: arg1=/bootstrap/css/bootstrap.css; arg2=/login (property not equals)
565820 [http-nio-8080-exec-10] DEBUG o.s.s.w.s.HttpSessionRequestCache - saved request doesn't match
565820 [http-nio-8080-exec-10] DEBUG o.s.security.web.FilterChainProxy - /login at position 8 of 12 in additional filter chain; firing Filter: 'SecurityContextHolderAwareRequestFilter'
565820 [http-nio-8080-exec-10] DEBUG o.s.security.web.FilterChainProxy - /login at position 9 of 12 in additional filter chain; firing Filter: 'AnonymousAuthenticationFilter'
565820 [http-nio-8080-exec-10] DEBUG o.s.s.w.a.AnonymousAuthenticationFilter - Populated SecurityContextHolder with anonymous token: 'org.springframework.security.authentication.AnonymousAuthenticationToken@6fabe8e0: Principal: anonymousUser; Credentials: [PROTECTED]; Authenticated: true; Details: org.springframework.security.web.authentication.WebAuthenticationDetails@fffe9938: RemoteIpAddress: 0:0:0:0:0:0:0:1; SessionId: 760D79BA12046463C13AD8F04AD89B62; Granted Authorities: ROLE_ANONYMOUS'
565820 [http-nio-8080-exec-10] DEBUG o.s.security.web.FilterChainProxy - /login at position 10 of 12 in additional filter chain; firing Filter: 'SessionManagementFilter'
565820 [http-nio-8080-exec-10] DEBUG o.s.security.web.FilterChainProxy - /login at position 11 of 12 in additional filter chain; firing Filter: 'ExceptionTranslationFilter'
565820 [http-nio-8080-exec-10] DEBUG o.s.security.web.FilterChainProxy - /login at position 12 of 12 in additional filter chain; firing Filter: 'FilterSecurityInterceptor'
565820 [http-nio-8080-exec-10] DEBUG o.s.s.w.a.i.FilterSecurityInterceptor - Secure object: FilterInvocation: URL: /login; Attributes: [permitAll]
565820 [http-nio-8080-exec-10] DEBUG o.s.s.w.a.i.FilterSecurityInterceptor - Previously Authenticated: org.springframework.security.authentication.AnonymousAuthenticationToken@6fabe8e0: Principal: anonymousUser; Credentials: [PROTECTED]; Authenticated: true; Details: org.springframework.security.web.authentication.WebAuthenticationDetails@fffe9938: RemoteIpAddress: 0:0:0:0:0:0:0:1; SessionId: 760D79BA12046463C13AD8F04AD89B62; Granted Authorities: ROLE_ANONYMOUS
565820 [http-nio-8080-exec-10] DEBUG o.s.s.access.vote.AffirmativeBased - Voter: org.springframework.security.web.access.expression.WebExpressionVoter@7155916d, returned: 1
565820 [http-nio-8080-exec-10] DEBUG o.s.s.w.a.i.FilterSecurityInterceptor - Authorization successful
565820 [http-nio-8080-exec-10] DEBUG o.s.s.w.a.i.FilterSecurityInterceptor - RunAsManager did not change Authentication object
565820 [http-nio-8080-exec-10] DEBUG o.s.security.web.FilterChainProxy - /login reached end of additional filter chain; proceeding with original chain
565822 [http-nio-8080-exec-10] DEBUG o.s.s.w.c.HttpSessionSecurityContextRepository - SecurityContext is empty or contents are anonymous - context will not be stored in HttpSession.
565822 [http-nio-8080-exec-10] DEBUG o.s.s.w.a.ExceptionTranslationFilter - Chain processed normally
565822 [http-nio-8080-exec-10] DEBUG o.s.s.w.c.SecurityContextPersistenceFilter - SecurityContextHolder now cleared, as request processing completed
565824 [http-nio-8080-exec-3] DEBUG o.s.s.w.u.matcher.OrRequestMatcher - Trying to match using Ant [pattern='/css/**']
565824 [http-nio-8080-exec-1] DEBUG o.s.s.w.u.matcher.OrRequestMatcher - Trying to match using Ant [pattern='/css/**']
565824 [http-nio-8080-exec-3] DEBUG o.s.s.w.u.m.AntPathRequestMatcher - Checking match of request : '/login'; against '/css/**'
565824 [http-nio-8080-exec-1] DEBUG o.s.s.w.u.m.AntPathRequestMatcher - Checking match of request : '/login'; against '/css/**'
565824 [http-nio-8080-exec-3] DEBUG o.s.s.w.u.matcher.OrRequestMatcher - Trying to match using Ant [pattern='/js/**']
565824 [http-nio-8080-exec-3] DEBUG o.s.s.w.u.m.AntPathRequestMatcher - Checking match of request : '/login'; against '/js/**'
565824 [http-nio-8080-exec-3] DEBUG o.s.s.w.u.matcher.OrRequestMatcher - Trying to match using Ant [pattern='/images/**']
565824 [http-nio-8080-exec-3] DEBUG o.s.s.w.u.m.AntPathRequestMatcher - Checking match of request : '/login'; against '/images/**'
565824 [http-nio-8080-exec-3] DEBUG o.s.s.w.u.matcher.OrRequestMatcher - Trying to match using Ant [pattern='/webjars/**']
565824 [http-nio-8080-exec-3] DEBUG o.s.s.w.u.m.AntPathRequestMatcher - Checking match of request : '/login'; against '/webjars/**'
565824 [http-nio-8080-exec-3] DEBUG o.s.s.w.u.matcher.OrRequestMatcher - Trying to match using Ant [pattern='/**/favicon.ico']
565824 [http-nio-8080-exec-1] DEBUG o.s.s.w.u.matcher.OrRequestMatcher - Trying to match using Ant [pattern='/js/**']
565824 [http-nio-8080-exec-3] DEBUG o.s.s.w.u.m.AntPathRequestMatcher - Checking match of request : '/login'; against '/**/favicon.ico'
565824 [http-nio-8080-exec-1] DEBUG o.s.s.w.u.m.AntPathRequestMatcher - Checking match of request : '/login'; against '/js/**'
565824 [http-nio-8080-exec-3] DEBUG o.s.s.w.u.matcher.OrRequestMatcher - Trying to match using Ant [pattern='/error']
565824 [http-nio-8080-exec-1] DEBUG o.s.s.w.u.matcher.OrRequestMatcher - Trying to match using Ant [pattern='/images/**']
565824 [http-nio-8080-exec-1] DEBUG o.s.s.w.u.m.AntPathRequestMatcher - Checking match of request : '/login'; against '/images/**'
565824 [http-nio-8080-exec-1] DEBUG o.s.s.w.u.matcher.OrRequestMatcher - Trying to match using Ant [pattern='/webjars/**']
565824 [http-nio-8080-exec-1] DEBUG o.s.s.w.u.m.AntPathRequestMatcher - Checking match of request : '/login'; against '/webjars/**'
565824 [http-nio-8080-exec-1] DEBUG o.s.s.w.u.matcher.OrRequestMatcher - Trying to match using Ant [pattern='/**/favicon.ico']
565824 [http-nio-8080-exec-1] DEBUG o.s.s.w.u.m.AntPathRequestMatcher - Checking match of request : '/login'; against '/**/favicon.ico'
565824 [http-nio-8080-exec-3] DEBUG o.s.s.w.u.m.AntPathRequestMatcher - Checking match of request : '/login'; against '/error'
565824 [http-nio-8080-exec-1] DEBUG o.s.s.w.u.matcher.OrRequestMatcher - Trying to match using Ant [pattern='/error']
565824 [http-nio-8080-exec-3] DEBUG o.s.s.w.u.matcher.OrRequestMatcher - No matches found
565824 [http-nio-8080-exec-1] DEBUG o.s.s.w.u.m.AntPathRequestMatcher - Checking match of request : '/login'; against '/error'
565824 [http-nio-8080-exec-1] DEBUG o.s.s.w.u.matcher.OrRequestMatcher - No matches found
565824 [http-nio-8080-exec-3] DEBUG o.s.security.web.FilterChainProxy - /login at position 1 of 12 in additional filter chain; firing Filter: 'WebAsyncManagerIntegrationFilter'
565824 [http-nio-8080-exec-1] DEBUG o.s.security.web.FilterChainProxy - /login at position 1 of 12 in additional filter chain; firing Filter: 'WebAsyncManagerIntegrationFilter'
565824 [http-nio-8080-exec-3] DEBUG o.s.security.web.FilterChainProxy - /login at position 2 of 12 in additional filter chain; firing Filter: 'SecurityContextPersistenceFilter'
565824 [http-nio-8080-exec-1] DEBUG o.s.security.web.FilterChainProxy - /login at position 2 of 12 in additional filter chain; firing Filter: 'SecurityContextPersistenceFilter'
565824 [http-nio-8080-exec-3] DEBUG o.s.s.w.c.HttpSessionSecurityContextRepository - HttpSession returned null object for SPRING_SECURITY_CONTEXT
565826 [http-nio-8080-exec-1] DEBUG o.s.s.w.c.HttpSessionSecurityContextRepository - HttpSession returned null object for SPRING_SECURITY_CONTEXT
565826 [http-nio-8080-exec-1] DEBUG o.s.s.w.c.HttpSessionSecurityContextRepository - No SecurityContext was available from the HttpSession: org.apache.catalina.session.StandardSessionFacade@30689b56. A new one will be created.
565826 [http-nio-8080-exec-3] DEBUG o.s.s.w.c.HttpSessionSecurityContextRepository - No SecurityContext was available from the HttpSession: org.apache.catalina.session.StandardSessionFacade@30689b56. A new one will be created.
565826 [http-nio-8080-exec-1] DEBUG o.s.security.web.FilterChainProxy - /login at position 3 of 12 in additional filter chain; firing Filter: 'HeaderWriterFilter'
565826 [http-nio-8080-exec-3] DEBUG o.s.security.web.FilterChainProxy - /login at position 3 of 12 in additional filter chain; firing Filter: 'HeaderWriterFilter'
565826 [http-nio-8080-exec-1] DEBUG o.s.s.w.h.writers.HstsHeaderWriter - Not injecting HSTS header since it did not match the requestMatcher org.springframework.security.web.header.writers.HstsHeaderWriter$SecureRequestMatcher@34571983
565826 [http-nio-8080-exec-3] DEBUG o.s.s.w.h.writers.HstsHeaderWriter - Not injecting HSTS header since it did not match the requestMatcher org.springframework.security.web.header.writers.HstsHeaderWriter$SecureRequestMatcher@34571983
565826 [http-nio-8080-exec-1] DEBUG o.s.security.web.FilterChainProxy - /login at position 4 of 12 in additional filter chain; firing Filter: 'CsrfFilter'
565826 [http-nio-8080-exec-3] DEBUG o.s.security.web.FilterChainProxy - /login at position 4 of 12 in additional filter chain; firing Filter: 'CsrfFilter'
565826 [http-nio-8080-exec-1] DEBUG o.s.security.web.FilterChainProxy - /login at position 5 of 12 in additional filter chain; firing Filter: 'LogoutFilter'
565826 [http-nio-8080-exec-3] DEBUG o.s.security.web.FilterChainProxy - /login at position 5 of 12 in additional filter chain; firing Filter: 'LogoutFilter'
565826 [http-nio-8080-exec-1] DEBUG o.s.s.w.u.m.AntPathRequestMatcher - Request 'GET /login' doesn't match 'POST /logout
565826 [http-nio-8080-exec-3] DEBUG o.s.s.w.u.m.AntPathRequestMatcher - Request 'GET /login' doesn't match 'POST /logout
565826 [http-nio-8080-exec-1] DEBUG o.s.security.web.FilterChainProxy - /login at position 6 of 12 in additional filter chain; firing Filter: 'UsernamePasswordAuthenticationFilter'
565826 [http-nio-8080-exec-3] DEBUG o.s.security.web.FilterChainProxy - /login at position 6 of 12 in additional filter chain; firing Filter: 'UsernamePasswordAuthenticationFilter'
565826 [http-nio-8080-exec-1] DEBUG o.s.s.w.u.m.AntPathRequestMatcher - Request 'GET /login' doesn't match 'POST /login
565826 [http-nio-8080-exec-3] DEBUG o.s.s.w.u.m.AntPathRequestMatcher - Request 'GET /login' doesn't match 'POST /login
565826 [http-nio-8080-exec-1] DEBUG o.s.security.web.FilterChainProxy - /login at position 7 of 12 in additional filter chain; firing Filter: 'RequestCacheAwareFilter'
565826 [http-nio-8080-exec-3] DEBUG o.s.security.web.FilterChainProxy - /login at position 7 of 12 in additional filter chain; firing Filter: 'RequestCacheAwareFilter'
565826 [http-nio-8080-exec-1] DEBUG o.s.s.w.s.DefaultSavedRequest - pathInfo: both null (property equals)
565826 [http-nio-8080-exec-1] DEBUG o.s.s.w.s.DefaultSavedRequest - queryString: both null (property equals)
565826 [http-nio-8080-exec-3] DEBUG o.s.s.w.s.DefaultSavedRequest - pathInfo: both null (property equals)
565826 [http-nio-8080-exec-1] DEBUG o.s.s.w.s.DefaultSavedRequest - requestURI: arg1=/bootstrap/css/bootstrap.css; arg2=/login (property not equals)
565826 [http-nio-8080-exec-1] DEBUG o.s.s.w.s.HttpSessionRequestCache - saved request doesn't match
565826 [http-nio-8080-exec-1] DEBUG o.s.security.web.FilterChainProxy - /login at position 8 of 12 in additional filter chain; firing Filter: 'SecurityContextHolderAwareRequestFilter'
565826 [http-nio-8080-exec-1] DEBUG o.s.security.web.FilterChainProxy - /login at position 9 of 12 in additional filter chain; firing Filter: 'AnonymousAuthenticationFilter'
565826 [http-nio-8080-exec-3] DEBUG o.s.s.w.s.DefaultSavedRequest - queryString: both null (property equals)
565828 [http-nio-8080-exec-1] DEBUG o.s.s.w.a.AnonymousAuthenticationFilter - Populated SecurityContextHolder with anonymous token: 'org.springframework.security.authentication.AnonymousAuthenticationToken@6fabe8e0: Principal: anonymousUser; Credentials: [PROTECTED]; Authenticated: true; Details: org.springframework.security.web.authentication.WebAuthenticationDetails@fffe9938: RemoteIpAddress: 0:0:0:0:0:0:0:1; SessionId: 760D79BA12046463C13AD8F04AD89B62; Granted Authorities: ROLE_ANONYMOUS'
565828 [http-nio-8080-exec-3] DEBUG o.s.s.w.s.DefaultSavedRequest - requestURI: arg1=/bootstrap/css/bootstrap.css; arg2=/login (property not equals)
565828 [http-nio-8080-exec-1] DEBUG o.s.security.web.FilterChainProxy - /login at position 10 of 12 in additional filter chain; firing Filter: 'SessionManagementFilter'
565828 [http-nio-8080-exec-3] DEBUG o.s.s.w.s.HttpSessionRequestCache - saved request doesn't match
565828 [http-nio-8080-exec-1] DEBUG o.s.security.web.FilterChainProxy - /login at position 11 of 12 in additional filter chain; firing Filter: 'ExceptionTranslationFilter'
565828 [http-nio-8080-exec-1] DEBUG o.s.security.web.FilterChainProxy - /login at position 12 of 12 in additional filter chain; firing Filter: 'FilterSecurityInterceptor'
565828 [http-nio-8080-exec-1] DEBUG o.s.s.w.a.i.FilterSecurityInterceptor - Secure object: FilterInvocation: URL: /login; Attributes: [permitAll]
565828 [http-nio-8080-exec-1] DEBUG o.s.s.w.a.i.FilterSecurityInterceptor - Previously Authenticated: org.springframework.security.authentication.AnonymousAuthenticationToken@6fabe8e0: Principal: anonymousUser; Credentials: [PROTECTED]; Authenticated: true; Details: org.springframework.security.web.authentication.WebAuthenticationDetails@fffe9938: RemoteIpAddress: 0:0:0:0:0:0:0:1; SessionId: 760D79BA12046463C13AD8F04AD89B62; Granted Authorities: ROLE_ANONYMOUS
565828 [http-nio-8080-exec-3] DEBUG o.s.security.web.FilterChainProxy - /login at position 8 of 12 in additional filter chain; firing Filter: 'SecurityContextHolderAwareRequestFilter'
565828 [http-nio-8080-exec-3] DEBUG o.s.security.web.FilterChainProxy - /login at position 9 of 12 in additional filter chain; firing Filter: 'AnonymousAuthenticationFilter'
565828 [http-nio-8080-exec-3] DEBUG o.s.s.w.a.AnonymousAuthenticationFilter - Populated SecurityContextHolder with anonymous token: 'org.springframework.security.authentication.AnonymousAuthenticationToken@6fabe8e0: Principal: anonymousUser; Credentials: [PROTECTED]; Authenticated: true; Details: org.springframework.security.web.authentication.WebAuthenticationDetails@fffe9938: RemoteIpAddress: 0:0:0:0:0:0:0:1; SessionId: 760D79BA12046463C13AD8F04AD89B62; Granted Authorities: ROLE_ANONYMOUS'
565828 [http-nio-8080-exec-3] DEBUG o.s.security.web.FilterChainProxy - /login at position 10 of 12 in additional filter chain; firing Filter: 'SessionManagementFilter'
565828 [http-nio-8080-exec-1] DEBUG o.s.s.access.vote.AffirmativeBased - Voter: org.springframework.security.web.access.expression.WebExpressionVoter@7155916d, returned: 1
565828 [http-nio-8080-exec-3] DEBUG o.s.security.web.FilterChainProxy - /login at position 11 of 12 in additional filter chain; firing Filter: 'ExceptionTranslationFilter'
565828 [http-nio-8080-exec-1] DEBUG o.s.s.w.a.i.FilterSecurityInterceptor - Authorization successful
565828 [http-nio-8080-exec-1] DEBUG o.s.s.w.a.i.FilterSecurityInterceptor - RunAsManager did not change Authentication object
565828 [http-nio-8080-exec-1] DEBUG o.s.security.web.FilterChainProxy - /login reached end of additional filter chain; proceeding with original chain
565828 [http-nio-8080-exec-3] DEBUG o.s.security.web.FilterChainProxy - /login at position 12 of 12 in additional filter chain; firing Filter: 'FilterSecurityInterceptor'
565828 [http-nio-8080-exec-3] DEBUG o.s.s.w.a.i.FilterSecurityInterceptor - Secure object: FilterInvocation: URL: /login; Attributes: [permitAll]
565828 [http-nio-8080-exec-3] DEBUG o.s.s.w.a.i.FilterSecurityInterceptor - Previously Authenticated: org.springframework.security.authentication.AnonymousAuthenticationToken@6fabe8e0: Principal: anonymousUser; Credentials: [PROTECTED]; Authenticated: true; Details: org.springframework.security.web.authentication.WebAuthenticationDetails@fffe9938: RemoteIpAddress: 0:0:0:0:0:0:0:1; SessionId: 760D79BA12046463C13AD8F04AD89B62; Granted Authorities: ROLE_ANONYMOUS
565828 [http-nio-8080-exec-3] DEBUG o.s.s.access.vote.AffirmativeBased - Voter: org.springframework.security.web.access.expression.WebExpressionVoter@7155916d, returned: 1
565828 [http-nio-8080-exec-3] DEBUG o.s.s.w.a.i.FilterSecurityInterceptor - Authorization successful
565828 [http-nio-8080-exec-3] DEBUG o.s.s.w.a.i.FilterSecurityInterceptor - RunAsManager did not change Authentication object
565828 [http-nio-8080-exec-3] DEBUG o.s.security.web.FilterChainProxy - /login reached end of additional filter chain; proceeding with original chain
565829 [http-nio-8080-exec-3] DEBUG o.s.s.w.c.HttpSessionSecurityContextRepository - SecurityContext is empty or contents are anonymous - context will not be stored in HttpSession.
565830 [http-nio-8080-exec-1] DEBUG o.s.s.w.c.HttpSessionSecurityContextRepository - SecurityContext is empty or contents are anonymous - context will not be stored in HttpSession.
565830 [http-nio-8080-exec-3] DEBUG o.s.s.w.a.ExceptionTranslationFilter - Chain processed normally
565830 [http-nio-8080-exec-3] DEBUG o.s.s.w.c.SecurityContextPersistenceFilter - SecurityContextHolder now cleared, as request processing completed
565830 [http-nio-8080-exec-1] DEBUG o.s.s.w.a.ExceptionTranslationFilter - Chain processed normally
565830 [http-nio-8080-exec-1] DEBUG o.s.s.w.c.SecurityContextPersistenceFilter - SecurityContextHolder now cleared, as request processing completed
565843 [http-nio-8080-exec-4] DEBUG o.s.s.w.u.matcher.OrRequestMatcher - Trying to match using Ant [pattern='/css/**']
565844 [http-nio-8080-exec-4] DEBUG o.s.s.w.u.m.AntPathRequestMatcher - Checking match of request : '/favicon.ico'; against '/css/**'
565844 [http-nio-8080-exec-4] DEBUG o.s.s.w.u.matcher.OrRequestMatcher - Trying to match using Ant [pattern='/js/**']
565844 [http-nio-8080-exec-4] DEBUG o.s.s.w.u.m.AntPathRequestMatcher - Checking match of request : '/favicon.ico'; against '/js/**'
565844 [http-nio-8080-exec-4] DEBUG o.s.s.w.u.matcher.OrRequestMatcher - Trying to match using Ant [pattern='/images/**']
565844 [http-nio-8080-exec-4] DEBUG o.s.s.w.u.m.AntPathRequestMatcher - Checking match of request : '/favicon.ico'; against '/images/**'
565844 [http-nio-8080-exec-4] DEBUG o.s.s.w.u.matcher.OrRequestMatcher - Trying to match using Ant [pattern='/webjars/**']
565844 [http-nio-8080-exec-4] DEBUG o.s.s.w.u.m.AntPathRequestMatcher - Checking match of request : '/favicon.ico'; against '/webjars/**'
565844 [http-nio-8080-exec-4] DEBUG o.s.s.w.u.matcher.OrRequestMatcher - Trying to match using Ant [pattern='/**/favicon.ico']
565844 [http-nio-8080-exec-4] DEBUG o.s.s.w.u.m.AntPathRequestMatcher - Checking match of request : '/favicon.ico'; against '/**/favicon.ico'
565844 [http-nio-8080-exec-4] DEBUG o.s.s.w.u.matcher.OrRequestMatcher - matched
565844 [http-nio-8080-exec-4] DEBUG o.s.security.web.FilterChainProxy - /favicon.ico has an empty filter list
567783 [http-nio-8080-exec-5] DEBUG o.s.s.w.u.matcher.OrRequestMatcher - Trying to match using Ant [pattern='/css/**']
567783 [http-nio-8080-exec-5] DEBUG o.s.s.w.u.m.AntPathRequestMatcher - Checking match of request : '/login'; against '/css/**'
567783 [http-nio-8080-exec-5] DEBUG o.s.s.w.u.matcher.OrRequestMatcher - Trying to match using Ant [pattern='/js/**']
567783 [http-nio-8080-exec-5] DEBUG o.s.s.w.u.m.AntPathRequestMatcher - Checking match of request : '/login'; against '/js/**'
567783 [http-nio-8080-exec-5] DEBUG o.s.s.w.u.matcher.OrRequestMatcher - Trying to match using Ant [pattern='/images/**']
567783 [http-nio-8080-exec-5] DEBUG o.s.s.w.u.m.AntPathRequestMatcher - Checking match of request : '/login'; against '/images/**'
567783 [http-nio-8080-exec-5] DEBUG o.s.s.w.u.matcher.OrRequestMatcher - Trying to match using Ant [pattern='/webjars/**']
567783 [http-nio-8080-exec-5] DEBUG o.s.s.w.u.m.AntPathRequestMatcher - Checking match of request : '/login'; against '/webjars/**'
567783 [http-nio-8080-exec-5] DEBUG o.s.s.w.u.matcher.OrRequestMatcher - Trying to match using Ant [pattern='/**/favicon.ico']
567783 [http-nio-8080-exec-5] DEBUG o.s.s.w.u.m.AntPathRequestMatcher - Checking match of request : '/login'; against '/**/favicon.ico'
567783 [http-nio-8080-exec-5] DEBUG o.s.s.w.u.matcher.OrRequestMatcher - Trying to match using Ant [pattern='/error']
567783 [http-nio-8080-exec-5] DEBUG o.s.s.w.u.m.AntPathRequestMatcher - Checking match of request : '/login'; against '/error'
567783 [http-nio-8080-exec-5] DEBUG o.s.s.w.u.matcher.OrRequestMatcher - No matches found
567783 [http-nio-8080-exec-5] DEBUG o.s.security.web.FilterChainProxy - /login at position 1 of 12 in additional filter chain; firing Filter: 'WebAsyncManagerIntegrationFilter'
567783 [http-nio-8080-exec-5] DEBUG o.s.security.web.FilterChainProxy - /login at position 2 of 12 in additional filter chain; firing Filter: 'SecurityContextPersistenceFilter'
567784 [http-nio-8080-exec-5] DEBUG o.s.s.w.c.HttpSessionSecurityContextRepository - HttpSession returned null object for SPRING_SECURITY_CONTEXT
567784 [http-nio-8080-exec-5] DEBUG o.s.s.w.c.HttpSessionSecurityContextRepository - No SecurityContext was available from the HttpSession: org.apache.catalina.session.StandardSessionFacade@30689b56. A new one will be created.
567784 [http-nio-8080-exec-5] DEBUG o.s.security.web.FilterChainProxy - /login at position 3 of 12 in additional filter chain; firing Filter: 'HeaderWriterFilter'
567784 [http-nio-8080-exec-5] DEBUG o.s.s.w.h.writers.HstsHeaderWriter - Not injecting HSTS header since it did not match the requestMatcher org.springframework.security.web.header.writers.HstsHeaderWriter$SecureRequestMatcher@34571983
567784 [http-nio-8080-exec-5] DEBUG o.s.security.web.FilterChainProxy - /login at position 4 of 12 in additional filter chain; firing Filter: 'CsrfFilter'
567784 [http-nio-8080-exec-5] DEBUG o.s.security.web.FilterChainProxy - /login at position 5 of 12 in additional filter chain; firing Filter: 'LogoutFilter'
567784 [http-nio-8080-exec-5] DEBUG o.s.s.w.u.m.AntPathRequestMatcher - Request 'GET /login' doesn't match 'POST /logout
567784 [http-nio-8080-exec-5] DEBUG o.s.security.web.FilterChainProxy - /login at position 6 of 12 in additional filter chain; firing Filter: 'UsernamePasswordAuthenticationFilter'
567784 [http-nio-8080-exec-5] DEBUG o.s.s.w.u.m.AntPathRequestMatcher - Request 'GET /login' doesn't match 'POST /login
567784 [http-nio-8080-exec-5] DEBUG o.s.security.web.FilterChainProxy - /login at position 7 of 12 in additional filter chain; firing Filter: 'RequestCacheAwareFilter'
567784 [http-nio-8080-exec-5] DEBUG o.s.s.w.s.DefaultSavedRequest - pathInfo: both null (property equals)
567784 [http-nio-8080-exec-5] DEBUG o.s.s.w.s.DefaultSavedRequest - queryString: both null (property equals)
567784 [http-nio-8080-exec-5] DEBUG o.s.s.w.s.DefaultSavedRequest - requestURI: arg1=/bootstrap/css/bootstrap.css; arg2=/login (property not equals)
567788 [http-nio-8080-exec-5] DEBUG o.s.s.w.s.HttpSessionRequestCache - saved request doesn't match
567788 [http-nio-8080-exec-5] DEBUG o.s.security.web.FilterChainProxy - /login at position 8 of 12 in additional filter chain; firing Filter: 'SecurityContextHolderAwareRequestFilter'
567788 [http-nio-8080-exec-5] DEBUG o.s.security.web.FilterChainProxy - /login at position 9 of 12 in additional filter chain; firing Filter: 'AnonymousAuthenticationFilter'
567788 [http-nio-8080-exec-5] DEBUG o.s.s.w.a.AnonymousAuthenticationFilter - Populated SecurityContextHolder with anonymous token: 'org.springframework.security.authentication.AnonymousAuthenticationToken@6fabe8e0: Principal: anonymousUser; Credentials: [PROTECTED]; Authenticated: true; Details: org.springframework.security.web.authentication.WebAuthenticationDetails@fffe9938: RemoteIpAddress: 0:0:0:0:0:0:0:1; SessionId: 760D79BA12046463C13AD8F04AD89B62; Granted Authorities: ROLE_ANONYMOUS'
567788 [http-nio-8080-exec-5] DEBUG o.s.security.web.FilterChainProxy - /login at position 10 of 12 in additional filter chain; firing Filter: 'SessionManagementFilter'
567789 [http-nio-8080-exec-5] DEBUG o.s.security.web.FilterChainProxy - /login at position 11 of 12 in additional filter chain; firing Filter: 'ExceptionTranslationFilter'
567789 [http-nio-8080-exec-5] DEBUG o.s.security.web.FilterChainProxy - /login at position 12 of 12 in additional filter chain; firing Filter: 'FilterSecurityInterceptor'
567789 [http-nio-8080-exec-5] DEBUG o.s.s.w.a.i.FilterSecurityInterceptor - Secure object: FilterInvocation: URL: /login; Attributes: [permitAll]
567789 [http-nio-8080-exec-5] DEBUG o.s.s.w.a.i.FilterSecurityInterceptor - Previously Authenticated: org.springframework.security.authentication.AnonymousAuthenticationToken@6fabe8e0: Principal: anonymousUser; Credentials: [PROTECTED]; Authenticated: true; Details: org.springframework.security.web.authentication.WebAuthenticationDetails@fffe9938: RemoteIpAddress: 0:0:0:0:0:0:0:1; SessionId: 760D79BA12046463C13AD8F04AD89B62; Granted Authorities: ROLE_ANONYMOUS
567789 [http-nio-8080-exec-5] DEBUG o.s.s.access.vote.AffirmativeBased - Voter: org.springframework.security.web.access.expression.WebExpressionVoter@7155916d, returned: 1
567789 [http-nio-8080-exec-5] DEBUG o.s.s.w.a.i.FilterSecurityInterceptor - Authorization successful
567789 [http-nio-8080-exec-5] DEBUG o.s.s.w.a.i.FilterSecurityInterceptor - RunAsManager did not change Authentication object
567789 [http-nio-8080-exec-5] DEBUG o.s.security.web.FilterChainProxy - /login reached end of additional filter chain; proceeding with original chain
567793 [http-nio-8080-exec-5] DEBUG o.s.s.w.c.HttpSessionSecurityContextRepository - SecurityContext is empty or contents are anonymous - context will not be stored in HttpSession.
567794 [http-nio-8080-exec-5] DEBUG o.s.s.w.a.ExceptionTranslationFilter - Chain processed normally
567794 [http-nio-8080-exec-5] DEBUG o.s.s.w.c.SecurityContextPersistenceFilter - SecurityContextHolder now cleared, as request processing completed
567815 [http-nio-8080-exec-6] DEBUG o.s.s.w.u.matcher.OrRequestMatcher - Trying to match using Ant [pattern='/css/**']
567815 [http-nio-8080-exec-6] DEBUG o.s.s.w.u.m.AntPathRequestMatcher - Checking match of request : '/bootstrap/css/bootstrap.css'; against '/css/**'
567815 [http-nio-8080-exec-6] DEBUG o.s.s.w.u.matcher.OrRequestMatcher - Trying to match using Ant [pattern='/js/**']
567815 [http-nio-8080-exec-6] DEBUG o.s.s.w.u.m.AntPathRequestMatcher - Checking match of request : '/bootstrap/css/bootstrap.css'; against '/js/**'
567815 [http-nio-8080-exec-6] DEBUG o.s.s.w.u.matcher.OrRequestMatcher - Trying to match using Ant [pattern='/images/**']
567815 [http-nio-8080-exec-6] DEBUG o.s.s.w.u.m.AntPathRequestMatcher - Checking match of request : '/bootstrap/css/bootstrap.css'; against '/images/**'
567815 [http-nio-8080-exec-6] DEBUG o.s.s.w.u.matcher.OrRequestMatcher - Trying to match using Ant [pattern='/webjars/**']
567815 [http-nio-8080-exec-7] DEBUG o.s.s.w.u.matcher.OrRequestMatcher - Trying to match using Ant [pattern='/css/**']
567815 [http-nio-8080-exec-6] DEBUG o.s.s.w.u.m.AntPathRequestMatcher - Checking match of request : '/bootstrap/css/bootstrap.css'; against '/webjars/**'
567815 [http-nio-8080-exec-6] DEBUG o.s.s.w.u.matcher.OrRequestMatcher - Trying to match using Ant [pattern='/**/favicon.ico']
567815 [http-nio-8080-exec-6] DEBUG o.s.s.w.u.m.AntPathRequestMatcher - Checking match of request : '/bootstrap/css/bootstrap.css'; against '/**/favicon.ico'
567815 [http-nio-8080-exec-2] DEBUG o.s.s.w.u.matcher.OrRequestMatcher - Trying to match using Ant [pattern='/css/**']
567815 [http-nio-8080-exec-7] DEBUG o.s.s.w.u.m.AntPathRequestMatcher - Checking match of request : '/jquery/jquery-2.1.3.js'; against '/css/**'
567815 [http-nio-8080-exec-7] DEBUG o.s.s.w.u.matcher.OrRequestMatcher - Trying to match using Ant [pattern='/js/**']
567815 [http-nio-8080-exec-7] DEBUG o.s.s.w.u.m.AntPathRequestMatcher - Checking match of request : '/jquery/jquery-2.1.3.js'; against '/js/**'
567815 [http-nio-8080-exec-7] DEBUG o.s.s.w.u.matcher.OrRequestMatcher - Trying to match using Ant [pattern='/images/**']
567815 [http-nio-8080-exec-7] DEBUG o.s.s.w.u.m.AntPathRequestMatcher - Checking match of request : '/jquery/jquery-2.1.3.js'; against '/images/**'
567815 [http-nio-8080-exec-7] DEBUG o.s.s.w.u.matcher.OrRequestMatcher - Trying to match using Ant [pattern='/webjars/**']
567815 [http-nio-8080-exec-7] DEBUG o.s.s.w.u.m.AntPathRequestMatcher - Checking match of request : '/jquery/jquery-2.1.3.js'; against '/webjars/**'
567815 [http-nio-8080-exec-7] DEBUG o.s.s.w.u.matcher.OrRequestMatcher - Trying to match using Ant [pattern='/**/favicon.ico']
567815 [http-nio-8080-exec-7] DEBUG o.s.s.w.u.m.AntPathRequestMatcher - Checking match of request : '/jquery/jquery-2.1.3.js'; against '/**/favicon.ico'
567815 [http-nio-8080-exec-6] DEBUG o.s.s.w.u.matcher.OrRequestMatcher - Trying to match using Ant [pattern='/error']
567815 [http-nio-8080-exec-2] DEBUG o.s.s.w.u.m.AntPathRequestMatcher - Checking match of request : '/bootstrap/js/bootstrap.js'; against '/css/**'
567815 [http-nio-8080-exec-2] DEBUG o.s.s.w.u.matcher.OrRequestMatcher - Trying to match using Ant [pattern='/js/**']
567815 [http-nio-8080-exec-7] DEBUG o.s.s.w.u.matcher.OrRequestMatcher - Trying to match using Ant [pattern='/error']
567815 [http-nio-8080-exec-6] DEBUG o.s.s.w.u.m.AntPathRequestMatcher - Checking match of request : '/bootstrap/css/bootstrap.css'; against '/error'
567815 [http-nio-8080-exec-2] DEBUG o.s.s.w.u.m.AntPathRequestMatcher - Checking match of request : '/bootstrap/js/bootstrap.js'; against '/js/**'
567816 [http-nio-8080-exec-7] DEBUG o.s.s.w.u.m.AntPathRequestMatcher - Checking match of request : '/jquery/jquery-2.1.3.js'; against '/error'
567816 [http-nio-8080-exec-6] DEBUG o.s.s.w.u.matcher.OrRequestMatcher - No matches found
567816 [http-nio-8080-exec-2] DEBUG o.s.s.w.u.matcher.OrRequestMatcher - Trying to match using Ant [pattern='/images/**']
567816 [http-nio-8080-exec-7] DEBUG o.s.s.w.u.matcher.OrRequestMatcher - No matches found
567820 [http-nio-8080-exec-2] DEBUG o.s.s.w.u.m.AntPathRequestMatcher - Checking match of request : '/bootstrap/js/bootstrap.js'; against '/images/**'
567820 [http-nio-8080-exec-6] DEBUG o.s.security.web.FilterChainProxy - /bootstrap/css/bootstrap.css at position 1 of 12 in additional filter chain; firing Filter: 'WebAsyncManagerIntegrationFilter'
567820 [http-nio-8080-exec-2] DEBUG o.s.s.w.u.matcher.OrRequestMatcher - Trying to match using Ant [pattern='/webjars/**']
567820 [http-nio-8080-exec-6] DEBUG o.s.security.web.FilterChainProxy - /bootstrap/css/bootstrap.css at position 2 of 12 in additional filter chain; firing Filter: 'SecurityContextPersistenceFilter'
567820 [http-nio-8080-exec-7] DEBUG o.s.security.web.FilterChainProxy - /jquery/jquery-2.1.3.js at position 1 of 12 in additional filter chain; firing Filter: 'WebAsyncManagerIntegrationFilter'
567821 [http-nio-8080-exec-2] DEBUG o.s.s.w.u.m.AntPathRequestMatcher - Checking match of request : '/bootstrap/js/bootstrap.js'; against '/webjars/**'
567821 [http-nio-8080-exec-6] DEBUG o.s.s.w.c.HttpSessionSecurityContextRepository - HttpSession returned null object for SPRING_SECURITY_CONTEXT
567821 [http-nio-8080-exec-2] DEBUG o.s.s.w.u.matcher.OrRequestMatcher - Trying to match using Ant [pattern='/**/favicon.ico']
567821 [http-nio-8080-exec-6] DEBUG o.s.s.w.c.HttpSessionSecurityContextRepository - No SecurityContext was available from the HttpSession: org.apache.catalina.session.StandardSessionFacade@30689b56. A new one will be created.
567821 [http-nio-8080-exec-7] DEBUG o.s.security.web.FilterChainProxy - /jquery/jquery-2.1.3.js at position 2 of 12 in additional filter chain; firing Filter: 'SecurityContextPersistenceFilter'
567821 [http-nio-8080-exec-2] DEBUG o.s.s.w.u.m.AntPathRequestMatcher - Checking match of request : '/bootstrap/js/bootstrap.js'; against '/**/favicon.ico'
567821 [http-nio-8080-exec-7] DEBUG o.s.s.w.c.HttpSessionSecurityContextRepository - HttpSession returned null object for SPRING_SECURITY_CONTEXT
567821 [http-nio-8080-exec-2] DEBUG o.s.s.w.u.matcher.OrRequestMatcher - Trying to match using Ant [pattern='/error']
567821 [http-nio-8080-exec-7] DEBUG o.s.s.w.c.HttpSessionSecurityContextRepository - No SecurityContext was available from the HttpSession: org.apache.catalina.session.StandardSessionFacade@30689b56. A new one will be created.
567821 [http-nio-8080-exec-6] DEBUG o.s.security.web.FilterChainProxy - /bootstrap/css/bootstrap.css at position 3 of 12 in additional filter chain; firing Filter: 'HeaderWriterFilter'
567821 [http-nio-8080-exec-2] DEBUG o.s.s.w.u.m.AntPathRequestMatcher - Checking match of request : '/bootstrap/js/bootstrap.js'; against '/error'
567821 [http-nio-8080-exec-7] DEBUG o.s.security.web.FilterChainProxy - /jquery/jquery-2.1.3.js at position 3 of 12 in additional filter chain; firing Filter: 'HeaderWriterFilter'
567821 [http-nio-8080-exec-2] DEBUG o.s.s.w.u.matcher.OrRequestMatcher - No matches found
567821 [http-nio-8080-exec-6] DEBUG o.s.s.w.h.writers.HstsHeaderWriter - Not injecting HSTS header since it did not match the requestMatcher org.springframework.security.web.header.writers.HstsHeaderWriter$SecureRequestMatcher@34571983
567821 [http-nio-8080-exec-2] DEBUG o.s.security.web.FilterChainProxy - /bootstrap/js/bootstrap.js at position 1 of 12 in additional filter chain; firing Filter: 'WebAsyncManagerIntegrationFilter'
567821 [http-nio-8080-exec-2] DEBUG o.s.security.web.FilterChainProxy - /bootstrap/js/bootstrap.js at position 2 of 12 in additional filter chain; firing Filter: 'SecurityContextPersistenceFilter'
567821 [http-nio-8080-exec-6] DEBUG o.s.security.web.FilterChainProxy - /bootstrap/css/bootstrap.css at position 4 of 12 in additional filter chain; firing Filter: 'CsrfFilter'
567821 [http-nio-8080-exec-2] DEBUG o.s.s.w.c.HttpSessionSecurityContextRepository - HttpSession returned null object for SPRING_SECURITY_CONTEXT
567821 [http-nio-8080-exec-7] DEBUG o.s.s.w.h.writers.HstsHeaderWriter - Not injecting HSTS header since it did not match the requestMatcher org.springframework.security.web.header.writers.HstsHeaderWriter$SecureRequestMatcher@34571983
567821 [http-nio-8080-exec-6] DEBUG o.s.security.web.FilterChainProxy - /bootstrap/css/bootstrap.css at position 5 of 12 in additional filter chain; firing Filter: 'LogoutFilter'
567821 [http-nio-8080-exec-2] DEBUG o.s.s.w.c.HttpSessionSecurityContextRepository - No SecurityContext was available from the HttpSession: org.apache.catalina.session.StandardSessionFacade@30689b56. A new one will be created.
567821 [http-nio-8080-exec-7] DEBUG o.s.security.web.FilterChainProxy - /jquery/jquery-2.1.3.js at position 4 of 12 in additional filter chain; firing Filter: 'CsrfFilter'
567822 [http-nio-8080-exec-2] DEBUG o.s.security.web.FilterChainProxy - /bootstrap/js/bootstrap.js at position 3 of 12 in additional filter chain; firing Filter: 'HeaderWriterFilter'
567821 [http-nio-8080-exec-6] DEBUG o.s.s.w.u.m.AntPathRequestMatcher - Request 'GET /bootstrap/css/bootstrap.css' doesn't match 'POST /logout
567822 [http-nio-8080-exec-7] DEBUG o.s.security.web.FilterChainProxy - /jquery/jquery-2.1.3.js at position 5 of 12 in additional filter chain; firing Filter: 'LogoutFilter'
567822 [http-nio-8080-exec-6] DEBUG o.s.security.web.FilterChainProxy - /bootstrap/css/bootstrap.css at position 6 of 12 in additional filter chain; firing Filter: 'UsernamePasswordAuthenticationFilter'
567822 [http-nio-8080-exec-2] DEBUG o.s.s.w.h.writers.HstsHeaderWriter - Not injecting HSTS header since it did not match the requestMatcher org.springframework.security.web.header.writers.HstsHeaderWriter$SecureRequestMatcher@34571983
567822 [http-nio-8080-exec-7] DEBUG o.s.s.w.u.m.AntPathRequestMatcher - Request 'GET /jquery/jquery-2.1.3.js' doesn't match 'POST /logout
567822 [http-nio-8080-exec-2] DEBUG o.s.security.web.FilterChainProxy - /bootstrap/js/bootstrap.js at position 4 of 12 in additional filter chain; firing Filter: 'CsrfFilter'
567822 [http-nio-8080-exec-6] DEBUG o.s.s.w.u.m.AntPathRequestMatcher - Request 'GET /bootstrap/css/bootstrap.css' doesn't match 'POST /login
567822 [http-nio-8080-exec-7] DEBUG o.s.security.web.FilterChainProxy - /jquery/jquery-2.1.3.js at position 6 of 12 in additional filter chain; firing Filter: 'UsernamePasswordAuthenticationFilter'
567822 [http-nio-8080-exec-6] DEBUG o.s.security.web.FilterChainProxy - /bootstrap/css/bootstrap.css at position 7 of 12 in additional filter chain; firing Filter: 'RequestCacheAwareFilter'
567822 [http-nio-8080-exec-2] DEBUG o.s.security.web.FilterChainProxy - /bootstrap/js/bootstrap.js at position 5 of 12 in additional filter chain; firing Filter: 'LogoutFilter'
567822 [http-nio-8080-exec-7] DEBUG o.s.s.w.u.m.AntPathRequestMatcher - Request 'GET /jquery/jquery-2.1.3.js' doesn't match 'POST /login
567822 [http-nio-8080-exec-7] DEBUG o.s.security.web.FilterChainProxy - /jquery/jquery-2.1.3.js at position 7 of 12 in additional filter chain; firing Filter: 'RequestCacheAwareFilter'
567822 [http-nio-8080-exec-2] DEBUG o.s.s.w.u.m.AntPathRequestMatcher - Request 'GET /bootstrap/js/bootstrap.js' doesn't match 'POST /logout
567822 [http-nio-8080-exec-7] DEBUG o.s.s.w.s.DefaultSavedRequest - pathInfo: both null (property equals)
567822 [http-nio-8080-exec-6] DEBUG o.s.s.w.s.DefaultSavedRequest - pathInfo: both null (property equals)
567822 [http-nio-8080-exec-6] DEBUG o.s.s.w.s.DefaultSavedRequest - queryString: both null (property equals)
567822 [http-nio-8080-exec-6] DEBUG o.s.s.w.s.DefaultSavedRequest - requestURI: arg1=/bootstrap/css/bootstrap.css; arg2=/bootstrap/css/bootstrap.css (property equals)
567822 [http-nio-8080-exec-2] DEBUG o.s.security.web.FilterChainProxy - /bootstrap/js/bootstrap.js at position 6 of 12 in additional filter chain; firing Filter: 'UsernamePasswordAuthenticationFilter'
567822 [http-nio-8080-exec-7] DEBUG o.s.s.w.s.DefaultSavedRequest - queryString: both null (property equals)
567823 [http-nio-8080-exec-6] DEBUG o.s.s.w.s.DefaultSavedRequest - serverPort: arg1=8080; arg2=8080 (property equals)
567823 [http-nio-8080-exec-2] DEBUG o.s.s.w.u.m.AntPathRequestMatcher - Request 'GET /bootstrap/js/bootstrap.js' doesn't match 'POST /login
567823 [http-nio-8080-exec-7] DEBUG o.s.s.w.s.DefaultSavedRequest - requestURI: arg1=/bootstrap/css/bootstrap.css; arg2=/jquery/jquery-2.1.3.js (property not equals)
567823 [http-nio-8080-exec-2] DEBUG o.s.security.web.FilterChainProxy - /bootstrap/js/bootstrap.js at position 7 of 12 in additional filter chain; firing Filter: 'RequestCacheAwareFilter'
567823 [http-nio-8080-exec-7] DEBUG o.s.s.w.s.HttpSessionRequestCache - saved request doesn't match
567823 [http-nio-8080-exec-2] DEBUG o.s.s.w.s.DefaultSavedRequest - pathInfo: both null (property equals)
567823 [http-nio-8080-exec-7] DEBUG o.s.security.web.FilterChainProxy - /jquery/jquery-2.1.3.js at position 8 of 12 in additional filter chain; firing Filter: 'SecurityContextHolderAwareRequestFilter'
567823 [http-nio-8080-exec-7] DEBUG o.s.security.web.FilterChainProxy - /jquery/jquery-2.1.3.js at position 9 of 12 in additional filter chain; firing Filter: 'AnonymousAuthenticationFilter'
567823 [http-nio-8080-exec-6] DEBUG o.s.s.w.s.DefaultSavedRequest - requestURL: arg1=http://localhost:8080/bootstrap/css/bootstrap.css; arg2=http://localhost:8080/bootstrap/css/bootstrap.css (property equals)
567823 [http-nio-8080-exec-2] DEBUG o.s.s.w.s.DefaultSavedRequest - queryString: both null (property equals)
567823 [http-nio-8080-exec-6] DEBUG o.s.s.w.s.DefaultSavedRequest - scheme: arg1=http; arg2=http (property equals)
567823 [http-nio-8080-exec-2] DEBUG o.s.s.w.s.DefaultSavedRequest - requestURI: arg1=/bootstrap/css/bootstrap.css; arg2=/bootstrap/js/bootstrap.js (property not equals)
567823 [http-nio-8080-exec-7] DEBUG o.s.s.w.a.AnonymousAuthenticationFilter - Populated SecurityContextHolder with anonymous token: 'org.springframework.security.authentication.AnonymousAuthenticationToken@6fabe8e0: Principal: anonymousUser; Credentials: [PROTECTED]; Authenticated: true; Details: org.springframework.security.web.authentication.WebAuthenticationDetails@fffe9938: RemoteIpAddress: 0:0:0:0:0:0:0:1; SessionId: 760D79BA12046463C13AD8F04AD89B62; Granted Authorities: ROLE_ANONYMOUS'
567823 [http-nio-8080-exec-6] DEBUG o.s.s.w.s.DefaultSavedRequest - serverName: arg1=localhost; arg2=localhost (property equals)
567823 [http-nio-8080-exec-2] DEBUG o.s.s.w.s.HttpSessionRequestCache - saved request doesn't match
567823 [http-nio-8080-exec-7] DEBUG o.s.security.web.FilterChainProxy - /jquery/jquery-2.1.3.js at position 10 of 12 in additional filter chain; firing Filter: 'SessionManagementFilter'
567823 [http-nio-8080-exec-6] DEBUG o.s.s.w.s.DefaultSavedRequest - contextPath: arg1=; arg2= (property equals)
567823 [http-nio-8080-exec-6] DEBUG o.s.s.w.s.DefaultSavedRequest - servletPath: arg1=/bootstrap/css/bootstrap.css; arg2=/bootstrap/css/bootstrap.css (property equals)
567823 [http-nio-8080-exec-6] DEBUG o.s.s.w.s.HttpSessionRequestCache - Removing DefaultSavedRequest from session if present
567823 [http-nio-8080-exec-2] DEBUG o.s.security.web.FilterChainProxy - /bootstrap/js/bootstrap.js at position 8 of 12 in additional filter chain; firing Filter: 'SecurityContextHolderAwareRequestFilter'
567823 [http-nio-8080-exec-7] DEBUG o.s.security.web.FilterChainProxy - /jquery/jquery-2.1.3.js at position 11 of 12 in additional filter chain; firing Filter: 'ExceptionTranslationFilter'
567824 [http-nio-8080-exec-2] DEBUG o.s.security.web.FilterChainProxy - /bootstrap/js/bootstrap.js at position 9 of 12 in additional filter chain; firing Filter: 'AnonymousAuthenticationFilter'
567824 [http-nio-8080-exec-7] DEBUG o.s.security.web.FilterChainProxy - /jquery/jquery-2.1.3.js at position 12 of 12 in additional filter chain; firing Filter: 'FilterSecurityInterceptor'
567824 [http-nio-8080-exec-2] DEBUG o.s.s.w.a.AnonymousAuthenticationFilter - Populated SecurityContextHolder with anonymous token: 'org.springframework.security.authentication.AnonymousAuthenticationToken@6fabe8e0: Principal: anonymousUser; Credentials: [PROTECTED]; Authenticated: true; Details: org.springframework.security.web.authentication.WebAuthenticationDetails@fffe9938: RemoteIpAddress: 0:0:0:0:0:0:0:1; SessionId: 760D79BA12046463C13AD8F04AD89B62; Granted Authorities: ROLE_ANONYMOUS'
567824 [http-nio-8080-exec-7] DEBUG o.s.s.w.u.m.AntPathRequestMatcher - Request 'GET /jquery/jquery-2.1.3.js' doesn't match 'POST /logout
567824 [http-nio-8080-exec-6] DEBUG o.s.security.web.FilterChainProxy - /bootstrap/css/bootstrap.css at position 8 of 12 in additional filter chain; firing Filter: 'SecurityContextHolderAwareRequestFilter'
567824 [http-nio-8080-exec-7] DEBUG o.s.s.w.u.m.AntPathRequestMatcher - Checking match of request : '/jquery/jquery-2.1.3.js'; against '/static/**'
567824 [http-nio-8080-exec-6] DEBUG o.s.security.web.FilterChainProxy - /bootstrap/css/bootstrap.css at position 9 of 12 in additional filter chain; firing Filter: 'AnonymousAuthenticationFilter'
567824 [http-nio-8080-exec-7] DEBUG o.s.s.w.a.i.FilterSecurityInterceptor - Secure object: FilterInvocation: URL: /jquery/jquery-2.1.3.js; Attributes: [authenticated]
567824 [http-nio-8080-exec-2] DEBUG o.s.security.web.FilterChainProxy - /bootstrap/js/bootstrap.js at position 10 of 12 in additional filter chain; firing Filter: 'SessionManagementFilter'
567824 [http-nio-8080-exec-7] DEBUG o.s.s.w.a.i.FilterSecurityInterceptor - Previously Authenticated: org.springframework.security.authentication.AnonymousAuthenticationToken@6fabe8e0: Principal: anonymousUser; Credentials: [PROTECTED]; Authenticated: true; Details: org.springframework.security.web.authentication.WebAuthenticationDetails@fffe9938: RemoteIpAddress: 0:0:0:0:0:0:0:1; SessionId: 760D79BA12046463C13AD8F04AD89B62; Granted Authorities: ROLE_ANONYMOUS
567824 [http-nio-8080-exec-6] DEBUG o.s.s.w.a.AnonymousAuthenticationFilter - Populated SecurityContextHolder with anonymous token: 'org.springframework.security.authentication.AnonymousAuthenticationToken@6fabe8e0: Principal: anonymousUser; Credentials: [PROTECTED]; Authenticated: true; Details: org.springframework.security.web.authentication.WebAuthenticationDetails@fffe9938: RemoteIpAddress: 0:0:0:0:0:0:0:1; SessionId: 760D79BA12046463C13AD8F04AD89B62; Granted Authorities: ROLE_ANONYMOUS'
567824 [http-nio-8080-exec-2] DEBUG o.s.security.web.FilterChainProxy - /bootstrap/js/bootstrap.js at position 11 of 12 in additional filter chain; firing Filter: 'ExceptionTranslationFilter'
567824 [http-nio-8080-exec-2] DEBUG o.s.security.web.FilterChainProxy - /bootstrap/js/bootstrap.js at position 12 of 12 in additional filter chain; firing Filter: 'FilterSecurityInterceptor'
567824 [http-nio-8080-exec-2] DEBUG o.s.s.w.u.m.AntPathRequestMatcher - Request 'GET /bootstrap/js/bootstrap.js' doesn't match 'POST /logout
567824 [http-nio-8080-exec-6] DEBUG o.s.security.web.FilterChainProxy - /bootstrap/css/bootstrap.css at position 10 of 12 in additional filter chain; firing Filter: 'SessionManagementFilter'
567824 [http-nio-8080-exec-2] DEBUG o.s.s.w.u.m.AntPathRequestMatcher - Checking match of request : '/bootstrap/js/bootstrap.js'; against '/static/**'
567824 [http-nio-8080-exec-7] DEBUG o.s.s.access.vote.AffirmativeBased - Voter: org.springframework.security.web.access.expression.WebExpressionVoter@7155916d, returned: -1
567824 [http-nio-8080-exec-2] DEBUG o.s.s.w.a.i.FilterSecurityInterceptor - Secure object: FilterInvocation: URL: /bootstrap/js/bootstrap.js; Attributes: [authenticated]
567824 [http-nio-8080-exec-6] DEBUG o.s.security.web.FilterChainProxy - /bootstrap/css/bootstrap.css at position 11 of 12 in additional filter chain; firing Filter: 'ExceptionTranslationFilter'
567824 [http-nio-8080-exec-2] DEBUG o.s.s.w.a.i.FilterSecurityInterceptor - Previously Authenticated: org.springframework.security.authentication.AnonymousAuthenticationToken@6fabe8e0: Principal: anonymousUser; Credentials: [PROTECTED]; Authenticated: true; Details: org.springframework.security.web.authentication.WebAuthenticationDetails@fffe9938: RemoteIpAddress: 0:0:0:0:0:0:0:1; SessionId: 760D79BA12046463C13AD8F04AD89B62; Granted Authorities: ROLE_ANONYMOUS
567824 [http-nio-8080-exec-6] DEBUG o.s.security.web.FilterChainProxy - /bootstrap/css/bootstrap.css at position 12 of 12 in additional filter chain; firing Filter: 'FilterSecurityInterceptor'
567825 [http-nio-8080-exec-7] DEBUG o.s.s.w.a.ExceptionTranslationFilter - Access is denied (user is anonymous); redirecting to authentication entry point
org.springframework.security.access.AccessDeniedException: Access is denied
	at org.springframework.security.access.vote.AffirmativeBased.decide(AffirmativeBased.java:84)
	at org.springframework.security.access.intercept.AbstractSecurityInterceptor.beforeInvocation(AbstractSecurityInterceptor.java:233)
	at org.springframework.security.web.access.intercept.FilterSecurityInterceptor.invoke(FilterSecurityInterceptor.java:124)
	at org.springframework.security.web.access.intercept.FilterSecurityInterceptor.doFilter(FilterSecurityInterceptor.java:91)
	at org.springframework.security.web.FilterChainProxy$VirtualFilterChain.doFilter(FilterChainProxy.java:331)
	at org.springframework.security.web.access.ExceptionTranslationFilter.doFilter(ExceptionTranslationFilter.java:114)
	at org.springframework.security.web.FilterChainProxy$VirtualFilterChain.doFilter(FilterChainProxy.java:331)
	at org.springframework.security.web.session.SessionManagementFilter.doFilter(SessionManagementFilter.java:137)
	at org.springframework.security.web.FilterChainProxy$VirtualFilterChain.doFilter(FilterChainProxy.java:331)
	at org.springframework.security.web.authentication.AnonymousAuthenticationFilter.doFilter(AnonymousAuthenticationFilter.java:111)
	at org.springframework.security.web.FilterChainProxy$VirtualFilterChain.doFilter(FilterChainProxy.java:331)
	at org.springframework.security.web.servletapi.SecurityContextHolderAwareRequestFilter.doFilter(SecurityContextHolderAwareRequestFilter.java:170)
	at org.springframework.security.web.FilterChainProxy$VirtualFilterChain.doFilter(FilterChainProxy.java:331)
	at org.springframework.security.web.savedrequest.RequestCacheAwareFilter.doFilter(RequestCacheAwareFilter.java:63)
	at org.springframework.security.web.FilterChainProxy$VirtualFilterChain.doFilter(FilterChainProxy.java:331)
	at org.springframework.security.web.authentication.AbstractAuthenticationProcessingFilter.doFilter(AbstractAuthenticationProcessingFilter.java:200)
	at org.springframework.security.web.FilterChainProxy$VirtualFilterChain.doFilter(FilterChainProxy.java:331)
	at org.springframework.security.web.authentication.logout.LogoutFilter.doFilter(LogoutFilter.java:116)
	at org.springframework.security.web.FilterChainProxy$VirtualFilterChain.doFilter(FilterChainProxy.java:331)
	at org.springframework.security.web.csrf.CsrfFilter.doFilterInternal(CsrfFilter.java:100)
	at org.springframework.web.filter.OncePerRequestFilter.doFilter(OncePerRequestFilter.java:107)
	at org.springframework.security.web.FilterChainProxy$VirtualFilterChain.doFilter(FilterChainProxy.java:331)
	at org.springframework.security.web.header.HeaderWriterFilter.doFilterInternal(HeaderWriterFilter.java:64)
	at org.springframework.web.filter.OncePerRequestFilter.doFilter(OncePerRequestFilter.java:107)
	at org.springframework.security.web.FilterChainProxy$VirtualFilterChain.doFilter(FilterChainProxy.java:331)
	at org.springframework.security.web.context.SecurityContextPersistenceFilter.doFilter(SecurityContextPersistenceFilter.java:105)
	at org.springframework.security.web.FilterChainProxy$VirtualFilterChain.doFilter(FilterChainProxy.java:331)
	at org.springframework.security.web.context.request.async.WebAsyncManagerIntegrationFilter.doFilterInternal(WebAsyncManagerIntegrationFilter.java:56)
	at org.springframework.web.filter.OncePerRequestFilter.doFilter(OncePerRequestFilter.java:107)
	at org.springframework.security.web.FilterChainProxy$VirtualFilterChain.doFilter(FilterChainProxy.java:331)
	at org.springframework.security.web.FilterChainProxy.doFilterInternal(FilterChainProxy.java:214)
	at org.springframework.security.web.FilterChainProxy.doFilter(FilterChainProxy.java:177)
	at org.springframework.web.filter.DelegatingFilterProxy.invokeDelegate(DelegatingFilterProxy.java:347)
	at org.springframework.web.filter.DelegatingFilterProxy.doFilter(DelegatingFilterProxy.java:263)
	at org.apache.catalina.core.ApplicationFilterChain.internalDoFilter(ApplicationFilterChain.java:193)
	at org.apache.catalina.core.ApplicationFilterChain.doFilter(ApplicationFilterChain.java:166)
	at org.springframework.web.filter.RequestContextFilter.doFilterInternal(RequestContextFilter.java:99)
	at org.springframework.web.filter.OncePerRequestFilter.doFilter(OncePerRequestFilter.java:107)
	at org.apache.catalina.core.ApplicationFilterChain.internalDoFilter(ApplicationFilterChain.java:193)
	at org.apache.catalina.core.ApplicationFilterChain.doFilter(ApplicationFilterChain.java:166)
	at org.springframework.web.filter.HttpPutFormContentFilter.doFilterInternal(HttpPutFormContentFilter.java:108)
	at org.springframework.web.filter.OncePerRequestFilter.doFilter(OncePerRequestFilter.java:107)
	at org.apache.catalina.core.ApplicationFilterChain.internalDoFilter(ApplicationFilterChain.java:193)
	at org.apache.catalina.core.ApplicationFilterChain.doFilter(ApplicationFilterChain.java:166)
	at org.springframework.web.filter.HiddenHttpMethodFilter.doFilterInternal(HiddenHttpMethodFilter.java:81)
	at org.springframework.web.filter.OncePerRequestFilter.doFilter(OncePerRequestFilter.java:107)
	at org.apache.catalina.core.ApplicationFilterChain.internalDoFilter(ApplicationFilterChain.java:193)
	at org.apache.catalina.core.ApplicationFilterChain.doFilter(ApplicationFilterChain.java:166)
	at org.springframework.web.filter.CharacterEncodingFilter.doFilterInternal(CharacterEncodingFilter.java:197)
	at org.springframework.web.filter.OncePerRequestFilter.doFilter(OncePerRequestFilter.java:107)
	at org.apache.catalina.core.ApplicationFilterChain.internalDoFilter(ApplicationFilterChain.java:193)
	at org.apache.catalina.core.ApplicationFilterChain.doFilter(ApplicationFilterChain.java:166)
	at org.apache.catalina.core.StandardWrapperValve.invoke(StandardWrapperValve.java:199)
	at org.apache.catalina.core.StandardContextValve.invoke(StandardContextValve.java:96)
	at org.apache.catalina.authenticator.AuthenticatorBase.invoke(AuthenticatorBase.java:478)
	at org.apache.catalina.core.StandardHostValve.invoke(StandardHostValve.java:140)
	at org.apache.catalina.valves.ErrorReportValve.invoke(ErrorReportValve.java:81)
	at org.apache.catalina.core.StandardEngineValve.invoke(StandardEngineValve.java:87)
	at org.apache.catalina.connector.CoyoteAdapter.service(CoyoteAdapter.java:342)
	at org.apache.coyote.http11.Http11Processor.service(Http11Processor.java:803)
	at org.apache.coyote.AbstractProcessorLight.process(AbstractProcessorLight.java:66)
	at org.apache.coyote.AbstractProtocol$ConnectionHandler.process(AbstractProtocol.java:868)
	at org.apache.tomcat.util.net.NioEndpoint$SocketProcessor.doRun(NioEndpoint.java:1459)
	at org.apache.tomcat.util.net.SocketProcessorBase.run(SocketProcessorBase.java:49)
	at java.util.concurrent.ThreadPoolExecutor.runWorker(ThreadPoolExecutor.java:1149)
	at java.util.concurrent.ThreadPoolExecutor$Worker.run(ThreadPoolExecutor.java:624)
	at org.apache.tomcat.util.threads.TaskThread$WrappingRunnable.run(TaskThread.java:61)
	at java.lang.Thread.run(Thread.java:748)
567825 [http-nio-8080-exec-6] DEBUG o.s.s.w.u.m.AntPathRequestMatcher - Request 'GET /bootstrap/css/bootstrap.css' doesn't match 'POST /logout
567825 [http-nio-8080-exec-2] DEBUG o.s.s.access.vote.AffirmativeBased - Voter: org.springframework.security.web.access.expression.WebExpressionVoter@7155916d, returned: -1
567826 [http-nio-8080-exec-7] DEBUG o.s.s.w.u.matcher.AndRequestMatcher - Trying to match using Ant [pattern='/**', GET]
567826 [http-nio-8080-exec-6] DEBUG o.s.s.w.u.m.AntPathRequestMatcher - Checking match of request : '/bootstrap/css/bootstrap.css'; against '/static/**'
567826 [http-nio-8080-exec-7] DEBUG o.s.s.w.u.m.AntPathRequestMatcher - Request '/jquery/jquery-2.1.3.js' matched by universal pattern '/**'
567826 [http-nio-8080-exec-7] DEBUG o.s.s.w.u.matcher.AndRequestMatcher - Trying to match using NegatedRequestMatcher [requestMatcher=Ant [pattern='/**/favicon.ico']]
567826 [http-nio-8080-exec-6] DEBUG o.s.s.w.a.i.FilterSecurityInterceptor - Secure object: FilterInvocation: URL: /bootstrap/css/bootstrap.css; Attributes: [authenticated]
567826 [http-nio-8080-exec-7] DEBUG o.s.s.w.u.m.AntPathRequestMatcher - Checking match of request : '/jquery/jquery-2.1.3.js'; against '/**/favicon.ico'
567826 [http-nio-8080-exec-7] DEBUG o.s.s.w.u.m.NegatedRequestMatcher - matches = true
567826 [http-nio-8080-exec-7] DEBUG o.s.s.w.u.matcher.AndRequestMatcher - Trying to match using NegatedRequestMatcher [requestMatcher=MediaTypeRequestMatcher [contentNegotiationStrategy=org.springframework.web.accept.ContentNegotiationManager@34a84d5e, matchingMediaTypes=[application/json], useEquals=false, ignoredMediaTypes=[*/*]]]
567826 [http-nio-8080-exec-6] DEBUG o.s.s.w.a.i.FilterSecurityInterceptor - Previously Authenticated: org.springframework.security.authentication.AnonymousAuthenticationToken@6fabe8e0: Principal: anonymousUser; Credentials: [PROTECTED]; Authenticated: true; Details: org.springframework.security.web.authentication.WebAuthenticationDetails@fffe9938: RemoteIpAddress: 0:0:0:0:0:0:0:1; SessionId: 760D79BA12046463C13AD8F04AD89B62; Granted Authorities: ROLE_ANONYMOUS
567827 [http-nio-8080-exec-7] DEBUG o.s.s.w.u.m.MediaTypeRequestMatcher - httpRequestMediaTypes=[application/javascript]
567827 [http-nio-8080-exec-2] DEBUG o.s.s.w.a.ExceptionTranslationFilter - Access is denied (user is anonymous); redirecting to authentication entry point
org.springframework.security.access.AccessDeniedException: Access is denied
	at org.springframework.security.access.vote.AffirmativeBased.decide(AffirmativeBased.java:84)
	at org.springframework.security.access.intercept.AbstractSecurityInterceptor.beforeInvocation(AbstractSecurityInterceptor.java:233)
	at org.springframework.security.web.access.intercept.FilterSecurityInterceptor.invoke(FilterSecurityInterceptor.java:124)
	at org.springframework.security.web.access.intercept.FilterSecurityInterceptor.doFilter(FilterSecurityInterceptor.java:91)
	at org.springframework.security.web.FilterChainProxy$VirtualFilterChain.doFilter(FilterChainProxy.java:331)
	at org.springframework.security.web.access.ExceptionTranslationFilter.doFilter(ExceptionTranslationFilter.java:114)
	at org.springframework.security.web.FilterChainProxy$VirtualFilterChain.doFilter(FilterChainProxy.java:331)
	at org.springframework.security.web.session.SessionManagementFilter.doFilter(SessionManagementFilter.java:137)
	at org.springframework.security.web.FilterChainProxy$VirtualFilterChain.doFilter(FilterChainProxy.java:331)
	at org.springframework.security.web.authentication.AnonymousAuthenticationFilter.doFilter(AnonymousAuthenticationFilter.java:111)
	at org.springframework.security.web.FilterChainProxy$VirtualFilterChain.doFilter(FilterChainProxy.java:331)
	at org.springframework.security.web.servletapi.SecurityContextHolderAwareRequestFilter.doFilter(SecurityContextHolderAwareRequestFilter.java:170)
	at org.springframework.security.web.FilterChainProxy$VirtualFilterChain.doFilter(FilterChainProxy.java:331)
	at org.springframework.security.web.savedrequest.RequestCacheAwareFilter.doFilter(RequestCacheAwareFilter.java:63)
	at org.springframework.security.web.FilterChainProxy$VirtualFilterChain.doFilter(FilterChainProxy.java:331)
	at org.springframework.security.web.authentication.AbstractAuthenticationProcessingFilter.doFilter(AbstractAuthenticationProcessingFilter.java:200)
	at org.springframework.security.web.FilterChainProxy$VirtualFilterChain.doFilter(FilterChainProxy.java:331)
	at org.springframework.security.web.authentication.logout.LogoutFilter.doFilter(LogoutFilter.java:116)
	at org.springframework.security.web.FilterChainProxy$VirtualFilterChain.doFilter(FilterChainProxy.java:331)
	at org.springframework.security.web.csrf.CsrfFilter.doFilterInternal(CsrfFilter.java:100)
	at org.springframework.web.filter.OncePerRequestFilter.doFilter(OncePerRequestFilter.java:107)
	at org.springframework.security.web.FilterChainProxy$VirtualFilterChain.doFilter(FilterChainProxy.java:331)
	at org.springframework.security.web.header.HeaderWriterFilter.doFilterInternal(HeaderWriterFilter.java:64)
	at org.springframework.web.filter.OncePerRequestFilter.doFilter(OncePerRequestFilter.java:107)
	at org.springframework.security.web.FilterChainProxy$VirtualFilterChain.doFilter(FilterChainProxy.java:331)
	at org.springframework.security.web.context.SecurityContextPersistenceFilter.doFilter(SecurityContextPersistenceFilter.java:105)
	at org.springframework.security.web.FilterChainProxy$VirtualFilterChain.doFilter(FilterChainProxy.java:331)
	at org.springframework.security.web.context.request.async.WebAsyncManagerIntegrationFilter.doFilterInternal(WebAsyncManagerIntegrationFilter.java:56)
	at org.springframework.web.filter.OncePerRequestFilter.doFilter(OncePerRequestFilter.java:107)
	at org.springframework.security.web.FilterChainProxy$VirtualFilterChain.doFilter(FilterChainProxy.java:331)
	at org.springframework.security.web.FilterChainProxy.doFilterInternal(FilterChainProxy.java:214)
	at org.springframework.security.web.FilterChainProxy.doFilter(FilterChainProxy.java:177)
	at org.springframework.web.filter.DelegatingFilterProxy.invokeDelegate(DelegatingFilterProxy.java:347)
	at org.springframework.web.filter.DelegatingFilterProxy.doFilter(DelegatingFilterProxy.java:263)
	at org.apache.catalina.core.ApplicationFilterChain.internalDoFilter(ApplicationFilterChain.java:193)
	at org.apache.catalina.core.ApplicationFilterChain.doFilter(ApplicationFilterChain.java:166)
	at org.springframework.web.filter.RequestContextFilter.doFilterInternal(RequestContextFilter.java:99)
	at org.springframework.web.filter.OncePerRequestFilter.doFilter(OncePerRequestFilter.java:107)
	at org.apache.catalina.core.ApplicationFilterChain.internalDoFilter(ApplicationFilterChain.java:193)
	at org.apache.catalina.core.ApplicationFilterChain.doFilter(ApplicationFilterChain.java:166)
	at org.springframework.web.filter.HttpPutFormContentFilter.doFilterInternal(HttpPutFormContentFilter.java:108)
	at org.springframework.web.filter.OncePerRequestFilter.doFilter(OncePerRequestFilter.java:107)
	at org.apache.catalina.core.ApplicationFilterChain.internalDoFilter(ApplicationFilterChain.java:193)
	at org.apache.catalina.core.ApplicationFilterChain.doFilter(ApplicationFilterChain.java:166)
	at org.springframework.web.filter.HiddenHttpMethodFilter.doFilterInternal(HiddenHttpMethodFilter.java:81)
	at org.springframework.web.filter.OncePerRequestFilter.doFilter(OncePerRequestFilter.java:107)
	at org.apache.catalina.core.ApplicationFilterChain.internalDoFilter(ApplicationFilterChain.java:193)
	at org.apache.catalina.core.ApplicationFilterChain.doFilter(ApplicationFilterChain.java:166)
	at org.springframework.web.filter.CharacterEncodingFilter.doFilterInternal(CharacterEncodingFilter.java:197)
	at org.springframework.web.filter.OncePerRequestFilter.doFilter(OncePerRequestFilter.java:107)
	at org.apache.catalina.core.ApplicationFilterChain.internalDoFilter(ApplicationFilterChain.java:193)
	at org.apache.catalina.core.ApplicationFilterChain.doFilter(ApplicationFilterChain.java:166)
	at org.apache.catalina.core.StandardWrapperValve.invoke(StandardWrapperValve.java:199)
	at org.apache.catalina.core.StandardContextValve.invoke(StandardContextValve.java:96)
	at org.apache.catalina.authenticator.AuthenticatorBase.invoke(AuthenticatorBase.java:478)
	at org.apache.catalina.core.StandardHostValve.invoke(StandardHostValve.java:140)
	at org.apache.catalina.valves.ErrorReportValve.invoke(ErrorReportValve.java:81)
	at org.apache.catalina.core.StandardEngineValve.invoke(StandardEngineValve.java:87)
	at org.apache.catalina.connector.CoyoteAdapter.service(CoyoteAdapter.java:342)
	at org.apache.coyote.http11.Http11Processor.service(Http11Processor.java:803)
	at org.apache.coyote.AbstractProcessorLight.process(AbstractProcessorLight.java:66)
	at org.apache.coyote.AbstractProtocol$ConnectionHandler.process(AbstractProtocol.java:868)
	at org.apache.tomcat.util.net.NioEndpoint$SocketProcessor.doRun(NioEndpoint.java:1459)
	at org.apache.tomcat.util.net.SocketProcessorBase.run(SocketProcessorBase.java:49)
	at java.util.concurrent.ThreadPoolExecutor.runWorker(ThreadPoolExecutor.java:1149)
	at java.util.concurrent.ThreadPoolExecutor$Worker.run(ThreadPoolExecutor.java:624)
	at org.apache.tomcat.util.threads.TaskThread$WrappingRunnable.run(TaskThread.java:61)
	at java.lang.Thread.run(Thread.java:748)
567827 [http-nio-8080-exec-7] DEBUG o.s.s.w.u.m.MediaTypeRequestMatcher - Processing application/javascript
567827 [http-nio-8080-exec-6] DEBUG o.s.s.access.vote.AffirmativeBased - Voter: org.springframework.security.web.access.expression.WebExpressionVoter@7155916d, returned: -1
567828 [http-nio-8080-exec-2] DEBUG o.s.s.w.u.matcher.AndRequestMatcher - Trying to match using Ant [pattern='/**', GET]
567828 [http-nio-8080-exec-7] DEBUG o.s.s.w.u.m.MediaTypeRequestMatcher - application/json .isCompatibleWith application/javascript = false
567828 [http-nio-8080-exec-2] DEBUG o.s.s.w.u.m.AntPathRequestMatcher - Request '/bootstrap/js/bootstrap.js' matched by universal pattern '/**'
567828 [http-nio-8080-exec-2] DEBUG o.s.s.w.u.matcher.AndRequestMatcher - Trying to match using NegatedRequestMatcher [requestMatcher=Ant [pattern='/**/favicon.ico']]
567828 [http-nio-8080-exec-7] DEBUG o.s.s.w.u.m.MediaTypeRequestMatcher - Did not match any media types
567828 [http-nio-8080-exec-7] DEBUG o.s.s.w.u.m.NegatedRequestMatcher - matches = true
567828 [http-nio-8080-exec-7] DEBUG o.s.s.w.u.matcher.AndRequestMatcher - Trying to match using NegatedRequestMatcher [requestMatcher=RequestHeaderRequestMatcher [expectedHeaderName=X-Requested-With, expectedHeaderValue=XMLHttpRequest]]
567828 [http-nio-8080-exec-2] DEBUG o.s.s.w.u.m.AntPathRequestMatcher - Checking match of request : '/bootstrap/js/bootstrap.js'; against '/**/favicon.ico'
567828 [http-nio-8080-exec-2] DEBUG o.s.s.w.u.m.NegatedRequestMatcher - matches = true
567828 [http-nio-8080-exec-7] DEBUG o.s.s.w.u.m.NegatedRequestMatcher - matches = true
567828 [http-nio-8080-exec-7] DEBUG o.s.s.w.u.matcher.AndRequestMatcher - All requestMatchers returned true
567829 [http-nio-8080-exec-6] DEBUG o.s.s.w.a.ExceptionTranslationFilter - Access is denied (user is anonymous); redirecting to authentication entry point
org.springframework.security.access.AccessDeniedException: Access is denied
	at org.springframework.security.access.vote.AffirmativeBased.decide(AffirmativeBased.java:84)
	at org.springframework.security.access.intercept.AbstractSecurityInterceptor.beforeInvocation(AbstractSecurityInterceptor.java:233)
	at org.springframework.security.web.access.intercept.FilterSecurityInterceptor.invoke(FilterSecurityInterceptor.java:124)
	at org.springframework.security.web.access.intercept.FilterSecurityInterceptor.doFilter(FilterSecurityInterceptor.java:91)
	at org.springframework.security.web.FilterChainProxy$VirtualFilterChain.doFilter(FilterChainProxy.java:331)
	at org.springframework.security.web.access.ExceptionTranslationFilter.doFilter(ExceptionTranslationFilter.java:114)
	at org.springframework.security.web.FilterChainProxy$VirtualFilterChain.doFilter(FilterChainProxy.java:331)
	at org.springframework.security.web.session.SessionManagementFilter.doFilter(SessionManagementFilter.java:137)
	at org.springframework.security.web.FilterChainProxy$VirtualFilterChain.doFilter(FilterChainProxy.java:331)
	at org.springframework.security.web.authentication.AnonymousAuthenticationFilter.doFilter(AnonymousAuthenticationFilter.java:111)
	at org.springframework.security.web.FilterChainProxy$VirtualFilterChain.doFilter(FilterChainProxy.java:331)
	at org.springframework.security.web.servletapi.SecurityContextHolderAwareRequestFilter.doFilter(SecurityContextHolderAwareRequestFilter.java:170)
	at org.springframework.security.web.FilterChainProxy$VirtualFilterChain.doFilter(FilterChainProxy.java:331)
	at org.springframework.security.web.savedrequest.RequestCacheAwareFilter.doFilter(RequestCacheAwareFilter.java:63)
	at org.springframework.security.web.FilterChainProxy$VirtualFilterChain.doFilter(FilterChainProxy.java:331)
	at org.springframework.security.web.authentication.AbstractAuthenticationProcessingFilter.doFilter(AbstractAuthenticationProcessingFilter.java:200)
	at org.springframework.security.web.FilterChainProxy$VirtualFilterChain.doFilter(FilterChainProxy.java:331)
	at org.springframework.security.web.authentication.logout.LogoutFilter.doFilter(LogoutFilter.java:116)
	at org.springframework.security.web.FilterChainProxy$VirtualFilterChain.doFilter(FilterChainProxy.java:331)
	at org.springframework.security.web.csrf.CsrfFilter.doFilterInternal(CsrfFilter.java:100)
	at org.springframework.web.filter.OncePerRequestFilter.doFilter(OncePerRequestFilter.java:107)
	at org.springframework.security.web.FilterChainProxy$VirtualFilterChain.doFilter(FilterChainProxy.java:331)
	at org.springframework.security.web.header.HeaderWriterFilter.doFilterInternal(HeaderWriterFilter.java:64)
	at org.springframework.web.filter.OncePerRequestFilter.doFilter(OncePerRequestFilter.java:107)
	at org.springframework.security.web.FilterChainProxy$VirtualFilterChain.doFilter(FilterChainProxy.java:331)
	at org.springframework.security.web.context.SecurityContextPersistenceFilter.doFilter(SecurityContextPersistenceFilter.java:105)
	at org.springframework.security.web.FilterChainProxy$VirtualFilterChain.doFilter(FilterChainProxy.java:331)
	at org.springframework.security.web.context.request.async.WebAsyncManagerIntegrationFilter.doFilterInternal(WebAsyncManagerIntegrationFilter.java:56)
	at org.springframework.web.filter.OncePerRequestFilter.doFilter(OncePerRequestFilter.java:107)
	at org.springframework.security.web.FilterChainProxy$VirtualFilterChain.doFilter(FilterChainProxy.java:331)
	at org.springframework.security.web.FilterChainProxy.doFilterInternal(FilterChainProxy.java:214)
	at org.springframework.security.web.FilterChainProxy.doFilter(FilterChainProxy.java:177)
	at org.springframework.web.filter.DelegatingFilterProxy.invokeDelegate(DelegatingFilterProxy.java:347)
	at org.springframework.web.filter.DelegatingFilterProxy.doFilter(DelegatingFilterProxy.java:263)
	at org.apache.catalina.core.ApplicationFilterChain.internalDoFilter(ApplicationFilterChain.java:193)
	at org.apache.catalina.core.ApplicationFilterChain.doFilter(ApplicationFilterChain.java:166)
	at org.springframework.web.filter.RequestContextFilter.doFilterInternal(RequestContextFilter.java:99)
	at org.springframework.web.filter.OncePerRequestFilter.doFilter(OncePerRequestFilter.java:107)
	at org.apache.catalina.core.ApplicationFilterChain.internalDoFilter(ApplicationFilterChain.java:193)
	at org.apache.catalina.core.ApplicationFilterChain.doFilter(ApplicationFilterChain.java:166)
	at org.springframework.web.filter.HttpPutFormContentFilter.doFilterInternal(HttpPutFormContentFilter.java:108)
	at org.springframework.web.filter.OncePerRequestFilter.doFilter(OncePerRequestFilter.java:107)
	at org.apache.catalina.core.ApplicationFilterChain.internalDoFilter(ApplicationFilterChain.java:193)
	at org.apache.catalina.core.ApplicationFilterChain.doFilter(ApplicationFilterChain.java:166)
	at org.springframework.web.filter.HiddenHttpMethodFilter.doFilterInternal(HiddenHttpMethodFilter.java:81)
	at org.springframework.web.filter.OncePerRequestFilter.doFilter(OncePerRequestFilter.java:107)
	at org.apache.catalina.core.ApplicationFilterChain.internalDoFilter(ApplicationFilterChain.java:193)
	at org.apache.catalina.core.ApplicationFilterChain.doFilter(ApplicationFilterChain.java:166)
	at org.springframework.web.filter.CharacterEncodingFilter.doFilterInternal(CharacterEncodingFilter.java:197)
	at org.springframework.web.filter.OncePerRequestFilter.doFilter(OncePerRequestFilter.java:107)
	at org.apache.catalina.core.ApplicationFilterChain.internalDoFilter(ApplicationFilterChain.java:193)
	at org.apache.catalina.core.ApplicationFilterChain.doFilter(ApplicationFilterChain.java:166)
	at org.apache.catalina.core.StandardWrapperValve.invoke(StandardWrapperValve.java:199)
	at org.apache.catalina.core.StandardContextValve.invoke(StandardContextValve.java:96)
	at org.apache.catalina.authenticator.AuthenticatorBase.invoke(AuthenticatorBase.java:478)
	at org.apache.catalina.core.StandardHostValve.invoke(StandardHostValve.java:140)
	at org.apache.catalina.valves.ErrorReportValve.invoke(ErrorReportValve.java:81)
	at org.apache.catalina.core.StandardEngineValve.invoke(StandardEngineValve.java:87)
	at org.apache.catalina.connector.CoyoteAdapter.service(CoyoteAdapter.java:342)
	at org.apache.coyote.http11.Http11Processor.service(Http11Processor.java:803)
	at org.apache.coyote.AbstractProcessorLight.process(AbstractProcessorLight.java:66)
	at org.apache.coyote.AbstractProtocol$ConnectionHandler.process(AbstractProtocol.java:868)
	at org.apache.tomcat.util.net.NioEndpoint$SocketProcessor.doRun(NioEndpoint.java:1459)
	at org.apache.tomcat.util.net.SocketProcessorBase.run(SocketProcessorBase.java:49)
	at java.util.concurrent.ThreadPoolExecutor.runWorker(ThreadPoolExecutor.java:1149)
	at java.util.concurrent.ThreadPoolExecutor$Worker.run(ThreadPoolExecutor.java:624)
	at org.apache.tomcat.util.threads.TaskThread$WrappingRunnable.run(TaskThread.java:61)
	at java.lang.Thread.run(Thread.java:748)
567828 [http-nio-8080-exec-2] DEBUG o.s.s.w.u.matcher.AndRequestMatcher - Trying to match using NegatedRequestMatcher [requestMatcher=MediaTypeRequestMatcher [contentNegotiationStrategy=org.springframework.web.accept.ContentNegotiationManager@34a84d5e, matchingMediaTypes=[application/json], useEquals=false, ignoredMediaTypes=[*/*]]]
567829 [http-nio-8080-exec-7] DEBUG o.s.s.w.s.HttpSessionRequestCache - DefaultSavedRequest added to Session: DefaultSavedRequest[http://localhost:8080/jquery/jquery-2.1.3.js]
567830 [http-nio-8080-exec-6] DEBUG o.s.s.w.u.matcher.AndRequestMatcher - Trying to match using Ant [pattern='/**', GET]
567830 [http-nio-8080-exec-7] DEBUG o.s.s.w.a.ExceptionTranslationFilter - Calling Authentication entry point.
567830 [http-nio-8080-exec-2] DEBUG o.s.s.w.u.m.MediaTypeRequestMatcher - httpRequestMediaTypes=[application/javascript]
567830 [http-nio-8080-exec-6] DEBUG o.s.s.w.u.m.AntPathRequestMatcher - Request '/bootstrap/css/bootstrap.css' matched by universal pattern '/**'
567830 [http-nio-8080-exec-2] DEBUG o.s.s.w.u.m.MediaTypeRequestMatcher - Processing application/javascript
567830 [http-nio-8080-exec-7] DEBUG o.s.s.web.DefaultRedirectStrategy - Redirecting to 'http://localhost:8080/login'
567830 [http-nio-8080-exec-2] DEBUG o.s.s.w.u.m.MediaTypeRequestMatcher - application/json .isCompatibleWith application/javascript = false
567830 [http-nio-8080-exec-7] DEBUG o.s.s.w.c.HttpSessionSecurityContextRepository - SecurityContext is empty or contents are anonymous - context will not be stored in HttpSession.
567830 [http-nio-8080-exec-6] DEBUG o.s.s.w.u.matcher.AndRequestMatcher - Trying to match using NegatedRequestMatcher [requestMatcher=Ant [pattern='/**/favicon.ico']]
567830 [http-nio-8080-exec-2] DEBUG o.s.s.w.u.m.MediaTypeRequestMatcher - Did not match any media types
567830 [http-nio-8080-exec-6] DEBUG o.s.s.w.u.m.AntPathRequestMatcher - Checking match of request : '/bootstrap/css/bootstrap.css'; against '/**/favicon.ico'
567830 [http-nio-8080-exec-2] DEBUG o.s.s.w.u.m.NegatedRequestMatcher - matches = true
567830 [http-nio-8080-exec-7] DEBUG o.s.s.w.c.SecurityContextPersistenceFilter - SecurityContextHolder now cleared, as request processing completed
567830 [http-nio-8080-exec-6] DEBUG o.s.s.w.u.m.NegatedRequestMatcher - matches = true
567830 [http-nio-8080-exec-6] DEBUG o.s.s.w.u.matcher.AndRequestMatcher - Trying to match using NegatedRequestMatcher [requestMatcher=MediaTypeRequestMatcher [contentNegotiationStrategy=org.springframework.web.accept.ContentNegotiationManager@34a84d5e, matchingMediaTypes=[application/json], useEquals=false, ignoredMediaTypes=[*/*]]]
567830 [http-nio-8080-exec-2] DEBUG o.s.s.w.u.matcher.AndRequestMatcher - Trying to match using NegatedRequestMatcher [requestMatcher=RequestHeaderRequestMatcher [expectedHeaderName=X-Requested-With, expectedHeaderValue=XMLHttpRequest]]
567830 [http-nio-8080-exec-6] DEBUG o.s.s.w.u.m.MediaTypeRequestMatcher - httpRequestMediaTypes=[text/css]
567830 [http-nio-8080-exec-2] DEBUG o.s.s.w.u.m.NegatedRequestMatcher - matches = true
567830 [http-nio-8080-exec-6] DEBUG o.s.s.w.u.m.MediaTypeRequestMatcher - Processing text/css
567830 [http-nio-8080-exec-2] DEBUG o.s.s.w.u.matcher.AndRequestMatcher - All requestMatchers returned true
567830 [http-nio-8080-exec-6] DEBUG o.s.s.w.u.m.MediaTypeRequestMatcher - application/json .isCompatibleWith text/css = false
567831 [http-nio-8080-exec-6] DEBUG o.s.s.w.u.m.MediaTypeRequestMatcher - Did not match any media types
567831 [http-nio-8080-exec-6] DEBUG o.s.s.w.u.m.NegatedRequestMatcher - matches = true
567831 [http-nio-8080-exec-6] DEBUG o.s.s.w.u.matcher.AndRequestMatcher - Trying to match using NegatedRequestMatcher [requestMatcher=RequestHeaderRequestMatcher [expectedHeaderName=X-Requested-With, expectedHeaderValue=XMLHttpRequest]]
567831 [http-nio-8080-exec-6] DEBUG o.s.s.w.u.m.NegatedRequestMatcher - matches = true
567831 [http-nio-8080-exec-6] DEBUG o.s.s.w.u.matcher.AndRequestMatcher - All requestMatchers returned true
567831 [http-nio-8080-exec-2] DEBUG o.s.s.w.s.HttpSessionRequestCache - DefaultSavedRequest added to Session: DefaultSavedRequest[http://localhost:8080/bootstrap/js/bootstrap.js]
567831 [http-nio-8080-exec-2] DEBUG o.s.s.w.a.ExceptionTranslationFilter - Calling Authentication entry point.
567831 [http-nio-8080-exec-2] DEBUG o.s.s.web.DefaultRedirectStrategy - Redirecting to 'http://localhost:8080/login'
567831 [http-nio-8080-exec-2] DEBUG o.s.s.w.c.HttpSessionSecurityContextRepository - SecurityContext is empty or contents are anonymous - context will not be stored in HttpSession.
567831 [http-nio-8080-exec-6] DEBUG o.s.s.w.s.HttpSessionRequestCache - DefaultSavedRequest added to Session: DefaultSavedRequest[http://localhost:8080/bootstrap/css/bootstrap.css]
567831 [http-nio-8080-exec-6] DEBUG o.s.s.w.a.ExceptionTranslationFilter - Calling Authentication entry point.
567831 [http-nio-8080-exec-6] DEBUG o.s.s.web.DefaultRedirectStrategy - Redirecting to 'http://localhost:8080/login'
567831 [http-nio-8080-exec-6] DEBUG o.s.s.w.c.HttpSessionSecurityContextRepository - SecurityContext is empty or contents are anonymous - context will not be stored in HttpSession.
567831 [http-nio-8080-exec-2] DEBUG o.s.s.w.c.SecurityContextPersistenceFilter - SecurityContextHolder now cleared, as request processing completed
567831 [http-nio-8080-exec-6] DEBUG o.s.s.w.c.SecurityContextPersistenceFilter - SecurityContextHolder now cleared, as request processing completed
567834 [http-nio-8080-exec-9] DEBUG o.s.s.w.u.matcher.OrRequestMatcher - Trying to match using Ant [pattern='/css/**']
567834 [http-nio-8080-exec-9] DEBUG o.s.s.w.u.m.AntPathRequestMatcher - Checking match of request : '/login'; against '/css/**'
567834 [http-nio-8080-exec-9] DEBUG o.s.s.w.u.matcher.OrRequestMatcher - Trying to match using Ant [pattern='/js/**']
567834 [http-nio-8080-exec-9] DEBUG o.s.s.w.u.m.AntPathRequestMatcher - Checking match of request : '/login'; against '/js/**'
567834 [http-nio-8080-exec-9] DEBUG o.s.s.w.u.matcher.OrRequestMatcher - Trying to match using Ant [pattern='/images/**']
567834 [http-nio-8080-exec-9] DEBUG o.s.s.w.u.m.AntPathRequestMatcher - Checking match of request : '/login'; against '/images/**'
567834 [http-nio-8080-exec-9] DEBUG o.s.s.w.u.matcher.OrRequestMatcher - Trying to match using Ant [pattern='/webjars/**']
567834 [http-nio-8080-exec-9] DEBUG o.s.s.w.u.m.AntPathRequestMatcher - Checking match of request : '/login'; against '/webjars/**'
567834 [http-nio-8080-exec-9] DEBUG o.s.s.w.u.matcher.OrRequestMatcher - Trying to match using Ant [pattern='/**/favicon.ico']
567834 [http-nio-8080-exec-9] DEBUG o.s.s.w.u.m.AntPathRequestMatcher - Checking match of request : '/login'; against '/**/favicon.ico'
567834 [http-nio-8080-exec-9] DEBUG o.s.s.w.u.matcher.OrRequestMatcher - Trying to match using Ant [pattern='/error']
567834 [http-nio-8080-exec-9] DEBUG o.s.s.w.u.m.AntPathRequestMatcher - Checking match of request : '/login'; against '/error'
567834 [http-nio-8080-exec-9] DEBUG o.s.s.w.u.matcher.OrRequestMatcher - No matches found
567834 [http-nio-8080-exec-9] DEBUG o.s.security.web.FilterChainProxy - /login at position 1 of 12 in additional filter chain; firing Filter: 'WebAsyncManagerIntegrationFilter'
567834 [http-nio-8080-exec-9] DEBUG o.s.security.web.FilterChainProxy - /login at position 2 of 12 in additional filter chain; firing Filter: 'SecurityContextPersistenceFilter'
567834 [http-nio-8080-exec-9] DEBUG o.s.s.w.c.HttpSessionSecurityContextRepository - HttpSession returned null object for SPRING_SECURITY_CONTEXT
567834 [http-nio-8080-exec-9] DEBUG o.s.s.w.c.HttpSessionSecurityContextRepository - No SecurityContext was available from the HttpSession: org.apache.catalina.session.StandardSessionFacade@30689b56. A new one will be created.
567834 [http-nio-8080-exec-9] DEBUG o.s.security.web.FilterChainProxy - /login at position 3 of 12 in additional filter chain; firing Filter: 'HeaderWriterFilter'
567834 [http-nio-8080-exec-9] DEBUG o.s.s.w.h.writers.HstsHeaderWriter - Not injecting HSTS header since it did not match the requestMatcher org.springframework.security.web.header.writers.HstsHeaderWriter$SecureRequestMatcher@34571983
567835 [http-nio-8080-exec-9] DEBUG o.s.security.web.FilterChainProxy - /login at position 4 of 12 in additional filter chain; firing Filter: 'CsrfFilter'
567835 [http-nio-8080-exec-9] DEBUG o.s.security.web.FilterChainProxy - /login at position 5 of 12 in additional filter chain; firing Filter: 'LogoutFilter'
567835 [http-nio-8080-exec-9] DEBUG o.s.s.w.u.m.AntPathRequestMatcher - Request 'GET /login' doesn't match 'POST /logout
567835 [http-nio-8080-exec-9] DEBUG o.s.security.web.FilterChainProxy - /login at position 6 of 12 in additional filter chain; firing Filter: 'UsernamePasswordAuthenticationFilter'
567835 [http-nio-8080-exec-9] DEBUG o.s.s.w.u.m.AntPathRequestMatcher - Request 'GET /login' doesn't match 'POST /login
567835 [http-nio-8080-exec-9] DEBUG o.s.security.web.FilterChainProxy - /login at position 7 of 12 in additional filter chain; firing Filter: 'RequestCacheAwareFilter'
567835 [http-nio-8080-exec-9] DEBUG o.s.s.w.s.DefaultSavedRequest - pathInfo: both null (property equals)
567835 [http-nio-8080-exec-9] DEBUG o.s.s.w.s.DefaultSavedRequest - queryString: both null (property equals)
567835 [http-nio-8080-exec-9] DEBUG o.s.s.w.s.DefaultSavedRequest - requestURI: arg1=/bootstrap/css/bootstrap.css; arg2=/login (property not equals)
567838 [http-nio-8080-exec-9] DEBUG o.s.s.w.s.HttpSessionRequestCache - saved request doesn't match
567838 [http-nio-8080-exec-9] DEBUG o.s.security.web.FilterChainProxy - /login at position 8 of 12 in additional filter chain; firing Filter: 'SecurityContextHolderAwareRequestFilter'
567838 [http-nio-8080-exec-9] DEBUG o.s.security.web.FilterChainProxy - /login at position 9 of 12 in additional filter chain; firing Filter: 'AnonymousAuthenticationFilter'
567838 [http-nio-8080-exec-9] DEBUG o.s.s.w.a.AnonymousAuthenticationFilter - Populated SecurityContextHolder with anonymous token: 'org.springframework.security.authentication.AnonymousAuthenticationToken@6fabe8e0: Principal: anonymousUser; Credentials: [PROTECTED]; Authenticated: true; Details: org.springframework.security.web.authentication.WebAuthenticationDetails@fffe9938: RemoteIpAddress: 0:0:0:0:0:0:0:1; SessionId: 760D79BA12046463C13AD8F04AD89B62; Granted Authorities: ROLE_ANONYMOUS'
567838 [http-nio-8080-exec-9] DEBUG o.s.security.web.FilterChainProxy - /login at position 10 of 12 in additional filter chain; firing Filter: 'SessionManagementFilter'
567838 [http-nio-8080-exec-9] DEBUG o.s.security.web.FilterChainProxy - /login at position 11 of 12 in additional filter chain; firing Filter: 'ExceptionTranslationFilter'
567838 [http-nio-8080-exec-9] DEBUG o.s.security.web.FilterChainProxy - /login at position 12 of 12 in additional filter chain; firing Filter: 'FilterSecurityInterceptor'
567838 [http-nio-8080-exec-9] DEBUG o.s.s.w.a.i.FilterSecurityInterceptor - Secure object: FilterInvocation: URL: /login; Attributes: [permitAll]
567838 [http-nio-8080-exec-9] DEBUG o.s.s.w.a.i.FilterSecurityInterceptor - Previously Authenticated: org.springframework.security.authentication.AnonymousAuthenticationToken@6fabe8e0: Principal: anonymousUser; Credentials: [PROTECTED]; Authenticated: true; Details: org.springframework.security.web.authentication.WebAuthenticationDetails@fffe9938: RemoteIpAddress: 0:0:0:0:0:0:0:1; SessionId: 760D79BA12046463C13AD8F04AD89B62; Granted Authorities: ROLE_ANONYMOUS
567839 [http-nio-8080-exec-9] DEBUG o.s.s.access.vote.AffirmativeBased - Voter: org.springframework.security.web.access.expression.WebExpressionVoter@7155916d, returned: 1
567839 [http-nio-8080-exec-9] DEBUG o.s.s.w.a.i.FilterSecurityInterceptor - Authorization successful
567839 [http-nio-8080-exec-9] DEBUG o.s.s.w.a.i.FilterSecurityInterceptor - RunAsManager did not change Authentication object
567839 [http-nio-8080-exec-9] DEBUG o.s.security.web.FilterChainProxy - /login reached end of additional filter chain; proceeding with original chain
567841 [http-nio-8080-exec-9] DEBUG o.s.s.w.c.HttpSessionSecurityContextRepository - SecurityContext is empty or contents are anonymous - context will not be stored in HttpSession.
567841 [http-nio-8080-exec-9] DEBUG o.s.s.w.a.ExceptionTranslationFilter - Chain processed normally
567842 [http-nio-8080-exec-9] DEBUG o.s.s.w.c.SecurityContextPersistenceFilter - SecurityContextHolder now cleared, as request processing completed
567844 [http-nio-8080-exec-10] DEBUG o.s.s.w.u.matcher.OrRequestMatcher - Trying to match using Ant [pattern='/css/**']
567844 [http-nio-8080-exec-8] DEBUG o.s.s.w.u.matcher.OrRequestMatcher - Trying to match using Ant [pattern='/css/**']
567844 [http-nio-8080-exec-8] DEBUG o.s.s.w.u.m.AntPathRequestMatcher - Checking match of request : '/login'; against '/css/**'
567844 [http-nio-8080-exec-10] DEBUG o.s.s.w.u.m.AntPathRequestMatcher - Checking match of request : '/login'; against '/css/**'
567844 [http-nio-8080-exec-10] DEBUG o.s.s.w.u.matcher.OrRequestMatcher - Trying to match using Ant [pattern='/js/**']
567844 [http-nio-8080-exec-8] DEBUG o.s.s.w.u.matcher.OrRequestMatcher - Trying to match using Ant [pattern='/js/**']
567844 [http-nio-8080-exec-8] DEBUG o.s.s.w.u.m.AntPathRequestMatcher - Checking match of request : '/login'; against '/js/**'
567844 [http-nio-8080-exec-10] DEBUG o.s.s.w.u.m.AntPathRequestMatcher - Checking match of request : '/login'; against '/js/**'
567844 [http-nio-8080-exec-10] DEBUG o.s.s.w.u.matcher.OrRequestMatcher - Trying to match using Ant [pattern='/images/**']
567844 [http-nio-8080-exec-8] DEBUG o.s.s.w.u.matcher.OrRequestMatcher - Trying to match using Ant [pattern='/images/**']
567844 [http-nio-8080-exec-8] DEBUG o.s.s.w.u.m.AntPathRequestMatcher - Checking match of request : '/login'; against '/images/**'
567844 [http-nio-8080-exec-10] DEBUG o.s.s.w.u.m.AntPathRequestMatcher - Checking match of request : '/login'; against '/images/**'
567844 [http-nio-8080-exec-10] DEBUG o.s.s.w.u.matcher.OrRequestMatcher - Trying to match using Ant [pattern='/webjars/**']
567844 [http-nio-8080-exec-8] DEBUG o.s.s.w.u.matcher.OrRequestMatcher - Trying to match using Ant [pattern='/webjars/**']
567844 [http-nio-8080-exec-8] DEBUG o.s.s.w.u.m.AntPathRequestMatcher - Checking match of request : '/login'; against '/webjars/**'
567844 [http-nio-8080-exec-10] DEBUG o.s.s.w.u.m.AntPathRequestMatcher - Checking match of request : '/login'; against '/webjars/**'
567844 [http-nio-8080-exec-10] DEBUG o.s.s.w.u.matcher.OrRequestMatcher - Trying to match using Ant [pattern='/**/favicon.ico']
567844 [http-nio-8080-exec-8] DEBUG o.s.s.w.u.matcher.OrRequestMatcher - Trying to match using Ant [pattern='/**/favicon.ico']
567844 [http-nio-8080-exec-8] DEBUG o.s.s.w.u.m.AntPathRequestMatcher - Checking match of request : '/login'; against '/**/favicon.ico'
567844 [http-nio-8080-exec-10] DEBUG o.s.s.w.u.m.AntPathRequestMatcher - Checking match of request : '/login'; against '/**/favicon.ico'
567844 [http-nio-8080-exec-10] DEBUG o.s.s.w.u.matcher.OrRequestMatcher - Trying to match using Ant [pattern='/error']
567844 [http-nio-8080-exec-8] DEBUG o.s.s.w.u.matcher.OrRequestMatcher - Trying to match using Ant [pattern='/error']
567845 [http-nio-8080-exec-8] DEBUG o.s.s.w.u.m.AntPathRequestMatcher - Checking match of request : '/login'; against '/error'
567845 [http-nio-8080-exec-10] DEBUG o.s.s.w.u.m.AntPathRequestMatcher - Checking match of request : '/login'; against '/error'
567845 [http-nio-8080-exec-8] DEBUG o.s.s.w.u.matcher.OrRequestMatcher - No matches found
567845 [http-nio-8080-exec-10] DEBUG o.s.s.w.u.matcher.OrRequestMatcher - No matches found
567845 [http-nio-8080-exec-8] DEBUG o.s.security.web.FilterChainProxy - /login at position 1 of 12 in additional filter chain; firing Filter: 'WebAsyncManagerIntegrationFilter'
567845 [http-nio-8080-exec-10] DEBUG o.s.security.web.FilterChainProxy - /login at position 1 of 12 in additional filter chain; firing Filter: 'WebAsyncManagerIntegrationFilter'
567845 [http-nio-8080-exec-8] DEBUG o.s.security.web.FilterChainProxy - /login at position 2 of 12 in additional filter chain; firing Filter: 'SecurityContextPersistenceFilter'
567846 [http-nio-8080-exec-10] DEBUG o.s.security.web.FilterChainProxy - /login at position 2 of 12 in additional filter chain; firing Filter: 'SecurityContextPersistenceFilter'
567846 [http-nio-8080-exec-8] DEBUG o.s.s.w.c.HttpSessionSecurityContextRepository - HttpSession returned null object for SPRING_SECURITY_CONTEXT
567846 [http-nio-8080-exec-10] DEBUG o.s.s.w.c.HttpSessionSecurityContextRepository - HttpSession returned null object for SPRING_SECURITY_CONTEXT
567846 [http-nio-8080-exec-8] DEBUG o.s.s.w.c.HttpSessionSecurityContextRepository - No SecurityContext was available from the HttpSession: org.apache.catalina.session.StandardSessionFacade@30689b56. A new one will be created.
567846 [http-nio-8080-exec-10] DEBUG o.s.s.w.c.HttpSessionSecurityContextRepository - No SecurityContext was available from the HttpSession: org.apache.catalina.session.StandardSessionFacade@30689b56. A new one will be created.
567846 [http-nio-8080-exec-8] DEBUG o.s.security.web.FilterChainProxy - /login at position 3 of 12 in additional filter chain; firing Filter: 'HeaderWriterFilter'
567846 [http-nio-8080-exec-10] DEBUG o.s.security.web.FilterChainProxy - /login at position 3 of 12 in additional filter chain; firing Filter: 'HeaderWriterFilter'
567846 [http-nio-8080-exec-8] DEBUG o.s.s.w.h.writers.HstsHeaderWriter - Not injecting HSTS header since it did not match the requestMatcher org.springframework.security.web.header.writers.HstsHeaderWriter$SecureRequestMatcher@34571983
567846 [http-nio-8080-exec-8] DEBUG o.s.security.web.FilterChainProxy - /login at position 4 of 12 in additional filter chain; firing Filter: 'CsrfFilter'
567846 [http-nio-8080-exec-10] DEBUG o.s.s.w.h.writers.HstsHeaderWriter - Not injecting HSTS header since it did not match the requestMatcher org.springframework.security.web.header.writers.HstsHeaderWriter$SecureRequestMatcher@34571983
567846 [http-nio-8080-exec-8] DEBUG o.s.security.web.FilterChainProxy - /login at position 5 of 12 in additional filter chain; firing Filter: 'LogoutFilter'
567846 [http-nio-8080-exec-10] DEBUG o.s.security.web.FilterChainProxy - /login at position 4 of 12 in additional filter chain; firing Filter: 'CsrfFilter'
567846 [http-nio-8080-exec-8] DEBUG o.s.s.w.u.m.AntPathRequestMatcher - Request 'GET /login' doesn't match 'POST /logout
567846 [http-nio-8080-exec-10] DEBUG o.s.security.web.FilterChainProxy - /login at position 5 of 12 in additional filter chain; firing Filter: 'LogoutFilter'
567846 [http-nio-8080-exec-10] DEBUG o.s.s.w.u.m.AntPathRequestMatcher - Request 'GET /login' doesn't match 'POST /logout
567847 [http-nio-8080-exec-10] DEBUG o.s.security.web.FilterChainProxy - /login at position 6 of 12 in additional filter chain; firing Filter: 'UsernamePasswordAuthenticationFilter'
567846 [http-nio-8080-exec-8] DEBUG o.s.security.web.FilterChainProxy - /login at position 6 of 12 in additional filter chain; firing Filter: 'UsernamePasswordAuthenticationFilter'
567847 [http-nio-8080-exec-10] DEBUG o.s.s.w.u.m.AntPathRequestMatcher - Request 'GET /login' doesn't match 'POST /login
567847 [http-nio-8080-exec-8] DEBUG o.s.s.w.u.m.AntPathRequestMatcher - Request 'GET /login' doesn't match 'POST /login
567847 [http-nio-8080-exec-8] DEBUG o.s.security.web.FilterChainProxy - /login at position 7 of 12 in additional filter chain; firing Filter: 'RequestCacheAwareFilter'
567847 [http-nio-8080-exec-10] DEBUG o.s.security.web.FilterChainProxy - /login at position 7 of 12 in additional filter chain; firing Filter: 'RequestCacheAwareFilter'
567847 [http-nio-8080-exec-8] DEBUG o.s.s.w.s.DefaultSavedRequest - pathInfo: both null (property equals)
567847 [http-nio-8080-exec-10] DEBUG o.s.s.w.s.DefaultSavedRequest - pathInfo: both null (property equals)
567847 [http-nio-8080-exec-10] DEBUG o.s.s.w.s.DefaultSavedRequest - queryString: both null (property equals)
567847 [http-nio-8080-exec-10] DEBUG o.s.s.w.s.DefaultSavedRequest - requestURI: arg1=/bootstrap/css/bootstrap.css; arg2=/login (property not equals)
567847 [http-nio-8080-exec-10] DEBUG o.s.s.w.s.HttpSessionRequestCache - saved request doesn't match
567847 [http-nio-8080-exec-8] DEBUG o.s.s.w.s.DefaultSavedRequest - queryString: both null (property equals)
567847 [http-nio-8080-exec-8] DEBUG o.s.s.w.s.DefaultSavedRequest - requestURI: arg1=/bootstrap/css/bootstrap.css; arg2=/login (property not equals)
567847 [http-nio-8080-exec-8] DEBUG o.s.s.w.s.HttpSessionRequestCache - saved request doesn't match
567847 [http-nio-8080-exec-10] DEBUG o.s.security.web.FilterChainProxy - /login at position 8 of 12 in additional filter chain; firing Filter: 'SecurityContextHolderAwareRequestFilter'
567847 [http-nio-8080-exec-8] DEBUG o.s.security.web.FilterChainProxy - /login at position 8 of 12 in additional filter chain; firing Filter: 'SecurityContextHolderAwareRequestFilter'
567848 [http-nio-8080-exec-10] DEBUG o.s.security.web.FilterChainProxy - /login at position 9 of 12 in additional filter chain; firing Filter: 'AnonymousAuthenticationFilter'
567848 [http-nio-8080-exec-8] DEBUG o.s.security.web.FilterChainProxy - /login at position 9 of 12 in additional filter chain; firing Filter: 'AnonymousAuthenticationFilter'
567848 [http-nio-8080-exec-8] DEBUG o.s.s.w.a.AnonymousAuthenticationFilter - Populated SecurityContextHolder with anonymous token: 'org.springframework.security.authentication.AnonymousAuthenticationToken@6fabe8e0: Principal: anonymousUser; Credentials: [PROTECTED]; Authenticated: true; Details: org.springframework.security.web.authentication.WebAuthenticationDetails@fffe9938: RemoteIpAddress: 0:0:0:0:0:0:0:1; SessionId: 760D79BA12046463C13AD8F04AD89B62; Granted Authorities: ROLE_ANONYMOUS'
567848 [http-nio-8080-exec-8] DEBUG o.s.security.web.FilterChainProxy - /login at position 10 of 12 in additional filter chain; firing Filter: 'SessionManagementFilter'
567848 [http-nio-8080-exec-10] DEBUG o.s.s.w.a.AnonymousAuthenticationFilter - Populated SecurityContextHolder with anonymous token: 'org.springframework.security.authentication.AnonymousAuthenticationToken@6fabe8e0: Principal: anonymousUser; Credentials: [PROTECTED]; Authenticated: true; Details: org.springframework.security.web.authentication.WebAuthenticationDetails@fffe9938: RemoteIpAddress: 0:0:0:0:0:0:0:1; SessionId: 760D79BA12046463C13AD8F04AD89B62; Granted Authorities: ROLE_ANONYMOUS'
567848 [http-nio-8080-exec-10] DEBUG o.s.security.web.FilterChainProxy - /login at position 10 of 12 in additional filter chain; firing Filter: 'SessionManagementFilter'
567848 [http-nio-8080-exec-8] DEBUG o.s.security.web.FilterChainProxy - /login at position 11 of 12 in additional filter chain; firing Filter: 'ExceptionTranslationFilter'
567848 [http-nio-8080-exec-10] DEBUG o.s.security.web.FilterChainProxy - /login at position 11 of 12 in additional filter chain; firing Filter: 'ExceptionTranslationFilter'
567848 [http-nio-8080-exec-8] DEBUG o.s.security.web.FilterChainProxy - /login at position 12 of 12 in additional filter chain; firing Filter: 'FilterSecurityInterceptor'
567848 [http-nio-8080-exec-8] DEBUG o.s.s.w.a.i.FilterSecurityInterceptor - Secure object: FilterInvocation: URL: /login; Attributes: [permitAll]
567848 [http-nio-8080-exec-10] DEBUG o.s.security.web.FilterChainProxy - /login at position 12 of 12 in additional filter chain; firing Filter: 'FilterSecurityInterceptor'
567848 [http-nio-8080-exec-8] DEBUG o.s.s.w.a.i.FilterSecurityInterceptor - Previously Authenticated: org.springframework.security.authentication.AnonymousAuthenticationToken@6fabe8e0: Principal: anonymousUser; Credentials: [PROTECTED]; Authenticated: true; Details: org.springframework.security.web.authentication.WebAuthenticationDetails@fffe9938: RemoteIpAddress: 0:0:0:0:0:0:0:1; SessionId: 760D79BA12046463C13AD8F04AD89B62; Granted Authorities: ROLE_ANONYMOUS
567848 [http-nio-8080-exec-10] DEBUG o.s.s.w.a.i.FilterSecurityInterceptor - Secure object: FilterInvocation: URL: /login; Attributes: [permitAll]
567849 [http-nio-8080-exec-10] DEBUG o.s.s.w.a.i.FilterSecurityInterceptor - Previously Authenticated: org.springframework.security.authentication.AnonymousAuthenticationToken@6fabe8e0: Principal: anonymousUser; Credentials: [PROTECTED]; Authenticated: true; Details: org.springframework.security.web.authentication.WebAuthenticationDetails@fffe9938: RemoteIpAddress: 0:0:0:0:0:0:0:1; SessionId: 760D79BA12046463C13AD8F04AD89B62; Granted Authorities: ROLE_ANONYMOUS
567849 [http-nio-8080-exec-8] DEBUG o.s.s.access.vote.AffirmativeBased - Voter: org.springframework.security.web.access.expression.WebExpressionVoter@7155916d, returned: 1
567849 [http-nio-8080-exec-8] DEBUG o.s.s.w.a.i.FilterSecurityInterceptor - Authorization successful
567849 [http-nio-8080-exec-8] DEBUG o.s.s.w.a.i.FilterSecurityInterceptor - RunAsManager did not change Authentication object
567849 [http-nio-8080-exec-8] DEBUG o.s.security.web.FilterChainProxy - /login reached end of additional filter chain; proceeding with original chain
567849 [http-nio-8080-exec-10] DEBUG o.s.s.access.vote.AffirmativeBased - Voter: org.springframework.security.web.access.expression.WebExpressionVoter@7155916d, returned: 1
567849 [http-nio-8080-exec-10] DEBUG o.s.s.w.a.i.FilterSecurityInterceptor - Authorization successful
567849 [http-nio-8080-exec-10] DEBUG o.s.s.w.a.i.FilterSecurityInterceptor - RunAsManager did not change Authentication object
567849 [http-nio-8080-exec-10] DEBUG o.s.security.web.FilterChainProxy - /login reached end of additional filter chain; proceeding with original chain
567851 [http-nio-8080-exec-10] DEBUG o.s.s.w.c.HttpSessionSecurityContextRepository - SecurityContext is empty or contents are anonymous - context will not be stored in HttpSession.
567852 [http-nio-8080-exec-8] DEBUG o.s.s.w.c.HttpSessionSecurityContextRepository - SecurityContext is empty or contents are anonymous - context will not be stored in HttpSession.
567852 [http-nio-8080-exec-10] DEBUG o.s.s.w.a.ExceptionTranslationFilter - Chain processed normally
567852 [http-nio-8080-exec-10] DEBUG o.s.s.w.c.SecurityContextPersistenceFilter - SecurityContextHolder now cleared, as request processing completed
567854 [http-nio-8080-exec-8] DEBUG o.s.s.w.a.ExceptionTranslationFilter - Chain processed normally
567854 [http-nio-8080-exec-8] DEBUG o.s.s.w.c.SecurityContextPersistenceFilter - SecurityContextHolder now cleared, as request processing completed
567877 [http-nio-8080-exec-3] DEBUG o.s.s.w.u.matcher.OrRequestMatcher - Trying to match using Ant [pattern='/css/**']
567877 [http-nio-8080-exec-3] DEBUG o.s.s.w.u.m.AntPathRequestMatcher - Checking match of request : '/favicon.ico'; against '/css/**'
567877 [http-nio-8080-exec-3] DEBUG o.s.s.w.u.matcher.OrRequestMatcher - Trying to match using Ant [pattern='/js/**']
567878 [http-nio-8080-exec-3] DEBUG o.s.s.w.u.m.AntPathRequestMatcher - Checking match of request : '/favicon.ico'; against '/js/**'
567878 [http-nio-8080-exec-3] DEBUG o.s.s.w.u.matcher.OrRequestMatcher - Trying to match using Ant [pattern='/images/**']
567878 [http-nio-8080-exec-3] DEBUG o.s.s.w.u.m.AntPathRequestMatcher - Checking match of request : '/favicon.ico'; against '/images/**'
567878 [http-nio-8080-exec-3] DEBUG o.s.s.w.u.matcher.OrRequestMatcher - Trying to match using Ant [pattern='/webjars/**']
567878 [http-nio-8080-exec-3] DEBUG o.s.s.w.u.m.AntPathRequestMatcher - Checking match of request : '/favicon.ico'; against '/webjars/**'
567878 [http-nio-8080-exec-3] DEBUG o.s.s.w.u.matcher.OrRequestMatcher - Trying to match using Ant [pattern='/**/favicon.ico']
567878 [http-nio-8080-exec-3] DEBUG o.s.s.w.u.m.AntPathRequestMatcher - Checking match of request : '/favicon.ico'; against '/**/favicon.ico'
567878 [http-nio-8080-exec-3] DEBUG o.s.s.w.u.matcher.OrRequestMatcher - matched
567878 [http-nio-8080-exec-3] DEBUG o.s.security.web.FilterChainProxy - /favicon.ico has an empty filter list
570748 [http-nio-8080-exec-1] DEBUG o.s.s.w.u.matcher.OrRequestMatcher - Trying to match using Ant [pattern='/css/**']
570748 [http-nio-8080-exec-1] DEBUG o.s.s.w.u.m.AntPathRequestMatcher - Checking match of request : '/'; against '/css/**'
570748 [http-nio-8080-exec-1] DEBUG o.s.s.w.u.matcher.OrRequestMatcher - Trying to match using Ant [pattern='/js/**']
570748 [http-nio-8080-exec-1] DEBUG o.s.s.w.u.m.AntPathRequestMatcher - Checking match of request : '/'; against '/js/**'
570748 [http-nio-8080-exec-1] DEBUG o.s.s.w.u.matcher.OrRequestMatcher - Trying to match using Ant [pattern='/images/**']
570748 [http-nio-8080-exec-1] DEBUG o.s.s.w.u.m.AntPathRequestMatcher - Checking match of request : '/'; against '/images/**'
570748 [http-nio-8080-exec-1] DEBUG o.s.s.w.u.matcher.OrRequestMatcher - Trying to match using Ant [pattern='/webjars/**']
570748 [http-nio-8080-exec-1] DEBUG o.s.s.w.u.m.AntPathRequestMatcher - Checking match of request : '/'; against '/webjars/**'
570748 [http-nio-8080-exec-1] DEBUG o.s.s.w.u.matcher.OrRequestMatcher - Trying to match using Ant [pattern='/**/favicon.ico']
570748 [http-nio-8080-exec-1] DEBUG o.s.s.w.u.m.AntPathRequestMatcher - Checking match of request : '/'; against '/**/favicon.ico'
570748 [http-nio-8080-exec-1] DEBUG o.s.s.w.u.matcher.OrRequestMatcher - Trying to match using Ant [pattern='/error']
570748 [http-nio-8080-exec-1] DEBUG o.s.s.w.u.m.AntPathRequestMatcher - Checking match of request : '/'; against '/error'
570748 [http-nio-8080-exec-1] DEBUG o.s.s.w.u.matcher.OrRequestMatcher - No matches found
570748 [http-nio-8080-exec-1] DEBUG o.s.security.web.FilterChainProxy - / at position 1 of 12 in additional filter chain; firing Filter: 'WebAsyncManagerIntegrationFilter'
570748 [http-nio-8080-exec-1] DEBUG o.s.security.web.FilterChainProxy - / at position 2 of 12 in additional filter chain; firing Filter: 'SecurityContextPersistenceFilter'
570748 [http-nio-8080-exec-1] DEBUG o.s.s.w.c.HttpSessionSecurityContextRepository - HttpSession returned null object for SPRING_SECURITY_CONTEXT
570748 [http-nio-8080-exec-1] DEBUG o.s.s.w.c.HttpSessionSecurityContextRepository - No SecurityContext was available from the HttpSession: org.apache.catalina.session.StandardSessionFacade@30689b56. A new one will be created.
570748 [http-nio-8080-exec-1] DEBUG o.s.security.web.FilterChainProxy - / at position 3 of 12 in additional filter chain; firing Filter: 'HeaderWriterFilter'
570748 [http-nio-8080-exec-1] DEBUG o.s.s.w.h.writers.HstsHeaderWriter - Not injecting HSTS header since it did not match the requestMatcher org.springframework.security.web.header.writers.HstsHeaderWriter$SecureRequestMatcher@34571983
570749 [http-nio-8080-exec-1] DEBUG o.s.security.web.FilterChainProxy - / at position 4 of 12 in additional filter chain; firing Filter: 'CsrfFilter'
570749 [http-nio-8080-exec-1] DEBUG o.s.security.web.FilterChainProxy - / at position 5 of 12 in additional filter chain; firing Filter: 'LogoutFilter'
570749 [http-nio-8080-exec-1] DEBUG o.s.s.w.u.m.AntPathRequestMatcher - Request 'GET /' doesn't match 'POST /logout
570749 [http-nio-8080-exec-1] DEBUG o.s.security.web.FilterChainProxy - / at position 6 of 12 in additional filter chain; firing Filter: 'UsernamePasswordAuthenticationFilter'
570749 [http-nio-8080-exec-1] DEBUG o.s.s.w.u.m.AntPathRequestMatcher - Request 'GET /' doesn't match 'POST /login
570749 [http-nio-8080-exec-1] DEBUG o.s.security.web.FilterChainProxy - / at position 7 of 12 in additional filter chain; firing Filter: 'RequestCacheAwareFilter'
570749 [http-nio-8080-exec-1] DEBUG o.s.s.w.s.DefaultSavedRequest - pathInfo: both null (property equals)
570749 [http-nio-8080-exec-1] DEBUG o.s.s.w.s.DefaultSavedRequest - queryString: both null (property equals)
570749 [http-nio-8080-exec-1] DEBUG o.s.s.w.s.DefaultSavedRequest - requestURI: arg1=/bootstrap/css/bootstrap.css; arg2=/ (property not equals)
570749 [http-nio-8080-exec-1] DEBUG o.s.s.w.s.HttpSessionRequestCache - saved request doesn't match
570749 [http-nio-8080-exec-1] DEBUG o.s.security.web.FilterChainProxy - / at position 8 of 12 in additional filter chain; firing Filter: 'SecurityContextHolderAwareRequestFilter'
570749 [http-nio-8080-exec-1] DEBUG o.s.security.web.FilterChainProxy - / at position 9 of 12 in additional filter chain; firing Filter: 'AnonymousAuthenticationFilter'
570749 [http-nio-8080-exec-1] DEBUG o.s.s.w.a.AnonymousAuthenticationFilter - Populated SecurityContextHolder with anonymous token: 'org.springframework.security.authentication.AnonymousAuthenticationToken@6fabe8e0: Principal: anonymousUser; Credentials: [PROTECTED]; Authenticated: true; Details: org.springframework.security.web.authentication.WebAuthenticationDetails@fffe9938: RemoteIpAddress: 0:0:0:0:0:0:0:1; SessionId: 760D79BA12046463C13AD8F04AD89B62; Granted Authorities: ROLE_ANONYMOUS'
570749 [http-nio-8080-exec-1] DEBUG o.s.security.web.FilterChainProxy - / at position 10 of 12 in additional filter chain; firing Filter: 'SessionManagementFilter'
570749 [http-nio-8080-exec-1] DEBUG o.s.security.web.FilterChainProxy - / at position 11 of 12 in additional filter chain; firing Filter: 'ExceptionTranslationFilter'
570749 [http-nio-8080-exec-1] DEBUG o.s.security.web.FilterChainProxy - / at position 12 of 12 in additional filter chain; firing Filter: 'FilterSecurityInterceptor'
570750 [http-nio-8080-exec-1] DEBUG o.s.s.w.u.m.AntPathRequestMatcher - Request 'GET /' doesn't match 'POST /logout
570750 [http-nio-8080-exec-1] DEBUG o.s.s.w.u.m.AntPathRequestMatcher - Checking match of request : '/'; against '/static/**'
570750 [http-nio-8080-exec-1] DEBUG o.s.s.w.a.i.FilterSecurityInterceptor - Secure object: FilterInvocation: URL: /; Attributes: [authenticated]
570750 [http-nio-8080-exec-1] DEBUG o.s.s.w.a.i.FilterSecurityInterceptor - Previously Authenticated: org.springframework.security.authentication.AnonymousAuthenticationToken@6fabe8e0: Principal: anonymousUser; Credentials: [PROTECTED]; Authenticated: true; Details: org.springframework.security.web.authentication.WebAuthenticationDetails@fffe9938: RemoteIpAddress: 0:0:0:0:0:0:0:1; SessionId: 760D79BA12046463C13AD8F04AD89B62; Granted Authorities: ROLE_ANONYMOUS
570750 [http-nio-8080-exec-1] DEBUG o.s.s.access.vote.AffirmativeBased - Voter: org.springframework.security.web.access.expression.WebExpressionVoter@7155916d, returned: -1
570751 [http-nio-8080-exec-1] DEBUG o.s.s.w.a.ExceptionTranslationFilter - Access is denied (user is anonymous); redirecting to authentication entry point
org.springframework.security.access.AccessDeniedException: Access is denied
	at org.springframework.security.access.vote.AffirmativeBased.decide(AffirmativeBased.java:84)
	at org.springframework.security.access.intercept.AbstractSecurityInterceptor.beforeInvocation(AbstractSecurityInterceptor.java:233)
	at org.springframework.security.web.access.intercept.FilterSecurityInterceptor.invoke(FilterSecurityInterceptor.java:124)
	at org.springframework.security.web.access.intercept.FilterSecurityInterceptor.doFilter(FilterSecurityInterceptor.java:91)
	at org.springframework.security.web.FilterChainProxy$VirtualFilterChain.doFilter(FilterChainProxy.java:331)
	at org.springframework.security.web.access.ExceptionTranslationFilter.doFilter(ExceptionTranslationFilter.java:114)
	at org.springframework.security.web.FilterChainProxy$VirtualFilterChain.doFilter(FilterChainProxy.java:331)
	at org.springframework.security.web.session.SessionManagementFilter.doFilter(SessionManagementFilter.java:137)
	at org.springframework.security.web.FilterChainProxy$VirtualFilterChain.doFilter(FilterChainProxy.java:331)
	at org.springframework.security.web.authentication.AnonymousAuthenticationFilter.doFilter(AnonymousAuthenticationFilter.java:111)
	at org.springframework.security.web.FilterChainProxy$VirtualFilterChain.doFilter(FilterChainProxy.java:331)
	at org.springframework.security.web.servletapi.SecurityContextHolderAwareRequestFilter.doFilter(SecurityContextHolderAwareRequestFilter.java:170)
	at org.springframework.security.web.FilterChainProxy$VirtualFilterChain.doFilter(FilterChainProxy.java:331)
	at org.springframework.security.web.savedrequest.RequestCacheAwareFilter.doFilter(RequestCacheAwareFilter.java:63)
	at org.springframework.security.web.FilterChainProxy$VirtualFilterChain.doFilter(FilterChainProxy.java:331)
	at org.springframework.security.web.authentication.AbstractAuthenticationProcessingFilter.doFilter(AbstractAuthenticationProcessingFilter.java:200)
	at org.springframework.security.web.FilterChainProxy$VirtualFilterChain.doFilter(FilterChainProxy.java:331)
	at org.springframework.security.web.authentication.logout.LogoutFilter.doFilter(LogoutFilter.java:116)
	at org.springframework.security.web.FilterChainProxy$VirtualFilterChain.doFilter(FilterChainProxy.java:331)
	at org.springframework.security.web.csrf.CsrfFilter.doFilterInternal(CsrfFilter.java:100)
	at org.springframework.web.filter.OncePerRequestFilter.doFilter(OncePerRequestFilter.java:107)
	at org.springframework.security.web.FilterChainProxy$VirtualFilterChain.doFilter(FilterChainProxy.java:331)
	at org.springframework.security.web.header.HeaderWriterFilter.doFilterInternal(HeaderWriterFilter.java:64)
	at org.springframework.web.filter.OncePerRequestFilter.doFilter(OncePerRequestFilter.java:107)
	at org.springframework.security.web.FilterChainProxy$VirtualFilterChain.doFilter(FilterChainProxy.java:331)
	at org.springframework.security.web.context.SecurityContextPersistenceFilter.doFilter(SecurityContextPersistenceFilter.java:105)
	at org.springframework.security.web.FilterChainProxy$VirtualFilterChain.doFilter(FilterChainProxy.java:331)
	at org.springframework.security.web.context.request.async.WebAsyncManagerIntegrationFilter.doFilterInternal(WebAsyncManagerIntegrationFilter.java:56)
	at org.springframework.web.filter.OncePerRequestFilter.doFilter(OncePerRequestFilter.java:107)
	at org.springframework.security.web.FilterChainProxy$VirtualFilterChain.doFilter(FilterChainProxy.java:331)
	at org.springframework.security.web.FilterChainProxy.doFilterInternal(FilterChainProxy.java:214)
	at org.springframework.security.web.FilterChainProxy.doFilter(FilterChainProxy.java:177)
	at org.springframework.web.filter.DelegatingFilterProxy.invokeDelegate(DelegatingFilterProxy.java:347)
	at org.springframework.web.filter.DelegatingFilterProxy.doFilter(DelegatingFilterProxy.java:263)
	at org.apache.catalina.core.ApplicationFilterChain.internalDoFilter(ApplicationFilterChain.java:193)
	at org.apache.catalina.core.ApplicationFilterChain.doFilter(ApplicationFilterChain.java:166)
	at org.springframework.web.filter.RequestContextFilter.doFilterInternal(RequestContextFilter.java:99)
	at org.springframework.web.filter.OncePerRequestFilter.doFilter(OncePerRequestFilter.java:107)
	at org.apache.catalina.core.ApplicationFilterChain.internalDoFilter(ApplicationFilterChain.java:193)
	at org.apache.catalina.core.ApplicationFilterChain.doFilter(ApplicationFilterChain.java:166)
	at org.springframework.web.filter.HttpPutFormContentFilter.doFilterInternal(HttpPutFormContentFilter.java:108)
	at org.springframework.web.filter.OncePerRequestFilter.doFilter(OncePerRequestFilter.java:107)
	at org.apache.catalina.core.ApplicationFilterChain.internalDoFilter(ApplicationFilterChain.java:193)
	at org.apache.catalina.core.ApplicationFilterChain.doFilter(ApplicationFilterChain.java:166)
	at org.springframework.web.filter.HiddenHttpMethodFilter.doFilterInternal(HiddenHttpMethodFilter.java:81)
	at org.springframework.web.filter.OncePerRequestFilter.doFilter(OncePerRequestFilter.java:107)
	at org.apache.catalina.core.ApplicationFilterChain.internalDoFilter(ApplicationFilterChain.java:193)
	at org.apache.catalina.core.ApplicationFilterChain.doFilter(ApplicationFilterChain.java:166)
	at org.springframework.web.filter.CharacterEncodingFilter.doFilterInternal(CharacterEncodingFilter.java:197)
	at org.springframework.web.filter.OncePerRequestFilter.doFilter(OncePerRequestFilter.java:107)
	at org.apache.catalina.core.ApplicationFilterChain.internalDoFilter(ApplicationFilterChain.java:193)
	at org.apache.catalina.core.ApplicationFilterChain.doFilter(ApplicationFilterChain.java:166)
	at org.apache.catalina.core.StandardWrapperValve.invoke(StandardWrapperValve.java:199)
	at org.apache.catalina.core.StandardContextValve.invoke(StandardContextValve.java:96)
	at org.apache.catalina.authenticator.AuthenticatorBase.invoke(AuthenticatorBase.java:478)
	at org.apache.catalina.core.StandardHostValve.invoke(StandardHostValve.java:140)
	at org.apache.catalina.valves.ErrorReportValve.invoke(ErrorReportValve.java:81)
	at org.apache.catalina.core.StandardEngineValve.invoke(StandardEngineValve.java:87)
	at org.apache.catalina.connector.CoyoteAdapter.service(CoyoteAdapter.java:342)
	at org.apache.coyote.http11.Http11Processor.service(Http11Processor.java:803)
	at org.apache.coyote.AbstractProcessorLight.process(AbstractProcessorLight.java:66)
	at org.apache.coyote.AbstractProtocol$ConnectionHandler.process(AbstractProtocol.java:868)
	at org.apache.tomcat.util.net.NioEndpoint$SocketProcessor.doRun(NioEndpoint.java:1459)
	at org.apache.tomcat.util.net.SocketProcessorBase.run(SocketProcessorBase.java:49)
	at java.util.concurrent.ThreadPoolExecutor.runWorker(ThreadPoolExecutor.java:1149)
	at java.util.concurrent.ThreadPoolExecutor$Worker.run(ThreadPoolExecutor.java:624)
	at org.apache.tomcat.util.threads.TaskThread$WrappingRunnable.run(TaskThread.java:61)
	at java.lang.Thread.run(Thread.java:748)
570757 [http-nio-8080-exec-1] DEBUG o.s.s.w.u.matcher.AndRequestMatcher - Trying to match using Ant [pattern='/**', GET]
570757 [http-nio-8080-exec-1] DEBUG o.s.s.w.u.m.AntPathRequestMatcher - Request '/' matched by universal pattern '/**'
570757 [http-nio-8080-exec-1] DEBUG o.s.s.w.u.matcher.AndRequestMatcher - Trying to match using NegatedRequestMatcher [requestMatcher=Ant [pattern='/**/favicon.ico']]
570757 [http-nio-8080-exec-1] DEBUG o.s.s.w.u.m.AntPathRequestMatcher - Checking match of request : '/'; against '/**/favicon.ico'
570757 [http-nio-8080-exec-1] DEBUG o.s.s.w.u.m.NegatedRequestMatcher - matches = true
570757 [http-nio-8080-exec-1] DEBUG o.s.s.w.u.matcher.AndRequestMatcher - Trying to match using NegatedRequestMatcher [requestMatcher=MediaTypeRequestMatcher [contentNegotiationStrategy=org.springframework.web.accept.ContentNegotiationManager@34a84d5e, matchingMediaTypes=[application/json], useEquals=false, ignoredMediaTypes=[*/*]]]
570758 [http-nio-8080-exec-1] DEBUG o.s.s.w.u.m.MediaTypeRequestMatcher - httpRequestMediaTypes=[text/html, application/xhtml+xml, image/webp, image/apng, application/xml;q=0.9, */*;q=0.8]
570758 [http-nio-8080-exec-1] DEBUG o.s.s.w.u.m.MediaTypeRequestMatcher - Processing text/html
570758 [http-nio-8080-exec-1] DEBUG o.s.s.w.u.m.MediaTypeRequestMatcher - application/json .isCompatibleWith text/html = false
570758 [http-nio-8080-exec-1] DEBUG o.s.s.w.u.m.MediaTypeRequestMatcher - Processing application/xhtml+xml
570758 [http-nio-8080-exec-1] DEBUG o.s.s.w.u.m.MediaTypeRequestMatcher - application/json .isCompatibleWith application/xhtml+xml = false
570758 [http-nio-8080-exec-1] DEBUG o.s.s.w.u.m.MediaTypeRequestMatcher - Processing image/webp
570758 [http-nio-8080-exec-1] DEBUG o.s.s.w.u.m.MediaTypeRequestMatcher - application/json .isCompatibleWith image/webp = false
570758 [http-nio-8080-exec-1] DEBUG o.s.s.w.u.m.MediaTypeRequestMatcher - Processing image/apng
570758 [http-nio-8080-exec-1] DEBUG o.s.s.w.u.m.MediaTypeRequestMatcher - application/json .isCompatibleWith image/apng = false
570758 [http-nio-8080-exec-1] DEBUG o.s.s.w.u.m.MediaTypeRequestMatcher - Processing application/xml;q=0.9
570758 [http-nio-8080-exec-1] DEBUG o.s.s.w.u.m.MediaTypeRequestMatcher - application/json .isCompatibleWith application/xml;q=0.9 = false
570758 [http-nio-8080-exec-1] DEBUG o.s.s.w.u.m.MediaTypeRequestMatcher - Processing */*;q=0.8
570758 [http-nio-8080-exec-1] DEBUG o.s.s.w.u.m.MediaTypeRequestMatcher - Ignoring
570758 [http-nio-8080-exec-1] DEBUG o.s.s.w.u.m.MediaTypeRequestMatcher - Did not match any media types
570758 [http-nio-8080-exec-1] DEBUG o.s.s.w.u.m.NegatedRequestMatcher - matches = true
570758 [http-nio-8080-exec-1] DEBUG o.s.s.w.u.matcher.AndRequestMatcher - Trying to match using NegatedRequestMatcher [requestMatcher=RequestHeaderRequestMatcher [expectedHeaderName=X-Requested-With, expectedHeaderValue=XMLHttpRequest]]
570758 [http-nio-8080-exec-1] DEBUG o.s.s.w.u.m.NegatedRequestMatcher - matches = true
570758 [http-nio-8080-exec-1] DEBUG o.s.s.w.u.matcher.AndRequestMatcher - All requestMatchers returned true
570759 [http-nio-8080-exec-1] DEBUG o.s.s.w.s.HttpSessionRequestCache - DefaultSavedRequest added to Session: DefaultSavedRequest[http://localhost:8080/]
570759 [http-nio-8080-exec-1] DEBUG o.s.s.w.a.ExceptionTranslationFilter - Calling Authentication entry point.
570759 [http-nio-8080-exec-1] DEBUG o.s.s.web.DefaultRedirectStrategy - Redirecting to 'http://localhost:8080/login'
570759 [http-nio-8080-exec-1] DEBUG o.s.s.w.c.HttpSessionSecurityContextRepository - SecurityContext is empty or contents are anonymous - context will not be stored in HttpSession.
570759 [http-nio-8080-exec-1] DEBUG o.s.s.w.c.SecurityContextPersistenceFilter - SecurityContextHolder now cleared, as request processing completed
570764 [http-nio-8080-exec-4] DEBUG o.s.s.w.u.matcher.OrRequestMatcher - Trying to match using Ant [pattern='/css/**']
570765 [http-nio-8080-exec-4] DEBUG o.s.s.w.u.m.AntPathRequestMatcher - Checking match of request : '/login'; against '/css/**'
570765 [http-nio-8080-exec-4] DEBUG o.s.s.w.u.matcher.OrRequestMatcher - Trying to match using Ant [pattern='/js/**']
570765 [http-nio-8080-exec-4] DEBUG o.s.s.w.u.m.AntPathRequestMatcher - Checking match of request : '/login'; against '/js/**'
570765 [http-nio-8080-exec-4] DEBUG o.s.s.w.u.matcher.OrRequestMatcher - Trying to match using Ant [pattern='/images/**']
570765 [http-nio-8080-exec-4] DEBUG o.s.s.w.u.m.AntPathRequestMatcher - Checking match of request : '/login'; against '/images/**'
570765 [http-nio-8080-exec-4] DEBUG o.s.s.w.u.matcher.OrRequestMatcher - Trying to match using Ant [pattern='/webjars/**']
570765 [http-nio-8080-exec-4] DEBUG o.s.s.w.u.m.AntPathRequestMatcher - Checking match of request : '/login'; against '/webjars/**'
570765 [http-nio-8080-exec-4] DEBUG o.s.s.w.u.matcher.OrRequestMatcher - Trying to match using Ant [pattern='/**/favicon.ico']
570765 [http-nio-8080-exec-4] DEBUG o.s.s.w.u.m.AntPathRequestMatcher - Checking match of request : '/login'; against '/**/favicon.ico'
570765 [http-nio-8080-exec-4] DEBUG o.s.s.w.u.matcher.OrRequestMatcher - Trying to match using Ant [pattern='/error']
570765 [http-nio-8080-exec-4] DEBUG o.s.s.w.u.m.AntPathRequestMatcher - Checking match of request : '/login'; against '/error'
570765 [http-nio-8080-exec-4] DEBUG o.s.s.w.u.matcher.OrRequestMatcher - No matches found
570765 [http-nio-8080-exec-4] DEBUG o.s.security.web.FilterChainProxy - /login at position 1 of 12 in additional filter chain; firing Filter: 'WebAsyncManagerIntegrationFilter'
570765 [http-nio-8080-exec-4] DEBUG o.s.security.web.FilterChainProxy - /login at position 2 of 12 in additional filter chain; firing Filter: 'SecurityContextPersistenceFilter'
570765 [http-nio-8080-exec-4] DEBUG o.s.s.w.c.HttpSessionSecurityContextRepository - HttpSession returned null object for SPRING_SECURITY_CONTEXT
570765 [http-nio-8080-exec-4] DEBUG o.s.s.w.c.HttpSessionSecurityContextRepository - No SecurityContext was available from the HttpSession: org.apache.catalina.session.StandardSessionFacade@30689b56. A new one will be created.
570765 [http-nio-8080-exec-4] DEBUG o.s.security.web.FilterChainProxy - /login at position 3 of 12 in additional filter chain; firing Filter: 'HeaderWriterFilter'
570765 [http-nio-8080-exec-4] DEBUG o.s.s.w.h.writers.HstsHeaderWriter - Not injecting HSTS header since it did not match the requestMatcher org.springframework.security.web.header.writers.HstsHeaderWriter$SecureRequestMatcher@34571983
570765 [http-nio-8080-exec-4] DEBUG o.s.security.web.FilterChainProxy - /login at position 4 of 12 in additional filter chain; firing Filter: 'CsrfFilter'
570765 [http-nio-8080-exec-4] DEBUG o.s.security.web.FilterChainProxy - /login at position 5 of 12 in additional filter chain; firing Filter: 'LogoutFilter'
570765 [http-nio-8080-exec-4] DEBUG o.s.s.w.u.m.AntPathRequestMatcher - Request 'GET /login' doesn't match 'POST /logout
570766 [http-nio-8080-exec-4] DEBUG o.s.security.web.FilterChainProxy - /login at position 6 of 12 in additional filter chain; firing Filter: 'UsernamePasswordAuthenticationFilter'
570766 [http-nio-8080-exec-4] DEBUG o.s.s.w.u.m.AntPathRequestMatcher - Request 'GET /login' doesn't match 'POST /login
570766 [http-nio-8080-exec-4] DEBUG o.s.security.web.FilterChainProxy - /login at position 7 of 12 in additional filter chain; firing Filter: 'RequestCacheAwareFilter'
570766 [http-nio-8080-exec-4] DEBUG o.s.s.w.s.DefaultSavedRequest - pathInfo: both null (property equals)
570766 [http-nio-8080-exec-4] DEBUG o.s.s.w.s.DefaultSavedRequest - queryString: both null (property equals)
570766 [http-nio-8080-exec-4] DEBUG o.s.s.w.s.DefaultSavedRequest - requestURI: arg1=/; arg2=/login (property not equals)
570766 [http-nio-8080-exec-4] DEBUG o.s.s.w.s.HttpSessionRequestCache - saved request doesn't match
570766 [http-nio-8080-exec-4] DEBUG o.s.security.web.FilterChainProxy - /login at position 8 of 12 in additional filter chain; firing Filter: 'SecurityContextHolderAwareRequestFilter'
570766 [http-nio-8080-exec-4] DEBUG o.s.security.web.FilterChainProxy - /login at position 9 of 12 in additional filter chain; firing Filter: 'AnonymousAuthenticationFilter'
570766 [http-nio-8080-exec-4] DEBUG o.s.s.w.a.AnonymousAuthenticationFilter - Populated SecurityContextHolder with anonymous token: 'org.springframework.security.authentication.AnonymousAuthenticationToken@6fabe8e0: Principal: anonymousUser; Credentials: [PROTECTED]; Authenticated: true; Details: org.springframework.security.web.authentication.WebAuthenticationDetails@fffe9938: RemoteIpAddress: 0:0:0:0:0:0:0:1; SessionId: 760D79BA12046463C13AD8F04AD89B62; Granted Authorities: ROLE_ANONYMOUS'
570766 [http-nio-8080-exec-4] DEBUG o.s.security.web.FilterChainProxy - /login at position 10 of 12 in additional filter chain; firing Filter: 'SessionManagementFilter'
570766 [http-nio-8080-exec-4] DEBUG o.s.security.web.FilterChainProxy - /login at position 11 of 12 in additional filter chain; firing Filter: 'ExceptionTranslationFilter'
570766 [http-nio-8080-exec-4] DEBUG o.s.security.web.FilterChainProxy - /login at position 12 of 12 in additional filter chain; firing Filter: 'FilterSecurityInterceptor'
570766 [http-nio-8080-exec-4] DEBUG o.s.s.w.a.i.FilterSecurityInterceptor - Secure object: FilterInvocation: URL: /login; Attributes: [permitAll]
570766 [http-nio-8080-exec-4] DEBUG o.s.s.w.a.i.FilterSecurityInterceptor - Previously Authenticated: org.springframework.security.authentication.AnonymousAuthenticationToken@6fabe8e0: Principal: anonymousUser; Credentials: [PROTECTED]; Authenticated: true; Details: org.springframework.security.web.authentication.WebAuthenticationDetails@fffe9938: RemoteIpAddress: 0:0:0:0:0:0:0:1; SessionId: 760D79BA12046463C13AD8F04AD89B62; Granted Authorities: ROLE_ANONYMOUS
570766 [http-nio-8080-exec-4] DEBUG o.s.s.access.vote.AffirmativeBased - Voter: org.springframework.security.web.access.expression.WebExpressionVoter@7155916d, returned: 1
570766 [http-nio-8080-exec-4] DEBUG o.s.s.w.a.i.FilterSecurityInterceptor - Authorization successful
570767 [http-nio-8080-exec-4] DEBUG o.s.s.w.a.i.FilterSecurityInterceptor - RunAsManager did not change Authentication object
570767 [http-nio-8080-exec-4] DEBUG o.s.security.web.FilterChainProxy - /login reached end of additional filter chain; proceeding with original chain
570772 [http-nio-8080-exec-4] DEBUG o.s.s.w.c.HttpSessionSecurityContextRepository - SecurityContext is empty or contents are anonymous - context will not be stored in HttpSession.
570773 [http-nio-8080-exec-4] DEBUG o.s.s.w.a.ExceptionTranslationFilter - Chain processed normally
570773 [http-nio-8080-exec-4] DEBUG o.s.s.w.c.SecurityContextPersistenceFilter - SecurityContextHolder now cleared, as request processing completed
570790 [http-nio-8080-exec-5] DEBUG o.s.s.w.u.matcher.OrRequestMatcher - Trying to match using Ant [pattern='/css/**']
570790 [http-nio-8080-exec-5] DEBUG o.s.s.w.u.m.AntPathRequestMatcher - Checking match of request : '/bootstrap/css/bootstrap.css'; against '/css/**'
570791 [http-nio-8080-exec-5] DEBUG o.s.s.w.u.matcher.OrRequestMatcher - Trying to match using Ant [pattern='/js/**']
570791 [http-nio-8080-exec-7] DEBUG o.s.s.w.u.matcher.OrRequestMatcher - Trying to match using Ant [pattern='/css/**']
570791 [http-nio-8080-exec-5] DEBUG o.s.s.w.u.m.AntPathRequestMatcher - Checking match of request : '/bootstrap/css/bootstrap.css'; against '/js/**'
570791 [http-nio-8080-exec-2] DEBUG o.s.s.w.u.matcher.OrRequestMatcher - Trying to match using Ant [pattern='/css/**']
570791 [http-nio-8080-exec-2] DEBUG o.s.s.w.u.m.AntPathRequestMatcher - Checking match of request : '/bootstrap/js/bootstrap.js'; against '/css/**'
570791 [http-nio-8080-exec-7] DEBUG o.s.s.w.u.m.AntPathRequestMatcher - Checking match of request : '/jquery/jquery-2.1.3.js'; against '/css/**'
570791 [http-nio-8080-exec-5] DEBUG o.s.s.w.u.matcher.OrRequestMatcher - Trying to match using Ant [pattern='/images/**']
570791 [http-nio-8080-exec-5] DEBUG o.s.s.w.u.m.AntPathRequestMatcher - Checking match of request : '/bootstrap/css/bootstrap.css'; against '/images/**'
570791 [http-nio-8080-exec-5] DEBUG o.s.s.w.u.matcher.OrRequestMatcher - Trying to match using Ant [pattern='/webjars/**']
570791 [http-nio-8080-exec-5] DEBUG o.s.s.w.u.m.AntPathRequestMatcher - Checking match of request : '/bootstrap/css/bootstrap.css'; against '/webjars/**'
570791 [http-nio-8080-exec-2] DEBUG o.s.s.w.u.matcher.OrRequestMatcher - Trying to match using Ant [pattern='/js/**']
570791 [http-nio-8080-exec-2] DEBUG o.s.s.w.u.m.AntPathRequestMatcher - Checking match of request : '/bootstrap/js/bootstrap.js'; against '/js/**'
570791 [http-nio-8080-exec-7] DEBUG o.s.s.w.u.matcher.OrRequestMatcher - Trying to match using Ant [pattern='/js/**']
570791 [http-nio-8080-exec-7] DEBUG o.s.s.w.u.m.AntPathRequestMatcher - Checking match of request : '/jquery/jquery-2.1.3.js'; against '/js/**'
570791 [http-nio-8080-exec-5] DEBUG o.s.s.w.u.matcher.OrRequestMatcher - Trying to match using Ant [pattern='/**/favicon.ico']
570791 [http-nio-8080-exec-5] DEBUG o.s.s.w.u.m.AntPathRequestMatcher - Checking match of request : '/bootstrap/css/bootstrap.css'; against '/**/favicon.ico'
570791 [http-nio-8080-exec-2] DEBUG o.s.s.w.u.matcher.OrRequestMatcher - Trying to match using Ant [pattern='/images/**']
570791 [http-nio-8080-exec-2] DEBUG o.s.s.w.u.m.AntPathRequestMatcher - Checking match of request : '/bootstrap/js/bootstrap.js'; against '/images/**'
570791 [http-nio-8080-exec-2] DEBUG o.s.s.w.u.matcher.OrRequestMatcher - Trying to match using Ant [pattern='/webjars/**']
570791 [http-nio-8080-exec-2] DEBUG o.s.s.w.u.m.AntPathRequestMatcher - Checking match of request : '/bootstrap/js/bootstrap.js'; against '/webjars/**'
570791 [http-nio-8080-exec-7] DEBUG o.s.s.w.u.matcher.OrRequestMatcher - Trying to match using Ant [pattern='/images/**']
570791 [http-nio-8080-exec-7] DEBUG o.s.s.w.u.m.AntPathRequestMatcher - Checking match of request : '/jquery/jquery-2.1.3.js'; against '/images/**'
570791 [http-nio-8080-exec-5] DEBUG o.s.s.w.u.matcher.OrRequestMatcher - Trying to match using Ant [pattern='/error']
570791 [http-nio-8080-exec-5] DEBUG o.s.s.w.u.m.AntPathRequestMatcher - Checking match of request : '/bootstrap/css/bootstrap.css'; against '/error'
570791 [http-nio-8080-exec-2] DEBUG o.s.s.w.u.matcher.OrRequestMatcher - Trying to match using Ant [pattern='/**/favicon.ico']
570791 [http-nio-8080-exec-7] DEBUG o.s.s.w.u.matcher.OrRequestMatcher - Trying to match using Ant [pattern='/webjars/**']
570791 [http-nio-8080-exec-5] DEBUG o.s.s.w.u.matcher.OrRequestMatcher - No matches found
570791 [http-nio-8080-exec-2] DEBUG o.s.s.w.u.m.AntPathRequestMatcher - Checking match of request : '/bootstrap/js/bootstrap.js'; against '/**/favicon.ico'
570792 [http-nio-8080-exec-5] DEBUG o.s.security.web.FilterChainProxy - /bootstrap/css/bootstrap.css at position 1 of 12 in additional filter chain; firing Filter: 'WebAsyncManagerIntegrationFilter'
570791 [http-nio-8080-exec-7] DEBUG o.s.s.w.u.m.AntPathRequestMatcher - Checking match of request : '/jquery/jquery-2.1.3.js'; against '/webjars/**'
570792 [http-nio-8080-exec-2] DEBUG o.s.s.w.u.matcher.OrRequestMatcher - Trying to match using Ant [pattern='/error']
570792 [http-nio-8080-exec-5] DEBUG o.s.security.web.FilterChainProxy - /bootstrap/css/bootstrap.css at position 2 of 12 in additional filter chain; firing Filter: 'SecurityContextPersistenceFilter'
570792 [http-nio-8080-exec-7] DEBUG o.s.s.w.u.matcher.OrRequestMatcher - Trying to match using Ant [pattern='/**/favicon.ico']
570792 [http-nio-8080-exec-2] DEBUG o.s.s.w.u.m.AntPathRequestMatcher - Checking match of request : '/bootstrap/js/bootstrap.js'; against '/error'
570792 [http-nio-8080-exec-5] DEBUG o.s.s.w.c.HttpSessionSecurityContextRepository - HttpSession returned null object for SPRING_SECURITY_CONTEXT
570792 [http-nio-8080-exec-7] DEBUG o.s.s.w.u.m.AntPathRequestMatcher - Checking match of request : '/jquery/jquery-2.1.3.js'; against '/**/favicon.ico'
570792 [http-nio-8080-exec-2] DEBUG o.s.s.w.u.matcher.OrRequestMatcher - No matches found
570792 [http-nio-8080-exec-5] DEBUG o.s.s.w.c.HttpSessionSecurityContextRepository - No SecurityContext was available from the HttpSession: org.apache.catalina.session.StandardSessionFacade@30689b56. A new one will be created.
570792 [http-nio-8080-exec-2] DEBUG o.s.security.web.FilterChainProxy - /bootstrap/js/bootstrap.js at position 1 of 12 in additional filter chain; firing Filter: 'WebAsyncManagerIntegrationFilter'
570792 [http-nio-8080-exec-7] DEBUG o.s.s.w.u.matcher.OrRequestMatcher - Trying to match using Ant [pattern='/error']
570792 [http-nio-8080-exec-2] DEBUG o.s.security.web.FilterChainProxy - /bootstrap/js/bootstrap.js at position 2 of 12 in additional filter chain; firing Filter: 'SecurityContextPersistenceFilter'
570792 [http-nio-8080-exec-7] DEBUG o.s.s.w.u.m.AntPathRequestMatcher - Checking match of request : '/jquery/jquery-2.1.3.js'; against '/error'
570792 [http-nio-8080-exec-5] DEBUG o.s.security.web.FilterChainProxy - /bootstrap/css/bootstrap.css at position 3 of 12 in additional filter chain; firing Filter: 'HeaderWriterFilter'
570792 [http-nio-8080-exec-2] DEBUG o.s.s.w.c.HttpSessionSecurityContextRepository - HttpSession returned null object for SPRING_SECURITY_CONTEXT
570792 [http-nio-8080-exec-7] DEBUG o.s.s.w.u.matcher.OrRequestMatcher - No matches found
570792 [http-nio-8080-exec-2] DEBUG o.s.s.w.c.HttpSessionSecurityContextRepository - No SecurityContext was available from the HttpSession: org.apache.catalina.session.StandardSessionFacade@30689b56. A new one will be created.
570792 [http-nio-8080-exec-7] DEBUG o.s.security.web.FilterChainProxy - /jquery/jquery-2.1.3.js at position 1 of 12 in additional filter chain; firing Filter: 'WebAsyncManagerIntegrationFilter'
570792 [http-nio-8080-exec-5] DEBUG o.s.s.w.h.writers.HstsHeaderWriter - Not injecting HSTS header since it did not match the requestMatcher org.springframework.security.web.header.writers.HstsHeaderWriter$SecureRequestMatcher@34571983
570792 [http-nio-8080-exec-2] DEBUG o.s.security.web.FilterChainProxy - /bootstrap/js/bootstrap.js at position 3 of 12 in additional filter chain; firing Filter: 'HeaderWriterFilter'
570792 [http-nio-8080-exec-5] DEBUG o.s.security.web.FilterChainProxy - /bootstrap/css/bootstrap.css at position 4 of 12 in additional filter chain; firing Filter: 'CsrfFilter'
570792 [http-nio-8080-exec-7] DEBUG o.s.security.web.FilterChainProxy - /jquery/jquery-2.1.3.js at position 2 of 12 in additional filter chain; firing Filter: 'SecurityContextPersistenceFilter'
570792 [http-nio-8080-exec-5] DEBUG o.s.security.web.FilterChainProxy - /bootstrap/css/bootstrap.css at position 5 of 12 in additional filter chain; firing Filter: 'LogoutFilter'
570792 [http-nio-8080-exec-2] DEBUG o.s.s.w.h.writers.HstsHeaderWriter - Not injecting HSTS header since it did not match the requestMatcher org.springframework.security.web.header.writers.HstsHeaderWriter$SecureRequestMatcher@34571983
570792 [http-nio-8080-exec-7] DEBUG o.s.s.w.c.HttpSessionSecurityContextRepository - HttpSession returned null object for SPRING_SECURITY_CONTEXT
570792 [http-nio-8080-exec-2] DEBUG o.s.security.web.FilterChainProxy - /bootstrap/js/bootstrap.js at position 4 of 12 in additional filter chain; firing Filter: 'CsrfFilter'
570792 [http-nio-8080-exec-7] DEBUG o.s.s.w.c.HttpSessionSecurityContextRepository - No SecurityContext was available from the HttpSession: org.apache.catalina.session.StandardSessionFacade@30689b56. A new one will be created.
570792 [http-nio-8080-exec-5] DEBUG o.s.s.w.u.m.AntPathRequestMatcher - Request 'GET /bootstrap/css/bootstrap.css' doesn't match 'POST /logout
570792 [http-nio-8080-exec-2] DEBUG o.s.security.web.FilterChainProxy - /bootstrap/js/bootstrap.js at position 5 of 12 in additional filter chain; firing Filter: 'LogoutFilter'
570792 [http-nio-8080-exec-7] DEBUG o.s.security.web.FilterChainProxy - /jquery/jquery-2.1.3.js at position 3 of 12 in additional filter chain; firing Filter: 'HeaderWriterFilter'
570793 [http-nio-8080-exec-2] DEBUG o.s.s.w.u.m.AntPathRequestMatcher - Request 'GET /bootstrap/js/bootstrap.js' doesn't match 'POST /logout
570792 [http-nio-8080-exec-5] DEBUG o.s.security.web.FilterChainProxy - /bootstrap/css/bootstrap.css at position 6 of 12 in additional filter chain; firing Filter: 'UsernamePasswordAuthenticationFilter'
570793 [http-nio-8080-exec-2] DEBUG o.s.security.web.FilterChainProxy - /bootstrap/js/bootstrap.js at position 6 of 12 in additional filter chain; firing Filter: 'UsernamePasswordAuthenticationFilter'
570793 [http-nio-8080-exec-7] DEBUG o.s.s.w.h.writers.HstsHeaderWriter - Not injecting HSTS header since it did not match the requestMatcher org.springframework.security.web.header.writers.HstsHeaderWriter$SecureRequestMatcher@34571983
570793 [http-nio-8080-exec-5] DEBUG o.s.s.w.u.m.AntPathRequestMatcher - Request 'GET /bootstrap/css/bootstrap.css' doesn't match 'POST /login
570793 [http-nio-8080-exec-7] DEBUG o.s.security.web.FilterChainProxy - /jquery/jquery-2.1.3.js at position 4 of 12 in additional filter chain; firing Filter: 'CsrfFilter'
570793 [http-nio-8080-exec-2] DEBUG o.s.s.w.u.m.AntPathRequestMatcher - Request 'GET /bootstrap/js/bootstrap.js' doesn't match 'POST /login
570793 [http-nio-8080-exec-5] DEBUG o.s.security.web.FilterChainProxy - /bootstrap/css/bootstrap.css at position 7 of 12 in additional filter chain; firing Filter: 'RequestCacheAwareFilter'
570793 [http-nio-8080-exec-2] DEBUG o.s.security.web.FilterChainProxy - /bootstrap/js/bootstrap.js at position 7 of 12 in additional filter chain; firing Filter: 'RequestCacheAwareFilter'
570793 [http-nio-8080-exec-7] DEBUG o.s.security.web.FilterChainProxy - /jquery/jquery-2.1.3.js at position 5 of 12 in additional filter chain; firing Filter: 'LogoutFilter'
570793 [http-nio-8080-exec-7] DEBUG o.s.s.w.u.m.AntPathRequestMatcher - Request 'GET /jquery/jquery-2.1.3.js' doesn't match 'POST /logout
570793 [http-nio-8080-exec-5] DEBUG o.s.s.w.s.DefaultSavedRequest - pathInfo: both null (property equals)
570793 [http-nio-8080-exec-5] DEBUG o.s.s.w.s.DefaultSavedRequest - queryString: both null (property equals)
570793 [http-nio-8080-exec-2] DEBUG o.s.s.w.s.DefaultSavedRequest - pathInfo: both null (property equals)
570793 [http-nio-8080-exec-2] DEBUG o.s.s.w.s.DefaultSavedRequest - queryString: both null (property equals)
570793 [http-nio-8080-exec-7] DEBUG o.s.security.web.FilterChainProxy - /jquery/jquery-2.1.3.js at position 6 of 12 in additional filter chain; firing Filter: 'UsernamePasswordAuthenticationFilter'
570794 [http-nio-8080-exec-7] DEBUG o.s.s.w.u.m.AntPathRequestMatcher - Request 'GET /jquery/jquery-2.1.3.js' doesn't match 'POST /login
570794 [http-nio-8080-exec-5] DEBUG o.s.s.w.s.DefaultSavedRequest - requestURI: arg1=/; arg2=/bootstrap/css/bootstrap.css (property not equals)
570794 [http-nio-8080-exec-2] DEBUG o.s.s.w.s.DefaultSavedRequest - requestURI: arg1=/; arg2=/bootstrap/js/bootstrap.js (property not equals)
570794 [http-nio-8080-exec-7] DEBUG o.s.security.web.FilterChainProxy - /jquery/jquery-2.1.3.js at position 7 of 12 in additional filter chain; firing Filter: 'RequestCacheAwareFilter'
570794 [http-nio-8080-exec-5] DEBUG o.s.s.w.s.HttpSessionRequestCache - saved request doesn't match
570794 [http-nio-8080-exec-5] DEBUG o.s.security.web.FilterChainProxy - /bootstrap/css/bootstrap.css at position 8 of 12 in additional filter chain; firing Filter: 'SecurityContextHolderAwareRequestFilter'
570794 [http-nio-8080-exec-2] DEBUG o.s.s.w.s.HttpSessionRequestCache - saved request doesn't match
570794 [http-nio-8080-exec-7] DEBUG o.s.s.w.s.DefaultSavedRequest - pathInfo: both null (property equals)
570794 [http-nio-8080-exec-2] DEBUG o.s.security.web.FilterChainProxy - /bootstrap/js/bootstrap.js at position 8 of 12 in additional filter chain; firing Filter: 'SecurityContextHolderAwareRequestFilter'
570794 [http-nio-8080-exec-7] DEBUG o.s.s.w.s.DefaultSavedRequest - queryString: both null (property equals)
570794 [http-nio-8080-exec-7] DEBUG o.s.s.w.s.DefaultSavedRequest - requestURI: arg1=/; arg2=/jquery/jquery-2.1.3.js (property not equals)
570794 [http-nio-8080-exec-5] DEBUG o.s.security.web.FilterChainProxy - /bootstrap/css/bootstrap.css at position 9 of 12 in additional filter chain; firing Filter: 'AnonymousAuthenticationFilter'
570794 [http-nio-8080-exec-2] DEBUG o.s.security.web.FilterChainProxy - /bootstrap/js/bootstrap.js at position 9 of 12 in additional filter chain; firing Filter: 'AnonymousAuthenticationFilter'
570794 [http-nio-8080-exec-7] DEBUG o.s.s.w.s.HttpSessionRequestCache - saved request doesn't match
570794 [http-nio-8080-exec-5] DEBUG o.s.s.w.a.AnonymousAuthenticationFilter - Populated SecurityContextHolder with anonymous token: 'org.springframework.security.authentication.AnonymousAuthenticationToken@6fabe8e0: Principal: anonymousUser; Credentials: [PROTECTED]; Authenticated: true; Details: org.springframework.security.web.authentication.WebAuthenticationDetails@fffe9938: RemoteIpAddress: 0:0:0:0:0:0:0:1; SessionId: 760D79BA12046463C13AD8F04AD89B62; Granted Authorities: ROLE_ANONYMOUS'
570794 [http-nio-8080-exec-7] DEBUG o.s.security.web.FilterChainProxy - /jquery/jquery-2.1.3.js at position 8 of 12 in additional filter chain; firing Filter: 'SecurityContextHolderAwareRequestFilter'
570794 [http-nio-8080-exec-5] DEBUG o.s.security.web.FilterChainProxy - /bootstrap/css/bootstrap.css at position 10 of 12 in additional filter chain; firing Filter: 'SessionManagementFilter'
570794 [http-nio-8080-exec-2] DEBUG o.s.s.w.a.AnonymousAuthenticationFilter - Populated SecurityContextHolder with anonymous token: 'org.springframework.security.authentication.AnonymousAuthenticationToken@6fabe8e0: Principal: anonymousUser; Credentials: [PROTECTED]; Authenticated: true; Details: org.springframework.security.web.authentication.WebAuthenticationDetails@fffe9938: RemoteIpAddress: 0:0:0:0:0:0:0:1; SessionId: 760D79BA12046463C13AD8F04AD89B62; Granted Authorities: ROLE_ANONYMOUS'
570794 [http-nio-8080-exec-5] DEBUG o.s.security.web.FilterChainProxy - /bootstrap/css/bootstrap.css at position 11 of 12 in additional filter chain; firing Filter: 'ExceptionTranslationFilter'
570794 [http-nio-8080-exec-2] DEBUG o.s.security.web.FilterChainProxy - /bootstrap/js/bootstrap.js at position 10 of 12 in additional filter chain; firing Filter: 'SessionManagementFilter'
570794 [http-nio-8080-exec-5] DEBUG o.s.security.web.FilterChainProxy - /bootstrap/css/bootstrap.css at position 12 of 12 in additional filter chain; firing Filter: 'FilterSecurityInterceptor'
570794 [http-nio-8080-exec-7] DEBUG o.s.security.web.FilterChainProxy - /jquery/jquery-2.1.3.js at position 9 of 12 in additional filter chain; firing Filter: 'AnonymousAuthenticationFilter'
570794 [http-nio-8080-exec-2] DEBUG o.s.security.web.FilterChainProxy - /bootstrap/js/bootstrap.js at position 11 of 12 in additional filter chain; firing Filter: 'ExceptionTranslationFilter'
570795 [http-nio-8080-exec-5] DEBUG o.s.s.w.u.m.AntPathRequestMatcher - Request 'GET /bootstrap/css/bootstrap.css' doesn't match 'POST /logout
570795 [http-nio-8080-exec-7] DEBUG o.s.s.w.a.AnonymousAuthenticationFilter - Populated SecurityContextHolder with anonymous token: 'org.springframework.security.authentication.AnonymousAuthenticationToken@6fabe8e0: Principal: anonymousUser; Credentials: [PROTECTED]; Authenticated: true; Details: org.springframework.security.web.authentication.WebAuthenticationDetails@fffe9938: RemoteIpAddress: 0:0:0:0:0:0:0:1; SessionId: 760D79BA12046463C13AD8F04AD89B62; Granted Authorities: ROLE_ANONYMOUS'
570795 [http-nio-8080-exec-2] DEBUG o.s.security.web.FilterChainProxy - /bootstrap/js/bootstrap.js at position 12 of 12 in additional filter chain; firing Filter: 'FilterSecurityInterceptor'
570795 [http-nio-8080-exec-5] DEBUG o.s.s.w.u.m.AntPathRequestMatcher - Checking match of request : '/bootstrap/css/bootstrap.css'; against '/static/**'
570795 [http-nio-8080-exec-7] DEBUG o.s.security.web.FilterChainProxy - /jquery/jquery-2.1.3.js at position 10 of 12 in additional filter chain; firing Filter: 'SessionManagementFilter'
570795 [http-nio-8080-exec-5] DEBUG o.s.s.w.a.i.FilterSecurityInterceptor - Secure object: FilterInvocation: URL: /bootstrap/css/bootstrap.css; Attributes: [authenticated]
570795 [http-nio-8080-exec-2] DEBUG o.s.s.w.u.m.AntPathRequestMatcher - Request 'GET /bootstrap/js/bootstrap.js' doesn't match 'POST /logout
570795 [http-nio-8080-exec-7] DEBUG o.s.security.web.FilterChainProxy - /jquery/jquery-2.1.3.js at position 11 of 12 in additional filter chain; firing Filter: 'ExceptionTranslationFilter'
570795 [http-nio-8080-exec-7] DEBUG o.s.security.web.FilterChainProxy - /jquery/jquery-2.1.3.js at position 12 of 12 in additional filter chain; firing Filter: 'FilterSecurityInterceptor'
570795 [http-nio-8080-exec-5] DEBUG o.s.s.w.a.i.FilterSecurityInterceptor - Previously Authenticated: org.springframework.security.authentication.AnonymousAuthenticationToken@6fabe8e0: Principal: anonymousUser; Credentials: [PROTECTED]; Authenticated: true; Details: org.springframework.security.web.authentication.WebAuthenticationDetails@fffe9938: RemoteIpAddress: 0:0:0:0:0:0:0:1; SessionId: 760D79BA12046463C13AD8F04AD89B62; Granted Authorities: ROLE_ANONYMOUS
570795 [http-nio-8080-exec-2] DEBUG o.s.s.w.u.m.AntPathRequestMatcher - Checking match of request : '/bootstrap/js/bootstrap.js'; against '/static/**'
570795 [http-nio-8080-exec-7] DEBUG o.s.s.w.u.m.AntPathRequestMatcher - Request 'GET /jquery/jquery-2.1.3.js' doesn't match 'POST /logout
570795 [http-nio-8080-exec-2] DEBUG o.s.s.w.a.i.FilterSecurityInterceptor - Secure object: FilterInvocation: URL: /bootstrap/js/bootstrap.js; Attributes: [authenticated]
570795 [http-nio-8080-exec-7] DEBUG o.s.s.w.u.m.AntPathRequestMatcher - Checking match of request : '/jquery/jquery-2.1.3.js'; against '/static/**'
570795 [http-nio-8080-exec-5] DEBUG o.s.s.access.vote.AffirmativeBased - Voter: org.springframework.security.web.access.expression.WebExpressionVoter@7155916d, returned: -1
570795 [http-nio-8080-exec-2] DEBUG o.s.s.w.a.i.FilterSecurityInterceptor - Previously Authenticated: org.springframework.security.authentication.AnonymousAuthenticationToken@6fabe8e0: Principal: anonymousUser; Credentials: [PROTECTED]; Authenticated: true; Details: org.springframework.security.web.authentication.WebAuthenticationDetails@fffe9938: RemoteIpAddress: 0:0:0:0:0:0:0:1; SessionId: 760D79BA12046463C13AD8F04AD89B62; Granted Authorities: ROLE_ANONYMOUS
570795 [http-nio-8080-exec-7] DEBUG o.s.s.w.a.i.FilterSecurityInterceptor - Secure object: FilterInvocation: URL: /jquery/jquery-2.1.3.js; Attributes: [authenticated]
570795 [http-nio-8080-exec-7] DEBUG o.s.s.w.a.i.FilterSecurityInterceptor - Previously Authenticated: org.springframework.security.authentication.AnonymousAuthenticationToken@6fabe8e0: Principal: anonymousUser; Credentials: [PROTECTED]; Authenticated: true; Details: org.springframework.security.web.authentication.WebAuthenticationDetails@fffe9938: RemoteIpAddress: 0:0:0:0:0:0:0:1; SessionId: 760D79BA12046463C13AD8F04AD89B62; Granted Authorities: ROLE_ANONYMOUS
570796 [http-nio-8080-exec-2] DEBUG o.s.s.access.vote.AffirmativeBased - Voter: org.springframework.security.web.access.expression.WebExpressionVoter@7155916d, returned: -1
570796 [http-nio-8080-exec-7] DEBUG o.s.s.access.vote.AffirmativeBased - Voter: org.springframework.security.web.access.expression.WebExpressionVoter@7155916d, returned: -1
570796 [http-nio-8080-exec-5] DEBUG o.s.s.w.a.ExceptionTranslationFilter - Access is denied (user is anonymous); redirecting to authentication entry point
org.springframework.security.access.AccessDeniedException: Access is denied
	at org.springframework.security.access.vote.AffirmativeBased.decide(AffirmativeBased.java:84)
	at org.springframework.security.access.intercept.AbstractSecurityInterceptor.beforeInvocation(AbstractSecurityInterceptor.java:233)
	at org.springframework.security.web.access.intercept.FilterSecurityInterceptor.invoke(FilterSecurityInterceptor.java:124)
	at org.springframework.security.web.access.intercept.FilterSecurityInterceptor.doFilter(FilterSecurityInterceptor.java:91)
	at org.springframework.security.web.FilterChainProxy$VirtualFilterChain.doFilter(FilterChainProxy.java:331)
	at org.springframework.security.web.access.ExceptionTranslationFilter.doFilter(ExceptionTranslationFilter.java:114)
	at org.springframework.security.web.FilterChainProxy$VirtualFilterChain.doFilter(FilterChainProxy.java:331)
	at org.springframework.security.web.session.SessionManagementFilter.doFilter(SessionManagementFilter.java:137)
	at org.springframework.security.web.FilterChainProxy$VirtualFilterChain.doFilter(FilterChainProxy.java:331)
	at org.springframework.security.web.authentication.AnonymousAuthenticationFilter.doFilter(AnonymousAuthenticationFilter.java:111)
	at org.springframework.security.web.FilterChainProxy$VirtualFilterChain.doFilter(FilterChainProxy.java:331)
	at org.springframework.security.web.servletapi.SecurityContextHolderAwareRequestFilter.doFilter(SecurityContextHolderAwareRequestFilter.java:170)
	at org.springframework.security.web.FilterChainProxy$VirtualFilterChain.doFilter(FilterChainProxy.java:331)
	at org.springframework.security.web.savedrequest.RequestCacheAwareFilter.doFilter(RequestCacheAwareFilter.java:63)
	at org.springframework.security.web.FilterChainProxy$VirtualFilterChain.doFilter(FilterChainProxy.java:331)
	at org.springframework.security.web.authentication.AbstractAuthenticationProcessingFilter.doFilter(AbstractAuthenticationProcessingFilter.java:200)
	at org.springframework.security.web.FilterChainProxy$VirtualFilterChain.doFilter(FilterChainProxy.java:331)
	at org.springframework.security.web.authentication.logout.LogoutFilter.doFilter(LogoutFilter.java:116)
	at org.springframework.security.web.FilterChainProxy$VirtualFilterChain.doFilter(FilterChainProxy.java:331)
	at org.springframework.security.web.csrf.CsrfFilter.doFilterInternal(CsrfFilter.java:100)
	at org.springframework.web.filter.OncePerRequestFilter.doFilter(OncePerRequestFilter.java:107)
	at org.springframework.security.web.FilterChainProxy$VirtualFilterChain.doFilter(FilterChainProxy.java:331)
	at org.springframework.security.web.header.HeaderWriterFilter.doFilterInternal(HeaderWriterFilter.java:64)
	at org.springframework.web.filter.OncePerRequestFilter.doFilter(OncePerRequestFilter.java:107)
	at org.springframework.security.web.FilterChainProxy$VirtualFilterChain.doFilter(FilterChainProxy.java:331)
	at org.springframework.security.web.context.SecurityContextPersistenceFilter.doFilter(SecurityContextPersistenceFilter.java:105)
	at org.springframework.security.web.FilterChainProxy$VirtualFilterChain.doFilter(FilterChainProxy.java:331)
	at org.springframework.security.web.context.request.async.WebAsyncManagerIntegrationFilter.doFilterInternal(WebAsyncManagerIntegrationFilter.java:56)
	at org.springframework.web.filter.OncePerRequestFilter.doFilter(OncePerRequestFilter.java:107)
	at org.springframework.security.web.FilterChainProxy$VirtualFilterChain.doFilter(FilterChainProxy.java:331)
	at org.springframework.security.web.FilterChainProxy.doFilterInternal(FilterChainProxy.java:214)
	at org.springframework.security.web.FilterChainProxy.doFilter(FilterChainProxy.java:177)
	at org.springframework.web.filter.DelegatingFilterProxy.invokeDelegate(DelegatingFilterProxy.java:347)
	at org.springframework.web.filter.DelegatingFilterProxy.doFilter(DelegatingFilterProxy.java:263)
	at org.apache.catalina.core.ApplicationFilterChain.internalDoFilter(ApplicationFilterChain.java:193)
	at org.apache.catalina.core.ApplicationFilterChain.doFilter(ApplicationFilterChain.java:166)
	at org.springframework.web.filter.RequestContextFilter.doFilterInternal(RequestContextFilter.java:99)
	at org.springframework.web.filter.OncePerRequestFilter.doFilter(OncePerRequestFilter.java:107)
	at org.apache.catalina.core.ApplicationFilterChain.internalDoFilter(ApplicationFilterChain.java:193)
	at org.apache.catalina.core.ApplicationFilterChain.doFilter(ApplicationFilterChain.java:166)
	at org.springframework.web.filter.HttpPutFormContentFilter.doFilterInternal(HttpPutFormContentFilter.java:108)
	at org.springframework.web.filter.OncePerRequestFilter.doFilter(OncePerRequestFilter.java:107)
	at org.apache.catalina.core.ApplicationFilterChain.internalDoFilter(ApplicationFilterChain.java:193)
	at org.apache.catalina.core.ApplicationFilterChain.doFilter(ApplicationFilterChain.java:166)
	at org.springframework.web.filter.HiddenHttpMethodFilter.doFilterInternal(HiddenHttpMethodFilter.java:81)
	at org.springframework.web.filter.OncePerRequestFilter.doFilter(OncePerRequestFilter.java:107)
	at org.apache.catalina.core.ApplicationFilterChain.internalDoFilter(ApplicationFilterChain.java:193)
	at org.apache.catalina.core.ApplicationFilterChain.doFilter(ApplicationFilterChain.java:166)
	at org.springframework.web.filter.CharacterEncodingFilter.doFilterInternal(CharacterEncodingFilter.java:197)
	at org.springframework.web.filter.OncePerRequestFilter.doFilter(OncePerRequestFilter.java:107)
	at org.apache.catalina.core.ApplicationFilterChain.internalDoFilter(ApplicationFilterChain.java:193)
	at org.apache.catalina.core.ApplicationFilterChain.doFilter(ApplicationFilterChain.java:166)
	at org.apache.catalina.core.StandardWrapperValve.invoke(StandardWrapperValve.java:199)
	at org.apache.catalina.core.StandardContextValve.invoke(StandardContextValve.java:96)
	at org.apache.catalina.authenticator.AuthenticatorBase.invoke(AuthenticatorBase.java:478)
	at org.apache.catalina.core.StandardHostValve.invoke(StandardHostValve.java:140)
	at org.apache.catalina.valves.ErrorReportValve.invoke(ErrorReportValve.java:81)
	at org.apache.catalina.core.StandardEngineValve.invoke(StandardEngineValve.java:87)
	at org.apache.catalina.connector.CoyoteAdapter.service(CoyoteAdapter.java:342)
	at org.apache.coyote.http11.Http11Processor.service(Http11Processor.java:803)
	at org.apache.coyote.AbstractProcessorLight.process(AbstractProcessorLight.java:66)
	at org.apache.coyote.AbstractProtocol$ConnectionHandler.process(AbstractProtocol.java:868)
	at org.apache.tomcat.util.net.NioEndpoint$SocketProcessor.doRun(NioEndpoint.java:1459)
	at org.apache.tomcat.util.net.SocketProcessorBase.run(SocketProcessorBase.java:49)
	at java.util.concurrent.ThreadPoolExecutor.runWorker(ThreadPoolExecutor.java:1149)
	at java.util.concurrent.ThreadPoolExecutor$Worker.run(ThreadPoolExecutor.java:624)
	at org.apache.tomcat.util.threads.TaskThread$WrappingRunnable.run(TaskThread.java:61)
	at java.lang.Thread.run(Thread.java:748)
570796 [http-nio-8080-exec-7] DEBUG o.s.s.w.a.ExceptionTranslationFilter - Access is denied (user is anonymous); redirecting to authentication entry point
org.springframework.security.access.AccessDeniedException: Access is denied
	at org.springframework.security.access.vote.AffirmativeBased.decide(AffirmativeBased.java:84)
	at org.springframework.security.access.intercept.AbstractSecurityInterceptor.beforeInvocation(AbstractSecurityInterceptor.java:233)
	at org.springframework.security.web.access.intercept.FilterSecurityInterceptor.invoke(FilterSecurityInterceptor.java:124)
	at org.springframework.security.web.access.intercept.FilterSecurityInterceptor.doFilter(FilterSecurityInterceptor.java:91)
	at org.springframework.security.web.FilterChainProxy$VirtualFilterChain.doFilter(FilterChainProxy.java:331)
	at org.springframework.security.web.access.ExceptionTranslationFilter.doFilter(ExceptionTranslationFilter.java:114)
	at org.springframework.security.web.FilterChainProxy$VirtualFilterChain.doFilter(FilterChainProxy.java:331)
	at org.springframework.security.web.session.SessionManagementFilter.doFilter(SessionManagementFilter.java:137)
	at org.springframework.security.web.FilterChainProxy$VirtualFilterChain.doFilter(FilterChainProxy.java:331)
	at org.springframework.security.web.authentication.AnonymousAuthenticationFilter.doFilter(AnonymousAuthenticationFilter.java:111)
	at org.springframework.security.web.FilterChainProxy$VirtualFilterChain.doFilter(FilterChainProxy.java:331)
	at org.springframework.security.web.servletapi.SecurityContextHolderAwareRequestFilter.doFilter(SecurityContextHolderAwareRequestFilter.java:170)
	at org.springframework.security.web.FilterChainProxy$VirtualFilterChain.doFilter(FilterChainProxy.java:331)
	at org.springframework.security.web.savedrequest.RequestCacheAwareFilter.doFilter(RequestCacheAwareFilter.java:63)
	at org.springframework.security.web.FilterChainProxy$VirtualFilterChain.doFilter(FilterChainProxy.java:331)
	at org.springframework.security.web.authentication.AbstractAuthenticationProcessingFilter.doFilter(AbstractAuthenticationProcessingFilter.java:200)
	at org.springframework.security.web.FilterChainProxy$VirtualFilterChain.doFilter(FilterChainProxy.java:331)
	at org.springframework.security.web.authentication.logout.LogoutFilter.doFilter(LogoutFilter.java:116)
	at org.springframework.security.web.FilterChainProxy$VirtualFilterChain.doFilter(FilterChainProxy.java:331)
	at org.springframework.security.web.csrf.CsrfFilter.doFilterInternal(CsrfFilter.java:100)
	at org.springframework.web.filter.OncePerRequestFilter.doFilter(OncePerRequestFilter.java:107)
	at org.springframework.security.web.FilterChainProxy$VirtualFilterChain.doFilter(FilterChainProxy.java:331)
	at org.springframework.security.web.header.HeaderWriterFilter.doFilterInternal(HeaderWriterFilter.java:64)
	at org.springframework.web.filter.OncePerRequestFilter.doFilter(OncePerRequestFilter.java:107)
	at org.springframework.security.web.FilterChainProxy$VirtualFilterChain.doFilter(FilterChainProxy.java:331)
	at org.springframework.security.web.context.SecurityContextPersistenceFilter.doFilter(SecurityContextPersistenceFilter.java:105)
	at org.springframework.security.web.FilterChainProxy$VirtualFilterChain.doFilter(FilterChainProxy.java:331)
	at org.springframework.security.web.context.request.async.WebAsyncManagerIntegrationFilter.doFilterInternal(WebAsyncManagerIntegrationFilter.java:56)
	at org.springframework.web.filter.OncePerRequestFilter.doFilter(OncePerRequestFilter.java:107)
	at org.springframework.security.web.FilterChainProxy$VirtualFilterChain.doFilter(FilterChainProxy.java:331)
	at org.springframework.security.web.FilterChainProxy.doFilterInternal(FilterChainProxy.java:214)
	at org.springframework.security.web.FilterChainProxy.doFilter(FilterChainProxy.java:177)
	at org.springframework.web.filter.DelegatingFilterProxy.invokeDelegate(DelegatingFilterProxy.java:347)
	at org.springframework.web.filter.DelegatingFilterProxy.doFilter(DelegatingFilterProxy.java:263)
	at org.apache.catalina.core.ApplicationFilterChain.internalDoFilter(ApplicationFilterChain.java:193)
	at org.apache.catalina.core.ApplicationFilterChain.doFilter(ApplicationFilterChain.java:166)
	at org.springframework.web.filter.RequestContextFilter.doFilterInternal(RequestContextFilter.java:99)
	at org.springframework.web.filter.OncePerRequestFilter.doFilter(OncePerRequestFilter.java:107)
	at org.apache.catalina.core.ApplicationFilterChain.internalDoFilter(ApplicationFilterChain.java:193)
	at org.apache.catalina.core.ApplicationFilterChain.doFilter(ApplicationFilterChain.java:166)
	at org.springframework.web.filter.HttpPutFormContentFilter.doFilterInternal(HttpPutFormContentFilter.java:108)
	at org.springframework.web.filter.OncePerRequestFilter.doFilter(OncePerRequestFilter.java:107)
	at org.apache.catalina.core.ApplicationFilterChain.internalDoFilter(ApplicationFilterChain.java:193)
	at org.apache.catalina.core.ApplicationFilterChain.doFilter(ApplicationFilterChain.java:166)
	at org.springframework.web.filter.HiddenHttpMethodFilter.doFilterInternal(HiddenHttpMethodFilter.java:81)
	at org.springframework.web.filter.OncePerRequestFilter.doFilter(OncePerRequestFilter.java:107)
	at org.apache.catalina.core.ApplicationFilterChain.internalDoFilter(ApplicationFilterChain.java:193)
	at org.apache.catalina.core.ApplicationFilterChain.doFilter(ApplicationFilterChain.java:166)
	at org.springframework.web.filter.CharacterEncodingFilter.doFilterInternal(CharacterEncodingFilter.java:197)
	at org.springframework.web.filter.OncePerRequestFilter.doFilter(OncePerRequestFilter.java:107)
	at org.apache.catalina.core.ApplicationFilterChain.internalDoFilter(ApplicationFilterChain.java:193)
	at org.apache.catalina.core.ApplicationFilterChain.doFilter(ApplicationFilterChain.java:166)
	at org.apache.catalina.core.StandardWrapperValve.invoke(StandardWrapperValve.java:199)
	at org.apache.catalina.core.StandardContextValve.invoke(StandardContextValve.java:96)
	at org.apache.catalina.authenticator.AuthenticatorBase.invoke(AuthenticatorBase.java:478)
	at org.apache.catalina.core.StandardHostValve.invoke(StandardHostValve.java:140)
	at org.apache.catalina.valves.ErrorReportValve.invoke(ErrorReportValve.java:81)
	at org.apache.catalina.core.StandardEngineValve.invoke(StandardEngineValve.java:87)
	at org.apache.catalina.connector.CoyoteAdapter.service(CoyoteAdapter.java:342)
	at org.apache.coyote.http11.Http11Processor.service(Http11Processor.java:803)
	at org.apache.coyote.AbstractProcessorLight.process(AbstractProcessorLight.java:66)
	at org.apache.coyote.AbstractProtocol$ConnectionHandler.process(AbstractProtocol.java:868)
	at org.apache.tomcat.util.net.NioEndpoint$SocketProcessor.doRun(NioEndpoint.java:1459)
	at org.apache.tomcat.util.net.SocketProcessorBase.run(SocketProcessorBase.java:49)
	at java.util.concurrent.ThreadPoolExecutor.runWorker(ThreadPoolExecutor.java:1149)
	at java.util.concurrent.ThreadPoolExecutor$Worker.run(ThreadPoolExecutor.java:624)
	at org.apache.tomcat.util.threads.TaskThread$WrappingRunnable.run(TaskThread.java:61)
	at java.lang.Thread.run(Thread.java:748)
570796 [http-nio-8080-exec-2] DEBUG o.s.s.w.a.ExceptionTranslationFilter - Access is denied (user is anonymous); redirecting to authentication entry point
org.springframework.security.access.AccessDeniedException: Access is denied
	at org.springframework.security.access.vote.AffirmativeBased.decide(AffirmativeBased.java:84)
	at org.springframework.security.access.intercept.AbstractSecurityInterceptor.beforeInvocation(AbstractSecurityInterceptor.java:233)
	at org.springframework.security.web.access.intercept.FilterSecurityInterceptor.invoke(FilterSecurityInterceptor.java:124)
	at org.springframework.security.web.access.intercept.FilterSecurityInterceptor.doFilter(FilterSecurityInterceptor.java:91)
	at org.springframework.security.web.FilterChainProxy$VirtualFilterChain.doFilter(FilterChainProxy.java:331)
	at org.springframework.security.web.access.ExceptionTranslationFilter.doFilter(ExceptionTranslationFilter.java:114)
	at org.springframework.security.web.FilterChainProxy$VirtualFilterChain.doFilter(FilterChainProxy.java:331)
	at org.springframework.security.web.session.SessionManagementFilter.doFilter(SessionManagementFilter.java:137)
	at org.springframework.security.web.FilterChainProxy$VirtualFilterChain.doFilter(FilterChainProxy.java:331)
	at org.springframework.security.web.authentication.AnonymousAuthenticationFilter.doFilter(AnonymousAuthenticationFilter.java:111)
	at org.springframework.security.web.FilterChainProxy$VirtualFilterChain.doFilter(FilterChainProxy.java:331)
	at org.springframework.security.web.servletapi.SecurityContextHolderAwareRequestFilter.doFilter(SecurityContextHolderAwareRequestFilter.java:170)
	at org.springframework.security.web.FilterChainProxy$VirtualFilterChain.doFilter(FilterChainProxy.java:331)
	at org.springframework.security.web.savedrequest.RequestCacheAwareFilter.doFilter(RequestCacheAwareFilter.java:63)
	at org.springframework.security.web.FilterChainProxy$VirtualFilterChain.doFilter(FilterChainProxy.java:331)
	at org.springframework.security.web.authentication.AbstractAuthenticationProcessingFilter.doFilter(AbstractAuthenticationProcessingFilter.java:200)
	at org.springframework.security.web.FilterChainProxy$VirtualFilterChain.doFilter(FilterChainProxy.java:331)
	at org.springframework.security.web.authentication.logout.LogoutFilter.doFilter(LogoutFilter.java:116)
	at org.springframework.security.web.FilterChainProxy$VirtualFilterChain.doFilter(FilterChainProxy.java:331)
	at org.springframework.security.web.csrf.CsrfFilter.doFilterInternal(CsrfFilter.java:100)
	at org.springframework.web.filter.OncePerRequestFilter.doFilter(OncePerRequestFilter.java:107)
	at org.springframework.security.web.FilterChainProxy$VirtualFilterChain.doFilter(FilterChainProxy.java:331)
	at org.springframework.security.web.header.HeaderWriterFilter.doFilterInternal(HeaderWriterFilter.java:64)
	at org.springframework.web.filter.OncePerRequestFilter.doFilter(OncePerRequestFilter.java:107)
	at org.springframework.security.web.FilterChainProxy$VirtualFilterChain.doFilter(FilterChainProxy.java:331)
	at org.springframework.security.web.context.SecurityContextPersistenceFilter.doFilter(SecurityContextPersistenceFilter.java:105)
	at org.springframework.security.web.FilterChainProxy$VirtualFilterChain.doFilter(FilterChainProxy.java:331)
	at org.springframework.security.web.context.request.async.WebAsyncManagerIntegrationFilter.doFilterInternal(WebAsyncManagerIntegrationFilter.java:56)
	at org.springframework.web.filter.OncePerRequestFilter.doFilter(OncePerRequestFilter.java:107)
	at org.springframework.security.web.FilterChainProxy$VirtualFilterChain.doFilter(FilterChainProxy.java:331)
	at org.springframework.security.web.FilterChainProxy.doFilterInternal(FilterChainProxy.java:214)
	at org.springframework.security.web.FilterChainProxy.doFilter(FilterChainProxy.java:177)
	at org.springframework.web.filter.DelegatingFilterProxy.invokeDelegate(DelegatingFilterProxy.java:347)
	at org.springframework.web.filter.DelegatingFilterProxy.doFilter(DelegatingFilterProxy.java:263)
	at org.apache.catalina.core.ApplicationFilterChain.internalDoFilter(ApplicationFilterChain.java:193)
	at org.apache.catalina.core.ApplicationFilterChain.doFilter(ApplicationFilterChain.java:166)
	at org.springframework.web.filter.RequestContextFilter.doFilterInternal(RequestContextFilter.java:99)
	at org.springframework.web.filter.OncePerRequestFilter.doFilter(OncePerRequestFilter.java:107)
	at org.apache.catalina.core.ApplicationFilterChain.internalDoFilter(ApplicationFilterChain.java:193)
	at org.apache.catalina.core.ApplicationFilterChain.doFilter(ApplicationFilterChain.java:166)
	at org.springframework.web.filter.HttpPutFormContentFilter.doFilterInternal(HttpPutFormContentFilter.java:108)
	at org.springframework.web.filter.OncePerRequestFilter.doFilter(OncePerRequestFilter.java:107)
	at org.apache.catalina.core.ApplicationFilterChain.internalDoFilter(ApplicationFilterChain.java:193)
	at org.apache.catalina.core.ApplicationFilterChain.doFilter(ApplicationFilterChain.java:166)
	at org.springframework.web.filter.HiddenHttpMethodFilter.doFilterInternal(HiddenHttpMethodFilter.java:81)
	at org.springframework.web.filter.OncePerRequestFilter.doFilter(OncePerRequestFilter.java:107)
	at org.apache.catalina.core.ApplicationFilterChain.internalDoFilter(ApplicationFilterChain.java:193)
	at org.apache.catalina.core.ApplicationFilterChain.doFilter(ApplicationFilterChain.java:166)
	at org.springframework.web.filter.CharacterEncodingFilter.doFilterInternal(CharacterEncodingFilter.java:197)
	at org.springframework.web.filter.OncePerRequestFilter.doFilter(OncePerRequestFilter.java:107)
	at org.apache.catalina.core.ApplicationFilterChain.internalDoFilter(ApplicationFilterChain.java:193)
	at org.apache.catalina.core.ApplicationFilterChain.doFilter(ApplicationFilterChain.java:166)
	at org.apache.catalina.core.StandardWrapperValve.invoke(StandardWrapperValve.java:199)
	at org.apache.catalina.core.StandardContextValve.invoke(StandardContextValve.java:96)
	at org.apache.catalina.authenticator.AuthenticatorBase.invoke(AuthenticatorBase.java:478)
	at org.apache.catalina.core.StandardHostValve.invoke(StandardHostValve.java:140)
	at org.apache.catalina.valves.ErrorReportValve.invoke(ErrorReportValve.java:81)
	at org.apache.catalina.core.StandardEngineValve.invoke(StandardEngineValve.java:87)
	at org.apache.catalina.connector.CoyoteAdapter.service(CoyoteAdapter.java:342)
	at org.apache.coyote.http11.Http11Processor.service(Http11Processor.java:803)
	at org.apache.coyote.AbstractProcessorLight.process(AbstractProcessorLight.java:66)
	at org.apache.coyote.AbstractProtocol$ConnectionHandler.process(AbstractProtocol.java:868)
	at org.apache.tomcat.util.net.NioEndpoint$SocketProcessor.doRun(NioEndpoint.java:1459)
	at org.apache.tomcat.util.net.SocketProcessorBase.run(SocketProcessorBase.java:49)
	at java.util.concurrent.ThreadPoolExecutor.runWorker(ThreadPoolExecutor.java:1149)
	at java.util.concurrent.ThreadPoolExecutor$Worker.run(ThreadPoolExecutor.java:624)
	at org.apache.tomcat.util.threads.TaskThread$WrappingRunnable.run(TaskThread.java:61)
	at java.lang.Thread.run(Thread.java:748)
570797 [http-nio-8080-exec-5] DEBUG o.s.s.w.u.matcher.AndRequestMatcher - Trying to match using Ant [pattern='/**', GET]
570797 [http-nio-8080-exec-7] DEBUG o.s.s.w.u.matcher.AndRequestMatcher - Trying to match using Ant [pattern='/**', GET]
570797 [http-nio-8080-exec-2] DEBUG o.s.s.w.u.matcher.AndRequestMatcher - Trying to match using Ant [pattern='/**', GET]
570797 [http-nio-8080-exec-5] DEBUG o.s.s.w.u.m.AntPathRequestMatcher - Request '/bootstrap/css/bootstrap.css' matched by universal pattern '/**'
570797 [http-nio-8080-exec-7] DEBUG o.s.s.w.u.m.AntPathRequestMatcher - Request '/jquery/jquery-2.1.3.js' matched by universal pattern '/**'
570797 [http-nio-8080-exec-5] DEBUG o.s.s.w.u.matcher.AndRequestMatcher - Trying to match using NegatedRequestMatcher [requestMatcher=Ant [pattern='/**/favicon.ico']]
570797 [http-nio-8080-exec-2] DEBUG o.s.s.w.u.m.AntPathRequestMatcher - Request '/bootstrap/js/bootstrap.js' matched by universal pattern '/**'
570798 [http-nio-8080-exec-5] DEBUG o.s.s.w.u.m.AntPathRequestMatcher - Checking match of request : '/bootstrap/css/bootstrap.css'; against '/**/favicon.ico'
570798 [http-nio-8080-exec-2] DEBUG o.s.s.w.u.matcher.AndRequestMatcher - Trying to match using NegatedRequestMatcher [requestMatcher=Ant [pattern='/**/favicon.ico']]
570798 [http-nio-8080-exec-5] DEBUG o.s.s.w.u.m.NegatedRequestMatcher - matches = true
570798 [http-nio-8080-exec-2] DEBUG o.s.s.w.u.m.AntPathRequestMatcher - Checking match of request : '/bootstrap/js/bootstrap.js'; against '/**/favicon.ico'
570798 [http-nio-8080-exec-5] DEBUG o.s.s.w.u.matcher.AndRequestMatcher - Trying to match using NegatedRequestMatcher [requestMatcher=MediaTypeRequestMatcher [contentNegotiationStrategy=org.springframework.web.accept.ContentNegotiationManager@34a84d5e, matchingMediaTypes=[application/json], useEquals=false, ignoredMediaTypes=[*/*]]]
570798 [http-nio-8080-exec-2] DEBUG o.s.s.w.u.m.NegatedRequestMatcher - matches = true
570798 [http-nio-8080-exec-7] DEBUG o.s.s.w.u.matcher.AndRequestMatcher - Trying to match using NegatedRequestMatcher [requestMatcher=Ant [pattern='/**/favicon.ico']]
570798 [http-nio-8080-exec-2] DEBUG o.s.s.w.u.matcher.AndRequestMatcher - Trying to match using NegatedRequestMatcher [requestMatcher=MediaTypeRequestMatcher [contentNegotiationStrategy=org.springframework.web.accept.ContentNegotiationManager@34a84d5e, matchingMediaTypes=[application/json], useEquals=false, ignoredMediaTypes=[*/*]]]
570798 [http-nio-8080-exec-7] DEBUG o.s.s.w.u.m.AntPathRequestMatcher - Checking match of request : '/jquery/jquery-2.1.3.js'; against '/**/favicon.ico'
570798 [http-nio-8080-exec-5] DEBUG o.s.s.w.u.m.MediaTypeRequestMatcher - httpRequestMediaTypes=[text/css]
570798 [http-nio-8080-exec-7] DEBUG o.s.s.w.u.m.NegatedRequestMatcher - matches = true
570798 [http-nio-8080-exec-5] DEBUG o.s.s.w.u.m.MediaTypeRequestMatcher - Processing text/css
570798 [http-nio-8080-exec-2] DEBUG o.s.s.w.u.m.MediaTypeRequestMatcher - httpRequestMediaTypes=[application/javascript]
570798 [http-nio-8080-exec-5] DEBUG o.s.s.w.u.m.MediaTypeRequestMatcher - application/json .isCompatibleWith text/css = false
570798 [http-nio-8080-exec-5] DEBUG o.s.s.w.u.m.MediaTypeRequestMatcher - Did not match any media types
570798 [http-nio-8080-exec-5] DEBUG o.s.s.w.u.m.NegatedRequestMatcher - matches = true
570798 [http-nio-8080-exec-7] DEBUG o.s.s.w.u.matcher.AndRequestMatcher - Trying to match using NegatedRequestMatcher [requestMatcher=MediaTypeRequestMatcher [contentNegotiationStrategy=org.springframework.web.accept.ContentNegotiationManager@34a84d5e, matchingMediaTypes=[application/json], useEquals=false, ignoredMediaTypes=[*/*]]]
570798 [http-nio-8080-exec-2] DEBUG o.s.s.w.u.m.MediaTypeRequestMatcher - Processing application/javascript
570798 [http-nio-8080-exec-2] DEBUG o.s.s.w.u.m.MediaTypeRequestMatcher - application/json .isCompatibleWith application/javascript = false
570798 [http-nio-8080-exec-5] DEBUG o.s.s.w.u.matcher.AndRequestMatcher - Trying to match using NegatedRequestMatcher [requestMatcher=RequestHeaderRequestMatcher [expectedHeaderName=X-Requested-With, expectedHeaderValue=XMLHttpRequest]]
570798 [http-nio-8080-exec-7] DEBUG o.s.s.w.u.m.MediaTypeRequestMatcher - httpRequestMediaTypes=[application/javascript]
570798 [http-nio-8080-exec-2] DEBUG o.s.s.w.u.m.MediaTypeRequestMatcher - Did not match any media types
570798 [http-nio-8080-exec-5] DEBUG o.s.s.w.u.m.NegatedRequestMatcher - matches = true
570798 [http-nio-8080-exec-7] DEBUG o.s.s.w.u.m.MediaTypeRequestMatcher - Processing application/javascript
570798 [http-nio-8080-exec-7] DEBUG o.s.s.w.u.m.MediaTypeRequestMatcher - application/json .isCompatibleWith application/javascript = false
570798 [http-nio-8080-exec-7] DEBUG o.s.s.w.u.m.MediaTypeRequestMatcher - Did not match any media types
570798 [http-nio-8080-exec-2] DEBUG o.s.s.w.u.m.NegatedRequestMatcher - matches = true
570798 [http-nio-8080-exec-5] DEBUG o.s.s.w.u.matcher.AndRequestMatcher - All requestMatchers returned true
570798 [http-nio-8080-exec-2] DEBUG o.s.s.w.u.matcher.AndRequestMatcher - Trying to match using NegatedRequestMatcher [requestMatcher=RequestHeaderRequestMatcher [expectedHeaderName=X-Requested-With, expectedHeaderValue=XMLHttpRequest]]
570798 [http-nio-8080-exec-7] DEBUG o.s.s.w.u.m.NegatedRequestMatcher - matches = true
570798 [http-nio-8080-exec-2] DEBUG o.s.s.w.u.m.NegatedRequestMatcher - matches = true
570799 [http-nio-8080-exec-7] DEBUG o.s.s.w.u.matcher.AndRequestMatcher - Trying to match using NegatedRequestMatcher [requestMatcher=RequestHeaderRequestMatcher [expectedHeaderName=X-Requested-With, expectedHeaderValue=XMLHttpRequest]]
570799 [http-nio-8080-exec-2] DEBUG o.s.s.w.u.matcher.AndRequestMatcher - All requestMatchers returned true
570799 [http-nio-8080-exec-7] DEBUG o.s.s.w.u.m.NegatedRequestMatcher - matches = true
570799 [http-nio-8080-exec-5] DEBUG o.s.s.w.s.HttpSessionRequestCache - DefaultSavedRequest added to Session: DefaultSavedRequest[http://localhost:8080/bootstrap/css/bootstrap.css]
570799 [http-nio-8080-exec-5] DEBUG o.s.s.w.a.ExceptionTranslationFilter - Calling Authentication entry point.
570799 [http-nio-8080-exec-7] DEBUG o.s.s.w.u.matcher.AndRequestMatcher - All requestMatchers returned true
570799 [http-nio-8080-exec-5] DEBUG o.s.s.web.DefaultRedirectStrategy - Redirecting to 'http://localhost:8080/login'
570799 [http-nio-8080-exec-5] DEBUG o.s.s.w.c.HttpSessionSecurityContextRepository - SecurityContext is empty or contents are anonymous - context will not be stored in HttpSession.
570799 [http-nio-8080-exec-2] DEBUG o.s.s.w.s.HttpSessionRequestCache - DefaultSavedRequest added to Session: DefaultSavedRequest[http://localhost:8080/bootstrap/js/bootstrap.js]
570799 [http-nio-8080-exec-2] DEBUG o.s.s.w.a.ExceptionTranslationFilter - Calling Authentication entry point.
570799 [http-nio-8080-exec-5] DEBUG o.s.s.w.c.SecurityContextPersistenceFilter - SecurityContextHolder now cleared, as request processing completed
570799 [http-nio-8080-exec-2] DEBUG o.s.s.web.DefaultRedirectStrategy - Redirecting to 'http://localhost:8080/login'
570799 [http-nio-8080-exec-7] DEBUG o.s.s.w.s.HttpSessionRequestCache - DefaultSavedRequest added to Session: DefaultSavedRequest[http://localhost:8080/jquery/jquery-2.1.3.js]
570799 [http-nio-8080-exec-2] DEBUG o.s.s.w.c.HttpSessionSecurityContextRepository - SecurityContext is empty or contents are anonymous - context will not be stored in HttpSession.
570799 [http-nio-8080-exec-7] DEBUG o.s.s.w.a.ExceptionTranslationFilter - Calling Authentication entry point.
570799 [http-nio-8080-exec-2] DEBUG o.s.s.w.c.SecurityContextPersistenceFilter - SecurityContextHolder now cleared, as request processing completed
570799 [http-nio-8080-exec-7] DEBUG o.s.s.web.DefaultRedirectStrategy - Redirecting to 'http://localhost:8080/login'
570799 [http-nio-8080-exec-7] DEBUG o.s.s.w.c.HttpSessionSecurityContextRepository - SecurityContext is empty or contents are anonymous - context will not be stored in HttpSession.
570799 [http-nio-8080-exec-7] DEBUG o.s.s.w.c.SecurityContextPersistenceFilter - SecurityContextHolder now cleared, as request processing completed
570804 [http-nio-8080-exec-6] DEBUG o.s.s.w.u.matcher.OrRequestMatcher - Trying to match using Ant [pattern='/css/**']
570804 [http-nio-8080-exec-9] DEBUG o.s.s.w.u.matcher.OrRequestMatcher - Trying to match using Ant [pattern='/css/**']
570804 [http-nio-8080-exec-6] DEBUG o.s.s.w.u.m.AntPathRequestMatcher - Checking match of request : '/login'; against '/css/**'
570804 [http-nio-8080-exec-9] DEBUG o.s.s.w.u.m.AntPathRequestMatcher - Checking match of request : '/login'; against '/css/**'
570804 [http-nio-8080-exec-9] DEBUG o.s.s.w.u.matcher.OrRequestMatcher - Trying to match using Ant [pattern='/js/**']
570804 [http-nio-8080-exec-6] DEBUG o.s.s.w.u.matcher.OrRequestMatcher - Trying to match using Ant [pattern='/js/**']
570804 [http-nio-8080-exec-9] DEBUG o.s.s.w.u.m.AntPathRequestMatcher - Checking match of request : '/login'; against '/js/**'
570804 [http-nio-8080-exec-6] DEBUG o.s.s.w.u.m.AntPathRequestMatcher - Checking match of request : '/login'; against '/js/**'
570804 [http-nio-8080-exec-9] DEBUG o.s.s.w.u.matcher.OrRequestMatcher - Trying to match using Ant [pattern='/images/**']
570804 [http-nio-8080-exec-6] DEBUG o.s.s.w.u.matcher.OrRequestMatcher - Trying to match using Ant [pattern='/images/**']
570804 [http-nio-8080-exec-6] DEBUG o.s.s.w.u.m.AntPathRequestMatcher - Checking match of request : '/login'; against '/images/**'
570804 [http-nio-8080-exec-9] DEBUG o.s.s.w.u.m.AntPathRequestMatcher - Checking match of request : '/login'; against '/images/**'
570804 [http-nio-8080-exec-9] DEBUG o.s.s.w.u.matcher.OrRequestMatcher - Trying to match using Ant [pattern='/webjars/**']
570804 [http-nio-8080-exec-6] DEBUG o.s.s.w.u.matcher.OrRequestMatcher - Trying to match using Ant [pattern='/webjars/**']
570804 [http-nio-8080-exec-6] DEBUG o.s.s.w.u.m.AntPathRequestMatcher - Checking match of request : '/login'; against '/webjars/**'
570804 [http-nio-8080-exec-9] DEBUG o.s.s.w.u.m.AntPathRequestMatcher - Checking match of request : '/login'; against '/webjars/**'
570805 [http-nio-8080-exec-9] DEBUG o.s.s.w.u.matcher.OrRequestMatcher - Trying to match using Ant [pattern='/**/favicon.ico']
570805 [http-nio-8080-exec-6] DEBUG o.s.s.w.u.matcher.OrRequestMatcher - Trying to match using Ant [pattern='/**/favicon.ico']
570805 [http-nio-8080-exec-9] DEBUG o.s.s.w.u.m.AntPathRequestMatcher - Checking match of request : '/login'; against '/**/favicon.ico'
570805 [http-nio-8080-exec-6] DEBUG o.s.s.w.u.m.AntPathRequestMatcher - Checking match of request : '/login'; against '/**/favicon.ico'
570805 [http-nio-8080-exec-9] DEBUG o.s.s.w.u.matcher.OrRequestMatcher - Trying to match using Ant [pattern='/error']
570805 [http-nio-8080-exec-6] DEBUG o.s.s.w.u.matcher.OrRequestMatcher - Trying to match using Ant [pattern='/error']
570805 [http-nio-8080-exec-6] DEBUG o.s.s.w.u.m.AntPathRequestMatcher - Checking match of request : '/login'; against '/error'
570805 [http-nio-8080-exec-6] DEBUG o.s.s.w.u.matcher.OrRequestMatcher - No matches found
570805 [http-nio-8080-exec-6] DEBUG o.s.security.web.FilterChainProxy - /login at position 1 of 12 in additional filter chain; firing Filter: 'WebAsyncManagerIntegrationFilter'
570805 [http-nio-8080-exec-9] DEBUG o.s.s.w.u.m.AntPathRequestMatcher - Checking match of request : '/login'; against '/error'
570805 [http-nio-8080-exec-6] DEBUG o.s.security.web.FilterChainProxy - /login at position 2 of 12 in additional filter chain; firing Filter: 'SecurityContextPersistenceFilter'
570805 [http-nio-8080-exec-9] DEBUG o.s.s.w.u.matcher.OrRequestMatcher - No matches found
570805 [http-nio-8080-exec-6] DEBUG o.s.s.w.c.HttpSessionSecurityContextRepository - HttpSession returned null object for SPRING_SECURITY_CONTEXT
570805 [http-nio-8080-exec-9] DEBUG o.s.security.web.FilterChainProxy - /login at position 1 of 12 in additional filter chain; firing Filter: 'WebAsyncManagerIntegrationFilter'
570805 [http-nio-8080-exec-6] DEBUG o.s.s.w.c.HttpSessionSecurityContextRepository - No SecurityContext was available from the HttpSession: org.apache.catalina.session.StandardSessionFacade@30689b56. A new one will be created.
570805 [http-nio-8080-exec-9] DEBUG o.s.security.web.FilterChainProxy - /login at position 2 of 12 in additional filter chain; firing Filter: 'SecurityContextPersistenceFilter'
570806 [http-nio-8080-exec-6] DEBUG o.s.security.web.FilterChainProxy - /login at position 3 of 12 in additional filter chain; firing Filter: 'HeaderWriterFilter'
570806 [http-nio-8080-exec-9] DEBUG o.s.s.w.c.HttpSessionSecurityContextRepository - HttpSession returned null object for SPRING_SECURITY_CONTEXT
570806 [http-nio-8080-exec-9] DEBUG o.s.s.w.c.HttpSessionSecurityContextRepository - No SecurityContext was available from the HttpSession: org.apache.catalina.session.StandardSessionFacade@30689b56. A new one will be created.
570806 [http-nio-8080-exec-9] DEBUG o.s.security.web.FilterChainProxy - /login at position 3 of 12 in additional filter chain; firing Filter: 'HeaderWriterFilter'
570806 [http-nio-8080-exec-6] DEBUG o.s.s.w.h.writers.HstsHeaderWriter - Not injecting HSTS header since it did not match the requestMatcher org.springframework.security.web.header.writers.HstsHeaderWriter$SecureRequestMatcher@34571983
570806 [http-nio-8080-exec-9] DEBUG o.s.s.w.h.writers.HstsHeaderWriter - Not injecting HSTS header since it did not match the requestMatcher org.springframework.security.web.header.writers.HstsHeaderWriter$SecureRequestMatcher@34571983
570806 [http-nio-8080-exec-6] DEBUG o.s.security.web.FilterChainProxy - /login at position 4 of 12 in additional filter chain; firing Filter: 'CsrfFilter'
570806 [http-nio-8080-exec-6] DEBUG o.s.security.web.FilterChainProxy - /login at position 5 of 12 in additional filter chain; firing Filter: 'LogoutFilter'
570806 [http-nio-8080-exec-9] DEBUG o.s.security.web.FilterChainProxy - /login at position 4 of 12 in additional filter chain; firing Filter: 'CsrfFilter'
570806 [http-nio-8080-exec-9] DEBUG o.s.security.web.FilterChainProxy - /login at position 5 of 12 in additional filter chain; firing Filter: 'LogoutFilter'
570806 [http-nio-8080-exec-6] DEBUG o.s.s.w.u.m.AntPathRequestMatcher - Request 'GET /login' doesn't match 'POST /logout
570806 [http-nio-8080-exec-6] DEBUG o.s.security.web.FilterChainProxy - /login at position 6 of 12 in additional filter chain; firing Filter: 'UsernamePasswordAuthenticationFilter'
570806 [http-nio-8080-exec-9] DEBUG o.s.s.w.u.m.AntPathRequestMatcher - Request 'GET /login' doesn't match 'POST /logout
570806 [http-nio-8080-exec-9] DEBUG o.s.security.web.FilterChainProxy - /login at position 6 of 12 in additional filter chain; firing Filter: 'UsernamePasswordAuthenticationFilter'
570806 [http-nio-8080-exec-6] DEBUG o.s.s.w.u.m.AntPathRequestMatcher - Request 'GET /login' doesn't match 'POST /login
570806 [http-nio-8080-exec-6] DEBUG o.s.security.web.FilterChainProxy - /login at position 7 of 12 in additional filter chain; firing Filter: 'RequestCacheAwareFilter'
570806 [http-nio-8080-exec-9] DEBUG o.s.s.w.u.m.AntPathRequestMatcher - Request 'GET /login' doesn't match 'POST /login
570806 [http-nio-8080-exec-9] DEBUG o.s.security.web.FilterChainProxy - /login at position 7 of 12 in additional filter chain; firing Filter: 'RequestCacheAwareFilter'
570806 [http-nio-8080-exec-6] DEBUG o.s.s.w.s.DefaultSavedRequest - pathInfo: both null (property equals)
570806 [http-nio-8080-exec-9] DEBUG o.s.s.w.s.DefaultSavedRequest - pathInfo: both null (property equals)
570807 [http-nio-8080-exec-6] DEBUG o.s.s.w.s.DefaultSavedRequest - queryString: both null (property equals)
570807 [http-nio-8080-exec-9] DEBUG o.s.s.w.s.DefaultSavedRequest - queryString: both null (property equals)
570807 [http-nio-8080-exec-9] DEBUG o.s.s.w.s.DefaultSavedRequest - requestURI: arg1=/jquery/jquery-2.1.3.js; arg2=/login (property not equals)
570807 [http-nio-8080-exec-6] DEBUG o.s.s.w.s.DefaultSavedRequest - requestURI: arg1=/jquery/jquery-2.1.3.js; arg2=/login (property not equals)
570807 [http-nio-8080-exec-9] DEBUG o.s.s.w.s.HttpSessionRequestCache - saved request doesn't match
570807 [http-nio-8080-exec-9] DEBUG o.s.security.web.FilterChainProxy - /login at position 8 of 12 in additional filter chain; firing Filter: 'SecurityContextHolderAwareRequestFilter'
570807 [http-nio-8080-exec-6] DEBUG o.s.s.w.s.HttpSessionRequestCache - saved request doesn't match
570807 [http-nio-8080-exec-6] DEBUG o.s.security.web.FilterChainProxy - /login at position 8 of 12 in additional filter chain; firing Filter: 'SecurityContextHolderAwareRequestFilter'
570807 [http-nio-8080-exec-9] DEBUG o.s.security.web.FilterChainProxy - /login at position 9 of 12 in additional filter chain; firing Filter: 'AnonymousAuthenticationFilter'
570807 [http-nio-8080-exec-9] DEBUG o.s.s.w.a.AnonymousAuthenticationFilter - Populated SecurityContextHolder with anonymous token: 'org.springframework.security.authentication.AnonymousAuthenticationToken@6fabe8e0: Principal: anonymousUser; Credentials: [PROTECTED]; Authenticated: true; Details: org.springframework.security.web.authentication.WebAuthenticationDetails@fffe9938: RemoteIpAddress: 0:0:0:0:0:0:0:1; SessionId: 760D79BA12046463C13AD8F04AD89B62; Granted Authorities: ROLE_ANONYMOUS'
570807 [http-nio-8080-exec-6] DEBUG o.s.security.web.FilterChainProxy - /login at position 9 of 12 in additional filter chain; firing Filter: 'AnonymousAuthenticationFilter'
570807 [http-nio-8080-exec-6] DEBUG o.s.s.w.a.AnonymousAuthenticationFilter - Populated SecurityContextHolder with anonymous token: 'org.springframework.security.authentication.AnonymousAuthenticationToken@6fabe8e0: Principal: anonymousUser; Credentials: [PROTECTED]; Authenticated: true; Details: org.springframework.security.web.authentication.WebAuthenticationDetails@fffe9938: RemoteIpAddress: 0:0:0:0:0:0:0:1; SessionId: 760D79BA12046463C13AD8F04AD89B62; Granted Authorities: ROLE_ANONYMOUS'
570807 [http-nio-8080-exec-9] DEBUG o.s.security.web.FilterChainProxy - /login at position 10 of 12 in additional filter chain; firing Filter: 'SessionManagementFilter'
570807 [http-nio-8080-exec-6] DEBUG o.s.security.web.FilterChainProxy - /login at position 10 of 12 in additional filter chain; firing Filter: 'SessionManagementFilter'
570807 [http-nio-8080-exec-9] DEBUG o.s.security.web.FilterChainProxy - /login at position 11 of 12 in additional filter chain; firing Filter: 'ExceptionTranslationFilter'
570807 [http-nio-8080-exec-9] DEBUG o.s.security.web.FilterChainProxy - /login at position 12 of 12 in additional filter chain; firing Filter: 'FilterSecurityInterceptor'
570807 [http-nio-8080-exec-6] DEBUG o.s.security.web.FilterChainProxy - /login at position 11 of 12 in additional filter chain; firing Filter: 'ExceptionTranslationFilter'
570807 [http-nio-8080-exec-9] DEBUG o.s.s.w.a.i.FilterSecurityInterceptor - Secure object: FilterInvocation: URL: /login; Attributes: [permitAll]
570807 [http-nio-8080-exec-6] DEBUG o.s.security.web.FilterChainProxy - /login at position 12 of 12 in additional filter chain; firing Filter: 'FilterSecurityInterceptor'
570807 [http-nio-8080-exec-9] DEBUG o.s.s.w.a.i.FilterSecurityInterceptor - Previously Authenticated: org.springframework.security.authentication.AnonymousAuthenticationToken@6fabe8e0: Principal: anonymousUser; Credentials: [PROTECTED]; Authenticated: true; Details: org.springframework.security.web.authentication.WebAuthenticationDetails@fffe9938: RemoteIpAddress: 0:0:0:0:0:0:0:1; SessionId: 760D79BA12046463C13AD8F04AD89B62; Granted Authorities: ROLE_ANONYMOUS
570808 [http-nio-8080-exec-6] DEBUG o.s.s.w.a.i.FilterSecurityInterceptor - Secure object: FilterInvocation: URL: /login; Attributes: [permitAll]
570808 [http-nio-8080-exec-6] DEBUG o.s.s.w.a.i.FilterSecurityInterceptor - Previously Authenticated: org.springframework.security.authentication.AnonymousAuthenticationToken@6fabe8e0: Principal: anonymousUser; Credentials: [PROTECTED]; Authenticated: true; Details: org.springframework.security.web.authentication.WebAuthenticationDetails@fffe9938: RemoteIpAddress: 0:0:0:0:0:0:0:1; SessionId: 760D79BA12046463C13AD8F04AD89B62; Granted Authorities: ROLE_ANONYMOUS
570808 [http-nio-8080-exec-9] DEBUG o.s.s.access.vote.AffirmativeBased - Voter: org.springframework.security.web.access.expression.WebExpressionVoter@7155916d, returned: 1
570808 [http-nio-8080-exec-9] DEBUG o.s.s.w.a.i.FilterSecurityInterceptor - Authorization successful
570808 [http-nio-8080-exec-9] DEBUG o.s.s.w.a.i.FilterSecurityInterceptor - RunAsManager did not change Authentication object
570808 [http-nio-8080-exec-6] DEBUG o.s.s.access.vote.AffirmativeBased - Voter: org.springframework.security.web.access.expression.WebExpressionVoter@7155916d, returned: 1
570808 [http-nio-8080-exec-6] DEBUG o.s.s.w.a.i.FilterSecurityInterceptor - Authorization successful
570808 [http-nio-8080-exec-6] DEBUG o.s.s.w.a.i.FilterSecurityInterceptor - RunAsManager did not change Authentication object
570808 [http-nio-8080-exec-6] DEBUG o.s.security.web.FilterChainProxy - /login reached end of additional filter chain; proceeding with original chain
570808 [http-nio-8080-exec-9] DEBUG o.s.security.web.FilterChainProxy - /login reached end of additional filter chain; proceeding with original chain
570810 [http-nio-8080-exec-6] DEBUG o.s.s.w.c.HttpSessionSecurityContextRepository - SecurityContext is empty or contents are anonymous - context will not be stored in HttpSession.
570811 [http-nio-8080-exec-6] DEBUG o.s.s.w.a.ExceptionTranslationFilter - Chain processed normally
570811 [http-nio-8080-exec-6] DEBUG o.s.s.w.c.SecurityContextPersistenceFilter - SecurityContextHolder now cleared, as request processing completed
570812 [http-nio-8080-exec-9] DEBUG o.s.s.w.c.HttpSessionSecurityContextRepository - SecurityContext is empty or contents are anonymous - context will not be stored in HttpSession.
570812 [http-nio-8080-exec-9] DEBUG o.s.s.w.a.ExceptionTranslationFilter - Chain processed normally
570812 [http-nio-8080-exec-9] DEBUG o.s.s.w.c.SecurityContextPersistenceFilter - SecurityContextHolder now cleared, as request processing completed
570814 [http-nio-8080-exec-10] DEBUG o.s.s.w.u.matcher.OrRequestMatcher - Trying to match using Ant [pattern='/css/**']
570814 [http-nio-8080-exec-10] DEBUG o.s.s.w.u.m.AntPathRequestMatcher - Checking match of request : '/login'; against '/css/**'
570814 [http-nio-8080-exec-10] DEBUG o.s.s.w.u.matcher.OrRequestMatcher - Trying to match using Ant [pattern='/js/**']
570814 [http-nio-8080-exec-10] DEBUG o.s.s.w.u.m.AntPathRequestMatcher - Checking match of request : '/login'; against '/js/**'
570814 [http-nio-8080-exec-10] DEBUG o.s.s.w.u.matcher.OrRequestMatcher - Trying to match using Ant [pattern='/images/**']
570814 [http-nio-8080-exec-10] DEBUG o.s.s.w.u.m.AntPathRequestMatcher - Checking match of request : '/login'; against '/images/**'
570814 [http-nio-8080-exec-10] DEBUG o.s.s.w.u.matcher.OrRequestMatcher - Trying to match using Ant [pattern='/webjars/**']
570814 [http-nio-8080-exec-10] DEBUG o.s.s.w.u.m.AntPathRequestMatcher - Checking match of request : '/login'; against '/webjars/**'
570814 [http-nio-8080-exec-10] DEBUG o.s.s.w.u.matcher.OrRequestMatcher - Trying to match using Ant [pattern='/**/favicon.ico']
570814 [http-nio-8080-exec-10] DEBUG o.s.s.w.u.m.AntPathRequestMatcher - Checking match of request : '/login'; against '/**/favicon.ico'
570814 [http-nio-8080-exec-10] DEBUG o.s.s.w.u.matcher.OrRequestMatcher - Trying to match using Ant [pattern='/error']
570814 [http-nio-8080-exec-10] DEBUG o.s.s.w.u.m.AntPathRequestMatcher - Checking match of request : '/login'; against '/error'
570814 [http-nio-8080-exec-10] DEBUG o.s.s.w.u.matcher.OrRequestMatcher - No matches found
570814 [http-nio-8080-exec-10] DEBUG o.s.security.web.FilterChainProxy - /login at position 1 of 12 in additional filter chain; firing Filter: 'WebAsyncManagerIntegrationFilter'
570814 [http-nio-8080-exec-10] DEBUG o.s.security.web.FilterChainProxy - /login at position 2 of 12 in additional filter chain; firing Filter: 'SecurityContextPersistenceFilter'
570814 [http-nio-8080-exec-10] DEBUG o.s.s.w.c.HttpSessionSecurityContextRepository - HttpSession returned null object for SPRING_SECURITY_CONTEXT
570814 [http-nio-8080-exec-10] DEBUG o.s.s.w.c.HttpSessionSecurityContextRepository - No SecurityContext was available from the HttpSession: org.apache.catalina.session.StandardSessionFacade@30689b56. A new one will be created.
570814 [http-nio-8080-exec-10] DEBUG o.s.security.web.FilterChainProxy - /login at position 3 of 12 in additional filter chain; firing Filter: 'HeaderWriterFilter'
570814 [http-nio-8080-exec-10] DEBUG o.s.s.w.h.writers.HstsHeaderWriter - Not injecting HSTS header since it did not match the requestMatcher org.springframework.security.web.header.writers.HstsHeaderWriter$SecureRequestMatcher@34571983
570814 [http-nio-8080-exec-10] DEBUG o.s.security.web.FilterChainProxy - /login at position 4 of 12 in additional filter chain; firing Filter: 'CsrfFilter'
570814 [http-nio-8080-exec-10] DEBUG o.s.security.web.FilterChainProxy - /login at position 5 of 12 in additional filter chain; firing Filter: 'LogoutFilter'
570815 [http-nio-8080-exec-10] DEBUG o.s.s.w.u.m.AntPathRequestMatcher - Request 'GET /login' doesn't match 'POST /logout
570815 [http-nio-8080-exec-10] DEBUG o.s.security.web.FilterChainProxy - /login at position 6 of 12 in additional filter chain; firing Filter: 'UsernamePasswordAuthenticationFilter'
570815 [http-nio-8080-exec-10] DEBUG o.s.s.w.u.m.AntPathRequestMatcher - Request 'GET /login' doesn't match 'POST /login
570815 [http-nio-8080-exec-10] DEBUG o.s.security.web.FilterChainProxy - /login at position 7 of 12 in additional filter chain; firing Filter: 'RequestCacheAwareFilter'
570815 [http-nio-8080-exec-10] DEBUG o.s.s.w.s.DefaultSavedRequest - pathInfo: both null (property equals)
570815 [http-nio-8080-exec-10] DEBUG o.s.s.w.s.DefaultSavedRequest - queryString: both null (property equals)
570815 [http-nio-8080-exec-10] DEBUG o.s.s.w.s.DefaultSavedRequest - requestURI: arg1=/jquery/jquery-2.1.3.js; arg2=/login (property not equals)
570815 [http-nio-8080-exec-10] DEBUG o.s.s.w.s.HttpSessionRequestCache - saved request doesn't match
570815 [http-nio-8080-exec-10] DEBUG o.s.security.web.FilterChainProxy - /login at position 8 of 12 in additional filter chain; firing Filter: 'SecurityContextHolderAwareRequestFilter'
570815 [http-nio-8080-exec-10] DEBUG o.s.security.web.FilterChainProxy - /login at position 9 of 12 in additional filter chain; firing Filter: 'AnonymousAuthenticationFilter'
570815 [http-nio-8080-exec-10] DEBUG o.s.s.w.a.AnonymousAuthenticationFilter - Populated SecurityContextHolder with anonymous token: 'org.springframework.security.authentication.AnonymousAuthenticationToken@6fabe8e0: Principal: anonymousUser; Credentials: [PROTECTED]; Authenticated: true; Details: org.springframework.security.web.authentication.WebAuthenticationDetails@fffe9938: RemoteIpAddress: 0:0:0:0:0:0:0:1; SessionId: 760D79BA12046463C13AD8F04AD89B62; Granted Authorities: ROLE_ANONYMOUS'
570815 [http-nio-8080-exec-10] DEBUG o.s.security.web.FilterChainProxy - /login at position 10 of 12 in additional filter chain; firing Filter: 'SessionManagementFilter'
570815 [http-nio-8080-exec-10] DEBUG o.s.security.web.FilterChainProxy - /login at position 11 of 12 in additional filter chain; firing Filter: 'ExceptionTranslationFilter'
570815 [http-nio-8080-exec-10] DEBUG o.s.security.web.FilterChainProxy - /login at position 12 of 12 in additional filter chain; firing Filter: 'FilterSecurityInterceptor'
570815 [http-nio-8080-exec-10] DEBUG o.s.s.w.a.i.FilterSecurityInterceptor - Secure object: FilterInvocation: URL: /login; Attributes: [permitAll]
570815 [http-nio-8080-exec-10] DEBUG o.s.s.w.a.i.FilterSecurityInterceptor - Previously Authenticated: org.springframework.security.authentication.AnonymousAuthenticationToken@6fabe8e0: Principal: anonymousUser; Credentials: [PROTECTED]; Authenticated: true; Details: org.springframework.security.web.authentication.WebAuthenticationDetails@fffe9938: RemoteIpAddress: 0:0:0:0:0:0:0:1; SessionId: 760D79BA12046463C13AD8F04AD89B62; Granted Authorities: ROLE_ANONYMOUS
570815 [http-nio-8080-exec-10] DEBUG o.s.s.access.vote.AffirmativeBased - Voter: org.springframework.security.web.access.expression.WebExpressionVoter@7155916d, returned: 1
570815 [http-nio-8080-exec-10] DEBUG o.s.s.w.a.i.FilterSecurityInterceptor - Authorization successful
570815 [http-nio-8080-exec-10] DEBUG o.s.s.w.a.i.FilterSecurityInterceptor - RunAsManager did not change Authentication object
570815 [http-nio-8080-exec-10] DEBUG o.s.security.web.FilterChainProxy - /login reached end of additional filter chain; proceeding with original chain
570816 [http-nio-8080-exec-10] DEBUG o.s.s.w.c.HttpSessionSecurityContextRepository - SecurityContext is empty or contents are anonymous - context will not be stored in HttpSession.
570817 [http-nio-8080-exec-10] DEBUG o.s.s.w.a.ExceptionTranslationFilter - Chain processed normally
570817 [http-nio-8080-exec-10] DEBUG o.s.s.w.c.SecurityContextPersistenceFilter - SecurityContextHolder now cleared, as request processing completed
571736 [http-nio-8080-exec-8] DEBUG o.s.s.w.u.matcher.OrRequestMatcher - Trying to match using Ant [pattern='/css/**']
571736 [http-nio-8080-exec-8] DEBUG o.s.s.w.u.m.AntPathRequestMatcher - Checking match of request : '/login'; against '/css/**'
571736 [http-nio-8080-exec-8] DEBUG o.s.s.w.u.matcher.OrRequestMatcher - Trying to match using Ant [pattern='/js/**']
571736 [http-nio-8080-exec-8] DEBUG o.s.s.w.u.m.AntPathRequestMatcher - Checking match of request : '/login'; against '/js/**'
571736 [http-nio-8080-exec-8] DEBUG o.s.s.w.u.matcher.OrRequestMatcher - Trying to match using Ant [pattern='/images/**']
571736 [http-nio-8080-exec-8] DEBUG o.s.s.w.u.m.AntPathRequestMatcher - Checking match of request : '/login'; against '/images/**'
571736 [http-nio-8080-exec-8] DEBUG o.s.s.w.u.matcher.OrRequestMatcher - Trying to match using Ant [pattern='/webjars/**']
571736 [http-nio-8080-exec-8] DEBUG o.s.s.w.u.m.AntPathRequestMatcher - Checking match of request : '/login'; against '/webjars/**'
571736 [http-nio-8080-exec-8] DEBUG o.s.s.w.u.matcher.OrRequestMatcher - Trying to match using Ant [pattern='/**/favicon.ico']
571736 [http-nio-8080-exec-8] DEBUG o.s.s.w.u.m.AntPathRequestMatcher - Checking match of request : '/login'; against '/**/favicon.ico'
571736 [http-nio-8080-exec-8] DEBUG o.s.s.w.u.matcher.OrRequestMatcher - Trying to match using Ant [pattern='/error']
571736 [http-nio-8080-exec-8] DEBUG o.s.s.w.u.m.AntPathRequestMatcher - Checking match of request : '/login'; against '/error'
571736 [http-nio-8080-exec-8] DEBUG o.s.s.w.u.matcher.OrRequestMatcher - No matches found
571736 [http-nio-8080-exec-8] DEBUG o.s.security.web.FilterChainProxy - /login at position 1 of 12 in additional filter chain; firing Filter: 'WebAsyncManagerIntegrationFilter'
571736 [http-nio-8080-exec-8] DEBUG o.s.security.web.FilterChainProxy - /login at position 2 of 12 in additional filter chain; firing Filter: 'SecurityContextPersistenceFilter'
571736 [http-nio-8080-exec-8] DEBUG o.s.s.w.c.HttpSessionSecurityContextRepository - HttpSession returned null object for SPRING_SECURITY_CONTEXT
571736 [http-nio-8080-exec-8] DEBUG o.s.s.w.c.HttpSessionSecurityContextRepository - No SecurityContext was available from the HttpSession: org.apache.catalina.session.StandardSessionFacade@30689b56. A new one will be created.
571737 [http-nio-8080-exec-8] DEBUG o.s.security.web.FilterChainProxy - /login at position 3 of 12 in additional filter chain; firing Filter: 'HeaderWriterFilter'
571737 [http-nio-8080-exec-8] DEBUG o.s.s.w.h.writers.HstsHeaderWriter - Not injecting HSTS header since it did not match the requestMatcher org.springframework.security.web.header.writers.HstsHeaderWriter$SecureRequestMatcher@34571983
571737 [http-nio-8080-exec-8] DEBUG o.s.security.web.FilterChainProxy - /login at position 4 of 12 in additional filter chain; firing Filter: 'CsrfFilter'
571737 [http-nio-8080-exec-8] DEBUG o.s.security.web.FilterChainProxy - /login at position 5 of 12 in additional filter chain; firing Filter: 'LogoutFilter'
571737 [http-nio-8080-exec-8] DEBUG o.s.s.w.u.m.AntPathRequestMatcher - Request 'GET /login' doesn't match 'POST /logout
571737 [http-nio-8080-exec-8] DEBUG o.s.security.web.FilterChainProxy - /login at position 6 of 12 in additional filter chain; firing Filter: 'UsernamePasswordAuthenticationFilter'
571737 [http-nio-8080-exec-8] DEBUG o.s.s.w.u.m.AntPathRequestMatcher - Request 'GET /login' doesn't match 'POST /login
571737 [http-nio-8080-exec-8] DEBUG o.s.security.web.FilterChainProxy - /login at position 7 of 12 in additional filter chain; firing Filter: 'RequestCacheAwareFilter'
571737 [http-nio-8080-exec-8] DEBUG o.s.s.w.s.DefaultSavedRequest - pathInfo: both null (property equals)
571737 [http-nio-8080-exec-8] DEBUG o.s.s.w.s.DefaultSavedRequest - queryString: both null (property equals)
571737 [http-nio-8080-exec-8] DEBUG o.s.s.w.s.DefaultSavedRequest - requestURI: arg1=/jquery/jquery-2.1.3.js; arg2=/login (property not equals)
571738 [http-nio-8080-exec-8] DEBUG o.s.s.w.s.HttpSessionRequestCache - saved request doesn't match
571738 [http-nio-8080-exec-8] DEBUG o.s.security.web.FilterChainProxy - /login at position 8 of 12 in additional filter chain; firing Filter: 'SecurityContextHolderAwareRequestFilter'
571738 [http-nio-8080-exec-8] DEBUG o.s.security.web.FilterChainProxy - /login at position 9 of 12 in additional filter chain; firing Filter: 'AnonymousAuthenticationFilter'
571739 [http-nio-8080-exec-8] DEBUG o.s.s.w.a.AnonymousAuthenticationFilter - Populated SecurityContextHolder with anonymous token: 'org.springframework.security.authentication.AnonymousAuthenticationToken@6fabe8e0: Principal: anonymousUser; Credentials: [PROTECTED]; Authenticated: true; Details: org.springframework.security.web.authentication.WebAuthenticationDetails@fffe9938: RemoteIpAddress: 0:0:0:0:0:0:0:1; SessionId: 760D79BA12046463C13AD8F04AD89B62; Granted Authorities: ROLE_ANONYMOUS'
571739 [http-nio-8080-exec-8] DEBUG o.s.security.web.FilterChainProxy - /login at position 10 of 12 in additional filter chain; firing Filter: 'SessionManagementFilter'
571739 [http-nio-8080-exec-8] DEBUG o.s.security.web.FilterChainProxy - /login at position 11 of 12 in additional filter chain; firing Filter: 'ExceptionTranslationFilter'
571739 [http-nio-8080-exec-8] DEBUG o.s.security.web.FilterChainProxy - /login at position 12 of 12 in additional filter chain; firing Filter: 'FilterSecurityInterceptor'
571739 [http-nio-8080-exec-8] DEBUG o.s.s.w.a.i.FilterSecurityInterceptor - Secure object: FilterInvocation: URL: /login; Attributes: [permitAll]
571739 [http-nio-8080-exec-8] DEBUG o.s.s.w.a.i.FilterSecurityInterceptor - Previously Authenticated: org.springframework.security.authentication.AnonymousAuthenticationToken@6fabe8e0: Principal: anonymousUser; Credentials: [PROTECTED]; Authenticated: true; Details: org.springframework.security.web.authentication.WebAuthenticationDetails@fffe9938: RemoteIpAddress: 0:0:0:0:0:0:0:1; SessionId: 760D79BA12046463C13AD8F04AD89B62; Granted Authorities: ROLE_ANONYMOUS
571739 [http-nio-8080-exec-8] DEBUG o.s.s.access.vote.AffirmativeBased - Voter: org.springframework.security.web.access.expression.WebExpressionVoter@7155916d, returned: 1
571739 [http-nio-8080-exec-8] DEBUG o.s.s.w.a.i.FilterSecurityInterceptor - Authorization successful
571739 [http-nio-8080-exec-8] DEBUG o.s.s.w.a.i.FilterSecurityInterceptor - RunAsManager did not change Authentication object
571739 [http-nio-8080-exec-8] DEBUG o.s.security.web.FilterChainProxy - /login reached end of additional filter chain; proceeding with original chain
571740 [http-nio-8080-exec-8] DEBUG o.s.s.w.c.HttpSessionSecurityContextRepository - SecurityContext is empty or contents are anonymous - context will not be stored in HttpSession.
571740 [http-nio-8080-exec-8] DEBUG o.s.s.w.a.ExceptionTranslationFilter - Chain processed normally
571741 [http-nio-8080-exec-8] DEBUG o.s.s.w.c.SecurityContextPersistenceFilter - SecurityContextHolder now cleared, as request processing completed
571748 [http-nio-8080-exec-3] DEBUG o.s.s.w.u.matcher.OrRequestMatcher - Trying to match using Ant [pattern='/css/**']
571748 [http-nio-8080-exec-4] DEBUG o.s.s.w.u.matcher.OrRequestMatcher - Trying to match using Ant [pattern='/css/**']
571748 [http-nio-8080-exec-3] DEBUG o.s.s.w.u.m.AntPathRequestMatcher - Checking match of request : '/bootstrap/css/bootstrap.css'; against '/css/**'
571748 [http-nio-8080-exec-1] DEBUG o.s.s.w.u.matcher.OrRequestMatcher - Trying to match using Ant [pattern='/css/**']
571748 [http-nio-8080-exec-4] DEBUG o.s.s.w.u.m.AntPathRequestMatcher - Checking match of request : '/bootstrap/js/bootstrap.js'; against '/css/**'
571748 [http-nio-8080-exec-3] DEBUG o.s.s.w.u.matcher.OrRequestMatcher - Trying to match using Ant [pattern='/js/**']
571749 [http-nio-8080-exec-3] DEBUG o.s.s.w.u.m.AntPathRequestMatcher - Checking match of request : '/bootstrap/css/bootstrap.css'; against '/js/**'
571748 [http-nio-8080-exec-1] DEBUG o.s.s.w.u.m.AntPathRequestMatcher - Checking match of request : '/jquery/jquery-2.1.3.js'; against '/css/**'
571749 [http-nio-8080-exec-3] DEBUG o.s.s.w.u.matcher.OrRequestMatcher - Trying to match using Ant [pattern='/images/**']
571749 [http-nio-8080-exec-4] DEBUG o.s.s.w.u.matcher.OrRequestMatcher - Trying to match using Ant [pattern='/js/**']
571749 [http-nio-8080-exec-1] DEBUG o.s.s.w.u.matcher.OrRequestMatcher - Trying to match using Ant [pattern='/js/**']
571749 [http-nio-8080-exec-4] DEBUG o.s.s.w.u.m.AntPathRequestMatcher - Checking match of request : '/bootstrap/js/bootstrap.js'; against '/js/**'
571749 [http-nio-8080-exec-3] DEBUG o.s.s.w.u.m.AntPathRequestMatcher - Checking match of request : '/bootstrap/css/bootstrap.css'; against '/images/**'
571749 [http-nio-8080-exec-1] DEBUG o.s.s.w.u.m.AntPathRequestMatcher - Checking match of request : '/jquery/jquery-2.1.3.js'; against '/js/**'
571749 [http-nio-8080-exec-1] DEBUG o.s.s.w.u.matcher.OrRequestMatcher - Trying to match using Ant [pattern='/images/**']
571749 [http-nio-8080-exec-4] DEBUG o.s.s.w.u.matcher.OrRequestMatcher - Trying to match using Ant [pattern='/images/**']
571749 [http-nio-8080-exec-3] DEBUG o.s.s.w.u.matcher.OrRequestMatcher - Trying to match using Ant [pattern='/webjars/**']
571749 [http-nio-8080-exec-3] DEBUG o.s.s.w.u.m.AntPathRequestMatcher - Checking match of request : '/bootstrap/css/bootstrap.css'; against '/webjars/**'
571749 [http-nio-8080-exec-3] DEBUG o.s.s.w.u.matcher.OrRequestMatcher - Trying to match using Ant [pattern='/**/favicon.ico']
571749 [http-nio-8080-exec-1] DEBUG o.s.s.w.u.m.AntPathRequestMatcher - Checking match of request : '/jquery/jquery-2.1.3.js'; against '/images/**'
571749 [http-nio-8080-exec-4] DEBUG o.s.s.w.u.m.AntPathRequestMatcher - Checking match of request : '/bootstrap/js/bootstrap.js'; against '/images/**'
571749 [http-nio-8080-exec-4] DEBUG o.s.s.w.u.matcher.OrRequestMatcher - Trying to match using Ant [pattern='/webjars/**']
571749 [http-nio-8080-exec-4] DEBUG o.s.s.w.u.m.AntPathRequestMatcher - Checking match of request : '/bootstrap/js/bootstrap.js'; against '/webjars/**'
571749 [http-nio-8080-exec-3] DEBUG o.s.s.w.u.m.AntPathRequestMatcher - Checking match of request : '/bootstrap/css/bootstrap.css'; against '/**/favicon.ico'
571749 [http-nio-8080-exec-1] DEBUG o.s.s.w.u.matcher.OrRequestMatcher - Trying to match using Ant [pattern='/webjars/**']
571749 [http-nio-8080-exec-3] DEBUG o.s.s.w.u.matcher.OrRequestMatcher - Trying to match using Ant [pattern='/error']
571749 [http-nio-8080-exec-1] DEBUG o.s.s.w.u.m.AntPathRequestMatcher - Checking match of request : '/jquery/jquery-2.1.3.js'; against '/webjars/**'
571749 [http-nio-8080-exec-4] DEBUG o.s.s.w.u.matcher.OrRequestMatcher - Trying to match using Ant [pattern='/**/favicon.ico']
571749 [http-nio-8080-exec-3] DEBUG o.s.s.w.u.m.AntPathRequestMatcher - Checking match of request : '/bootstrap/css/bootstrap.css'; against '/error'
571749 [http-nio-8080-exec-1] DEBUG o.s.s.w.u.matcher.OrRequestMatcher - Trying to match using Ant [pattern='/**/favicon.ico']
571749 [http-nio-8080-exec-4] DEBUG o.s.s.w.u.m.AntPathRequestMatcher - Checking match of request : '/bootstrap/js/bootstrap.js'; against '/**/favicon.ico'
571753 [http-nio-8080-exec-3] DEBUG o.s.s.w.u.matcher.OrRequestMatcher - No matches found
571753 [http-nio-8080-exec-1] DEBUG o.s.s.w.u.m.AntPathRequestMatcher - Checking match of request : '/jquery/jquery-2.1.3.js'; against '/**/favicon.ico'
571753 [http-nio-8080-exec-4] DEBUG o.s.s.w.u.matcher.OrRequestMatcher - Trying to match using Ant [pattern='/error']
571753 [http-nio-8080-exec-1] DEBUG o.s.s.w.u.matcher.OrRequestMatcher - Trying to match using Ant [pattern='/error']
571753 [http-nio-8080-exec-3] DEBUG o.s.security.web.FilterChainProxy - /bootstrap/css/bootstrap.css at position 1 of 12 in additional filter chain; firing Filter: 'WebAsyncManagerIntegrationFilter'
571753 [http-nio-8080-exec-4] DEBUG o.s.s.w.u.m.AntPathRequestMatcher - Checking match of request : '/bootstrap/js/bootstrap.js'; against '/error'
571753 [http-nio-8080-exec-1] DEBUG o.s.s.w.u.m.AntPathRequestMatcher - Checking match of request : '/jquery/jquery-2.1.3.js'; against '/error'
571753 [http-nio-8080-exec-4] DEBUG o.s.s.w.u.matcher.OrRequestMatcher - No matches found
571753 [http-nio-8080-exec-1] DEBUG o.s.s.w.u.matcher.OrRequestMatcher - No matches found
571753 [http-nio-8080-exec-3] DEBUG o.s.security.web.FilterChainProxy - /bootstrap/css/bootstrap.css at position 2 of 12 in additional filter chain; firing Filter: 'SecurityContextPersistenceFilter'
571753 [http-nio-8080-exec-4] DEBUG o.s.security.web.FilterChainProxy - /bootstrap/js/bootstrap.js at position 1 of 12 in additional filter chain; firing Filter: 'WebAsyncManagerIntegrationFilter'
571753 [http-nio-8080-exec-1] DEBUG o.s.security.web.FilterChainProxy - /jquery/jquery-2.1.3.js at position 1 of 12 in additional filter chain; firing Filter: 'WebAsyncManagerIntegrationFilter'
571753 [http-nio-8080-exec-4] DEBUG o.s.security.web.FilterChainProxy - /bootstrap/js/bootstrap.js at position 2 of 12 in additional filter chain; firing Filter: 'SecurityContextPersistenceFilter'
571753 [http-nio-8080-exec-1] DEBUG o.s.security.web.FilterChainProxy - /jquery/jquery-2.1.3.js at position 2 of 12 in additional filter chain; firing Filter: 'SecurityContextPersistenceFilter'
571753 [http-nio-8080-exec-4] DEBUG o.s.s.w.c.HttpSessionSecurityContextRepository - HttpSession returned null object for SPRING_SECURITY_CONTEXT
571753 [http-nio-8080-exec-1] DEBUG o.s.s.w.c.HttpSessionSecurityContextRepository - HttpSession returned null object for SPRING_SECURITY_CONTEXT
571753 [http-nio-8080-exec-4] DEBUG o.s.s.w.c.HttpSessionSecurityContextRepository - No SecurityContext was available from the HttpSession: org.apache.catalina.session.StandardSessionFacade@30689b56. A new one will be created.
571753 [http-nio-8080-exec-1] DEBUG o.s.s.w.c.HttpSessionSecurityContextRepository - No SecurityContext was available from the HttpSession: org.apache.catalina.session.StandardSessionFacade@30689b56. A new one will be created.
571754 [http-nio-8080-exec-3] DEBUG o.s.s.w.c.HttpSessionSecurityContextRepository - HttpSession returned null object for SPRING_SECURITY_CONTEXT
571754 [http-nio-8080-exec-4] DEBUG o.s.security.web.FilterChainProxy - /bootstrap/js/bootstrap.js at position 3 of 12 in additional filter chain; firing Filter: 'HeaderWriterFilter'
571754 [http-nio-8080-exec-1] DEBUG o.s.security.web.FilterChainProxy - /jquery/jquery-2.1.3.js at position 3 of 12 in additional filter chain; firing Filter: 'HeaderWriterFilter'
571754 [http-nio-8080-exec-3] DEBUG o.s.s.w.c.HttpSessionSecurityContextRepository - No SecurityContext was available from the HttpSession: org.apache.catalina.session.StandardSessionFacade@30689b56. A new one will be created.
571754 [http-nio-8080-exec-3] DEBUG o.s.security.web.FilterChainProxy - /bootstrap/css/bootstrap.css at position 3 of 12 in additional filter chain; firing Filter: 'HeaderWriterFilter'
571754 [http-nio-8080-exec-1] DEBUG o.s.s.w.h.writers.HstsHeaderWriter - Not injecting HSTS header since it did not match the requestMatcher org.springframework.security.web.header.writers.HstsHeaderWriter$SecureRequestMatcher@34571983
571754 [http-nio-8080-exec-4] DEBUG o.s.s.w.h.writers.HstsHeaderWriter - Not injecting HSTS header since it did not match the requestMatcher org.springframework.security.web.header.writers.HstsHeaderWriter$SecureRequestMatcher@34571983
571755 [http-nio-8080-exec-1] DEBUG o.s.security.web.FilterChainProxy - /jquery/jquery-2.1.3.js at position 4 of 12 in additional filter chain; firing Filter: 'CsrfFilter'
571755 [http-nio-8080-exec-3] DEBUG o.s.s.w.h.writers.HstsHeaderWriter - Not injecting HSTS header since it did not match the requestMatcher org.springframework.security.web.header.writers.HstsHeaderWriter$SecureRequestMatcher@34571983
571755 [http-nio-8080-exec-4] DEBUG o.s.security.web.FilterChainProxy - /bootstrap/js/bootstrap.js at position 4 of 12 in additional filter chain; firing Filter: 'CsrfFilter'
571755 [http-nio-8080-exec-4] DEBUG o.s.security.web.FilterChainProxy - /bootstrap/js/bootstrap.js at position 5 of 12 in additional filter chain; firing Filter: 'LogoutFilter'
571755 [http-nio-8080-exec-1] DEBUG o.s.security.web.FilterChainProxy - /jquery/jquery-2.1.3.js at position 5 of 12 in additional filter chain; firing Filter: 'LogoutFilter'
571755 [http-nio-8080-exec-3] DEBUG o.s.security.web.FilterChainProxy - /bootstrap/css/bootstrap.css at position 4 of 12 in additional filter chain; firing Filter: 'CsrfFilter'
571755 [http-nio-8080-exec-4] DEBUG o.s.s.w.u.m.AntPathRequestMatcher - Request 'GET /bootstrap/js/bootstrap.js' doesn't match 'POST /logout
571755 [http-nio-8080-exec-3] DEBUG o.s.security.web.FilterChainProxy - /bootstrap/css/bootstrap.css at position 5 of 12 in additional filter chain; firing Filter: 'LogoutFilter'
571755 [http-nio-8080-exec-4] DEBUG o.s.security.web.FilterChainProxy - /bootstrap/js/bootstrap.js at position 6 of 12 in additional filter chain; firing Filter: 'UsernamePasswordAuthenticationFilter'
571755 [http-nio-8080-exec-3] DEBUG o.s.s.w.u.m.AntPathRequestMatcher - Request 'GET /bootstrap/css/bootstrap.css' doesn't match 'POST /logout
571755 [http-nio-8080-exec-4] DEBUG o.s.s.w.u.m.AntPathRequestMatcher - Request 'GET /bootstrap/js/bootstrap.js' doesn't match 'POST /login
571755 [http-nio-8080-exec-3] DEBUG o.s.security.web.FilterChainProxy - /bootstrap/css/bootstrap.css at position 6 of 12 in additional filter chain; firing Filter: 'UsernamePasswordAuthenticationFilter'
571755 [http-nio-8080-exec-4] DEBUG o.s.security.web.FilterChainProxy - /bootstrap/js/bootstrap.js at position 7 of 12 in additional filter chain; firing Filter: 'RequestCacheAwareFilter'
571755 [http-nio-8080-exec-3] DEBUG o.s.s.w.u.m.AntPathRequestMatcher - Request 'GET /bootstrap/css/bootstrap.css' doesn't match 'POST /login
571755 [http-nio-8080-exec-1] DEBUG o.s.s.w.u.m.AntPathRequestMatcher - Request 'GET /jquery/jquery-2.1.3.js' doesn't match 'POST /logout
571755 [http-nio-8080-exec-1] DEBUG o.s.security.web.FilterChainProxy - /jquery/jquery-2.1.3.js at position 6 of 12 in additional filter chain; firing Filter: 'UsernamePasswordAuthenticationFilter'
571755 [http-nio-8080-exec-4] DEBUG o.s.s.w.s.DefaultSavedRequest - pathInfo: both null (property equals)
571755 [http-nio-8080-exec-3] DEBUG o.s.security.web.FilterChainProxy - /bootstrap/css/bootstrap.css at position 7 of 12 in additional filter chain; firing Filter: 'RequestCacheAwareFilter'
571755 [http-nio-8080-exec-1] DEBUG o.s.s.w.u.m.AntPathRequestMatcher - Request 'GET /jquery/jquery-2.1.3.js' doesn't match 'POST /login
571755 [http-nio-8080-exec-4] DEBUG o.s.s.w.s.DefaultSavedRequest - queryString: both null (property equals)
571755 [http-nio-8080-exec-3] DEBUG o.s.s.w.s.DefaultSavedRequest - pathInfo: both null (property equals)
571755 [http-nio-8080-exec-1] DEBUG o.s.security.web.FilterChainProxy - /jquery/jquery-2.1.3.js at position 7 of 12 in additional filter chain; firing Filter: 'RequestCacheAwareFilter'
571755 [http-nio-8080-exec-1] DEBUG o.s.s.w.s.DefaultSavedRequest - pathInfo: both null (property equals)
571755 [http-nio-8080-exec-4] DEBUG o.s.s.w.s.DefaultSavedRequest - requestURI: arg1=/jquery/jquery-2.1.3.js; arg2=/bootstrap/js/bootstrap.js (property not equals)
571755 [http-nio-8080-exec-3] DEBUG o.s.s.w.s.DefaultSavedRequest - queryString: both null (property equals)
571755 [http-nio-8080-exec-1] DEBUG o.s.s.w.s.DefaultSavedRequest - queryString: both null (property equals)
571755 [http-nio-8080-exec-4] DEBUG o.s.s.w.s.HttpSessionRequestCache - saved request doesn't match
571755 [http-nio-8080-exec-3] DEBUG o.s.s.w.s.DefaultSavedRequest - requestURI: arg1=/jquery/jquery-2.1.3.js; arg2=/bootstrap/css/bootstrap.css (property not equals)
571755 [http-nio-8080-exec-1] DEBUG o.s.s.w.s.DefaultSavedRequest - requestURI: arg1=/jquery/jquery-2.1.3.js; arg2=/jquery/jquery-2.1.3.js (property equals)
571755 [http-nio-8080-exec-4] DEBUG o.s.security.web.FilterChainProxy - /bootstrap/js/bootstrap.js at position 8 of 12 in additional filter chain; firing Filter: 'SecurityContextHolderAwareRequestFilter'
571755 [http-nio-8080-exec-3] DEBUG o.s.s.w.s.HttpSessionRequestCache - saved request doesn't match
571755 [http-nio-8080-exec-4] DEBUG o.s.security.web.FilterChainProxy - /bootstrap/js/bootstrap.js at position 9 of 12 in additional filter chain; firing Filter: 'AnonymousAuthenticationFilter'
571755 [http-nio-8080-exec-1] DEBUG o.s.s.w.s.DefaultSavedRequest - serverPort: arg1=8080; arg2=8080 (property equals)
571755 [http-nio-8080-exec-3] DEBUG o.s.security.web.FilterChainProxy - /bootstrap/css/bootstrap.css at position 8 of 12 in additional filter chain; firing Filter: 'SecurityContextHolderAwareRequestFilter'
571755 [http-nio-8080-exec-4] DEBUG o.s.s.w.a.AnonymousAuthenticationFilter - Populated SecurityContextHolder with anonymous token: 'org.springframework.security.authentication.AnonymousAuthenticationToken@6fabe8e0: Principal: anonymousUser; Credentials: [PROTECTED]; Authenticated: true; Details: org.springframework.security.web.authentication.WebAuthenticationDetails@fffe9938: RemoteIpAddress: 0:0:0:0:0:0:0:1; SessionId: 760D79BA12046463C13AD8F04AD89B62; Granted Authorities: ROLE_ANONYMOUS'
571755 [http-nio-8080-exec-3] DEBUG o.s.security.web.FilterChainProxy - /bootstrap/css/bootstrap.css at position 9 of 12 in additional filter chain; firing Filter: 'AnonymousAuthenticationFilter'
571755 [http-nio-8080-exec-4] DEBUG o.s.security.web.FilterChainProxy - /bootstrap/js/bootstrap.js at position 10 of 12 in additional filter chain; firing Filter: 'SessionManagementFilter'
571755 [http-nio-8080-exec-1] DEBUG o.s.s.w.s.DefaultSavedRequest - requestURL: arg1=http://localhost:8080/jquery/jquery-2.1.3.js; arg2=http://localhost:8080/jquery/jquery-2.1.3.js (property equals)
571755 [http-nio-8080-exec-3] DEBUG o.s.s.w.a.AnonymousAuthenticationFilter - Populated SecurityContextHolder with anonymous token: 'org.springframework.security.authentication.AnonymousAuthenticationToken@6fabe8e0: Principal: anonymousUser; Credentials: [PROTECTED]; Authenticated: true; Details: org.springframework.security.web.authentication.WebAuthenticationDetails@fffe9938: RemoteIpAddress: 0:0:0:0:0:0:0:1; SessionId: 760D79BA12046463C13AD8F04AD89B62; Granted Authorities: ROLE_ANONYMOUS'
571755 [http-nio-8080-exec-1] DEBUG o.s.s.w.s.DefaultSavedRequest - scheme: arg1=http; arg2=http (property equals)
571755 [http-nio-8080-exec-4] DEBUG o.s.security.web.FilterChainProxy - /bootstrap/js/bootstrap.js at position 11 of 12 in additional filter chain; firing Filter: 'ExceptionTranslationFilter'
571755 [http-nio-8080-exec-4] DEBUG o.s.security.web.FilterChainProxy - /bootstrap/js/bootstrap.js at position 12 of 12 in additional filter chain; firing Filter: 'FilterSecurityInterceptor'
571755 [http-nio-8080-exec-3] DEBUG o.s.security.web.FilterChainProxy - /bootstrap/css/bootstrap.css at position 10 of 12 in additional filter chain; firing Filter: 'SessionManagementFilter'
571755 [http-nio-8080-exec-1] DEBUG o.s.s.w.s.DefaultSavedRequest - serverName: arg1=localhost; arg2=localhost (property equals)
571755 [http-nio-8080-exec-4] DEBUG o.s.s.w.u.m.AntPathRequestMatcher - Request 'GET /bootstrap/js/bootstrap.js' doesn't match 'POST /logout
571756 [http-nio-8080-exec-1] DEBUG o.s.s.w.s.DefaultSavedRequest - contextPath: arg1=; arg2= (property equals)
571756 [http-nio-8080-exec-3] DEBUG o.s.security.web.FilterChainProxy - /bootstrap/css/bootstrap.css at position 11 of 12 in additional filter chain; firing Filter: 'ExceptionTranslationFilter'
571756 [http-nio-8080-exec-4] DEBUG o.s.s.w.u.m.AntPathRequestMatcher - Checking match of request : '/bootstrap/js/bootstrap.js'; against '/static/**'
571756 [http-nio-8080-exec-1] DEBUG o.s.s.w.s.DefaultSavedRequest - servletPath: arg1=/jquery/jquery-2.1.3.js; arg2=/jquery/jquery-2.1.3.js (property equals)
571756 [http-nio-8080-exec-3] DEBUG o.s.security.web.FilterChainProxy - /bootstrap/css/bootstrap.css at position 12 of 12 in additional filter chain; firing Filter: 'FilterSecurityInterceptor'
571756 [http-nio-8080-exec-1] DEBUG o.s.s.w.s.HttpSessionRequestCache - Removing DefaultSavedRequest from session if present
571756 [http-nio-8080-exec-4] DEBUG o.s.s.w.a.i.FilterSecurityInterceptor - Secure object: FilterInvocation: URL: /bootstrap/js/bootstrap.js; Attributes: [authenticated]
571756 [http-nio-8080-exec-3] DEBUG o.s.s.w.u.m.AntPathRequestMatcher - Request 'GET /bootstrap/css/bootstrap.css' doesn't match 'POST /logout
571756 [http-nio-8080-exec-4] DEBUG o.s.s.w.a.i.FilterSecurityInterceptor - Previously Authenticated: org.springframework.security.authentication.AnonymousAuthenticationToken@6fabe8e0: Principal: anonymousUser; Credentials: [PROTECTED]; Authenticated: true; Details: org.springframework.security.web.authentication.WebAuthenticationDetails@fffe9938: RemoteIpAddress: 0:0:0:0:0:0:0:1; SessionId: 760D79BA12046463C13AD8F04AD89B62; Granted Authorities: ROLE_ANONYMOUS
571756 [http-nio-8080-exec-3] DEBUG o.s.s.w.u.m.AntPathRequestMatcher - Checking match of request : '/bootstrap/css/bootstrap.css'; against '/static/**'
571756 [http-nio-8080-exec-3] DEBUG o.s.s.w.a.i.FilterSecurityInterceptor - Secure object: FilterInvocation: URL: /bootstrap/css/bootstrap.css; Attributes: [authenticated]
571756 [http-nio-8080-exec-3] DEBUG o.s.s.w.a.i.FilterSecurityInterceptor - Previously Authenticated: org.springframework.security.authentication.AnonymousAuthenticationToken@6fabe8e0: Principal: anonymousUser; Credentials: [PROTECTED]; Authenticated: true; Details: org.springframework.security.web.authentication.WebAuthenticationDetails@fffe9938: RemoteIpAddress: 0:0:0:0:0:0:0:1; SessionId: 760D79BA12046463C13AD8F04AD89B62; Granted Authorities: ROLE_ANONYMOUS
571756 [http-nio-8080-exec-4] DEBUG o.s.s.access.vote.AffirmativeBased - Voter: org.springframework.security.web.access.expression.WebExpressionVoter@7155916d, returned: -1
571756 [http-nio-8080-exec-3] DEBUG o.s.s.access.vote.AffirmativeBased - Voter: org.springframework.security.web.access.expression.WebExpressionVoter@7155916d, returned: -1
571756 [http-nio-8080-exec-1] DEBUG o.s.security.web.FilterChainProxy - /jquery/jquery-2.1.3.js at position 8 of 12 in additional filter chain; firing Filter: 'SecurityContextHolderAwareRequestFilter'
571756 [http-nio-8080-exec-1] DEBUG o.s.security.web.FilterChainProxy - /jquery/jquery-2.1.3.js at position 9 of 12 in additional filter chain; firing Filter: 'AnonymousAuthenticationFilter'
571756 [http-nio-8080-exec-1] DEBUG o.s.s.w.a.AnonymousAuthenticationFilter - Populated SecurityContextHolder with anonymous token: 'org.springframework.security.authentication.AnonymousAuthenticationToken@6fabe8e0: Principal: anonymousUser; Credentials: [PROTECTED]; Authenticated: true; Details: org.springframework.security.web.authentication.WebAuthenticationDetails@fffe9938: RemoteIpAddress: 0:0:0:0:0:0:0:1; SessionId: 760D79BA12046463C13AD8F04AD89B62; Granted Authorities: ROLE_ANONYMOUS'
571756 [http-nio-8080-exec-1] DEBUG o.s.security.web.FilterChainProxy - /jquery/jquery-2.1.3.js at position 10 of 12 in additional filter chain; firing Filter: 'SessionManagementFilter'
571756 [http-nio-8080-exec-1] DEBUG o.s.security.web.FilterChainProxy - /jquery/jquery-2.1.3.js at position 11 of 12 in additional filter chain; firing Filter: 'ExceptionTranslationFilter'
571756 [http-nio-8080-exec-1] DEBUG o.s.security.web.FilterChainProxy - /jquery/jquery-2.1.3.js at position 12 of 12 in additional filter chain; firing Filter: 'FilterSecurityInterceptor'
571756 [http-nio-8080-exec-1] DEBUG o.s.s.w.u.m.AntPathRequestMatcher - Request 'GET /jquery/jquery-2.1.3.js' doesn't match 'POST /logout
571756 [http-nio-8080-exec-1] DEBUG o.s.s.w.u.m.AntPathRequestMatcher - Checking match of request : '/jquery/jquery-2.1.3.js'; against '/static/**'
571756 [http-nio-8080-exec-1] DEBUG o.s.s.w.a.i.FilterSecurityInterceptor - Secure object: FilterInvocation: URL: /jquery/jquery-2.1.3.js; Attributes: [authenticated]
571756 [http-nio-8080-exec-4] DEBUG o.s.s.w.a.ExceptionTranslationFilter - Access is denied (user is anonymous); redirecting to authentication entry point
org.springframework.security.access.AccessDeniedException: Access is denied
	at org.springframework.security.access.vote.AffirmativeBased.decide(AffirmativeBased.java:84)
	at org.springframework.security.access.intercept.AbstractSecurityInterceptor.beforeInvocation(AbstractSecurityInterceptor.java:233)
	at org.springframework.security.web.access.intercept.FilterSecurityInterceptor.invoke(FilterSecurityInterceptor.java:124)
	at org.springframework.security.web.access.intercept.FilterSecurityInterceptor.doFilter(FilterSecurityInterceptor.java:91)
	at org.springframework.security.web.FilterChainProxy$VirtualFilterChain.doFilter(FilterChainProxy.java:331)
	at org.springframework.security.web.access.ExceptionTranslationFilter.doFilter(ExceptionTranslationFilter.java:114)
	at org.springframework.security.web.FilterChainProxy$VirtualFilterChain.doFilter(FilterChainProxy.java:331)
	at org.springframework.security.web.session.SessionManagementFilter.doFilter(SessionManagementFilter.java:137)
	at org.springframework.security.web.FilterChainProxy$VirtualFilterChain.doFilter(FilterChainProxy.java:331)
	at org.springframework.security.web.authentication.AnonymousAuthenticationFilter.doFilter(AnonymousAuthenticationFilter.java:111)
	at org.springframework.security.web.FilterChainProxy$VirtualFilterChain.doFilter(FilterChainProxy.java:331)
	at org.springframework.security.web.servletapi.SecurityContextHolderAwareRequestFilter.doFilter(SecurityContextHolderAwareRequestFilter.java:170)
	at org.springframework.security.web.FilterChainProxy$VirtualFilterChain.doFilter(FilterChainProxy.java:331)
	at org.springframework.security.web.savedrequest.RequestCacheAwareFilter.doFilter(RequestCacheAwareFilter.java:63)
	at org.springframework.security.web.FilterChainProxy$VirtualFilterChain.doFilter(FilterChainProxy.java:331)
	at org.springframework.security.web.authentication.AbstractAuthenticationProcessingFilter.doFilter(AbstractAuthenticationProcessingFilter.java:200)
	at org.springframework.security.web.FilterChainProxy$VirtualFilterChain.doFilter(FilterChainProxy.java:331)
	at org.springframework.security.web.authentication.logout.LogoutFilter.doFilter(LogoutFilter.java:116)
	at org.springframework.security.web.FilterChainProxy$VirtualFilterChain.doFilter(FilterChainProxy.java:331)
	at org.springframework.security.web.csrf.CsrfFilter.doFilterInternal(CsrfFilter.java:100)
	at org.springframework.web.filter.OncePerRequestFilter.doFilter(OncePerRequestFilter.java:107)
	at org.springframework.security.web.FilterChainProxy$VirtualFilterChain.doFilter(FilterChainProxy.java:331)
	at org.springframework.security.web.header.HeaderWriterFilter.doFilterInternal(HeaderWriterFilter.java:64)
	at org.springframework.web.filter.OncePerRequestFilter.doFilter(OncePerRequestFilter.java:107)
	at org.springframework.security.web.FilterChainProxy$VirtualFilterChain.doFilter(FilterChainProxy.java:331)
	at org.springframework.security.web.context.SecurityContextPersistenceFilter.doFilter(SecurityContextPersistenceFilter.java:105)
	at org.springframework.security.web.FilterChainProxy$VirtualFilterChain.doFilter(FilterChainProxy.java:331)
	at org.springframework.security.web.context.request.async.WebAsyncManagerIntegrationFilter.doFilterInternal(WebAsyncManagerIntegrationFilter.java:56)
	at org.springframework.web.filter.OncePerRequestFilter.doFilter(OncePerRequestFilter.java:107)
	at org.springframework.security.web.FilterChainProxy$VirtualFilterChain.doFilter(FilterChainProxy.java:331)
	at org.springframework.security.web.FilterChainProxy.doFilterInternal(FilterChainProxy.java:214)
	at org.springframework.security.web.FilterChainProxy.doFilter(FilterChainProxy.java:177)
	at org.springframework.web.filter.DelegatingFilterProxy.invokeDelegate(DelegatingFilterProxy.java:347)
	at org.springframework.web.filter.DelegatingFilterProxy.doFilter(DelegatingFilterProxy.java:263)
	at org.apache.catalina.core.ApplicationFilterChain.internalDoFilter(ApplicationFilterChain.java:193)
	at org.apache.catalina.core.ApplicationFilterChain.doFilter(ApplicationFilterChain.java:166)
	at org.springframework.web.filter.RequestContextFilter.doFilterInternal(RequestContextFilter.java:99)
	at org.springframework.web.filter.OncePerRequestFilter.doFilter(OncePerRequestFilter.java:107)
	at org.apache.catalina.core.ApplicationFilterChain.internalDoFilter(ApplicationFilterChain.java:193)
	at org.apache.catalina.core.ApplicationFilterChain.doFilter(ApplicationFilterChain.java:166)
	at org.springframework.web.filter.HttpPutFormContentFilter.doFilterInternal(HttpPutFormContentFilter.java:108)
	at org.springframework.web.filter.OncePerRequestFilter.doFilter(OncePerRequestFilter.java:107)
	at org.apache.catalina.core.ApplicationFilterChain.internalDoFilter(ApplicationFilterChain.java:193)
	at org.apache.catalina.core.ApplicationFilterChain.doFilter(ApplicationFilterChain.java:166)
	at org.springframework.web.filter.HiddenHttpMethodFilter.doFilterInternal(HiddenHttpMethodFilter.java:81)
	at org.springframework.web.filter.OncePerRequestFilter.doFilter(OncePerRequestFilter.java:107)
	at org.apache.catalina.core.ApplicationFilterChain.internalDoFilter(ApplicationFilterChain.java:193)
	at org.apache.catalina.core.ApplicationFilterChain.doFilter(ApplicationFilterChain.java:166)
	at org.springframework.web.filter.CharacterEncodingFilter.doFilterInternal(CharacterEncodingFilter.java:197)
	at org.springframework.web.filter.OncePerRequestFilter.doFilter(OncePerRequestFilter.java:107)
	at org.apache.catalina.core.ApplicationFilterChain.internalDoFilter(ApplicationFilterChain.java:193)
	at org.apache.catalina.core.ApplicationFilterChain.doFilter(ApplicationFilterChain.java:166)
	at org.apache.catalina.core.StandardWrapperValve.invoke(StandardWrapperValve.java:199)
	at org.apache.catalina.core.StandardContextValve.invoke(StandardContextValve.java:96)
	at org.apache.catalina.authenticator.AuthenticatorBase.invoke(AuthenticatorBase.java:478)
	at org.apache.catalina.core.StandardHostValve.invoke(StandardHostValve.java:140)
	at org.apache.catalina.valves.ErrorReportValve.invoke(ErrorReportValve.java:81)
	at org.apache.catalina.core.StandardEngineValve.invoke(StandardEngineValve.java:87)
	at org.apache.catalina.connector.CoyoteAdapter.service(CoyoteAdapter.java:342)
	at org.apache.coyote.http11.Http11Processor.service(Http11Processor.java:803)
	at org.apache.coyote.AbstractProcessorLight.process(AbstractProcessorLight.java:66)
	at org.apache.coyote.AbstractProtocol$ConnectionHandler.process(AbstractProtocol.java:868)
	at org.apache.tomcat.util.net.NioEndpoint$SocketProcessor.doRun(NioEndpoint.java:1459)
	at org.apache.tomcat.util.net.SocketProcessorBase.run(SocketProcessorBase.java:49)
	at java.util.concurrent.ThreadPoolExecutor.runWorker(ThreadPoolExecutor.java:1149)
	at java.util.concurrent.ThreadPoolExecutor$Worker.run(ThreadPoolExecutor.java:624)
	at org.apache.tomcat.util.threads.TaskThread$WrappingRunnable.run(TaskThread.java:61)
	at java.lang.Thread.run(Thread.java:748)
571756 [http-nio-8080-exec-3] DEBUG o.s.s.w.a.ExceptionTranslationFilter - Access is denied (user is anonymous); redirecting to authentication entry point
org.springframework.security.access.AccessDeniedException: Access is denied
	at org.springframework.security.access.vote.AffirmativeBased.decide(AffirmativeBased.java:84)
	at org.springframework.security.access.intercept.AbstractSecurityInterceptor.beforeInvocation(AbstractSecurityInterceptor.java:233)
	at org.springframework.security.web.access.intercept.FilterSecurityInterceptor.invoke(FilterSecurityInterceptor.java:124)
	at org.springframework.security.web.access.intercept.FilterSecurityInterceptor.doFilter(FilterSecurityInterceptor.java:91)
	at org.springframework.security.web.FilterChainProxy$VirtualFilterChain.doFilter(FilterChainProxy.java:331)
	at org.springframework.security.web.access.ExceptionTranslationFilter.doFilter(ExceptionTranslationFilter.java:114)
	at org.springframework.security.web.FilterChainProxy$VirtualFilterChain.doFilter(FilterChainProxy.java:331)
	at org.springframework.security.web.session.SessionManagementFilter.doFilter(SessionManagementFilter.java:137)
	at org.springframework.security.web.FilterChainProxy$VirtualFilterChain.doFilter(FilterChainProxy.java:331)
	at org.springframework.security.web.authentication.AnonymousAuthenticationFilter.doFilter(AnonymousAuthenticationFilter.java:111)
	at org.springframework.security.web.FilterChainProxy$VirtualFilterChain.doFilter(FilterChainProxy.java:331)
	at org.springframework.security.web.servletapi.SecurityContextHolderAwareRequestFilter.doFilter(SecurityContextHolderAwareRequestFilter.java:170)
	at org.springframework.security.web.FilterChainProxy$VirtualFilterChain.doFilter(FilterChainProxy.java:331)
	at org.springframework.security.web.savedrequest.RequestCacheAwareFilter.doFilter(RequestCacheAwareFilter.java:63)
	at org.springframework.security.web.FilterChainProxy$VirtualFilterChain.doFilter(FilterChainProxy.java:331)
	at org.springframework.security.web.authentication.AbstractAuthenticationProcessingFilter.doFilter(AbstractAuthenticationProcessingFilter.java:200)
	at org.springframework.security.web.FilterChainProxy$VirtualFilterChain.doFilter(FilterChainProxy.java:331)
	at org.springframework.security.web.authentication.logout.LogoutFilter.doFilter(LogoutFilter.java:116)
	at org.springframework.security.web.FilterChainProxy$VirtualFilterChain.doFilter(FilterChainProxy.java:331)
	at org.springframework.security.web.csrf.CsrfFilter.doFilterInternal(CsrfFilter.java:100)
	at org.springframework.web.filter.OncePerRequestFilter.doFilter(OncePerRequestFilter.java:107)
	at org.springframework.security.web.FilterChainProxy$VirtualFilterChain.doFilter(FilterChainProxy.java:331)
	at org.springframework.security.web.header.HeaderWriterFilter.doFilterInternal(HeaderWriterFilter.java:64)
	at org.springframework.web.filter.OncePerRequestFilter.doFilter(OncePerRequestFilter.java:107)
	at org.springframework.security.web.FilterChainProxy$VirtualFilterChain.doFilter(FilterChainProxy.java:331)
	at org.springframework.security.web.context.SecurityContextPersistenceFilter.doFilter(SecurityContextPersistenceFilter.java:105)
	at org.springframework.security.web.FilterChainProxy$VirtualFilterChain.doFilter(FilterChainProxy.java:331)
	at org.springframework.security.web.context.request.async.WebAsyncManagerIntegrationFilter.doFilterInternal(WebAsyncManagerIntegrationFilter.java:56)
	at org.springframework.web.filter.OncePerRequestFilter.doFilter(OncePerRequestFilter.java:107)
	at org.springframework.security.web.FilterChainProxy$VirtualFilterChain.doFilter(FilterChainProxy.java:331)
	at org.springframework.security.web.FilterChainProxy.doFilterInternal(FilterChainProxy.java:214)
	at org.springframework.security.web.FilterChainProxy.doFilter(FilterChainProxy.java:177)
	at org.springframework.web.filter.DelegatingFilterProxy.invokeDelegate(DelegatingFilterProxy.java:347)
	at org.springframework.web.filter.DelegatingFilterProxy.doFilter(DelegatingFilterProxy.java:263)
	at org.apache.catalina.core.ApplicationFilterChain.internalDoFilter(ApplicationFilterChain.java:193)
	at org.apache.catalina.core.ApplicationFilterChain.doFilter(ApplicationFilterChain.java:166)
	at org.springframework.web.filter.RequestContextFilter.doFilterInternal(RequestContextFilter.java:99)
	at org.springframework.web.filter.OncePerRequestFilter.doFilter(OncePerRequestFilter.java:107)
	at org.apache.catalina.core.ApplicationFilterChain.internalDoFilter(ApplicationFilterChain.java:193)
	at org.apache.catalina.core.ApplicationFilterChain.doFilter(ApplicationFilterChain.java:166)
	at org.springframework.web.filter.HttpPutFormContentFilter.doFilterInternal(HttpPutFormContentFilter.java:108)
	at org.springframework.web.filter.OncePerRequestFilter.doFilter(OncePerRequestFilter.java:107)
	at org.apache.catalina.core.ApplicationFilterChain.internalDoFilter(ApplicationFilterChain.java:193)
	at org.apache.catalina.core.ApplicationFilterChain.doFilter(ApplicationFilterChain.java:166)
	at org.springframework.web.filter.HiddenHttpMethodFilter.doFilterInternal(HiddenHttpMethodFilter.java:81)
	at org.springframework.web.filter.OncePerRequestFilter.doFilter(OncePerRequestFilter.java:107)
	at org.apache.catalina.core.ApplicationFilterChain.internalDoFilter(ApplicationFilterChain.java:193)
	at org.apache.catalina.core.ApplicationFilterChain.doFilter(ApplicationFilterChain.java:166)
	at org.springframework.web.filter.CharacterEncodingFilter.doFilterInternal(CharacterEncodingFilter.java:197)
	at org.springframework.web.filter.OncePerRequestFilter.doFilter(OncePerRequestFilter.java:107)
	at org.apache.catalina.core.ApplicationFilterChain.internalDoFilter(ApplicationFilterChain.java:193)
	at org.apache.catalina.core.ApplicationFilterChain.doFilter(ApplicationFilterChain.java:166)
	at org.apache.catalina.core.StandardWrapperValve.invoke(StandardWrapperValve.java:199)
	at org.apache.catalina.core.StandardContextValve.invoke(StandardContextValve.java:96)
	at org.apache.catalina.authenticator.AuthenticatorBase.invoke(AuthenticatorBase.java:478)
	at org.apache.catalina.core.StandardHostValve.invoke(StandardHostValve.java:140)
	at org.apache.catalina.valves.ErrorReportValve.invoke(ErrorReportValve.java:81)
	at org.apache.catalina.core.StandardEngineValve.invoke(StandardEngineValve.java:87)
	at org.apache.catalina.connector.CoyoteAdapter.service(CoyoteAdapter.java:342)
	at org.apache.coyote.http11.Http11Processor.service(Http11Processor.java:803)
	at org.apache.coyote.AbstractProcessorLight.process(AbstractProcessorLight.java:66)
	at org.apache.coyote.AbstractProtocol$ConnectionHandler.process(AbstractProtocol.java:868)
	at org.apache.tomcat.util.net.NioEndpoint$SocketProcessor.doRun(NioEndpoint.java:1459)
	at org.apache.tomcat.util.net.SocketProcessorBase.run(SocketProcessorBase.java:49)
	at java.util.concurrent.ThreadPoolExecutor.runWorker(ThreadPoolExecutor.java:1149)
	at java.util.concurrent.ThreadPoolExecutor$Worker.run(ThreadPoolExecutor.java:624)
	at org.apache.tomcat.util.threads.TaskThread$WrappingRunnable.run(TaskThread.java:61)
	at java.lang.Thread.run(Thread.java:748)
571756 [http-nio-8080-exec-1] DEBUG o.s.s.w.a.i.FilterSecurityInterceptor - Previously Authenticated: org.springframework.security.authentication.AnonymousAuthenticationToken@6fabe8e0: Principal: anonymousUser; Credentials: [PROTECTED]; Authenticated: true; Details: org.springframework.security.web.authentication.WebAuthenticationDetails@fffe9938: RemoteIpAddress: 0:0:0:0:0:0:0:1; SessionId: 760D79BA12046463C13AD8F04AD89B62; Granted Authorities: ROLE_ANONYMOUS
571757 [http-nio-8080-exec-4] DEBUG o.s.s.w.u.matcher.AndRequestMatcher - Trying to match using Ant [pattern='/**', GET]
571757 [http-nio-8080-exec-3] DEBUG o.s.s.w.u.matcher.AndRequestMatcher - Trying to match using Ant [pattern='/**', GET]
571757 [http-nio-8080-exec-4] DEBUG o.s.s.w.u.m.AntPathRequestMatcher - Request '/bootstrap/js/bootstrap.js' matched by universal pattern '/**'
571757 [http-nio-8080-exec-3] DEBUG o.s.s.w.u.m.AntPathRequestMatcher - Request '/bootstrap/css/bootstrap.css' matched by universal pattern '/**'
571757 [http-nio-8080-exec-4] DEBUG o.s.s.w.u.matcher.AndRequestMatcher - Trying to match using NegatedRequestMatcher [requestMatcher=Ant [pattern='/**/favicon.ico']]
571757 [http-nio-8080-exec-3] DEBUG o.s.s.w.u.matcher.AndRequestMatcher - Trying to match using NegatedRequestMatcher [requestMatcher=Ant [pattern='/**/favicon.ico']]
571757 [http-nio-8080-exec-1] DEBUG o.s.s.access.vote.AffirmativeBased - Voter: org.springframework.security.web.access.expression.WebExpressionVoter@7155916d, returned: -1
571757 [http-nio-8080-exec-4] DEBUG o.s.s.w.u.m.AntPathRequestMatcher - Checking match of request : '/bootstrap/js/bootstrap.js'; against '/**/favicon.ico'
571757 [http-nio-8080-exec-3] DEBUG o.s.s.w.u.m.AntPathRequestMatcher - Checking match of request : '/bootstrap/css/bootstrap.css'; against '/**/favicon.ico'
571757 [http-nio-8080-exec-4] DEBUG o.s.s.w.u.m.NegatedRequestMatcher - matches = true
571757 [http-nio-8080-exec-3] DEBUG o.s.s.w.u.m.NegatedRequestMatcher - matches = true
571757 [http-nio-8080-exec-4] DEBUG o.s.s.w.u.matcher.AndRequestMatcher - Trying to match using NegatedRequestMatcher [requestMatcher=MediaTypeRequestMatcher [contentNegotiationStrategy=org.springframework.web.accept.ContentNegotiationManager@34a84d5e, matchingMediaTypes=[application/json], useEquals=false, ignoredMediaTypes=[*/*]]]
571757 [http-nio-8080-exec-3] DEBUG o.s.s.w.u.matcher.AndRequestMatcher - Trying to match using NegatedRequestMatcher [requestMatcher=MediaTypeRequestMatcher [contentNegotiationStrategy=org.springframework.web.accept.ContentNegotiationManager@34a84d5e, matchingMediaTypes=[application/json], useEquals=false, ignoredMediaTypes=[*/*]]]
571757 [http-nio-8080-exec-3] DEBUG o.s.s.w.u.m.MediaTypeRequestMatcher - httpRequestMediaTypes=[text/css]
571757 [http-nio-8080-exec-4] DEBUG o.s.s.w.u.m.MediaTypeRequestMatcher - httpRequestMediaTypes=[application/javascript]
571757 [http-nio-8080-exec-3] DEBUG o.s.s.w.u.m.MediaTypeRequestMatcher - Processing text/css
571757 [http-nio-8080-exec-4] DEBUG o.s.s.w.u.m.MediaTypeRequestMatcher - Processing application/javascript
571757 [http-nio-8080-exec-3] DEBUG o.s.s.w.u.m.MediaTypeRequestMatcher - application/json .isCompatibleWith text/css = false
571757 [http-nio-8080-exec-3] DEBUG o.s.s.w.u.m.MediaTypeRequestMatcher - Did not match any media types
571757 [http-nio-8080-exec-4] DEBUG o.s.s.w.u.m.MediaTypeRequestMatcher - application/json .isCompatibleWith application/javascript = false
571757 [http-nio-8080-exec-3] DEBUG o.s.s.w.u.m.NegatedRequestMatcher - matches = true
571757 [http-nio-8080-exec-1] DEBUG o.s.s.w.a.ExceptionTranslationFilter - Access is denied (user is anonymous); redirecting to authentication entry point
org.springframework.security.access.AccessDeniedException: Access is denied
	at org.springframework.security.access.vote.AffirmativeBased.decide(AffirmativeBased.java:84)
	at org.springframework.security.access.intercept.AbstractSecurityInterceptor.beforeInvocation(AbstractSecurityInterceptor.java:233)
	at org.springframework.security.web.access.intercept.FilterSecurityInterceptor.invoke(FilterSecurityInterceptor.java:124)
	at org.springframework.security.web.access.intercept.FilterSecurityInterceptor.doFilter(FilterSecurityInterceptor.java:91)
	at org.springframework.security.web.FilterChainProxy$VirtualFilterChain.doFilter(FilterChainProxy.java:331)
	at org.springframework.security.web.access.ExceptionTranslationFilter.doFilter(ExceptionTranslationFilter.java:114)
	at org.springframework.security.web.FilterChainProxy$VirtualFilterChain.doFilter(FilterChainProxy.java:331)
	at org.springframework.security.web.session.SessionManagementFilter.doFilter(SessionManagementFilter.java:137)
	at org.springframework.security.web.FilterChainProxy$VirtualFilterChain.doFilter(FilterChainProxy.java:331)
	at org.springframework.security.web.authentication.AnonymousAuthenticationFilter.doFilter(AnonymousAuthenticationFilter.java:111)
	at org.springframework.security.web.FilterChainProxy$VirtualFilterChain.doFilter(FilterChainProxy.java:331)
	at org.springframework.security.web.servletapi.SecurityContextHolderAwareRequestFilter.doFilter(SecurityContextHolderAwareRequestFilter.java:170)
	at org.springframework.security.web.FilterChainProxy$VirtualFilterChain.doFilter(FilterChainProxy.java:331)
	at org.springframework.security.web.savedrequest.RequestCacheAwareFilter.doFilter(RequestCacheAwareFilter.java:63)
	at org.springframework.security.web.FilterChainProxy$VirtualFilterChain.doFilter(FilterChainProxy.java:331)
	at org.springframework.security.web.authentication.AbstractAuthenticationProcessingFilter.doFilter(AbstractAuthenticationProcessingFilter.java:200)
	at org.springframework.security.web.FilterChainProxy$VirtualFilterChain.doFilter(FilterChainProxy.java:331)
	at org.springframework.security.web.authentication.logout.LogoutFilter.doFilter(LogoutFilter.java:116)
	at org.springframework.security.web.FilterChainProxy$VirtualFilterChain.doFilter(FilterChainProxy.java:331)
	at org.springframework.security.web.csrf.CsrfFilter.doFilterInternal(CsrfFilter.java:100)
	at org.springframework.web.filter.OncePerRequestFilter.doFilter(OncePerRequestFilter.java:107)
	at org.springframework.security.web.FilterChainProxy$VirtualFilterChain.doFilter(FilterChainProxy.java:331)
	at org.springframework.security.web.header.HeaderWriterFilter.doFilterInternal(HeaderWriterFilter.java:64)
	at org.springframework.web.filter.OncePerRequestFilter.doFilter(OncePerRequestFilter.java:107)
	at org.springframework.security.web.FilterChainProxy$VirtualFilterChain.doFilter(FilterChainProxy.java:331)
	at org.springframework.security.web.context.SecurityContextPersistenceFilter.doFilter(SecurityContextPersistenceFilter.java:105)
	at org.springframework.security.web.FilterChainProxy$VirtualFilterChain.doFilter(FilterChainProxy.java:331)
	at org.springframework.security.web.context.request.async.WebAsyncManagerIntegrationFilter.doFilterInternal(WebAsyncManagerIntegrationFilter.java:56)
	at org.springframework.web.filter.OncePerRequestFilter.doFilter(OncePerRequestFilter.java:107)
	at org.springframework.security.web.FilterChainProxy$VirtualFilterChain.doFilter(FilterChainProxy.java:331)
	at org.springframework.security.web.FilterChainProxy.doFilterInternal(FilterChainProxy.java:214)
	at org.springframework.security.web.FilterChainProxy.doFilter(FilterChainProxy.java:177)
	at org.springframework.web.filter.DelegatingFilterProxy.invokeDelegate(DelegatingFilterProxy.java:347)
	at org.springframework.web.filter.DelegatingFilterProxy.doFilter(DelegatingFilterProxy.java:263)
	at org.apache.catalina.core.ApplicationFilterChain.internalDoFilter(ApplicationFilterChain.java:193)
	at org.apache.catalina.core.ApplicationFilterChain.doFilter(ApplicationFilterChain.java:166)
	at org.springframework.web.filter.RequestContextFilter.doFilterInternal(RequestContextFilter.java:99)
	at org.springframework.web.filter.OncePerRequestFilter.doFilter(OncePerRequestFilter.java:107)
	at org.apache.catalina.core.ApplicationFilterChain.internalDoFilter(ApplicationFilterChain.java:193)
	at org.apache.catalina.core.ApplicationFilterChain.doFilter(ApplicationFilterChain.java:166)
	at org.springframework.web.filter.HttpPutFormContentFilter.doFilterInternal(HttpPutFormContentFilter.java:108)
	at org.springframework.web.filter.OncePerRequestFilter.doFilter(OncePerRequestFilter.java:107)
	at org.apache.catalina.core.ApplicationFilterChain.internalDoFilter(ApplicationFilterChain.java:193)
	at org.apache.catalina.core.ApplicationFilterChain.doFilter(ApplicationFilterChain.java:166)
	at org.springframework.web.filter.HiddenHttpMethodFilter.doFilterInternal(HiddenHttpMethodFilter.java:81)
	at org.springframework.web.filter.OncePerRequestFilter.doFilter(OncePerRequestFilter.java:107)
	at org.apache.catalina.core.ApplicationFilterChain.internalDoFilter(ApplicationFilterChain.java:193)
	at org.apache.catalina.core.ApplicationFilterChain.doFilter(ApplicationFilterChain.java:166)
	at org.springframework.web.filter.CharacterEncodingFilter.doFilterInternal(CharacterEncodingFilter.java:197)
	at org.springframework.web.filter.OncePerRequestFilter.doFilter(OncePerRequestFilter.java:107)
	at org.apache.catalina.core.ApplicationFilterChain.internalDoFilter(ApplicationFilterChain.java:193)
	at org.apache.catalina.core.ApplicationFilterChain.doFilter(ApplicationFilterChain.java:166)
	at org.apache.catalina.core.StandardWrapperValve.invoke(StandardWrapperValve.java:199)
	at org.apache.catalina.core.StandardContextValve.invoke(StandardContextValve.java:96)
	at org.apache.catalina.authenticator.AuthenticatorBase.invoke(AuthenticatorBase.java:478)
	at org.apache.catalina.core.StandardHostValve.invoke(StandardHostValve.java:140)
	at org.apache.catalina.valves.ErrorReportValve.invoke(ErrorReportValve.java:81)
	at org.apache.catalina.core.StandardEngineValve.invoke(StandardEngineValve.java:87)
	at org.apache.catalina.connector.CoyoteAdapter.service(CoyoteAdapter.java:342)
	at org.apache.coyote.http11.Http11Processor.service(Http11Processor.java:803)
	at org.apache.coyote.AbstractProcessorLight.process(AbstractProcessorLight.java:66)
	at org.apache.coyote.AbstractProtocol$ConnectionHandler.process(AbstractProtocol.java:868)
	at org.apache.tomcat.util.net.NioEndpoint$SocketProcessor.doRun(NioEndpoint.java:1459)
	at org.apache.tomcat.util.net.SocketProcessorBase.run(SocketProcessorBase.java:49)
	at java.util.concurrent.ThreadPoolExecutor.runWorker(ThreadPoolExecutor.java:1149)
	at java.util.concurrent.ThreadPoolExecutor$Worker.run(ThreadPoolExecutor.java:624)
	at org.apache.tomcat.util.threads.TaskThread$WrappingRunnable.run(TaskThread.java:61)
	at java.lang.Thread.run(Thread.java:748)
571757 [http-nio-8080-exec-4] DEBUG o.s.s.w.u.m.MediaTypeRequestMatcher - Did not match any media types
571757 [http-nio-8080-exec-3] DEBUG o.s.s.w.u.matcher.AndRequestMatcher - Trying to match using NegatedRequestMatcher [requestMatcher=RequestHeaderRequestMatcher [expectedHeaderName=X-Requested-With, expectedHeaderValue=XMLHttpRequest]]
571758 [http-nio-8080-exec-4] DEBUG o.s.s.w.u.m.NegatedRequestMatcher - matches = true
571758 [http-nio-8080-exec-1] DEBUG o.s.s.w.u.matcher.AndRequestMatcher - Trying to match using Ant [pattern='/**', GET]
571758 [http-nio-8080-exec-3] DEBUG o.s.s.w.u.m.NegatedRequestMatcher - matches = true
571758 [http-nio-8080-exec-4] DEBUG o.s.s.w.u.matcher.AndRequestMatcher - Trying to match using NegatedRequestMatcher [requestMatcher=RequestHeaderRequestMatcher [expectedHeaderName=X-Requested-With, expectedHeaderValue=XMLHttpRequest]]
571758 [http-nio-8080-exec-1] DEBUG o.s.s.w.u.m.AntPathRequestMatcher - Request '/jquery/jquery-2.1.3.js' matched by universal pattern '/**'
571758 [http-nio-8080-exec-4] DEBUG o.s.s.w.u.m.NegatedRequestMatcher - matches = true
571758 [http-nio-8080-exec-3] DEBUG o.s.s.w.u.matcher.AndRequestMatcher - All requestMatchers returned true
571758 [http-nio-8080-exec-1] DEBUG o.s.s.w.u.matcher.AndRequestMatcher - Trying to match using NegatedRequestMatcher [requestMatcher=Ant [pattern='/**/favicon.ico']]
571758 [http-nio-8080-exec-4] DEBUG o.s.s.w.u.matcher.AndRequestMatcher - All requestMatchers returned true
571758 [http-nio-8080-exec-1] DEBUG o.s.s.w.u.m.AntPathRequestMatcher - Checking match of request : '/jquery/jquery-2.1.3.js'; against '/**/favicon.ico'
571758 [http-nio-8080-exec-1] DEBUG o.s.s.w.u.m.NegatedRequestMatcher - matches = true
571758 [http-nio-8080-exec-1] DEBUG o.s.s.w.u.matcher.AndRequestMatcher - Trying to match using NegatedRequestMatcher [requestMatcher=MediaTypeRequestMatcher [contentNegotiationStrategy=org.springframework.web.accept.ContentNegotiationManager@34a84d5e, matchingMediaTypes=[application/json], useEquals=false, ignoredMediaTypes=[*/*]]]
571758 [http-nio-8080-exec-3] DEBUG o.s.s.w.s.HttpSessionRequestCache - DefaultSavedRequest added to Session: DefaultSavedRequest[http://localhost:8080/bootstrap/css/bootstrap.css]
571758 [http-nio-8080-exec-3] DEBUG o.s.s.w.a.ExceptionTranslationFilter - Calling Authentication entry point.
571758 [http-nio-8080-exec-1] DEBUG o.s.s.w.u.m.MediaTypeRequestMatcher - httpRequestMediaTypes=[application/javascript]
571758 [http-nio-8080-exec-4] DEBUG o.s.s.w.s.HttpSessionRequestCache - DefaultSavedRequest added to Session: DefaultSavedRequest[http://localhost:8080/bootstrap/js/bootstrap.js]
571758 [http-nio-8080-exec-1] DEBUG o.s.s.w.u.m.MediaTypeRequestMatcher - Processing application/javascript
571758 [http-nio-8080-exec-3] DEBUG o.s.s.web.DefaultRedirectStrategy - Redirecting to 'http://localhost:8080/login'
571758 [http-nio-8080-exec-1] DEBUG o.s.s.w.u.m.MediaTypeRequestMatcher - application/json .isCompatibleWith application/javascript = false
571758 [http-nio-8080-exec-1] DEBUG o.s.s.w.u.m.MediaTypeRequestMatcher - Did not match any media types
571758 [http-nio-8080-exec-1] DEBUG o.s.s.w.u.m.NegatedRequestMatcher - matches = true
571758 [http-nio-8080-exec-1] DEBUG o.s.s.w.u.matcher.AndRequestMatcher - Trying to match using NegatedRequestMatcher [requestMatcher=RequestHeaderRequestMatcher [expectedHeaderName=X-Requested-With, expectedHeaderValue=XMLHttpRequest]]
571758 [http-nio-8080-exec-4] DEBUG o.s.s.w.a.ExceptionTranslationFilter - Calling Authentication entry point.
571758 [http-nio-8080-exec-3] DEBUG o.s.s.w.c.HttpSessionSecurityContextRepository - SecurityContext is empty or contents are anonymous - context will not be stored in HttpSession.
571758 [http-nio-8080-exec-1] DEBUG o.s.s.w.u.m.NegatedRequestMatcher - matches = true
571758 [http-nio-8080-exec-4] DEBUG o.s.s.web.DefaultRedirectStrategy - Redirecting to 'http://localhost:8080/login'
571758 [http-nio-8080-exec-1] DEBUG o.s.s.w.u.matcher.AndRequestMatcher - All requestMatchers returned true
571758 [http-nio-8080-exec-4] DEBUG o.s.s.w.c.HttpSessionSecurityContextRepository - SecurityContext is empty or contents are anonymous - context will not be stored in HttpSession.
571758 [http-nio-8080-exec-4] DEBUG o.s.s.w.c.SecurityContextPersistenceFilter - SecurityContextHolder now cleared, as request processing completed
571758 [http-nio-8080-exec-3] DEBUG o.s.s.w.c.SecurityContextPersistenceFilter - SecurityContextHolder now cleared, as request processing completed
571758 [http-nio-8080-exec-1] DEBUG o.s.s.w.s.HttpSessionRequestCache - DefaultSavedRequest added to Session: DefaultSavedRequest[http://localhost:8080/jquery/jquery-2.1.3.js]
571758 [http-nio-8080-exec-1] DEBUG o.s.s.w.a.ExceptionTranslationFilter - Calling Authentication entry point.
571758 [http-nio-8080-exec-1] DEBUG o.s.s.web.DefaultRedirectStrategy - Redirecting to 'http://localhost:8080/login'
571758 [http-nio-8080-exec-1] DEBUG o.s.s.w.c.HttpSessionSecurityContextRepository - SecurityContext is empty or contents are anonymous - context will not be stored in HttpSession.
571758 [http-nio-8080-exec-1] DEBUG o.s.s.w.c.SecurityContextPersistenceFilter - SecurityContextHolder now cleared, as request processing completed
571760 [http-nio-8080-exec-7] DEBUG o.s.s.w.u.matcher.OrRequestMatcher - Trying to match using Ant [pattern='/css/**']
571760 [http-nio-8080-exec-2] DEBUG o.s.s.w.u.matcher.OrRequestMatcher - Trying to match using Ant [pattern='/css/**']
571761 [http-nio-8080-exec-7] DEBUG o.s.s.w.u.m.AntPathRequestMatcher - Checking match of request : '/login'; against '/css/**'
571761 [http-nio-8080-exec-7] DEBUG o.s.s.w.u.matcher.OrRequestMatcher - Trying to match using Ant [pattern='/js/**']
571761 [http-nio-8080-exec-7] DEBUG o.s.s.w.u.m.AntPathRequestMatcher - Checking match of request : '/login'; against '/js/**'
571761 [http-nio-8080-exec-2] DEBUG o.s.s.w.u.m.AntPathRequestMatcher - Checking match of request : '/login'; against '/css/**'
571761 [http-nio-8080-exec-2] DEBUG o.s.s.w.u.matcher.OrRequestMatcher - Trying to match using Ant [pattern='/js/**']
571761 [http-nio-8080-exec-7] DEBUG o.s.s.w.u.matcher.OrRequestMatcher - Trying to match using Ant [pattern='/images/**']
571761 [http-nio-8080-exec-2] DEBUG o.s.s.w.u.m.AntPathRequestMatcher - Checking match of request : '/login'; against '/js/**'
571761 [http-nio-8080-exec-7] DEBUG o.s.s.w.u.m.AntPathRequestMatcher - Checking match of request : '/login'; against '/images/**'
571761 [http-nio-8080-exec-7] DEBUG o.s.s.w.u.matcher.OrRequestMatcher - Trying to match using Ant [pattern='/webjars/**']
571761 [http-nio-8080-exec-7] DEBUG o.s.s.w.u.m.AntPathRequestMatcher - Checking match of request : '/login'; against '/webjars/**'
571761 [http-nio-8080-exec-2] DEBUG o.s.s.w.u.matcher.OrRequestMatcher - Trying to match using Ant [pattern='/images/**']
571761 [http-nio-8080-exec-2] DEBUG o.s.s.w.u.m.AntPathRequestMatcher - Checking match of request : '/login'; against '/images/**'
571761 [http-nio-8080-exec-7] DEBUG o.s.s.w.u.matcher.OrRequestMatcher - Trying to match using Ant [pattern='/**/favicon.ico']
571761 [http-nio-8080-exec-7] DEBUG o.s.s.w.u.m.AntPathRequestMatcher - Checking match of request : '/login'; against '/**/favicon.ico'
571761 [http-nio-8080-exec-2] DEBUG o.s.s.w.u.matcher.OrRequestMatcher - Trying to match using Ant [pattern='/webjars/**']
571761 [http-nio-8080-exec-7] DEBUG o.s.s.w.u.matcher.OrRequestMatcher - Trying to match using Ant [pattern='/error']
571761 [http-nio-8080-exec-2] DEBUG o.s.s.w.u.m.AntPathRequestMatcher - Checking match of request : '/login'; against '/webjars/**'
571761 [http-nio-8080-exec-7] DEBUG o.s.s.w.u.m.AntPathRequestMatcher - Checking match of request : '/login'; against '/error'
571761 [http-nio-8080-exec-7] DEBUG o.s.s.w.u.matcher.OrRequestMatcher - No matches found
571761 [http-nio-8080-exec-2] DEBUG o.s.s.w.u.matcher.OrRequestMatcher - Trying to match using Ant [pattern='/**/favicon.ico']
571761 [http-nio-8080-exec-2] DEBUG o.s.s.w.u.m.AntPathRequestMatcher - Checking match of request : '/login'; against '/**/favicon.ico'
571761 [http-nio-8080-exec-2] DEBUG o.s.s.w.u.matcher.OrRequestMatcher - Trying to match using Ant [pattern='/error']
571761 [http-nio-8080-exec-2] DEBUG o.s.s.w.u.m.AntPathRequestMatcher - Checking match of request : '/login'; against '/error'
571761 [http-nio-8080-exec-7] DEBUG o.s.security.web.FilterChainProxy - /login at position 1 of 12 in additional filter chain; firing Filter: 'WebAsyncManagerIntegrationFilter'
571761 [http-nio-8080-exec-2] DEBUG o.s.s.w.u.matcher.OrRequestMatcher - No matches found
571761 [http-nio-8080-exec-7] DEBUG o.s.security.web.FilterChainProxy - /login at position 2 of 12 in additional filter chain; firing Filter: 'SecurityContextPersistenceFilter'
571761 [http-nio-8080-exec-7] DEBUG o.s.s.w.c.HttpSessionSecurityContextRepository - HttpSession returned null object for SPRING_SECURITY_CONTEXT
571761 [http-nio-8080-exec-2] DEBUG o.s.security.web.FilterChainProxy - /login at position 1 of 12 in additional filter chain; firing Filter: 'WebAsyncManagerIntegrationFilter'
571761 [http-nio-8080-exec-2] DEBUG o.s.security.web.FilterChainProxy - /login at position 2 of 12 in additional filter chain; firing Filter: 'SecurityContextPersistenceFilter'
571761 [http-nio-8080-exec-7] DEBUG o.s.s.w.c.HttpSessionSecurityContextRepository - No SecurityContext was available from the HttpSession: org.apache.catalina.session.StandardSessionFacade@30689b56. A new one will be created.
571765 [http-nio-8080-exec-2] DEBUG o.s.s.w.c.HttpSessionSecurityContextRepository - HttpSession returned null object for SPRING_SECURITY_CONTEXT
571765 [http-nio-8080-exec-7] DEBUG o.s.security.web.FilterChainProxy - /login at position 3 of 12 in additional filter chain; firing Filter: 'HeaderWriterFilter'
571765 [http-nio-8080-exec-2] DEBUG o.s.s.w.c.HttpSessionSecurityContextRepository - No SecurityContext was available from the HttpSession: org.apache.catalina.session.StandardSessionFacade@30689b56. A new one will be created.
571765 [http-nio-8080-exec-2] DEBUG o.s.security.web.FilterChainProxy - /login at position 3 of 12 in additional filter chain; firing Filter: 'HeaderWriterFilter'
571765 [http-nio-8080-exec-2] DEBUG o.s.s.w.h.writers.HstsHeaderWriter - Not injecting HSTS header since it did not match the requestMatcher org.springframework.security.web.header.writers.HstsHeaderWriter$SecureRequestMatcher@34571983
571765 [http-nio-8080-exec-7] DEBUG o.s.s.w.h.writers.HstsHeaderWriter - Not injecting HSTS header since it did not match the requestMatcher org.springframework.security.web.header.writers.HstsHeaderWriter$SecureRequestMatcher@34571983
571765 [http-nio-8080-exec-2] DEBUG o.s.security.web.FilterChainProxy - /login at position 4 of 12 in additional filter chain; firing Filter: 'CsrfFilter'
571765 [http-nio-8080-exec-7] DEBUG o.s.security.web.FilterChainProxy - /login at position 4 of 12 in additional filter chain; firing Filter: 'CsrfFilter'
571765 [http-nio-8080-exec-2] DEBUG o.s.security.web.FilterChainProxy - /login at position 5 of 12 in additional filter chain; firing Filter: 'LogoutFilter'
571765 [http-nio-8080-exec-7] DEBUG o.s.security.web.FilterChainProxy - /login at position 5 of 12 in additional filter chain; firing Filter: 'LogoutFilter'
571765 [http-nio-8080-exec-2] DEBUG o.s.s.w.u.m.AntPathRequestMatcher - Request 'GET /login' doesn't match 'POST /logout
571765 [http-nio-8080-exec-7] DEBUG o.s.s.w.u.m.AntPathRequestMatcher - Request 'GET /login' doesn't match 'POST /logout
571765 [http-nio-8080-exec-2] DEBUG o.s.security.web.FilterChainProxy - /login at position 6 of 12 in additional filter chain; firing Filter: 'UsernamePasswordAuthenticationFilter'
571765 [http-nio-8080-exec-7] DEBUG o.s.security.web.FilterChainProxy - /login at position 6 of 12 in additional filter chain; firing Filter: 'UsernamePasswordAuthenticationFilter'
571765 [http-nio-8080-exec-2] DEBUG o.s.s.w.u.m.AntPathRequestMatcher - Request 'GET /login' doesn't match 'POST /login
571765 [http-nio-8080-exec-7] DEBUG o.s.s.w.u.m.AntPathRequestMatcher - Request 'GET /login' doesn't match 'POST /login
571765 [http-nio-8080-exec-2] DEBUG o.s.security.web.FilterChainProxy - /login at position 7 of 12 in additional filter chain; firing Filter: 'RequestCacheAwareFilter'
571765 [http-nio-8080-exec-7] DEBUG o.s.security.web.FilterChainProxy - /login at position 7 of 12 in additional filter chain; firing Filter: 'RequestCacheAwareFilter'
571765 [http-nio-8080-exec-2] DEBUG o.s.s.w.s.DefaultSavedRequest - pathInfo: both null (property equals)
571765 [http-nio-8080-exec-7] DEBUG o.s.s.w.s.DefaultSavedRequest - pathInfo: both null (property equals)
571765 [http-nio-8080-exec-2] DEBUG o.s.s.w.s.DefaultSavedRequest - queryString: both null (property equals)
571765 [http-nio-8080-exec-2] DEBUG o.s.s.w.s.DefaultSavedRequest - requestURI: arg1=/jquery/jquery-2.1.3.js; arg2=/login (property not equals)
571765 [http-nio-8080-exec-2] DEBUG o.s.s.w.s.HttpSessionRequestCache - saved request doesn't match
571765 [http-nio-8080-exec-7] DEBUG o.s.s.w.s.DefaultSavedRequest - queryString: both null (property equals)
571765 [http-nio-8080-exec-2] DEBUG o.s.security.web.FilterChainProxy - /login at position 8 of 12 in additional filter chain; firing Filter: 'SecurityContextHolderAwareRequestFilter'
571765 [http-nio-8080-exec-7] DEBUG o.s.s.w.s.DefaultSavedRequest - requestURI: arg1=/jquery/jquery-2.1.3.js; arg2=/login (property not equals)
571765 [http-nio-8080-exec-2] DEBUG o.s.security.web.FilterChainProxy - /login at position 9 of 12 in additional filter chain; firing Filter: 'AnonymousAuthenticationFilter'
571765 [http-nio-8080-exec-7] DEBUG o.s.s.w.s.HttpSessionRequestCache - saved request doesn't match
571765 [http-nio-8080-exec-7] DEBUG o.s.security.web.FilterChainProxy - /login at position 8 of 12 in additional filter chain; firing Filter: 'SecurityContextHolderAwareRequestFilter'
571765 [http-nio-8080-exec-2] DEBUG o.s.s.w.a.AnonymousAuthenticationFilter - Populated SecurityContextHolder with anonymous token: 'org.springframework.security.authentication.AnonymousAuthenticationToken@6fabe8e0: Principal: anonymousUser; Credentials: [PROTECTED]; Authenticated: true; Details: org.springframework.security.web.authentication.WebAuthenticationDetails@fffe9938: RemoteIpAddress: 0:0:0:0:0:0:0:1; SessionId: 760D79BA12046463C13AD8F04AD89B62; Granted Authorities: ROLE_ANONYMOUS'
571765 [http-nio-8080-exec-7] DEBUG o.s.security.web.FilterChainProxy - /login at position 9 of 12 in additional filter chain; firing Filter: 'AnonymousAuthenticationFilter'
571766 [http-nio-8080-exec-2] DEBUG o.s.security.web.FilterChainProxy - /login at position 10 of 12 in additional filter chain; firing Filter: 'SessionManagementFilter'
571766 [http-nio-8080-exec-7] DEBUG o.s.s.w.a.AnonymousAuthenticationFilter - Populated SecurityContextHolder with anonymous token: 'org.springframework.security.authentication.AnonymousAuthenticationToken@6fabe8e0: Principal: anonymousUser; Credentials: [PROTECTED]; Authenticated: true; Details: org.springframework.security.web.authentication.WebAuthenticationDetails@fffe9938: RemoteIpAddress: 0:0:0:0:0:0:0:1; SessionId: 760D79BA12046463C13AD8F04AD89B62; Granted Authorities: ROLE_ANONYMOUS'
571766 [http-nio-8080-exec-2] DEBUG o.s.security.web.FilterChainProxy - /login at position 11 of 12 in additional filter chain; firing Filter: 'ExceptionTranslationFilter'
571766 [http-nio-8080-exec-7] DEBUG o.s.security.web.FilterChainProxy - /login at position 10 of 12 in additional filter chain; firing Filter: 'SessionManagementFilter'
571766 [http-nio-8080-exec-2] DEBUG o.s.security.web.FilterChainProxy - /login at position 12 of 12 in additional filter chain; firing Filter: 'FilterSecurityInterceptor'
571766 [http-nio-8080-exec-7] DEBUG o.s.security.web.FilterChainProxy - /login at position 11 of 12 in additional filter chain; firing Filter: 'ExceptionTranslationFilter'
571766 [http-nio-8080-exec-7] DEBUG o.s.security.web.FilterChainProxy - /login at position 12 of 12 in additional filter chain; firing Filter: 'FilterSecurityInterceptor'
571766 [http-nio-8080-exec-2] DEBUG o.s.s.w.a.i.FilterSecurityInterceptor - Secure object: FilterInvocation: URL: /login; Attributes: [permitAll]
571766 [http-nio-8080-exec-7] DEBUG o.s.s.w.a.i.FilterSecurityInterceptor - Secure object: FilterInvocation: URL: /login; Attributes: [permitAll]
571766 [http-nio-8080-exec-2] DEBUG o.s.s.w.a.i.FilterSecurityInterceptor - Previously Authenticated: org.springframework.security.authentication.AnonymousAuthenticationToken@6fabe8e0: Principal: anonymousUser; Credentials: [PROTECTED]; Authenticated: true; Details: org.springframework.security.web.authentication.WebAuthenticationDetails@fffe9938: RemoteIpAddress: 0:0:0:0:0:0:0:1; SessionId: 760D79BA12046463C13AD8F04AD89B62; Granted Authorities: ROLE_ANONYMOUS
571766 [http-nio-8080-exec-7] DEBUG o.s.s.w.a.i.FilterSecurityInterceptor - Previously Authenticated: org.springframework.security.authentication.AnonymousAuthenticationToken@6fabe8e0: Principal: anonymousUser; Credentials: [PROTECTED]; Authenticated: true; Details: org.springframework.security.web.authentication.WebAuthenticationDetails@fffe9938: RemoteIpAddress: 0:0:0:0:0:0:0:1; SessionId: 760D79BA12046463C13AD8F04AD89B62; Granted Authorities: ROLE_ANONYMOUS
571766 [http-nio-8080-exec-7] DEBUG o.s.s.access.vote.AffirmativeBased - Voter: org.springframework.security.web.access.expression.WebExpressionVoter@7155916d, returned: 1
571766 [http-nio-8080-exec-7] DEBUG o.s.s.w.a.i.FilterSecurityInterceptor - Authorization successful
571766 [http-nio-8080-exec-2] DEBUG o.s.s.access.vote.AffirmativeBased - Voter: org.springframework.security.web.access.expression.WebExpressionVoter@7155916d, returned: 1
571766 [http-nio-8080-exec-2] DEBUG o.s.s.w.a.i.FilterSecurityInterceptor - Authorization successful
571766 [http-nio-8080-exec-2] DEBUG o.s.s.w.a.i.FilterSecurityInterceptor - RunAsManager did not change Authentication object
571766 [http-nio-8080-exec-2] DEBUG o.s.security.web.FilterChainProxy - /login reached end of additional filter chain; proceeding with original chain
571766 [http-nio-8080-exec-7] DEBUG o.s.s.w.a.i.FilterSecurityInterceptor - RunAsManager did not change Authentication object
571766 [http-nio-8080-exec-7] DEBUG o.s.security.web.FilterChainProxy - /login reached end of additional filter chain; proceeding with original chain
571767 [http-nio-8080-exec-7] DEBUG o.s.s.w.c.HttpSessionSecurityContextRepository - SecurityContext is empty or contents are anonymous - context will not be stored in HttpSession.
571768 [http-nio-8080-exec-2] DEBUG o.s.s.w.c.HttpSessionSecurityContextRepository - SecurityContext is empty or contents are anonymous - context will not be stored in HttpSession.
571768 [http-nio-8080-exec-7] DEBUG o.s.s.w.a.ExceptionTranslationFilter - Chain processed normally
571768 [http-nio-8080-exec-7] DEBUG o.s.s.w.c.SecurityContextPersistenceFilter - SecurityContextHolder now cleared, as request processing completed
571768 [http-nio-8080-exec-2] DEBUG o.s.s.w.a.ExceptionTranslationFilter - Chain processed normally
571768 [http-nio-8080-exec-2] DEBUG o.s.s.w.c.SecurityContextPersistenceFilter - SecurityContextHolder now cleared, as request processing completed
571771 [http-nio-8080-exec-5] DEBUG o.s.s.w.u.matcher.OrRequestMatcher - Trying to match using Ant [pattern='/css/**']
571771 [http-nio-8080-exec-5] DEBUG o.s.s.w.u.m.AntPathRequestMatcher - Checking match of request : '/login'; against '/css/**'
571771 [http-nio-8080-exec-5] DEBUG o.s.s.w.u.matcher.OrRequestMatcher - Trying to match using Ant [pattern='/js/**']
571771 [http-nio-8080-exec-5] DEBUG o.s.s.w.u.m.AntPathRequestMatcher - Checking match of request : '/login'; against '/js/**'
571771 [http-nio-8080-exec-5] DEBUG o.s.s.w.u.matcher.OrRequestMatcher - Trying to match using Ant [pattern='/images/**']
571771 [http-nio-8080-exec-5] DEBUG o.s.s.w.u.m.AntPathRequestMatcher - Checking match of request : '/login'; against '/images/**'
571771 [http-nio-8080-exec-5] DEBUG o.s.s.w.u.matcher.OrRequestMatcher - Trying to match using Ant [pattern='/webjars/**']
571771 [http-nio-8080-exec-5] DEBUG o.s.s.w.u.m.AntPathRequestMatcher - Checking match of request : '/login'; against '/webjars/**'
571771 [http-nio-8080-exec-5] DEBUG o.s.s.w.u.matcher.OrRequestMatcher - Trying to match using Ant [pattern='/**/favicon.ico']
571771 [http-nio-8080-exec-5] DEBUG o.s.s.w.u.m.AntPathRequestMatcher - Checking match of request : '/login'; against '/**/favicon.ico'
571771 [http-nio-8080-exec-5] DEBUG o.s.s.w.u.matcher.OrRequestMatcher - Trying to match using Ant [pattern='/error']
571771 [http-nio-8080-exec-5] DEBUG o.s.s.w.u.m.AntPathRequestMatcher - Checking match of request : '/login'; against '/error'
571771 [http-nio-8080-exec-5] DEBUG o.s.s.w.u.matcher.OrRequestMatcher - No matches found
571771 [http-nio-8080-exec-5] DEBUG o.s.security.web.FilterChainProxy - /login at position 1 of 12 in additional filter chain; firing Filter: 'WebAsyncManagerIntegrationFilter'
571771 [http-nio-8080-exec-5] DEBUG o.s.security.web.FilterChainProxy - /login at position 2 of 12 in additional filter chain; firing Filter: 'SecurityContextPersistenceFilter'
571771 [http-nio-8080-exec-5] DEBUG o.s.s.w.c.HttpSessionSecurityContextRepository - HttpSession returned null object for SPRING_SECURITY_CONTEXT
571771 [http-nio-8080-exec-5] DEBUG o.s.s.w.c.HttpSessionSecurityContextRepository - No SecurityContext was available from the HttpSession: org.apache.catalina.session.StandardSessionFacade@30689b56. A new one will be created.
571771 [http-nio-8080-exec-5] DEBUG o.s.security.web.FilterChainProxy - /login at position 3 of 12 in additional filter chain; firing Filter: 'HeaderWriterFilter'
571771 [http-nio-8080-exec-5] DEBUG o.s.s.w.h.writers.HstsHeaderWriter - Not injecting HSTS header since it did not match the requestMatcher org.springframework.security.web.header.writers.HstsHeaderWriter$SecureRequestMatcher@34571983
571772 [http-nio-8080-exec-5] DEBUG o.s.security.web.FilterChainProxy - /login at position 4 of 12 in additional filter chain; firing Filter: 'CsrfFilter'
571772 [http-nio-8080-exec-5] DEBUG o.s.security.web.FilterChainProxy - /login at position 5 of 12 in additional filter chain; firing Filter: 'LogoutFilter'
571772 [http-nio-8080-exec-5] DEBUG o.s.s.w.u.m.AntPathRequestMatcher - Request 'GET /login' doesn't match 'POST /logout
571772 [http-nio-8080-exec-5] DEBUG o.s.security.web.FilterChainProxy - /login at position 6 of 12 in additional filter chain; firing Filter: 'UsernamePasswordAuthenticationFilter'
571772 [http-nio-8080-exec-5] DEBUG o.s.s.w.u.m.AntPathRequestMatcher - Request 'GET /login' doesn't match 'POST /login
571772 [http-nio-8080-exec-5] DEBUG o.s.security.web.FilterChainProxy - /login at position 7 of 12 in additional filter chain; firing Filter: 'RequestCacheAwareFilter'
571772 [http-nio-8080-exec-5] DEBUG o.s.s.w.s.DefaultSavedRequest - pathInfo: both null (property equals)
571772 [http-nio-8080-exec-5] DEBUG o.s.s.w.s.DefaultSavedRequest - queryString: both null (property equals)
571772 [http-nio-8080-exec-5] DEBUG o.s.s.w.s.DefaultSavedRequest - requestURI: arg1=/jquery/jquery-2.1.3.js; arg2=/login (property not equals)
571775 [http-nio-8080-exec-5] DEBUG o.s.s.w.s.HttpSessionRequestCache - saved request doesn't match
571775 [http-nio-8080-exec-5] DEBUG o.s.security.web.FilterChainProxy - /login at position 8 of 12 in additional filter chain; firing Filter: 'SecurityContextHolderAwareRequestFilter'
571775 [http-nio-8080-exec-5] DEBUG o.s.security.web.FilterChainProxy - /login at position 9 of 12 in additional filter chain; firing Filter: 'AnonymousAuthenticationFilter'
571775 [http-nio-8080-exec-5] DEBUG o.s.s.w.a.AnonymousAuthenticationFilter - Populated SecurityContextHolder with anonymous token: 'org.springframework.security.authentication.AnonymousAuthenticationToken@6fabe8e0: Principal: anonymousUser; Credentials: [PROTECTED]; Authenticated: true; Details: org.springframework.security.web.authentication.WebAuthenticationDetails@fffe9938: RemoteIpAddress: 0:0:0:0:0:0:0:1; SessionId: 760D79BA12046463C13AD8F04AD89B62; Granted Authorities: ROLE_ANONYMOUS'
571775 [http-nio-8080-exec-5] DEBUG o.s.security.web.FilterChainProxy - /login at position 10 of 12 in additional filter chain; firing Filter: 'SessionManagementFilter'
571775 [http-nio-8080-exec-5] DEBUG o.s.security.web.FilterChainProxy - /login at position 11 of 12 in additional filter chain; firing Filter: 'ExceptionTranslationFilter'
571775 [http-nio-8080-exec-5] DEBUG o.s.security.web.FilterChainProxy - /login at position 12 of 12 in additional filter chain; firing Filter: 'FilterSecurityInterceptor'
571775 [http-nio-8080-exec-5] DEBUG o.s.s.w.a.i.FilterSecurityInterceptor - Secure object: FilterInvocation: URL: /login; Attributes: [permitAll]
571775 [http-nio-8080-exec-5] DEBUG o.s.s.w.a.i.FilterSecurityInterceptor - Previously Authenticated: org.springframework.security.authentication.AnonymousAuthenticationToken@6fabe8e0: Principal: anonymousUser; Credentials: [PROTECTED]; Authenticated: true; Details: org.springframework.security.web.authentication.WebAuthenticationDetails@fffe9938: RemoteIpAddress: 0:0:0:0:0:0:0:1; SessionId: 760D79BA12046463C13AD8F04AD89B62; Granted Authorities: ROLE_ANONYMOUS
571776 [http-nio-8080-exec-5] DEBUG o.s.s.access.vote.AffirmativeBased - Voter: org.springframework.security.web.access.expression.WebExpressionVoter@7155916d, returned: 1
571776 [http-nio-8080-exec-5] DEBUG o.s.s.w.a.i.FilterSecurityInterceptor - Authorization successful
571776 [http-nio-8080-exec-5] DEBUG o.s.s.w.a.i.FilterSecurityInterceptor - RunAsManager did not change Authentication object
571776 [http-nio-8080-exec-5] DEBUG o.s.security.web.FilterChainProxy - /login reached end of additional filter chain; proceeding with original chain
571777 [http-nio-8080-exec-5] DEBUG o.s.s.w.c.HttpSessionSecurityContextRepository - SecurityContext is empty or contents are anonymous - context will not be stored in HttpSession.
571777 [http-nio-8080-exec-5] DEBUG o.s.s.w.a.ExceptionTranslationFilter - Chain processed normally
571777 [http-nio-8080-exec-5] DEBUG o.s.s.w.c.SecurityContextPersistenceFilter - SecurityContextHolder now cleared, as request processing completed
571793 [http-nio-8080-exec-6] DEBUG o.s.s.w.u.matcher.OrRequestMatcher - Trying to match using Ant [pattern='/css/**']
571793 [http-nio-8080-exec-6] DEBUG o.s.s.w.u.m.AntPathRequestMatcher - Checking match of request : '/favicon.ico'; against '/css/**'
571793 [http-nio-8080-exec-6] DEBUG o.s.s.w.u.matcher.OrRequestMatcher - Trying to match using Ant [pattern='/js/**']
571793 [http-nio-8080-exec-6] DEBUG o.s.s.w.u.m.AntPathRequestMatcher - Checking match of request : '/favicon.ico'; against '/js/**'
571793 [http-nio-8080-exec-6] DEBUG o.s.s.w.u.matcher.OrRequestMatcher - Trying to match using Ant [pattern='/images/**']
571793 [http-nio-8080-exec-6] DEBUG o.s.s.w.u.m.AntPathRequestMatcher - Checking match of request : '/favicon.ico'; against '/images/**'
571793 [http-nio-8080-exec-6] DEBUG o.s.s.w.u.matcher.OrRequestMatcher - Trying to match using Ant [pattern='/webjars/**']
571793 [http-nio-8080-exec-6] DEBUG o.s.s.w.u.m.AntPathRequestMatcher - Checking match of request : '/favicon.ico'; against '/webjars/**'
571793 [http-nio-8080-exec-6] DEBUG o.s.s.w.u.matcher.OrRequestMatcher - Trying to match using Ant [pattern='/**/favicon.ico']
571793 [http-nio-8080-exec-6] DEBUG o.s.s.w.u.m.AntPathRequestMatcher - Checking match of request : '/favicon.ico'; against '/**/favicon.ico'
571793 [http-nio-8080-exec-6] DEBUG o.s.s.w.u.matcher.OrRequestMatcher - matched
571793 [http-nio-8080-exec-6] DEBUG o.s.security.web.FilterChainProxy - /favicon.ico has an empty filter list
577519 [http-nio-8080-exec-8] DEBUG o.s.s.w.u.matcher.OrRequestMatcher - Trying to match using Ant [pattern='/css/**']
577519 [http-nio-8080-exec-8] DEBUG o.s.s.w.u.m.AntPathRequestMatcher - Checking match of request : '/login'; against '/css/**'
577519 [http-nio-8080-exec-8] DEBUG o.s.s.w.u.matcher.OrRequestMatcher - Trying to match using Ant [pattern='/js/**']
577519 [http-nio-8080-exec-8] DEBUG o.s.s.w.u.m.AntPathRequestMatcher - Checking match of request : '/login'; against '/js/**'
577519 [http-nio-8080-exec-8] DEBUG o.s.s.w.u.matcher.OrRequestMatcher - Trying to match using Ant [pattern='/images/**']
577519 [http-nio-8080-exec-8] DEBUG o.s.s.w.u.m.AntPathRequestMatcher - Checking match of request : '/login'; against '/images/**'
577519 [http-nio-8080-exec-8] DEBUG o.s.s.w.u.matcher.OrRequestMatcher - Trying to match using Ant [pattern='/webjars/**']
577519 [http-nio-8080-exec-8] DEBUG o.s.s.w.u.m.AntPathRequestMatcher - Checking match of request : '/login'; against '/webjars/**'
577519 [http-nio-8080-exec-8] DEBUG o.s.s.w.u.matcher.OrRequestMatcher - Trying to match using Ant [pattern='/**/favicon.ico']
577519 [http-nio-8080-exec-8] DEBUG o.s.s.w.u.m.AntPathRequestMatcher - Checking match of request : '/login'; against '/**/favicon.ico'
577519 [http-nio-8080-exec-8] DEBUG o.s.s.w.u.matcher.OrRequestMatcher - Trying to match using Ant [pattern='/error']
577519 [http-nio-8080-exec-8] DEBUG o.s.s.w.u.m.AntPathRequestMatcher - Checking match of request : '/login'; against '/error'
577520 [http-nio-8080-exec-8] DEBUG o.s.s.w.u.matcher.OrRequestMatcher - No matches found
577520 [http-nio-8080-exec-8] DEBUG o.s.security.web.FilterChainProxy - /login at position 1 of 12 in additional filter chain; firing Filter: 'WebAsyncManagerIntegrationFilter'
577520 [http-nio-8080-exec-8] DEBUG o.s.security.web.FilterChainProxy - /login at position 2 of 12 in additional filter chain; firing Filter: 'SecurityContextPersistenceFilter'
577520 [http-nio-8080-exec-8] DEBUG o.s.s.w.c.HttpSessionSecurityContextRepository - HttpSession returned null object for SPRING_SECURITY_CONTEXT
577520 [http-nio-8080-exec-8] DEBUG o.s.s.w.c.HttpSessionSecurityContextRepository - No SecurityContext was available from the HttpSession: org.apache.catalina.session.StandardSessionFacade@30689b56. A new one will be created.
577520 [http-nio-8080-exec-8] DEBUG o.s.security.web.FilterChainProxy - /login at position 3 of 12 in additional filter chain; firing Filter: 'HeaderWriterFilter'
577520 [http-nio-8080-exec-8] DEBUG o.s.s.w.h.writers.HstsHeaderWriter - Not injecting HSTS header since it did not match the requestMatcher org.springframework.security.web.header.writers.HstsHeaderWriter$SecureRequestMatcher@34571983
577520 [http-nio-8080-exec-8] DEBUG o.s.security.web.FilterChainProxy - /login at position 4 of 12 in additional filter chain; firing Filter: 'CsrfFilter'
577520 [http-nio-8080-exec-8] DEBUG o.s.security.web.csrf.CsrfFilter - Invalid CSRF token found for http://localhost:8080/login
577521 [http-nio-8080-exec-8] DEBUG o.s.s.w.c.HttpSessionSecurityContextRepository - SecurityContext is empty or contents are anonymous - context will not be stored in HttpSession.
577521 [http-nio-8080-exec-8] DEBUG o.s.s.w.c.SecurityContextPersistenceFilter - SecurityContextHolder now cleared, as request processing completed
580302 [http-nio-8080-exec-1] DEBUG o.s.s.w.u.matcher.OrRequestMatcher - Trying to match using Ant [pattern='/css/**']
580302 [http-nio-8080-exec-1] DEBUG o.s.s.w.u.m.AntPathRequestMatcher - Checking match of request : '/login'; against '/css/**'
580302 [http-nio-8080-exec-1] DEBUG o.s.s.w.u.matcher.OrRequestMatcher - Trying to match using Ant [pattern='/js/**']
580302 [http-nio-8080-exec-1] DEBUG o.s.s.w.u.m.AntPathRequestMatcher - Checking match of request : '/login'; against '/js/**'
580303 [http-nio-8080-exec-1] DEBUG o.s.s.w.u.matcher.OrRequestMatcher - Trying to match using Ant [pattern='/images/**']
580303 [http-nio-8080-exec-1] DEBUG o.s.s.w.u.m.AntPathRequestMatcher - Checking match of request : '/login'; against '/images/**'
580303 [http-nio-8080-exec-1] DEBUG o.s.s.w.u.matcher.OrRequestMatcher - Trying to match using Ant [pattern='/webjars/**']
580303 [http-nio-8080-exec-1] DEBUG o.s.s.w.u.m.AntPathRequestMatcher - Checking match of request : '/login'; against '/webjars/**'
580303 [http-nio-8080-exec-1] DEBUG o.s.s.w.u.matcher.OrRequestMatcher - Trying to match using Ant [pattern='/**/favicon.ico']
580303 [http-nio-8080-exec-1] DEBUG o.s.s.w.u.m.AntPathRequestMatcher - Checking match of request : '/login'; against '/**/favicon.ico'
580303 [http-nio-8080-exec-1] DEBUG o.s.s.w.u.matcher.OrRequestMatcher - Trying to match using Ant [pattern='/error']
580303 [http-nio-8080-exec-1] DEBUG o.s.s.w.u.m.AntPathRequestMatcher - Checking match of request : '/login'; against '/error'
580303 [http-nio-8080-exec-1] DEBUG o.s.s.w.u.matcher.OrRequestMatcher - No matches found
580303 [http-nio-8080-exec-1] DEBUG o.s.security.web.FilterChainProxy - /login at position 1 of 12 in additional filter chain; firing Filter: 'WebAsyncManagerIntegrationFilter'
580303 [http-nio-8080-exec-1] DEBUG o.s.security.web.FilterChainProxy - /login at position 2 of 12 in additional filter chain; firing Filter: 'SecurityContextPersistenceFilter'
580303 [http-nio-8080-exec-1] DEBUG o.s.s.w.c.HttpSessionSecurityContextRepository - HttpSession returned null object for SPRING_SECURITY_CONTEXT
580303 [http-nio-8080-exec-1] DEBUG o.s.s.w.c.HttpSessionSecurityContextRepository - No SecurityContext was available from the HttpSession: org.apache.catalina.session.StandardSessionFacade@30689b56. A new one will be created.
580303 [http-nio-8080-exec-1] DEBUG o.s.security.web.FilterChainProxy - /login at position 3 of 12 in additional filter chain; firing Filter: 'HeaderWriterFilter'
580303 [http-nio-8080-exec-1] DEBUG o.s.s.w.h.writers.HstsHeaderWriter - Not injecting HSTS header since it did not match the requestMatcher org.springframework.security.web.header.writers.HstsHeaderWriter$SecureRequestMatcher@34571983
580303 [http-nio-8080-exec-1] DEBUG o.s.security.web.FilterChainProxy - /login at position 4 of 12 in additional filter chain; firing Filter: 'CsrfFilter'
580303 [http-nio-8080-exec-1] DEBUG o.s.security.web.FilterChainProxy - /login at position 5 of 12 in additional filter chain; firing Filter: 'LogoutFilter'
580303 [http-nio-8080-exec-1] DEBUG o.s.s.w.u.m.AntPathRequestMatcher - Request 'GET /login' doesn't match 'POST /logout
580303 [http-nio-8080-exec-1] DEBUG o.s.security.web.FilterChainProxy - /login at position 6 of 12 in additional filter chain; firing Filter: 'UsernamePasswordAuthenticationFilter'
580303 [http-nio-8080-exec-1] DEBUG o.s.s.w.u.m.AntPathRequestMatcher - Request 'GET /login' doesn't match 'POST /login
580303 [http-nio-8080-exec-1] DEBUG o.s.security.web.FilterChainProxy - /login at position 7 of 12 in additional filter chain; firing Filter: 'RequestCacheAwareFilter'
580303 [http-nio-8080-exec-1] DEBUG o.s.s.w.s.DefaultSavedRequest - pathInfo: both null (property equals)
580303 [http-nio-8080-exec-1] DEBUG o.s.s.w.s.DefaultSavedRequest - queryString: both null (property equals)
580303 [http-nio-8080-exec-1] DEBUG o.s.s.w.s.DefaultSavedRequest - requestURI: arg1=/jquery/jquery-2.1.3.js; arg2=/login (property not equals)
580306 [http-nio-8080-exec-1] DEBUG o.s.s.w.s.HttpSessionRequestCache - saved request doesn't match
580306 [http-nio-8080-exec-1] DEBUG o.s.security.web.FilterChainProxy - /login at position 8 of 12 in additional filter chain; firing Filter: 'SecurityContextHolderAwareRequestFilter'
580306 [http-nio-8080-exec-1] DEBUG o.s.security.web.FilterChainProxy - /login at position 9 of 12 in additional filter chain; firing Filter: 'AnonymousAuthenticationFilter'
580306 [http-nio-8080-exec-1] DEBUG o.s.s.w.a.AnonymousAuthenticationFilter - Populated SecurityContextHolder with anonymous token: 'org.springframework.security.authentication.AnonymousAuthenticationToken@6fabe8e0: Principal: anonymousUser; Credentials: [PROTECTED]; Authenticated: true; Details: org.springframework.security.web.authentication.WebAuthenticationDetails@fffe9938: RemoteIpAddress: 0:0:0:0:0:0:0:1; SessionId: 760D79BA12046463C13AD8F04AD89B62; Granted Authorities: ROLE_ANONYMOUS'
580306 [http-nio-8080-exec-1] DEBUG o.s.security.web.FilterChainProxy - /login at position 10 of 12 in additional filter chain; firing Filter: 'SessionManagementFilter'
580306 [http-nio-8080-exec-1] DEBUG o.s.security.web.FilterChainProxy - /login at position 11 of 12 in additional filter chain; firing Filter: 'ExceptionTranslationFilter'
580306 [http-nio-8080-exec-1] DEBUG o.s.security.web.FilterChainProxy - /login at position 12 of 12 in additional filter chain; firing Filter: 'FilterSecurityInterceptor'
580306 [http-nio-8080-exec-1] DEBUG o.s.s.w.a.i.FilterSecurityInterceptor - Secure object: FilterInvocation: URL: /login; Attributes: [permitAll]
580306 [http-nio-8080-exec-1] DEBUG o.s.s.w.a.i.FilterSecurityInterceptor - Previously Authenticated: org.springframework.security.authentication.AnonymousAuthenticationToken@6fabe8e0: Principal: anonymousUser; Credentials: [PROTECTED]; Authenticated: true; Details: org.springframework.security.web.authentication.WebAuthenticationDetails@fffe9938: RemoteIpAddress: 0:0:0:0:0:0:0:1; SessionId: 760D79BA12046463C13AD8F04AD89B62; Granted Authorities: ROLE_ANONYMOUS
580306 [http-nio-8080-exec-1] DEBUG o.s.s.access.vote.AffirmativeBased - Voter: org.springframework.security.web.access.expression.WebExpressionVoter@7155916d, returned: 1
580306 [http-nio-8080-exec-1] DEBUG o.s.s.w.a.i.FilterSecurityInterceptor - Authorization successful
580306 [http-nio-8080-exec-1] DEBUG o.s.s.w.a.i.FilterSecurityInterceptor - RunAsManager did not change Authentication object
580306 [http-nio-8080-exec-1] DEBUG o.s.security.web.FilterChainProxy - /login reached end of additional filter chain; proceeding with original chain
580308 [http-nio-8080-exec-1] DEBUG o.s.s.w.c.HttpSessionSecurityContextRepository - SecurityContext is empty or contents are anonymous - context will not be stored in HttpSession.
580309 [http-nio-8080-exec-1] DEBUG o.s.s.w.a.ExceptionTranslationFilter - Chain processed normally
580309 [http-nio-8080-exec-1] DEBUG o.s.s.w.c.SecurityContextPersistenceFilter - SecurityContextHolder now cleared, as request processing completed
580318 [http-nio-8080-exec-4] DEBUG o.s.s.w.u.matcher.OrRequestMatcher - Trying to match using Ant [pattern='/css/**']
580318 [http-nio-8080-exec-7] DEBUG o.s.s.w.u.matcher.OrRequestMatcher - Trying to match using Ant [pattern='/css/**']
580318 [http-nio-8080-exec-3] DEBUG o.s.s.w.u.matcher.OrRequestMatcher - Trying to match using Ant [pattern='/css/**']
580319 [http-nio-8080-exec-4] DEBUG o.s.s.w.u.m.AntPathRequestMatcher - Checking match of request : '/jquery/jquery-2.1.3.js'; against '/css/**'
580319 [http-nio-8080-exec-3] DEBUG o.s.s.w.u.m.AntPathRequestMatcher - Checking match of request : '/bootstrap/css/bootstrap.css'; against '/css/**'
580319 [http-nio-8080-exec-4] DEBUG o.s.s.w.u.matcher.OrRequestMatcher - Trying to match using Ant [pattern='/js/**']
580319 [http-nio-8080-exec-3] DEBUG o.s.s.w.u.matcher.OrRequestMatcher - Trying to match using Ant [pattern='/js/**']
580319 [http-nio-8080-exec-7] DEBUG o.s.s.w.u.m.AntPathRequestMatcher - Checking match of request : '/bootstrap/js/bootstrap.js'; against '/css/**'
580319 [http-nio-8080-exec-4] DEBUG o.s.s.w.u.m.AntPathRequestMatcher - Checking match of request : '/jquery/jquery-2.1.3.js'; against '/js/**'
580319 [http-nio-8080-exec-3] DEBUG o.s.s.w.u.m.AntPathRequestMatcher - Checking match of request : '/bootstrap/css/bootstrap.css'; against '/js/**'
580319 [http-nio-8080-exec-7] DEBUG o.s.s.w.u.matcher.OrRequestMatcher - Trying to match using Ant [pattern='/js/**']
580319 [http-nio-8080-exec-3] DEBUG o.s.s.w.u.matcher.OrRequestMatcher - Trying to match using Ant [pattern='/images/**']
580319 [http-nio-8080-exec-4] DEBUG o.s.s.w.u.matcher.OrRequestMatcher - Trying to match using Ant [pattern='/images/**']
580319 [http-nio-8080-exec-3] DEBUG o.s.s.w.u.m.AntPathRequestMatcher - Checking match of request : '/bootstrap/css/bootstrap.css'; against '/images/**'
580319 [http-nio-8080-exec-7] DEBUG o.s.s.w.u.m.AntPathRequestMatcher - Checking match of request : '/bootstrap/js/bootstrap.js'; against '/js/**'
580319 [http-nio-8080-exec-4] DEBUG o.s.s.w.u.m.AntPathRequestMatcher - Checking match of request : '/jquery/jquery-2.1.3.js'; against '/images/**'
580319 [http-nio-8080-exec-3] DEBUG o.s.s.w.u.matcher.OrRequestMatcher - Trying to match using Ant [pattern='/webjars/**']
580319 [http-nio-8080-exec-7] DEBUG o.s.s.w.u.matcher.OrRequestMatcher - Trying to match using Ant [pattern='/images/**']
580319 [http-nio-8080-exec-4] DEBUG o.s.s.w.u.matcher.OrRequestMatcher - Trying to match using Ant [pattern='/webjars/**']
580319 [http-nio-8080-exec-7] DEBUG o.s.s.w.u.m.AntPathRequestMatcher - Checking match of request : '/bootstrap/js/bootstrap.js'; against '/images/**'
580319 [http-nio-8080-exec-4] DEBUG o.s.s.w.u.m.AntPathRequestMatcher - Checking match of request : '/jquery/jquery-2.1.3.js'; against '/webjars/**'
580319 [http-nio-8080-exec-7] DEBUG o.s.s.w.u.matcher.OrRequestMatcher - Trying to match using Ant [pattern='/webjars/**']
580319 [http-nio-8080-exec-4] DEBUG o.s.s.w.u.matcher.OrRequestMatcher - Trying to match using Ant [pattern='/**/favicon.ico']
580319 [http-nio-8080-exec-7] DEBUG o.s.s.w.u.m.AntPathRequestMatcher - Checking match of request : '/bootstrap/js/bootstrap.js'; against '/webjars/**'
580319 [http-nio-8080-exec-3] DEBUG o.s.s.w.u.m.AntPathRequestMatcher - Checking match of request : '/bootstrap/css/bootstrap.css'; against '/webjars/**'
580319 [http-nio-8080-exec-4] DEBUG o.s.s.w.u.m.AntPathRequestMatcher - Checking match of request : '/jquery/jquery-2.1.3.js'; against '/**/favicon.ico'
580319 [http-nio-8080-exec-3] DEBUG o.s.s.w.u.matcher.OrRequestMatcher - Trying to match using Ant [pattern='/**/favicon.ico']
580319 [http-nio-8080-exec-7] DEBUG o.s.s.w.u.matcher.OrRequestMatcher - Trying to match using Ant [pattern='/**/favicon.ico']
580319 [http-nio-8080-exec-3] DEBUG o.s.s.w.u.m.AntPathRequestMatcher - Checking match of request : '/bootstrap/css/bootstrap.css'; against '/**/favicon.ico'
580319 [http-nio-8080-exec-4] DEBUG o.s.s.w.u.matcher.OrRequestMatcher - Trying to match using Ant [pattern='/error']
580319 [http-nio-8080-exec-7] DEBUG o.s.s.w.u.m.AntPathRequestMatcher - Checking match of request : '/bootstrap/js/bootstrap.js'; against '/**/favicon.ico'
580320 [http-nio-8080-exec-3] DEBUG o.s.s.w.u.matcher.OrRequestMatcher - Trying to match using Ant [pattern='/error']
580320 [http-nio-8080-exec-4] DEBUG o.s.s.w.u.m.AntPathRequestMatcher - Checking match of request : '/jquery/jquery-2.1.3.js'; against '/error'
580320 [http-nio-8080-exec-3] DEBUG o.s.s.w.u.m.AntPathRequestMatcher - Checking match of request : '/bootstrap/css/bootstrap.css'; against '/error'
580320 [http-nio-8080-exec-3] DEBUG o.s.s.w.u.matcher.OrRequestMatcher - No matches found
580320 [http-nio-8080-exec-7] DEBUG o.s.s.w.u.matcher.OrRequestMatcher - Trying to match using Ant [pattern='/error']
580320 [http-nio-8080-exec-4] DEBUG o.s.s.w.u.matcher.OrRequestMatcher - No matches found
580320 [http-nio-8080-exec-3] DEBUG o.s.security.web.FilterChainProxy - /bootstrap/css/bootstrap.css at position 1 of 12 in additional filter chain; firing Filter: 'WebAsyncManagerIntegrationFilter'
580320 [http-nio-8080-exec-3] DEBUG o.s.security.web.FilterChainProxy - /bootstrap/css/bootstrap.css at position 2 of 12 in additional filter chain; firing Filter: 'SecurityContextPersistenceFilter'
580320 [http-nio-8080-exec-3] DEBUG o.s.s.w.c.HttpSessionSecurityContextRepository - HttpSession returned null object for SPRING_SECURITY_CONTEXT
580320 [http-nio-8080-exec-3] DEBUG o.s.s.w.c.HttpSessionSecurityContextRepository - No SecurityContext was available from the HttpSession: org.apache.catalina.session.StandardSessionFacade@30689b56. A new one will be created.
580320 [http-nio-8080-exec-3] DEBUG o.s.security.web.FilterChainProxy - /bootstrap/css/bootstrap.css at position 3 of 12 in additional filter chain; firing Filter: 'HeaderWriterFilter'
580320 [http-nio-8080-exec-4] DEBUG o.s.security.web.FilterChainProxy - /jquery/jquery-2.1.3.js at position 1 of 12 in additional filter chain; firing Filter: 'WebAsyncManagerIntegrationFilter'
580320 [http-nio-8080-exec-7] DEBUG o.s.s.w.u.m.AntPathRequestMatcher - Checking match of request : '/bootstrap/js/bootstrap.js'; against '/error'
580320 [http-nio-8080-exec-3] DEBUG o.s.s.w.h.writers.HstsHeaderWriter - Not injecting HSTS header since it did not match the requestMatcher org.springframework.security.web.header.writers.HstsHeaderWriter$SecureRequestMatcher@34571983
580320 [http-nio-8080-exec-4] DEBUG o.s.security.web.FilterChainProxy - /jquery/jquery-2.1.3.js at position 2 of 12 in additional filter chain; firing Filter: 'SecurityContextPersistenceFilter'
580321 [http-nio-8080-exec-3] DEBUG o.s.security.web.FilterChainProxy - /bootstrap/css/bootstrap.css at position 4 of 12 in additional filter chain; firing Filter: 'CsrfFilter'
580321 [http-nio-8080-exec-4] DEBUG o.s.s.w.c.HttpSessionSecurityContextRepository - HttpSession returned null object for SPRING_SECURITY_CONTEXT
580321 [http-nio-8080-exec-7] DEBUG o.s.s.w.u.matcher.OrRequestMatcher - No matches found
580321 [http-nio-8080-exec-3] DEBUG o.s.security.web.FilterChainProxy - /bootstrap/css/bootstrap.css at position 5 of 12 in additional filter chain; firing Filter: 'LogoutFilter'
580321 [http-nio-8080-exec-3] DEBUG o.s.s.w.u.m.AntPathRequestMatcher - Request 'GET /bootstrap/css/bootstrap.css' doesn't match 'POST /logout
580321 [http-nio-8080-exec-3] DEBUG o.s.security.web.FilterChainProxy - /bootstrap/css/bootstrap.css at position 6 of 12 in additional filter chain; firing Filter: 'UsernamePasswordAuthenticationFilter'
580321 [http-nio-8080-exec-3] DEBUG o.s.s.w.u.m.AntPathRequestMatcher - Request 'GET /bootstrap/css/bootstrap.css' doesn't match 'POST /login
580321 [http-nio-8080-exec-3] DEBUG o.s.security.web.FilterChainProxy - /bootstrap/css/bootstrap.css at position 7 of 12 in additional filter chain; firing Filter: 'RequestCacheAwareFilter'
580321 [http-nio-8080-exec-3] DEBUG o.s.s.w.s.DefaultSavedRequest - pathInfo: both null (property equals)
580321 [http-nio-8080-exec-3] DEBUG o.s.s.w.s.DefaultSavedRequest - queryString: both null (property equals)
580321 [http-nio-8080-exec-3] DEBUG o.s.s.w.s.DefaultSavedRequest - requestURI: arg1=/jquery/jquery-2.1.3.js; arg2=/bootstrap/css/bootstrap.css (property not equals)
580321 [http-nio-8080-exec-3] DEBUG o.s.s.w.s.HttpSessionRequestCache - saved request doesn't match
580321 [http-nio-8080-exec-3] DEBUG o.s.security.web.FilterChainProxy - /bootstrap/css/bootstrap.css at position 8 of 12 in additional filter chain; firing Filter: 'SecurityContextHolderAwareRequestFilter'
580321 [http-nio-8080-exec-3] DEBUG o.s.security.web.FilterChainProxy - /bootstrap/css/bootstrap.css at position 9 of 12 in additional filter chain; firing Filter: 'AnonymousAuthenticationFilter'
580321 [http-nio-8080-exec-3] DEBUG o.s.s.w.a.AnonymousAuthenticationFilter - Populated SecurityContextHolder with anonymous token: 'org.springframework.security.authentication.AnonymousAuthenticationToken@6fabe8e0: Principal: anonymousUser; Credentials: [PROTECTED]; Authenticated: true; Details: org.springframework.security.web.authentication.WebAuthenticationDetails@fffe9938: RemoteIpAddress: 0:0:0:0:0:0:0:1; SessionId: 760D79BA12046463C13AD8F04AD89B62; Granted Authorities: ROLE_ANONYMOUS'
580321 [http-nio-8080-exec-4] DEBUG o.s.s.w.c.HttpSessionSecurityContextRepository - No SecurityContext was available from the HttpSession: org.apache.catalina.session.StandardSessionFacade@30689b56. A new one will be created.
580321 [http-nio-8080-exec-4] DEBUG o.s.security.web.FilterChainProxy - /jquery/jquery-2.1.3.js at position 3 of 12 in additional filter chain; firing Filter: 'HeaderWriterFilter'
580321 [http-nio-8080-exec-7] DEBUG o.s.security.web.FilterChainProxy - /bootstrap/js/bootstrap.js at position 1 of 12 in additional filter chain; firing Filter: 'WebAsyncManagerIntegrationFilter'
580321 [http-nio-8080-exec-3] DEBUG o.s.security.web.FilterChainProxy - /bootstrap/css/bootstrap.css at position 10 of 12 in additional filter chain; firing Filter: 'SessionManagementFilter'
580321 [http-nio-8080-exec-3] DEBUG o.s.security.web.FilterChainProxy - /bootstrap/css/bootstrap.css at position 11 of 12 in additional filter chain; firing Filter: 'ExceptionTranslationFilter'
580321 [http-nio-8080-exec-3] DEBUG o.s.security.web.FilterChainProxy - /bootstrap/css/bootstrap.css at position 12 of 12 in additional filter chain; firing Filter: 'FilterSecurityInterceptor'
580321 [http-nio-8080-exec-4] DEBUG o.s.s.w.h.writers.HstsHeaderWriter - Not injecting HSTS header since it did not match the requestMatcher org.springframework.security.web.header.writers.HstsHeaderWriter$SecureRequestMatcher@34571983
580321 [http-nio-8080-exec-7] DEBUG o.s.security.web.FilterChainProxy - /bootstrap/js/bootstrap.js at position 2 of 12 in additional filter chain; firing Filter: 'SecurityContextPersistenceFilter'
580321 [http-nio-8080-exec-3] DEBUG o.s.s.w.u.m.AntPathRequestMatcher - Request 'GET /bootstrap/css/bootstrap.css' doesn't match 'POST /logout
580321 [http-nio-8080-exec-4] DEBUG o.s.security.web.FilterChainProxy - /jquery/jquery-2.1.3.js at position 4 of 12 in additional filter chain; firing Filter: 'CsrfFilter'
580321 [http-nio-8080-exec-3] DEBUG o.s.s.w.u.m.AntPathRequestMatcher - Checking match of request : '/bootstrap/css/bootstrap.css'; against '/static/**'
580321 [http-nio-8080-exec-3] DEBUG o.s.s.w.a.i.FilterSecurityInterceptor - Secure object: FilterInvocation: URL: /bootstrap/css/bootstrap.css; Attributes: [authenticated]
580321 [http-nio-8080-exec-7] DEBUG o.s.s.w.c.HttpSessionSecurityContextRepository - HttpSession returned null object for SPRING_SECURITY_CONTEXT
580321 [http-nio-8080-exec-4] DEBUG o.s.security.web.FilterChainProxy - /jquery/jquery-2.1.3.js at position 5 of 12 in additional filter chain; firing Filter: 'LogoutFilter'
580321 [http-nio-8080-exec-3] DEBUG o.s.s.w.a.i.FilterSecurityInterceptor - Previously Authenticated: org.springframework.security.authentication.AnonymousAuthenticationToken@6fabe8e0: Principal: anonymousUser; Credentials: [PROTECTED]; Authenticated: true; Details: org.springframework.security.web.authentication.WebAuthenticationDetails@fffe9938: RemoteIpAddress: 0:0:0:0:0:0:0:1; SessionId: 760D79BA12046463C13AD8F04AD89B62; Granted Authorities: ROLE_ANONYMOUS
580321 [http-nio-8080-exec-7] DEBUG o.s.s.w.c.HttpSessionSecurityContextRepository - No SecurityContext was available from the HttpSession: org.apache.catalina.session.StandardSessionFacade@30689b56. A new one will be created.
580321 [http-nio-8080-exec-4] DEBUG o.s.s.w.u.m.AntPathRequestMatcher - Request 'GET /jquery/jquery-2.1.3.js' doesn't match 'POST /logout
580321 [http-nio-8080-exec-4] DEBUG o.s.security.web.FilterChainProxy - /jquery/jquery-2.1.3.js at position 6 of 12 in additional filter chain; firing Filter: 'UsernamePasswordAuthenticationFilter'
580321 [http-nio-8080-exec-7] DEBUG o.s.security.web.FilterChainProxy - /bootstrap/js/bootstrap.js at position 3 of 12 in additional filter chain; firing Filter: 'HeaderWriterFilter'
580321 [http-nio-8080-exec-4] DEBUG o.s.s.w.u.m.AntPathRequestMatcher - Request 'GET /jquery/jquery-2.1.3.js' doesn't match 'POST /login
580321 [http-nio-8080-exec-4] DEBUG o.s.security.web.FilterChainProxy - /jquery/jquery-2.1.3.js at position 7 of 12 in additional filter chain; firing Filter: 'RequestCacheAwareFilter'
580321 [http-nio-8080-exec-7] DEBUG o.s.s.w.h.writers.HstsHeaderWriter - Not injecting HSTS header since it did not match the requestMatcher org.springframework.security.web.header.writers.HstsHeaderWriter$SecureRequestMatcher@34571983
580321 [http-nio-8080-exec-4] DEBUG o.s.s.w.s.DefaultSavedRequest - pathInfo: both null (property equals)
580321 [http-nio-8080-exec-3] DEBUG o.s.s.access.vote.AffirmativeBased - Voter: org.springframework.security.web.access.expression.WebExpressionVoter@7155916d, returned: -1
580321 [http-nio-8080-exec-7] DEBUG o.s.security.web.FilterChainProxy - /bootstrap/js/bootstrap.js at position 4 of 12 in additional filter chain; firing Filter: 'CsrfFilter'
580321 [http-nio-8080-exec-4] DEBUG o.s.s.w.s.DefaultSavedRequest - queryString: both null (property equals)
580322 [http-nio-8080-exec-7] DEBUG o.s.security.web.FilterChainProxy - /bootstrap/js/bootstrap.js at position 5 of 12 in additional filter chain; firing Filter: 'LogoutFilter'
580322 [http-nio-8080-exec-4] DEBUG o.s.s.w.s.DefaultSavedRequest - requestURI: arg1=/jquery/jquery-2.1.3.js; arg2=/jquery/jquery-2.1.3.js (property equals)
580322 [http-nio-8080-exec-7] DEBUG o.s.s.w.u.m.AntPathRequestMatcher - Request 'GET /bootstrap/js/bootstrap.js' doesn't match 'POST /logout
580322 [http-nio-8080-exec-7] DEBUG o.s.security.web.FilterChainProxy - /bootstrap/js/bootstrap.js at position 6 of 12 in additional filter chain; firing Filter: 'UsernamePasswordAuthenticationFilter'
580322 [http-nio-8080-exec-7] DEBUG o.s.s.w.u.m.AntPathRequestMatcher - Request 'GET /bootstrap/js/bootstrap.js' doesn't match 'POST /login
580322 [http-nio-8080-exec-4] DEBUG o.s.s.w.s.DefaultSavedRequest - serverPort: arg1=8080; arg2=8080 (property equals)
580322 [http-nio-8080-exec-7] DEBUG o.s.security.web.FilterChainProxy - /bootstrap/js/bootstrap.js at position 7 of 12 in additional filter chain; firing Filter: 'RequestCacheAwareFilter'
580322 [http-nio-8080-exec-4] DEBUG o.s.s.w.s.DefaultSavedRequest - requestURL: arg1=http://localhost:8080/jquery/jquery-2.1.3.js; arg2=http://localhost:8080/jquery/jquery-2.1.3.js (property equals)
580322 [http-nio-8080-exec-7] DEBUG o.s.s.w.s.DefaultSavedRequest - pathInfo: both null (property equals)
580322 [http-nio-8080-exec-3] DEBUG o.s.s.w.a.ExceptionTranslationFilter - Access is denied (user is anonymous); redirecting to authentication entry point
org.springframework.security.access.AccessDeniedException: Access is denied
	at org.springframework.security.access.vote.AffirmativeBased.decide(AffirmativeBased.java:84)
	at org.springframework.security.access.intercept.AbstractSecurityInterceptor.beforeInvocation(AbstractSecurityInterceptor.java:233)
	at org.springframework.security.web.access.intercept.FilterSecurityInterceptor.invoke(FilterSecurityInterceptor.java:124)
	at org.springframework.security.web.access.intercept.FilterSecurityInterceptor.doFilter(FilterSecurityInterceptor.java:91)
	at org.springframework.security.web.FilterChainProxy$VirtualFilterChain.doFilter(FilterChainProxy.java:331)
	at org.springframework.security.web.access.ExceptionTranslationFilter.doFilter(ExceptionTranslationFilter.java:114)
	at org.springframework.security.web.FilterChainProxy$VirtualFilterChain.doFilter(FilterChainProxy.java:331)
	at org.springframework.security.web.session.SessionManagementFilter.doFilter(SessionManagementFilter.java:137)
	at org.springframework.security.web.FilterChainProxy$VirtualFilterChain.doFilter(FilterChainProxy.java:331)
	at org.springframework.security.web.authentication.AnonymousAuthenticationFilter.doFilter(AnonymousAuthenticationFilter.java:111)
	at org.springframework.security.web.FilterChainProxy$VirtualFilterChain.doFilter(FilterChainProxy.java:331)
	at org.springframework.security.web.servletapi.SecurityContextHolderAwareRequestFilter.doFilter(SecurityContextHolderAwareRequestFilter.java:170)
	at org.springframework.security.web.FilterChainProxy$VirtualFilterChain.doFilter(FilterChainProxy.java:331)
	at org.springframework.security.web.savedrequest.RequestCacheAwareFilter.doFilter(RequestCacheAwareFilter.java:63)
	at org.springframework.security.web.FilterChainProxy$VirtualFilterChain.doFilter(FilterChainProxy.java:331)
	at org.springframework.security.web.authentication.AbstractAuthenticationProcessingFilter.doFilter(AbstractAuthenticationProcessingFilter.java:200)
	at org.springframework.security.web.FilterChainProxy$VirtualFilterChain.doFilter(FilterChainProxy.java:331)
	at org.springframework.security.web.authentication.logout.LogoutFilter.doFilter(LogoutFilter.java:116)
	at org.springframework.security.web.FilterChainProxy$VirtualFilterChain.doFilter(FilterChainProxy.java:331)
	at org.springframework.security.web.csrf.CsrfFilter.doFilterInternal(CsrfFilter.java:100)
	at org.springframework.web.filter.OncePerRequestFilter.doFilter(OncePerRequestFilter.java:107)
	at org.springframework.security.web.FilterChainProxy$VirtualFilterChain.doFilter(FilterChainProxy.java:331)
	at org.springframework.security.web.header.HeaderWriterFilter.doFilterInternal(HeaderWriterFilter.java:64)
	at org.springframework.web.filter.OncePerRequestFilter.doFilter(OncePerRequestFilter.java:107)
	at org.springframework.security.web.FilterChainProxy$VirtualFilterChain.doFilter(FilterChainProxy.java:331)
	at org.springframework.security.web.context.SecurityContextPersistenceFilter.doFilter(SecurityContextPersistenceFilter.java:105)
	at org.springframework.security.web.FilterChainProxy$VirtualFilterChain.doFilter(FilterChainProxy.java:331)
	at org.springframework.security.web.context.request.async.WebAsyncManagerIntegrationFilter.doFilterInternal(WebAsyncManagerIntegrationFilter.java:56)
	at org.springframework.web.filter.OncePerRequestFilter.doFilter(OncePerRequestFilter.java:107)
	at org.springframework.security.web.FilterChainProxy$VirtualFilterChain.doFilter(FilterChainProxy.java:331)
	at org.springframework.security.web.FilterChainProxy.doFilterInternal(FilterChainProxy.java:214)
	at org.springframework.security.web.FilterChainProxy.doFilter(FilterChainProxy.java:177)
	at org.springframework.web.filter.DelegatingFilterProxy.invokeDelegate(DelegatingFilterProxy.java:347)
	at org.springframework.web.filter.DelegatingFilterProxy.doFilter(DelegatingFilterProxy.java:263)
	at org.apache.catalina.core.ApplicationFilterChain.internalDoFilter(ApplicationFilterChain.java:193)
	at org.apache.catalina.core.ApplicationFilterChain.doFilter(ApplicationFilterChain.java:166)
	at org.springframework.web.filter.RequestContextFilter.doFilterInternal(RequestContextFilter.java:99)
	at org.springframework.web.filter.OncePerRequestFilter.doFilter(OncePerRequestFilter.java:107)
	at org.apache.catalina.core.ApplicationFilterChain.internalDoFilter(ApplicationFilterChain.java:193)
	at org.apache.catalina.core.ApplicationFilterChain.doFilter(ApplicationFilterChain.java:166)
	at org.springframework.web.filter.HttpPutFormContentFilter.doFilterInternal(HttpPutFormContentFilter.java:108)
	at org.springframework.web.filter.OncePerRequestFilter.doFilter(OncePerRequestFilter.java:107)
	at org.apache.catalina.core.ApplicationFilterChain.internalDoFilter(ApplicationFilterChain.java:193)
	at org.apache.catalina.core.ApplicationFilterChain.doFilter(ApplicationFilterChain.java:166)
	at org.springframework.web.filter.HiddenHttpMethodFilter.doFilterInternal(HiddenHttpMethodFilter.java:81)
	at org.springframework.web.filter.OncePerRequestFilter.doFilter(OncePerRequestFilter.java:107)
	at org.apache.catalina.core.ApplicationFilterChain.internalDoFilter(ApplicationFilterChain.java:193)
	at org.apache.catalina.core.ApplicationFilterChain.doFilter(ApplicationFilterChain.java:166)
	at org.springframework.web.filter.CharacterEncodingFilter.doFilterInternal(CharacterEncodingFilter.java:197)
	at org.springframework.web.filter.OncePerRequestFilter.doFilter(OncePerRequestFilter.java:107)
	at org.apache.catalina.core.ApplicationFilterChain.internalDoFilter(ApplicationFilterChain.java:193)
	at org.apache.catalina.core.ApplicationFilterChain.doFilter(ApplicationFilterChain.java:166)
	at org.apache.catalina.core.StandardWrapperValve.invoke(StandardWrapperValve.java:199)
	at org.apache.catalina.core.StandardContextValve.invoke(StandardContextValve.java:96)
	at org.apache.catalina.authenticator.AuthenticatorBase.invoke(AuthenticatorBase.java:478)
	at org.apache.catalina.core.StandardHostValve.invoke(StandardHostValve.java:140)
	at org.apache.catalina.valves.ErrorReportValve.invoke(ErrorReportValve.java:81)
	at org.apache.catalina.core.StandardEngineValve.invoke(StandardEngineValve.java:87)
	at org.apache.catalina.connector.CoyoteAdapter.service(CoyoteAdapter.java:342)
	at org.apache.coyote.http11.Http11Processor.service(Http11Processor.java:803)
	at org.apache.coyote.AbstractProcessorLight.process(AbstractProcessorLight.java:66)
	at org.apache.coyote.AbstractProtocol$ConnectionHandler.process(AbstractProtocol.java:868)
	at org.apache.tomcat.util.net.NioEndpoint$SocketProcessor.doRun(NioEndpoint.java:1459)
	at org.apache.tomcat.util.net.SocketProcessorBase.run(SocketProcessorBase.java:49)
	at java.util.concurrent.ThreadPoolExecutor.runWorker(ThreadPoolExecutor.java:1149)
	at java.util.concurrent.ThreadPoolExecutor$Worker.run(ThreadPoolExecutor.java:624)
	at org.apache.tomcat.util.threads.TaskThread$WrappingRunnable.run(TaskThread.java:61)
	at java.lang.Thread.run(Thread.java:748)
580323 [http-nio-8080-exec-4] DEBUG o.s.s.w.s.DefaultSavedRequest - scheme: arg1=http; arg2=http (property equals)
580323 [http-nio-8080-exec-7] DEBUG o.s.s.w.s.DefaultSavedRequest - queryString: both null (property equals)
580324 [http-nio-8080-exec-4] DEBUG o.s.s.w.s.DefaultSavedRequest - serverName: arg1=localhost; arg2=localhost (property equals)
580324 [http-nio-8080-exec-3] DEBUG o.s.s.w.u.matcher.AndRequestMatcher - Trying to match using Ant [pattern='/**', GET]
580324 [http-nio-8080-exec-4] DEBUG o.s.s.w.s.DefaultSavedRequest - contextPath: arg1=; arg2= (property equals)
580324 [http-nio-8080-exec-4] DEBUG o.s.s.w.s.DefaultSavedRequest - servletPath: arg1=/jquery/jquery-2.1.3.js; arg2=/jquery/jquery-2.1.3.js (property equals)
580324 [http-nio-8080-exec-3] DEBUG o.s.s.w.u.m.AntPathRequestMatcher - Request '/bootstrap/css/bootstrap.css' matched by universal pattern '/**'
580324 [http-nio-8080-exec-4] DEBUG o.s.s.w.s.HttpSessionRequestCache - Removing DefaultSavedRequest from session if present
580324 [http-nio-8080-exec-3] DEBUG o.s.s.w.u.matcher.AndRequestMatcher - Trying to match using NegatedRequestMatcher [requestMatcher=Ant [pattern='/**/favicon.ico']]
580324 [http-nio-8080-exec-3] DEBUG o.s.s.w.u.m.AntPathRequestMatcher - Checking match of request : '/bootstrap/css/bootstrap.css'; against '/**/favicon.ico'
580324 [http-nio-8080-exec-3] DEBUG o.s.s.w.u.m.NegatedRequestMatcher - matches = true
580324 [http-nio-8080-exec-3] DEBUG o.s.s.w.u.matcher.AndRequestMatcher - Trying to match using NegatedRequestMatcher [requestMatcher=MediaTypeRequestMatcher [contentNegotiationStrategy=org.springframework.web.accept.ContentNegotiationManager@34a84d5e, matchingMediaTypes=[application/json], useEquals=false, ignoredMediaTypes=[*/*]]]
580324 [http-nio-8080-exec-7] DEBUG o.s.s.w.s.DefaultSavedRequest - requestURI: arg1=/jquery/jquery-2.1.3.js; arg2=/bootstrap/js/bootstrap.js (property not equals)
580324 [http-nio-8080-exec-7] DEBUG o.s.s.w.s.HttpSessionRequestCache - saved request doesn't match
580324 [http-nio-8080-exec-3] DEBUG o.s.s.w.u.m.MediaTypeRequestMatcher - httpRequestMediaTypes=[text/css]
580324 [http-nio-8080-exec-3] DEBUG o.s.s.w.u.m.MediaTypeRequestMatcher - Processing text/css
580324 [http-nio-8080-exec-3] DEBUG o.s.s.w.u.m.MediaTypeRequestMatcher - application/json .isCompatibleWith text/css = false
580324 [http-nio-8080-exec-7] DEBUG o.s.security.web.FilterChainProxy - /bootstrap/js/bootstrap.js at position 8 of 12 in additional filter chain; firing Filter: 'SecurityContextHolderAwareRequestFilter'
580324 [http-nio-8080-exec-7] DEBUG o.s.security.web.FilterChainProxy - /bootstrap/js/bootstrap.js at position 9 of 12 in additional filter chain; firing Filter: 'AnonymousAuthenticationFilter'
580324 [http-nio-8080-exec-4] DEBUG o.s.security.web.FilterChainProxy - /jquery/jquery-2.1.3.js at position 8 of 12 in additional filter chain; firing Filter: 'SecurityContextHolderAwareRequestFilter'
580324 [http-nio-8080-exec-3] DEBUG o.s.s.w.u.m.MediaTypeRequestMatcher - Did not match any media types
580325 [http-nio-8080-exec-3] DEBUG o.s.s.w.u.m.NegatedRequestMatcher - matches = true
580325 [http-nio-8080-exec-7] DEBUG o.s.s.w.a.AnonymousAuthenticationFilter - Populated SecurityContextHolder with anonymous token: 'org.springframework.security.authentication.AnonymousAuthenticationToken@6fabe8e0: Principal: anonymousUser; Credentials: [PROTECTED]; Authenticated: true; Details: org.springframework.security.web.authentication.WebAuthenticationDetails@fffe9938: RemoteIpAddress: 0:0:0:0:0:0:0:1; SessionId: 760D79BA12046463C13AD8F04AD89B62; Granted Authorities: ROLE_ANONYMOUS'
580325 [http-nio-8080-exec-4] DEBUG o.s.security.web.FilterChainProxy - /jquery/jquery-2.1.3.js at position 9 of 12 in additional filter chain; firing Filter: 'AnonymousAuthenticationFilter'
580325 [http-nio-8080-exec-7] DEBUG o.s.security.web.FilterChainProxy - /bootstrap/js/bootstrap.js at position 10 of 12 in additional filter chain; firing Filter: 'SessionManagementFilter'
580325 [http-nio-8080-exec-3] DEBUG o.s.s.w.u.matcher.AndRequestMatcher - Trying to match using NegatedRequestMatcher [requestMatcher=RequestHeaderRequestMatcher [expectedHeaderName=X-Requested-With, expectedHeaderValue=XMLHttpRequest]]
580325 [http-nio-8080-exec-4] DEBUG o.s.s.w.a.AnonymousAuthenticationFilter - Populated SecurityContextHolder with anonymous token: 'org.springframework.security.authentication.AnonymousAuthenticationToken@6fabe8e0: Principal: anonymousUser; Credentials: [PROTECTED]; Authenticated: true; Details: org.springframework.security.web.authentication.WebAuthenticationDetails@fffe9938: RemoteIpAddress: 0:0:0:0:0:0:0:1; SessionId: 760D79BA12046463C13AD8F04AD89B62; Granted Authorities: ROLE_ANONYMOUS'
580325 [http-nio-8080-exec-4] DEBUG o.s.security.web.FilterChainProxy - /jquery/jquery-2.1.3.js at position 10 of 12 in additional filter chain; firing Filter: 'SessionManagementFilter'
580325 [http-nio-8080-exec-3] DEBUG o.s.s.w.u.m.NegatedRequestMatcher - matches = true
580325 [http-nio-8080-exec-7] DEBUG o.s.security.web.FilterChainProxy - /bootstrap/js/bootstrap.js at position 11 of 12 in additional filter chain; firing Filter: 'ExceptionTranslationFilter'
580325 [http-nio-8080-exec-4] DEBUG o.s.security.web.FilterChainProxy - /jquery/jquery-2.1.3.js at position 11 of 12 in additional filter chain; firing Filter: 'ExceptionTranslationFilter'
580325 [http-nio-8080-exec-3] DEBUG o.s.s.w.u.matcher.AndRequestMatcher - All requestMatchers returned true
580325 [http-nio-8080-exec-7] DEBUG o.s.security.web.FilterChainProxy - /bootstrap/js/bootstrap.js at position 12 of 12 in additional filter chain; firing Filter: 'FilterSecurityInterceptor'
580325 [http-nio-8080-exec-4] DEBUG o.s.security.web.FilterChainProxy - /jquery/jquery-2.1.3.js at position 12 of 12 in additional filter chain; firing Filter: 'FilterSecurityInterceptor'
580325 [http-nio-8080-exec-7] DEBUG o.s.s.w.u.m.AntPathRequestMatcher - Request 'GET /bootstrap/js/bootstrap.js' doesn't match 'POST /logout
580325 [http-nio-8080-exec-4] DEBUG o.s.s.w.u.m.AntPathRequestMatcher - Request 'GET /jquery/jquery-2.1.3.js' doesn't match 'POST /logout
580325 [http-nio-8080-exec-7] DEBUG o.s.s.w.u.m.AntPathRequestMatcher - Checking match of request : '/bootstrap/js/bootstrap.js'; against '/static/**'
580325 [http-nio-8080-exec-4] DEBUG o.s.s.w.u.m.AntPathRequestMatcher - Checking match of request : '/jquery/jquery-2.1.3.js'; against '/static/**'
580325 [http-nio-8080-exec-4] DEBUG o.s.s.w.a.i.FilterSecurityInterceptor - Secure object: FilterInvocation: URL: /jquery/jquery-2.1.3.js; Attributes: [authenticated]
580325 [http-nio-8080-exec-7] DEBUG o.s.s.w.a.i.FilterSecurityInterceptor - Secure object: FilterInvocation: URL: /bootstrap/js/bootstrap.js; Attributes: [authenticated]
580325 [http-nio-8080-exec-3] DEBUG o.s.s.w.s.HttpSessionRequestCache - DefaultSavedRequest added to Session: DefaultSavedRequest[http://localhost:8080/bootstrap/css/bootstrap.css]
580325 [http-nio-8080-exec-4] DEBUG o.s.s.w.a.i.FilterSecurityInterceptor - Previously Authenticated: org.springframework.security.authentication.AnonymousAuthenticationToken@6fabe8e0: Principal: anonymousUser; Credentials: [PROTECTED]; Authenticated: true; Details: org.springframework.security.web.authentication.WebAuthenticationDetails@fffe9938: RemoteIpAddress: 0:0:0:0:0:0:0:1; SessionId: 760D79BA12046463C13AD8F04AD89B62; Granted Authorities: ROLE_ANONYMOUS
580325 [http-nio-8080-exec-3] DEBUG o.s.s.w.a.ExceptionTranslationFilter - Calling Authentication entry point.
580325 [http-nio-8080-exec-7] DEBUG o.s.s.w.a.i.FilterSecurityInterceptor - Previously Authenticated: org.springframework.security.authentication.AnonymousAuthenticationToken@6fabe8e0: Principal: anonymousUser; Credentials: [PROTECTED]; Authenticated: true; Details: org.springframework.security.web.authentication.WebAuthenticationDetails@fffe9938: RemoteIpAddress: 0:0:0:0:0:0:0:1; SessionId: 760D79BA12046463C13AD8F04AD89B62; Granted Authorities: ROLE_ANONYMOUS
580326 [http-nio-8080-exec-3] DEBUG o.s.s.web.DefaultRedirectStrategy - Redirecting to 'http://localhost:8080/login'
580326 [http-nio-8080-exec-3] DEBUG o.s.s.w.c.HttpSessionSecurityContextRepository - SecurityContext is empty or contents are anonymous - context will not be stored in HttpSession.
580326 [http-nio-8080-exec-7] DEBUG o.s.s.access.vote.AffirmativeBased - Voter: org.springframework.security.web.access.expression.WebExpressionVoter@7155916d, returned: -1
580326 [http-nio-8080-exec-4] DEBUG o.s.s.access.vote.AffirmativeBased - Voter: org.springframework.security.web.access.expression.WebExpressionVoter@7155916d, returned: -1
580326 [http-nio-8080-exec-3] DEBUG o.s.s.w.c.SecurityContextPersistenceFilter - SecurityContextHolder now cleared, as request processing completed
580326 [http-nio-8080-exec-4] DEBUG o.s.s.w.a.ExceptionTranslationFilter - Access is denied (user is anonymous); redirecting to authentication entry point
org.springframework.security.access.AccessDeniedException: Access is denied
	at org.springframework.security.access.vote.AffirmativeBased.decide(AffirmativeBased.java:84)
	at org.springframework.security.access.intercept.AbstractSecurityInterceptor.beforeInvocation(AbstractSecurityInterceptor.java:233)
	at org.springframework.security.web.access.intercept.FilterSecurityInterceptor.invoke(FilterSecurityInterceptor.java:124)
	at org.springframework.security.web.access.intercept.FilterSecurityInterceptor.doFilter(FilterSecurityInterceptor.java:91)
	at org.springframework.security.web.FilterChainProxy$VirtualFilterChain.doFilter(FilterChainProxy.java:331)
	at org.springframework.security.web.access.ExceptionTranslationFilter.doFilter(ExceptionTranslationFilter.java:114)
	at org.springframework.security.web.FilterChainProxy$VirtualFilterChain.doFilter(FilterChainProxy.java:331)
	at org.springframework.security.web.session.SessionManagementFilter.doFilter(SessionManagementFilter.java:137)
	at org.springframework.security.web.FilterChainProxy$VirtualFilterChain.doFilter(FilterChainProxy.java:331)
	at org.springframework.security.web.authentication.AnonymousAuthenticationFilter.doFilter(AnonymousAuthenticationFilter.java:111)
	at org.springframework.security.web.FilterChainProxy$VirtualFilterChain.doFilter(FilterChainProxy.java:331)
	at org.springframework.security.web.servletapi.SecurityContextHolderAwareRequestFilter.doFilter(SecurityContextHolderAwareRequestFilter.java:170)
	at org.springframework.security.web.FilterChainProxy$VirtualFilterChain.doFilter(FilterChainProxy.java:331)
	at org.springframework.security.web.savedrequest.RequestCacheAwareFilter.doFilter(RequestCacheAwareFilter.java:63)
	at org.springframework.security.web.FilterChainProxy$VirtualFilterChain.doFilter(FilterChainProxy.java:331)
	at org.springframework.security.web.authentication.AbstractAuthenticationProcessingFilter.doFilter(AbstractAuthenticationProcessingFilter.java:200)
	at org.springframework.security.web.FilterChainProxy$VirtualFilterChain.doFilter(FilterChainProxy.java:331)
	at org.springframework.security.web.authentication.logout.LogoutFilter.doFilter(LogoutFilter.java:116)
	at org.springframework.security.web.FilterChainProxy$VirtualFilterChain.doFilter(FilterChainProxy.java:331)
	at org.springframework.security.web.csrf.CsrfFilter.doFilterInternal(CsrfFilter.java:100)
	at org.springframework.web.filter.OncePerRequestFilter.doFilter(OncePerRequestFilter.java:107)
	at org.springframework.security.web.FilterChainProxy$VirtualFilterChain.doFilter(FilterChainProxy.java:331)
	at org.springframework.security.web.header.HeaderWriterFilter.doFilterInternal(HeaderWriterFilter.java:64)
	at org.springframework.web.filter.OncePerRequestFilter.doFilter(OncePerRequestFilter.java:107)
	at org.springframework.security.web.FilterChainProxy$VirtualFilterChain.doFilter(FilterChainProxy.java:331)
	at org.springframework.security.web.context.SecurityContextPersistenceFilter.doFilter(SecurityContextPersistenceFilter.java:105)
	at org.springframework.security.web.FilterChainProxy$VirtualFilterChain.doFilter(FilterChainProxy.java:331)
	at org.springframework.security.web.context.request.async.WebAsyncManagerIntegrationFilter.doFilterInternal(WebAsyncManagerIntegrationFilter.java:56)
	at org.springframework.web.filter.OncePerRequestFilter.doFilter(OncePerRequestFilter.java:107)
	at org.springframework.security.web.FilterChainProxy$VirtualFilterChain.doFilter(FilterChainProxy.java:331)
	at org.springframework.security.web.FilterChainProxy.doFilterInternal(FilterChainProxy.java:214)
	at org.springframework.security.web.FilterChainProxy.doFilter(FilterChainProxy.java:177)
	at org.springframework.web.filter.DelegatingFilterProxy.invokeDelegate(DelegatingFilterProxy.java:347)
	at org.springframework.web.filter.DelegatingFilterProxy.doFilter(DelegatingFilterProxy.java:263)
	at org.apache.catalina.core.ApplicationFilterChain.internalDoFilter(ApplicationFilterChain.java:193)
	at org.apache.catalina.core.ApplicationFilterChain.doFilter(ApplicationFilterChain.java:166)
	at org.springframework.web.filter.RequestContextFilter.doFilterInternal(RequestContextFilter.java:99)
	at org.springframework.web.filter.OncePerRequestFilter.doFilter(OncePerRequestFilter.java:107)
	at org.apache.catalina.core.ApplicationFilterChain.internalDoFilter(ApplicationFilterChain.java:193)
	at org.apache.catalina.core.ApplicationFilterChain.doFilter(ApplicationFilterChain.java:166)
	at org.springframework.web.filter.HttpPutFormContentFilter.doFilterInternal(HttpPutFormContentFilter.java:108)
	at org.springframework.web.filter.OncePerRequestFilter.doFilter(OncePerRequestFilter.java:107)
	at org.apache.catalina.core.ApplicationFilterChain.internalDoFilter(ApplicationFilterChain.java:193)
	at org.apache.catalina.core.ApplicationFilterChain.doFilter(ApplicationFilterChain.java:166)
	at org.springframework.web.filter.HiddenHttpMethodFilter.doFilterInternal(HiddenHttpMethodFilter.java:81)
	at org.springframework.web.filter.OncePerRequestFilter.doFilter(OncePerRequestFilter.java:107)
	at org.apache.catalina.core.ApplicationFilterChain.internalDoFilter(ApplicationFilterChain.java:193)
	at org.apache.catalina.core.ApplicationFilterChain.doFilter(ApplicationFilterChain.java:166)
	at org.springframework.web.filter.CharacterEncodingFilter.doFilterInternal(CharacterEncodingFilter.java:197)
	at org.springframework.web.filter.OncePerRequestFilter.doFilter(OncePerRequestFilter.java:107)
	at org.apache.catalina.core.ApplicationFilterChain.internalDoFilter(ApplicationFilterChain.java:193)
	at org.apache.catalina.core.ApplicationFilterChain.doFilter(ApplicationFilterChain.java:166)
	at org.apache.catalina.core.StandardWrapperValve.invoke(StandardWrapperValve.java:199)
	at org.apache.catalina.core.StandardContextValve.invoke(StandardContextValve.java:96)
	at org.apache.catalina.authenticator.AuthenticatorBase.invoke(AuthenticatorBase.java:478)
	at org.apache.catalina.core.StandardHostValve.invoke(StandardHostValve.java:140)
	at org.apache.catalina.valves.ErrorReportValve.invoke(ErrorReportValve.java:81)
	at org.apache.catalina.core.StandardEngineValve.invoke(StandardEngineValve.java:87)
	at org.apache.catalina.connector.CoyoteAdapter.service(CoyoteAdapter.java:342)
	at org.apache.coyote.http11.Http11Processor.service(Http11Processor.java:803)
	at org.apache.coyote.AbstractProcessorLight.process(AbstractProcessorLight.java:66)
	at org.apache.coyote.AbstractProtocol$ConnectionHandler.process(AbstractProtocol.java:868)
	at org.apache.tomcat.util.net.NioEndpoint$SocketProcessor.doRun(NioEndpoint.java:1459)
	at org.apache.tomcat.util.net.SocketProcessorBase.run(SocketProcessorBase.java:49)
	at java.util.concurrent.ThreadPoolExecutor.runWorker(ThreadPoolExecutor.java:1149)
	at java.util.concurrent.ThreadPoolExecutor$Worker.run(ThreadPoolExecutor.java:624)
	at org.apache.tomcat.util.threads.TaskThread$WrappingRunnable.run(TaskThread.java:61)
	at java.lang.Thread.run(Thread.java:748)
580326 [http-nio-8080-exec-7] DEBUG o.s.s.w.a.ExceptionTranslationFilter - Access is denied (user is anonymous); redirecting to authentication entry point
org.springframework.security.access.AccessDeniedException: Access is denied
	at org.springframework.security.access.vote.AffirmativeBased.decide(AffirmativeBased.java:84)
	at org.springframework.security.access.intercept.AbstractSecurityInterceptor.beforeInvocation(AbstractSecurityInterceptor.java:233)
	at org.springframework.security.web.access.intercept.FilterSecurityInterceptor.invoke(FilterSecurityInterceptor.java:124)
	at org.springframework.security.web.access.intercept.FilterSecurityInterceptor.doFilter(FilterSecurityInterceptor.java:91)
	at org.springframework.security.web.FilterChainProxy$VirtualFilterChain.doFilter(FilterChainProxy.java:331)
	at org.springframework.security.web.access.ExceptionTranslationFilter.doFilter(ExceptionTranslationFilter.java:114)
	at org.springframework.security.web.FilterChainProxy$VirtualFilterChain.doFilter(FilterChainProxy.java:331)
	at org.springframework.security.web.session.SessionManagementFilter.doFilter(SessionManagementFilter.java:137)
	at org.springframework.security.web.FilterChainProxy$VirtualFilterChain.doFilter(FilterChainProxy.java:331)
	at org.springframework.security.web.authentication.AnonymousAuthenticationFilter.doFilter(AnonymousAuthenticationFilter.java:111)
	at org.springframework.security.web.FilterChainProxy$VirtualFilterChain.doFilter(FilterChainProxy.java:331)
	at org.springframework.security.web.servletapi.SecurityContextHolderAwareRequestFilter.doFilter(SecurityContextHolderAwareRequestFilter.java:170)
	at org.springframework.security.web.FilterChainProxy$VirtualFilterChain.doFilter(FilterChainProxy.java:331)
	at org.springframework.security.web.savedrequest.RequestCacheAwareFilter.doFilter(RequestCacheAwareFilter.java:63)
	at org.springframework.security.web.FilterChainProxy$VirtualFilterChain.doFilter(FilterChainProxy.java:331)
	at org.springframework.security.web.authentication.AbstractAuthenticationProcessingFilter.doFilter(AbstractAuthenticationProcessingFilter.java:200)
	at org.springframework.security.web.FilterChainProxy$VirtualFilterChain.doFilter(FilterChainProxy.java:331)
	at org.springframework.security.web.authentication.logout.LogoutFilter.doFilter(LogoutFilter.java:116)
	at org.springframework.security.web.FilterChainProxy$VirtualFilterChain.doFilter(FilterChainProxy.java:331)
	at org.springframework.security.web.csrf.CsrfFilter.doFilterInternal(CsrfFilter.java:100)
	at org.springframework.web.filter.OncePerRequestFilter.doFilter(OncePerRequestFilter.java:107)
	at org.springframework.security.web.FilterChainProxy$VirtualFilterChain.doFilter(FilterChainProxy.java:331)
	at org.springframework.security.web.header.HeaderWriterFilter.doFilterInternal(HeaderWriterFilter.java:64)
	at org.springframework.web.filter.OncePerRequestFilter.doFilter(OncePerRequestFilter.java:107)
	at org.springframework.security.web.FilterChainProxy$VirtualFilterChain.doFilter(FilterChainProxy.java:331)
	at org.springframework.security.web.context.SecurityContextPersistenceFilter.doFilter(SecurityContextPersistenceFilter.java:105)
	at org.springframework.security.web.FilterChainProxy$VirtualFilterChain.doFilter(FilterChainProxy.java:331)
	at org.springframework.security.web.context.request.async.WebAsyncManagerIntegrationFilter.doFilterInternal(WebAsyncManagerIntegrationFilter.java:56)
	at org.springframework.web.filter.OncePerRequestFilter.doFilter(OncePerRequestFilter.java:107)
	at org.springframework.security.web.FilterChainProxy$VirtualFilterChain.doFilter(FilterChainProxy.java:331)
	at org.springframework.security.web.FilterChainProxy.doFilterInternal(FilterChainProxy.java:214)
	at org.springframework.security.web.FilterChainProxy.doFilter(FilterChainProxy.java:177)
	at org.springframework.web.filter.DelegatingFilterProxy.invokeDelegate(DelegatingFilterProxy.java:347)
	at org.springframework.web.filter.DelegatingFilterProxy.doFilter(DelegatingFilterProxy.java:263)
	at org.apache.catalina.core.ApplicationFilterChain.internalDoFilter(ApplicationFilterChain.java:193)
	at org.apache.catalina.core.ApplicationFilterChain.doFilter(ApplicationFilterChain.java:166)
	at org.springframework.web.filter.RequestContextFilter.doFilterInternal(RequestContextFilter.java:99)
	at org.springframework.web.filter.OncePerRequestFilter.doFilter(OncePerRequestFilter.java:107)
	at org.apache.catalina.core.ApplicationFilterChain.internalDoFilter(ApplicationFilterChain.java:193)
	at org.apache.catalina.core.ApplicationFilterChain.doFilter(ApplicationFilterChain.java:166)
	at org.springframework.web.filter.HttpPutFormContentFilter.doFilterInternal(HttpPutFormContentFilter.java:108)
	at org.springframework.web.filter.OncePerRequestFilter.doFilter(OncePerRequestFilter.java:107)
	at org.apache.catalina.core.ApplicationFilterChain.internalDoFilter(ApplicationFilterChain.java:193)
	at org.apache.catalina.core.ApplicationFilterChain.doFilter(ApplicationFilterChain.java:166)
	at org.springframework.web.filter.HiddenHttpMethodFilter.doFilterInternal(HiddenHttpMethodFilter.java:81)
	at org.springframework.web.filter.OncePerRequestFilter.doFilter(OncePerRequestFilter.java:107)
	at org.apache.catalina.core.ApplicationFilterChain.internalDoFilter(ApplicationFilterChain.java:193)
	at org.apache.catalina.core.ApplicationFilterChain.doFilter(ApplicationFilterChain.java:166)
	at org.springframework.web.filter.CharacterEncodingFilter.doFilterInternal(CharacterEncodingFilter.java:197)
	at org.springframework.web.filter.OncePerRequestFilter.doFilter(OncePerRequestFilter.java:107)
	at org.apache.catalina.core.ApplicationFilterChain.internalDoFilter(ApplicationFilterChain.java:193)
	at org.apache.catalina.core.ApplicationFilterChain.doFilter(ApplicationFilterChain.java:166)
	at org.apache.catalina.core.StandardWrapperValve.invoke(StandardWrapperValve.java:199)
	at org.apache.catalina.core.StandardContextValve.invoke(StandardContextValve.java:96)
	at org.apache.catalina.authenticator.AuthenticatorBase.invoke(AuthenticatorBase.java:478)
	at org.apache.catalina.core.StandardHostValve.invoke(StandardHostValve.java:140)
	at org.apache.catalina.valves.ErrorReportValve.invoke(ErrorReportValve.java:81)
	at org.apache.catalina.core.StandardEngineValve.invoke(StandardEngineValve.java:87)
	at org.apache.catalina.connector.CoyoteAdapter.service(CoyoteAdapter.java:342)
	at org.apache.coyote.http11.Http11Processor.service(Http11Processor.java:803)
	at org.apache.coyote.AbstractProcessorLight.process(AbstractProcessorLight.java:66)
	at org.apache.coyote.AbstractProtocol$ConnectionHandler.process(AbstractProtocol.java:868)
	at org.apache.tomcat.util.net.NioEndpoint$SocketProcessor.doRun(NioEndpoint.java:1459)
	at org.apache.tomcat.util.net.SocketProcessorBase.run(SocketProcessorBase.java:49)
	at java.util.concurrent.ThreadPoolExecutor.runWorker(ThreadPoolExecutor.java:1149)
	at java.util.concurrent.ThreadPoolExecutor$Worker.run(ThreadPoolExecutor.java:624)
	at org.apache.tomcat.util.threads.TaskThread$WrappingRunnable.run(TaskThread.java:61)
	at java.lang.Thread.run(Thread.java:748)
580327 [http-nio-8080-exec-4] DEBUG o.s.s.w.u.matcher.AndRequestMatcher - Trying to match using Ant [pattern='/**', GET]
580327 [http-nio-8080-exec-7] DEBUG o.s.s.w.u.matcher.AndRequestMatcher - Trying to match using Ant [pattern='/**', GET]
580327 [http-nio-8080-exec-4] DEBUG o.s.s.w.u.m.AntPathRequestMatcher - Request '/jquery/jquery-2.1.3.js' matched by universal pattern '/**'
580327 [http-nio-8080-exec-7] DEBUG o.s.s.w.u.m.AntPathRequestMatcher - Request '/bootstrap/js/bootstrap.js' matched by universal pattern '/**'
580327 [http-nio-8080-exec-4] DEBUG o.s.s.w.u.matcher.AndRequestMatcher - Trying to match using NegatedRequestMatcher [requestMatcher=Ant [pattern='/**/favicon.ico']]
580327 [http-nio-8080-exec-7] DEBUG o.s.s.w.u.matcher.AndRequestMatcher - Trying to match using NegatedRequestMatcher [requestMatcher=Ant [pattern='/**/favicon.ico']]
580327 [http-nio-8080-exec-4] DEBUG o.s.s.w.u.m.AntPathRequestMatcher - Checking match of request : '/jquery/jquery-2.1.3.js'; against '/**/favicon.ico'
580327 [http-nio-8080-exec-7] DEBUG o.s.s.w.u.m.AntPathRequestMatcher - Checking match of request : '/bootstrap/js/bootstrap.js'; against '/**/favicon.ico'
580327 [http-nio-8080-exec-4] DEBUG o.s.s.w.u.m.NegatedRequestMatcher - matches = true
580327 [http-nio-8080-exec-7] DEBUG o.s.s.w.u.m.NegatedRequestMatcher - matches = true
580327 [http-nio-8080-exec-4] DEBUG o.s.s.w.u.matcher.AndRequestMatcher - Trying to match using NegatedRequestMatcher [requestMatcher=MediaTypeRequestMatcher [contentNegotiationStrategy=org.springframework.web.accept.ContentNegotiationManager@34a84d5e, matchingMediaTypes=[application/json], useEquals=false, ignoredMediaTypes=[*/*]]]
580327 [http-nio-8080-exec-7] DEBUG o.s.s.w.u.matcher.AndRequestMatcher - Trying to match using NegatedRequestMatcher [requestMatcher=MediaTypeRequestMatcher [contentNegotiationStrategy=org.springframework.web.accept.ContentNegotiationManager@34a84d5e, matchingMediaTypes=[application/json], useEquals=false, ignoredMediaTypes=[*/*]]]
580327 [http-nio-8080-exec-4] DEBUG o.s.s.w.u.m.MediaTypeRequestMatcher - httpRequestMediaTypes=[application/javascript]
580327 [http-nio-8080-exec-7] DEBUG o.s.s.w.u.m.MediaTypeRequestMatcher - httpRequestMediaTypes=[application/javascript]
580327 [http-nio-8080-exec-4] DEBUG o.s.s.w.u.m.MediaTypeRequestMatcher - Processing application/javascript
580327 [http-nio-8080-exec-7] DEBUG o.s.s.w.u.m.MediaTypeRequestMatcher - Processing application/javascript
580327 [http-nio-8080-exec-4] DEBUG o.s.s.w.u.m.MediaTypeRequestMatcher - application/json .isCompatibleWith application/javascript = false
580327 [http-nio-8080-exec-7] DEBUG o.s.s.w.u.m.MediaTypeRequestMatcher - application/json .isCompatibleWith application/javascript = false
580327 [http-nio-8080-exec-4] DEBUG o.s.s.w.u.m.MediaTypeRequestMatcher - Did not match any media types
580327 [http-nio-8080-exec-7] DEBUG o.s.s.w.u.m.MediaTypeRequestMatcher - Did not match any media types
580327 [http-nio-8080-exec-4] DEBUG o.s.s.w.u.m.NegatedRequestMatcher - matches = true
580327 [http-nio-8080-exec-7] DEBUG o.s.s.w.u.m.NegatedRequestMatcher - matches = true
580327 [http-nio-8080-exec-4] DEBUG o.s.s.w.u.matcher.AndRequestMatcher - Trying to match using NegatedRequestMatcher [requestMatcher=RequestHeaderRequestMatcher [expectedHeaderName=X-Requested-With, expectedHeaderValue=XMLHttpRequest]]
580327 [http-nio-8080-exec-7] DEBUG o.s.s.w.u.matcher.AndRequestMatcher - Trying to match using NegatedRequestMatcher [requestMatcher=RequestHeaderRequestMatcher [expectedHeaderName=X-Requested-With, expectedHeaderValue=XMLHttpRequest]]
580327 [http-nio-8080-exec-4] DEBUG o.s.s.w.u.m.NegatedRequestMatcher - matches = true
580327 [http-nio-8080-exec-7] DEBUG o.s.s.w.u.m.NegatedRequestMatcher - matches = true
580327 [http-nio-8080-exec-4] DEBUG o.s.s.w.u.matcher.AndRequestMatcher - All requestMatchers returned true
580327 [http-nio-8080-exec-7] DEBUG o.s.s.w.u.matcher.AndRequestMatcher - All requestMatchers returned true
580328 [http-nio-8080-exec-7] DEBUG o.s.s.w.s.HttpSessionRequestCache - DefaultSavedRequest added to Session: DefaultSavedRequest[http://localhost:8080/bootstrap/js/bootstrap.js]
580328 [http-nio-8080-exec-4] DEBUG o.s.s.w.s.HttpSessionRequestCache - DefaultSavedRequest added to Session: DefaultSavedRequest[http://localhost:8080/jquery/jquery-2.1.3.js]
580328 [http-nio-8080-exec-7] DEBUG o.s.s.w.a.ExceptionTranslationFilter - Calling Authentication entry point.
580328 [http-nio-8080-exec-4] DEBUG o.s.s.w.a.ExceptionTranslationFilter - Calling Authentication entry point.
580328 [http-nio-8080-exec-7] DEBUG o.s.s.web.DefaultRedirectStrategy - Redirecting to 'http://localhost:8080/login'
580328 [http-nio-8080-exec-4] DEBUG o.s.s.web.DefaultRedirectStrategy - Redirecting to 'http://localhost:8080/login'
580328 [http-nio-8080-exec-7] DEBUG o.s.s.w.c.HttpSessionSecurityContextRepository - SecurityContext is empty or contents are anonymous - context will not be stored in HttpSession.
580328 [http-nio-8080-exec-4] DEBUG o.s.s.w.c.HttpSessionSecurityContextRepository - SecurityContext is empty or contents are anonymous - context will not be stored in HttpSession.
580328 [http-nio-8080-exec-4] DEBUG o.s.s.w.c.SecurityContextPersistenceFilter - SecurityContextHolder now cleared, as request processing completed
580328 [http-nio-8080-exec-7] DEBUG o.s.s.w.c.SecurityContextPersistenceFilter - SecurityContextHolder now cleared, as request processing completed
580328 [http-nio-8080-exec-2] DEBUG o.s.s.w.u.matcher.OrRequestMatcher - Trying to match using Ant [pattern='/css/**']
580328 [http-nio-8080-exec-2] DEBUG o.s.s.w.u.m.AntPathRequestMatcher - Checking match of request : '/login'; against '/css/**'
580328 [http-nio-8080-exec-2] DEBUG o.s.s.w.u.matcher.OrRequestMatcher - Trying to match using Ant [pattern='/js/**']
580328 [http-nio-8080-exec-2] DEBUG o.s.s.w.u.m.AntPathRequestMatcher - Checking match of request : '/login'; against '/js/**'
580328 [http-nio-8080-exec-2] DEBUG o.s.s.w.u.matcher.OrRequestMatcher - Trying to match using Ant [pattern='/images/**']
580328 [http-nio-8080-exec-2] DEBUG o.s.s.w.u.m.AntPathRequestMatcher - Checking match of request : '/login'; against '/images/**'
580328 [http-nio-8080-exec-2] DEBUG o.s.s.w.u.matcher.OrRequestMatcher - Trying to match using Ant [pattern='/webjars/**']
580328 [http-nio-8080-exec-2] DEBUG o.s.s.w.u.m.AntPathRequestMatcher - Checking match of request : '/login'; against '/webjars/**'
580328 [http-nio-8080-exec-2] DEBUG o.s.s.w.u.matcher.OrRequestMatcher - Trying to match using Ant [pattern='/**/favicon.ico']
580328 [http-nio-8080-exec-2] DEBUG o.s.s.w.u.m.AntPathRequestMatcher - Checking match of request : '/login'; against '/**/favicon.ico'
580328 [http-nio-8080-exec-2] DEBUG o.s.s.w.u.matcher.OrRequestMatcher - Trying to match using Ant [pattern='/error']
580328 [http-nio-8080-exec-2] DEBUG o.s.s.w.u.m.AntPathRequestMatcher - Checking match of request : '/login'; against '/error'
580328 [http-nio-8080-exec-2] DEBUG o.s.s.w.u.matcher.OrRequestMatcher - No matches found
580328 [http-nio-8080-exec-2] DEBUG o.s.security.web.FilterChainProxy - /login at position 1 of 12 in additional filter chain; firing Filter: 'WebAsyncManagerIntegrationFilter'
580328 [http-nio-8080-exec-2] DEBUG o.s.security.web.FilterChainProxy - /login at position 2 of 12 in additional filter chain; firing Filter: 'SecurityContextPersistenceFilter'
580328 [http-nio-8080-exec-2] DEBUG o.s.s.w.c.HttpSessionSecurityContextRepository - HttpSession returned null object for SPRING_SECURITY_CONTEXT
580328 [http-nio-8080-exec-2] DEBUG o.s.s.w.c.HttpSessionSecurityContextRepository - No SecurityContext was available from the HttpSession: org.apache.catalina.session.StandardSessionFacade@30689b56. A new one will be created.
580328 [http-nio-8080-exec-2] DEBUG o.s.security.web.FilterChainProxy - /login at position 3 of 12 in additional filter chain; firing Filter: 'HeaderWriterFilter'
580333 [http-nio-8080-exec-2] DEBUG o.s.s.w.h.writers.HstsHeaderWriter - Not injecting HSTS header since it did not match the requestMatcher org.springframework.security.web.header.writers.HstsHeaderWriter$SecureRequestMatcher@34571983
580333 [http-nio-8080-exec-2] DEBUG o.s.security.web.FilterChainProxy - /login at position 4 of 12 in additional filter chain; firing Filter: 'CsrfFilter'
580333 [http-nio-8080-exec-2] DEBUG o.s.security.web.FilterChainProxy - /login at position 5 of 12 in additional filter chain; firing Filter: 'LogoutFilter'
580333 [http-nio-8080-exec-2] DEBUG o.s.s.w.u.m.AntPathRequestMatcher - Request 'GET /login' doesn't match 'POST /logout
580333 [http-nio-8080-exec-2] DEBUG o.s.security.web.FilterChainProxy - /login at position 6 of 12 in additional filter chain; firing Filter: 'UsernamePasswordAuthenticationFilter'
580333 [http-nio-8080-exec-2] DEBUG o.s.s.w.u.m.AntPathRequestMatcher - Request 'GET /login' doesn't match 'POST /login
580333 [http-nio-8080-exec-2] DEBUG o.s.security.web.FilterChainProxy - /login at position 7 of 12 in additional filter chain; firing Filter: 'RequestCacheAwareFilter'
580333 [http-nio-8080-exec-2] DEBUG o.s.s.w.s.DefaultSavedRequest - pathInfo: both null (property equals)
580333 [http-nio-8080-exec-2] DEBUG o.s.s.w.s.DefaultSavedRequest - queryString: both null (property equals)
580333 [http-nio-8080-exec-2] DEBUG o.s.s.w.s.DefaultSavedRequest - requestURI: arg1=/jquery/jquery-2.1.3.js; arg2=/login (property not equals)
580333 [http-nio-8080-exec-2] DEBUG o.s.s.w.s.HttpSessionRequestCache - saved request doesn't match
580333 [http-nio-8080-exec-2] DEBUG o.s.security.web.FilterChainProxy - /login at position 8 of 12 in additional filter chain; firing Filter: 'SecurityContextHolderAwareRequestFilter'
580333 [http-nio-8080-exec-2] DEBUG o.s.security.web.FilterChainProxy - /login at position 9 of 12 in additional filter chain; firing Filter: 'AnonymousAuthenticationFilter'
580333 [http-nio-8080-exec-2] DEBUG o.s.s.w.a.AnonymousAuthenticationFilter - Populated SecurityContextHolder with anonymous token: 'org.springframework.security.authentication.AnonymousAuthenticationToken@6fabe8e0: Principal: anonymousUser; Credentials: [PROTECTED]; Authenticated: true; Details: org.springframework.security.web.authentication.WebAuthenticationDetails@fffe9938: RemoteIpAddress: 0:0:0:0:0:0:0:1; SessionId: 760D79BA12046463C13AD8F04AD89B62; Granted Authorities: ROLE_ANONYMOUS'
580333 [http-nio-8080-exec-2] DEBUG o.s.security.web.FilterChainProxy - /login at position 10 of 12 in additional filter chain; firing Filter: 'SessionManagementFilter'
580333 [http-nio-8080-exec-2] DEBUG o.s.security.web.FilterChainProxy - /login at position 11 of 12 in additional filter chain; firing Filter: 'ExceptionTranslationFilter'
580333 [http-nio-8080-exec-2] DEBUG o.s.security.web.FilterChainProxy - /login at position 12 of 12 in additional filter chain; firing Filter: 'FilterSecurityInterceptor'
580333 [http-nio-8080-exec-2] DEBUG o.s.s.w.a.i.FilterSecurityInterceptor - Secure object: FilterInvocation: URL: /login; Attributes: [permitAll]
580333 [http-nio-8080-exec-2] DEBUG o.s.s.w.a.i.FilterSecurityInterceptor - Previously Authenticated: org.springframework.security.authentication.AnonymousAuthenticationToken@6fabe8e0: Principal: anonymousUser; Credentials: [PROTECTED]; Authenticated: true; Details: org.springframework.security.web.authentication.WebAuthenticationDetails@fffe9938: RemoteIpAddress: 0:0:0:0:0:0:0:1; SessionId: 760D79BA12046463C13AD8F04AD89B62; Granted Authorities: ROLE_ANONYMOUS
580333 [http-nio-8080-exec-2] DEBUG o.s.s.access.vote.AffirmativeBased - Voter: org.springframework.security.web.access.expression.WebExpressionVoter@7155916d, returned: 1
580333 [http-nio-8080-exec-2] DEBUG o.s.s.w.a.i.FilterSecurityInterceptor - Authorization successful
580333 [http-nio-8080-exec-2] DEBUG o.s.s.w.a.i.FilterSecurityInterceptor - RunAsManager did not change Authentication object
580334 [http-nio-8080-exec-2] DEBUG o.s.security.web.FilterChainProxy - /login reached end of additional filter chain; proceeding with original chain
580336 [http-nio-8080-exec-2] DEBUG o.s.s.w.c.HttpSessionSecurityContextRepository - SecurityContext is empty or contents are anonymous - context will not be stored in HttpSession.
580336 [http-nio-8080-exec-2] DEBUG o.s.s.w.a.ExceptionTranslationFilter - Chain processed normally
580337 [http-nio-8080-exec-2] DEBUG o.s.s.w.c.SecurityContextPersistenceFilter - SecurityContextHolder now cleared, as request processing completed
580338 [http-nio-8080-exec-6] DEBUG o.s.s.w.u.matcher.OrRequestMatcher - Trying to match using Ant [pattern='/css/**']
580338 [http-nio-8080-exec-5] DEBUG o.s.s.w.u.matcher.OrRequestMatcher - Trying to match using Ant [pattern='/css/**']
580338 [http-nio-8080-exec-6] DEBUG o.s.s.w.u.m.AntPathRequestMatcher - Checking match of request : '/login'; against '/css/**'
580338 [http-nio-8080-exec-5] DEBUG o.s.s.w.u.m.AntPathRequestMatcher - Checking match of request : '/login'; against '/css/**'
580338 [http-nio-8080-exec-6] DEBUG o.s.s.w.u.matcher.OrRequestMatcher - Trying to match using Ant [pattern='/js/**']
580338 [http-nio-8080-exec-5] DEBUG o.s.s.w.u.matcher.OrRequestMatcher - Trying to match using Ant [pattern='/js/**']
580338 [http-nio-8080-exec-6] DEBUG o.s.s.w.u.m.AntPathRequestMatcher - Checking match of request : '/login'; against '/js/**'
580338 [http-nio-8080-exec-5] DEBUG o.s.s.w.u.m.AntPathRequestMatcher - Checking match of request : '/login'; against '/js/**'
580338 [http-nio-8080-exec-6] DEBUG o.s.s.w.u.matcher.OrRequestMatcher - Trying to match using Ant [pattern='/images/**']
580338 [http-nio-8080-exec-5] DEBUG o.s.s.w.u.matcher.OrRequestMatcher - Trying to match using Ant [pattern='/images/**']
580338 [http-nio-8080-exec-6] DEBUG o.s.s.w.u.m.AntPathRequestMatcher - Checking match of request : '/login'; against '/images/**'
580338 [http-nio-8080-exec-5] DEBUG o.s.s.w.u.m.AntPathRequestMatcher - Checking match of request : '/login'; against '/images/**'
580338 [http-nio-8080-exec-6] DEBUG o.s.s.w.u.matcher.OrRequestMatcher - Trying to match using Ant [pattern='/webjars/**']
580338 [http-nio-8080-exec-5] DEBUG o.s.s.w.u.matcher.OrRequestMatcher - Trying to match using Ant [pattern='/webjars/**']
580338 [http-nio-8080-exec-6] DEBUG o.s.s.w.u.m.AntPathRequestMatcher - Checking match of request : '/login'; against '/webjars/**'
580338 [http-nio-8080-exec-5] DEBUG o.s.s.w.u.m.AntPathRequestMatcher - Checking match of request : '/login'; against '/webjars/**'
580338 [http-nio-8080-exec-6] DEBUG o.s.s.w.u.matcher.OrRequestMatcher - Trying to match using Ant [pattern='/**/favicon.ico']
580338 [http-nio-8080-exec-5] DEBUG o.s.s.w.u.matcher.OrRequestMatcher - Trying to match using Ant [pattern='/**/favicon.ico']
580338 [http-nio-8080-exec-6] DEBUG o.s.s.w.u.m.AntPathRequestMatcher - Checking match of request : '/login'; against '/**/favicon.ico'
580338 [http-nio-8080-exec-5] DEBUG o.s.s.w.u.m.AntPathRequestMatcher - Checking match of request : '/login'; against '/**/favicon.ico'
580338 [http-nio-8080-exec-6] DEBUG o.s.s.w.u.matcher.OrRequestMatcher - Trying to match using Ant [pattern='/error']
580338 [http-nio-8080-exec-5] DEBUG o.s.s.w.u.matcher.OrRequestMatcher - Trying to match using Ant [pattern='/error']
580338 [http-nio-8080-exec-6] DEBUG o.s.s.w.u.m.AntPathRequestMatcher - Checking match of request : '/login'; against '/error'
580338 [http-nio-8080-exec-5] DEBUG o.s.s.w.u.m.AntPathRequestMatcher - Checking match of request : '/login'; against '/error'
580338 [http-nio-8080-exec-6] DEBUG o.s.s.w.u.matcher.OrRequestMatcher - No matches found
580338 [http-nio-8080-exec-5] DEBUG o.s.s.w.u.matcher.OrRequestMatcher - No matches found
580338 [http-nio-8080-exec-6] DEBUG o.s.security.web.FilterChainProxy - /login at position 1 of 12 in additional filter chain; firing Filter: 'WebAsyncManagerIntegrationFilter'
580338 [http-nio-8080-exec-5] DEBUG o.s.security.web.FilterChainProxy - /login at position 1 of 12 in additional filter chain; firing Filter: 'WebAsyncManagerIntegrationFilter'
580338 [http-nio-8080-exec-6] DEBUG o.s.security.web.FilterChainProxy - /login at position 2 of 12 in additional filter chain; firing Filter: 'SecurityContextPersistenceFilter'
580340 [http-nio-8080-exec-5] DEBUG o.s.security.web.FilterChainProxy - /login at position 2 of 12 in additional filter chain; firing Filter: 'SecurityContextPersistenceFilter'
580340 [http-nio-8080-exec-6] DEBUG o.s.s.w.c.HttpSessionSecurityContextRepository - HttpSession returned null object for SPRING_SECURITY_CONTEXT
580340 [http-nio-8080-exec-5] DEBUG o.s.s.w.c.HttpSessionSecurityContextRepository - HttpSession returned null object for SPRING_SECURITY_CONTEXT
580340 [http-nio-8080-exec-6] DEBUG o.s.s.w.c.HttpSessionSecurityContextRepository - No SecurityContext was available from the HttpSession: org.apache.catalina.session.StandardSessionFacade@30689b56. A new one will be created.
580340 [http-nio-8080-exec-5] DEBUG o.s.s.w.c.HttpSessionSecurityContextRepository - No SecurityContext was available from the HttpSession: org.apache.catalina.session.StandardSessionFacade@30689b56. A new one will be created.
580340 [http-nio-8080-exec-5] DEBUG o.s.security.web.FilterChainProxy - /login at position 3 of 12 in additional filter chain; firing Filter: 'HeaderWriterFilter'
580340 [http-nio-8080-exec-6] DEBUG o.s.security.web.FilterChainProxy - /login at position 3 of 12 in additional filter chain; firing Filter: 'HeaderWriterFilter'
580340 [http-nio-8080-exec-5] DEBUG o.s.s.w.h.writers.HstsHeaderWriter - Not injecting HSTS header since it did not match the requestMatcher org.springframework.security.web.header.writers.HstsHeaderWriter$SecureRequestMatcher@34571983
580340 [http-nio-8080-exec-5] DEBUG o.s.security.web.FilterChainProxy - /login at position 4 of 12 in additional filter chain; firing Filter: 'CsrfFilter'
580340 [http-nio-8080-exec-6] DEBUG o.s.s.w.h.writers.HstsHeaderWriter - Not injecting HSTS header since it did not match the requestMatcher org.springframework.security.web.header.writers.HstsHeaderWriter$SecureRequestMatcher@34571983
580340 [http-nio-8080-exec-5] DEBUG o.s.security.web.FilterChainProxy - /login at position 5 of 12 in additional filter chain; firing Filter: 'LogoutFilter'
580340 [http-nio-8080-exec-6] DEBUG o.s.security.web.FilterChainProxy - /login at position 4 of 12 in additional filter chain; firing Filter: 'CsrfFilter'
580340 [http-nio-8080-exec-5] DEBUG o.s.s.w.u.m.AntPathRequestMatcher - Request 'GET /login' doesn't match 'POST /logout
580340 [http-nio-8080-exec-6] DEBUG o.s.security.web.FilterChainProxy - /login at position 5 of 12 in additional filter chain; firing Filter: 'LogoutFilter'
580340 [http-nio-8080-exec-6] DEBUG o.s.s.w.u.m.AntPathRequestMatcher - Request 'GET /login' doesn't match 'POST /logout
580340 [http-nio-8080-exec-6] DEBUG o.s.security.web.FilterChainProxy - /login at position 6 of 12 in additional filter chain; firing Filter: 'UsernamePasswordAuthenticationFilter'
580340 [http-nio-8080-exec-5] DEBUG o.s.security.web.FilterChainProxy - /login at position 6 of 12 in additional filter chain; firing Filter: 'UsernamePasswordAuthenticationFilter'
580340 [http-nio-8080-exec-6] DEBUG o.s.s.w.u.m.AntPathRequestMatcher - Request 'GET /login' doesn't match 'POST /login
580340 [http-nio-8080-exec-5] DEBUG o.s.s.w.u.m.AntPathRequestMatcher - Request 'GET /login' doesn't match 'POST /login
580340 [http-nio-8080-exec-5] DEBUG o.s.security.web.FilterChainProxy - /login at position 7 of 12 in additional filter chain; firing Filter: 'RequestCacheAwareFilter'
580340 [http-nio-8080-exec-6] DEBUG o.s.security.web.FilterChainProxy - /login at position 7 of 12 in additional filter chain; firing Filter: 'RequestCacheAwareFilter'
580340 [http-nio-8080-exec-5] DEBUG o.s.s.w.s.DefaultSavedRequest - pathInfo: both null (property equals)
580340 [http-nio-8080-exec-6] DEBUG o.s.s.w.s.DefaultSavedRequest - pathInfo: both null (property equals)
580340 [http-nio-8080-exec-5] DEBUG o.s.s.w.s.DefaultSavedRequest - queryString: both null (property equals)
580340 [http-nio-8080-exec-6] DEBUG o.s.s.w.s.DefaultSavedRequest - queryString: both null (property equals)
580340 [http-nio-8080-exec-5] DEBUG o.s.s.w.s.DefaultSavedRequest - requestURI: arg1=/jquery/jquery-2.1.3.js; arg2=/login (property not equals)
580340 [http-nio-8080-exec-5] DEBUG o.s.s.w.s.HttpSessionRequestCache - saved request doesn't match
580340 [http-nio-8080-exec-6] DEBUG o.s.s.w.s.DefaultSavedRequest - requestURI: arg1=/jquery/jquery-2.1.3.js; arg2=/login (property not equals)
580340 [http-nio-8080-exec-5] DEBUG o.s.security.web.FilterChainProxy - /login at position 8 of 12 in additional filter chain; firing Filter: 'SecurityContextHolderAwareRequestFilter'
580340 [http-nio-8080-exec-6] DEBUG o.s.s.w.s.HttpSessionRequestCache - saved request doesn't match
580340 [http-nio-8080-exec-5] DEBUG o.s.security.web.FilterChainProxy - /login at position 9 of 12 in additional filter chain; firing Filter: 'AnonymousAuthenticationFilter'
580340 [http-nio-8080-exec-6] DEBUG o.s.security.web.FilterChainProxy - /login at position 8 of 12 in additional filter chain; firing Filter: 'SecurityContextHolderAwareRequestFilter'
580340 [http-nio-8080-exec-6] DEBUG o.s.security.web.FilterChainProxy - /login at position 9 of 12 in additional filter chain; firing Filter: 'AnonymousAuthenticationFilter'
580340 [http-nio-8080-exec-6] DEBUG o.s.s.w.a.AnonymousAuthenticationFilter - Populated SecurityContextHolder with anonymous token: 'org.springframework.security.authentication.AnonymousAuthenticationToken@6fabe8e0: Principal: anonymousUser; Credentials: [PROTECTED]; Authenticated: true; Details: org.springframework.security.web.authentication.WebAuthenticationDetails@fffe9938: RemoteIpAddress: 0:0:0:0:0:0:0:1; SessionId: 760D79BA12046463C13AD8F04AD89B62; Granted Authorities: ROLE_ANONYMOUS'
580340 [http-nio-8080-exec-6] DEBUG o.s.security.web.FilterChainProxy - /login at position 10 of 12 in additional filter chain; firing Filter: 'SessionManagementFilter'
580340 [http-nio-8080-exec-5] DEBUG o.s.s.w.a.AnonymousAuthenticationFilter - Populated SecurityContextHolder with anonymous token: 'org.springframework.security.authentication.AnonymousAuthenticationToken@6fabe8e0: Principal: anonymousUser; Credentials: [PROTECTED]; Authenticated: true; Details: org.springframework.security.web.authentication.WebAuthenticationDetails@fffe9938: RemoteIpAddress: 0:0:0:0:0:0:0:1; SessionId: 760D79BA12046463C13AD8F04AD89B62; Granted Authorities: ROLE_ANONYMOUS'
580340 [http-nio-8080-exec-6] DEBUG o.s.security.web.FilterChainProxy - /login at position 11 of 12 in additional filter chain; firing Filter: 'ExceptionTranslationFilter'
580340 [http-nio-8080-exec-6] DEBUG o.s.security.web.FilterChainProxy - /login at position 12 of 12 in additional filter chain; firing Filter: 'FilterSecurityInterceptor'
580340 [http-nio-8080-exec-5] DEBUG o.s.security.web.FilterChainProxy - /login at position 10 of 12 in additional filter chain; firing Filter: 'SessionManagementFilter'
580340 [http-nio-8080-exec-6] DEBUG o.s.s.w.a.i.FilterSecurityInterceptor - Secure object: FilterInvocation: URL: /login; Attributes: [permitAll]
580342 [http-nio-8080-exec-5] DEBUG o.s.security.web.FilterChainProxy - /login at position 11 of 12 in additional filter chain; firing Filter: 'ExceptionTranslationFilter'
580342 [http-nio-8080-exec-6] DEBUG o.s.s.w.a.i.FilterSecurityInterceptor - Previously Authenticated: org.springframework.security.authentication.AnonymousAuthenticationToken@6fabe8e0: Principal: anonymousUser; Credentials: [PROTECTED]; Authenticated: true; Details: org.springframework.security.web.authentication.WebAuthenticationDetails@fffe9938: RemoteIpAddress: 0:0:0:0:0:0:0:1; SessionId: 760D79BA12046463C13AD8F04AD89B62; Granted Authorities: ROLE_ANONYMOUS
580342 [http-nio-8080-exec-5] DEBUG o.s.security.web.FilterChainProxy - /login at position 12 of 12 in additional filter chain; firing Filter: 'FilterSecurityInterceptor'
580342 [http-nio-8080-exec-5] DEBUG o.s.s.w.a.i.FilterSecurityInterceptor - Secure object: FilterInvocation: URL: /login; Attributes: [permitAll]
580342 [http-nio-8080-exec-5] DEBUG o.s.s.w.a.i.FilterSecurityInterceptor - Previously Authenticated: org.springframework.security.authentication.AnonymousAuthenticationToken@6fabe8e0: Principal: anonymousUser; Credentials: [PROTECTED]; Authenticated: true; Details: org.springframework.security.web.authentication.WebAuthenticationDetails@fffe9938: RemoteIpAddress: 0:0:0:0:0:0:0:1; SessionId: 760D79BA12046463C13AD8F04AD89B62; Granted Authorities: ROLE_ANONYMOUS
580342 [http-nio-8080-exec-6] DEBUG o.s.s.access.vote.AffirmativeBased - Voter: org.springframework.security.web.access.expression.WebExpressionVoter@7155916d, returned: 1
580342 [http-nio-8080-exec-5] DEBUG o.s.s.access.vote.AffirmativeBased - Voter: org.springframework.security.web.access.expression.WebExpressionVoter@7155916d, returned: 1
580342 [http-nio-8080-exec-6] DEBUG o.s.s.w.a.i.FilterSecurityInterceptor - Authorization successful
580342 [http-nio-8080-exec-5] DEBUG o.s.s.w.a.i.FilterSecurityInterceptor - Authorization successful
580342 [http-nio-8080-exec-6] DEBUG o.s.s.w.a.i.FilterSecurityInterceptor - RunAsManager did not change Authentication object
580342 [http-nio-8080-exec-5] DEBUG o.s.s.w.a.i.FilterSecurityInterceptor - RunAsManager did not change Authentication object
580342 [http-nio-8080-exec-6] DEBUG o.s.security.web.FilterChainProxy - /login reached end of additional filter chain; proceeding with original chain
580342 [http-nio-8080-exec-5] DEBUG o.s.security.web.FilterChainProxy - /login reached end of additional filter chain; proceeding with original chain
580343 [http-nio-8080-exec-5] DEBUG o.s.s.w.c.HttpSessionSecurityContextRepository - SecurityContext is empty or contents are anonymous - context will not be stored in HttpSession.
580343 [http-nio-8080-exec-6] DEBUG o.s.s.w.c.HttpSessionSecurityContextRepository - SecurityContext is empty or contents are anonymous - context will not be stored in HttpSession.
580344 [http-nio-8080-exec-5] DEBUG o.s.s.w.a.ExceptionTranslationFilter - Chain processed normally
580344 [http-nio-8080-exec-6] DEBUG o.s.s.w.a.ExceptionTranslationFilter - Chain processed normally
580344 [http-nio-8080-exec-5] DEBUG o.s.s.w.c.SecurityContextPersistenceFilter - SecurityContextHolder now cleared, as request processing completed
580344 [http-nio-8080-exec-6] DEBUG o.s.s.w.c.SecurityContextPersistenceFilter - SecurityContextHolder now cleared, as request processing completed
580361 [http-nio-8080-exec-9] DEBUG o.s.s.w.u.matcher.OrRequestMatcher - Trying to match using Ant [pattern='/css/**']
580361 [http-nio-8080-exec-9] DEBUG o.s.s.w.u.m.AntPathRequestMatcher - Checking match of request : '/favicon.ico'; against '/css/**'
580361 [http-nio-8080-exec-9] DEBUG o.s.s.w.u.matcher.OrRequestMatcher - Trying to match using Ant [pattern='/js/**']
580361 [http-nio-8080-exec-9] DEBUG o.s.s.w.u.m.AntPathRequestMatcher - Checking match of request : '/favicon.ico'; against '/js/**'
580361 [http-nio-8080-exec-9] DEBUG o.s.s.w.u.matcher.OrRequestMatcher - Trying to match using Ant [pattern='/images/**']
580361 [http-nio-8080-exec-9] DEBUG o.s.s.w.u.m.AntPathRequestMatcher - Checking match of request : '/favicon.ico'; against '/images/**'
580361 [http-nio-8080-exec-9] DEBUG o.s.s.w.u.matcher.OrRequestMatcher - Trying to match using Ant [pattern='/webjars/**']
580361 [http-nio-8080-exec-9] DEBUG o.s.s.w.u.m.AntPathRequestMatcher - Checking match of request : '/favicon.ico'; against '/webjars/**'
580361 [http-nio-8080-exec-9] DEBUG o.s.s.w.u.matcher.OrRequestMatcher - Trying to match using Ant [pattern='/**/favicon.ico']
580361 [http-nio-8080-exec-9] DEBUG o.s.s.w.u.m.AntPathRequestMatcher - Checking match of request : '/favicon.ico'; against '/**/favicon.ico'
580361 [http-nio-8080-exec-9] DEBUG o.s.s.w.u.matcher.OrRequestMatcher - matched
580361 [http-nio-8080-exec-9] DEBUG o.s.security.web.FilterChainProxy - /favicon.ico has an empty filter list
580990 [http-nio-8080-exec-10] DEBUG o.s.s.w.u.matcher.OrRequestMatcher - Trying to match using Ant [pattern='/css/**']
580990 [http-nio-8080-exec-10] DEBUG o.s.s.w.u.m.AntPathRequestMatcher - Checking match of request : '/login'; against '/css/**'
580990 [http-nio-8080-exec-10] DEBUG o.s.s.w.u.matcher.OrRequestMatcher - Trying to match using Ant [pattern='/js/**']
580990 [http-nio-8080-exec-10] DEBUG o.s.s.w.u.m.AntPathRequestMatcher - Checking match of request : '/login'; against '/js/**'
580990 [http-nio-8080-exec-10] DEBUG o.s.s.w.u.matcher.OrRequestMatcher - Trying to match using Ant [pattern='/images/**']
580990 [http-nio-8080-exec-10] DEBUG o.s.s.w.u.m.AntPathRequestMatcher - Checking match of request : '/login'; against '/images/**'
580990 [http-nio-8080-exec-10] DEBUG o.s.s.w.u.matcher.OrRequestMatcher - Trying to match using Ant [pattern='/webjars/**']
580990 [http-nio-8080-exec-10] DEBUG o.s.s.w.u.m.AntPathRequestMatcher - Checking match of request : '/login'; against '/webjars/**'
580990 [http-nio-8080-exec-10] DEBUG o.s.s.w.u.matcher.OrRequestMatcher - Trying to match using Ant [pattern='/**/favicon.ico']
580990 [http-nio-8080-exec-10] DEBUG o.s.s.w.u.m.AntPathRequestMatcher - Checking match of request : '/login'; against '/**/favicon.ico'
580990 [http-nio-8080-exec-10] DEBUG o.s.s.w.u.matcher.OrRequestMatcher - Trying to match using Ant [pattern='/error']
580990 [http-nio-8080-exec-10] DEBUG o.s.s.w.u.m.AntPathRequestMatcher - Checking match of request : '/login'; against '/error'
580990 [http-nio-8080-exec-10] DEBUG o.s.s.w.u.matcher.OrRequestMatcher - No matches found
580990 [http-nio-8080-exec-10] DEBUG o.s.security.web.FilterChainProxy - /login at position 1 of 12 in additional filter chain; firing Filter: 'WebAsyncManagerIntegrationFilter'
580990 [http-nio-8080-exec-10] DEBUG o.s.security.web.FilterChainProxy - /login at position 2 of 12 in additional filter chain; firing Filter: 'SecurityContextPersistenceFilter'
580990 [http-nio-8080-exec-10] DEBUG o.s.s.w.c.HttpSessionSecurityContextRepository - HttpSession returned null object for SPRING_SECURITY_CONTEXT
580990 [http-nio-8080-exec-10] DEBUG o.s.s.w.c.HttpSessionSecurityContextRepository - No SecurityContext was available from the HttpSession: org.apache.catalina.session.StandardSessionFacade@30689b56. A new one will be created.
580990 [http-nio-8080-exec-10] DEBUG o.s.security.web.FilterChainProxy - /login at position 3 of 12 in additional filter chain; firing Filter: 'HeaderWriterFilter'
580990 [http-nio-8080-exec-10] DEBUG o.s.s.w.h.writers.HstsHeaderWriter - Not injecting HSTS header since it did not match the requestMatcher org.springframework.security.web.header.writers.HstsHeaderWriter$SecureRequestMatcher@34571983
580990 [http-nio-8080-exec-10] DEBUG o.s.security.web.FilterChainProxy - /login at position 4 of 12 in additional filter chain; firing Filter: 'CsrfFilter'
580990 [http-nio-8080-exec-10] DEBUG o.s.security.web.FilterChainProxy - /login at position 5 of 12 in additional filter chain; firing Filter: 'LogoutFilter'
580990 [http-nio-8080-exec-10] DEBUG o.s.s.w.u.m.AntPathRequestMatcher - Request 'GET /login' doesn't match 'POST /logout
580990 [http-nio-8080-exec-10] DEBUG o.s.security.web.FilterChainProxy - /login at position 6 of 12 in additional filter chain; firing Filter: 'UsernamePasswordAuthenticationFilter'
580990 [http-nio-8080-exec-10] DEBUG o.s.s.w.u.m.AntPathRequestMatcher - Request 'GET /login' doesn't match 'POST /login
580990 [http-nio-8080-exec-10] DEBUG o.s.security.web.FilterChainProxy - /login at position 7 of 12 in additional filter chain; firing Filter: 'RequestCacheAwareFilter'
580991 [http-nio-8080-exec-10] DEBUG o.s.s.w.s.DefaultSavedRequest - pathInfo: both null (property equals)
580991 [http-nio-8080-exec-10] DEBUG o.s.s.w.s.DefaultSavedRequest - queryString: both null (property equals)
580991 [http-nio-8080-exec-10] DEBUG o.s.s.w.s.DefaultSavedRequest - requestURI: arg1=/jquery/jquery-2.1.3.js; arg2=/login (property not equals)
580991 [http-nio-8080-exec-10] DEBUG o.s.s.w.s.HttpSessionRequestCache - saved request doesn't match
580991 [http-nio-8080-exec-10] DEBUG o.s.security.web.FilterChainProxy - /login at position 8 of 12 in additional filter chain; firing Filter: 'SecurityContextHolderAwareRequestFilter'
580991 [http-nio-8080-exec-10] DEBUG o.s.security.web.FilterChainProxy - /login at position 9 of 12 in additional filter chain; firing Filter: 'AnonymousAuthenticationFilter'
580991 [http-nio-8080-exec-10] DEBUG o.s.s.w.a.AnonymousAuthenticationFilter - Populated SecurityContextHolder with anonymous token: 'org.springframework.security.authentication.AnonymousAuthenticationToken@6fabe8e0: Principal: anonymousUser; Credentials: [PROTECTED]; Authenticated: true; Details: org.springframework.security.web.authentication.WebAuthenticationDetails@fffe9938: RemoteIpAddress: 0:0:0:0:0:0:0:1; SessionId: 760D79BA12046463C13AD8F04AD89B62; Granted Authorities: ROLE_ANONYMOUS'
580991 [http-nio-8080-exec-10] DEBUG o.s.security.web.FilterChainProxy - /login at position 10 of 12 in additional filter chain; firing Filter: 'SessionManagementFilter'
580991 [http-nio-8080-exec-10] DEBUG o.s.security.web.FilterChainProxy - /login at position 11 of 12 in additional filter chain; firing Filter: 'ExceptionTranslationFilter'
580991 [http-nio-8080-exec-10] DEBUG o.s.security.web.FilterChainProxy - /login at position 12 of 12 in additional filter chain; firing Filter: 'FilterSecurityInterceptor'
580991 [http-nio-8080-exec-10] DEBUG o.s.s.w.a.i.FilterSecurityInterceptor - Secure object: FilterInvocation: URL: /login; Attributes: [permitAll]
580991 [http-nio-8080-exec-10] DEBUG o.s.s.w.a.i.FilterSecurityInterceptor - Previously Authenticated: org.springframework.security.authentication.AnonymousAuthenticationToken@6fabe8e0: Principal: anonymousUser; Credentials: [PROTECTED]; Authenticated: true; Details: org.springframework.security.web.authentication.WebAuthenticationDetails@fffe9938: RemoteIpAddress: 0:0:0:0:0:0:0:1; SessionId: 760D79BA12046463C13AD8F04AD89B62; Granted Authorities: ROLE_ANONYMOUS
580991 [http-nio-8080-exec-10] DEBUG o.s.s.access.vote.AffirmativeBased - Voter: org.springframework.security.web.access.expression.WebExpressionVoter@7155916d, returned: 1
580991 [http-nio-8080-exec-10] DEBUG o.s.s.w.a.i.FilterSecurityInterceptor - Authorization successful
580991 [http-nio-8080-exec-10] DEBUG o.s.s.w.a.i.FilterSecurityInterceptor - RunAsManager did not change Authentication object
580991 [http-nio-8080-exec-10] DEBUG o.s.security.web.FilterChainProxy - /login reached end of additional filter chain; proceeding with original chain
580993 [http-nio-8080-exec-10] DEBUG o.s.s.w.c.HttpSessionSecurityContextRepository - SecurityContext is empty or contents are anonymous - context will not be stored in HttpSession.
580993 [http-nio-8080-exec-10] DEBUG o.s.s.w.a.ExceptionTranslationFilter - Chain processed normally
580993 [http-nio-8080-exec-10] DEBUG o.s.s.w.c.SecurityContextPersistenceFilter - SecurityContextHolder now cleared, as request processing completed
581000 [http-nio-8080-exec-8] DEBUG o.s.s.w.u.matcher.OrRequestMatcher - Trying to match using Ant [pattern='/css/**']
581000 [http-nio-8080-exec-1] DEBUG o.s.s.w.u.matcher.OrRequestMatcher - Trying to match using Ant [pattern='/css/**']
581000 [http-nio-8080-exec-8] DEBUG o.s.s.w.u.m.AntPathRequestMatcher - Checking match of request : '/bootstrap/css/bootstrap.css'; against '/css/**'
581000 [http-nio-8080-exec-1] DEBUG o.s.s.w.u.m.AntPathRequestMatcher - Checking match of request : '/jquery/jquery-2.1.3.js'; against '/css/**'
581000 [http-nio-8080-exec-8] DEBUG o.s.s.w.u.matcher.OrRequestMatcher - Trying to match using Ant [pattern='/js/**']
581000 [http-nio-8080-exec-1] DEBUG o.s.s.w.u.matcher.OrRequestMatcher - Trying to match using Ant [pattern='/js/**']
581000 [http-nio-8080-exec-8] DEBUG o.s.s.w.u.m.AntPathRequestMatcher - Checking match of request : '/bootstrap/css/bootstrap.css'; against '/js/**'
581000 [http-nio-8080-exec-1] DEBUG o.s.s.w.u.m.AntPathRequestMatcher - Checking match of request : '/jquery/jquery-2.1.3.js'; against '/js/**'
581000 [http-nio-8080-exec-8] DEBUG o.s.s.w.u.matcher.OrRequestMatcher - Trying to match using Ant [pattern='/images/**']
581000 [http-nio-8080-exec-3] DEBUG o.s.s.w.u.matcher.OrRequestMatcher - Trying to match using Ant [pattern='/css/**']
581000 [http-nio-8080-exec-8] DEBUG o.s.s.w.u.m.AntPathRequestMatcher - Checking match of request : '/bootstrap/css/bootstrap.css'; against '/images/**'
581000 [http-nio-8080-exec-1] DEBUG o.s.s.w.u.matcher.OrRequestMatcher - Trying to match using Ant [pattern='/images/**']
581001 [http-nio-8080-exec-3] DEBUG o.s.s.w.u.m.AntPathRequestMatcher - Checking match of request : '/bootstrap/js/bootstrap.js'; against '/css/**'
581001 [http-nio-8080-exec-8] DEBUG o.s.s.w.u.matcher.OrRequestMatcher - Trying to match using Ant [pattern='/webjars/**']
581001 [http-nio-8080-exec-1] DEBUG o.s.s.w.u.m.AntPathRequestMatcher - Checking match of request : '/jquery/jquery-2.1.3.js'; against '/images/**'
581001 [http-nio-8080-exec-3] DEBUG o.s.s.w.u.matcher.OrRequestMatcher - Trying to match using Ant [pattern='/js/**']
581001 [http-nio-8080-exec-3] DEBUG o.s.s.w.u.m.AntPathRequestMatcher - Checking match of request : '/bootstrap/js/bootstrap.js'; against '/js/**'
581001 [http-nio-8080-exec-3] DEBUG o.s.s.w.u.matcher.OrRequestMatcher - Trying to match using Ant [pattern='/images/**']
581001 [http-nio-8080-exec-3] DEBUG o.s.s.w.u.m.AntPathRequestMatcher - Checking match of request : '/bootstrap/js/bootstrap.js'; against '/images/**'
581001 [http-nio-8080-exec-3] DEBUG o.s.s.w.u.matcher.OrRequestMatcher - Trying to match using Ant [pattern='/webjars/**']
581001 [http-nio-8080-exec-3] DEBUG o.s.s.w.u.m.AntPathRequestMatcher - Checking match of request : '/bootstrap/js/bootstrap.js'; against '/webjars/**'
581001 [http-nio-8080-exec-3] DEBUG o.s.s.w.u.matcher.OrRequestMatcher - Trying to match using Ant [pattern='/**/favicon.ico']
581001 [http-nio-8080-exec-8] DEBUG o.s.s.w.u.m.AntPathRequestMatcher - Checking match of request : '/bootstrap/css/bootstrap.css'; against '/webjars/**'
581001 [http-nio-8080-exec-1] DEBUG o.s.s.w.u.matcher.OrRequestMatcher - Trying to match using Ant [pattern='/webjars/**']
581001 [http-nio-8080-exec-3] DEBUG o.s.s.w.u.m.AntPathRequestMatcher - Checking match of request : '/bootstrap/js/bootstrap.js'; against '/**/favicon.ico'
581001 [http-nio-8080-exec-8] DEBUG o.s.s.w.u.matcher.OrRequestMatcher - Trying to match using Ant [pattern='/**/favicon.ico']
581001 [http-nio-8080-exec-3] DEBUG o.s.s.w.u.matcher.OrRequestMatcher - Trying to match using Ant [pattern='/error']
581001 [http-nio-8080-exec-1] DEBUG o.s.s.w.u.m.AntPathRequestMatcher - Checking match of request : '/jquery/jquery-2.1.3.js'; against '/webjars/**'
581001 [http-nio-8080-exec-8] DEBUG o.s.s.w.u.m.AntPathRequestMatcher - Checking match of request : '/bootstrap/css/bootstrap.css'; against '/**/favicon.ico'
581001 [http-nio-8080-exec-1] DEBUG o.s.s.w.u.matcher.OrRequestMatcher - Trying to match using Ant [pattern='/**/favicon.ico']
581001 [http-nio-8080-exec-3] DEBUG o.s.s.w.u.m.AntPathRequestMatcher - Checking match of request : '/bootstrap/js/bootstrap.js'; against '/error'
581001 [http-nio-8080-exec-8] DEBUG o.s.s.w.u.matcher.OrRequestMatcher - Trying to match using Ant [pattern='/error']
581001 [http-nio-8080-exec-1] DEBUG o.s.s.w.u.m.AntPathRequestMatcher - Checking match of request : '/jquery/jquery-2.1.3.js'; against '/**/favicon.ico'
581001 [http-nio-8080-exec-8] DEBUG o.s.s.w.u.m.AntPathRequestMatcher - Checking match of request : '/bootstrap/css/bootstrap.css'; against '/error'
581001 [http-nio-8080-exec-3] DEBUG o.s.s.w.u.matcher.OrRequestMatcher - No matches found
581001 [http-nio-8080-exec-8] DEBUG o.s.s.w.u.matcher.OrRequestMatcher - No matches found
581001 [http-nio-8080-exec-3] DEBUG o.s.security.web.FilterChainProxy - /bootstrap/js/bootstrap.js at position 1 of 12 in additional filter chain; firing Filter: 'WebAsyncManagerIntegrationFilter'
581001 [http-nio-8080-exec-8] DEBUG o.s.security.web.FilterChainProxy - /bootstrap/css/bootstrap.css at position 1 of 12 in additional filter chain; firing Filter: 'WebAsyncManagerIntegrationFilter'
581001 [http-nio-8080-exec-3] DEBUG o.s.security.web.FilterChainProxy - /bootstrap/js/bootstrap.js at position 2 of 12 in additional filter chain; firing Filter: 'SecurityContextPersistenceFilter'
581001 [http-nio-8080-exec-8] DEBUG o.s.security.web.FilterChainProxy - /bootstrap/css/bootstrap.css at position 2 of 12 in additional filter chain; firing Filter: 'SecurityContextPersistenceFilter'
581001 [http-nio-8080-exec-1] DEBUG o.s.s.w.u.matcher.OrRequestMatcher - Trying to match using Ant [pattern='/error']
581001 [http-nio-8080-exec-3] DEBUG o.s.s.w.c.HttpSessionSecurityContextRepository - HttpSession returned null object for SPRING_SECURITY_CONTEXT
581001 [http-nio-8080-exec-1] DEBUG o.s.s.w.u.m.AntPathRequestMatcher - Checking match of request : '/jquery/jquery-2.1.3.js'; against '/error'
581001 [http-nio-8080-exec-3] DEBUG o.s.s.w.c.HttpSessionSecurityContextRepository - No SecurityContext was available from the HttpSession: org.apache.catalina.session.StandardSessionFacade@30689b56. A new one will be created.
581001 [http-nio-8080-exec-8] DEBUG o.s.s.w.c.HttpSessionSecurityContextRepository - HttpSession returned null object for SPRING_SECURITY_CONTEXT
581001 [http-nio-8080-exec-1] DEBUG o.s.s.w.u.matcher.OrRequestMatcher - No matches found
581001 [http-nio-8080-exec-1] DEBUG o.s.security.web.FilterChainProxy - /jquery/jquery-2.1.3.js at position 1 of 12 in additional filter chain; firing Filter: 'WebAsyncManagerIntegrationFilter'
581001 [http-nio-8080-exec-1] DEBUG o.s.security.web.FilterChainProxy - /jquery/jquery-2.1.3.js at position 2 of 12 in additional filter chain; firing Filter: 'SecurityContextPersistenceFilter'
581001 [http-nio-8080-exec-1] DEBUG o.s.s.w.c.HttpSessionSecurityContextRepository - HttpSession returned null object for SPRING_SECURITY_CONTEXT
581001 [http-nio-8080-exec-3] DEBUG o.s.security.web.FilterChainProxy - /bootstrap/js/bootstrap.js at position 3 of 12 in additional filter chain; firing Filter: 'HeaderWriterFilter'
581001 [http-nio-8080-exec-8] DEBUG o.s.s.w.c.HttpSessionSecurityContextRepository - No SecurityContext was available from the HttpSession: org.apache.catalina.session.StandardSessionFacade@30689b56. A new one will be created.
581001 [http-nio-8080-exec-1] DEBUG o.s.s.w.c.HttpSessionSecurityContextRepository - No SecurityContext was available from the HttpSession: org.apache.catalina.session.StandardSessionFacade@30689b56. A new one will be created.
581001 [http-nio-8080-exec-8] DEBUG o.s.security.web.FilterChainProxy - /bootstrap/css/bootstrap.css at position 3 of 12 in additional filter chain; firing Filter: 'HeaderWriterFilter'
581001 [http-nio-8080-exec-3] DEBUG o.s.s.w.h.writers.HstsHeaderWriter - Not injecting HSTS header since it did not match the requestMatcher org.springframework.security.web.header.writers.HstsHeaderWriter$SecureRequestMatcher@34571983
581001 [http-nio-8080-exec-1] DEBUG o.s.security.web.FilterChainProxy - /jquery/jquery-2.1.3.js at position 3 of 12 in additional filter chain; firing Filter: 'HeaderWriterFilter'
581001 [http-nio-8080-exec-3] DEBUG o.s.security.web.FilterChainProxy - /bootstrap/js/bootstrap.js at position 4 of 12 in additional filter chain; firing Filter: 'CsrfFilter'
581001 [http-nio-8080-exec-8] DEBUG o.s.s.w.h.writers.HstsHeaderWriter - Not injecting HSTS header since it did not match the requestMatcher org.springframework.security.web.header.writers.HstsHeaderWriter$SecureRequestMatcher@34571983
581001 [http-nio-8080-exec-8] DEBUG o.s.security.web.FilterChainProxy - /bootstrap/css/bootstrap.css at position 4 of 12 in additional filter chain; firing Filter: 'CsrfFilter'
581001 [http-nio-8080-exec-1] DEBUG o.s.s.w.h.writers.HstsHeaderWriter - Not injecting HSTS header since it did not match the requestMatcher org.springframework.security.web.header.writers.HstsHeaderWriter$SecureRequestMatcher@34571983
581001 [http-nio-8080-exec-8] DEBUG o.s.security.web.FilterChainProxy - /bootstrap/css/bootstrap.css at position 5 of 12 in additional filter chain; firing Filter: 'LogoutFilter'
581001 [http-nio-8080-exec-1] DEBUG o.s.security.web.FilterChainProxy - /jquery/jquery-2.1.3.js at position 4 of 12 in additional filter chain; firing Filter: 'CsrfFilter'
581001 [http-nio-8080-exec-8] DEBUG o.s.s.w.u.m.AntPathRequestMatcher - Request 'GET /bootstrap/css/bootstrap.css' doesn't match 'POST /logout
581001 [http-nio-8080-exec-1] DEBUG o.s.security.web.FilterChainProxy - /jquery/jquery-2.1.3.js at position 5 of 12 in additional filter chain; firing Filter: 'LogoutFilter'
581001 [http-nio-8080-exec-3] DEBUG o.s.security.web.FilterChainProxy - /bootstrap/js/bootstrap.js at position 5 of 12 in additional filter chain; firing Filter: 'LogoutFilter'
581002 [http-nio-8080-exec-8] DEBUG o.s.security.web.FilterChainProxy - /bootstrap/css/bootstrap.css at position 6 of 12 in additional filter chain; firing Filter: 'UsernamePasswordAuthenticationFilter'
581002 [http-nio-8080-exec-1] DEBUG o.s.s.w.u.m.AntPathRequestMatcher - Request 'GET /jquery/jquery-2.1.3.js' doesn't match 'POST /logout
581002 [http-nio-8080-exec-8] DEBUG o.s.s.w.u.m.AntPathRequestMatcher - Request 'GET /bootstrap/css/bootstrap.css' doesn't match 'POST /login
581002 [http-nio-8080-exec-3] DEBUG o.s.s.w.u.m.AntPathRequestMatcher - Request 'GET /bootstrap/js/bootstrap.js' doesn't match 'POST /logout
581002 [http-nio-8080-exec-1] DEBUG o.s.security.web.FilterChainProxy - /jquery/jquery-2.1.3.js at position 6 of 12 in additional filter chain; firing Filter: 'UsernamePasswordAuthenticationFilter'
581002 [http-nio-8080-exec-8] DEBUG o.s.security.web.FilterChainProxy - /bootstrap/css/bootstrap.css at position 7 of 12 in additional filter chain; firing Filter: 'RequestCacheAwareFilter'
581002 [http-nio-8080-exec-1] DEBUG o.s.s.w.u.m.AntPathRequestMatcher - Request 'GET /jquery/jquery-2.1.3.js' doesn't match 'POST /login
581002 [http-nio-8080-exec-3] DEBUG o.s.security.web.FilterChainProxy - /bootstrap/js/bootstrap.js at position 6 of 12 in additional filter chain; firing Filter: 'UsernamePasswordAuthenticationFilter'
581002 [http-nio-8080-exec-1] DEBUG o.s.security.web.FilterChainProxy - /jquery/jquery-2.1.3.js at position 7 of 12 in additional filter chain; firing Filter: 'RequestCacheAwareFilter'
581002 [http-nio-8080-exec-8] DEBUG o.s.s.w.s.DefaultSavedRequest - pathInfo: both null (property equals)
581002 [http-nio-8080-exec-3] DEBUG o.s.s.w.u.m.AntPathRequestMatcher - Request 'GET /bootstrap/js/bootstrap.js' doesn't match 'POST /login
581002 [http-nio-8080-exec-1] DEBUG o.s.s.w.s.DefaultSavedRequest - pathInfo: both null (property equals)
581002 [http-nio-8080-exec-8] DEBUG o.s.s.w.s.DefaultSavedRequest - queryString: both null (property equals)
581002 [http-nio-8080-exec-3] DEBUG o.s.security.web.FilterChainProxy - /bootstrap/js/bootstrap.js at position 7 of 12 in additional filter chain; firing Filter: 'RequestCacheAwareFilter'
581002 [http-nio-8080-exec-1] DEBUG o.s.s.w.s.DefaultSavedRequest - queryString: both null (property equals)
581002 [http-nio-8080-exec-8] DEBUG o.s.s.w.s.DefaultSavedRequest - requestURI: arg1=/jquery/jquery-2.1.3.js; arg2=/bootstrap/css/bootstrap.css (property not equals)
581002 [http-nio-8080-exec-3] DEBUG o.s.s.w.s.DefaultSavedRequest - pathInfo: both null (property equals)
581002 [http-nio-8080-exec-3] DEBUG o.s.s.w.s.DefaultSavedRequest - queryString: both null (property equals)
581002 [http-nio-8080-exec-3] DEBUG o.s.s.w.s.DefaultSavedRequest - requestURI: arg1=/jquery/jquery-2.1.3.js; arg2=/bootstrap/js/bootstrap.js (property not equals)
581002 [http-nio-8080-exec-1] DEBUG o.s.s.w.s.DefaultSavedRequest - requestURI: arg1=/jquery/jquery-2.1.3.js; arg2=/jquery/jquery-2.1.3.js (property equals)
581002 [http-nio-8080-exec-8] DEBUG o.s.s.w.s.HttpSessionRequestCache - saved request doesn't match
581002 [http-nio-8080-exec-3] DEBUG o.s.s.w.s.HttpSessionRequestCache - saved request doesn't match
581002 [http-nio-8080-exec-1] DEBUG o.s.s.w.s.DefaultSavedRequest - serverPort: arg1=8080; arg2=8080 (property equals)
581002 [http-nio-8080-exec-8] DEBUG o.s.security.web.FilterChainProxy - /bootstrap/css/bootstrap.css at position 8 of 12 in additional filter chain; firing Filter: 'SecurityContextHolderAwareRequestFilter'
581002 [http-nio-8080-exec-1] DEBUG o.s.s.w.s.DefaultSavedRequest - requestURL: arg1=http://localhost:8080/jquery/jquery-2.1.3.js; arg2=http://localhost:8080/jquery/jquery-2.1.3.js (property equals)
581002 [http-nio-8080-exec-3] DEBUG o.s.security.web.FilterChainProxy - /bootstrap/js/bootstrap.js at position 8 of 12 in additional filter chain; firing Filter: 'SecurityContextHolderAwareRequestFilter'
581002 [http-nio-8080-exec-3] DEBUG o.s.security.web.FilterChainProxy - /bootstrap/js/bootstrap.js at position 9 of 12 in additional filter chain; firing Filter: 'AnonymousAuthenticationFilter'
581002 [http-nio-8080-exec-8] DEBUG o.s.security.web.FilterChainProxy - /bootstrap/css/bootstrap.css at position 9 of 12 in additional filter chain; firing Filter: 'AnonymousAuthenticationFilter'
581002 [http-nio-8080-exec-1] DEBUG o.s.s.w.s.DefaultSavedRequest - scheme: arg1=http; arg2=http (property equals)
581003 [http-nio-8080-exec-1] DEBUG o.s.s.w.s.DefaultSavedRequest - serverName: arg1=localhost; arg2=localhost (property equals)
581003 [http-nio-8080-exec-3] DEBUG o.s.s.w.a.AnonymousAuthenticationFilter - Populated SecurityContextHolder with anonymous token: 'org.springframework.security.authentication.AnonymousAuthenticationToken@6fabe8e0: Principal: anonymousUser; Credentials: [PROTECTED]; Authenticated: true; Details: org.springframework.security.web.authentication.WebAuthenticationDetails@fffe9938: RemoteIpAddress: 0:0:0:0:0:0:0:1; SessionId: 760D79BA12046463C13AD8F04AD89B62; Granted Authorities: ROLE_ANONYMOUS'
581003 [http-nio-8080-exec-8] DEBUG o.s.s.w.a.AnonymousAuthenticationFilter - Populated SecurityContextHolder with anonymous token: 'org.springframework.security.authentication.AnonymousAuthenticationToken@6fabe8e0: Principal: anonymousUser; Credentials: [PROTECTED]; Authenticated: true; Details: org.springframework.security.web.authentication.WebAuthenticationDetails@fffe9938: RemoteIpAddress: 0:0:0:0:0:0:0:1; SessionId: 760D79BA12046463C13AD8F04AD89B62; Granted Authorities: ROLE_ANONYMOUS'
581003 [http-nio-8080-exec-3] DEBUG o.s.security.web.FilterChainProxy - /bootstrap/js/bootstrap.js at position 10 of 12 in additional filter chain; firing Filter: 'SessionManagementFilter'
581003 [http-nio-8080-exec-8] DEBUG o.s.security.web.FilterChainProxy - /bootstrap/css/bootstrap.css at position 10 of 12 in additional filter chain; firing Filter: 'SessionManagementFilter'
581003 [http-nio-8080-exec-1] DEBUG o.s.s.w.s.DefaultSavedRequest - contextPath: arg1=; arg2= (property equals)
581003 [http-nio-8080-exec-3] DEBUG o.s.security.web.FilterChainProxy - /bootstrap/js/bootstrap.js at position 11 of 12 in additional filter chain; firing Filter: 'ExceptionTranslationFilter'
581003 [http-nio-8080-exec-1] DEBUG o.s.s.w.s.DefaultSavedRequest - servletPath: arg1=/jquery/jquery-2.1.3.js; arg2=/jquery/jquery-2.1.3.js (property equals)
581003 [http-nio-8080-exec-3] DEBUG o.s.security.web.FilterChainProxy - /bootstrap/js/bootstrap.js at position 12 of 12 in additional filter chain; firing Filter: 'FilterSecurityInterceptor'
581003 [http-nio-8080-exec-1] DEBUG o.s.s.w.s.HttpSessionRequestCache - Removing DefaultSavedRequest from session if present
581003 [http-nio-8080-exec-8] DEBUG o.s.security.web.FilterChainProxy - /bootstrap/css/bootstrap.css at position 11 of 12 in additional filter chain; firing Filter: 'ExceptionTranslationFilter'
581003 [http-nio-8080-exec-3] DEBUG o.s.s.w.u.m.AntPathRequestMatcher - Request 'GET /bootstrap/js/bootstrap.js' doesn't match 'POST /logout
581003 [http-nio-8080-exec-8] DEBUG o.s.security.web.FilterChainProxy - /bootstrap/css/bootstrap.css at position 12 of 12 in additional filter chain; firing Filter: 'FilterSecurityInterceptor'
581003 [http-nio-8080-exec-3] DEBUG o.s.s.w.u.m.AntPathRequestMatcher - Checking match of request : '/bootstrap/js/bootstrap.js'; against '/static/**'
581003 [http-nio-8080-exec-8] DEBUG o.s.s.w.u.m.AntPathRequestMatcher - Request 'GET /bootstrap/css/bootstrap.css' doesn't match 'POST /logout
581003 [http-nio-8080-exec-8] DEBUG o.s.s.w.u.m.AntPathRequestMatcher - Checking match of request : '/bootstrap/css/bootstrap.css'; against '/static/**'
581003 [http-nio-8080-exec-3] DEBUG o.s.s.w.a.i.FilterSecurityInterceptor - Secure object: FilterInvocation: URL: /bootstrap/js/bootstrap.js; Attributes: [authenticated]
581003 [http-nio-8080-exec-8] DEBUG o.s.s.w.a.i.FilterSecurityInterceptor - Secure object: FilterInvocation: URL: /bootstrap/css/bootstrap.css; Attributes: [authenticated]
581003 [http-nio-8080-exec-3] DEBUG o.s.s.w.a.i.FilterSecurityInterceptor - Previously Authenticated: org.springframework.security.authentication.AnonymousAuthenticationToken@6fabe8e0: Principal: anonymousUser; Credentials: [PROTECTED]; Authenticated: true; Details: org.springframework.security.web.authentication.WebAuthenticationDetails@fffe9938: RemoteIpAddress: 0:0:0:0:0:0:0:1; SessionId: 760D79BA12046463C13AD8F04AD89B62; Granted Authorities: ROLE_ANONYMOUS
581003 [http-nio-8080-exec-8] DEBUG o.s.s.w.a.i.FilterSecurityInterceptor - Previously Authenticated: org.springframework.security.authentication.AnonymousAuthenticationToken@6fabe8e0: Principal: anonymousUser; Credentials: [PROTECTED]; Authenticated: true; Details: org.springframework.security.web.authentication.WebAuthenticationDetails@fffe9938: RemoteIpAddress: 0:0:0:0:0:0:0:1; SessionId: 760D79BA12046463C13AD8F04AD89B62; Granted Authorities: ROLE_ANONYMOUS
581003 [http-nio-8080-exec-1] DEBUG o.s.security.web.FilterChainProxy - /jquery/jquery-2.1.3.js at position 8 of 12 in additional filter chain; firing Filter: 'SecurityContextHolderAwareRequestFilter'
581003 [http-nio-8080-exec-1] DEBUG o.s.security.web.FilterChainProxy - /jquery/jquery-2.1.3.js at position 9 of 12 in additional filter chain; firing Filter: 'AnonymousAuthenticationFilter'
581003 [http-nio-8080-exec-1] DEBUG o.s.s.w.a.AnonymousAuthenticationFilter - Populated SecurityContextHolder with anonymous token: 'org.springframework.security.authentication.AnonymousAuthenticationToken@6fabe8e0: Principal: anonymousUser; Credentials: [PROTECTED]; Authenticated: true; Details: org.springframework.security.web.authentication.WebAuthenticationDetails@fffe9938: RemoteIpAddress: 0:0:0:0:0:0:0:1; SessionId: 760D79BA12046463C13AD8F04AD89B62; Granted Authorities: ROLE_ANONYMOUS'
581003 [http-nio-8080-exec-1] DEBUG o.s.security.web.FilterChainProxy - /jquery/jquery-2.1.3.js at position 10 of 12 in additional filter chain; firing Filter: 'SessionManagementFilter'
581003 [http-nio-8080-exec-1] DEBUG o.s.security.web.FilterChainProxy - /jquery/jquery-2.1.3.js at position 11 of 12 in additional filter chain; firing Filter: 'ExceptionTranslationFilter'
581003 [http-nio-8080-exec-1] DEBUG o.s.security.web.FilterChainProxy - /jquery/jquery-2.1.3.js at position 12 of 12 in additional filter chain; firing Filter: 'FilterSecurityInterceptor'
581003 [http-nio-8080-exec-8] DEBUG o.s.s.access.vote.AffirmativeBased - Voter: org.springframework.security.web.access.expression.WebExpressionVoter@7155916d, returned: -1
581003 [http-nio-8080-exec-3] DEBUG o.s.s.access.vote.AffirmativeBased - Voter: org.springframework.security.web.access.expression.WebExpressionVoter@7155916d, returned: -1
581003 [http-nio-8080-exec-1] DEBUG o.s.s.w.u.m.AntPathRequestMatcher - Request 'GET /jquery/jquery-2.1.3.js' doesn't match 'POST /logout
581003 [http-nio-8080-exec-1] DEBUG o.s.s.w.u.m.AntPathRequestMatcher - Checking match of request : '/jquery/jquery-2.1.3.js'; against '/static/**'
581003 [http-nio-8080-exec-1] DEBUG o.s.s.w.a.i.FilterSecurityInterceptor - Secure object: FilterInvocation: URL: /jquery/jquery-2.1.3.js; Attributes: [authenticated]
581003 [http-nio-8080-exec-1] DEBUG o.s.s.w.a.i.FilterSecurityInterceptor - Previously Authenticated: org.springframework.security.authentication.AnonymousAuthenticationToken@6fabe8e0: Principal: anonymousUser; Credentials: [PROTECTED]; Authenticated: true; Details: org.springframework.security.web.authentication.WebAuthenticationDetails@fffe9938: RemoteIpAddress: 0:0:0:0:0:0:0:1; SessionId: 760D79BA12046463C13AD8F04AD89B62; Granted Authorities: ROLE_ANONYMOUS
581003 [http-nio-8080-exec-1] DEBUG o.s.s.access.vote.AffirmativeBased - Voter: org.springframework.security.web.access.expression.WebExpressionVoter@7155916d, returned: -1
581003 [http-nio-8080-exec-8] DEBUG o.s.s.w.a.ExceptionTranslationFilter - Access is denied (user is anonymous); redirecting to authentication entry point
org.springframework.security.access.AccessDeniedException: Access is denied
	at org.springframework.security.access.vote.AffirmativeBased.decide(AffirmativeBased.java:84)
	at org.springframework.security.access.intercept.AbstractSecurityInterceptor.beforeInvocation(AbstractSecurityInterceptor.java:233)
	at org.springframework.security.web.access.intercept.FilterSecurityInterceptor.invoke(FilterSecurityInterceptor.java:124)
	at org.springframework.security.web.access.intercept.FilterSecurityInterceptor.doFilter(FilterSecurityInterceptor.java:91)
	at org.springframework.security.web.FilterChainProxy$VirtualFilterChain.doFilter(FilterChainProxy.java:331)
	at org.springframework.security.web.access.ExceptionTranslationFilter.doFilter(ExceptionTranslationFilter.java:114)
	at org.springframework.security.web.FilterChainProxy$VirtualFilterChain.doFilter(FilterChainProxy.java:331)
	at org.springframework.security.web.session.SessionManagementFilter.doFilter(SessionManagementFilter.java:137)
	at org.springframework.security.web.FilterChainProxy$VirtualFilterChain.doFilter(FilterChainProxy.java:331)
	at org.springframework.security.web.authentication.AnonymousAuthenticationFilter.doFilter(AnonymousAuthenticationFilter.java:111)
	at org.springframework.security.web.FilterChainProxy$VirtualFilterChain.doFilter(FilterChainProxy.java:331)
	at org.springframework.security.web.servletapi.SecurityContextHolderAwareRequestFilter.doFilter(SecurityContextHolderAwareRequestFilter.java:170)
	at org.springframework.security.web.FilterChainProxy$VirtualFilterChain.doFilter(FilterChainProxy.java:331)
	at org.springframework.security.web.savedrequest.RequestCacheAwareFilter.doFilter(RequestCacheAwareFilter.java:63)
	at org.springframework.security.web.FilterChainProxy$VirtualFilterChain.doFilter(FilterChainProxy.java:331)
	at org.springframework.security.web.authentication.AbstractAuthenticationProcessingFilter.doFilter(AbstractAuthenticationProcessingFilter.java:200)
	at org.springframework.security.web.FilterChainProxy$VirtualFilterChain.doFilter(FilterChainProxy.java:331)
	at org.springframework.security.web.authentication.logout.LogoutFilter.doFilter(LogoutFilter.java:116)
	at org.springframework.security.web.FilterChainProxy$VirtualFilterChain.doFilter(FilterChainProxy.java:331)
	at org.springframework.security.web.csrf.CsrfFilter.doFilterInternal(CsrfFilter.java:100)
	at org.springframework.web.filter.OncePerRequestFilter.doFilter(OncePerRequestFilter.java:107)
	at org.springframework.security.web.FilterChainProxy$VirtualFilterChain.doFilter(FilterChainProxy.java:331)
	at org.springframework.security.web.header.HeaderWriterFilter.doFilterInternal(HeaderWriterFilter.java:64)
	at org.springframework.web.filter.OncePerRequestFilter.doFilter(OncePerRequestFilter.java:107)
	at org.springframework.security.web.FilterChainProxy$VirtualFilterChain.doFilter(FilterChainProxy.java:331)
	at org.springframework.security.web.context.SecurityContextPersistenceFilter.doFilter(SecurityContextPersistenceFilter.java:105)
	at org.springframework.security.web.FilterChainProxy$VirtualFilterChain.doFilter(FilterChainProxy.java:331)
	at org.springframework.security.web.context.request.async.WebAsyncManagerIntegrationFilter.doFilterInternal(WebAsyncManagerIntegrationFilter.java:56)
	at org.springframework.web.filter.OncePerRequestFilter.doFilter(OncePerRequestFilter.java:107)
	at org.springframework.security.web.FilterChainProxy$VirtualFilterChain.doFilter(FilterChainProxy.java:331)
	at org.springframework.security.web.FilterChainProxy.doFilterInternal(FilterChainProxy.java:214)
	at org.springframework.security.web.FilterChainProxy.doFilter(FilterChainProxy.java:177)
	at org.springframework.web.filter.DelegatingFilterProxy.invokeDelegate(DelegatingFilterProxy.java:347)
	at org.springframework.web.filter.DelegatingFilterProxy.doFilter(DelegatingFilterProxy.java:263)
	at org.apache.catalina.core.ApplicationFilterChain.internalDoFilter(ApplicationFilterChain.java:193)
	at org.apache.catalina.core.ApplicationFilterChain.doFilter(ApplicationFilterChain.java:166)
	at org.springframework.web.filter.RequestContextFilter.doFilterInternal(RequestContextFilter.java:99)
	at org.springframework.web.filter.OncePerRequestFilter.doFilter(OncePerRequestFilter.java:107)
	at org.apache.catalina.core.ApplicationFilterChain.internalDoFilter(ApplicationFilterChain.java:193)
	at org.apache.catalina.core.ApplicationFilterChain.doFilter(ApplicationFilterChain.java:166)
	at org.springframework.web.filter.HttpPutFormContentFilter.doFilterInternal(HttpPutFormContentFilter.java:108)
	at org.springframework.web.filter.OncePerRequestFilter.doFilter(OncePerRequestFilter.java:107)
	at org.apache.catalina.core.ApplicationFilterChain.internalDoFilter(ApplicationFilterChain.java:193)
	at org.apache.catalina.core.ApplicationFilterChain.doFilter(ApplicationFilterChain.java:166)
	at org.springframework.web.filter.HiddenHttpMethodFilter.doFilterInternal(HiddenHttpMethodFilter.java:81)
	at org.springframework.web.filter.OncePerRequestFilter.doFilter(OncePerRequestFilter.java:107)
	at org.apache.catalina.core.ApplicationFilterChain.internalDoFilter(ApplicationFilterChain.java:193)
	at org.apache.catalina.core.ApplicationFilterChain.doFilter(ApplicationFilterChain.java:166)
	at org.springframework.web.filter.CharacterEncodingFilter.doFilterInternal(CharacterEncodingFilter.java:197)
	at org.springframework.web.filter.OncePerRequestFilter.doFilter(OncePerRequestFilter.java:107)
	at org.apache.catalina.core.ApplicationFilterChain.internalDoFilter(ApplicationFilterChain.java:193)
	at org.apache.catalina.core.ApplicationFilterChain.doFilter(ApplicationFilterChain.java:166)
	at org.apache.catalina.core.StandardWrapperValve.invoke(StandardWrapperValve.java:199)
	at org.apache.catalina.core.StandardContextValve.invoke(StandardContextValve.java:96)
	at org.apache.catalina.authenticator.AuthenticatorBase.invoke(AuthenticatorBase.java:478)
	at org.apache.catalina.core.StandardHostValve.invoke(StandardHostValve.java:140)
	at org.apache.catalina.valves.ErrorReportValve.invoke(ErrorReportValve.java:81)
	at org.apache.catalina.core.StandardEngineValve.invoke(StandardEngineValve.java:87)
	at org.apache.catalina.connector.CoyoteAdapter.service(CoyoteAdapter.java:342)
	at org.apache.coyote.http11.Http11Processor.service(Http11Processor.java:803)
	at org.apache.coyote.AbstractProcessorLight.process(AbstractProcessorLight.java:66)
	at org.apache.coyote.AbstractProtocol$ConnectionHandler.process(AbstractProtocol.java:868)
	at org.apache.tomcat.util.net.NioEndpoint$SocketProcessor.doRun(NioEndpoint.java:1459)
	at org.apache.tomcat.util.net.SocketProcessorBase.run(SocketProcessorBase.java:49)
	at java.util.concurrent.ThreadPoolExecutor.runWorker(ThreadPoolExecutor.java:1149)
	at java.util.concurrent.ThreadPoolExecutor$Worker.run(ThreadPoolExecutor.java:624)
	at org.apache.tomcat.util.threads.TaskThread$WrappingRunnable.run(TaskThread.java:61)
	at java.lang.Thread.run(Thread.java:748)
581003 [http-nio-8080-exec-3] DEBUG o.s.s.w.a.ExceptionTranslationFilter - Access is denied (user is anonymous); redirecting to authentication entry point
org.springframework.security.access.AccessDeniedException: Access is denied
	at org.springframework.security.access.vote.AffirmativeBased.decide(AffirmativeBased.java:84)
	at org.springframework.security.access.intercept.AbstractSecurityInterceptor.beforeInvocation(AbstractSecurityInterceptor.java:233)
	at org.springframework.security.web.access.intercept.FilterSecurityInterceptor.invoke(FilterSecurityInterceptor.java:124)
	at org.springframework.security.web.access.intercept.FilterSecurityInterceptor.doFilter(FilterSecurityInterceptor.java:91)
	at org.springframework.security.web.FilterChainProxy$VirtualFilterChain.doFilter(FilterChainProxy.java:331)
	at org.springframework.security.web.access.ExceptionTranslationFilter.doFilter(ExceptionTranslationFilter.java:114)
	at org.springframework.security.web.FilterChainProxy$VirtualFilterChain.doFilter(FilterChainProxy.java:331)
	at org.springframework.security.web.session.SessionManagementFilter.doFilter(SessionManagementFilter.java:137)
	at org.springframework.security.web.FilterChainProxy$VirtualFilterChain.doFilter(FilterChainProxy.java:331)
	at org.springframework.security.web.authentication.AnonymousAuthenticationFilter.doFilter(AnonymousAuthenticationFilter.java:111)
	at org.springframework.security.web.FilterChainProxy$VirtualFilterChain.doFilter(FilterChainProxy.java:331)
	at org.springframework.security.web.servletapi.SecurityContextHolderAwareRequestFilter.doFilter(SecurityContextHolderAwareRequestFilter.java:170)
	at org.springframework.security.web.FilterChainProxy$VirtualFilterChain.doFilter(FilterChainProxy.java:331)
	at org.springframework.security.web.savedrequest.RequestCacheAwareFilter.doFilter(RequestCacheAwareFilter.java:63)
	at org.springframework.security.web.FilterChainProxy$VirtualFilterChain.doFilter(FilterChainProxy.java:331)
	at org.springframework.security.web.authentication.AbstractAuthenticationProcessingFilter.doFilter(AbstractAuthenticationProcessingFilter.java:200)
	at org.springframework.security.web.FilterChainProxy$VirtualFilterChain.doFilter(FilterChainProxy.java:331)
	at org.springframework.security.web.authentication.logout.LogoutFilter.doFilter(LogoutFilter.java:116)
	at org.springframework.security.web.FilterChainProxy$VirtualFilterChain.doFilter(FilterChainProxy.java:331)
	at org.springframework.security.web.csrf.CsrfFilter.doFilterInternal(CsrfFilter.java:100)
	at org.springframework.web.filter.OncePerRequestFilter.doFilter(OncePerRequestFilter.java:107)
	at org.springframework.security.web.FilterChainProxy$VirtualFilterChain.doFilter(FilterChainProxy.java:331)
	at org.springframework.security.web.header.HeaderWriterFilter.doFilterInternal(HeaderWriterFilter.java:64)
	at org.springframework.web.filter.OncePerRequestFilter.doFilter(OncePerRequestFilter.java:107)
	at org.springframework.security.web.FilterChainProxy$VirtualFilterChain.doFilter(FilterChainProxy.java:331)
	at org.springframework.security.web.context.SecurityContextPersistenceFilter.doFilter(SecurityContextPersistenceFilter.java:105)
	at org.springframework.security.web.FilterChainProxy$VirtualFilterChain.doFilter(FilterChainProxy.java:331)
	at org.springframework.security.web.context.request.async.WebAsyncManagerIntegrationFilter.doFilterInternal(WebAsyncManagerIntegrationFilter.java:56)
	at org.springframework.web.filter.OncePerRequestFilter.doFilter(OncePerRequestFilter.java:107)
	at org.springframework.security.web.FilterChainProxy$VirtualFilterChain.doFilter(FilterChainProxy.java:331)
	at org.springframework.security.web.FilterChainProxy.doFilterInternal(FilterChainProxy.java:214)
	at org.springframework.security.web.FilterChainProxy.doFilter(FilterChainProxy.java:177)
	at org.springframework.web.filter.DelegatingFilterProxy.invokeDelegate(DelegatingFilterProxy.java:347)
	at org.springframework.web.filter.DelegatingFilterProxy.doFilter(DelegatingFilterProxy.java:263)
	at org.apache.catalina.core.ApplicationFilterChain.internalDoFilter(ApplicationFilterChain.java:193)
	at org.apache.catalina.core.ApplicationFilterChain.doFilter(ApplicationFilterChain.java:166)
	at org.springframework.web.filter.RequestContextFilter.doFilterInternal(RequestContextFilter.java:99)
	at org.springframework.web.filter.OncePerRequestFilter.doFilter(OncePerRequestFilter.java:107)
	at org.apache.catalina.core.ApplicationFilterChain.internalDoFilter(ApplicationFilterChain.java:193)
	at org.apache.catalina.core.ApplicationFilterChain.doFilter(ApplicationFilterChain.java:166)
	at org.springframework.web.filter.HttpPutFormContentFilter.doFilterInternal(HttpPutFormContentFilter.java:108)
	at org.springframework.web.filter.OncePerRequestFilter.doFilter(OncePerRequestFilter.java:107)
	at org.apache.catalina.core.ApplicationFilterChain.internalDoFilter(ApplicationFilterChain.java:193)
	at org.apache.catalina.core.ApplicationFilterChain.doFilter(ApplicationFilterChain.java:166)
	at org.springframework.web.filter.HiddenHttpMethodFilter.doFilterInternal(HiddenHttpMethodFilter.java:81)
	at org.springframework.web.filter.OncePerRequestFilter.doFilter(OncePerRequestFilter.java:107)
	at org.apache.catalina.core.ApplicationFilterChain.internalDoFilter(ApplicationFilterChain.java:193)
	at org.apache.catalina.core.ApplicationFilterChain.doFilter(ApplicationFilterChain.java:166)
	at org.springframework.web.filter.CharacterEncodingFilter.doFilterInternal(CharacterEncodingFilter.java:197)
	at org.springframework.web.filter.OncePerRequestFilter.doFilter(OncePerRequestFilter.java:107)
	at org.apache.catalina.core.ApplicationFilterChain.internalDoFilter(ApplicationFilterChain.java:193)
	at org.apache.catalina.core.ApplicationFilterChain.doFilter(ApplicationFilterChain.java:166)
	at org.apache.catalina.core.StandardWrapperValve.invoke(StandardWrapperValve.java:199)
	at org.apache.catalina.core.StandardContextValve.invoke(StandardContextValve.java:96)
	at org.apache.catalina.authenticator.AuthenticatorBase.invoke(AuthenticatorBase.java:478)
	at org.apache.catalina.core.StandardHostValve.invoke(StandardHostValve.java:140)
	at org.apache.catalina.valves.ErrorReportValve.invoke(ErrorReportValve.java:81)
	at org.apache.catalina.core.StandardEngineValve.invoke(StandardEngineValve.java:87)
	at org.apache.catalina.connector.CoyoteAdapter.service(CoyoteAdapter.java:342)
	at org.apache.coyote.http11.Http11Processor.service(Http11Processor.java:803)
	at org.apache.coyote.AbstractProcessorLight.process(AbstractProcessorLight.java:66)
	at org.apache.coyote.AbstractProtocol$ConnectionHandler.process(AbstractProtocol.java:868)
	at org.apache.tomcat.util.net.NioEndpoint$SocketProcessor.doRun(NioEndpoint.java:1459)
	at org.apache.tomcat.util.net.SocketProcessorBase.run(SocketProcessorBase.java:49)
	at java.util.concurrent.ThreadPoolExecutor.runWorker(ThreadPoolExecutor.java:1149)
	at java.util.concurrent.ThreadPoolExecutor$Worker.run(ThreadPoolExecutor.java:624)
	at org.apache.tomcat.util.threads.TaskThread$WrappingRunnable.run(TaskThread.java:61)
	at java.lang.Thread.run(Thread.java:748)
581004 [http-nio-8080-exec-1] DEBUG o.s.s.w.a.ExceptionTranslationFilter - Access is denied (user is anonymous); redirecting to authentication entry point
org.springframework.security.access.AccessDeniedException: Access is denied
	at org.springframework.security.access.vote.AffirmativeBased.decide(AffirmativeBased.java:84)
	at org.springframework.security.access.intercept.AbstractSecurityInterceptor.beforeInvocation(AbstractSecurityInterceptor.java:233)
	at org.springframework.security.web.access.intercept.FilterSecurityInterceptor.invoke(FilterSecurityInterceptor.java:124)
	at org.springframework.security.web.access.intercept.FilterSecurityInterceptor.doFilter(FilterSecurityInterceptor.java:91)
	at org.springframework.security.web.FilterChainProxy$VirtualFilterChain.doFilter(FilterChainProxy.java:331)
	at org.springframework.security.web.access.ExceptionTranslationFilter.doFilter(ExceptionTranslationFilter.java:114)
	at org.springframework.security.web.FilterChainProxy$VirtualFilterChain.doFilter(FilterChainProxy.java:331)
	at org.springframework.security.web.session.SessionManagementFilter.doFilter(SessionManagementFilter.java:137)
	at org.springframework.security.web.FilterChainProxy$VirtualFilterChain.doFilter(FilterChainProxy.java:331)
	at org.springframework.security.web.authentication.AnonymousAuthenticationFilter.doFilter(AnonymousAuthenticationFilter.java:111)
	at org.springframework.security.web.FilterChainProxy$VirtualFilterChain.doFilter(FilterChainProxy.java:331)
	at org.springframework.security.web.servletapi.SecurityContextHolderAwareRequestFilter.doFilter(SecurityContextHolderAwareRequestFilter.java:170)
	at org.springframework.security.web.FilterChainProxy$VirtualFilterChain.doFilter(FilterChainProxy.java:331)
	at org.springframework.security.web.savedrequest.RequestCacheAwareFilter.doFilter(RequestCacheAwareFilter.java:63)
	at org.springframework.security.web.FilterChainProxy$VirtualFilterChain.doFilter(FilterChainProxy.java:331)
	at org.springframework.security.web.authentication.AbstractAuthenticationProcessingFilter.doFilter(AbstractAuthenticationProcessingFilter.java:200)
	at org.springframework.security.web.FilterChainProxy$VirtualFilterChain.doFilter(FilterChainProxy.java:331)
	at org.springframework.security.web.authentication.logout.LogoutFilter.doFilter(LogoutFilter.java:116)
	at org.springframework.security.web.FilterChainProxy$VirtualFilterChain.doFilter(FilterChainProxy.java:331)
	at org.springframework.security.web.csrf.CsrfFilter.doFilterInternal(CsrfFilter.java:100)
	at org.springframework.web.filter.OncePerRequestFilter.doFilter(OncePerRequestFilter.java:107)
	at org.springframework.security.web.FilterChainProxy$VirtualFilterChain.doFilter(FilterChainProxy.java:331)
	at org.springframework.security.web.header.HeaderWriterFilter.doFilterInternal(HeaderWriterFilter.java:64)
	at org.springframework.web.filter.OncePerRequestFilter.doFilter(OncePerRequestFilter.java:107)
	at org.springframework.security.web.FilterChainProxy$VirtualFilterChain.doFilter(FilterChainProxy.java:331)
	at org.springframework.security.web.context.SecurityContextPersistenceFilter.doFilter(SecurityContextPersistenceFilter.java:105)
	at org.springframework.security.web.FilterChainProxy$VirtualFilterChain.doFilter(FilterChainProxy.java:331)
	at org.springframework.security.web.context.request.async.WebAsyncManagerIntegrationFilter.doFilterInternal(WebAsyncManagerIntegrationFilter.java:56)
	at org.springframework.web.filter.OncePerRequestFilter.doFilter(OncePerRequestFilter.java:107)
	at org.springframework.security.web.FilterChainProxy$VirtualFilterChain.doFilter(FilterChainProxy.java:331)
	at org.springframework.security.web.FilterChainProxy.doFilterInternal(FilterChainProxy.java:214)
	at org.springframework.security.web.FilterChainProxy.doFilter(FilterChainProxy.java:177)
	at org.springframework.web.filter.DelegatingFilterProxy.invokeDelegate(DelegatingFilterProxy.java:347)
	at org.springframework.web.filter.DelegatingFilterProxy.doFilter(DelegatingFilterProxy.java:263)
	at org.apache.catalina.core.ApplicationFilterChain.internalDoFilter(ApplicationFilterChain.java:193)
	at org.apache.catalina.core.ApplicationFilterChain.doFilter(ApplicationFilterChain.java:166)
	at org.springframework.web.filter.RequestContextFilter.doFilterInternal(RequestContextFilter.java:99)
	at org.springframework.web.filter.OncePerRequestFilter.doFilter(OncePerRequestFilter.java:107)
	at org.apache.catalina.core.ApplicationFilterChain.internalDoFilter(ApplicationFilterChain.java:193)
	at org.apache.catalina.core.ApplicationFilterChain.doFilter(ApplicationFilterChain.java:166)
	at org.springframework.web.filter.HttpPutFormContentFilter.doFilterInternal(HttpPutFormContentFilter.java:108)
	at org.springframework.web.filter.OncePerRequestFilter.doFilter(OncePerRequestFilter.java:107)
	at org.apache.catalina.core.ApplicationFilterChain.internalDoFilter(ApplicationFilterChain.java:193)
	at org.apache.catalina.core.ApplicationFilterChain.doFilter(ApplicationFilterChain.java:166)
	at org.springframework.web.filter.HiddenHttpMethodFilter.doFilterInternal(HiddenHttpMethodFilter.java:81)
	at org.springframework.web.filter.OncePerRequestFilter.doFilter(OncePerRequestFilter.java:107)
	at org.apache.catalina.core.ApplicationFilterChain.internalDoFilter(ApplicationFilterChain.java:193)
	at org.apache.catalina.core.ApplicationFilterChain.doFilter(ApplicationFilterChain.java:166)
	at org.springframework.web.filter.CharacterEncodingFilter.doFilterInternal(CharacterEncodingFilter.java:197)
	at org.springframework.web.filter.OncePerRequestFilter.doFilter(OncePerRequestFilter.java:107)
	at org.apache.catalina.core.ApplicationFilterChain.internalDoFilter(ApplicationFilterChain.java:193)
	at org.apache.catalina.core.ApplicationFilterChain.doFilter(ApplicationFilterChain.java:166)
	at org.apache.catalina.core.StandardWrapperValve.invoke(StandardWrapperValve.java:199)
	at org.apache.catalina.core.StandardContextValve.invoke(StandardContextValve.java:96)
	at org.apache.catalina.authenticator.AuthenticatorBase.invoke(AuthenticatorBase.java:478)
	at org.apache.catalina.core.StandardHostValve.invoke(StandardHostValve.java:140)
	at org.apache.catalina.valves.ErrorReportValve.invoke(ErrorReportValve.java:81)
	at org.apache.catalina.core.StandardEngineValve.invoke(StandardEngineValve.java:87)
	at org.apache.catalina.connector.CoyoteAdapter.service(CoyoteAdapter.java:342)
	at org.apache.coyote.http11.Http11Processor.service(Http11Processor.java:803)
	at org.apache.coyote.AbstractProcessorLight.process(AbstractProcessorLight.java:66)
	at org.apache.coyote.AbstractProtocol$ConnectionHandler.process(AbstractProtocol.java:868)
	at org.apache.tomcat.util.net.NioEndpoint$SocketProcessor.doRun(NioEndpoint.java:1459)
	at org.apache.tomcat.util.net.SocketProcessorBase.run(SocketProcessorBase.java:49)
	at java.util.concurrent.ThreadPoolExecutor.runWorker(ThreadPoolExecutor.java:1149)
	at java.util.concurrent.ThreadPoolExecutor$Worker.run(ThreadPoolExecutor.java:624)
	at org.apache.tomcat.util.threads.TaskThread$WrappingRunnable.run(TaskThread.java:61)
	at java.lang.Thread.run(Thread.java:748)
581005 [http-nio-8080-exec-8] DEBUG o.s.s.w.u.matcher.AndRequestMatcher - Trying to match using Ant [pattern='/**', GET]
581005 [http-nio-8080-exec-3] DEBUG o.s.s.w.u.matcher.AndRequestMatcher - Trying to match using Ant [pattern='/**', GET]
581006 [http-nio-8080-exec-1] DEBUG o.s.s.w.u.matcher.AndRequestMatcher - Trying to match using Ant [pattern='/**', GET]
581006 [http-nio-8080-exec-8] DEBUG o.s.s.w.u.m.AntPathRequestMatcher - Request '/bootstrap/css/bootstrap.css' matched by universal pattern '/**'
581006 [http-nio-8080-exec-3] DEBUG o.s.s.w.u.m.AntPathRequestMatcher - Request '/bootstrap/js/bootstrap.js' matched by universal pattern '/**'
581006 [http-nio-8080-exec-1] DEBUG o.s.s.w.u.m.AntPathRequestMatcher - Request '/jquery/jquery-2.1.3.js' matched by universal pattern '/**'
581006 [http-nio-8080-exec-8] DEBUG o.s.s.w.u.matcher.AndRequestMatcher - Trying to match using NegatedRequestMatcher [requestMatcher=Ant [pattern='/**/favicon.ico']]
581006 [http-nio-8080-exec-1] DEBUG o.s.s.w.u.matcher.AndRequestMatcher - Trying to match using NegatedRequestMatcher [requestMatcher=Ant [pattern='/**/favicon.ico']]
581006 [http-nio-8080-exec-3] DEBUG o.s.s.w.u.matcher.AndRequestMatcher - Trying to match using NegatedRequestMatcher [requestMatcher=Ant [pattern='/**/favicon.ico']]
581006 [http-nio-8080-exec-1] DEBUG o.s.s.w.u.m.AntPathRequestMatcher - Checking match of request : '/jquery/jquery-2.1.3.js'; against '/**/favicon.ico'
581006 [http-nio-8080-exec-3] DEBUG o.s.s.w.u.m.AntPathRequestMatcher - Checking match of request : '/bootstrap/js/bootstrap.js'; against '/**/favicon.ico'
581006 [http-nio-8080-exec-1] DEBUG o.s.s.w.u.m.NegatedRequestMatcher - matches = true
581006 [http-nio-8080-exec-8] DEBUG o.s.s.w.u.m.AntPathRequestMatcher - Checking match of request : '/bootstrap/css/bootstrap.css'; against '/**/favicon.ico'
581006 [http-nio-8080-exec-1] DEBUG o.s.s.w.u.matcher.AndRequestMatcher - Trying to match using NegatedRequestMatcher [requestMatcher=MediaTypeRequestMatcher [contentNegotiationStrategy=org.springframework.web.accept.ContentNegotiationManager@34a84d5e, matchingMediaTypes=[application/json], useEquals=false, ignoredMediaTypes=[*/*]]]
581006 [http-nio-8080-exec-8] DEBUG o.s.s.w.u.m.NegatedRequestMatcher - matches = true
581006 [http-nio-8080-exec-3] DEBUG o.s.s.w.u.m.NegatedRequestMatcher - matches = true
581006 [http-nio-8080-exec-8] DEBUG o.s.s.w.u.matcher.AndRequestMatcher - Trying to match using NegatedRequestMatcher [requestMatcher=MediaTypeRequestMatcher [contentNegotiationStrategy=org.springframework.web.accept.ContentNegotiationManager@34a84d5e, matchingMediaTypes=[application/json], useEquals=false, ignoredMediaTypes=[*/*]]]
581006 [http-nio-8080-exec-3] DEBUG o.s.s.w.u.matcher.AndRequestMatcher - Trying to match using NegatedRequestMatcher [requestMatcher=MediaTypeRequestMatcher [contentNegotiationStrategy=org.springframework.web.accept.ContentNegotiationManager@34a84d5e, matchingMediaTypes=[application/json], useEquals=false, ignoredMediaTypes=[*/*]]]
581006 [http-nio-8080-exec-1] DEBUG o.s.s.w.u.m.MediaTypeRequestMatcher - httpRequestMediaTypes=[application/javascript]
581006 [http-nio-8080-exec-3] DEBUG o.s.s.w.u.m.MediaTypeRequestMatcher - httpRequestMediaTypes=[application/javascript]
581006 [http-nio-8080-exec-3] DEBUG o.s.s.w.u.m.MediaTypeRequestMatcher - Processing application/javascript
581006 [http-nio-8080-exec-8] DEBUG o.s.s.w.u.m.MediaTypeRequestMatcher - httpRequestMediaTypes=[text/css]
581006 [http-nio-8080-exec-3] DEBUG o.s.s.w.u.m.MediaTypeRequestMatcher - application/json .isCompatibleWith application/javascript = false
581006 [http-nio-8080-exec-1] DEBUG o.s.s.w.u.m.MediaTypeRequestMatcher - Processing application/javascript
581006 [http-nio-8080-exec-8] DEBUG o.s.s.w.u.m.MediaTypeRequestMatcher - Processing text/css
581006 [http-nio-8080-exec-8] DEBUG o.s.s.w.u.m.MediaTypeRequestMatcher - application/json .isCompatibleWith text/css = false
581006 [http-nio-8080-exec-3] DEBUG o.s.s.w.u.m.MediaTypeRequestMatcher - Did not match any media types
581006 [http-nio-8080-exec-8] DEBUG o.s.s.w.u.m.MediaTypeRequestMatcher - Did not match any media types
581006 [http-nio-8080-exec-1] DEBUG o.s.s.w.u.m.MediaTypeRequestMatcher - application/json .isCompatibleWith application/javascript = false
581006 [http-nio-8080-exec-3] DEBUG o.s.s.w.u.m.NegatedRequestMatcher - matches = true
581006 [http-nio-8080-exec-8] DEBUG o.s.s.w.u.m.NegatedRequestMatcher - matches = true
581006 [http-nio-8080-exec-1] DEBUG o.s.s.w.u.m.MediaTypeRequestMatcher - Did not match any media types
581006 [http-nio-8080-exec-8] DEBUG o.s.s.w.u.matcher.AndRequestMatcher - Trying to match using NegatedRequestMatcher [requestMatcher=RequestHeaderRequestMatcher [expectedHeaderName=X-Requested-With, expectedHeaderValue=XMLHttpRequest]]
581006 [http-nio-8080-exec-1] DEBUG o.s.s.w.u.m.NegatedRequestMatcher - matches = true
581006 [http-nio-8080-exec-8] DEBUG o.s.s.w.u.m.NegatedRequestMatcher - matches = true
581006 [http-nio-8080-exec-1] DEBUG o.s.s.w.u.matcher.AndRequestMatcher - Trying to match using NegatedRequestMatcher [requestMatcher=RequestHeaderRequestMatcher [expectedHeaderName=X-Requested-With, expectedHeaderValue=XMLHttpRequest]]
581006 [http-nio-8080-exec-8] DEBUG o.s.s.w.u.matcher.AndRequestMatcher - All requestMatchers returned true
581006 [http-nio-8080-exec-1] DEBUG o.s.s.w.u.m.NegatedRequestMatcher - matches = true
581006 [http-nio-8080-exec-1] DEBUG o.s.s.w.u.matcher.AndRequestMatcher - All requestMatchers returned true
581006 [http-nio-8080-exec-3] DEBUG o.s.s.w.u.matcher.AndRequestMatcher - Trying to match using NegatedRequestMatcher [requestMatcher=RequestHeaderRequestMatcher [expectedHeaderName=X-Requested-With, expectedHeaderValue=XMLHttpRequest]]
581006 [http-nio-8080-exec-3] DEBUG o.s.s.w.u.m.NegatedRequestMatcher - matches = true
581006 [http-nio-8080-exec-3] DEBUG o.s.s.w.u.matcher.AndRequestMatcher - All requestMatchers returned true
581006 [http-nio-8080-exec-1] DEBUG o.s.s.w.s.HttpSessionRequestCache - DefaultSavedRequest added to Session: DefaultSavedRequest[http://localhost:8080/jquery/jquery-2.1.3.js]
581006 [http-nio-8080-exec-8] DEBUG o.s.s.w.s.HttpSessionRequestCache - DefaultSavedRequest added to Session: DefaultSavedRequest[http://localhost:8080/bootstrap/css/bootstrap.css]
581006 [http-nio-8080-exec-1] DEBUG o.s.s.w.a.ExceptionTranslationFilter - Calling Authentication entry point.
581007 [http-nio-8080-exec-8] DEBUG o.s.s.w.a.ExceptionTranslationFilter - Calling Authentication entry point.
581007 [http-nio-8080-exec-1] DEBUG o.s.s.web.DefaultRedirectStrategy - Redirecting to 'http://localhost:8080/login'
581007 [http-nio-8080-exec-1] DEBUG o.s.s.w.c.HttpSessionSecurityContextRepository - SecurityContext is empty or contents are anonymous - context will not be stored in HttpSession.
581007 [http-nio-8080-exec-3] DEBUG o.s.s.w.s.HttpSessionRequestCache - DefaultSavedRequest added to Session: DefaultSavedRequest[http://localhost:8080/bootstrap/js/bootstrap.js]
581007 [http-nio-8080-exec-8] DEBUG o.s.s.web.DefaultRedirectStrategy - Redirecting to 'http://localhost:8080/login'
581007 [http-nio-8080-exec-3] DEBUG o.s.s.w.a.ExceptionTranslationFilter - Calling Authentication entry point.
581007 [http-nio-8080-exec-1] DEBUG o.s.s.w.c.SecurityContextPersistenceFilter - SecurityContextHolder now cleared, as request processing completed
581007 [http-nio-8080-exec-8] DEBUG o.s.s.w.c.HttpSessionSecurityContextRepository - SecurityContext is empty or contents are anonymous - context will not be stored in HttpSession.
581007 [http-nio-8080-exec-3] DEBUG o.s.s.web.DefaultRedirectStrategy - Redirecting to 'http://localhost:8080/login'
581007 [http-nio-8080-exec-3] DEBUG o.s.s.w.c.HttpSessionSecurityContextRepository - SecurityContext is empty or contents are anonymous - context will not be stored in HttpSession.
581007 [http-nio-8080-exec-8] DEBUG o.s.s.w.c.SecurityContextPersistenceFilter - SecurityContextHolder now cleared, as request processing completed
581007 [http-nio-8080-exec-3] DEBUG o.s.s.w.c.SecurityContextPersistenceFilter - SecurityContextHolder now cleared, as request processing completed
581009 [http-nio-8080-exec-7] DEBUG o.s.s.w.u.matcher.OrRequestMatcher - Trying to match using Ant [pattern='/css/**']
581009 [http-nio-8080-exec-4] DEBUG o.s.s.w.u.matcher.OrRequestMatcher - Trying to match using Ant [pattern='/css/**']
581009 [http-nio-8080-exec-7] DEBUG o.s.s.w.u.m.AntPathRequestMatcher - Checking match of request : '/login'; against '/css/**'
581009 [http-nio-8080-exec-4] DEBUG o.s.s.w.u.m.AntPathRequestMatcher - Checking match of request : '/login'; against '/css/**'
581009 [http-nio-8080-exec-7] DEBUG o.s.s.w.u.matcher.OrRequestMatcher - Trying to match using Ant [pattern='/js/**']
581009 [http-nio-8080-exec-4] DEBUG o.s.s.w.u.matcher.OrRequestMatcher - Trying to match using Ant [pattern='/js/**']
581009 [http-nio-8080-exec-7] DEBUG o.s.s.w.u.m.AntPathRequestMatcher - Checking match of request : '/login'; against '/js/**'
581009 [http-nio-8080-exec-4] DEBUG o.s.s.w.u.m.AntPathRequestMatcher - Checking match of request : '/login'; against '/js/**'
581009 [http-nio-8080-exec-7] DEBUG o.s.s.w.u.matcher.OrRequestMatcher - Trying to match using Ant [pattern='/images/**']
581009 [http-nio-8080-exec-4] DEBUG o.s.s.w.u.matcher.OrRequestMatcher - Trying to match using Ant [pattern='/images/**']
581009 [http-nio-8080-exec-7] DEBUG o.s.s.w.u.m.AntPathRequestMatcher - Checking match of request : '/login'; against '/images/**'
581009 [http-nio-8080-exec-4] DEBUG o.s.s.w.u.m.AntPathRequestMatcher - Checking match of request : '/login'; against '/images/**'
581009 [http-nio-8080-exec-7] DEBUG o.s.s.w.u.matcher.OrRequestMatcher - Trying to match using Ant [pattern='/webjars/**']
581009 [http-nio-8080-exec-4] DEBUG o.s.s.w.u.matcher.OrRequestMatcher - Trying to match using Ant [pattern='/webjars/**']
581009 [http-nio-8080-exec-7] DEBUG o.s.s.w.u.m.AntPathRequestMatcher - Checking match of request : '/login'; against '/webjars/**'
581009 [http-nio-8080-exec-4] DEBUG o.s.s.w.u.m.AntPathRequestMatcher - Checking match of request : '/login'; against '/webjars/**'
581009 [http-nio-8080-exec-7] DEBUG o.s.s.w.u.matcher.OrRequestMatcher - Trying to match using Ant [pattern='/**/favicon.ico']
581010 [http-nio-8080-exec-4] DEBUG o.s.s.w.u.matcher.OrRequestMatcher - Trying to match using Ant [pattern='/**/favicon.ico']
581010 [http-nio-8080-exec-7] DEBUG o.s.s.w.u.m.AntPathRequestMatcher - Checking match of request : '/login'; against '/**/favicon.ico'
581010 [http-nio-8080-exec-4] DEBUG o.s.s.w.u.m.AntPathRequestMatcher - Checking match of request : '/login'; against '/**/favicon.ico'
581010 [http-nio-8080-exec-7] DEBUG o.s.s.w.u.matcher.OrRequestMatcher - Trying to match using Ant [pattern='/error']
581010 [http-nio-8080-exec-4] DEBUG o.s.s.w.u.matcher.OrRequestMatcher - Trying to match using Ant [pattern='/error']
581010 [http-nio-8080-exec-4] DEBUG o.s.s.w.u.m.AntPathRequestMatcher - Checking match of request : '/login'; against '/error'
581010 [http-nio-8080-exec-4] DEBUG o.s.s.w.u.matcher.OrRequestMatcher - No matches found
581010 [http-nio-8080-exec-7] DEBUG o.s.s.w.u.m.AntPathRequestMatcher - Checking match of request : '/login'; against '/error'
581010 [http-nio-8080-exec-4] DEBUG o.s.security.web.FilterChainProxy - /login at position 1 of 12 in additional filter chain; firing Filter: 'WebAsyncManagerIntegrationFilter'
581010 [http-nio-8080-exec-7] DEBUG o.s.s.w.u.matcher.OrRequestMatcher - No matches found
581010 [http-nio-8080-exec-4] DEBUG o.s.security.web.FilterChainProxy - /login at position 2 of 12 in additional filter chain; firing Filter: 'SecurityContextPersistenceFilter'
581010 [http-nio-8080-exec-7] DEBUG o.s.security.web.FilterChainProxy - /login at position 1 of 12 in additional filter chain; firing Filter: 'WebAsyncManagerIntegrationFilter'
581010 [http-nio-8080-exec-4] DEBUG o.s.s.w.c.HttpSessionSecurityContextRepository - HttpSession returned null object for SPRING_SECURITY_CONTEXT
581010 [http-nio-8080-exec-7] DEBUG o.s.security.web.FilterChainProxy - /login at position 2 of 12 in additional filter chain; firing Filter: 'SecurityContextPersistenceFilter'
581010 [http-nio-8080-exec-4] DEBUG o.s.s.w.c.HttpSessionSecurityContextRepository - No SecurityContext was available from the HttpSession: org.apache.catalina.session.StandardSessionFacade@30689b56. A new one will be created.
581014 [http-nio-8080-exec-7] DEBUG o.s.s.w.c.HttpSessionSecurityContextRepository - HttpSession returned null object for SPRING_SECURITY_CONTEXT
581014 [http-nio-8080-exec-4] DEBUG o.s.security.web.FilterChainProxy - /login at position 3 of 12 in additional filter chain; firing Filter: 'HeaderWriterFilter'
581014 [http-nio-8080-exec-7] DEBUG o.s.s.w.c.HttpSessionSecurityContextRepository - No SecurityContext was available from the HttpSession: org.apache.catalina.session.StandardSessionFacade@30689b56. A new one will be created.
581014 [http-nio-8080-exec-7] DEBUG o.s.security.web.FilterChainProxy - /login at position 3 of 12 in additional filter chain; firing Filter: 'HeaderWriterFilter'
581014 [http-nio-8080-exec-4] DEBUG o.s.s.w.h.writers.HstsHeaderWriter - Not injecting HSTS header since it did not match the requestMatcher org.springframework.security.web.header.writers.HstsHeaderWriter$SecureRequestMatcher@34571983
581014 [http-nio-8080-exec-7] DEBUG o.s.s.w.h.writers.HstsHeaderWriter - Not injecting HSTS header since it did not match the requestMatcher org.springframework.security.web.header.writers.HstsHeaderWriter$SecureRequestMatcher@34571983
581014 [http-nio-8080-exec-4] DEBUG o.s.security.web.FilterChainProxy - /login at position 4 of 12 in additional filter chain; firing Filter: 'CsrfFilter'
581014 [http-nio-8080-exec-7] DEBUG o.s.security.web.FilterChainProxy - /login at position 4 of 12 in additional filter chain; firing Filter: 'CsrfFilter'
581014 [http-nio-8080-exec-4] DEBUG o.s.security.web.FilterChainProxy - /login at position 5 of 12 in additional filter chain; firing Filter: 'LogoutFilter'
581014 [http-nio-8080-exec-7] DEBUG o.s.security.web.FilterChainProxy - /login at position 5 of 12 in additional filter chain; firing Filter: 'LogoutFilter'
581014 [http-nio-8080-exec-4] DEBUG o.s.s.w.u.m.AntPathRequestMatcher - Request 'GET /login' doesn't match 'POST /logout
581014 [http-nio-8080-exec-7] DEBUG o.s.s.w.u.m.AntPathRequestMatcher - Request 'GET /login' doesn't match 'POST /logout
581014 [http-nio-8080-exec-7] DEBUG o.s.security.web.FilterChainProxy - /login at position 6 of 12 in additional filter chain; firing Filter: 'UsernamePasswordAuthenticationFilter'
581014 [http-nio-8080-exec-7] DEBUG o.s.s.w.u.m.AntPathRequestMatcher - Request 'GET /login' doesn't match 'POST /login
581014 [http-nio-8080-exec-4] DEBUG o.s.security.web.FilterChainProxy - /login at position 6 of 12 in additional filter chain; firing Filter: 'UsernamePasswordAuthenticationFilter'
581014 [http-nio-8080-exec-4] DEBUG o.s.s.w.u.m.AntPathRequestMatcher - Request 'GET /login' doesn't match 'POST /login
581014 [http-nio-8080-exec-4] DEBUG o.s.security.web.FilterChainProxy - /login at position 7 of 12 in additional filter chain; firing Filter: 'RequestCacheAwareFilter'
581014 [http-nio-8080-exec-4] DEBUG o.s.s.w.s.DefaultSavedRequest - pathInfo: both null (property equals)
581014 [http-nio-8080-exec-4] DEBUG o.s.s.w.s.DefaultSavedRequest - queryString: both null (property equals)
581014 [http-nio-8080-exec-4] DEBUG o.s.s.w.s.DefaultSavedRequest - requestURI: arg1=/bootstrap/js/bootstrap.js; arg2=/login (property not equals)
581014 [http-nio-8080-exec-4] DEBUG o.s.s.w.s.HttpSessionRequestCache - saved request doesn't match
581014 [http-nio-8080-exec-7] DEBUG o.s.security.web.FilterChainProxy - /login at position 7 of 12 in additional filter chain; firing Filter: 'RequestCacheAwareFilter'
581014 [http-nio-8080-exec-7] DEBUG o.s.s.w.s.DefaultSavedRequest - pathInfo: both null (property equals)
581014 [http-nio-8080-exec-7] DEBUG o.s.s.w.s.DefaultSavedRequest - queryString: both null (property equals)
581014 [http-nio-8080-exec-7] DEBUG o.s.s.w.s.DefaultSavedRequest - requestURI: arg1=/bootstrap/js/bootstrap.js; arg2=/login (property not equals)
581014 [http-nio-8080-exec-4] DEBUG o.s.security.web.FilterChainProxy - /login at position 8 of 12 in additional filter chain; firing Filter: 'SecurityContextHolderAwareRequestFilter'
581016 [http-nio-8080-exec-7] DEBUG o.s.s.w.s.HttpSessionRequestCache - saved request doesn't match
581016 [http-nio-8080-exec-4] DEBUG o.s.security.web.FilterChainProxy - /login at position 9 of 12 in additional filter chain; firing Filter: 'AnonymousAuthenticationFilter'
581016 [http-nio-8080-exec-7] DEBUG o.s.security.web.FilterChainProxy - /login at position 8 of 12 in additional filter chain; firing Filter: 'SecurityContextHolderAwareRequestFilter'
581016 [http-nio-8080-exec-4] DEBUG o.s.s.w.a.AnonymousAuthenticationFilter - Populated SecurityContextHolder with anonymous token: 'org.springframework.security.authentication.AnonymousAuthenticationToken@6fabe8e0: Principal: anonymousUser; Credentials: [PROTECTED]; Authenticated: true; Details: org.springframework.security.web.authentication.WebAuthenticationDetails@fffe9938: RemoteIpAddress: 0:0:0:0:0:0:0:1; SessionId: 760D79BA12046463C13AD8F04AD89B62; Granted Authorities: ROLE_ANONYMOUS'
581016 [http-nio-8080-exec-4] DEBUG o.s.security.web.FilterChainProxy - /login at position 10 of 12 in additional filter chain; firing Filter: 'SessionManagementFilter'
581016 [http-nio-8080-exec-7] DEBUG o.s.security.web.FilterChainProxy - /login at position 9 of 12 in additional filter chain; firing Filter: 'AnonymousAuthenticationFilter'
581016 [http-nio-8080-exec-7] DEBUG o.s.s.w.a.AnonymousAuthenticationFilter - Populated SecurityContextHolder with anonymous token: 'org.springframework.security.authentication.AnonymousAuthenticationToken@6fabe8e0: Principal: anonymousUser; Credentials: [PROTECTED]; Authenticated: true; Details: org.springframework.security.web.authentication.WebAuthenticationDetails@fffe9938: RemoteIpAddress: 0:0:0:0:0:0:0:1; SessionId: 760D79BA12046463C13AD8F04AD89B62; Granted Authorities: ROLE_ANONYMOUS'
581016 [http-nio-8080-exec-7] DEBUG o.s.security.web.FilterChainProxy - /login at position 10 of 12 in additional filter chain; firing Filter: 'SessionManagementFilter'
581016 [http-nio-8080-exec-7] DEBUG o.s.security.web.FilterChainProxy - /login at position 11 of 12 in additional filter chain; firing Filter: 'ExceptionTranslationFilter'
581016 [http-nio-8080-exec-7] DEBUG o.s.security.web.FilterChainProxy - /login at position 12 of 12 in additional filter chain; firing Filter: 'FilterSecurityInterceptor'
581016 [http-nio-8080-exec-4] DEBUG o.s.security.web.FilterChainProxy - /login at position 11 of 12 in additional filter chain; firing Filter: 'ExceptionTranslationFilter'
581016 [http-nio-8080-exec-7] DEBUG o.s.s.w.a.i.FilterSecurityInterceptor - Secure object: FilterInvocation: URL: /login; Attributes: [permitAll]
581016 [http-nio-8080-exec-4] DEBUG o.s.security.web.FilterChainProxy - /login at position 12 of 12 in additional filter chain; firing Filter: 'FilterSecurityInterceptor'
581016 [http-nio-8080-exec-7] DEBUG o.s.s.w.a.i.FilterSecurityInterceptor - Previously Authenticated: org.springframework.security.authentication.AnonymousAuthenticationToken@6fabe8e0: Principal: anonymousUser; Credentials: [PROTECTED]; Authenticated: true; Details: org.springframework.security.web.authentication.WebAuthenticationDetails@fffe9938: RemoteIpAddress: 0:0:0:0:0:0:0:1; SessionId: 760D79BA12046463C13AD8F04AD89B62; Granted Authorities: ROLE_ANONYMOUS
581016 [http-nio-8080-exec-4] DEBUG o.s.s.w.a.i.FilterSecurityInterceptor - Secure object: FilterInvocation: URL: /login; Attributes: [permitAll]
581016 [http-nio-8080-exec-4] DEBUG o.s.s.w.a.i.FilterSecurityInterceptor - Previously Authenticated: org.springframework.security.authentication.AnonymousAuthenticationToken@6fabe8e0: Principal: anonymousUser; Credentials: [PROTECTED]; Authenticated: true; Details: org.springframework.security.web.authentication.WebAuthenticationDetails@fffe9938: RemoteIpAddress: 0:0:0:0:0:0:0:1; SessionId: 760D79BA12046463C13AD8F04AD89B62; Granted Authorities: ROLE_ANONYMOUS
581016 [http-nio-8080-exec-7] DEBUG o.s.s.access.vote.AffirmativeBased - Voter: org.springframework.security.web.access.expression.WebExpressionVoter@7155916d, returned: 1
581016 [http-nio-8080-exec-4] DEBUG o.s.s.access.vote.AffirmativeBased - Voter: org.springframework.security.web.access.expression.WebExpressionVoter@7155916d, returned: 1
581016 [http-nio-8080-exec-4] DEBUG o.s.s.w.a.i.FilterSecurityInterceptor - Authorization successful
581016 [http-nio-8080-exec-7] DEBUG o.s.s.w.a.i.FilterSecurityInterceptor - Authorization successful
581016 [http-nio-8080-exec-7] DEBUG o.s.s.w.a.i.FilterSecurityInterceptor - RunAsManager did not change Authentication object
581016 [http-nio-8080-exec-4] DEBUG o.s.s.w.a.i.FilterSecurityInterceptor - RunAsManager did not change Authentication object
581018 [http-nio-8080-exec-7] DEBUG o.s.security.web.FilterChainProxy - /login reached end of additional filter chain; proceeding with original chain
581018 [http-nio-8080-exec-4] DEBUG o.s.security.web.FilterChainProxy - /login reached end of additional filter chain; proceeding with original chain
581020 [http-nio-8080-exec-7] DEBUG o.s.s.w.c.HttpSessionSecurityContextRepository - SecurityContext is empty or contents are anonymous - context will not be stored in HttpSession.
581020 [http-nio-8080-exec-4] DEBUG o.s.s.w.c.HttpSessionSecurityContextRepository - SecurityContext is empty or contents are anonymous - context will not be stored in HttpSession.
581020 [http-nio-8080-exec-7] DEBUG o.s.s.w.a.ExceptionTranslationFilter - Chain processed normally
581020 [http-nio-8080-exec-7] DEBUG o.s.s.w.c.SecurityContextPersistenceFilter - SecurityContextHolder now cleared, as request processing completed
581021 [http-nio-8080-exec-4] DEBUG o.s.s.w.a.ExceptionTranslationFilter - Chain processed normally
581021 [http-nio-8080-exec-4] DEBUG o.s.s.w.c.SecurityContextPersistenceFilter - SecurityContextHolder now cleared, as request processing completed
581022 [http-nio-8080-exec-2] DEBUG o.s.s.w.u.matcher.OrRequestMatcher - Trying to match using Ant [pattern='/css/**']
581022 [http-nio-8080-exec-2] DEBUG o.s.s.w.u.m.AntPathRequestMatcher - Checking match of request : '/login'; against '/css/**'
581022 [http-nio-8080-exec-2] DEBUG o.s.s.w.u.matcher.OrRequestMatcher - Trying to match using Ant [pattern='/js/**']
581022 [http-nio-8080-exec-2] DEBUG o.s.s.w.u.m.AntPathRequestMatcher - Checking match of request : '/login'; against '/js/**'
581022 [http-nio-8080-exec-2] DEBUG o.s.s.w.u.matcher.OrRequestMatcher - Trying to match using Ant [pattern='/images/**']
581022 [http-nio-8080-exec-2] DEBUG o.s.s.w.u.m.AntPathRequestMatcher - Checking match of request : '/login'; against '/images/**'
581022 [http-nio-8080-exec-2] DEBUG o.s.s.w.u.matcher.OrRequestMatcher - Trying to match using Ant [pattern='/webjars/**']
581022 [http-nio-8080-exec-2] DEBUG o.s.s.w.u.m.AntPathRequestMatcher - Checking match of request : '/login'; against '/webjars/**'
581022 [http-nio-8080-exec-2] DEBUG o.s.s.w.u.matcher.OrRequestMatcher - Trying to match using Ant [pattern='/**/favicon.ico']
581022 [http-nio-8080-exec-2] DEBUG o.s.s.w.u.m.AntPathRequestMatcher - Checking match of request : '/login'; against '/**/favicon.ico'
581022 [http-nio-8080-exec-2] DEBUG o.s.s.w.u.matcher.OrRequestMatcher - Trying to match using Ant [pattern='/error']
581022 [http-nio-8080-exec-2] DEBUG o.s.s.w.u.m.AntPathRequestMatcher - Checking match of request : '/login'; against '/error'
581022 [http-nio-8080-exec-2] DEBUG o.s.s.w.u.matcher.OrRequestMatcher - No matches found
581022 [http-nio-8080-exec-2] DEBUG o.s.security.web.FilterChainProxy - /login at position 1 of 12 in additional filter chain; firing Filter: 'WebAsyncManagerIntegrationFilter'
581022 [http-nio-8080-exec-2] DEBUG o.s.security.web.FilterChainProxy - /login at position 2 of 12 in additional filter chain; firing Filter: 'SecurityContextPersistenceFilter'
581022 [http-nio-8080-exec-2] DEBUG o.s.s.w.c.HttpSessionSecurityContextRepository - HttpSession returned null object for SPRING_SECURITY_CONTEXT
581022 [http-nio-8080-exec-2] DEBUG o.s.s.w.c.HttpSessionSecurityContextRepository - No SecurityContext was available from the HttpSession: org.apache.catalina.session.StandardSessionFacade@30689b56. A new one will be created.
581022 [http-nio-8080-exec-2] DEBUG o.s.security.web.FilterChainProxy - /login at position 3 of 12 in additional filter chain; firing Filter: 'HeaderWriterFilter'
581022 [http-nio-8080-exec-2] DEBUG o.s.s.w.h.writers.HstsHeaderWriter - Not injecting HSTS header since it did not match the requestMatcher org.springframework.security.web.header.writers.HstsHeaderWriter$SecureRequestMatcher@34571983
581022 [http-nio-8080-exec-2] DEBUG o.s.security.web.FilterChainProxy - /login at position 4 of 12 in additional filter chain; firing Filter: 'CsrfFilter'
581022 [http-nio-8080-exec-2] DEBUG o.s.security.web.FilterChainProxy - /login at position 5 of 12 in additional filter chain; firing Filter: 'LogoutFilter'
581022 [http-nio-8080-exec-2] DEBUG o.s.s.w.u.m.AntPathRequestMatcher - Request 'GET /login' doesn't match 'POST /logout
581022 [http-nio-8080-exec-2] DEBUG o.s.security.web.FilterChainProxy - /login at position 6 of 12 in additional filter chain; firing Filter: 'UsernamePasswordAuthenticationFilter'
581022 [http-nio-8080-exec-2] DEBUG o.s.s.w.u.m.AntPathRequestMatcher - Request 'GET /login' doesn't match 'POST /login
581022 [http-nio-8080-exec-2] DEBUG o.s.security.web.FilterChainProxy - /login at position 7 of 12 in additional filter chain; firing Filter: 'RequestCacheAwareFilter'
581022 [http-nio-8080-exec-2] DEBUG o.s.s.w.s.DefaultSavedRequest - pathInfo: both null (property equals)
581022 [http-nio-8080-exec-2] DEBUG o.s.s.w.s.DefaultSavedRequest - queryString: both null (property equals)
581022 [http-nio-8080-exec-2] DEBUG o.s.s.w.s.DefaultSavedRequest - requestURI: arg1=/bootstrap/js/bootstrap.js; arg2=/login (property not equals)
581023 [http-nio-8080-exec-2] DEBUG o.s.s.w.s.HttpSessionRequestCache - saved request doesn't match
581023 [http-nio-8080-exec-2] DEBUG o.s.security.web.FilterChainProxy - /login at position 8 of 12 in additional filter chain; firing Filter: 'SecurityContextHolderAwareRequestFilter'
581023 [http-nio-8080-exec-2] DEBUG o.s.security.web.FilterChainProxy - /login at position 9 of 12 in additional filter chain; firing Filter: 'AnonymousAuthenticationFilter'
581023 [http-nio-8080-exec-2] DEBUG o.s.s.w.a.AnonymousAuthenticationFilter - Populated SecurityContextHolder with anonymous token: 'org.springframework.security.authentication.AnonymousAuthenticationToken@6fabe8e0: Principal: anonymousUser; Credentials: [PROTECTED]; Authenticated: true; Details: org.springframework.security.web.authentication.WebAuthenticationDetails@fffe9938: RemoteIpAddress: 0:0:0:0:0:0:0:1; SessionId: 760D79BA12046463C13AD8F04AD89B62; Granted Authorities: ROLE_ANONYMOUS'
581023 [http-nio-8080-exec-2] DEBUG o.s.security.web.FilterChainProxy - /login at position 10 of 12 in additional filter chain; firing Filter: 'SessionManagementFilter'
581023 [http-nio-8080-exec-2] DEBUG o.s.security.web.FilterChainProxy - /login at position 11 of 12 in additional filter chain; firing Filter: 'ExceptionTranslationFilter'
581023 [http-nio-8080-exec-2] DEBUG o.s.security.web.FilterChainProxy - /login at position 12 of 12 in additional filter chain; firing Filter: 'FilterSecurityInterceptor'
581023 [http-nio-8080-exec-2] DEBUG o.s.s.w.a.i.FilterSecurityInterceptor - Secure object: FilterInvocation: URL: /login; Attributes: [permitAll]
581023 [http-nio-8080-exec-2] DEBUG o.s.s.w.a.i.FilterSecurityInterceptor - Previously Authenticated: org.springframework.security.authentication.AnonymousAuthenticationToken@6fabe8e0: Principal: anonymousUser; Credentials: [PROTECTED]; Authenticated: true; Details: org.springframework.security.web.authentication.WebAuthenticationDetails@fffe9938: RemoteIpAddress: 0:0:0:0:0:0:0:1; SessionId: 760D79BA12046463C13AD8F04AD89B62; Granted Authorities: ROLE_ANONYMOUS
581023 [http-nio-8080-exec-2] DEBUG o.s.s.access.vote.AffirmativeBased - Voter: org.springframework.security.web.access.expression.WebExpressionVoter@7155916d, returned: 1
581023 [http-nio-8080-exec-2] DEBUG o.s.s.w.a.i.FilterSecurityInterceptor - Authorization successful
581023 [http-nio-8080-exec-2] DEBUG o.s.s.w.a.i.FilterSecurityInterceptor - RunAsManager did not change Authentication object
581023 [http-nio-8080-exec-2] DEBUG o.s.security.web.FilterChainProxy - /login reached end of additional filter chain; proceeding with original chain
581024 [http-nio-8080-exec-2] DEBUG o.s.s.w.c.HttpSessionSecurityContextRepository - SecurityContext is empty or contents are anonymous - context will not be stored in HttpSession.
581025 [http-nio-8080-exec-2] DEBUG o.s.s.w.a.ExceptionTranslationFilter - Chain processed normally
581025 [http-nio-8080-exec-2] DEBUG o.s.s.w.c.SecurityContextPersistenceFilter - SecurityContextHolder now cleared, as request processing completed
581038 [http-nio-8080-exec-5] DEBUG o.s.s.w.u.matcher.OrRequestMatcher - Trying to match using Ant [pattern='/css/**']
581038 [http-nio-8080-exec-5] DEBUG o.s.s.w.u.m.AntPathRequestMatcher - Checking match of request : '/favicon.ico'; against '/css/**'
581038 [http-nio-8080-exec-5] DEBUG o.s.s.w.u.matcher.OrRequestMatcher - Trying to match using Ant [pattern='/js/**']
581038 [http-nio-8080-exec-5] DEBUG o.s.s.w.u.m.AntPathRequestMatcher - Checking match of request : '/favicon.ico'; against '/js/**'
581038 [http-nio-8080-exec-5] DEBUG o.s.s.w.u.matcher.OrRequestMatcher - Trying to match using Ant [pattern='/images/**']
581038 [http-nio-8080-exec-5] DEBUG o.s.s.w.u.m.AntPathRequestMatcher - Checking match of request : '/favicon.ico'; against '/images/**'
581038 [http-nio-8080-exec-5] DEBUG o.s.s.w.u.matcher.OrRequestMatcher - Trying to match using Ant [pattern='/webjars/**']
581038 [http-nio-8080-exec-5] DEBUG o.s.s.w.u.m.AntPathRequestMatcher - Checking match of request : '/favicon.ico'; against '/webjars/**'
581038 [http-nio-8080-exec-5] DEBUG o.s.s.w.u.matcher.OrRequestMatcher - Trying to match using Ant [pattern='/**/favicon.ico']
581038 [http-nio-8080-exec-5] DEBUG o.s.s.w.u.m.AntPathRequestMatcher - Checking match of request : '/favicon.ico'; against '/**/favicon.ico'
581038 [http-nio-8080-exec-5] DEBUG o.s.s.w.u.matcher.OrRequestMatcher - matched
581038 [http-nio-8080-exec-5] DEBUG o.s.security.web.FilterChainProxy - /favicon.ico has an empty filter list
581550 [http-nio-8080-exec-6] DEBUG o.s.s.w.u.matcher.OrRequestMatcher - Trying to match using Ant [pattern='/css/**']
581550 [http-nio-8080-exec-6] DEBUG o.s.s.w.u.m.AntPathRequestMatcher - Checking match of request : '/login'; against '/css/**'
581550 [http-nio-8080-exec-6] DEBUG o.s.s.w.u.matcher.OrRequestMatcher - Trying to match using Ant [pattern='/js/**']
581550 [http-nio-8080-exec-6] DEBUG o.s.s.w.u.m.AntPathRequestMatcher - Checking match of request : '/login'; against '/js/**'
581550 [http-nio-8080-exec-6] DEBUG o.s.s.w.u.matcher.OrRequestMatcher - Trying to match using Ant [pattern='/images/**']
581550 [http-nio-8080-exec-6] DEBUG o.s.s.w.u.m.AntPathRequestMatcher - Checking match of request : '/login'; against '/images/**'
581550 [http-nio-8080-exec-6] DEBUG o.s.s.w.u.matcher.OrRequestMatcher - Trying to match using Ant [pattern='/webjars/**']
581550 [http-nio-8080-exec-6] DEBUG o.s.s.w.u.m.AntPathRequestMatcher - Checking match of request : '/login'; against '/webjars/**'
581550 [http-nio-8080-exec-6] DEBUG o.s.s.w.u.matcher.OrRequestMatcher - Trying to match using Ant [pattern='/**/favicon.ico']
581550 [http-nio-8080-exec-6] DEBUG o.s.s.w.u.m.AntPathRequestMatcher - Checking match of request : '/login'; against '/**/favicon.ico'
581550 [http-nio-8080-exec-6] DEBUG o.s.s.w.u.matcher.OrRequestMatcher - Trying to match using Ant [pattern='/error']
581550 [http-nio-8080-exec-6] DEBUG o.s.s.w.u.m.AntPathRequestMatcher - Checking match of request : '/login'; against '/error'
581550 [http-nio-8080-exec-6] DEBUG o.s.s.w.u.matcher.OrRequestMatcher - No matches found
581551 [http-nio-8080-exec-6] DEBUG o.s.security.web.FilterChainProxy - /login at position 1 of 12 in additional filter chain; firing Filter: 'WebAsyncManagerIntegrationFilter'
581551 [http-nio-8080-exec-6] DEBUG o.s.security.web.FilterChainProxy - /login at position 2 of 12 in additional filter chain; firing Filter: 'SecurityContextPersistenceFilter'
581551 [http-nio-8080-exec-6] DEBUG o.s.s.w.c.HttpSessionSecurityContextRepository - HttpSession returned null object for SPRING_SECURITY_CONTEXT
581551 [http-nio-8080-exec-6] DEBUG o.s.s.w.c.HttpSessionSecurityContextRepository - No SecurityContext was available from the HttpSession: org.apache.catalina.session.StandardSessionFacade@30689b56. A new one will be created.
581551 [http-nio-8080-exec-6] DEBUG o.s.security.web.FilterChainProxy - /login at position 3 of 12 in additional filter chain; firing Filter: 'HeaderWriterFilter'
581551 [http-nio-8080-exec-6] DEBUG o.s.s.w.h.writers.HstsHeaderWriter - Not injecting HSTS header since it did not match the requestMatcher org.springframework.security.web.header.writers.HstsHeaderWriter$SecureRequestMatcher@34571983
581551 [http-nio-8080-exec-6] DEBUG o.s.security.web.FilterChainProxy - /login at position 4 of 12 in additional filter chain; firing Filter: 'CsrfFilter'
581551 [http-nio-8080-exec-6] DEBUG o.s.security.web.FilterChainProxy - /login at position 5 of 12 in additional filter chain; firing Filter: 'LogoutFilter'
581551 [http-nio-8080-exec-6] DEBUG o.s.s.w.u.m.AntPathRequestMatcher - Request 'GET /login' doesn't match 'POST /logout
581551 [http-nio-8080-exec-6] DEBUG o.s.security.web.FilterChainProxy - /login at position 6 of 12 in additional filter chain; firing Filter: 'UsernamePasswordAuthenticationFilter'
581551 [http-nio-8080-exec-6] DEBUG o.s.s.w.u.m.AntPathRequestMatcher - Request 'GET /login' doesn't match 'POST /login
581551 [http-nio-8080-exec-6] DEBUG o.s.security.web.FilterChainProxy - /login at position 7 of 12 in additional filter chain; firing Filter: 'RequestCacheAwareFilter'
581551 [http-nio-8080-exec-6] DEBUG o.s.s.w.s.DefaultSavedRequest - pathInfo: both null (property equals)
581551 [http-nio-8080-exec-6] DEBUG o.s.s.w.s.DefaultSavedRequest - queryString: both null (property equals)
581551 [http-nio-8080-exec-6] DEBUG o.s.s.w.s.DefaultSavedRequest - requestURI: arg1=/bootstrap/js/bootstrap.js; arg2=/login (property not equals)
581552 [http-nio-8080-exec-6] DEBUG o.s.s.w.s.HttpSessionRequestCache - saved request doesn't match
581552 [http-nio-8080-exec-6] DEBUG o.s.security.web.FilterChainProxy - /login at position 8 of 12 in additional filter chain; firing Filter: 'SecurityContextHolderAwareRequestFilter'
581552 [http-nio-8080-exec-6] DEBUG o.s.security.web.FilterChainProxy - /login at position 9 of 12 in additional filter chain; firing Filter: 'AnonymousAuthenticationFilter'
581552 [http-nio-8080-exec-6] DEBUG o.s.s.w.a.AnonymousAuthenticationFilter - Populated SecurityContextHolder with anonymous token: 'org.springframework.security.authentication.AnonymousAuthenticationToken@6fabe8e0: Principal: anonymousUser; Credentials: [PROTECTED]; Authenticated: true; Details: org.springframework.security.web.authentication.WebAuthenticationDetails@fffe9938: RemoteIpAddress: 0:0:0:0:0:0:0:1; SessionId: 760D79BA12046463C13AD8F04AD89B62; Granted Authorities: ROLE_ANONYMOUS'
581552 [http-nio-8080-exec-6] DEBUG o.s.security.web.FilterChainProxy - /login at position 10 of 12 in additional filter chain; firing Filter: 'SessionManagementFilter'
581552 [http-nio-8080-exec-6] DEBUG o.s.security.web.FilterChainProxy - /login at position 11 of 12 in additional filter chain; firing Filter: 'ExceptionTranslationFilter'
581552 [http-nio-8080-exec-6] DEBUG o.s.security.web.FilterChainProxy - /login at position 12 of 12 in additional filter chain; firing Filter: 'FilterSecurityInterceptor'
581552 [http-nio-8080-exec-6] DEBUG o.s.s.w.a.i.FilterSecurityInterceptor - Secure object: FilterInvocation: URL: /login; Attributes: [permitAll]
581552 [http-nio-8080-exec-6] DEBUG o.s.s.w.a.i.FilterSecurityInterceptor - Previously Authenticated: org.springframework.security.authentication.AnonymousAuthenticationToken@6fabe8e0: Principal: anonymousUser; Credentials: [PROTECTED]; Authenticated: true; Details: org.springframework.security.web.authentication.WebAuthenticationDetails@fffe9938: RemoteIpAddress: 0:0:0:0:0:0:0:1; SessionId: 760D79BA12046463C13AD8F04AD89B62; Granted Authorities: ROLE_ANONYMOUS
581552 [http-nio-8080-exec-6] DEBUG o.s.s.access.vote.AffirmativeBased - Voter: org.springframework.security.web.access.expression.WebExpressionVoter@7155916d, returned: 1
581552 [http-nio-8080-exec-6] DEBUG o.s.s.w.a.i.FilterSecurityInterceptor - Authorization successful
581552 [http-nio-8080-exec-6] DEBUG o.s.s.w.a.i.FilterSecurityInterceptor - RunAsManager did not change Authentication object
581552 [http-nio-8080-exec-6] DEBUG o.s.security.web.FilterChainProxy - /login reached end of additional filter chain; proceeding with original chain
581553 [http-nio-8080-exec-6] DEBUG o.s.s.w.c.HttpSessionSecurityContextRepository - SecurityContext is empty or contents are anonymous - context will not be stored in HttpSession.
581554 [http-nio-8080-exec-6] DEBUG o.s.s.w.a.ExceptionTranslationFilter - Chain processed normally
581554 [http-nio-8080-exec-6] DEBUG o.s.s.w.c.SecurityContextPersistenceFilter - SecurityContextHolder now cleared, as request processing completed
581561 [http-nio-8080-exec-9] DEBUG o.s.s.w.u.matcher.OrRequestMatcher - Trying to match using Ant [pattern='/css/**']
581561 [http-nio-8080-exec-3] DEBUG o.s.s.w.u.matcher.OrRequestMatcher - Trying to match using Ant [pattern='/css/**']
581561 [http-nio-8080-exec-10] DEBUG o.s.s.w.u.matcher.OrRequestMatcher - Trying to match using Ant [pattern='/css/**']
581561 [http-nio-8080-exec-9] DEBUG o.s.s.w.u.m.AntPathRequestMatcher - Checking match of request : '/bootstrap/css/bootstrap.css'; against '/css/**'
581561 [http-nio-8080-exec-3] DEBUG o.s.s.w.u.m.AntPathRequestMatcher - Checking match of request : '/bootstrap/js/bootstrap.js'; against '/css/**'
581561 [http-nio-8080-exec-3] DEBUG o.s.s.w.u.matcher.OrRequestMatcher - Trying to match using Ant [pattern='/js/**']
581561 [http-nio-8080-exec-3] DEBUG o.s.s.w.u.m.AntPathRequestMatcher - Checking match of request : '/bootstrap/js/bootstrap.js'; against '/js/**'
581561 [http-nio-8080-exec-3] DEBUG o.s.s.w.u.matcher.OrRequestMatcher - Trying to match using Ant [pattern='/images/**']
581561 [http-nio-8080-exec-10] DEBUG o.s.s.w.u.m.AntPathRequestMatcher - Checking match of request : '/jquery/jquery-2.1.3.js'; against '/css/**'
581561 [http-nio-8080-exec-10] DEBUG o.s.s.w.u.matcher.OrRequestMatcher - Trying to match using Ant [pattern='/js/**']
581561 [http-nio-8080-exec-9] DEBUG o.s.s.w.u.matcher.OrRequestMatcher - Trying to match using Ant [pattern='/js/**']
581561 [http-nio-8080-exec-9] DEBUG o.s.s.w.u.m.AntPathRequestMatcher - Checking match of request : '/bootstrap/css/bootstrap.css'; against '/js/**'
581561 [http-nio-8080-exec-3] DEBUG o.s.s.w.u.m.AntPathRequestMatcher - Checking match of request : '/bootstrap/js/bootstrap.js'; against '/images/**'
581561 [http-nio-8080-exec-3] DEBUG o.s.s.w.u.matcher.OrRequestMatcher - Trying to match using Ant [pattern='/webjars/**']
581561 [http-nio-8080-exec-10] DEBUG o.s.s.w.u.m.AntPathRequestMatcher - Checking match of request : '/jquery/jquery-2.1.3.js'; against '/js/**'
581561 [http-nio-8080-exec-9] DEBUG o.s.s.w.u.matcher.OrRequestMatcher - Trying to match using Ant [pattern='/images/**']
581561 [http-nio-8080-exec-3] DEBUG o.s.s.w.u.m.AntPathRequestMatcher - Checking match of request : '/bootstrap/js/bootstrap.js'; against '/webjars/**'
581562 [http-nio-8080-exec-3] DEBUG o.s.s.w.u.matcher.OrRequestMatcher - Trying to match using Ant [pattern='/**/favicon.ico']
581561 [http-nio-8080-exec-10] DEBUG o.s.s.w.u.matcher.OrRequestMatcher - Trying to match using Ant [pattern='/images/**']
581562 [http-nio-8080-exec-10] DEBUG o.s.s.w.u.m.AntPathRequestMatcher - Checking match of request : '/jquery/jquery-2.1.3.js'; against '/images/**'
581561 [http-nio-8080-exec-9] DEBUG o.s.s.w.u.m.AntPathRequestMatcher - Checking match of request : '/bootstrap/css/bootstrap.css'; against '/images/**'
581562 [http-nio-8080-exec-9] DEBUG o.s.s.w.u.matcher.OrRequestMatcher - Trying to match using Ant [pattern='/webjars/**']
581562 [http-nio-8080-exec-9] DEBUG o.s.s.w.u.m.AntPathRequestMatcher - Checking match of request : '/bootstrap/css/bootstrap.css'; against '/webjars/**'
581562 [http-nio-8080-exec-9] DEBUG o.s.s.w.u.matcher.OrRequestMatcher - Trying to match using Ant [pattern='/**/favicon.ico']
581562 [http-nio-8080-exec-9] DEBUG o.s.s.w.u.m.AntPathRequestMatcher - Checking match of request : '/bootstrap/css/bootstrap.css'; against '/**/favicon.ico'
581562 [http-nio-8080-exec-3] DEBUG o.s.s.w.u.m.AntPathRequestMatcher - Checking match of request : '/bootstrap/js/bootstrap.js'; against '/**/favicon.ico'
581562 [http-nio-8080-exec-3] DEBUG o.s.s.w.u.matcher.OrRequestMatcher - Trying to match using Ant [pattern='/error']
581562 [http-nio-8080-exec-10] DEBUG o.s.s.w.u.matcher.OrRequestMatcher - Trying to match using Ant [pattern='/webjars/**']
581562 [http-nio-8080-exec-10] DEBUG o.s.s.w.u.m.AntPathRequestMatcher - Checking match of request : '/jquery/jquery-2.1.3.js'; against '/webjars/**'
581562 [http-nio-8080-exec-9] DEBUG o.s.s.w.u.matcher.OrRequestMatcher - Trying to match using Ant [pattern='/error']
581562 [http-nio-8080-exec-3] DEBUG o.s.s.w.u.m.AntPathRequestMatcher - Checking match of request : '/bootstrap/js/bootstrap.js'; against '/error'
581564 [http-nio-8080-exec-10] DEBUG o.s.s.w.u.matcher.OrRequestMatcher - Trying to match using Ant [pattern='/**/favicon.ico']
581564 [http-nio-8080-exec-9] DEBUG o.s.s.w.u.m.AntPathRequestMatcher - Checking match of request : '/bootstrap/css/bootstrap.css'; against '/error'
581564 [http-nio-8080-exec-10] DEBUG o.s.s.w.u.m.AntPathRequestMatcher - Checking match of request : '/jquery/jquery-2.1.3.js'; against '/**/favicon.ico'
581564 [http-nio-8080-exec-3] DEBUG o.s.s.w.u.matcher.OrRequestMatcher - No matches found
581564 [http-nio-8080-exec-10] DEBUG o.s.s.w.u.matcher.OrRequestMatcher - Trying to match using Ant [pattern='/error']
581564 [http-nio-8080-exec-10] DEBUG o.s.s.w.u.m.AntPathRequestMatcher - Checking match of request : '/jquery/jquery-2.1.3.js'; against '/error'
581564 [http-nio-8080-exec-9] DEBUG o.s.s.w.u.matcher.OrRequestMatcher - No matches found
581564 [http-nio-8080-exec-10] DEBUG o.s.s.w.u.matcher.OrRequestMatcher - No matches found
581564 [http-nio-8080-exec-9] DEBUG o.s.security.web.FilterChainProxy - /bootstrap/css/bootstrap.css at position 1 of 12 in additional filter chain; firing Filter: 'WebAsyncManagerIntegrationFilter'
581564 [http-nio-8080-exec-10] DEBUG o.s.security.web.FilterChainProxy - /jquery/jquery-2.1.3.js at position 1 of 12 in additional filter chain; firing Filter: 'WebAsyncManagerIntegrationFilter'
581564 [http-nio-8080-exec-3] DEBUG o.s.security.web.FilterChainProxy - /bootstrap/js/bootstrap.js at position 1 of 12 in additional filter chain; firing Filter: 'WebAsyncManagerIntegrationFilter'
581564 [http-nio-8080-exec-10] DEBUG o.s.security.web.FilterChainProxy - /jquery/jquery-2.1.3.js at position 2 of 12 in additional filter chain; firing Filter: 'SecurityContextPersistenceFilter'
581564 [http-nio-8080-exec-3] DEBUG o.s.security.web.FilterChainProxy - /bootstrap/js/bootstrap.js at position 2 of 12 in additional filter chain; firing Filter: 'SecurityContextPersistenceFilter'
581564 [http-nio-8080-exec-9] DEBUG o.s.security.web.FilterChainProxy - /bootstrap/css/bootstrap.css at position 2 of 12 in additional filter chain; firing Filter: 'SecurityContextPersistenceFilter'
581564 [http-nio-8080-exec-10] DEBUG o.s.s.w.c.HttpSessionSecurityContextRepository - HttpSession returned null object for SPRING_SECURITY_CONTEXT
581564 [http-nio-8080-exec-3] DEBUG o.s.s.w.c.HttpSessionSecurityContextRepository - HttpSession returned null object for SPRING_SECURITY_CONTEXT
581564 [http-nio-8080-exec-3] DEBUG o.s.s.w.c.HttpSessionSecurityContextRepository - No SecurityContext was available from the HttpSession: org.apache.catalina.session.StandardSessionFacade@30689b56. A new one will be created.
581564 [http-nio-8080-exec-9] DEBUG o.s.s.w.c.HttpSessionSecurityContextRepository - HttpSession returned null object for SPRING_SECURITY_CONTEXT
581564 [http-nio-8080-exec-10] DEBUG o.s.s.w.c.HttpSessionSecurityContextRepository - No SecurityContext was available from the HttpSession: org.apache.catalina.session.StandardSessionFacade@30689b56. A new one will be created.
581565 [http-nio-8080-exec-9] DEBUG o.s.s.w.c.HttpSessionSecurityContextRepository - No SecurityContext was available from the HttpSession: org.apache.catalina.session.StandardSessionFacade@30689b56. A new one will be created.
581565 [http-nio-8080-exec-10] DEBUG o.s.security.web.FilterChainProxy - /jquery/jquery-2.1.3.js at position 3 of 12 in additional filter chain; firing Filter: 'HeaderWriterFilter'
581565 [http-nio-8080-exec-3] DEBUG o.s.security.web.FilterChainProxy - /bootstrap/js/bootstrap.js at position 3 of 12 in additional filter chain; firing Filter: 'HeaderWriterFilter'
581565 [http-nio-8080-exec-9] DEBUG o.s.security.web.FilterChainProxy - /bootstrap/css/bootstrap.css at position 3 of 12 in additional filter chain; firing Filter: 'HeaderWriterFilter'
581565 [http-nio-8080-exec-9] DEBUG o.s.s.w.h.writers.HstsHeaderWriter - Not injecting HSTS header since it did not match the requestMatcher org.springframework.security.web.header.writers.HstsHeaderWriter$SecureRequestMatcher@34571983
581565 [http-nio-8080-exec-9] DEBUG o.s.security.web.FilterChainProxy - /bootstrap/css/bootstrap.css at position 4 of 12 in additional filter chain; firing Filter: 'CsrfFilter'
581565 [http-nio-8080-exec-9] DEBUG o.s.security.web.FilterChainProxy - /bootstrap/css/bootstrap.css at position 5 of 12 in additional filter chain; firing Filter: 'LogoutFilter'
581565 [http-nio-8080-exec-3] DEBUG o.s.s.w.h.writers.HstsHeaderWriter - Not injecting HSTS header since it did not match the requestMatcher org.springframework.security.web.header.writers.HstsHeaderWriter$SecureRequestMatcher@34571983
581565 [http-nio-8080-exec-10] DEBUG o.s.s.w.h.writers.HstsHeaderWriter - Not injecting HSTS header since it did not match the requestMatcher org.springframework.security.web.header.writers.HstsHeaderWriter$SecureRequestMatcher@34571983
581565 [http-nio-8080-exec-10] DEBUG o.s.security.web.FilterChainProxy - /jquery/jquery-2.1.3.js at position 4 of 12 in additional filter chain; firing Filter: 'CsrfFilter'
581565 [http-nio-8080-exec-9] DEBUG o.s.s.w.u.m.AntPathRequestMatcher - Request 'GET /bootstrap/css/bootstrap.css' doesn't match 'POST /logout
581565 [http-nio-8080-exec-9] DEBUG o.s.security.web.FilterChainProxy - /bootstrap/css/bootstrap.css at position 6 of 12 in additional filter chain; firing Filter: 'UsernamePasswordAuthenticationFilter'
581565 [http-nio-8080-exec-9] DEBUG o.s.s.w.u.m.AntPathRequestMatcher - Request 'GET /bootstrap/css/bootstrap.css' doesn't match 'POST /login
581565 [http-nio-8080-exec-9] DEBUG o.s.security.web.FilterChainProxy - /bootstrap/css/bootstrap.css at position 7 of 12 in additional filter chain; firing Filter: 'RequestCacheAwareFilter'
581565 [http-nio-8080-exec-3] DEBUG o.s.security.web.FilterChainProxy - /bootstrap/js/bootstrap.js at position 4 of 12 in additional filter chain; firing Filter: 'CsrfFilter'
581565 [http-nio-8080-exec-10] DEBUG o.s.security.web.FilterChainProxy - /jquery/jquery-2.1.3.js at position 5 of 12 in additional filter chain; firing Filter: 'LogoutFilter'
581565 [http-nio-8080-exec-3] DEBUG o.s.security.web.FilterChainProxy - /bootstrap/js/bootstrap.js at position 5 of 12 in additional filter chain; firing Filter: 'LogoutFilter'
581565 [http-nio-8080-exec-10] DEBUG o.s.s.w.u.m.AntPathRequestMatcher - Request 'GET /jquery/jquery-2.1.3.js' doesn't match 'POST /logout
581565 [http-nio-8080-exec-3] DEBUG o.s.s.w.u.m.AntPathRequestMatcher - Request 'GET /bootstrap/js/bootstrap.js' doesn't match 'POST /logout
581565 [http-nio-8080-exec-3] DEBUG o.s.security.web.FilterChainProxy - /bootstrap/js/bootstrap.js at position 6 of 12 in additional filter chain; firing Filter: 'UsernamePasswordAuthenticationFilter'
581565 [http-nio-8080-exec-3] DEBUG o.s.s.w.u.m.AntPathRequestMatcher - Request 'GET /bootstrap/js/bootstrap.js' doesn't match 'POST /login
581565 [http-nio-8080-exec-9] DEBUG o.s.s.w.s.DefaultSavedRequest - pathInfo: both null (property equals)
581565 [http-nio-8080-exec-9] DEBUG o.s.s.w.s.DefaultSavedRequest - queryString: both null (property equals)
581565 [http-nio-8080-exec-10] DEBUG o.s.security.web.FilterChainProxy - /jquery/jquery-2.1.3.js at position 6 of 12 in additional filter chain; firing Filter: 'UsernamePasswordAuthenticationFilter'
581565 [http-nio-8080-exec-3] DEBUG o.s.security.web.FilterChainProxy - /bootstrap/js/bootstrap.js at position 7 of 12 in additional filter chain; firing Filter: 'RequestCacheAwareFilter'
581565 [http-nio-8080-exec-9] DEBUG o.s.s.w.s.DefaultSavedRequest - requestURI: arg1=/bootstrap/js/bootstrap.js; arg2=/bootstrap/css/bootstrap.css (property not equals)
581565 [http-nio-8080-exec-3] DEBUG o.s.s.w.s.DefaultSavedRequest - pathInfo: both null (property equals)
581565 [http-nio-8080-exec-10] DEBUG o.s.s.w.u.m.AntPathRequestMatcher - Request 'GET /jquery/jquery-2.1.3.js' doesn't match 'POST /login
581565 [http-nio-8080-exec-9] DEBUG o.s.s.w.s.HttpSessionRequestCache - saved request doesn't match
581567 [http-nio-8080-exec-3] DEBUG o.s.s.w.s.DefaultSavedRequest - queryString: both null (property equals)
581567 [http-nio-8080-exec-10] DEBUG o.s.security.web.FilterChainProxy - /jquery/jquery-2.1.3.js at position 7 of 12 in additional filter chain; firing Filter: 'RequestCacheAwareFilter'
581567 [http-nio-8080-exec-9] DEBUG o.s.security.web.FilterChainProxy - /bootstrap/css/bootstrap.css at position 8 of 12 in additional filter chain; firing Filter: 'SecurityContextHolderAwareRequestFilter'
581567 [http-nio-8080-exec-3] DEBUG o.s.s.w.s.DefaultSavedRequest - requestURI: arg1=/bootstrap/js/bootstrap.js; arg2=/bootstrap/js/bootstrap.js (property equals)
581567 [http-nio-8080-exec-10] DEBUG o.s.s.w.s.DefaultSavedRequest - pathInfo: both null (property equals)
581567 [http-nio-8080-exec-10] DEBUG o.s.s.w.s.DefaultSavedRequest - queryString: both null (property equals)
581567 [http-nio-8080-exec-9] DEBUG o.s.security.web.FilterChainProxy - /bootstrap/css/bootstrap.css at position 9 of 12 in additional filter chain; firing Filter: 'AnonymousAuthenticationFilter'
581567 [http-nio-8080-exec-3] DEBUG o.s.s.w.s.DefaultSavedRequest - serverPort: arg1=8080; arg2=8080 (property equals)
581567 [http-nio-8080-exec-10] DEBUG o.s.s.w.s.DefaultSavedRequest - requestURI: arg1=/bootstrap/js/bootstrap.js; arg2=/jquery/jquery-2.1.3.js (property not equals)
581567 [http-nio-8080-exec-3] DEBUG o.s.s.w.s.DefaultSavedRequest - requestURL: arg1=http://localhost:8080/bootstrap/js/bootstrap.js; arg2=http://localhost:8080/bootstrap/js/bootstrap.js (property equals)
581567 [http-nio-8080-exec-3] DEBUG o.s.s.w.s.DefaultSavedRequest - scheme: arg1=http; arg2=http (property equals)
581567 [http-nio-8080-exec-3] DEBUG o.s.s.w.s.DefaultSavedRequest - serverName: arg1=localhost; arg2=localhost (property equals)
581567 [http-nio-8080-exec-3] DEBUG o.s.s.w.s.DefaultSavedRequest - contextPath: arg1=; arg2= (property equals)
581567 [http-nio-8080-exec-9] DEBUG o.s.s.w.a.AnonymousAuthenticationFilter - Populated SecurityContextHolder with anonymous token: 'org.springframework.security.authentication.AnonymousAuthenticationToken@6fabe8e0: Principal: anonymousUser; Credentials: [PROTECTED]; Authenticated: true; Details: org.springframework.security.web.authentication.WebAuthenticationDetails@fffe9938: RemoteIpAddress: 0:0:0:0:0:0:0:1; SessionId: 760D79BA12046463C13AD8F04AD89B62; Granted Authorities: ROLE_ANONYMOUS'
581567 [http-nio-8080-exec-9] DEBUG o.s.security.web.FilterChainProxy - /bootstrap/css/bootstrap.css at position 10 of 12 in additional filter chain; firing Filter: 'SessionManagementFilter'
581567 [http-nio-8080-exec-10] DEBUG o.s.s.w.s.HttpSessionRequestCache - saved request doesn't match
581567 [http-nio-8080-exec-9] DEBUG o.s.security.web.FilterChainProxy - /bootstrap/css/bootstrap.css at position 11 of 12 in additional filter chain; firing Filter: 'ExceptionTranslationFilter'
581567 [http-nio-8080-exec-3] DEBUG o.s.s.w.s.DefaultSavedRequest - servletPath: arg1=/bootstrap/js/bootstrap.js; arg2=/bootstrap/js/bootstrap.js (property equals)
581567 [http-nio-8080-exec-3] DEBUG o.s.s.w.s.HttpSessionRequestCache - Removing DefaultSavedRequest from session if present
581567 [http-nio-8080-exec-10] DEBUG o.s.security.web.FilterChainProxy - /jquery/jquery-2.1.3.js at position 8 of 12 in additional filter chain; firing Filter: 'SecurityContextHolderAwareRequestFilter'
581567 [http-nio-8080-exec-9] DEBUG o.s.security.web.FilterChainProxy - /bootstrap/css/bootstrap.css at position 12 of 12 in additional filter chain; firing Filter: 'FilterSecurityInterceptor'
581567 [http-nio-8080-exec-10] DEBUG o.s.security.web.FilterChainProxy - /jquery/jquery-2.1.3.js at position 9 of 12 in additional filter chain; firing Filter: 'AnonymousAuthenticationFilter'
581567 [http-nio-8080-exec-9] DEBUG o.s.s.w.u.m.AntPathRequestMatcher - Request 'GET /bootstrap/css/bootstrap.css' doesn't match 'POST /logout
581567 [http-nio-8080-exec-9] DEBUG o.s.s.w.u.m.AntPathRequestMatcher - Checking match of request : '/bootstrap/css/bootstrap.css'; against '/static/**'
581567 [http-nio-8080-exec-10] DEBUG o.s.s.w.a.AnonymousAuthenticationFilter - Populated SecurityContextHolder with anonymous token: 'org.springframework.security.authentication.AnonymousAuthenticationToken@6fabe8e0: Principal: anonymousUser; Credentials: [PROTECTED]; Authenticated: true; Details: org.springframework.security.web.authentication.WebAuthenticationDetails@fffe9938: RemoteIpAddress: 0:0:0:0:0:0:0:1; SessionId: 760D79BA12046463C13AD8F04AD89B62; Granted Authorities: ROLE_ANONYMOUS'
581567 [http-nio-8080-exec-3] DEBUG o.s.security.web.FilterChainProxy - /bootstrap/js/bootstrap.js at position 8 of 12 in additional filter chain; firing Filter: 'SecurityContextHolderAwareRequestFilter'
581568 [http-nio-8080-exec-10] DEBUG o.s.security.web.FilterChainProxy - /jquery/jquery-2.1.3.js at position 10 of 12 in additional filter chain; firing Filter: 'SessionManagementFilter'
581568 [http-nio-8080-exec-3] DEBUG o.s.security.web.FilterChainProxy - /bootstrap/js/bootstrap.js at position 9 of 12 in additional filter chain; firing Filter: 'AnonymousAuthenticationFilter'
581568 [http-nio-8080-exec-9] DEBUG o.s.s.w.a.i.FilterSecurityInterceptor - Secure object: FilterInvocation: URL: /bootstrap/css/bootstrap.css; Attributes: [authenticated]
581568 [http-nio-8080-exec-10] DEBUG o.s.security.web.FilterChainProxy - /jquery/jquery-2.1.3.js at position 11 of 12 in additional filter chain; firing Filter: 'ExceptionTranslationFilter'
581568 [http-nio-8080-exec-3] DEBUG o.s.s.w.a.AnonymousAuthenticationFilter - Populated SecurityContextHolder with anonymous token: 'org.springframework.security.authentication.AnonymousAuthenticationToken@6fabe8e0: Principal: anonymousUser; Credentials: [PROTECTED]; Authenticated: true; Details: org.springframework.security.web.authentication.WebAuthenticationDetails@fffe9938: RemoteIpAddress: 0:0:0:0:0:0:0:1; SessionId: 760D79BA12046463C13AD8F04AD89B62; Granted Authorities: ROLE_ANONYMOUS'
581568 [http-nio-8080-exec-3] DEBUG o.s.security.web.FilterChainProxy - /bootstrap/js/bootstrap.js at position 10 of 12 in additional filter chain; firing Filter: 'SessionManagementFilter'
581568 [http-nio-8080-exec-3] DEBUG o.s.security.web.FilterChainProxy - /bootstrap/js/bootstrap.js at position 11 of 12 in additional filter chain; firing Filter: 'ExceptionTranslationFilter'
581568 [http-nio-8080-exec-3] DEBUG o.s.security.web.FilterChainProxy - /bootstrap/js/bootstrap.js at position 12 of 12 in additional filter chain; firing Filter: 'FilterSecurityInterceptor'
581568 [http-nio-8080-exec-9] DEBUG o.s.s.w.a.i.FilterSecurityInterceptor - Previously Authenticated: org.springframework.security.authentication.AnonymousAuthenticationToken@6fabe8e0: Principal: anonymousUser; Credentials: [PROTECTED]; Authenticated: true; Details: org.springframework.security.web.authentication.WebAuthenticationDetails@fffe9938: RemoteIpAddress: 0:0:0:0:0:0:0:1; SessionId: 760D79BA12046463C13AD8F04AD89B62; Granted Authorities: ROLE_ANONYMOUS
581568 [http-nio-8080-exec-3] DEBUG o.s.s.w.u.m.AntPathRequestMatcher - Request 'GET /bootstrap/js/bootstrap.js' doesn't match 'POST /logout
581568 [http-nio-8080-exec-10] DEBUG o.s.security.web.FilterChainProxy - /jquery/jquery-2.1.3.js at position 12 of 12 in additional filter chain; firing Filter: 'FilterSecurityInterceptor'
581568 [http-nio-8080-exec-3] DEBUG o.s.s.w.u.m.AntPathRequestMatcher - Checking match of request : '/bootstrap/js/bootstrap.js'; against '/static/**'
581568 [http-nio-8080-exec-10] DEBUG o.s.s.w.u.m.AntPathRequestMatcher - Request 'GET /jquery/jquery-2.1.3.js' doesn't match 'POST /logout
581568 [http-nio-8080-exec-3] DEBUG o.s.s.w.a.i.FilterSecurityInterceptor - Secure object: FilterInvocation: URL: /bootstrap/js/bootstrap.js; Attributes: [authenticated]
581568 [http-nio-8080-exec-10] DEBUG o.s.s.w.u.m.AntPathRequestMatcher - Checking match of request : '/jquery/jquery-2.1.3.js'; against '/static/**'
581568 [http-nio-8080-exec-3] DEBUG o.s.s.w.a.i.FilterSecurityInterceptor - Previously Authenticated: org.springframework.security.authentication.AnonymousAuthenticationToken@6fabe8e0: Principal: anonymousUser; Credentials: [PROTECTED]; Authenticated: true; Details: org.springframework.security.web.authentication.WebAuthenticationDetails@fffe9938: RemoteIpAddress: 0:0:0:0:0:0:0:1; SessionId: 760D79BA12046463C13AD8F04AD89B62; Granted Authorities: ROLE_ANONYMOUS
581568 [http-nio-8080-exec-10] DEBUG o.s.s.w.a.i.FilterSecurityInterceptor - Secure object: FilterInvocation: URL: /jquery/jquery-2.1.3.js; Attributes: [authenticated]
581568 [http-nio-8080-exec-9] DEBUG o.s.s.access.vote.AffirmativeBased - Voter: org.springframework.security.web.access.expression.WebExpressionVoter@7155916d, returned: -1
581568 [http-nio-8080-exec-10] DEBUG o.s.s.w.a.i.FilterSecurityInterceptor - Previously Authenticated: org.springframework.security.authentication.AnonymousAuthenticationToken@6fabe8e0: Principal: anonymousUser; Credentials: [PROTECTED]; Authenticated: true; Details: org.springframework.security.web.authentication.WebAuthenticationDetails@fffe9938: RemoteIpAddress: 0:0:0:0:0:0:0:1; SessionId: 760D79BA12046463C13AD8F04AD89B62; Granted Authorities: ROLE_ANONYMOUS
581568 [http-nio-8080-exec-3] DEBUG o.s.s.access.vote.AffirmativeBased - Voter: org.springframework.security.web.access.expression.WebExpressionVoter@7155916d, returned: -1
581568 [http-nio-8080-exec-9] DEBUG o.s.s.w.a.ExceptionTranslationFilter - Access is denied (user is anonymous); redirecting to authentication entry point
org.springframework.security.access.AccessDeniedException: Access is denied
	at org.springframework.security.access.vote.AffirmativeBased.decide(AffirmativeBased.java:84)
	at org.springframework.security.access.intercept.AbstractSecurityInterceptor.beforeInvocation(AbstractSecurityInterceptor.java:233)
	at org.springframework.security.web.access.intercept.FilterSecurityInterceptor.invoke(FilterSecurityInterceptor.java:124)
	at org.springframework.security.web.access.intercept.FilterSecurityInterceptor.doFilter(FilterSecurityInterceptor.java:91)
	at org.springframework.security.web.FilterChainProxy$VirtualFilterChain.doFilter(FilterChainProxy.java:331)
	at org.springframework.security.web.access.ExceptionTranslationFilter.doFilter(ExceptionTranslationFilter.java:114)
	at org.springframework.security.web.FilterChainProxy$VirtualFilterChain.doFilter(FilterChainProxy.java:331)
	at org.springframework.security.web.session.SessionManagementFilter.doFilter(SessionManagementFilter.java:137)
	at org.springframework.security.web.FilterChainProxy$VirtualFilterChain.doFilter(FilterChainProxy.java:331)
	at org.springframework.security.web.authentication.AnonymousAuthenticationFilter.doFilter(AnonymousAuthenticationFilter.java:111)
	at org.springframework.security.web.FilterChainProxy$VirtualFilterChain.doFilter(FilterChainProxy.java:331)
	at org.springframework.security.web.servletapi.SecurityContextHolderAwareRequestFilter.doFilter(SecurityContextHolderAwareRequestFilter.java:170)
	at org.springframework.security.web.FilterChainProxy$VirtualFilterChain.doFilter(FilterChainProxy.java:331)
	at org.springframework.security.web.savedrequest.RequestCacheAwareFilter.doFilter(RequestCacheAwareFilter.java:63)
	at org.springframework.security.web.FilterChainProxy$VirtualFilterChain.doFilter(FilterChainProxy.java:331)
	at org.springframework.security.web.authentication.AbstractAuthenticationProcessingFilter.doFilter(AbstractAuthenticationProcessingFilter.java:200)
	at org.springframework.security.web.FilterChainProxy$VirtualFilterChain.doFilter(FilterChainProxy.java:331)
	at org.springframework.security.web.authentication.logout.LogoutFilter.doFilter(LogoutFilter.java:116)
	at org.springframework.security.web.FilterChainProxy$VirtualFilterChain.doFilter(FilterChainProxy.java:331)
	at org.springframework.security.web.csrf.CsrfFilter.doFilterInternal(CsrfFilter.java:100)
	at org.springframework.web.filter.OncePerRequestFilter.doFilter(OncePerRequestFilter.java:107)
	at org.springframework.security.web.FilterChainProxy$VirtualFilterChain.doFilter(FilterChainProxy.java:331)
	at org.springframework.security.web.header.HeaderWriterFilter.doFilterInternal(HeaderWriterFilter.java:64)
	at org.springframework.web.filter.OncePerRequestFilter.doFilter(OncePerRequestFilter.java:107)
	at org.springframework.security.web.FilterChainProxy$VirtualFilterChain.doFilter(FilterChainProxy.java:331)
	at org.springframework.security.web.context.SecurityContextPersistenceFilter.doFilter(SecurityContextPersistenceFilter.java:105)
	at org.springframework.security.web.FilterChainProxy$VirtualFilterChain.doFilter(FilterChainProxy.java:331)
	at org.springframework.security.web.context.request.async.WebAsyncManagerIntegrationFilter.doFilterInternal(WebAsyncManagerIntegrationFilter.java:56)
	at org.springframework.web.filter.OncePerRequestFilter.doFilter(OncePerRequestFilter.java:107)
	at org.springframework.security.web.FilterChainProxy$VirtualFilterChain.doFilter(FilterChainProxy.java:331)
	at org.springframework.security.web.FilterChainProxy.doFilterInternal(FilterChainProxy.java:214)
	at org.springframework.security.web.FilterChainProxy.doFilter(FilterChainProxy.java:177)
	at org.springframework.web.filter.DelegatingFilterProxy.invokeDelegate(DelegatingFilterProxy.java:347)
	at org.springframework.web.filter.DelegatingFilterProxy.doFilter(DelegatingFilterProxy.java:263)
	at org.apache.catalina.core.ApplicationFilterChain.internalDoFilter(ApplicationFilterChain.java:193)
	at org.apache.catalina.core.ApplicationFilterChain.doFilter(ApplicationFilterChain.java:166)
	at org.springframework.web.filter.RequestContextFilter.doFilterInternal(RequestContextFilter.java:99)
	at org.springframework.web.filter.OncePerRequestFilter.doFilter(OncePerRequestFilter.java:107)
	at org.apache.catalina.core.ApplicationFilterChain.internalDoFilter(ApplicationFilterChain.java:193)
	at org.apache.catalina.core.ApplicationFilterChain.doFilter(ApplicationFilterChain.java:166)
	at org.springframework.web.filter.HttpPutFormContentFilter.doFilterInternal(HttpPutFormContentFilter.java:108)
	at org.springframework.web.filter.OncePerRequestFilter.doFilter(OncePerRequestFilter.java:107)
	at org.apache.catalina.core.ApplicationFilterChain.internalDoFilter(ApplicationFilterChain.java:193)
	at org.apache.catalina.core.ApplicationFilterChain.doFilter(ApplicationFilterChain.java:166)
	at org.springframework.web.filter.HiddenHttpMethodFilter.doFilterInternal(HiddenHttpMethodFilter.java:81)
	at org.springframework.web.filter.OncePerRequestFilter.doFilter(OncePerRequestFilter.java:107)
	at org.apache.catalina.core.ApplicationFilterChain.internalDoFilter(ApplicationFilterChain.java:193)
	at org.apache.catalina.core.ApplicationFilterChain.doFilter(ApplicationFilterChain.java:166)
	at org.springframework.web.filter.CharacterEncodingFilter.doFilterInternal(CharacterEncodingFilter.java:197)
	at org.springframework.web.filter.OncePerRequestFilter.doFilter(OncePerRequestFilter.java:107)
	at org.apache.catalina.core.ApplicationFilterChain.internalDoFilter(ApplicationFilterChain.java:193)
	at org.apache.catalina.core.ApplicationFilterChain.doFilter(ApplicationFilterChain.java:166)
	at org.apache.catalina.core.StandardWrapperValve.invoke(StandardWrapperValve.java:199)
	at org.apache.catalina.core.StandardContextValve.invoke(StandardContextValve.java:96)
	at org.apache.catalina.authenticator.AuthenticatorBase.invoke(AuthenticatorBase.java:478)
	at org.apache.catalina.core.StandardHostValve.invoke(StandardHostValve.java:140)
	at org.apache.catalina.valves.ErrorReportValve.invoke(ErrorReportValve.java:81)
	at org.apache.catalina.core.StandardEngineValve.invoke(StandardEngineValve.java:87)
	at org.apache.catalina.connector.CoyoteAdapter.service(CoyoteAdapter.java:342)
	at org.apache.coyote.http11.Http11Processor.service(Http11Processor.java:803)
	at org.apache.coyote.AbstractProcessorLight.process(AbstractProcessorLight.java:66)
	at org.apache.coyote.AbstractProtocol$ConnectionHandler.process(AbstractProtocol.java:868)
	at org.apache.tomcat.util.net.NioEndpoint$SocketProcessor.doRun(NioEndpoint.java:1459)
	at org.apache.tomcat.util.net.SocketProcessorBase.run(SocketProcessorBase.java:49)
	at java.util.concurrent.ThreadPoolExecutor.runWorker(ThreadPoolExecutor.java:1149)
	at java.util.concurrent.ThreadPoolExecutor$Worker.run(ThreadPoolExecutor.java:624)
	at org.apache.tomcat.util.threads.TaskThread$WrappingRunnable.run(TaskThread.java:61)
	at java.lang.Thread.run(Thread.java:748)
581570 [http-nio-8080-exec-10] DEBUG o.s.s.access.vote.AffirmativeBased - Voter: org.springframework.security.web.access.expression.WebExpressionVoter@7155916d, returned: -1
581570 [http-nio-8080-exec-9] DEBUG o.s.s.w.u.matcher.AndRequestMatcher - Trying to match using Ant [pattern='/**', GET]
581570 [http-nio-8080-exec-9] DEBUG o.s.s.w.u.m.AntPathRequestMatcher - Request '/bootstrap/css/bootstrap.css' matched by universal pattern '/**'
581570 [http-nio-8080-exec-9] DEBUG o.s.s.w.u.matcher.AndRequestMatcher - Trying to match using NegatedRequestMatcher [requestMatcher=Ant [pattern='/**/favicon.ico']]
581570 [http-nio-8080-exec-3] DEBUG o.s.s.w.a.ExceptionTranslationFilter - Access is denied (user is anonymous); redirecting to authentication entry point
org.springframework.security.access.AccessDeniedException: Access is denied
	at org.springframework.security.access.vote.AffirmativeBased.decide(AffirmativeBased.java:84)
	at org.springframework.security.access.intercept.AbstractSecurityInterceptor.beforeInvocation(AbstractSecurityInterceptor.java:233)
	at org.springframework.security.web.access.intercept.FilterSecurityInterceptor.invoke(FilterSecurityInterceptor.java:124)
	at org.springframework.security.web.access.intercept.FilterSecurityInterceptor.doFilter(FilterSecurityInterceptor.java:91)
	at org.springframework.security.web.FilterChainProxy$VirtualFilterChain.doFilter(FilterChainProxy.java:331)
	at org.springframework.security.web.access.ExceptionTranslationFilter.doFilter(ExceptionTranslationFilter.java:114)
	at org.springframework.security.web.FilterChainProxy$VirtualFilterChain.doFilter(FilterChainProxy.java:331)
	at org.springframework.security.web.session.SessionManagementFilter.doFilter(SessionManagementFilter.java:137)
	at org.springframework.security.web.FilterChainProxy$VirtualFilterChain.doFilter(FilterChainProxy.java:331)
	at org.springframework.security.web.authentication.AnonymousAuthenticationFilter.doFilter(AnonymousAuthenticationFilter.java:111)
	at org.springframework.security.web.FilterChainProxy$VirtualFilterChain.doFilter(FilterChainProxy.java:331)
	at org.springframework.security.web.servletapi.SecurityContextHolderAwareRequestFilter.doFilter(SecurityContextHolderAwareRequestFilter.java:170)
	at org.springframework.security.web.FilterChainProxy$VirtualFilterChain.doFilter(FilterChainProxy.java:331)
	at org.springframework.security.web.savedrequest.RequestCacheAwareFilter.doFilter(RequestCacheAwareFilter.java:63)
	at org.springframework.security.web.FilterChainProxy$VirtualFilterChain.doFilter(FilterChainProxy.java:331)
	at org.springframework.security.web.authentication.AbstractAuthenticationProcessingFilter.doFilter(AbstractAuthenticationProcessingFilter.java:200)
	at org.springframework.security.web.FilterChainProxy$VirtualFilterChain.doFilter(FilterChainProxy.java:331)
	at org.springframework.security.web.authentication.logout.LogoutFilter.doFilter(LogoutFilter.java:116)
	at org.springframework.security.web.FilterChainProxy$VirtualFilterChain.doFilter(FilterChainProxy.java:331)
	at org.springframework.security.web.csrf.CsrfFilter.doFilterInternal(CsrfFilter.java:100)
	at org.springframework.web.filter.OncePerRequestFilter.doFilter(OncePerRequestFilter.java:107)
	at org.springframework.security.web.FilterChainProxy$VirtualFilterChain.doFilter(FilterChainProxy.java:331)
	at org.springframework.security.web.header.HeaderWriterFilter.doFilterInternal(HeaderWriterFilter.java:64)
	at org.springframework.web.filter.OncePerRequestFilter.doFilter(OncePerRequestFilter.java:107)
	at org.springframework.security.web.FilterChainProxy$VirtualFilterChain.doFilter(FilterChainProxy.java:331)
	at org.springframework.security.web.context.SecurityContextPersistenceFilter.doFilter(SecurityContextPersistenceFilter.java:105)
	at org.springframework.security.web.FilterChainProxy$VirtualFilterChain.doFilter(FilterChainProxy.java:331)
	at org.springframework.security.web.context.request.async.WebAsyncManagerIntegrationFilter.doFilterInternal(WebAsyncManagerIntegrationFilter.java:56)
	at org.springframework.web.filter.OncePerRequestFilter.doFilter(OncePerRequestFilter.java:107)
	at org.springframework.security.web.FilterChainProxy$VirtualFilterChain.doFilter(FilterChainProxy.java:331)
	at org.springframework.security.web.FilterChainProxy.doFilterInternal(FilterChainProxy.java:214)
	at org.springframework.security.web.FilterChainProxy.doFilter(FilterChainProxy.java:177)
	at org.springframework.web.filter.DelegatingFilterProxy.invokeDelegate(DelegatingFilterProxy.java:347)
	at org.springframework.web.filter.DelegatingFilterProxy.doFilter(DelegatingFilterProxy.java:263)
	at org.apache.catalina.core.ApplicationFilterChain.internalDoFilter(ApplicationFilterChain.java:193)
	at org.apache.catalina.core.ApplicationFilterChain.doFilter(ApplicationFilterChain.java:166)
	at org.springframework.web.filter.RequestContextFilter.doFilterInternal(RequestContextFilter.java:99)
	at org.springframework.web.filter.OncePerRequestFilter.doFilter(OncePerRequestFilter.java:107)
	at org.apache.catalina.core.ApplicationFilterChain.internalDoFilter(ApplicationFilterChain.java:193)
	at org.apache.catalina.core.ApplicationFilterChain.doFilter(ApplicationFilterChain.java:166)
	at org.springframework.web.filter.HttpPutFormContentFilter.doFilterInternal(HttpPutFormContentFilter.java:108)
	at org.springframework.web.filter.OncePerRequestFilter.doFilter(OncePerRequestFilter.java:107)
	at org.apache.catalina.core.ApplicationFilterChain.internalDoFilter(ApplicationFilterChain.java:193)
	at org.apache.catalina.core.ApplicationFilterChain.doFilter(ApplicationFilterChain.java:166)
	at org.springframework.web.filter.HiddenHttpMethodFilter.doFilterInternal(HiddenHttpMethodFilter.java:81)
	at org.springframework.web.filter.OncePerRequestFilter.doFilter(OncePerRequestFilter.java:107)
	at org.apache.catalina.core.ApplicationFilterChain.internalDoFilter(ApplicationFilterChain.java:193)
	at org.apache.catalina.core.ApplicationFilterChain.doFilter(ApplicationFilterChain.java:166)
	at org.springframework.web.filter.CharacterEncodingFilter.doFilterInternal(CharacterEncodingFilter.java:197)
	at org.springframework.web.filter.OncePerRequestFilter.doFilter(OncePerRequestFilter.java:107)
	at org.apache.catalina.core.ApplicationFilterChain.internalDoFilter(ApplicationFilterChain.java:193)
	at org.apache.catalina.core.ApplicationFilterChain.doFilter(ApplicationFilterChain.java:166)
	at org.apache.catalina.core.StandardWrapperValve.invoke(StandardWrapperValve.java:199)
	at org.apache.catalina.core.StandardContextValve.invoke(StandardContextValve.java:96)
	at org.apache.catalina.authenticator.AuthenticatorBase.invoke(AuthenticatorBase.java:478)
	at org.apache.catalina.core.StandardHostValve.invoke(StandardHostValve.java:140)
	at org.apache.catalina.valves.ErrorReportValve.invoke(ErrorReportValve.java:81)
	at org.apache.catalina.core.StandardEngineValve.invoke(StandardEngineValve.java:87)
	at org.apache.catalina.connector.CoyoteAdapter.service(CoyoteAdapter.java:342)
	at org.apache.coyote.http11.Http11Processor.service(Http11Processor.java:803)
	at org.apache.coyote.AbstractProcessorLight.process(AbstractProcessorLight.java:66)
	at org.apache.coyote.AbstractProtocol$ConnectionHandler.process(AbstractProtocol.java:868)
	at org.apache.tomcat.util.net.NioEndpoint$SocketProcessor.doRun(NioEndpoint.java:1459)
	at org.apache.tomcat.util.net.SocketProcessorBase.run(SocketProcessorBase.java:49)
	at java.util.concurrent.ThreadPoolExecutor.runWorker(ThreadPoolExecutor.java:1149)
	at java.util.concurrent.ThreadPoolExecutor$Worker.run(ThreadPoolExecutor.java:624)
	at org.apache.tomcat.util.threads.TaskThread$WrappingRunnable.run(TaskThread.java:61)
	at java.lang.Thread.run(Thread.java:748)
581570 [http-nio-8080-exec-10] DEBUG o.s.s.w.a.ExceptionTranslationFilter - Access is denied (user is anonymous); redirecting to authentication entry point
org.springframework.security.access.AccessDeniedException: Access is denied
	at org.springframework.security.access.vote.AffirmativeBased.decide(AffirmativeBased.java:84)
	at org.springframework.security.access.intercept.AbstractSecurityInterceptor.beforeInvocation(AbstractSecurityInterceptor.java:233)
	at org.springframework.security.web.access.intercept.FilterSecurityInterceptor.invoke(FilterSecurityInterceptor.java:124)
	at org.springframework.security.web.access.intercept.FilterSecurityInterceptor.doFilter(FilterSecurityInterceptor.java:91)
	at org.springframework.security.web.FilterChainProxy$VirtualFilterChain.doFilter(FilterChainProxy.java:331)
	at org.springframework.security.web.access.ExceptionTranslationFilter.doFilter(ExceptionTranslationFilter.java:114)
	at org.springframework.security.web.FilterChainProxy$VirtualFilterChain.doFilter(FilterChainProxy.java:331)
	at org.springframework.security.web.session.SessionManagementFilter.doFilter(SessionManagementFilter.java:137)
	at org.springframework.security.web.FilterChainProxy$VirtualFilterChain.doFilter(FilterChainProxy.java:331)
	at org.springframework.security.web.authentication.AnonymousAuthenticationFilter.doFilter(AnonymousAuthenticationFilter.java:111)
	at org.springframework.security.web.FilterChainProxy$VirtualFilterChain.doFilter(FilterChainProxy.java:331)
	at org.springframework.security.web.servletapi.SecurityContextHolderAwareRequestFilter.doFilter(SecurityContextHolderAwareRequestFilter.java:170)
	at org.springframework.security.web.FilterChainProxy$VirtualFilterChain.doFilter(FilterChainProxy.java:331)
	at org.springframework.security.web.savedrequest.RequestCacheAwareFilter.doFilter(RequestCacheAwareFilter.java:63)
	at org.springframework.security.web.FilterChainProxy$VirtualFilterChain.doFilter(FilterChainProxy.java:331)
	at org.springframework.security.web.authentication.AbstractAuthenticationProcessingFilter.doFilter(AbstractAuthenticationProcessingFilter.java:200)
	at org.springframework.security.web.FilterChainProxy$VirtualFilterChain.doFilter(FilterChainProxy.java:331)
	at org.springframework.security.web.authentication.logout.LogoutFilter.doFilter(LogoutFilter.java:116)
	at org.springframework.security.web.FilterChainProxy$VirtualFilterChain.doFilter(FilterChainProxy.java:331)
	at org.springframework.security.web.csrf.CsrfFilter.doFilterInternal(CsrfFilter.java:100)
	at org.springframework.web.filter.OncePerRequestFilter.doFilter(OncePerRequestFilter.java:107)
	at org.springframework.security.web.FilterChainProxy$VirtualFilterChain.doFilter(FilterChainProxy.java:331)
	at org.springframework.security.web.header.HeaderWriterFilter.doFilterInternal(HeaderWriterFilter.java:64)
	at org.springframework.web.filter.OncePerRequestFilter.doFilter(OncePerRequestFilter.java:107)
	at org.springframework.security.web.FilterChainProxy$VirtualFilterChain.doFilter(FilterChainProxy.java:331)
	at org.springframework.security.web.context.SecurityContextPersistenceFilter.doFilter(SecurityContextPersistenceFilter.java:105)
	at org.springframework.security.web.FilterChainProxy$VirtualFilterChain.doFilter(FilterChainProxy.java:331)
	at org.springframework.security.web.context.request.async.WebAsyncManagerIntegrationFilter.doFilterInternal(WebAsyncManagerIntegrationFilter.java:56)
	at org.springframework.web.filter.OncePerRequestFilter.doFilter(OncePerRequestFilter.java:107)
	at org.springframework.security.web.FilterChainProxy$VirtualFilterChain.doFilter(FilterChainProxy.java:331)
	at org.springframework.security.web.FilterChainProxy.doFilterInternal(FilterChainProxy.java:214)
	at org.springframework.security.web.FilterChainProxy.doFilter(FilterChainProxy.java:177)
	at org.springframework.web.filter.DelegatingFilterProxy.invokeDelegate(DelegatingFilterProxy.java:347)
	at org.springframework.web.filter.DelegatingFilterProxy.doFilter(DelegatingFilterProxy.java:263)
	at org.apache.catalina.core.ApplicationFilterChain.internalDoFilter(ApplicationFilterChain.java:193)
	at org.apache.catalina.core.ApplicationFilterChain.doFilter(ApplicationFilterChain.java:166)
	at org.springframework.web.filter.RequestContextFilter.doFilterInternal(RequestContextFilter.java:99)
	at org.springframework.web.filter.OncePerRequestFilter.doFilter(OncePerRequestFilter.java:107)
	at org.apache.catalina.core.ApplicationFilterChain.internalDoFilter(ApplicationFilterChain.java:193)
	at org.apache.catalina.core.ApplicationFilterChain.doFilter(ApplicationFilterChain.java:166)
	at org.springframework.web.filter.HttpPutFormContentFilter.doFilterInternal(HttpPutFormContentFilter.java:108)
	at org.springframework.web.filter.OncePerRequestFilter.doFilter(OncePerRequestFilter.java:107)
	at org.apache.catalina.core.ApplicationFilterChain.internalDoFilter(ApplicationFilterChain.java:193)
	at org.apache.catalina.core.ApplicationFilterChain.doFilter(ApplicationFilterChain.java:166)
	at org.springframework.web.filter.HiddenHttpMethodFilter.doFilterInternal(HiddenHttpMethodFilter.java:81)
	at org.springframework.web.filter.OncePerRequestFilter.doFilter(OncePerRequestFilter.java:107)
	at org.apache.catalina.core.ApplicationFilterChain.internalDoFilter(ApplicationFilterChain.java:193)
	at org.apache.catalina.core.ApplicationFilterChain.doFilter(ApplicationFilterChain.java:166)
	at org.springframework.web.filter.CharacterEncodingFilter.doFilterInternal(CharacterEncodingFilter.java:197)
	at org.springframework.web.filter.OncePerRequestFilter.doFilter(OncePerRequestFilter.java:107)
	at org.apache.catalina.core.ApplicationFilterChain.internalDoFilter(ApplicationFilterChain.java:193)
	at org.apache.catalina.core.ApplicationFilterChain.doFilter(ApplicationFilterChain.java:166)
	at org.apache.catalina.core.StandardWrapperValve.invoke(StandardWrapperValve.java:199)
	at org.apache.catalina.core.StandardContextValve.invoke(StandardContextValve.java:96)
	at org.apache.catalina.authenticator.AuthenticatorBase.invoke(AuthenticatorBase.java:478)
	at org.apache.catalina.core.StandardHostValve.invoke(StandardHostValve.java:140)
	at org.apache.catalina.valves.ErrorReportValve.invoke(ErrorReportValve.java:81)
	at org.apache.catalina.core.StandardEngineValve.invoke(StandardEngineValve.java:87)
	at org.apache.catalina.connector.CoyoteAdapter.service(CoyoteAdapter.java:342)
	at org.apache.coyote.http11.Http11Processor.service(Http11Processor.java:803)
	at org.apache.coyote.AbstractProcessorLight.process(AbstractProcessorLight.java:66)
	at org.apache.coyote.AbstractProtocol$ConnectionHandler.process(AbstractProtocol.java:868)
	at org.apache.tomcat.util.net.NioEndpoint$SocketProcessor.doRun(NioEndpoint.java:1459)
	at org.apache.tomcat.util.net.SocketProcessorBase.run(SocketProcessorBase.java:49)
	at java.util.concurrent.ThreadPoolExecutor.runWorker(ThreadPoolExecutor.java:1149)
	at java.util.concurrent.ThreadPoolExecutor$Worker.run(ThreadPoolExecutor.java:624)
	at org.apache.tomcat.util.threads.TaskThread$WrappingRunnable.run(TaskThread.java:61)
	at java.lang.Thread.run(Thread.java:748)
581570 [http-nio-8080-exec-9] DEBUG o.s.s.w.u.m.AntPathRequestMatcher - Checking match of request : '/bootstrap/css/bootstrap.css'; against '/**/favicon.ico'
581572 [http-nio-8080-exec-3] DEBUG o.s.s.w.u.matcher.AndRequestMatcher - Trying to match using Ant [pattern='/**', GET]
581572 [http-nio-8080-exec-3] DEBUG o.s.s.w.u.m.AntPathRequestMatcher - Request '/bootstrap/js/bootstrap.js' matched by universal pattern '/**'
581572 [http-nio-8080-exec-3] DEBUG o.s.s.w.u.matcher.AndRequestMatcher - Trying to match using NegatedRequestMatcher [requestMatcher=Ant [pattern='/**/favicon.ico']]
581572 [http-nio-8080-exec-3] DEBUG o.s.s.w.u.m.AntPathRequestMatcher - Checking match of request : '/bootstrap/js/bootstrap.js'; against '/**/favicon.ico'
581572 [http-nio-8080-exec-3] DEBUG o.s.s.w.u.m.NegatedRequestMatcher - matches = true
581573 [http-nio-8080-exec-9] DEBUG o.s.s.w.u.m.NegatedRequestMatcher - matches = true
581573 [http-nio-8080-exec-10] DEBUG o.s.s.w.u.matcher.AndRequestMatcher - Trying to match using Ant [pattern='/**', GET]
581573 [http-nio-8080-exec-3] DEBUG o.s.s.w.u.matcher.AndRequestMatcher - Trying to match using NegatedRequestMatcher [requestMatcher=MediaTypeRequestMatcher [contentNegotiationStrategy=org.springframework.web.accept.ContentNegotiationManager@34a84d5e, matchingMediaTypes=[application/json], useEquals=false, ignoredMediaTypes=[*/*]]]
581573 [http-nio-8080-exec-10] DEBUG o.s.s.w.u.m.AntPathRequestMatcher - Request '/jquery/jquery-2.1.3.js' matched by universal pattern '/**'
581573 [http-nio-8080-exec-10] DEBUG o.s.s.w.u.matcher.AndRequestMatcher - Trying to match using NegatedRequestMatcher [requestMatcher=Ant [pattern='/**/favicon.ico']]
581573 [http-nio-8080-exec-9] DEBUG o.s.s.w.u.matcher.AndRequestMatcher - Trying to match using NegatedRequestMatcher [requestMatcher=MediaTypeRequestMatcher [contentNegotiationStrategy=org.springframework.web.accept.ContentNegotiationManager@34a84d5e, matchingMediaTypes=[application/json], useEquals=false, ignoredMediaTypes=[*/*]]]
581573 [http-nio-8080-exec-10] DEBUG o.s.s.w.u.m.AntPathRequestMatcher - Checking match of request : '/jquery/jquery-2.1.3.js'; against '/**/favicon.ico'
581573 [http-nio-8080-exec-9] DEBUG o.s.s.w.u.m.MediaTypeRequestMatcher - httpRequestMediaTypes=[text/css]
581573 [http-nio-8080-exec-3] DEBUG o.s.s.w.u.m.MediaTypeRequestMatcher - httpRequestMediaTypes=[application/javascript]
581573 [http-nio-8080-exec-10] DEBUG o.s.s.w.u.m.NegatedRequestMatcher - matches = true
581573 [http-nio-8080-exec-10] DEBUG o.s.s.w.u.matcher.AndRequestMatcher - Trying to match using NegatedRequestMatcher [requestMatcher=MediaTypeRequestMatcher [contentNegotiationStrategy=org.springframework.web.accept.ContentNegotiationManager@34a84d5e, matchingMediaTypes=[application/json], useEquals=false, ignoredMediaTypes=[*/*]]]
581573 [http-nio-8080-exec-9] DEBUG o.s.s.w.u.m.MediaTypeRequestMatcher - Processing text/css
581573 [http-nio-8080-exec-10] DEBUG o.s.s.w.u.m.MediaTypeRequestMatcher - httpRequestMediaTypes=[application/javascript]
581573 [http-nio-8080-exec-3] DEBUG o.s.s.w.u.m.MediaTypeRequestMatcher - Processing application/javascript
581573 [http-nio-8080-exec-9] DEBUG o.s.s.w.u.m.MediaTypeRequestMatcher - application/json .isCompatibleWith text/css = false
581573 [http-nio-8080-exec-9] DEBUG o.s.s.w.u.m.MediaTypeRequestMatcher - Did not match any media types
581573 [http-nio-8080-exec-9] DEBUG o.s.s.w.u.m.NegatedRequestMatcher - matches = true
581573 [http-nio-8080-exec-10] DEBUG o.s.s.w.u.m.MediaTypeRequestMatcher - Processing application/javascript
581573 [http-nio-8080-exec-3] DEBUG o.s.s.w.u.m.MediaTypeRequestMatcher - application/json .isCompatibleWith application/javascript = false
581573 [http-nio-8080-exec-3] DEBUG o.s.s.w.u.m.MediaTypeRequestMatcher - Did not match any media types
581573 [http-nio-8080-exec-9] DEBUG o.s.s.w.u.matcher.AndRequestMatcher - Trying to match using NegatedRequestMatcher [requestMatcher=RequestHeaderRequestMatcher [expectedHeaderName=X-Requested-With, expectedHeaderValue=XMLHttpRequest]]
581573 [http-nio-8080-exec-9] DEBUG o.s.s.w.u.m.NegatedRequestMatcher - matches = true
581573 [http-nio-8080-exec-9] DEBUG o.s.s.w.u.matcher.AndRequestMatcher - All requestMatchers returned true
581573 [http-nio-8080-exec-10] DEBUG o.s.s.w.u.m.MediaTypeRequestMatcher - application/json .isCompatibleWith application/javascript = false
581573 [http-nio-8080-exec-10] DEBUG o.s.s.w.u.m.MediaTypeRequestMatcher - Did not match any media types
581573 [http-nio-8080-exec-10] DEBUG o.s.s.w.u.m.NegatedRequestMatcher - matches = true
581573 [http-nio-8080-exec-3] DEBUG o.s.s.w.u.m.NegatedRequestMatcher - matches = true
581573 [http-nio-8080-exec-3] DEBUG o.s.s.w.u.matcher.AndRequestMatcher - Trying to match using NegatedRequestMatcher [requestMatcher=RequestHeaderRequestMatcher [expectedHeaderName=X-Requested-With, expectedHeaderValue=XMLHttpRequest]]
581573 [http-nio-8080-exec-3] DEBUG o.s.s.w.u.m.NegatedRequestMatcher - matches = true
581573 [http-nio-8080-exec-3] DEBUG o.s.s.w.u.matcher.AndRequestMatcher - All requestMatchers returned true
581573 [http-nio-8080-exec-10] DEBUG o.s.s.w.u.matcher.AndRequestMatcher - Trying to match using NegatedRequestMatcher [requestMatcher=RequestHeaderRequestMatcher [expectedHeaderName=X-Requested-With, expectedHeaderValue=XMLHttpRequest]]
581573 [http-nio-8080-exec-10] DEBUG o.s.s.w.u.m.NegatedRequestMatcher - matches = true
581573 [http-nio-8080-exec-10] DEBUG o.s.s.w.u.matcher.AndRequestMatcher - All requestMatchers returned true
581573 [http-nio-8080-exec-9] DEBUG o.s.s.w.s.HttpSessionRequestCache - DefaultSavedRequest added to Session: DefaultSavedRequest[http://localhost:8080/bootstrap/css/bootstrap.css]
581573 [http-nio-8080-exec-9] DEBUG o.s.s.w.a.ExceptionTranslationFilter - Calling Authentication entry point.
581573 [http-nio-8080-exec-3] DEBUG o.s.s.w.s.HttpSessionRequestCache - DefaultSavedRequest added to Session: DefaultSavedRequest[http://localhost:8080/bootstrap/js/bootstrap.js]
581573 [http-nio-8080-exec-9] DEBUG o.s.s.web.DefaultRedirectStrategy - Redirecting to 'http://localhost:8080/login'
581574 [http-nio-8080-exec-10] DEBUG o.s.s.w.s.HttpSessionRequestCache - DefaultSavedRequest added to Session: DefaultSavedRequest[http://localhost:8080/jquery/jquery-2.1.3.js]
581575 [http-nio-8080-exec-3] DEBUG o.s.s.w.a.ExceptionTranslationFilter - Calling Authentication entry point.
581575 [http-nio-8080-exec-9] DEBUG o.s.s.w.c.HttpSessionSecurityContextRepository - SecurityContext is empty or contents are anonymous - context will not be stored in HttpSession.
581575 [http-nio-8080-exec-9] DEBUG o.s.s.w.c.SecurityContextPersistenceFilter - SecurityContextHolder now cleared, as request processing completed
581575 [http-nio-8080-exec-10] DEBUG o.s.s.w.a.ExceptionTranslationFilter - Calling Authentication entry point.
581575 [http-nio-8080-exec-3] DEBUG o.s.s.web.DefaultRedirectStrategy - Redirecting to 'http://localhost:8080/login'
581575 [http-nio-8080-exec-10] DEBUG o.s.s.web.DefaultRedirectStrategy - Redirecting to 'http://localhost:8080/login'
581575 [http-nio-8080-exec-3] DEBUG o.s.s.w.c.HttpSessionSecurityContextRepository - SecurityContext is empty or contents are anonymous - context will not be stored in HttpSession.
581575 [http-nio-8080-exec-10] DEBUG o.s.s.w.c.HttpSessionSecurityContextRepository - SecurityContext is empty or contents are anonymous - context will not be stored in HttpSession.
581575 [http-nio-8080-exec-3] DEBUG o.s.s.w.c.SecurityContextPersistenceFilter - SecurityContextHolder now cleared, as request processing completed
581575 [http-nio-8080-exec-10] DEBUG o.s.s.w.c.SecurityContextPersistenceFilter - SecurityContextHolder now cleared, as request processing completed
581577 [http-nio-8080-exec-1] DEBUG o.s.s.w.u.matcher.OrRequestMatcher - Trying to match using Ant [pattern='/css/**']
581577 [http-nio-8080-exec-1] DEBUG o.s.s.w.u.m.AntPathRequestMatcher - Checking match of request : '/login'; against '/css/**'
581577 [http-nio-8080-exec-1] DEBUG o.s.s.w.u.matcher.OrRequestMatcher - Trying to match using Ant [pattern='/js/**']
581577 [http-nio-8080-exec-8] DEBUG o.s.s.w.u.matcher.OrRequestMatcher - Trying to match using Ant [pattern='/css/**']
581577 [http-nio-8080-exec-8] DEBUG o.s.s.w.u.m.AntPathRequestMatcher - Checking match of request : '/login'; against '/css/**'
581577 [http-nio-8080-exec-8] DEBUG o.s.s.w.u.matcher.OrRequestMatcher - Trying to match using Ant [pattern='/js/**']
581577 [http-nio-8080-exec-1] DEBUG o.s.s.w.u.m.AntPathRequestMatcher - Checking match of request : '/login'; against '/js/**'
581577 [http-nio-8080-exec-1] DEBUG o.s.s.w.u.matcher.OrRequestMatcher - Trying to match using Ant [pattern='/images/**']
581577 [http-nio-8080-exec-1] DEBUG o.s.s.w.u.m.AntPathRequestMatcher - Checking match of request : '/login'; against '/images/**'
581577 [http-nio-8080-exec-1] DEBUG o.s.s.w.u.matcher.OrRequestMatcher - Trying to match using Ant [pattern='/webjars/**']
581577 [http-nio-8080-exec-1] DEBUG o.s.s.w.u.m.AntPathRequestMatcher - Checking match of request : '/login'; against '/webjars/**'
581577 [http-nio-8080-exec-1] DEBUG o.s.s.w.u.matcher.OrRequestMatcher - Trying to match using Ant [pattern='/**/favicon.ico']
581577 [http-nio-8080-exec-1] DEBUG o.s.s.w.u.m.AntPathRequestMatcher - Checking match of request : '/login'; against '/**/favicon.ico'
581577 [http-nio-8080-exec-8] DEBUG o.s.s.w.u.m.AntPathRequestMatcher - Checking match of request : '/login'; against '/js/**'
581577 [http-nio-8080-exec-1] DEBUG o.s.s.w.u.matcher.OrRequestMatcher - Trying to match using Ant [pattern='/error']
581577 [http-nio-8080-exec-8] DEBUG o.s.s.w.u.matcher.OrRequestMatcher - Trying to match using Ant [pattern='/images/**']
581577 [http-nio-8080-exec-1] DEBUG o.s.s.w.u.m.AntPathRequestMatcher - Checking match of request : '/login'; against '/error'
581577 [http-nio-8080-exec-1] DEBUG o.s.s.w.u.matcher.OrRequestMatcher - No matches found
581577 [http-nio-8080-exec-8] DEBUG o.s.s.w.u.m.AntPathRequestMatcher - Checking match of request : '/login'; against '/images/**'
581577 [http-nio-8080-exec-1] DEBUG o.s.security.web.FilterChainProxy - /login at position 1 of 12 in additional filter chain; firing Filter: 'WebAsyncManagerIntegrationFilter'
581577 [http-nio-8080-exec-8] DEBUG o.s.s.w.u.matcher.OrRequestMatcher - Trying to match using Ant [pattern='/webjars/**']
581577 [http-nio-8080-exec-1] DEBUG o.s.security.web.FilterChainProxy - /login at position 2 of 12 in additional filter chain; firing Filter: 'SecurityContextPersistenceFilter'
581577 [http-nio-8080-exec-8] DEBUG o.s.s.w.u.m.AntPathRequestMatcher - Checking match of request : '/login'; against '/webjars/**'
581577 [http-nio-8080-exec-1] DEBUG o.s.s.w.c.HttpSessionSecurityContextRepository - HttpSession returned null object for SPRING_SECURITY_CONTEXT
581577 [http-nio-8080-exec-1] DEBUG o.s.s.w.c.HttpSessionSecurityContextRepository - No SecurityContext was available from the HttpSession: org.apache.catalina.session.StandardSessionFacade@30689b56. A new one will be created.
581578 [http-nio-8080-exec-1] DEBUG o.s.security.web.FilterChainProxy - /login at position 3 of 12 in additional filter chain; firing Filter: 'HeaderWriterFilter'
581577 [http-nio-8080-exec-8] DEBUG o.s.s.w.u.matcher.OrRequestMatcher - Trying to match using Ant [pattern='/**/favicon.ico']
581578 [http-nio-8080-exec-8] DEBUG o.s.s.w.u.m.AntPathRequestMatcher - Checking match of request : '/login'; against '/**/favicon.ico'
581578 [http-nio-8080-exec-1] DEBUG o.s.s.w.h.writers.HstsHeaderWriter - Not injecting HSTS header since it did not match the requestMatcher org.springframework.security.web.header.writers.HstsHeaderWriter$SecureRequestMatcher@34571983
581578 [http-nio-8080-exec-8] DEBUG o.s.s.w.u.matcher.OrRequestMatcher - Trying to match using Ant [pattern='/error']
581578 [http-nio-8080-exec-8] DEBUG o.s.s.w.u.m.AntPathRequestMatcher - Checking match of request : '/login'; against '/error'
581578 [http-nio-8080-exec-8] DEBUG o.s.s.w.u.matcher.OrRequestMatcher - No matches found
581578 [http-nio-8080-exec-1] DEBUG o.s.security.web.FilterChainProxy - /login at position 4 of 12 in additional filter chain; firing Filter: 'CsrfFilter'
581578 [http-nio-8080-exec-8] DEBUG o.s.security.web.FilterChainProxy - /login at position 1 of 12 in additional filter chain; firing Filter: 'WebAsyncManagerIntegrationFilter'
581578 [http-nio-8080-exec-1] DEBUG o.s.security.web.FilterChainProxy - /login at position 5 of 12 in additional filter chain; firing Filter: 'LogoutFilter'
581578 [http-nio-8080-exec-8] DEBUG o.s.security.web.FilterChainProxy - /login at position 2 of 12 in additional filter chain; firing Filter: 'SecurityContextPersistenceFilter'
581578 [http-nio-8080-exec-1] DEBUG o.s.s.w.u.m.AntPathRequestMatcher - Request 'GET /login' doesn't match 'POST /logout
581578 [http-nio-8080-exec-8] DEBUG o.s.s.w.c.HttpSessionSecurityContextRepository - HttpSession returned null object for SPRING_SECURITY_CONTEXT
581578 [http-nio-8080-exec-8] DEBUG o.s.s.w.c.HttpSessionSecurityContextRepository - No SecurityContext was available from the HttpSession: org.apache.catalina.session.StandardSessionFacade@30689b56. A new one will be created.
581578 [http-nio-8080-exec-1] DEBUG o.s.security.web.FilterChainProxy - /login at position 6 of 12 in additional filter chain; firing Filter: 'UsernamePasswordAuthenticationFilter'
581578 [http-nio-8080-exec-8] DEBUG o.s.security.web.FilterChainProxy - /login at position 3 of 12 in additional filter chain; firing Filter: 'HeaderWriterFilter'
581578 [http-nio-8080-exec-8] DEBUG o.s.s.w.h.writers.HstsHeaderWriter - Not injecting HSTS header since it did not match the requestMatcher org.springframework.security.web.header.writers.HstsHeaderWriter$SecureRequestMatcher@34571983
581578 [http-nio-8080-exec-1] DEBUG o.s.s.w.u.m.AntPathRequestMatcher - Request 'GET /login' doesn't match 'POST /login
581578 [http-nio-8080-exec-8] DEBUG o.s.security.web.FilterChainProxy - /login at position 4 of 12 in additional filter chain; firing Filter: 'CsrfFilter'
581578 [http-nio-8080-exec-1] DEBUG o.s.security.web.FilterChainProxy - /login at position 7 of 12 in additional filter chain; firing Filter: 'RequestCacheAwareFilter'
581578 [http-nio-8080-exec-8] DEBUG o.s.security.web.FilterChainProxy - /login at position 5 of 12 in additional filter chain; firing Filter: 'LogoutFilter'
581578 [http-nio-8080-exec-1] DEBUG o.s.s.w.s.DefaultSavedRequest - pathInfo: both null (property equals)
581578 [http-nio-8080-exec-8] DEBUG o.s.s.w.u.m.AntPathRequestMatcher - Request 'GET /login' doesn't match 'POST /logout
581578 [http-nio-8080-exec-1] DEBUG o.s.s.w.s.DefaultSavedRequest - queryString: both null (property equals)
581578 [http-nio-8080-exec-1] DEBUG o.s.s.w.s.DefaultSavedRequest - requestURI: arg1=/jquery/jquery-2.1.3.js; arg2=/login (property not equals)
581578 [http-nio-8080-exec-1] DEBUG o.s.s.w.s.HttpSessionRequestCache - saved request doesn't match
581578 [http-nio-8080-exec-1] DEBUG o.s.security.web.FilterChainProxy - /login at position 8 of 12 in additional filter chain; firing Filter: 'SecurityContextHolderAwareRequestFilter'
581578 [http-nio-8080-exec-8] DEBUG o.s.security.web.FilterChainProxy - /login at position 6 of 12 in additional filter chain; firing Filter: 'UsernamePasswordAuthenticationFilter'
581578 [http-nio-8080-exec-8] DEBUG o.s.s.w.u.m.AntPathRequestMatcher - Request 'GET /login' doesn't match 'POST /login
581578 [http-nio-8080-exec-8] DEBUG o.s.security.web.FilterChainProxy - /login at position 7 of 12 in additional filter chain; firing Filter: 'RequestCacheAwareFilter'
581578 [http-nio-8080-exec-1] DEBUG o.s.security.web.FilterChainProxy - /login at position 9 of 12 in additional filter chain; firing Filter: 'AnonymousAuthenticationFilter'
581578 [http-nio-8080-exec-8] DEBUG o.s.s.w.s.DefaultSavedRequest - pathInfo: both null (property equals)
581578 [http-nio-8080-exec-8] DEBUG o.s.s.w.s.DefaultSavedRequest - queryString: both null (property equals)
581578 [http-nio-8080-exec-8] DEBUG o.s.s.w.s.DefaultSavedRequest - requestURI: arg1=/jquery/jquery-2.1.3.js; arg2=/login (property not equals)
581578 [http-nio-8080-exec-1] DEBUG o.s.s.w.a.AnonymousAuthenticationFilter - Populated SecurityContextHolder with anonymous token: 'org.springframework.security.authentication.AnonymousAuthenticationToken@6fabe8e0: Principal: anonymousUser; Credentials: [PROTECTED]; Authenticated: true; Details: org.springframework.security.web.authentication.WebAuthenticationDetails@fffe9938: RemoteIpAddress: 0:0:0:0:0:0:0:1; SessionId: 760D79BA12046463C13AD8F04AD89B62; Granted Authorities: ROLE_ANONYMOUS'
581578 [http-nio-8080-exec-8] DEBUG o.s.s.w.s.HttpSessionRequestCache - saved request doesn't match
581579 [http-nio-8080-exec-1] DEBUG o.s.security.web.FilterChainProxy - /login at position 10 of 12 in additional filter chain; firing Filter: 'SessionManagementFilter'
581579 [http-nio-8080-exec-1] DEBUG o.s.security.web.FilterChainProxy - /login at position 11 of 12 in additional filter chain; firing Filter: 'ExceptionTranslationFilter'
581579 [http-nio-8080-exec-8] DEBUG o.s.security.web.FilterChainProxy - /login at position 8 of 12 in additional filter chain; firing Filter: 'SecurityContextHolderAwareRequestFilter'
581579 [http-nio-8080-exec-8] DEBUG o.s.security.web.FilterChainProxy - /login at position 9 of 12 in additional filter chain; firing Filter: 'AnonymousAuthenticationFilter'
581579 [http-nio-8080-exec-1] DEBUG o.s.security.web.FilterChainProxy - /login at position 12 of 12 in additional filter chain; firing Filter: 'FilterSecurityInterceptor'
581579 [http-nio-8080-exec-8] DEBUG o.s.s.w.a.AnonymousAuthenticationFilter - Populated SecurityContextHolder with anonymous token: 'org.springframework.security.authentication.AnonymousAuthenticationToken@6fabe8e0: Principal: anonymousUser; Credentials: [PROTECTED]; Authenticated: true; Details: org.springframework.security.web.authentication.WebAuthenticationDetails@fffe9938: RemoteIpAddress: 0:0:0:0:0:0:0:1; SessionId: 760D79BA12046463C13AD8F04AD89B62; Granted Authorities: ROLE_ANONYMOUS'
581579 [http-nio-8080-exec-8] DEBUG o.s.security.web.FilterChainProxy - /login at position 10 of 12 in additional filter chain; firing Filter: 'SessionManagementFilter'
581579 [http-nio-8080-exec-1] DEBUG o.s.s.w.a.i.FilterSecurityInterceptor - Secure object: FilterInvocation: URL: /login; Attributes: [permitAll]
581579 [http-nio-8080-exec-8] DEBUG o.s.security.web.FilterChainProxy - /login at position 11 of 12 in additional filter chain; firing Filter: 'ExceptionTranslationFilter'
581579 [http-nio-8080-exec-1] DEBUG o.s.s.w.a.i.FilterSecurityInterceptor - Previously Authenticated: org.springframework.security.authentication.AnonymousAuthenticationToken@6fabe8e0: Principal: anonymousUser; Credentials: [PROTECTED]; Authenticated: true; Details: org.springframework.security.web.authentication.WebAuthenticationDetails@fffe9938: RemoteIpAddress: 0:0:0:0:0:0:0:1; SessionId: 760D79BA12046463C13AD8F04AD89B62; Granted Authorities: ROLE_ANONYMOUS
581579 [http-nio-8080-exec-8] DEBUG o.s.security.web.FilterChainProxy - /login at position 12 of 12 in additional filter chain; firing Filter: 'FilterSecurityInterceptor'
581579 [http-nio-8080-exec-1] DEBUG o.s.s.access.vote.AffirmativeBased - Voter: org.springframework.security.web.access.expression.WebExpressionVoter@7155916d, returned: 1
581579 [http-nio-8080-exec-1] DEBUG o.s.s.w.a.i.FilterSecurityInterceptor - Authorization successful
581579 [http-nio-8080-exec-1] DEBUG o.s.s.w.a.i.FilterSecurityInterceptor - RunAsManager did not change Authentication object
581579 [http-nio-8080-exec-8] DEBUG o.s.s.w.a.i.FilterSecurityInterceptor - Secure object: FilterInvocation: URL: /login; Attributes: [permitAll]
581579 [http-nio-8080-exec-1] DEBUG o.s.security.web.FilterChainProxy - /login reached end of additional filter chain; proceeding with original chain
581579 [http-nio-8080-exec-8] DEBUG o.s.s.w.a.i.FilterSecurityInterceptor - Previously Authenticated: org.springframework.security.authentication.AnonymousAuthenticationToken@6fabe8e0: Principal: anonymousUser; Credentials: [PROTECTED]; Authenticated: true; Details: org.springframework.security.web.authentication.WebAuthenticationDetails@fffe9938: RemoteIpAddress: 0:0:0:0:0:0:0:1; SessionId: 760D79BA12046463C13AD8F04AD89B62; Granted Authorities: ROLE_ANONYMOUS
581579 [http-nio-8080-exec-8] DEBUG o.s.s.access.vote.AffirmativeBased - Voter: org.springframework.security.web.access.expression.WebExpressionVoter@7155916d, returned: 1
581579 [http-nio-8080-exec-8] DEBUG o.s.s.w.a.i.FilterSecurityInterceptor - Authorization successful
581579 [http-nio-8080-exec-8] DEBUG o.s.s.w.a.i.FilterSecurityInterceptor - RunAsManager did not change Authentication object
581581 [http-nio-8080-exec-8] DEBUG o.s.security.web.FilterChainProxy - /login reached end of additional filter chain; proceeding with original chain
581582 [http-nio-8080-exec-1] DEBUG o.s.s.w.c.HttpSessionSecurityContextRepository - SecurityContext is empty or contents are anonymous - context will not be stored in HttpSession.
581583 [http-nio-8080-exec-1] DEBUG o.s.s.w.a.ExceptionTranslationFilter - Chain processed normally
581583 [http-nio-8080-exec-1] DEBUG o.s.s.w.c.SecurityContextPersistenceFilter - SecurityContextHolder now cleared, as request processing completed
581583 [http-nio-8080-exec-8] DEBUG o.s.s.w.c.HttpSessionSecurityContextRepository - SecurityContext is empty or contents are anonymous - context will not be stored in HttpSession.
581584 [http-nio-8080-exec-8] DEBUG o.s.s.w.a.ExceptionTranslationFilter - Chain processed normally
581584 [http-nio-8080-exec-8] DEBUG o.s.s.w.c.SecurityContextPersistenceFilter - SecurityContextHolder now cleared, as request processing completed
581584 [http-nio-8080-exec-7] DEBUG o.s.s.w.u.matcher.OrRequestMatcher - Trying to match using Ant [pattern='/css/**']
581584 [http-nio-8080-exec-7] DEBUG o.s.s.w.u.m.AntPathRequestMatcher - Checking match of request : '/login'; against '/css/**'
581584 [http-nio-8080-exec-7] DEBUG o.s.s.w.u.matcher.OrRequestMatcher - Trying to match using Ant [pattern='/js/**']
581584 [http-nio-8080-exec-7] DEBUG o.s.s.w.u.m.AntPathRequestMatcher - Checking match of request : '/login'; against '/js/**'
581584 [http-nio-8080-exec-7] DEBUG o.s.s.w.u.matcher.OrRequestMatcher - Trying to match using Ant [pattern='/images/**']
581584 [http-nio-8080-exec-7] DEBUG o.s.s.w.u.m.AntPathRequestMatcher - Checking match of request : '/login'; against '/images/**'
581584 [http-nio-8080-exec-7] DEBUG o.s.s.w.u.matcher.OrRequestMatcher - Trying to match using Ant [pattern='/webjars/**']
581584 [http-nio-8080-exec-7] DEBUG o.s.s.w.u.m.AntPathRequestMatcher - Checking match of request : '/login'; against '/webjars/**'
581584 [http-nio-8080-exec-7] DEBUG o.s.s.w.u.matcher.OrRequestMatcher - Trying to match using Ant [pattern='/**/favicon.ico']
581584 [http-nio-8080-exec-7] DEBUG o.s.s.w.u.m.AntPathRequestMatcher - Checking match of request : '/login'; against '/**/favicon.ico'
581584 [http-nio-8080-exec-7] DEBUG o.s.s.w.u.matcher.OrRequestMatcher - Trying to match using Ant [pattern='/error']
581584 [http-nio-8080-exec-7] DEBUG o.s.s.w.u.m.AntPathRequestMatcher - Checking match of request : '/login'; against '/error'
581584 [http-nio-8080-exec-7] DEBUG o.s.s.w.u.matcher.OrRequestMatcher - No matches found
581584 [http-nio-8080-exec-7] DEBUG o.s.security.web.FilterChainProxy - /login at position 1 of 12 in additional filter chain; firing Filter: 'WebAsyncManagerIntegrationFilter'
581584 [http-nio-8080-exec-7] DEBUG o.s.security.web.FilterChainProxy - /login at position 2 of 12 in additional filter chain; firing Filter: 'SecurityContextPersistenceFilter'
581584 [http-nio-8080-exec-7] DEBUG o.s.s.w.c.HttpSessionSecurityContextRepository - HttpSession returned null object for SPRING_SECURITY_CONTEXT
581584 [http-nio-8080-exec-7] DEBUG o.s.s.w.c.HttpSessionSecurityContextRepository - No SecurityContext was available from the HttpSession: org.apache.catalina.session.StandardSessionFacade@30689b56. A new one will be created.
581584 [http-nio-8080-exec-7] DEBUG o.s.security.web.FilterChainProxy - /login at position 3 of 12 in additional filter chain; firing Filter: 'HeaderWriterFilter'
581584 [http-nio-8080-exec-7] DEBUG o.s.s.w.h.writers.HstsHeaderWriter - Not injecting HSTS header since it did not match the requestMatcher org.springframework.security.web.header.writers.HstsHeaderWriter$SecureRequestMatcher@34571983
581584 [http-nio-8080-exec-7] DEBUG o.s.security.web.FilterChainProxy - /login at position 4 of 12 in additional filter chain; firing Filter: 'CsrfFilter'
581584 [http-nio-8080-exec-7] DEBUG o.s.security.web.FilterChainProxy - /login at position 5 of 12 in additional filter chain; firing Filter: 'LogoutFilter'
581584 [http-nio-8080-exec-7] DEBUG o.s.s.w.u.m.AntPathRequestMatcher - Request 'GET /login' doesn't match 'POST /logout
581584 [http-nio-8080-exec-7] DEBUG o.s.security.web.FilterChainProxy - /login at position 6 of 12 in additional filter chain; firing Filter: 'UsernamePasswordAuthenticationFilter'
581584 [http-nio-8080-exec-7] DEBUG o.s.s.w.u.m.AntPathRequestMatcher - Request 'GET /login' doesn't match 'POST /login
581584 [http-nio-8080-exec-7] DEBUG o.s.security.web.FilterChainProxy - /login at position 7 of 12 in additional filter chain; firing Filter: 'RequestCacheAwareFilter'
581584 [http-nio-8080-exec-7] DEBUG o.s.s.w.s.DefaultSavedRequest - pathInfo: both null (property equals)
581586 [http-nio-8080-exec-7] DEBUG o.s.s.w.s.DefaultSavedRequest - queryString: both null (property equals)
581586 [http-nio-8080-exec-7] DEBUG o.s.s.w.s.DefaultSavedRequest - requestURI: arg1=/jquery/jquery-2.1.3.js; arg2=/login (property not equals)
581586 [http-nio-8080-exec-7] DEBUG o.s.s.w.s.HttpSessionRequestCache - saved request doesn't match
581586 [http-nio-8080-exec-7] DEBUG o.s.security.web.FilterChainProxy - /login at position 8 of 12 in additional filter chain; firing Filter: 'SecurityContextHolderAwareRequestFilter'
581586 [http-nio-8080-exec-7] DEBUG o.s.security.web.FilterChainProxy - /login at position 9 of 12 in additional filter chain; firing Filter: 'AnonymousAuthenticationFilter'
581586 [http-nio-8080-exec-7] DEBUG o.s.s.w.a.AnonymousAuthenticationFilter - Populated SecurityContextHolder with anonymous token: 'org.springframework.security.authentication.AnonymousAuthenticationToken@6fabe8e0: Principal: anonymousUser; Credentials: [PROTECTED]; Authenticated: true; Details: org.springframework.security.web.authentication.WebAuthenticationDetails@fffe9938: RemoteIpAddress: 0:0:0:0:0:0:0:1; SessionId: 760D79BA12046463C13AD8F04AD89B62; Granted Authorities: ROLE_ANONYMOUS'
581586 [http-nio-8080-exec-7] DEBUG o.s.security.web.FilterChainProxy - /login at position 10 of 12 in additional filter chain; firing Filter: 'SessionManagementFilter'
581586 [http-nio-8080-exec-7] DEBUG o.s.security.web.FilterChainProxy - /login at position 11 of 12 in additional filter chain; firing Filter: 'ExceptionTranslationFilter'
581586 [http-nio-8080-exec-7] DEBUG o.s.security.web.FilterChainProxy - /login at position 12 of 12 in additional filter chain; firing Filter: 'FilterSecurityInterceptor'
581586 [http-nio-8080-exec-7] DEBUG o.s.s.w.a.i.FilterSecurityInterceptor - Secure object: FilterInvocation: URL: /login; Attributes: [permitAll]
581586 [http-nio-8080-exec-7] DEBUG o.s.s.w.a.i.FilterSecurityInterceptor - Previously Authenticated: org.springframework.security.authentication.AnonymousAuthenticationToken@6fabe8e0: Principal: anonymousUser; Credentials: [PROTECTED]; Authenticated: true; Details: org.springframework.security.web.authentication.WebAuthenticationDetails@fffe9938: RemoteIpAddress: 0:0:0:0:0:0:0:1; SessionId: 760D79BA12046463C13AD8F04AD89B62; Granted Authorities: ROLE_ANONYMOUS
581586 [http-nio-8080-exec-7] DEBUG o.s.s.access.vote.AffirmativeBased - Voter: org.springframework.security.web.access.expression.WebExpressionVoter@7155916d, returned: 1
581586 [http-nio-8080-exec-7] DEBUG o.s.s.w.a.i.FilterSecurityInterceptor - Authorization successful
581586 [http-nio-8080-exec-7] DEBUG o.s.s.w.a.i.FilterSecurityInterceptor - RunAsManager did not change Authentication object
581586 [http-nio-8080-exec-7] DEBUG o.s.security.web.FilterChainProxy - /login reached end of additional filter chain; proceeding with original chain
581587 [http-nio-8080-exec-7] DEBUG o.s.s.w.c.HttpSessionSecurityContextRepository - SecurityContext is empty or contents are anonymous - context will not be stored in HttpSession.
581587 [http-nio-8080-exec-7] DEBUG o.s.s.w.a.ExceptionTranslationFilter - Chain processed normally
581587 [http-nio-8080-exec-7] DEBUG o.s.s.w.c.SecurityContextPersistenceFilter - SecurityContextHolder now cleared, as request processing completed
581601 [http-nio-8080-exec-4] DEBUG o.s.s.w.u.matcher.OrRequestMatcher - Trying to match using Ant [pattern='/css/**']
581601 [http-nio-8080-exec-4] DEBUG o.s.s.w.u.m.AntPathRequestMatcher - Checking match of request : '/favicon.ico'; against '/css/**'
581601 [http-nio-8080-exec-4] DEBUG o.s.s.w.u.matcher.OrRequestMatcher - Trying to match using Ant [pattern='/js/**']
581601 [http-nio-8080-exec-4] DEBUG o.s.s.w.u.m.AntPathRequestMatcher - Checking match of request : '/favicon.ico'; against '/js/**'
581601 [http-nio-8080-exec-4] DEBUG o.s.s.w.u.matcher.OrRequestMatcher - Trying to match using Ant [pattern='/images/**']
581601 [http-nio-8080-exec-4] DEBUG o.s.s.w.u.m.AntPathRequestMatcher - Checking match of request : '/favicon.ico'; against '/images/**'
581601 [http-nio-8080-exec-4] DEBUG o.s.s.w.u.matcher.OrRequestMatcher - Trying to match using Ant [pattern='/webjars/**']
581601 [http-nio-8080-exec-4] DEBUG o.s.s.w.u.m.AntPathRequestMatcher - Checking match of request : '/favicon.ico'; against '/webjars/**'
581601 [http-nio-8080-exec-4] DEBUG o.s.s.w.u.matcher.OrRequestMatcher - Trying to match using Ant [pattern='/**/favicon.ico']
581601 [http-nio-8080-exec-4] DEBUG o.s.s.w.u.m.AntPathRequestMatcher - Checking match of request : '/favicon.ico'; against '/**/favicon.ico'
581601 [http-nio-8080-exec-4] DEBUG o.s.s.w.u.matcher.OrRequestMatcher - matched
581601 [http-nio-8080-exec-4] DEBUG o.s.security.web.FilterChainProxy - /favicon.ico has an empty filter list
585258 [http-nio-8080-exec-2] DEBUG o.s.s.w.u.matcher.OrRequestMatcher - Trying to match using Ant [pattern='/css/**']
585259 [http-nio-8080-exec-2] DEBUG o.s.s.w.u.m.AntPathRequestMatcher - Checking match of request : '/'; against '/css/**'
585259 [http-nio-8080-exec-2] DEBUG o.s.s.w.u.matcher.OrRequestMatcher - Trying to match using Ant [pattern='/js/**']
585259 [http-nio-8080-exec-2] DEBUG o.s.s.w.u.m.AntPathRequestMatcher - Checking match of request : '/'; against '/js/**'
585259 [http-nio-8080-exec-2] DEBUG o.s.s.w.u.matcher.OrRequestMatcher - Trying to match using Ant [pattern='/images/**']
585259 [http-nio-8080-exec-2] DEBUG o.s.s.w.u.m.AntPathRequestMatcher - Checking match of request : '/'; against '/images/**'
585259 [http-nio-8080-exec-2] DEBUG o.s.s.w.u.matcher.OrRequestMatcher - Trying to match using Ant [pattern='/webjars/**']
585259 [http-nio-8080-exec-2] DEBUG o.s.s.w.u.m.AntPathRequestMatcher - Checking match of request : '/'; against '/webjars/**'
585259 [http-nio-8080-exec-2] DEBUG o.s.s.w.u.matcher.OrRequestMatcher - Trying to match using Ant [pattern='/**/favicon.ico']
585259 [http-nio-8080-exec-2] DEBUG o.s.s.w.u.m.AntPathRequestMatcher - Checking match of request : '/'; against '/**/favicon.ico'
585259 [http-nio-8080-exec-2] DEBUG o.s.s.w.u.matcher.OrRequestMatcher - Trying to match using Ant [pattern='/error']
585259 [http-nio-8080-exec-2] DEBUG o.s.s.w.u.m.AntPathRequestMatcher - Checking match of request : '/'; against '/error'
585259 [http-nio-8080-exec-2] DEBUG o.s.s.w.u.matcher.OrRequestMatcher - No matches found
585259 [http-nio-8080-exec-2] DEBUG o.s.security.web.FilterChainProxy - / at position 1 of 12 in additional filter chain; firing Filter: 'WebAsyncManagerIntegrationFilter'
585259 [http-nio-8080-exec-2] DEBUG o.s.security.web.FilterChainProxy - / at position 2 of 12 in additional filter chain; firing Filter: 'SecurityContextPersistenceFilter'
585259 [http-nio-8080-exec-2] DEBUG o.s.s.w.c.HttpSessionSecurityContextRepository - HttpSession returned null object for SPRING_SECURITY_CONTEXT
585259 [http-nio-8080-exec-2] DEBUG o.s.s.w.c.HttpSessionSecurityContextRepository - No SecurityContext was available from the HttpSession: org.apache.catalina.session.StandardSessionFacade@30689b56. A new one will be created.
585259 [http-nio-8080-exec-2] DEBUG o.s.security.web.FilterChainProxy - / at position 3 of 12 in additional filter chain; firing Filter: 'HeaderWriterFilter'
585259 [http-nio-8080-exec-2] DEBUG o.s.s.w.h.writers.HstsHeaderWriter - Not injecting HSTS header since it did not match the requestMatcher org.springframework.security.web.header.writers.HstsHeaderWriter$SecureRequestMatcher@34571983
585259 [http-nio-8080-exec-2] DEBUG o.s.security.web.FilterChainProxy - / at position 4 of 12 in additional filter chain; firing Filter: 'CsrfFilter'
585259 [http-nio-8080-exec-2] DEBUG o.s.security.web.FilterChainProxy - / at position 5 of 12 in additional filter chain; firing Filter: 'LogoutFilter'
585259 [http-nio-8080-exec-2] DEBUG o.s.s.w.u.m.AntPathRequestMatcher - Request 'GET /' doesn't match 'POST /logout
585259 [http-nio-8080-exec-2] DEBUG o.s.security.web.FilterChainProxy - / at position 6 of 12 in additional filter chain; firing Filter: 'UsernamePasswordAuthenticationFilter'
585259 [http-nio-8080-exec-2] DEBUG o.s.s.w.u.m.AntPathRequestMatcher - Request 'GET /' doesn't match 'POST /login
585259 [http-nio-8080-exec-2] DEBUG o.s.security.web.FilterChainProxy - / at position 7 of 12 in additional filter chain; firing Filter: 'RequestCacheAwareFilter'
585259 [http-nio-8080-exec-2] DEBUG o.s.s.w.s.DefaultSavedRequest - pathInfo: both null (property equals)
585259 [http-nio-8080-exec-2] DEBUG o.s.s.w.s.DefaultSavedRequest - queryString: both null (property equals)
585259 [http-nio-8080-exec-2] DEBUG o.s.s.w.s.DefaultSavedRequest - requestURI: arg1=/jquery/jquery-2.1.3.js; arg2=/ (property not equals)
585260 [http-nio-8080-exec-2] DEBUG o.s.s.w.s.HttpSessionRequestCache - saved request doesn't match
585260 [http-nio-8080-exec-2] DEBUG o.s.security.web.FilterChainProxy - / at position 8 of 12 in additional filter chain; firing Filter: 'SecurityContextHolderAwareRequestFilter'
585260 [http-nio-8080-exec-2] DEBUG o.s.security.web.FilterChainProxy - / at position 9 of 12 in additional filter chain; firing Filter: 'AnonymousAuthenticationFilter'
585260 [http-nio-8080-exec-2] DEBUG o.s.s.w.a.AnonymousAuthenticationFilter - Populated SecurityContextHolder with anonymous token: 'org.springframework.security.authentication.AnonymousAuthenticationToken@6fabe8e0: Principal: anonymousUser; Credentials: [PROTECTED]; Authenticated: true; Details: org.springframework.security.web.authentication.WebAuthenticationDetails@fffe9938: RemoteIpAddress: 0:0:0:0:0:0:0:1; SessionId: 760D79BA12046463C13AD8F04AD89B62; Granted Authorities: ROLE_ANONYMOUS'
585260 [http-nio-8080-exec-2] DEBUG o.s.security.web.FilterChainProxy - / at position 10 of 12 in additional filter chain; firing Filter: 'SessionManagementFilter'
585260 [http-nio-8080-exec-2] DEBUG o.s.security.web.FilterChainProxy - / at position 11 of 12 in additional filter chain; firing Filter: 'ExceptionTranslationFilter'
585260 [http-nio-8080-exec-2] DEBUG o.s.security.web.FilterChainProxy - / at position 12 of 12 in additional filter chain; firing Filter: 'FilterSecurityInterceptor'
585260 [http-nio-8080-exec-2] DEBUG o.s.s.w.u.m.AntPathRequestMatcher - Request 'GET /' doesn't match 'POST /logout
585260 [http-nio-8080-exec-2] DEBUG o.s.s.w.u.m.AntPathRequestMatcher - Checking match of request : '/'; against '/static/**'
585260 [http-nio-8080-exec-2] DEBUG o.s.s.w.a.i.FilterSecurityInterceptor - Secure object: FilterInvocation: URL: /; Attributes: [authenticated]
585260 [http-nio-8080-exec-2] DEBUG o.s.s.w.a.i.FilterSecurityInterceptor - Previously Authenticated: org.springframework.security.authentication.AnonymousAuthenticationToken@6fabe8e0: Principal: anonymousUser; Credentials: [PROTECTED]; Authenticated: true; Details: org.springframework.security.web.authentication.WebAuthenticationDetails@fffe9938: RemoteIpAddress: 0:0:0:0:0:0:0:1; SessionId: 760D79BA12046463C13AD8F04AD89B62; Granted Authorities: ROLE_ANONYMOUS
585260 [http-nio-8080-exec-2] DEBUG o.s.s.access.vote.AffirmativeBased - Voter: org.springframework.security.web.access.expression.WebExpressionVoter@7155916d, returned: -1
585261 [http-nio-8080-exec-2] DEBUG o.s.s.w.a.ExceptionTranslationFilter - Access is denied (user is anonymous); redirecting to authentication entry point
org.springframework.security.access.AccessDeniedException: Access is denied
	at org.springframework.security.access.vote.AffirmativeBased.decide(AffirmativeBased.java:84)
	at org.springframework.security.access.intercept.AbstractSecurityInterceptor.beforeInvocation(AbstractSecurityInterceptor.java:233)
	at org.springframework.security.web.access.intercept.FilterSecurityInterceptor.invoke(FilterSecurityInterceptor.java:124)
	at org.springframework.security.web.access.intercept.FilterSecurityInterceptor.doFilter(FilterSecurityInterceptor.java:91)
	at org.springframework.security.web.FilterChainProxy$VirtualFilterChain.doFilter(FilterChainProxy.java:331)
	at org.springframework.security.web.access.ExceptionTranslationFilter.doFilter(ExceptionTranslationFilter.java:114)
	at org.springframework.security.web.FilterChainProxy$VirtualFilterChain.doFilter(FilterChainProxy.java:331)
	at org.springframework.security.web.session.SessionManagementFilter.doFilter(SessionManagementFilter.java:137)
	at org.springframework.security.web.FilterChainProxy$VirtualFilterChain.doFilter(FilterChainProxy.java:331)
	at org.springframework.security.web.authentication.AnonymousAuthenticationFilter.doFilter(AnonymousAuthenticationFilter.java:111)
	at org.springframework.security.web.FilterChainProxy$VirtualFilterChain.doFilter(FilterChainProxy.java:331)
	at org.springframework.security.web.servletapi.SecurityContextHolderAwareRequestFilter.doFilter(SecurityContextHolderAwareRequestFilter.java:170)
	at org.springframework.security.web.FilterChainProxy$VirtualFilterChain.doFilter(FilterChainProxy.java:331)
	at org.springframework.security.web.savedrequest.RequestCacheAwareFilter.doFilter(RequestCacheAwareFilter.java:63)
	at org.springframework.security.web.FilterChainProxy$VirtualFilterChain.doFilter(FilterChainProxy.java:331)
	at org.springframework.security.web.authentication.AbstractAuthenticationProcessingFilter.doFilter(AbstractAuthenticationProcessingFilter.java:200)
	at org.springframework.security.web.FilterChainProxy$VirtualFilterChain.doFilter(FilterChainProxy.java:331)
	at org.springframework.security.web.authentication.logout.LogoutFilter.doFilter(LogoutFilter.java:116)
	at org.springframework.security.web.FilterChainProxy$VirtualFilterChain.doFilter(FilterChainProxy.java:331)
	at org.springframework.security.web.csrf.CsrfFilter.doFilterInternal(CsrfFilter.java:100)
	at org.springframework.web.filter.OncePerRequestFilter.doFilter(OncePerRequestFilter.java:107)
	at org.springframework.security.web.FilterChainProxy$VirtualFilterChain.doFilter(FilterChainProxy.java:331)
	at org.springframework.security.web.header.HeaderWriterFilter.doFilterInternal(HeaderWriterFilter.java:64)
	at org.springframework.web.filter.OncePerRequestFilter.doFilter(OncePerRequestFilter.java:107)
	at org.springframework.security.web.FilterChainProxy$VirtualFilterChain.doFilter(FilterChainProxy.java:331)
	at org.springframework.security.web.context.SecurityContextPersistenceFilter.doFilter(SecurityContextPersistenceFilter.java:105)
	at org.springframework.security.web.FilterChainProxy$VirtualFilterChain.doFilter(FilterChainProxy.java:331)
	at org.springframework.security.web.context.request.async.WebAsyncManagerIntegrationFilter.doFilterInternal(WebAsyncManagerIntegrationFilter.java:56)
	at org.springframework.web.filter.OncePerRequestFilter.doFilter(OncePerRequestFilter.java:107)
	at org.springframework.security.web.FilterChainProxy$VirtualFilterChain.doFilter(FilterChainProxy.java:331)
	at org.springframework.security.web.FilterChainProxy.doFilterInternal(FilterChainProxy.java:214)
	at org.springframework.security.web.FilterChainProxy.doFilter(FilterChainProxy.java:177)
	at org.springframework.web.filter.DelegatingFilterProxy.invokeDelegate(DelegatingFilterProxy.java:347)
	at org.springframework.web.filter.DelegatingFilterProxy.doFilter(DelegatingFilterProxy.java:263)
	at org.apache.catalina.core.ApplicationFilterChain.internalDoFilter(ApplicationFilterChain.java:193)
	at org.apache.catalina.core.ApplicationFilterChain.doFilter(ApplicationFilterChain.java:166)
	at org.springframework.web.filter.RequestContextFilter.doFilterInternal(RequestContextFilter.java:99)
	at org.springframework.web.filter.OncePerRequestFilter.doFilter(OncePerRequestFilter.java:107)
	at org.apache.catalina.core.ApplicationFilterChain.internalDoFilter(ApplicationFilterChain.java:193)
	at org.apache.catalina.core.ApplicationFilterChain.doFilter(ApplicationFilterChain.java:166)
	at org.springframework.web.filter.HttpPutFormContentFilter.doFilterInternal(HttpPutFormContentFilter.java:108)
	at org.springframework.web.filter.OncePerRequestFilter.doFilter(OncePerRequestFilter.java:107)
	at org.apache.catalina.core.ApplicationFilterChain.internalDoFilter(ApplicationFilterChain.java:193)
	at org.apache.catalina.core.ApplicationFilterChain.doFilter(ApplicationFilterChain.java:166)
	at org.springframework.web.filter.HiddenHttpMethodFilter.doFilterInternal(HiddenHttpMethodFilter.java:81)
	at org.springframework.web.filter.OncePerRequestFilter.doFilter(OncePerRequestFilter.java:107)
	at org.apache.catalina.core.ApplicationFilterChain.internalDoFilter(ApplicationFilterChain.java:193)
	at org.apache.catalina.core.ApplicationFilterChain.doFilter(ApplicationFilterChain.java:166)
	at org.springframework.web.filter.CharacterEncodingFilter.doFilterInternal(CharacterEncodingFilter.java:197)
	at org.springframework.web.filter.OncePerRequestFilter.doFilter(OncePerRequestFilter.java:107)
	at org.apache.catalina.core.ApplicationFilterChain.internalDoFilter(ApplicationFilterChain.java:193)
	at org.apache.catalina.core.ApplicationFilterChain.doFilter(ApplicationFilterChain.java:166)
	at org.apache.catalina.core.StandardWrapperValve.invoke(StandardWrapperValve.java:199)
	at org.apache.catalina.core.StandardContextValve.invoke(StandardContextValve.java:96)
	at org.apache.catalina.authenticator.AuthenticatorBase.invoke(AuthenticatorBase.java:478)
	at org.apache.catalina.core.StandardHostValve.invoke(StandardHostValve.java:140)
	at org.apache.catalina.valves.ErrorReportValve.invoke(ErrorReportValve.java:81)
	at org.apache.catalina.core.StandardEngineValve.invoke(StandardEngineValve.java:87)
	at org.apache.catalina.connector.CoyoteAdapter.service(CoyoteAdapter.java:342)
	at org.apache.coyote.http11.Http11Processor.service(Http11Processor.java:803)
	at org.apache.coyote.AbstractProcessorLight.process(AbstractProcessorLight.java:66)
	at org.apache.coyote.AbstractProtocol$ConnectionHandler.process(AbstractProtocol.java:868)
	at org.apache.tomcat.util.net.NioEndpoint$SocketProcessor.doRun(NioEndpoint.java:1459)
	at org.apache.tomcat.util.net.SocketProcessorBase.run(SocketProcessorBase.java:49)
	at java.util.concurrent.ThreadPoolExecutor.runWorker(ThreadPoolExecutor.java:1149)
	at java.util.concurrent.ThreadPoolExecutor$Worker.run(ThreadPoolExecutor.java:624)
	at org.apache.tomcat.util.threads.TaskThread$WrappingRunnable.run(TaskThread.java:61)
	at java.lang.Thread.run(Thread.java:748)
585262 [http-nio-8080-exec-2] DEBUG o.s.s.w.u.matcher.AndRequestMatcher - Trying to match using Ant [pattern='/**', GET]
585262 [http-nio-8080-exec-2] DEBUG o.s.s.w.u.m.AntPathRequestMatcher - Request '/' matched by universal pattern '/**'
585262 [http-nio-8080-exec-2] DEBUG o.s.s.w.u.matcher.AndRequestMatcher - Trying to match using NegatedRequestMatcher [requestMatcher=Ant [pattern='/**/favicon.ico']]
585262 [http-nio-8080-exec-2] DEBUG o.s.s.w.u.m.AntPathRequestMatcher - Checking match of request : '/'; against '/**/favicon.ico'
585262 [http-nio-8080-exec-2] DEBUG o.s.s.w.u.m.NegatedRequestMatcher - matches = true
585262 [http-nio-8080-exec-2] DEBUG o.s.s.w.u.matcher.AndRequestMatcher - Trying to match using NegatedRequestMatcher [requestMatcher=MediaTypeRequestMatcher [contentNegotiationStrategy=org.springframework.web.accept.ContentNegotiationManager@34a84d5e, matchingMediaTypes=[application/json], useEquals=false, ignoredMediaTypes=[*/*]]]
585262 [http-nio-8080-exec-2] DEBUG o.s.s.w.u.m.MediaTypeRequestMatcher - httpRequestMediaTypes=[text/html, application/xhtml+xml, image/webp, image/apng, application/xml;q=0.9, */*;q=0.8]
585262 [http-nio-8080-exec-2] DEBUG o.s.s.w.u.m.MediaTypeRequestMatcher - Processing text/html
585262 [http-nio-8080-exec-2] DEBUG o.s.s.w.u.m.MediaTypeRequestMatcher - application/json .isCompatibleWith text/html = false
585262 [http-nio-8080-exec-2] DEBUG o.s.s.w.u.m.MediaTypeRequestMatcher - Processing application/xhtml+xml
585262 [http-nio-8080-exec-2] DEBUG o.s.s.w.u.m.MediaTypeRequestMatcher - application/json .isCompatibleWith application/xhtml+xml = false
585262 [http-nio-8080-exec-2] DEBUG o.s.s.w.u.m.MediaTypeRequestMatcher - Processing image/webp
585262 [http-nio-8080-exec-2] DEBUG o.s.s.w.u.m.MediaTypeRequestMatcher - application/json .isCompatibleWith image/webp = false
585262 [http-nio-8080-exec-2] DEBUG o.s.s.w.u.m.MediaTypeRequestMatcher - Processing image/apng
585262 [http-nio-8080-exec-2] DEBUG o.s.s.w.u.m.MediaTypeRequestMatcher - application/json .isCompatibleWith image/apng = false
585262 [http-nio-8080-exec-2] DEBUG o.s.s.w.u.m.MediaTypeRequestMatcher - Processing application/xml;q=0.9
585262 [http-nio-8080-exec-2] DEBUG o.s.s.w.u.m.MediaTypeRequestMatcher - application/json .isCompatibleWith application/xml;q=0.9 = false
585263 [http-nio-8080-exec-2] DEBUG o.s.s.w.u.m.MediaTypeRequestMatcher - Processing */*;q=0.8
585263 [http-nio-8080-exec-2] DEBUG o.s.s.w.u.m.MediaTypeRequestMatcher - Ignoring
585263 [http-nio-8080-exec-2] DEBUG o.s.s.w.u.m.MediaTypeRequestMatcher - Did not match any media types
585263 [http-nio-8080-exec-2] DEBUG o.s.s.w.u.m.NegatedRequestMatcher - matches = true
585263 [http-nio-8080-exec-2] DEBUG o.s.s.w.u.matcher.AndRequestMatcher - Trying to match using NegatedRequestMatcher [requestMatcher=RequestHeaderRequestMatcher [expectedHeaderName=X-Requested-With, expectedHeaderValue=XMLHttpRequest]]
585263 [http-nio-8080-exec-2] DEBUG o.s.s.w.u.m.NegatedRequestMatcher - matches = true
585263 [http-nio-8080-exec-2] DEBUG o.s.s.w.u.matcher.AndRequestMatcher - All requestMatchers returned true
585263 [http-nio-8080-exec-2] DEBUG o.s.s.w.s.HttpSessionRequestCache - DefaultSavedRequest added to Session: DefaultSavedRequest[http://localhost:8080/]
585263 [http-nio-8080-exec-2] DEBUG o.s.s.w.a.ExceptionTranslationFilter - Calling Authentication entry point.
585263 [http-nio-8080-exec-2] DEBUG o.s.s.web.DefaultRedirectStrategy - Redirecting to 'http://localhost:8080/login'
585263 [http-nio-8080-exec-2] DEBUG o.s.s.w.c.HttpSessionSecurityContextRepository - SecurityContext is empty or contents are anonymous - context will not be stored in HttpSession.
585263 [http-nio-8080-exec-2] DEBUG o.s.s.w.c.SecurityContextPersistenceFilter - SecurityContextHolder now cleared, as request processing completed
585265 [http-nio-8080-exec-5] DEBUG o.s.s.w.u.matcher.OrRequestMatcher - Trying to match using Ant [pattern='/css/**']
585265 [http-nio-8080-exec-5] DEBUG o.s.s.w.u.m.AntPathRequestMatcher - Checking match of request : '/login'; against '/css/**'
585265 [http-nio-8080-exec-5] DEBUG o.s.s.w.u.matcher.OrRequestMatcher - Trying to match using Ant [pattern='/js/**']
585265 [http-nio-8080-exec-5] DEBUG o.s.s.w.u.m.AntPathRequestMatcher - Checking match of request : '/login'; against '/js/**'
585265 [http-nio-8080-exec-5] DEBUG o.s.s.w.u.matcher.OrRequestMatcher - Trying to match using Ant [pattern='/images/**']
585265 [http-nio-8080-exec-5] DEBUG o.s.s.w.u.m.AntPathRequestMatcher - Checking match of request : '/login'; against '/images/**'
585265 [http-nio-8080-exec-5] DEBUG o.s.s.w.u.matcher.OrRequestMatcher - Trying to match using Ant [pattern='/webjars/**']
585265 [http-nio-8080-exec-5] DEBUG o.s.s.w.u.m.AntPathRequestMatcher - Checking match of request : '/login'; against '/webjars/**'
585265 [http-nio-8080-exec-5] DEBUG o.s.s.w.u.matcher.OrRequestMatcher - Trying to match using Ant [pattern='/**/favicon.ico']
585265 [http-nio-8080-exec-5] DEBUG o.s.s.w.u.m.AntPathRequestMatcher - Checking match of request : '/login'; against '/**/favicon.ico'
585265 [http-nio-8080-exec-5] DEBUG o.s.s.w.u.matcher.OrRequestMatcher - Trying to match using Ant [pattern='/error']
585265 [http-nio-8080-exec-5] DEBUG o.s.s.w.u.m.AntPathRequestMatcher - Checking match of request : '/login'; against '/error'
585265 [http-nio-8080-exec-5] DEBUG o.s.s.w.u.matcher.OrRequestMatcher - No matches found
585265 [http-nio-8080-exec-5] DEBUG o.s.security.web.FilterChainProxy - /login at position 1 of 12 in additional filter chain; firing Filter: 'WebAsyncManagerIntegrationFilter'
585265 [http-nio-8080-exec-5] DEBUG o.s.security.web.FilterChainProxy - /login at position 2 of 12 in additional filter chain; firing Filter: 'SecurityContextPersistenceFilter'
585265 [http-nio-8080-exec-5] DEBUG o.s.s.w.c.HttpSessionSecurityContextRepository - HttpSession returned null object for SPRING_SECURITY_CONTEXT
585265 [http-nio-8080-exec-5] DEBUG o.s.s.w.c.HttpSessionSecurityContextRepository - No SecurityContext was available from the HttpSession: org.apache.catalina.session.StandardSessionFacade@30689b56. A new one will be created.
585265 [http-nio-8080-exec-5] DEBUG o.s.security.web.FilterChainProxy - /login at position 3 of 12 in additional filter chain; firing Filter: 'HeaderWriterFilter'
585265 [http-nio-8080-exec-5] DEBUG o.s.s.w.h.writers.HstsHeaderWriter - Not injecting HSTS header since it did not match the requestMatcher org.springframework.security.web.header.writers.HstsHeaderWriter$SecureRequestMatcher@34571983
585265 [http-nio-8080-exec-5] DEBUG o.s.security.web.FilterChainProxy - /login at position 4 of 12 in additional filter chain; firing Filter: 'CsrfFilter'
585266 [http-nio-8080-exec-5] DEBUG o.s.security.web.FilterChainProxy - /login at position 5 of 12 in additional filter chain; firing Filter: 'LogoutFilter'
585266 [http-nio-8080-exec-5] DEBUG o.s.s.w.u.m.AntPathRequestMatcher - Request 'GET /login' doesn't match 'POST /logout
585266 [http-nio-8080-exec-5] DEBUG o.s.security.web.FilterChainProxy - /login at position 6 of 12 in additional filter chain; firing Filter: 'UsernamePasswordAuthenticationFilter'
585266 [http-nio-8080-exec-5] DEBUG o.s.s.w.u.m.AntPathRequestMatcher - Request 'GET /login' doesn't match 'POST /login
585266 [http-nio-8080-exec-5] DEBUG o.s.security.web.FilterChainProxy - /login at position 7 of 12 in additional filter chain; firing Filter: 'RequestCacheAwareFilter'
585266 [http-nio-8080-exec-5] DEBUG o.s.s.w.s.DefaultSavedRequest - pathInfo: both null (property equals)
585266 [http-nio-8080-exec-5] DEBUG o.s.s.w.s.DefaultSavedRequest - queryString: both null (property equals)
585266 [http-nio-8080-exec-5] DEBUG o.s.s.w.s.DefaultSavedRequest - requestURI: arg1=/; arg2=/login (property not equals)
585266 [http-nio-8080-exec-5] DEBUG o.s.s.w.s.HttpSessionRequestCache - saved request doesn't match
585266 [http-nio-8080-exec-5] DEBUG o.s.security.web.FilterChainProxy - /login at position 8 of 12 in additional filter chain; firing Filter: 'SecurityContextHolderAwareRequestFilter'
585266 [http-nio-8080-exec-5] DEBUG o.s.security.web.FilterChainProxy - /login at position 9 of 12 in additional filter chain; firing Filter: 'AnonymousAuthenticationFilter'
585266 [http-nio-8080-exec-5] DEBUG o.s.s.w.a.AnonymousAuthenticationFilter - Populated SecurityContextHolder with anonymous token: 'org.springframework.security.authentication.AnonymousAuthenticationToken@6fabe8e0: Principal: anonymousUser; Credentials: [PROTECTED]; Authenticated: true; Details: org.springframework.security.web.authentication.WebAuthenticationDetails@fffe9938: RemoteIpAddress: 0:0:0:0:0:0:0:1; SessionId: 760D79BA12046463C13AD8F04AD89B62; Granted Authorities: ROLE_ANONYMOUS'
585266 [http-nio-8080-exec-5] DEBUG o.s.security.web.FilterChainProxy - /login at position 10 of 12 in additional filter chain; firing Filter: 'SessionManagementFilter'
585266 [http-nio-8080-exec-5] DEBUG o.s.security.web.FilterChainProxy - /login at position 11 of 12 in additional filter chain; firing Filter: 'ExceptionTranslationFilter'
585266 [http-nio-8080-exec-5] DEBUG o.s.security.web.FilterChainProxy - /login at position 12 of 12 in additional filter chain; firing Filter: 'FilterSecurityInterceptor'
585266 [http-nio-8080-exec-5] DEBUG o.s.s.w.a.i.FilterSecurityInterceptor - Secure object: FilterInvocation: URL: /login; Attributes: [permitAll]
585266 [http-nio-8080-exec-5] DEBUG o.s.s.w.a.i.FilterSecurityInterceptor - Previously Authenticated: org.springframework.security.authentication.AnonymousAuthenticationToken@6fabe8e0: Principal: anonymousUser; Credentials: [PROTECTED]; Authenticated: true; Details: org.springframework.security.web.authentication.WebAuthenticationDetails@fffe9938: RemoteIpAddress: 0:0:0:0:0:0:0:1; SessionId: 760D79BA12046463C13AD8F04AD89B62; Granted Authorities: ROLE_ANONYMOUS
585266 [http-nio-8080-exec-5] DEBUG o.s.s.access.vote.AffirmativeBased - Voter: org.springframework.security.web.access.expression.WebExpressionVoter@7155916d, returned: 1
585266 [http-nio-8080-exec-5] DEBUG o.s.s.w.a.i.FilterSecurityInterceptor - Authorization successful
585266 [http-nio-8080-exec-5] DEBUG o.s.s.w.a.i.FilterSecurityInterceptor - RunAsManager did not change Authentication object
585266 [http-nio-8080-exec-5] DEBUG o.s.security.web.FilterChainProxy - /login reached end of additional filter chain; proceeding with original chain
585267 [http-nio-8080-exec-5] DEBUG o.s.s.w.c.HttpSessionSecurityContextRepository - SecurityContext is empty or contents are anonymous - context will not be stored in HttpSession.
585267 [http-nio-8080-exec-5] DEBUG o.s.s.w.a.ExceptionTranslationFilter - Chain processed normally
585267 [http-nio-8080-exec-5] DEBUG o.s.s.w.c.SecurityContextPersistenceFilter - SecurityContextHolder now cleared, as request processing completed
585274 [http-nio-8080-exec-9] DEBUG o.s.s.w.u.matcher.OrRequestMatcher - Trying to match using Ant [pattern='/css/**']
585274 [http-nio-8080-exec-6] DEBUG o.s.s.w.u.matcher.OrRequestMatcher - Trying to match using Ant [pattern='/css/**']
585274 [http-nio-8080-exec-9] DEBUG o.s.s.w.u.m.AntPathRequestMatcher - Checking match of request : '/jquery/jquery-2.1.3.js'; against '/css/**'
585274 [http-nio-8080-exec-10] DEBUG o.s.s.w.u.matcher.OrRequestMatcher - Trying to match using Ant [pattern='/css/**']
585274 [http-nio-8080-exec-9] DEBUG o.s.s.w.u.matcher.OrRequestMatcher - Trying to match using Ant [pattern='/js/**']
585274 [http-nio-8080-exec-6] DEBUG o.s.s.w.u.m.AntPathRequestMatcher - Checking match of request : '/bootstrap/css/bootstrap.css'; against '/css/**'
585275 [http-nio-8080-exec-6] DEBUG o.s.s.w.u.matcher.OrRequestMatcher - Trying to match using Ant [pattern='/js/**']
585275 [http-nio-8080-exec-6] DEBUG o.s.s.w.u.m.AntPathRequestMatcher - Checking match of request : '/bootstrap/css/bootstrap.css'; against '/js/**'
585275 [http-nio-8080-exec-6] DEBUG o.s.s.w.u.matcher.OrRequestMatcher - Trying to match using Ant [pattern='/images/**']
585275 [http-nio-8080-exec-6] DEBUG o.s.s.w.u.m.AntPathRequestMatcher - Checking match of request : '/bootstrap/css/bootstrap.css'; against '/images/**'
585275 [http-nio-8080-exec-6] DEBUG o.s.s.w.u.matcher.OrRequestMatcher - Trying to match using Ant [pattern='/webjars/**']
585275 [http-nio-8080-exec-6] DEBUG o.s.s.w.u.m.AntPathRequestMatcher - Checking match of request : '/bootstrap/css/bootstrap.css'; against '/webjars/**'
585275 [http-nio-8080-exec-6] DEBUG o.s.s.w.u.matcher.OrRequestMatcher - Trying to match using Ant [pattern='/**/favicon.ico']
585275 [http-nio-8080-exec-6] DEBUG o.s.s.w.u.m.AntPathRequestMatcher - Checking match of request : '/bootstrap/css/bootstrap.css'; against '/**/favicon.ico'
585274 [http-nio-8080-exec-10] DEBUG o.s.s.w.u.m.AntPathRequestMatcher - Checking match of request : '/bootstrap/js/bootstrap.js'; against '/css/**'
585274 [http-nio-8080-exec-9] DEBUG o.s.s.w.u.m.AntPathRequestMatcher - Checking match of request : '/jquery/jquery-2.1.3.js'; against '/js/**'
585275 [http-nio-8080-exec-6] DEBUG o.s.s.w.u.matcher.OrRequestMatcher - Trying to match using Ant [pattern='/error']
585275 [http-nio-8080-exec-9] DEBUG o.s.s.w.u.matcher.OrRequestMatcher - Trying to match using Ant [pattern='/images/**']
585275 [http-nio-8080-exec-6] DEBUG o.s.s.w.u.m.AntPathRequestMatcher - Checking match of request : '/bootstrap/css/bootstrap.css'; against '/error'
585275 [http-nio-8080-exec-9] DEBUG o.s.s.w.u.m.AntPathRequestMatcher - Checking match of request : '/jquery/jquery-2.1.3.js'; against '/images/**'
585275 [http-nio-8080-exec-6] DEBUG o.s.s.w.u.matcher.OrRequestMatcher - No matches found
585275 [http-nio-8080-exec-9] DEBUG o.s.s.w.u.matcher.OrRequestMatcher - Trying to match using Ant [pattern='/webjars/**']
585275 [http-nio-8080-exec-10] DEBUG o.s.s.w.u.matcher.OrRequestMatcher - Trying to match using Ant [pattern='/js/**']
585275 [http-nio-8080-exec-9] DEBUG o.s.s.w.u.m.AntPathRequestMatcher - Checking match of request : '/jquery/jquery-2.1.3.js'; against '/webjars/**'
585275 [http-nio-8080-exec-6] DEBUG o.s.security.web.FilterChainProxy - /bootstrap/css/bootstrap.css at position 1 of 12 in additional filter chain; firing Filter: 'WebAsyncManagerIntegrationFilter'
585275 [http-nio-8080-exec-10] DEBUG o.s.s.w.u.m.AntPathRequestMatcher - Checking match of request : '/bootstrap/js/bootstrap.js'; against '/js/**'
585275 [http-nio-8080-exec-6] DEBUG o.s.security.web.FilterChainProxy - /bootstrap/css/bootstrap.css at position 2 of 12 in additional filter chain; firing Filter: 'SecurityContextPersistenceFilter'
585275 [http-nio-8080-exec-10] DEBUG o.s.s.w.u.matcher.OrRequestMatcher - Trying to match using Ant [pattern='/images/**']
585275 [http-nio-8080-exec-6] DEBUG o.s.s.w.c.HttpSessionSecurityContextRepository - HttpSession returned null object for SPRING_SECURITY_CONTEXT
585275 [http-nio-8080-exec-9] DEBUG o.s.s.w.u.matcher.OrRequestMatcher - Trying to match using Ant [pattern='/**/favicon.ico']
585275 [http-nio-8080-exec-10] DEBUG o.s.s.w.u.m.AntPathRequestMatcher - Checking match of request : '/bootstrap/js/bootstrap.js'; against '/images/**'
585280 [http-nio-8080-exec-6] DEBUG o.s.s.w.c.HttpSessionSecurityContextRepository - No SecurityContext was available from the HttpSession: org.apache.catalina.session.StandardSessionFacade@30689b56. A new one will be created.
585280 [http-nio-8080-exec-9] DEBUG o.s.s.w.u.m.AntPathRequestMatcher - Checking match of request : '/jquery/jquery-2.1.3.js'; against '/**/favicon.ico'
585280 [http-nio-8080-exec-10] DEBUG o.s.s.w.u.matcher.OrRequestMatcher - Trying to match using Ant [pattern='/webjars/**']
585280 [http-nio-8080-exec-6] DEBUG o.s.security.web.FilterChainProxy - /bootstrap/css/bootstrap.css at position 3 of 12 in additional filter chain; firing Filter: 'HeaderWriterFilter'
585280 [http-nio-8080-exec-9] DEBUG o.s.s.w.u.matcher.OrRequestMatcher - Trying to match using Ant [pattern='/error']
585280 [http-nio-8080-exec-9] DEBUG o.s.s.w.u.m.AntPathRequestMatcher - Checking match of request : '/jquery/jquery-2.1.3.js'; against '/error'
585280 [http-nio-8080-exec-9] DEBUG o.s.s.w.u.matcher.OrRequestMatcher - No matches found
585280 [http-nio-8080-exec-10] DEBUG o.s.s.w.u.m.AntPathRequestMatcher - Checking match of request : '/bootstrap/js/bootstrap.js'; against '/webjars/**'
585280 [http-nio-8080-exec-9] DEBUG o.s.security.web.FilterChainProxy - /jquery/jquery-2.1.3.js at position 1 of 12 in additional filter chain; firing Filter: 'WebAsyncManagerIntegrationFilter'
585280 [http-nio-8080-exec-10] DEBUG o.s.s.w.u.matcher.OrRequestMatcher - Trying to match using Ant [pattern='/**/favicon.ico']
585280 [http-nio-8080-exec-6] DEBUG o.s.s.w.h.writers.HstsHeaderWriter - Not injecting HSTS header since it did not match the requestMatcher org.springframework.security.web.header.writers.HstsHeaderWriter$SecureRequestMatcher@34571983
585280 [http-nio-8080-exec-9] DEBUG o.s.security.web.FilterChainProxy - /jquery/jquery-2.1.3.js at position 2 of 12 in additional filter chain; firing Filter: 'SecurityContextPersistenceFilter'
585280 [http-nio-8080-exec-10] DEBUG o.s.s.w.u.m.AntPathRequestMatcher - Checking match of request : '/bootstrap/js/bootstrap.js'; against '/**/favicon.ico'
585280 [http-nio-8080-exec-6] DEBUG o.s.security.web.FilterChainProxy - /bootstrap/css/bootstrap.css at position 4 of 12 in additional filter chain; firing Filter: 'CsrfFilter'
585280 [http-nio-8080-exec-9] DEBUG o.s.s.w.c.HttpSessionSecurityContextRepository - HttpSession returned null object for SPRING_SECURITY_CONTEXT
585281 [http-nio-8080-exec-10] DEBUG o.s.s.w.u.matcher.OrRequestMatcher - Trying to match using Ant [pattern='/error']
585281 [http-nio-8080-exec-6] DEBUG o.s.security.web.FilterChainProxy - /bootstrap/css/bootstrap.css at position 5 of 12 in additional filter chain; firing Filter: 'LogoutFilter'
585281 [http-nio-8080-exec-9] DEBUG o.s.s.w.c.HttpSessionSecurityContextRepository - No SecurityContext was available from the HttpSession: org.apache.catalina.session.StandardSessionFacade@30689b56. A new one will be created.
585281 [http-nio-8080-exec-10] DEBUG o.s.s.w.u.m.AntPathRequestMatcher - Checking match of request : '/bootstrap/js/bootstrap.js'; against '/error'
585281 [http-nio-8080-exec-9] DEBUG o.s.security.web.FilterChainProxy - /jquery/jquery-2.1.3.js at position 3 of 12 in additional filter chain; firing Filter: 'HeaderWriterFilter'
585281 [http-nio-8080-exec-6] DEBUG o.s.s.w.u.m.AntPathRequestMatcher - Request 'GET /bootstrap/css/bootstrap.css' doesn't match 'POST /logout
585281 [http-nio-8080-exec-10] DEBUG o.s.s.w.u.matcher.OrRequestMatcher - No matches found
585281 [http-nio-8080-exec-6] DEBUG o.s.security.web.FilterChainProxy - /bootstrap/css/bootstrap.css at position 6 of 12 in additional filter chain; firing Filter: 'UsernamePasswordAuthenticationFilter'
585281 [http-nio-8080-exec-9] DEBUG o.s.s.w.h.writers.HstsHeaderWriter - Not injecting HSTS header since it did not match the requestMatcher org.springframework.security.web.header.writers.HstsHeaderWriter$SecureRequestMatcher@34571983
585281 [http-nio-8080-exec-6] DEBUG o.s.s.w.u.m.AntPathRequestMatcher - Request 'GET /bootstrap/css/bootstrap.css' doesn't match 'POST /login
585281 [http-nio-8080-exec-10] DEBUG o.s.security.web.FilterChainProxy - /bootstrap/js/bootstrap.js at position 1 of 12 in additional filter chain; firing Filter: 'WebAsyncManagerIntegrationFilter'
585282 [http-nio-8080-exec-6] DEBUG o.s.security.web.FilterChainProxy - /bootstrap/css/bootstrap.css at position 7 of 12 in additional filter chain; firing Filter: 'RequestCacheAwareFilter'
585282 [http-nio-8080-exec-9] DEBUG o.s.security.web.FilterChainProxy - /jquery/jquery-2.1.3.js at position 4 of 12 in additional filter chain; firing Filter: 'CsrfFilter'
585282 [http-nio-8080-exec-10] DEBUG o.s.security.web.FilterChainProxy - /bootstrap/js/bootstrap.js at position 2 of 12 in additional filter chain; firing Filter: 'SecurityContextPersistenceFilter'
585282 [http-nio-8080-exec-6] DEBUG o.s.s.w.s.DefaultSavedRequest - pathInfo: both null (property equals)
585282 [http-nio-8080-exec-10] DEBUG o.s.s.w.c.HttpSessionSecurityContextRepository - HttpSession returned null object for SPRING_SECURITY_CONTEXT
585282 [http-nio-8080-exec-6] DEBUG o.s.s.w.s.DefaultSavedRequest - queryString: both null (property equals)
585282 [http-nio-8080-exec-10] DEBUG o.s.s.w.c.HttpSessionSecurityContextRepository - No SecurityContext was available from the HttpSession: org.apache.catalina.session.StandardSessionFacade@30689b56. A new one will be created.
585282 [http-nio-8080-exec-9] DEBUG o.s.security.web.FilterChainProxy - /jquery/jquery-2.1.3.js at position 5 of 12 in additional filter chain; firing Filter: 'LogoutFilter'
585282 [http-nio-8080-exec-10] DEBUG o.s.security.web.FilterChainProxy - /bootstrap/js/bootstrap.js at position 3 of 12 in additional filter chain; firing Filter: 'HeaderWriterFilter'
585282 [http-nio-8080-exec-6] DEBUG o.s.s.w.s.DefaultSavedRequest - requestURI: arg1=/; arg2=/bootstrap/css/bootstrap.css (property not equals)
585282 [http-nio-8080-exec-6] DEBUG o.s.s.w.s.HttpSessionRequestCache - saved request doesn't match
585282 [http-nio-8080-exec-6] DEBUG o.s.security.web.FilterChainProxy - /bootstrap/css/bootstrap.css at position 8 of 12 in additional filter chain; firing Filter: 'SecurityContextHolderAwareRequestFilter'
585282 [http-nio-8080-exec-9] DEBUG o.s.s.w.u.m.AntPathRequestMatcher - Request 'GET /jquery/jquery-2.1.3.js' doesn't match 'POST /logout
585282 [http-nio-8080-exec-6] DEBUG o.s.security.web.FilterChainProxy - /bootstrap/css/bootstrap.css at position 9 of 12 in additional filter chain; firing Filter: 'AnonymousAuthenticationFilter'
585282 [http-nio-8080-exec-9] DEBUG o.s.security.web.FilterChainProxy - /jquery/jquery-2.1.3.js at position 6 of 12 in additional filter chain; firing Filter: 'UsernamePasswordAuthenticationFilter'
585282 [http-nio-8080-exec-9] DEBUG o.s.s.w.u.m.AntPathRequestMatcher - Request 'GET /jquery/jquery-2.1.3.js' doesn't match 'POST /login
585282 [http-nio-8080-exec-10] DEBUG o.s.s.w.h.writers.HstsHeaderWriter - Not injecting HSTS header since it did not match the requestMatcher org.springframework.security.web.header.writers.HstsHeaderWriter$SecureRequestMatcher@34571983
585282 [http-nio-8080-exec-10] DEBUG o.s.security.web.FilterChainProxy - /bootstrap/js/bootstrap.js at position 4 of 12 in additional filter chain; firing Filter: 'CsrfFilter'
585282 [http-nio-8080-exec-9] DEBUG o.s.security.web.FilterChainProxy - /jquery/jquery-2.1.3.js at position 7 of 12 in additional filter chain; firing Filter: 'RequestCacheAwareFilter'
585282 [http-nio-8080-exec-6] DEBUG o.s.s.w.a.AnonymousAuthenticationFilter - Populated SecurityContextHolder with anonymous token: 'org.springframework.security.authentication.AnonymousAuthenticationToken@6fabe8e0: Principal: anonymousUser; Credentials: [PROTECTED]; Authenticated: true; Details: org.springframework.security.web.authentication.WebAuthenticationDetails@fffe9938: RemoteIpAddress: 0:0:0:0:0:0:0:1; SessionId: 760D79BA12046463C13AD8F04AD89B62; Granted Authorities: ROLE_ANONYMOUS'
585282 [http-nio-8080-exec-9] DEBUG o.s.s.w.s.DefaultSavedRequest - pathInfo: both null (property equals)
585282 [http-nio-8080-exec-6] DEBUG o.s.security.web.FilterChainProxy - /bootstrap/css/bootstrap.css at position 10 of 12 in additional filter chain; firing Filter: 'SessionManagementFilter'
585282 [http-nio-8080-exec-10] DEBUG o.s.security.web.FilterChainProxy - /bootstrap/js/bootstrap.js at position 5 of 12 in additional filter chain; firing Filter: 'LogoutFilter'
585282 [http-nio-8080-exec-10] DEBUG o.s.s.w.u.m.AntPathRequestMatcher - Request 'GET /bootstrap/js/bootstrap.js' doesn't match 'POST /logout
585282 [http-nio-8080-exec-6] DEBUG o.s.security.web.FilterChainProxy - /bootstrap/css/bootstrap.css at position 11 of 12 in additional filter chain; firing Filter: 'ExceptionTranslationFilter'
585282 [http-nio-8080-exec-6] DEBUG o.s.security.web.FilterChainProxy - /bootstrap/css/bootstrap.css at position 12 of 12 in additional filter chain; firing Filter: 'FilterSecurityInterceptor'
585282 [http-nio-8080-exec-9] DEBUG o.s.s.w.s.DefaultSavedRequest - queryString: both null (property equals)
585282 [http-nio-8080-exec-6] DEBUG o.s.s.w.u.m.AntPathRequestMatcher - Request 'GET /bootstrap/css/bootstrap.css' doesn't match 'POST /logout
585282 [http-nio-8080-exec-10] DEBUG o.s.security.web.FilterChainProxy - /bootstrap/js/bootstrap.js at position 6 of 12 in additional filter chain; firing Filter: 'UsernamePasswordAuthenticationFilter'
585282 [http-nio-8080-exec-10] DEBUG o.s.s.w.u.m.AntPathRequestMatcher - Request 'GET /bootstrap/js/bootstrap.js' doesn't match 'POST /login
585282 [http-nio-8080-exec-9] DEBUG o.s.s.w.s.DefaultSavedRequest - requestURI: arg1=/; arg2=/jquery/jquery-2.1.3.js (property not equals)
585282 [http-nio-8080-exec-6] DEBUG o.s.s.w.u.m.AntPathRequestMatcher - Checking match of request : '/bootstrap/css/bootstrap.css'; against '/static/**'
585282 [http-nio-8080-exec-10] DEBUG o.s.security.web.FilterChainProxy - /bootstrap/js/bootstrap.js at position 7 of 12 in additional filter chain; firing Filter: 'RequestCacheAwareFilter'
585282 [http-nio-8080-exec-6] DEBUG o.s.s.w.a.i.FilterSecurityInterceptor - Secure object: FilterInvocation: URL: /bootstrap/css/bootstrap.css; Attributes: [authenticated]
585282 [http-nio-8080-exec-10] DEBUG o.s.s.w.s.DefaultSavedRequest - pathInfo: both null (property equals)
585282 [http-nio-8080-exec-9] DEBUG o.s.s.w.s.HttpSessionRequestCache - saved request doesn't match
585284 [http-nio-8080-exec-6] DEBUG o.s.s.w.a.i.FilterSecurityInterceptor - Previously Authenticated: org.springframework.security.authentication.AnonymousAuthenticationToken@6fabe8e0: Principal: anonymousUser; Credentials: [PROTECTED]; Authenticated: true; Details: org.springframework.security.web.authentication.WebAuthenticationDetails@fffe9938: RemoteIpAddress: 0:0:0:0:0:0:0:1; SessionId: 760D79BA12046463C13AD8F04AD89B62; Granted Authorities: ROLE_ANONYMOUS
585284 [http-nio-8080-exec-10] DEBUG o.s.s.w.s.DefaultSavedRequest - queryString: both null (property equals)
585284 [http-nio-8080-exec-9] DEBUG o.s.security.web.FilterChainProxy - /jquery/jquery-2.1.3.js at position 8 of 12 in additional filter chain; firing Filter: 'SecurityContextHolderAwareRequestFilter'
585284 [http-nio-8080-exec-10] DEBUG o.s.s.w.s.DefaultSavedRequest - requestURI: arg1=/; arg2=/bootstrap/js/bootstrap.js (property not equals)
585284 [http-nio-8080-exec-6] DEBUG o.s.s.access.vote.AffirmativeBased - Voter: org.springframework.security.web.access.expression.WebExpressionVoter@7155916d, returned: -1
585284 [http-nio-8080-exec-9] DEBUG o.s.security.web.FilterChainProxy - /jquery/jquery-2.1.3.js at position 9 of 12 in additional filter chain; firing Filter: 'AnonymousAuthenticationFilter'
585284 [http-nio-8080-exec-9] DEBUG o.s.s.w.a.AnonymousAuthenticationFilter - Populated SecurityContextHolder with anonymous token: 'org.springframework.security.authentication.AnonymousAuthenticationToken@6fabe8e0: Principal: anonymousUser; Credentials: [PROTECTED]; Authenticated: true; Details: org.springframework.security.web.authentication.WebAuthenticationDetails@fffe9938: RemoteIpAddress: 0:0:0:0:0:0:0:1; SessionId: 760D79BA12046463C13AD8F04AD89B62; Granted Authorities: ROLE_ANONYMOUS'
585284 [http-nio-8080-exec-10] DEBUG o.s.s.w.s.HttpSessionRequestCache - saved request doesn't match
585284 [http-nio-8080-exec-10] DEBUG o.s.security.web.FilterChainProxy - /bootstrap/js/bootstrap.js at position 8 of 12 in additional filter chain; firing Filter: 'SecurityContextHolderAwareRequestFilter'
585284 [http-nio-8080-exec-10] DEBUG o.s.security.web.FilterChainProxy - /bootstrap/js/bootstrap.js at position 9 of 12 in additional filter chain; firing Filter: 'AnonymousAuthenticationFilter'
585284 [http-nio-8080-exec-9] DEBUG o.s.security.web.FilterChainProxy - /jquery/jquery-2.1.3.js at position 10 of 12 in additional filter chain; firing Filter: 'SessionManagementFilter'
585284 [http-nio-8080-exec-10] DEBUG o.s.s.w.a.AnonymousAuthenticationFilter - Populated SecurityContextHolder with anonymous token: 'org.springframework.security.authentication.AnonymousAuthenticationToken@6fabe8e0: Principal: anonymousUser; Credentials: [PROTECTED]; Authenticated: true; Details: org.springframework.security.web.authentication.WebAuthenticationDetails@fffe9938: RemoteIpAddress: 0:0:0:0:0:0:0:1; SessionId: 760D79BA12046463C13AD8F04AD89B62; Granted Authorities: ROLE_ANONYMOUS'
585284 [http-nio-8080-exec-10] DEBUG o.s.security.web.FilterChainProxy - /bootstrap/js/bootstrap.js at position 10 of 12 in additional filter chain; firing Filter: 'SessionManagementFilter'
585284 [http-nio-8080-exec-9] DEBUG o.s.security.web.FilterChainProxy - /jquery/jquery-2.1.3.js at position 11 of 12 in additional filter chain; firing Filter: 'ExceptionTranslationFilter'
585284 [http-nio-8080-exec-10] DEBUG o.s.security.web.FilterChainProxy - /bootstrap/js/bootstrap.js at position 11 of 12 in additional filter chain; firing Filter: 'ExceptionTranslationFilter'
585284 [http-nio-8080-exec-9] DEBUG o.s.security.web.FilterChainProxy - /jquery/jquery-2.1.3.js at position 12 of 12 in additional filter chain; firing Filter: 'FilterSecurityInterceptor'
585284 [http-nio-8080-exec-10] DEBUG o.s.security.web.FilterChainProxy - /bootstrap/js/bootstrap.js at position 12 of 12 in additional filter chain; firing Filter: 'FilterSecurityInterceptor'
585284 [http-nio-8080-exec-9] DEBUG o.s.s.w.u.m.AntPathRequestMatcher - Request 'GET /jquery/jquery-2.1.3.js' doesn't match 'POST /logout
585284 [http-nio-8080-exec-6] DEBUG o.s.s.w.a.ExceptionTranslationFilter - Access is denied (user is anonymous); redirecting to authentication entry point
org.springframework.security.access.AccessDeniedException: Access is denied
	at org.springframework.security.access.vote.AffirmativeBased.decide(AffirmativeBased.java:84)
	at org.springframework.security.access.intercept.AbstractSecurityInterceptor.beforeInvocation(AbstractSecurityInterceptor.java:233)
	at org.springframework.security.web.access.intercept.FilterSecurityInterceptor.invoke(FilterSecurityInterceptor.java:124)
	at org.springframework.security.web.access.intercept.FilterSecurityInterceptor.doFilter(FilterSecurityInterceptor.java:91)
	at org.springframework.security.web.FilterChainProxy$VirtualFilterChain.doFilter(FilterChainProxy.java:331)
	at org.springframework.security.web.access.ExceptionTranslationFilter.doFilter(ExceptionTranslationFilter.java:114)
	at org.springframework.security.web.FilterChainProxy$VirtualFilterChain.doFilter(FilterChainProxy.java:331)
	at org.springframework.security.web.session.SessionManagementFilter.doFilter(SessionManagementFilter.java:137)
	at org.springframework.security.web.FilterChainProxy$VirtualFilterChain.doFilter(FilterChainProxy.java:331)
	at org.springframework.security.web.authentication.AnonymousAuthenticationFilter.doFilter(AnonymousAuthenticationFilter.java:111)
	at org.springframework.security.web.FilterChainProxy$VirtualFilterChain.doFilter(FilterChainProxy.java:331)
	at org.springframework.security.web.servletapi.SecurityContextHolderAwareRequestFilter.doFilter(SecurityContextHolderAwareRequestFilter.java:170)
	at org.springframework.security.web.FilterChainProxy$VirtualFilterChain.doFilter(FilterChainProxy.java:331)
	at org.springframework.security.web.savedrequest.RequestCacheAwareFilter.doFilter(RequestCacheAwareFilter.java:63)
	at org.springframework.security.web.FilterChainProxy$VirtualFilterChain.doFilter(FilterChainProxy.java:331)
	at org.springframework.security.web.authentication.AbstractAuthenticationProcessingFilter.doFilter(AbstractAuthenticationProcessingFilter.java:200)
	at org.springframework.security.web.FilterChainProxy$VirtualFilterChain.doFilter(FilterChainProxy.java:331)
	at org.springframework.security.web.authentication.logout.LogoutFilter.doFilter(LogoutFilter.java:116)
	at org.springframework.security.web.FilterChainProxy$VirtualFilterChain.doFilter(FilterChainProxy.java:331)
	at org.springframework.security.web.csrf.CsrfFilter.doFilterInternal(CsrfFilter.java:100)
	at org.springframework.web.filter.OncePerRequestFilter.doFilter(OncePerRequestFilter.java:107)
	at org.springframework.security.web.FilterChainProxy$VirtualFilterChain.doFilter(FilterChainProxy.java:331)
	at org.springframework.security.web.header.HeaderWriterFilter.doFilterInternal(HeaderWriterFilter.java:64)
	at org.springframework.web.filter.OncePerRequestFilter.doFilter(OncePerRequestFilter.java:107)
	at org.springframework.security.web.FilterChainProxy$VirtualFilterChain.doFilter(FilterChainProxy.java:331)
	at org.springframework.security.web.context.SecurityContextPersistenceFilter.doFilter(SecurityContextPersistenceFilter.java:105)
	at org.springframework.security.web.FilterChainProxy$VirtualFilterChain.doFilter(FilterChainProxy.java:331)
	at org.springframework.security.web.context.request.async.WebAsyncManagerIntegrationFilter.doFilterInternal(WebAsyncManagerIntegrationFilter.java:56)
	at org.springframework.web.filter.OncePerRequestFilter.doFilter(OncePerRequestFilter.java:107)
	at org.springframework.security.web.FilterChainProxy$VirtualFilterChain.doFilter(FilterChainProxy.java:331)
	at org.springframework.security.web.FilterChainProxy.doFilterInternal(FilterChainProxy.java:214)
	at org.springframework.security.web.FilterChainProxy.doFilter(FilterChainProxy.java:177)
	at org.springframework.web.filter.DelegatingFilterProxy.invokeDelegate(DelegatingFilterProxy.java:347)
	at org.springframework.web.filter.DelegatingFilterProxy.doFilter(DelegatingFilterProxy.java:263)
	at org.apache.catalina.core.ApplicationFilterChain.internalDoFilter(ApplicationFilterChain.java:193)
	at org.apache.catalina.core.ApplicationFilterChain.doFilter(ApplicationFilterChain.java:166)
	at org.springframework.web.filter.RequestContextFilter.doFilterInternal(RequestContextFilter.java:99)
	at org.springframework.web.filter.OncePerRequestFilter.doFilter(OncePerRequestFilter.java:107)
	at org.apache.catalina.core.ApplicationFilterChain.internalDoFilter(ApplicationFilterChain.java:193)
	at org.apache.catalina.core.ApplicationFilterChain.doFilter(ApplicationFilterChain.java:166)
	at org.springframework.web.filter.HttpPutFormContentFilter.doFilterInternal(HttpPutFormContentFilter.java:108)
	at org.springframework.web.filter.OncePerRequestFilter.doFilter(OncePerRequestFilter.java:107)
	at org.apache.catalina.core.ApplicationFilterChain.internalDoFilter(ApplicationFilterChain.java:193)
	at org.apache.catalina.core.ApplicationFilterChain.doFilter(ApplicationFilterChain.java:166)
	at org.springframework.web.filter.HiddenHttpMethodFilter.doFilterInternal(HiddenHttpMethodFilter.java:81)
	at org.springframework.web.filter.OncePerRequestFilter.doFilter(OncePerRequestFilter.java:107)
	at org.apache.catalina.core.ApplicationFilterChain.internalDoFilter(ApplicationFilterChain.java:193)
	at org.apache.catalina.core.ApplicationFilterChain.doFilter(ApplicationFilterChain.java:166)
	at org.springframework.web.filter.CharacterEncodingFilter.doFilterInternal(CharacterEncodingFilter.java:197)
	at org.springframework.web.filter.OncePerRequestFilter.doFilter(OncePerRequestFilter.java:107)
	at org.apache.catalina.core.ApplicationFilterChain.internalDoFilter(ApplicationFilterChain.java:193)
	at org.apache.catalina.core.ApplicationFilterChain.doFilter(ApplicationFilterChain.java:166)
	at org.apache.catalina.core.StandardWrapperValve.invoke(StandardWrapperValve.java:199)
	at org.apache.catalina.core.StandardContextValve.invoke(StandardContextValve.java:96)
	at org.apache.catalina.authenticator.AuthenticatorBase.invoke(AuthenticatorBase.java:478)
	at org.apache.catalina.core.StandardHostValve.invoke(StandardHostValve.java:140)
	at org.apache.catalina.valves.ErrorReportValve.invoke(ErrorReportValve.java:81)
	at org.apache.catalina.core.StandardEngineValve.invoke(StandardEngineValve.java:87)
	at org.apache.catalina.connector.CoyoteAdapter.service(CoyoteAdapter.java:342)
	at org.apache.coyote.http11.Http11Processor.service(Http11Processor.java:803)
	at org.apache.coyote.AbstractProcessorLight.process(AbstractProcessorLight.java:66)
	at org.apache.coyote.AbstractProtocol$ConnectionHandler.process(AbstractProtocol.java:868)
	at org.apache.tomcat.util.net.NioEndpoint$SocketProcessor.doRun(NioEndpoint.java:1459)
	at org.apache.tomcat.util.net.SocketProcessorBase.run(SocketProcessorBase.java:49)
	at java.util.concurrent.ThreadPoolExecutor.runWorker(ThreadPoolExecutor.java:1149)
	at java.util.concurrent.ThreadPoolExecutor$Worker.run(ThreadPoolExecutor.java:624)
	at org.apache.tomcat.util.threads.TaskThread$WrappingRunnable.run(TaskThread.java:61)
	at java.lang.Thread.run(Thread.java:748)
585284 [http-nio-8080-exec-9] DEBUG o.s.s.w.u.m.AntPathRequestMatcher - Checking match of request : '/jquery/jquery-2.1.3.js'; against '/static/**'
585284 [http-nio-8080-exec-10] DEBUG o.s.s.w.u.m.AntPathRequestMatcher - Request 'GET /bootstrap/js/bootstrap.js' doesn't match 'POST /logout
585286 [http-nio-8080-exec-6] DEBUG o.s.s.w.u.matcher.AndRequestMatcher - Trying to match using Ant [pattern='/**', GET]
585286 [http-nio-8080-exec-10] DEBUG o.s.s.w.u.m.AntPathRequestMatcher - Checking match of request : '/bootstrap/js/bootstrap.js'; against '/static/**'
585286 [http-nio-8080-exec-6] DEBUG o.s.s.w.u.m.AntPathRequestMatcher - Request '/bootstrap/css/bootstrap.css' matched by universal pattern '/**'
585286 [http-nio-8080-exec-9] DEBUG o.s.s.w.a.i.FilterSecurityInterceptor - Secure object: FilterInvocation: URL: /jquery/jquery-2.1.3.js; Attributes: [authenticated]
585286 [http-nio-8080-exec-10] DEBUG o.s.s.w.a.i.FilterSecurityInterceptor - Secure object: FilterInvocation: URL: /bootstrap/js/bootstrap.js; Attributes: [authenticated]
585286 [http-nio-8080-exec-6] DEBUG o.s.s.w.u.matcher.AndRequestMatcher - Trying to match using NegatedRequestMatcher [requestMatcher=Ant [pattern='/**/favicon.ico']]
585286 [http-nio-8080-exec-9] DEBUG o.s.s.w.a.i.FilterSecurityInterceptor - Previously Authenticated: org.springframework.security.authentication.AnonymousAuthenticationToken@6fabe8e0: Principal: anonymousUser; Credentials: [PROTECTED]; Authenticated: true; Details: org.springframework.security.web.authentication.WebAuthenticationDetails@fffe9938: RemoteIpAddress: 0:0:0:0:0:0:0:1; SessionId: 760D79BA12046463C13AD8F04AD89B62; Granted Authorities: ROLE_ANONYMOUS
585286 [http-nio-8080-exec-10] DEBUG o.s.s.w.a.i.FilterSecurityInterceptor - Previously Authenticated: org.springframework.security.authentication.AnonymousAuthenticationToken@6fabe8e0: Principal: anonymousUser; Credentials: [PROTECTED]; Authenticated: true; Details: org.springframework.security.web.authentication.WebAuthenticationDetails@fffe9938: RemoteIpAddress: 0:0:0:0:0:0:0:1; SessionId: 760D79BA12046463C13AD8F04AD89B62; Granted Authorities: ROLE_ANONYMOUS
585286 [http-nio-8080-exec-6] DEBUG o.s.s.w.u.m.AntPathRequestMatcher - Checking match of request : '/bootstrap/css/bootstrap.css'; against '/**/favicon.ico'
585286 [http-nio-8080-exec-6] DEBUG o.s.s.w.u.m.NegatedRequestMatcher - matches = true
585286 [http-nio-8080-exec-6] DEBUG o.s.s.w.u.matcher.AndRequestMatcher - Trying to match using NegatedRequestMatcher [requestMatcher=MediaTypeRequestMatcher [contentNegotiationStrategy=org.springframework.web.accept.ContentNegotiationManager@34a84d5e, matchingMediaTypes=[application/json], useEquals=false, ignoredMediaTypes=[*/*]]]
585286 [http-nio-8080-exec-9] DEBUG o.s.s.access.vote.AffirmativeBased - Voter: org.springframework.security.web.access.expression.WebExpressionVoter@7155916d, returned: -1
585286 [http-nio-8080-exec-10] DEBUG o.s.s.access.vote.AffirmativeBased - Voter: org.springframework.security.web.access.expression.WebExpressionVoter@7155916d, returned: -1
585286 [http-nio-8080-exec-6] DEBUG o.s.s.w.u.m.MediaTypeRequestMatcher - httpRequestMediaTypes=[text/css]
585286 [http-nio-8080-exec-6] DEBUG o.s.s.w.u.m.MediaTypeRequestMatcher - Processing text/css
585286 [http-nio-8080-exec-6] DEBUG o.s.s.w.u.m.MediaTypeRequestMatcher - application/json .isCompatibleWith text/css = false
585286 [http-nio-8080-exec-6] DEBUG o.s.s.w.u.m.MediaTypeRequestMatcher - Did not match any media types
585286 [http-nio-8080-exec-6] DEBUG o.s.s.w.u.m.NegatedRequestMatcher - matches = true
585286 [http-nio-8080-exec-6] DEBUG o.s.s.w.u.matcher.AndRequestMatcher - Trying to match using NegatedRequestMatcher [requestMatcher=RequestHeaderRequestMatcher [expectedHeaderName=X-Requested-With, expectedHeaderValue=XMLHttpRequest]]
585286 [http-nio-8080-exec-6] DEBUG o.s.s.w.u.m.NegatedRequestMatcher - matches = true
585286 [http-nio-8080-exec-6] DEBUG o.s.s.w.u.matcher.AndRequestMatcher - All requestMatchers returned true
585286 [http-nio-8080-exec-9] DEBUG o.s.s.w.a.ExceptionTranslationFilter - Access is denied (user is anonymous); redirecting to authentication entry point
org.springframework.security.access.AccessDeniedException: Access is denied
	at org.springframework.security.access.vote.AffirmativeBased.decide(AffirmativeBased.java:84)
	at org.springframework.security.access.intercept.AbstractSecurityInterceptor.beforeInvocation(AbstractSecurityInterceptor.java:233)
	at org.springframework.security.web.access.intercept.FilterSecurityInterceptor.invoke(FilterSecurityInterceptor.java:124)
	at org.springframework.security.web.access.intercept.FilterSecurityInterceptor.doFilter(FilterSecurityInterceptor.java:91)
	at org.springframework.security.web.FilterChainProxy$VirtualFilterChain.doFilter(FilterChainProxy.java:331)
	at org.springframework.security.web.access.ExceptionTranslationFilter.doFilter(ExceptionTranslationFilter.java:114)
	at org.springframework.security.web.FilterChainProxy$VirtualFilterChain.doFilter(FilterChainProxy.java:331)
	at org.springframework.security.web.session.SessionManagementFilter.doFilter(SessionManagementFilter.java:137)
	at org.springframework.security.web.FilterChainProxy$VirtualFilterChain.doFilter(FilterChainProxy.java:331)
	at org.springframework.security.web.authentication.AnonymousAuthenticationFilter.doFilter(AnonymousAuthenticationFilter.java:111)
	at org.springframework.security.web.FilterChainProxy$VirtualFilterChain.doFilter(FilterChainProxy.java:331)
	at org.springframework.security.web.servletapi.SecurityContextHolderAwareRequestFilter.doFilter(SecurityContextHolderAwareRequestFilter.java:170)
	at org.springframework.security.web.FilterChainProxy$VirtualFilterChain.doFilter(FilterChainProxy.java:331)
	at org.springframework.security.web.savedrequest.RequestCacheAwareFilter.doFilter(RequestCacheAwareFilter.java:63)
	at org.springframework.security.web.FilterChainProxy$VirtualFilterChain.doFilter(FilterChainProxy.java:331)
	at org.springframework.security.web.authentication.AbstractAuthenticationProcessingFilter.doFilter(AbstractAuthenticationProcessingFilter.java:200)
	at org.springframework.security.web.FilterChainProxy$VirtualFilterChain.doFilter(FilterChainProxy.java:331)
	at org.springframework.security.web.authentication.logout.LogoutFilter.doFilter(LogoutFilter.java:116)
	at org.springframework.security.web.FilterChainProxy$VirtualFilterChain.doFilter(FilterChainProxy.java:331)
	at org.springframework.security.web.csrf.CsrfFilter.doFilterInternal(CsrfFilter.java:100)
	at org.springframework.web.filter.OncePerRequestFilter.doFilter(OncePerRequestFilter.java:107)
	at org.springframework.security.web.FilterChainProxy$VirtualFilterChain.doFilter(FilterChainProxy.java:331)
	at org.springframework.security.web.header.HeaderWriterFilter.doFilterInternal(HeaderWriterFilter.java:64)
	at org.springframework.web.filter.OncePerRequestFilter.doFilter(OncePerRequestFilter.java:107)
	at org.springframework.security.web.FilterChainProxy$VirtualFilterChain.doFilter(FilterChainProxy.java:331)
	at org.springframework.security.web.context.SecurityContextPersistenceFilter.doFilter(SecurityContextPersistenceFilter.java:105)
	at org.springframework.security.web.FilterChainProxy$VirtualFilterChain.doFilter(FilterChainProxy.java:331)
	at org.springframework.security.web.context.request.async.WebAsyncManagerIntegrationFilter.doFilterInternal(WebAsyncManagerIntegrationFilter.java:56)
	at org.springframework.web.filter.OncePerRequestFilter.doFilter(OncePerRequestFilter.java:107)
	at org.springframework.security.web.FilterChainProxy$VirtualFilterChain.doFilter(FilterChainProxy.java:331)
	at org.springframework.security.web.FilterChainProxy.doFilterInternal(FilterChainProxy.java:214)
	at org.springframework.security.web.FilterChainProxy.doFilter(FilterChainProxy.java:177)
	at org.springframework.web.filter.DelegatingFilterProxy.invokeDelegate(DelegatingFilterProxy.java:347)
	at org.springframework.web.filter.DelegatingFilterProxy.doFilter(DelegatingFilterProxy.java:263)
	at org.apache.catalina.core.ApplicationFilterChain.internalDoFilter(ApplicationFilterChain.java:193)
	at org.apache.catalina.core.ApplicationFilterChain.doFilter(ApplicationFilterChain.java:166)
	at org.springframework.web.filter.RequestContextFilter.doFilterInternal(RequestContextFilter.java:99)
	at org.springframework.web.filter.OncePerRequestFilter.doFilter(OncePerRequestFilter.java:107)
	at org.apache.catalina.core.ApplicationFilterChain.internalDoFilter(ApplicationFilterChain.java:193)
	at org.apache.catalina.core.ApplicationFilterChain.doFilter(ApplicationFilterChain.java:166)
	at org.springframework.web.filter.HttpPutFormContentFilter.doFilterInternal(HttpPutFormContentFilter.java:108)
	at org.springframework.web.filter.OncePerRequestFilter.doFilter(OncePerRequestFilter.java:107)
	at org.apache.catalina.core.ApplicationFilterChain.internalDoFilter(ApplicationFilterChain.java:193)
	at org.apache.catalina.core.ApplicationFilterChain.doFilter(ApplicationFilterChain.java:166)
	at org.springframework.web.filter.HiddenHttpMethodFilter.doFilterInternal(HiddenHttpMethodFilter.java:81)
	at org.springframework.web.filter.OncePerRequestFilter.doFilter(OncePerRequestFilter.java:107)
	at org.apache.catalina.core.ApplicationFilterChain.internalDoFilter(ApplicationFilterChain.java:193)
	at org.apache.catalina.core.ApplicationFilterChain.doFilter(ApplicationFilterChain.java:166)
	at org.springframework.web.filter.CharacterEncodingFilter.doFilterInternal(CharacterEncodingFilter.java:197)
	at org.springframework.web.filter.OncePerRequestFilter.doFilter(OncePerRequestFilter.java:107)
	at org.apache.catalina.core.ApplicationFilterChain.internalDoFilter(ApplicationFilterChain.java:193)
	at org.apache.catalina.core.ApplicationFilterChain.doFilter(ApplicationFilterChain.java:166)
	at org.apache.catalina.core.StandardWrapperValve.invoke(StandardWrapperValve.java:199)
	at org.apache.catalina.core.StandardContextValve.invoke(StandardContextValve.java:96)
	at org.apache.catalina.authenticator.AuthenticatorBase.invoke(AuthenticatorBase.java:478)
	at org.apache.catalina.core.StandardHostValve.invoke(StandardHostValve.java:140)
	at org.apache.catalina.valves.ErrorReportValve.invoke(ErrorReportValve.java:81)
	at org.apache.catalina.core.StandardEngineValve.invoke(StandardEngineValve.java:87)
	at org.apache.catalina.connector.CoyoteAdapter.service(CoyoteAdapter.java:342)
	at org.apache.coyote.http11.Http11Processor.service(Http11Processor.java:803)
	at org.apache.coyote.AbstractProcessorLight.process(AbstractProcessorLight.java:66)
	at org.apache.coyote.AbstractProtocol$ConnectionHandler.process(AbstractProtocol.java:868)
	at org.apache.tomcat.util.net.NioEndpoint$SocketProcessor.doRun(NioEndpoint.java:1459)
	at org.apache.tomcat.util.net.SocketProcessorBase.run(SocketProcessorBase.java:49)
	at java.util.concurrent.ThreadPoolExecutor.runWorker(ThreadPoolExecutor.java:1149)
	at java.util.concurrent.ThreadPoolExecutor$Worker.run(ThreadPoolExecutor.java:624)
	at org.apache.tomcat.util.threads.TaskThread$WrappingRunnable.run(TaskThread.java:61)
	at java.lang.Thread.run(Thread.java:748)
585286 [http-nio-8080-exec-10] DEBUG o.s.s.w.a.ExceptionTranslationFilter - Access is denied (user is anonymous); redirecting to authentication entry point
org.springframework.security.access.AccessDeniedException: Access is denied
	at org.springframework.security.access.vote.AffirmativeBased.decide(AffirmativeBased.java:84)
	at org.springframework.security.access.intercept.AbstractSecurityInterceptor.beforeInvocation(AbstractSecurityInterceptor.java:233)
	at org.springframework.security.web.access.intercept.FilterSecurityInterceptor.invoke(FilterSecurityInterceptor.java:124)
	at org.springframework.security.web.access.intercept.FilterSecurityInterceptor.doFilter(FilterSecurityInterceptor.java:91)
	at org.springframework.security.web.FilterChainProxy$VirtualFilterChain.doFilter(FilterChainProxy.java:331)
	at org.springframework.security.web.access.ExceptionTranslationFilter.doFilter(ExceptionTranslationFilter.java:114)
	at org.springframework.security.web.FilterChainProxy$VirtualFilterChain.doFilter(FilterChainProxy.java:331)
	at org.springframework.security.web.session.SessionManagementFilter.doFilter(SessionManagementFilter.java:137)
	at org.springframework.security.web.FilterChainProxy$VirtualFilterChain.doFilter(FilterChainProxy.java:331)
	at org.springframework.security.web.authentication.AnonymousAuthenticationFilter.doFilter(AnonymousAuthenticationFilter.java:111)
	at org.springframework.security.web.FilterChainProxy$VirtualFilterChain.doFilter(FilterChainProxy.java:331)
	at org.springframework.security.web.servletapi.SecurityContextHolderAwareRequestFilter.doFilter(SecurityContextHolderAwareRequestFilter.java:170)
	at org.springframework.security.web.FilterChainProxy$VirtualFilterChain.doFilter(FilterChainProxy.java:331)
	at org.springframework.security.web.savedrequest.RequestCacheAwareFilter.doFilter(RequestCacheAwareFilter.java:63)
	at org.springframework.security.web.FilterChainProxy$VirtualFilterChain.doFilter(FilterChainProxy.java:331)
	at org.springframework.security.web.authentication.AbstractAuthenticationProcessingFilter.doFilter(AbstractAuthenticationProcessingFilter.java:200)
	at org.springframework.security.web.FilterChainProxy$VirtualFilterChain.doFilter(FilterChainProxy.java:331)
	at org.springframework.security.web.authentication.logout.LogoutFilter.doFilter(LogoutFilter.java:116)
	at org.springframework.security.web.FilterChainProxy$VirtualFilterChain.doFilter(FilterChainProxy.java:331)
	at org.springframework.security.web.csrf.CsrfFilter.doFilterInternal(CsrfFilter.java:100)
	at org.springframework.web.filter.OncePerRequestFilter.doFilter(OncePerRequestFilter.java:107)
	at org.springframework.security.web.FilterChainProxy$VirtualFilterChain.doFilter(FilterChainProxy.java:331)
	at org.springframework.security.web.header.HeaderWriterFilter.doFilterInternal(HeaderWriterFilter.java:64)
	at org.springframework.web.filter.OncePerRequestFilter.doFilter(OncePerRequestFilter.java:107)
	at org.springframework.security.web.FilterChainProxy$VirtualFilterChain.doFilter(FilterChainProxy.java:331)
	at org.springframework.security.web.context.SecurityContextPersistenceFilter.doFilter(SecurityContextPersistenceFilter.java:105)
	at org.springframework.security.web.FilterChainProxy$VirtualFilterChain.doFilter(FilterChainProxy.java:331)
	at org.springframework.security.web.context.request.async.WebAsyncManagerIntegrationFilter.doFilterInternal(WebAsyncManagerIntegrationFilter.java:56)
	at org.springframework.web.filter.OncePerRequestFilter.doFilter(OncePerRequestFilter.java:107)
	at org.springframework.security.web.FilterChainProxy$VirtualFilterChain.doFilter(FilterChainProxy.java:331)
	at org.springframework.security.web.FilterChainProxy.doFilterInternal(FilterChainProxy.java:214)
	at org.springframework.security.web.FilterChainProxy.doFilter(FilterChainProxy.java:177)
	at org.springframework.web.filter.DelegatingFilterProxy.invokeDelegate(DelegatingFilterProxy.java:347)
	at org.springframework.web.filter.DelegatingFilterProxy.doFilter(DelegatingFilterProxy.java:263)
	at org.apache.catalina.core.ApplicationFilterChain.internalDoFilter(ApplicationFilterChain.java:193)
	at org.apache.catalina.core.ApplicationFilterChain.doFilter(ApplicationFilterChain.java:166)
	at org.springframework.web.filter.RequestContextFilter.doFilterInternal(RequestContextFilter.java:99)
	at org.springframework.web.filter.OncePerRequestFilter.doFilter(OncePerRequestFilter.java:107)
	at org.apache.catalina.core.ApplicationFilterChain.internalDoFilter(ApplicationFilterChain.java:193)
	at org.apache.catalina.core.ApplicationFilterChain.doFilter(ApplicationFilterChain.java:166)
	at org.springframework.web.filter.HttpPutFormContentFilter.doFilterInternal(HttpPutFormContentFilter.java:108)
	at org.springframework.web.filter.OncePerRequestFilter.doFilter(OncePerRequestFilter.java:107)
	at org.apache.catalina.core.ApplicationFilterChain.internalDoFilter(ApplicationFilterChain.java:193)
	at org.apache.catalina.core.ApplicationFilterChain.doFilter(ApplicationFilterChain.java:166)
	at org.springframework.web.filter.HiddenHttpMethodFilter.doFilterInternal(HiddenHttpMethodFilter.java:81)
	at org.springframework.web.filter.OncePerRequestFilter.doFilter(OncePerRequestFilter.java:107)
	at org.apache.catalina.core.ApplicationFilterChain.internalDoFilter(ApplicationFilterChain.java:193)
	at org.apache.catalina.core.ApplicationFilterChain.doFilter(ApplicationFilterChain.java:166)
	at org.springframework.web.filter.CharacterEncodingFilter.doFilterInternal(CharacterEncodingFilter.java:197)
	at org.springframework.web.filter.OncePerRequestFilter.doFilter(OncePerRequestFilter.java:107)
	at org.apache.catalina.core.ApplicationFilterChain.internalDoFilter(ApplicationFilterChain.java:193)
	at org.apache.catalina.core.ApplicationFilterChain.doFilter(ApplicationFilterChain.java:166)
	at org.apache.catalina.core.StandardWrapperValve.invoke(StandardWrapperValve.java:199)
	at org.apache.catalina.core.StandardContextValve.invoke(StandardContextValve.java:96)
	at org.apache.catalina.authenticator.AuthenticatorBase.invoke(AuthenticatorBase.java:478)
	at org.apache.catalina.core.StandardHostValve.invoke(StandardHostValve.java:140)
	at org.apache.catalina.valves.ErrorReportValve.invoke(ErrorReportValve.java:81)
	at org.apache.catalina.core.StandardEngineValve.invoke(StandardEngineValve.java:87)
	at org.apache.catalina.connector.CoyoteAdapter.service(CoyoteAdapter.java:342)
	at org.apache.coyote.http11.Http11Processor.service(Http11Processor.java:803)
	at org.apache.coyote.AbstractProcessorLight.process(AbstractProcessorLight.java:66)
	at org.apache.coyote.AbstractProtocol$ConnectionHandler.process(AbstractProtocol.java:868)
	at org.apache.tomcat.util.net.NioEndpoint$SocketProcessor.doRun(NioEndpoint.java:1459)
	at org.apache.tomcat.util.net.SocketProcessorBase.run(SocketProcessorBase.java:49)
	at java.util.concurrent.ThreadPoolExecutor.runWorker(ThreadPoolExecutor.java:1149)
	at java.util.concurrent.ThreadPoolExecutor$Worker.run(ThreadPoolExecutor.java:624)
	at org.apache.tomcat.util.threads.TaskThread$WrappingRunnable.run(TaskThread.java:61)
	at java.lang.Thread.run(Thread.java:748)
585286 [http-nio-8080-exec-6] DEBUG o.s.s.w.s.HttpSessionRequestCache - DefaultSavedRequest added to Session: DefaultSavedRequest[http://localhost:8080/bootstrap/css/bootstrap.css]
585287 [http-nio-8080-exec-9] DEBUG o.s.s.w.u.matcher.AndRequestMatcher - Trying to match using Ant [pattern='/**', GET]
585287 [http-nio-8080-exec-9] DEBUG o.s.s.w.u.m.AntPathRequestMatcher - Request '/jquery/jquery-2.1.3.js' matched by universal pattern '/**'
585288 [http-nio-8080-exec-10] DEBUG o.s.s.w.u.matcher.AndRequestMatcher - Trying to match using Ant [pattern='/**', GET]
585288 [http-nio-8080-exec-6] DEBUG o.s.s.w.a.ExceptionTranslationFilter - Calling Authentication entry point.
585288 [http-nio-8080-exec-10] DEBUG o.s.s.w.u.m.AntPathRequestMatcher - Request '/bootstrap/js/bootstrap.js' matched by universal pattern '/**'
585288 [http-nio-8080-exec-10] DEBUG o.s.s.w.u.matcher.AndRequestMatcher - Trying to match using NegatedRequestMatcher [requestMatcher=Ant [pattern='/**/favicon.ico']]
585288 [http-nio-8080-exec-9] DEBUG o.s.s.w.u.matcher.AndRequestMatcher - Trying to match using NegatedRequestMatcher [requestMatcher=Ant [pattern='/**/favicon.ico']]
585288 [http-nio-8080-exec-10] DEBUG o.s.s.w.u.m.AntPathRequestMatcher - Checking match of request : '/bootstrap/js/bootstrap.js'; against '/**/favicon.ico'
585288 [http-nio-8080-exec-10] DEBUG o.s.s.w.u.m.NegatedRequestMatcher - matches = true
585288 [http-nio-8080-exec-6] DEBUG o.s.s.web.DefaultRedirectStrategy - Redirecting to 'http://localhost:8080/login'
585288 [http-nio-8080-exec-10] DEBUG o.s.s.w.u.matcher.AndRequestMatcher - Trying to match using NegatedRequestMatcher [requestMatcher=MediaTypeRequestMatcher [contentNegotiationStrategy=org.springframework.web.accept.ContentNegotiationManager@34a84d5e, matchingMediaTypes=[application/json], useEquals=false, ignoredMediaTypes=[*/*]]]
585288 [http-nio-8080-exec-9] DEBUG o.s.s.w.u.m.AntPathRequestMatcher - Checking match of request : '/jquery/jquery-2.1.3.js'; against '/**/favicon.ico'
585288 [http-nio-8080-exec-10] DEBUG o.s.s.w.u.m.MediaTypeRequestMatcher - httpRequestMediaTypes=[application/javascript]
585288 [http-nio-8080-exec-10] DEBUG o.s.s.w.u.m.MediaTypeRequestMatcher - Processing application/javascript
585288 [http-nio-8080-exec-6] DEBUG o.s.s.w.c.HttpSessionSecurityContextRepository - SecurityContext is empty or contents are anonymous - context will not be stored in HttpSession.
585288 [http-nio-8080-exec-9] DEBUG o.s.s.w.u.m.NegatedRequestMatcher - matches = true
585288 [http-nio-8080-exec-6] DEBUG o.s.s.w.c.SecurityContextPersistenceFilter - SecurityContextHolder now cleared, as request processing completed
585288 [http-nio-8080-exec-9] DEBUG o.s.s.w.u.matcher.AndRequestMatcher - Trying to match using NegatedRequestMatcher [requestMatcher=MediaTypeRequestMatcher [contentNegotiationStrategy=org.springframework.web.accept.ContentNegotiationManager@34a84d5e, matchingMediaTypes=[application/json], useEquals=false, ignoredMediaTypes=[*/*]]]
585288 [http-nio-8080-exec-10] DEBUG o.s.s.w.u.m.MediaTypeRequestMatcher - application/json .isCompatibleWith application/javascript = false
585288 [http-nio-8080-exec-9] DEBUG o.s.s.w.u.m.MediaTypeRequestMatcher - httpRequestMediaTypes=[application/javascript]
585288 [http-nio-8080-exec-9] DEBUG o.s.s.w.u.m.MediaTypeRequestMatcher - Processing application/javascript
585288 [http-nio-8080-exec-9] DEBUG o.s.s.w.u.m.MediaTypeRequestMatcher - application/json .isCompatibleWith application/javascript = false
585288 [http-nio-8080-exec-9] DEBUG o.s.s.w.u.m.MediaTypeRequestMatcher - Did not match any media types
585288 [http-nio-8080-exec-9] DEBUG o.s.s.w.u.m.NegatedRequestMatcher - matches = true
585288 [http-nio-8080-exec-9] DEBUG o.s.s.w.u.matcher.AndRequestMatcher - Trying to match using NegatedRequestMatcher [requestMatcher=RequestHeaderRequestMatcher [expectedHeaderName=X-Requested-With, expectedHeaderValue=XMLHttpRequest]]
585288 [http-nio-8080-exec-10] DEBUG o.s.s.w.u.m.MediaTypeRequestMatcher - Did not match any media types
585288 [http-nio-8080-exec-10] DEBUG o.s.s.w.u.m.NegatedRequestMatcher - matches = true
585288 [http-nio-8080-exec-10] DEBUG o.s.s.w.u.matcher.AndRequestMatcher - Trying to match using NegatedRequestMatcher [requestMatcher=RequestHeaderRequestMatcher [expectedHeaderName=X-Requested-With, expectedHeaderValue=XMLHttpRequest]]
585288 [http-nio-8080-exec-10] DEBUG o.s.s.w.u.m.NegatedRequestMatcher - matches = true
585288 [http-nio-8080-exec-10] DEBUG o.s.s.w.u.matcher.AndRequestMatcher - All requestMatchers returned true
585288 [http-nio-8080-exec-9] DEBUG o.s.s.w.u.m.NegatedRequestMatcher - matches = true
585288 [http-nio-8080-exec-10] DEBUG o.s.s.w.s.HttpSessionRequestCache - DefaultSavedRequest added to Session: DefaultSavedRequest[http://localhost:8080/bootstrap/js/bootstrap.js]
585290 [http-nio-8080-exec-9] DEBUG o.s.s.w.u.matcher.AndRequestMatcher - All requestMatchers returned true
585290 [http-nio-8080-exec-10] DEBUG o.s.s.w.a.ExceptionTranslationFilter - Calling Authentication entry point.
585290 [http-nio-8080-exec-3] DEBUG o.s.s.w.u.matcher.OrRequestMatcher - Trying to match using Ant [pattern='/css/**']
585290 [http-nio-8080-exec-3] DEBUG o.s.s.w.u.m.AntPathRequestMatcher - Checking match of request : '/login'; against '/css/**'
585290 [http-nio-8080-exec-3] DEBUG o.s.s.w.u.matcher.OrRequestMatcher - Trying to match using Ant [pattern='/js/**']
585290 [http-nio-8080-exec-3] DEBUG o.s.s.w.u.m.AntPathRequestMatcher - Checking match of request : '/login'; against '/js/**'
585290 [http-nio-8080-exec-3] DEBUG o.s.s.w.u.matcher.OrRequestMatcher - Trying to match using Ant [pattern='/images/**']
585290 [http-nio-8080-exec-9] DEBUG o.s.s.w.s.HttpSessionRequestCache - DefaultSavedRequest added to Session: DefaultSavedRequest[http://localhost:8080/jquery/jquery-2.1.3.js]
585290 [http-nio-8080-exec-9] DEBUG o.s.s.w.a.ExceptionTranslationFilter - Calling Authentication entry point.
585290 [http-nio-8080-exec-10] DEBUG o.s.s.web.DefaultRedirectStrategy - Redirecting to 'http://localhost:8080/login'
585290 [http-nio-8080-exec-10] DEBUG o.s.s.w.c.HttpSessionSecurityContextRepository - SecurityContext is empty or contents are anonymous - context will not be stored in HttpSession.
585290 [http-nio-8080-exec-3] DEBUG o.s.s.w.u.m.AntPathRequestMatcher - Checking match of request : '/login'; against '/images/**'
585290 [http-nio-8080-exec-3] DEBUG o.s.s.w.u.matcher.OrRequestMatcher - Trying to match using Ant [pattern='/webjars/**']
585290 [http-nio-8080-exec-3] DEBUG o.s.s.w.u.m.AntPathRequestMatcher - Checking match of request : '/login'; against '/webjars/**'
585290 [http-nio-8080-exec-3] DEBUG o.s.s.w.u.matcher.OrRequestMatcher - Trying to match using Ant [pattern='/**/favicon.ico']
585290 [http-nio-8080-exec-3] DEBUG o.s.s.w.u.m.AntPathRequestMatcher - Checking match of request : '/login'; against '/**/favicon.ico'
585290 [http-nio-8080-exec-9] DEBUG o.s.s.web.DefaultRedirectStrategy - Redirecting to 'http://localhost:8080/login'
585290 [http-nio-8080-exec-9] DEBUG o.s.s.w.c.HttpSessionSecurityContextRepository - SecurityContext is empty or contents are anonymous - context will not be stored in HttpSession.
585290 [http-nio-8080-exec-10] DEBUG o.s.s.w.c.SecurityContextPersistenceFilter - SecurityContextHolder now cleared, as request processing completed
585290 [http-nio-8080-exec-3] DEBUG o.s.s.w.u.matcher.OrRequestMatcher - Trying to match using Ant [pattern='/error']
585290 [http-nio-8080-exec-3] DEBUG o.s.s.w.u.m.AntPathRequestMatcher - Checking match of request : '/login'; against '/error'
585290 [http-nio-8080-exec-3] DEBUG o.s.s.w.u.matcher.OrRequestMatcher - No matches found
585290 [http-nio-8080-exec-3] DEBUG o.s.security.web.FilterChainProxy - /login at position 1 of 12 in additional filter chain; firing Filter: 'WebAsyncManagerIntegrationFilter'
585290 [http-nio-8080-exec-9] DEBUG o.s.s.w.c.SecurityContextPersistenceFilter - SecurityContextHolder now cleared, as request processing completed
585290 [http-nio-8080-exec-3] DEBUG o.s.security.web.FilterChainProxy - /login at position 2 of 12 in additional filter chain; firing Filter: 'SecurityContextPersistenceFilter'
585290 [http-nio-8080-exec-3] DEBUG o.s.s.w.c.HttpSessionSecurityContextRepository - HttpSession returned null object for SPRING_SECURITY_CONTEXT
585290 [http-nio-8080-exec-3] DEBUG o.s.s.w.c.HttpSessionSecurityContextRepository - No SecurityContext was available from the HttpSession: org.apache.catalina.session.StandardSessionFacade@30689b56. A new one will be created.
585290 [http-nio-8080-exec-3] DEBUG o.s.security.web.FilterChainProxy - /login at position 3 of 12 in additional filter chain; firing Filter: 'HeaderWriterFilter'
585290 [http-nio-8080-exec-3] DEBUG o.s.s.w.h.writers.HstsHeaderWriter - Not injecting HSTS header since it did not match the requestMatcher org.springframework.security.web.header.writers.HstsHeaderWriter$SecureRequestMatcher@34571983
585291 [http-nio-8080-exec-3] DEBUG o.s.security.web.FilterChainProxy - /login at position 4 of 12 in additional filter chain; firing Filter: 'CsrfFilter'
585291 [http-nio-8080-exec-3] DEBUG o.s.security.web.FilterChainProxy - /login at position 5 of 12 in additional filter chain; firing Filter: 'LogoutFilter'
585291 [http-nio-8080-exec-3] DEBUG o.s.s.w.u.m.AntPathRequestMatcher - Request 'GET /login' doesn't match 'POST /logout
585291 [http-nio-8080-exec-3] DEBUG o.s.security.web.FilterChainProxy - /login at position 6 of 12 in additional filter chain; firing Filter: 'UsernamePasswordAuthenticationFilter'
585291 [http-nio-8080-exec-3] DEBUG o.s.s.w.u.m.AntPathRequestMatcher - Request 'GET /login' doesn't match 'POST /login
585291 [http-nio-8080-exec-3] DEBUG o.s.security.web.FilterChainProxy - /login at position 7 of 12 in additional filter chain; firing Filter: 'RequestCacheAwareFilter'
585291 [http-nio-8080-exec-3] DEBUG o.s.s.w.s.DefaultSavedRequest - pathInfo: both null (property equals)
585291 [http-nio-8080-exec-3] DEBUG o.s.s.w.s.DefaultSavedRequest - queryString: both null (property equals)
585291 [http-nio-8080-exec-3] DEBUG o.s.s.w.s.DefaultSavedRequest - requestURI: arg1=/jquery/jquery-2.1.3.js; arg2=/login (property not equals)
585291 [http-nio-8080-exec-3] DEBUG o.s.s.w.s.HttpSessionRequestCache - saved request doesn't match
585291 [http-nio-8080-exec-3] DEBUG o.s.security.web.FilterChainProxy - /login at position 8 of 12 in additional filter chain; firing Filter: 'SecurityContextHolderAwareRequestFilter'
585291 [http-nio-8080-exec-3] DEBUG o.s.security.web.FilterChainProxy - /login at position 9 of 12 in additional filter chain; firing Filter: 'AnonymousAuthenticationFilter'
585291 [http-nio-8080-exec-3] DEBUG o.s.s.w.a.AnonymousAuthenticationFilter - Populated SecurityContextHolder with anonymous token: 'org.springframework.security.authentication.AnonymousAuthenticationToken@6fabe8e0: Principal: anonymousUser; Credentials: [PROTECTED]; Authenticated: true; Details: org.springframework.security.web.authentication.WebAuthenticationDetails@fffe9938: RemoteIpAddress: 0:0:0:0:0:0:0:1; SessionId: 760D79BA12046463C13AD8F04AD89B62; Granted Authorities: ROLE_ANONYMOUS'
585291 [http-nio-8080-exec-3] DEBUG o.s.security.web.FilterChainProxy - /login at position 10 of 12 in additional filter chain; firing Filter: 'SessionManagementFilter'
585291 [http-nio-8080-exec-3] DEBUG o.s.security.web.FilterChainProxy - /login at position 11 of 12 in additional filter chain; firing Filter: 'ExceptionTranslationFilter'
585291 [http-nio-8080-exec-3] DEBUG o.s.security.web.FilterChainProxy - /login at position 12 of 12 in additional filter chain; firing Filter: 'FilterSecurityInterceptor'
585291 [http-nio-8080-exec-3] DEBUG o.s.s.w.a.i.FilterSecurityInterceptor - Secure object: FilterInvocation: URL: /login; Attributes: [permitAll]
585291 [http-nio-8080-exec-3] DEBUG o.s.s.w.a.i.FilterSecurityInterceptor - Previously Authenticated: org.springframework.security.authentication.AnonymousAuthenticationToken@6fabe8e0: Principal: anonymousUser; Credentials: [PROTECTED]; Authenticated: true; Details: org.springframework.security.web.authentication.WebAuthenticationDetails@fffe9938: RemoteIpAddress: 0:0:0:0:0:0:0:1; SessionId: 760D79BA12046463C13AD8F04AD89B62; Granted Authorities: ROLE_ANONYMOUS
585291 [http-nio-8080-exec-3] DEBUG o.s.s.access.vote.AffirmativeBased - Voter: org.springframework.security.web.access.expression.WebExpressionVoter@7155916d, returned: 1
585291 [http-nio-8080-exec-3] DEBUG o.s.s.w.a.i.FilterSecurityInterceptor - Authorization successful
585291 [http-nio-8080-exec-3] DEBUG o.s.s.w.a.i.FilterSecurityInterceptor - RunAsManager did not change Authentication object
585291 [http-nio-8080-exec-3] DEBUG o.s.security.web.FilterChainProxy - /login reached end of additional filter chain; proceeding with original chain
585293 [http-nio-8080-exec-3] DEBUG o.s.s.w.c.HttpSessionSecurityContextRepository - SecurityContext is empty or contents are anonymous - context will not be stored in HttpSession.
585294 [http-nio-8080-exec-3] DEBUG o.s.s.w.a.ExceptionTranslationFilter - Chain processed normally
585294 [http-nio-8080-exec-3] DEBUG o.s.s.w.c.SecurityContextPersistenceFilter - SecurityContextHolder now cleared, as request processing completed
585295 [http-nio-8080-exec-8] DEBUG o.s.s.w.u.matcher.OrRequestMatcher - Trying to match using Ant [pattern='/css/**']
585295 [http-nio-8080-exec-1] DEBUG o.s.s.w.u.matcher.OrRequestMatcher - Trying to match using Ant [pattern='/css/**']
585295 [http-nio-8080-exec-8] DEBUG o.s.s.w.u.m.AntPathRequestMatcher - Checking match of request : '/login'; against '/css/**'
585296 [http-nio-8080-exec-8] DEBUG o.s.s.w.u.matcher.OrRequestMatcher - Trying to match using Ant [pattern='/js/**']
585296 [http-nio-8080-exec-1] DEBUG o.s.s.w.u.m.AntPathRequestMatcher - Checking match of request : '/login'; against '/css/**'
585296 [http-nio-8080-exec-8] DEBUG o.s.s.w.u.m.AntPathRequestMatcher - Checking match of request : '/login'; against '/js/**'
585296 [http-nio-8080-exec-1] DEBUG o.s.s.w.u.matcher.OrRequestMatcher - Trying to match using Ant [pattern='/js/**']
585296 [http-nio-8080-exec-8] DEBUG o.s.s.w.u.matcher.OrRequestMatcher - Trying to match using Ant [pattern='/images/**']
585296 [http-nio-8080-exec-1] DEBUG o.s.s.w.u.m.AntPathRequestMatcher - Checking match of request : '/login'; against '/js/**'
585296 [http-nio-8080-exec-8] DEBUG o.s.s.w.u.m.AntPathRequestMatcher - Checking match of request : '/login'; against '/images/**'
585296 [http-nio-8080-exec-1] DEBUG o.s.s.w.u.matcher.OrRequestMatcher - Trying to match using Ant [pattern='/images/**']
585296 [http-nio-8080-exec-8] DEBUG o.s.s.w.u.matcher.OrRequestMatcher - Trying to match using Ant [pattern='/webjars/**']
585296 [http-nio-8080-exec-8] DEBUG o.s.s.w.u.m.AntPathRequestMatcher - Checking match of request : '/login'; against '/webjars/**'
585296 [http-nio-8080-exec-1] DEBUG o.s.s.w.u.m.AntPathRequestMatcher - Checking match of request : '/login'; against '/images/**'
585296 [http-nio-8080-exec-8] DEBUG o.s.s.w.u.matcher.OrRequestMatcher - Trying to match using Ant [pattern='/**/favicon.ico']
585296 [http-nio-8080-exec-1] DEBUG o.s.s.w.u.matcher.OrRequestMatcher - Trying to match using Ant [pattern='/webjars/**']
585296 [http-nio-8080-exec-8] DEBUG o.s.s.w.u.m.AntPathRequestMatcher - Checking match of request : '/login'; against '/**/favicon.ico'
585296 [http-nio-8080-exec-1] DEBUG o.s.s.w.u.m.AntPathRequestMatcher - Checking match of request : '/login'; against '/webjars/**'
585296 [http-nio-8080-exec-8] DEBUG o.s.s.w.u.matcher.OrRequestMatcher - Trying to match using Ant [pattern='/error']
585296 [http-nio-8080-exec-1] DEBUG o.s.s.w.u.matcher.OrRequestMatcher - Trying to match using Ant [pattern='/**/favicon.ico']
585296 [http-nio-8080-exec-8] DEBUG o.s.s.w.u.m.AntPathRequestMatcher - Checking match of request : '/login'; against '/error'
585296 [http-nio-8080-exec-1] DEBUG o.s.s.w.u.m.AntPathRequestMatcher - Checking match of request : '/login'; against '/**/favicon.ico'
585296 [http-nio-8080-exec-8] DEBUG o.s.s.w.u.matcher.OrRequestMatcher - No matches found
585296 [http-nio-8080-exec-1] DEBUG o.s.s.w.u.matcher.OrRequestMatcher - Trying to match using Ant [pattern='/error']
585296 [http-nio-8080-exec-1] DEBUG o.s.s.w.u.m.AntPathRequestMatcher - Checking match of request : '/login'; against '/error'
585296 [http-nio-8080-exec-8] DEBUG o.s.security.web.FilterChainProxy - /login at position 1 of 12 in additional filter chain; firing Filter: 'WebAsyncManagerIntegrationFilter'
585296 [http-nio-8080-exec-1] DEBUG o.s.s.w.u.matcher.OrRequestMatcher - No matches found
585296 [http-nio-8080-exec-1] DEBUG o.s.security.web.FilterChainProxy - /login at position 1 of 12 in additional filter chain; firing Filter: 'WebAsyncManagerIntegrationFilter'
585296 [http-nio-8080-exec-8] DEBUG o.s.security.web.FilterChainProxy - /login at position 2 of 12 in additional filter chain; firing Filter: 'SecurityContextPersistenceFilter'
585296 [http-nio-8080-exec-1] DEBUG o.s.security.web.FilterChainProxy - /login at position 2 of 12 in additional filter chain; firing Filter: 'SecurityContextPersistenceFilter'
585296 [http-nio-8080-exec-1] DEBUG o.s.s.w.c.HttpSessionSecurityContextRepository - HttpSession returned null object for SPRING_SECURITY_CONTEXT
585296 [http-nio-8080-exec-8] DEBUG o.s.s.w.c.HttpSessionSecurityContextRepository - HttpSession returned null object for SPRING_SECURITY_CONTEXT
585296 [http-nio-8080-exec-1] DEBUG o.s.s.w.c.HttpSessionSecurityContextRepository - No SecurityContext was available from the HttpSession: org.apache.catalina.session.StandardSessionFacade@30689b56. A new one will be created.
585296 [http-nio-8080-exec-8] DEBUG o.s.s.w.c.HttpSessionSecurityContextRepository - No SecurityContext was available from the HttpSession: org.apache.catalina.session.StandardSessionFacade@30689b56. A new one will be created.
585296 [http-nio-8080-exec-1] DEBUG o.s.security.web.FilterChainProxy - /login at position 3 of 12 in additional filter chain; firing Filter: 'HeaderWriterFilter'
585296 [http-nio-8080-exec-8] DEBUG o.s.security.web.FilterChainProxy - /login at position 3 of 12 in additional filter chain; firing Filter: 'HeaderWriterFilter'
585296 [http-nio-8080-exec-1] DEBUG o.s.s.w.h.writers.HstsHeaderWriter - Not injecting HSTS header since it did not match the requestMatcher org.springframework.security.web.header.writers.HstsHeaderWriter$SecureRequestMatcher@34571983
585296 [http-nio-8080-exec-8] DEBUG o.s.s.w.h.writers.HstsHeaderWriter - Not injecting HSTS header since it did not match the requestMatcher org.springframework.security.web.header.writers.HstsHeaderWriter$SecureRequestMatcher@34571983
585296 [http-nio-8080-exec-1] DEBUG o.s.security.web.FilterChainProxy - /login at position 4 of 12 in additional filter chain; firing Filter: 'CsrfFilter'
585296 [http-nio-8080-exec-8] DEBUG o.s.security.web.FilterChainProxy - /login at position 4 of 12 in additional filter chain; firing Filter: 'CsrfFilter'
585296 [http-nio-8080-exec-1] DEBUG o.s.security.web.FilterChainProxy - /login at position 5 of 12 in additional filter chain; firing Filter: 'LogoutFilter'
585296 [http-nio-8080-exec-8] DEBUG o.s.security.web.FilterChainProxy - /login at position 5 of 12 in additional filter chain; firing Filter: 'LogoutFilter'
585296 [http-nio-8080-exec-1] DEBUG o.s.s.w.u.m.AntPathRequestMatcher - Request 'GET /login' doesn't match 'POST /logout
585296 [http-nio-8080-exec-8] DEBUG o.s.s.w.u.m.AntPathRequestMatcher - Request 'GET /login' doesn't match 'POST /logout
585296 [http-nio-8080-exec-1] DEBUG o.s.security.web.FilterChainProxy - /login at position 6 of 12 in additional filter chain; firing Filter: 'UsernamePasswordAuthenticationFilter'
585296 [http-nio-8080-exec-8] DEBUG o.s.security.web.FilterChainProxy - /login at position 6 of 12 in additional filter chain; firing Filter: 'UsernamePasswordAuthenticationFilter'
585296 [http-nio-8080-exec-1] DEBUG o.s.s.w.u.m.AntPathRequestMatcher - Request 'GET /login' doesn't match 'POST /login
585296 [http-nio-8080-exec-8] DEBUG o.s.s.w.u.m.AntPathRequestMatcher - Request 'GET /login' doesn't match 'POST /login
585296 [http-nio-8080-exec-1] DEBUG o.s.security.web.FilterChainProxy - /login at position 7 of 12 in additional filter chain; firing Filter: 'RequestCacheAwareFilter'
585296 [http-nio-8080-exec-8] DEBUG o.s.security.web.FilterChainProxy - /login at position 7 of 12 in additional filter chain; firing Filter: 'RequestCacheAwareFilter'
585296 [http-nio-8080-exec-1] DEBUG o.s.s.w.s.DefaultSavedRequest - pathInfo: both null (property equals)
585296 [http-nio-8080-exec-8] DEBUG o.s.s.w.s.DefaultSavedRequest - pathInfo: both null (property equals)
585296 [http-nio-8080-exec-1] DEBUG o.s.s.w.s.DefaultSavedRequest - queryString: both null (property equals)
585296 [http-nio-8080-exec-8] DEBUG o.s.s.w.s.DefaultSavedRequest - queryString: both null (property equals)
585296 [http-nio-8080-exec-1] DEBUG o.s.s.w.s.DefaultSavedRequest - requestURI: arg1=/jquery/jquery-2.1.3.js; arg2=/login (property not equals)
585296 [http-nio-8080-exec-8] DEBUG o.s.s.w.s.DefaultSavedRequest - requestURI: arg1=/jquery/jquery-2.1.3.js; arg2=/login (property not equals)
585297 [http-nio-8080-exec-1] DEBUG o.s.s.w.s.HttpSessionRequestCache - saved request doesn't match
585297 [http-nio-8080-exec-8] DEBUG o.s.s.w.s.HttpSessionRequestCache - saved request doesn't match
585297 [http-nio-8080-exec-1] DEBUG o.s.security.web.FilterChainProxy - /login at position 8 of 12 in additional filter chain; firing Filter: 'SecurityContextHolderAwareRequestFilter'
585297 [http-nio-8080-exec-8] DEBUG o.s.security.web.FilterChainProxy - /login at position 8 of 12 in additional filter chain; firing Filter: 'SecurityContextHolderAwareRequestFilter'
585297 [http-nio-8080-exec-1] DEBUG o.s.security.web.FilterChainProxy - /login at position 9 of 12 in additional filter chain; firing Filter: 'AnonymousAuthenticationFilter'
585297 [http-nio-8080-exec-8] DEBUG o.s.security.web.FilterChainProxy - /login at position 9 of 12 in additional filter chain; firing Filter: 'AnonymousAuthenticationFilter'
585297 [http-nio-8080-exec-8] DEBUG o.s.s.w.a.AnonymousAuthenticationFilter - Populated SecurityContextHolder with anonymous token: 'org.springframework.security.authentication.AnonymousAuthenticationToken@6fabe8e0: Principal: anonymousUser; Credentials: [PROTECTED]; Authenticated: true; Details: org.springframework.security.web.authentication.WebAuthenticationDetails@fffe9938: RemoteIpAddress: 0:0:0:0:0:0:0:1; SessionId: 760D79BA12046463C13AD8F04AD89B62; Granted Authorities: ROLE_ANONYMOUS'
585297 [http-nio-8080-exec-1] DEBUG o.s.s.w.a.AnonymousAuthenticationFilter - Populated SecurityContextHolder with anonymous token: 'org.springframework.security.authentication.AnonymousAuthenticationToken@6fabe8e0: Principal: anonymousUser; Credentials: [PROTECTED]; Authenticated: true; Details: org.springframework.security.web.authentication.WebAuthenticationDetails@fffe9938: RemoteIpAddress: 0:0:0:0:0:0:0:1; SessionId: 760D79BA12046463C13AD8F04AD89B62; Granted Authorities: ROLE_ANONYMOUS'
585297 [http-nio-8080-exec-8] DEBUG o.s.security.web.FilterChainProxy - /login at position 10 of 12 in additional filter chain; firing Filter: 'SessionManagementFilter'
585297 [http-nio-8080-exec-1] DEBUG o.s.security.web.FilterChainProxy - /login at position 10 of 12 in additional filter chain; firing Filter: 'SessionManagementFilter'
585297 [http-nio-8080-exec-8] DEBUG o.s.security.web.FilterChainProxy - /login at position 11 of 12 in additional filter chain; firing Filter: 'ExceptionTranslationFilter'
585297 [http-nio-8080-exec-1] DEBUG o.s.security.web.FilterChainProxy - /login at position 11 of 12 in additional filter chain; firing Filter: 'ExceptionTranslationFilter'
585297 [http-nio-8080-exec-8] DEBUG o.s.security.web.FilterChainProxy - /login at position 12 of 12 in additional filter chain; firing Filter: 'FilterSecurityInterceptor'
585297 [http-nio-8080-exec-1] DEBUG o.s.security.web.FilterChainProxy - /login at position 12 of 12 in additional filter chain; firing Filter: 'FilterSecurityInterceptor'
585297 [http-nio-8080-exec-8] DEBUG o.s.s.w.a.i.FilterSecurityInterceptor - Secure object: FilterInvocation: URL: /login; Attributes: [permitAll]
585297 [http-nio-8080-exec-1] DEBUG o.s.s.w.a.i.FilterSecurityInterceptor - Secure object: FilterInvocation: URL: /login; Attributes: [permitAll]
585297 [http-nio-8080-exec-8] DEBUG o.s.s.w.a.i.FilterSecurityInterceptor - Previously Authenticated: org.springframework.security.authentication.AnonymousAuthenticationToken@6fabe8e0: Principal: anonymousUser; Credentials: [PROTECTED]; Authenticated: true; Details: org.springframework.security.web.authentication.WebAuthenticationDetails@fffe9938: RemoteIpAddress: 0:0:0:0:0:0:0:1; SessionId: 760D79BA12046463C13AD8F04AD89B62; Granted Authorities: ROLE_ANONYMOUS
585297 [http-nio-8080-exec-1] DEBUG o.s.s.w.a.i.FilterSecurityInterceptor - Previously Authenticated: org.springframework.security.authentication.AnonymousAuthenticationToken@6fabe8e0: Principal: anonymousUser; Credentials: [PROTECTED]; Authenticated: true; Details: org.springframework.security.web.authentication.WebAuthenticationDetails@fffe9938: RemoteIpAddress: 0:0:0:0:0:0:0:1; SessionId: 760D79BA12046463C13AD8F04AD89B62; Granted Authorities: ROLE_ANONYMOUS
585297 [http-nio-8080-exec-8] DEBUG o.s.s.access.vote.AffirmativeBased - Voter: org.springframework.security.web.access.expression.WebExpressionVoter@7155916d, returned: 1
585297 [http-nio-8080-exec-1] DEBUG o.s.s.access.vote.AffirmativeBased - Voter: org.springframework.security.web.access.expression.WebExpressionVoter@7155916d, returned: 1
585297 [http-nio-8080-exec-8] DEBUG o.s.s.w.a.i.FilterSecurityInterceptor - Authorization successful
585297 [http-nio-8080-exec-1] DEBUG o.s.s.w.a.i.FilterSecurityInterceptor - Authorization successful
585297 [http-nio-8080-exec-8] DEBUG o.s.s.w.a.i.FilterSecurityInterceptor - RunAsManager did not change Authentication object
585297 [http-nio-8080-exec-1] DEBUG o.s.s.w.a.i.FilterSecurityInterceptor - RunAsManager did not change Authentication object
585297 [http-nio-8080-exec-8] DEBUG o.s.security.web.FilterChainProxy - /login reached end of additional filter chain; proceeding with original chain
585297 [http-nio-8080-exec-1] DEBUG o.s.security.web.FilterChainProxy - /login reached end of additional filter chain; proceeding with original chain
585298 [http-nio-8080-exec-1] DEBUG o.s.s.w.c.HttpSessionSecurityContextRepository - SecurityContext is empty or contents are anonymous - context will not be stored in HttpSession.
585298 [http-nio-8080-exec-8] DEBUG o.s.s.w.c.HttpSessionSecurityContextRepository - SecurityContext is empty or contents are anonymous - context will not be stored in HttpSession.
585299 [http-nio-8080-exec-8] DEBUG o.s.s.w.a.ExceptionTranslationFilter - Chain processed normally
585299 [http-nio-8080-exec-1] DEBUG o.s.s.w.a.ExceptionTranslationFilter - Chain processed normally
585299 [http-nio-8080-exec-8] DEBUG o.s.s.w.c.SecurityContextPersistenceFilter - SecurityContextHolder now cleared, as request processing completed
585299 [http-nio-8080-exec-1] DEBUG o.s.s.w.c.SecurityContextPersistenceFilter - SecurityContextHolder now cleared, as request processing completed
8400 [restartedMain] DEBUG o.s.s.c.a.a.c.AuthenticationConfiguration$EnableGlobalAuthenticationAutowiredConfigurer - Eagerly initializing {org.springframework.boot.autoconfigure.security.SpringBootWebSecurityConfiguration=org.springframework.boot.autoconfigure.security.SpringBootWebSecurityConfiguration$$EnhancerBySpringCGLIB$$fb29ffd9@f48693}
8416 [restartedMain] INFO  o.s.s.w.DefaultSecurityFilterChain - Creating filter chain: OrRequestMatcher [requestMatchers=[Ant [pattern='/css/**'], Ant [pattern='/js/**'], Ant [pattern='/images/**'], Ant [pattern='/webjars/**'], Ant [pattern='/**/favicon.ico'], Ant [pattern='/error']]], []
8488 [restartedMain] DEBUG o.s.s.w.a.e.ExpressionBasedFilterInvocationSecurityMetadataSource - Adding web access control expression 'permitAll', for ExactUrl [processUrl='/login?error']
8489 [restartedMain] DEBUG o.s.s.w.a.e.ExpressionBasedFilterInvocationSecurityMetadataSource - Adding web access control expression 'permitAll', for ExactUrl [processUrl='/login']
8489 [restartedMain] DEBUG o.s.s.w.a.e.ExpressionBasedFilterInvocationSecurityMetadataSource - Adding web access control expression 'permitAll', for ExactUrl [processUrl='/login']
8489 [restartedMain] DEBUG o.s.s.w.a.e.ExpressionBasedFilterInvocationSecurityMetadataSource - Adding web access control expression 'permitAll', for Ant [pattern='/logout', POST]
8490 [restartedMain] DEBUG o.s.s.w.a.e.ExpressionBasedFilterInvocationSecurityMetadataSource - Adding web access control expression 'permitAll', for ExactUrl [processUrl='/login?logout']
8490 [restartedMain] DEBUG o.s.s.w.a.e.ExpressionBasedFilterInvocationSecurityMetadataSource - Adding web access control expression 'permitAll', for Ant [pattern='/static/**']
8490 [restartedMain] DEBUG o.s.s.w.a.e.ExpressionBasedFilterInvocationSecurityMetadataSource - Adding web access control expression 'authenticated', for org.springframework.security.web.util.matcher.AnyRequestMatcher@1
8490 [restartedMain] DEBUG o.s.s.w.a.e.ExpressionBasedFilterInvocationSecurityMetadataSource - Adding web access control expression 'permitAll', for Ant [pattern='/public/**']
8496 [restartedMain] DEBUG o.s.s.w.a.i.FilterSecurityInterceptor - Validated configuration attributes
8497 [restartedMain] DEBUG o.s.s.w.a.i.FilterSecurityInterceptor - Validated configuration attributes
8508 [restartedMain] INFO  o.s.s.w.DefaultSecurityFilterChain - Creating filter chain: org.springframework.security.web.util.matcher.AnyRequestMatcher@1, [org.springframework.security.web.context.request.async.WebAsyncManagerIntegrationFilter@7574d4d9, org.springframework.security.web.context.SecurityContextPersistenceFilter@3893858d, org.springframework.security.web.header.HeaderWriterFilter@34b2284c, org.springframework.security.web.csrf.CsrfFilter@27d3debb, org.springframework.security.web.authentication.logout.LogoutFilter@656b944c, org.springframework.security.web.authentication.UsernamePasswordAuthenticationFilter@5319b152, org.springframework.security.web.savedrequest.RequestCacheAwareFilter@55d73cfe, org.springframework.security.web.servletapi.SecurityContextHolderAwareRequestFilter@6f27fa6c, org.springframework.security.web.authentication.AnonymousAuthenticationFilter@25e862f, org.springframework.security.web.session.SessionManagementFilter@29b6607c, org.springframework.security.web.access.ExceptionTranslationFilter@5896b7e6, org.springframework.security.web.access.intercept.FilterSecurityInterceptor@2bc143d3]
8520 [restartedMain] DEBUG o.s.s.w.a.e.ExpressionBasedFilterInvocationSecurityMetadataSource - Adding web access control expression 'hasAnyRole('ROLE_USER')', for org.springframework.security.web.util.matcher.AnyRequestMatcher@1
8521 [restartedMain] DEBUG o.s.s.w.a.i.FilterSecurityInterceptor - Validated configuration attributes
8521 [restartedMain] DEBUG o.s.s.w.a.i.FilterSecurityInterceptor - Validated configuration attributes
8521 [restartedMain] INFO  o.s.s.w.DefaultSecurityFilterChain - Creating filter chain: OrRequestMatcher [requestMatchers=[Ant [pattern='/**']]], [org.springframework.security.web.context.request.async.WebAsyncManagerIntegrationFilter@709c37e0, org.springframework.security.web.context.SecurityContextPersistenceFilter@30ddd540, org.springframework.security.web.header.HeaderWriterFilter@1792c017, org.springframework.security.web.authentication.logout.LogoutFilter@68ee6ada, org.springframework.security.web.authentication.www.BasicAuthenticationFilter@489d7ac0, org.springframework.security.web.savedrequest.RequestCacheAwareFilter@78e1161e, org.springframework.security.web.servletapi.SecurityContextHolderAwareRequestFilter@7972f36d, org.springframework.security.web.authentication.AnonymousAuthenticationFilter@3d8b916b, org.springframework.security.web.session.SessionManagementFilter@680728b2, org.springframework.security.web.access.ExceptionTranslationFilter@10fb11f4, org.springframework.security.web.access.intercept.FilterSecurityInterceptor@5bf27fc1]
13995 [http-nio-8080-exec-2] DEBUG o.s.s.w.u.matcher.OrRequestMatcher - Trying to match using Ant [pattern='/css/**']
13996 [http-nio-8080-exec-2] DEBUG o.s.s.w.u.m.AntPathRequestMatcher - Checking match of request : '/login'; against '/css/**'
13996 [http-nio-8080-exec-2] DEBUG o.s.s.w.u.matcher.OrRequestMatcher - Trying to match using Ant [pattern='/js/**']
13996 [http-nio-8080-exec-2] DEBUG o.s.s.w.u.m.AntPathRequestMatcher - Checking match of request : '/login'; against '/js/**'
13996 [http-nio-8080-exec-2] DEBUG o.s.s.w.u.matcher.OrRequestMatcher - Trying to match using Ant [pattern='/images/**']
13996 [http-nio-8080-exec-2] DEBUG o.s.s.w.u.m.AntPathRequestMatcher - Checking match of request : '/login'; against '/images/**'
13996 [http-nio-8080-exec-2] DEBUG o.s.s.w.u.matcher.OrRequestMatcher - Trying to match using Ant [pattern='/webjars/**']
13996 [http-nio-8080-exec-2] DEBUG o.s.s.w.u.m.AntPathRequestMatcher - Checking match of request : '/login'; against '/webjars/**'
13996 [http-nio-8080-exec-2] DEBUG o.s.s.w.u.matcher.OrRequestMatcher - Trying to match using Ant [pattern='/**/favicon.ico']
13996 [http-nio-8080-exec-2] DEBUG o.s.s.w.u.m.AntPathRequestMatcher - Checking match of request : '/login'; against '/**/favicon.ico'
13996 [http-nio-8080-exec-2] DEBUG o.s.s.w.u.matcher.OrRequestMatcher - Trying to match using Ant [pattern='/error']
13996 [http-nio-8080-exec-2] DEBUG o.s.s.w.u.m.AntPathRequestMatcher - Checking match of request : '/login'; against '/error'
13996 [http-nio-8080-exec-2] DEBUG o.s.s.w.u.matcher.OrRequestMatcher - No matches found
13996 [http-nio-8080-exec-2] DEBUG o.s.security.web.FilterChainProxy - /login at position 1 of 12 in additional filter chain; firing Filter: 'WebAsyncManagerIntegrationFilter'
13997 [http-nio-8080-exec-2] DEBUG o.s.security.web.FilterChainProxy - /login at position 2 of 12 in additional filter chain; firing Filter: 'SecurityContextPersistenceFilter'
13997 [http-nio-8080-exec-2] DEBUG o.s.s.w.c.HttpSessionSecurityContextRepository - No HttpSession currently exists
13997 [http-nio-8080-exec-2] DEBUG o.s.s.w.c.HttpSessionSecurityContextRepository - No SecurityContext was available from the HttpSession: null. A new one will be created.
13999 [http-nio-8080-exec-2] DEBUG o.s.security.web.FilterChainProxy - /login at position 3 of 12 in additional filter chain; firing Filter: 'HeaderWriterFilter'
14000 [http-nio-8080-exec-2] DEBUG o.s.s.w.h.writers.HstsHeaderWriter - Not injecting HSTS header since it did not match the requestMatcher org.springframework.security.web.header.writers.HstsHeaderWriter$SecureRequestMatcher@71b6fbc5
14000 [http-nio-8080-exec-2] DEBUG o.s.security.web.FilterChainProxy - /login at position 4 of 12 in additional filter chain; firing Filter: 'CsrfFilter'
14001 [http-nio-8080-exec-2] DEBUG o.s.security.web.FilterChainProxy - /login at position 5 of 12 in additional filter chain; firing Filter: 'LogoutFilter'
14001 [http-nio-8080-exec-2] DEBUG o.s.s.w.u.m.AntPathRequestMatcher - Request 'GET /login' doesn't match 'POST /logout
14001 [http-nio-8080-exec-2] DEBUG o.s.security.web.FilterChainProxy - /login at position 6 of 12 in additional filter chain; firing Filter: 'UsernamePasswordAuthenticationFilter'
14001 [http-nio-8080-exec-2] DEBUG o.s.s.w.u.m.AntPathRequestMatcher - Request 'GET /login' doesn't match 'POST /login
14001 [http-nio-8080-exec-2] DEBUG o.s.security.web.FilterChainProxy - /login at position 7 of 12 in additional filter chain; firing Filter: 'RequestCacheAwareFilter'
14001 [http-nio-8080-exec-2] DEBUG o.s.security.web.FilterChainProxy - /login at position 8 of 12 in additional filter chain; firing Filter: 'SecurityContextHolderAwareRequestFilter'
14002 [http-nio-8080-exec-2] DEBUG o.s.security.web.FilterChainProxy - /login at position 9 of 12 in additional filter chain; firing Filter: 'AnonymousAuthenticationFilter'
14003 [http-nio-8080-exec-2] DEBUG o.s.s.w.a.AnonymousAuthenticationFilter - Populated SecurityContextHolder with anonymous token: 'org.springframework.security.authentication.AnonymousAuthenticationToken@9055c2bc: Principal: anonymousUser; Credentials: [PROTECTED]; Authenticated: true; Details: org.springframework.security.web.authentication.WebAuthenticationDetails@b364: RemoteIpAddress: 0:0:0:0:0:0:0:1; SessionId: null; Granted Authorities: ROLE_ANONYMOUS'
14003 [http-nio-8080-exec-2] DEBUG o.s.security.web.FilterChainProxy - /login at position 10 of 12 in additional filter chain; firing Filter: 'SessionManagementFilter'
14003 [http-nio-8080-exec-2] DEBUG o.s.s.w.s.SessionManagementFilter - Requested session ID 760D79BA12046463C13AD8F04AD89B62 is invalid.
14003 [http-nio-8080-exec-2] DEBUG o.s.security.web.FilterChainProxy - /login at position 11 of 12 in additional filter chain; firing Filter: 'ExceptionTranslationFilter'
14003 [http-nio-8080-exec-2] DEBUG o.s.security.web.FilterChainProxy - /login at position 12 of 12 in additional filter chain; firing Filter: 'FilterSecurityInterceptor'
14004 [http-nio-8080-exec-2] DEBUG o.s.s.w.a.i.FilterSecurityInterceptor - Secure object: FilterInvocation: URL: /login; Attributes: [permitAll]
14004 [http-nio-8080-exec-2] DEBUG o.s.s.w.a.i.FilterSecurityInterceptor - Previously Authenticated: org.springframework.security.authentication.AnonymousAuthenticationToken@9055c2bc: Principal: anonymousUser; Credentials: [PROTECTED]; Authenticated: true; Details: org.springframework.security.web.authentication.WebAuthenticationDetails@b364: RemoteIpAddress: 0:0:0:0:0:0:0:1; SessionId: null; Granted Authorities: ROLE_ANONYMOUS
14007 [http-nio-8080-exec-2] DEBUG o.s.s.access.vote.AffirmativeBased - Voter: org.springframework.security.web.access.expression.WebExpressionVoter@6ac48de7, returned: 1
14007 [http-nio-8080-exec-2] DEBUG o.s.s.w.a.i.FilterSecurityInterceptor - Authorization successful
14007 [http-nio-8080-exec-2] DEBUG o.s.s.w.a.i.FilterSecurityInterceptor - RunAsManager did not change Authentication object
14007 [http-nio-8080-exec-2] DEBUG o.s.security.web.FilterChainProxy - /login reached end of additional filter chain; proceeding with original chain
14064 [http-nio-8080-exec-2] DEBUG o.s.s.w.c.HttpSessionSecurityContextRepository - SecurityContext is empty or contents are anonymous - context will not be stored in HttpSession.
14072 [http-nio-8080-exec-2] DEBUG o.s.s.w.a.ExceptionTranslationFilter - Chain processed normally
14072 [http-nio-8080-exec-2] DEBUG o.s.s.w.c.SecurityContextPersistenceFilter - SecurityContextHolder now cleared, as request processing completed
14076 [http-nio-8080-exec-4] DEBUG o.s.s.w.u.matcher.OrRequestMatcher - Trying to match using Ant [pattern='/css/**']
14076 [http-nio-8080-exec-4] DEBUG o.s.s.w.u.m.AntPathRequestMatcher - Checking match of request : '/bootstrap/css/bootstrap.css'; against '/css/**'
14076 [http-nio-8080-exec-1] DEBUG o.s.s.w.u.matcher.OrRequestMatcher - Trying to match using Ant [pattern='/css/**']
14076 [http-nio-8080-exec-3] DEBUG o.s.s.w.u.matcher.OrRequestMatcher - Trying to match using Ant [pattern='/css/**']
14076 [http-nio-8080-exec-4] DEBUG o.s.s.w.u.matcher.OrRequestMatcher - Trying to match using Ant [pattern='/js/**']
14076 [http-nio-8080-exec-1] DEBUG o.s.s.w.u.m.AntPathRequestMatcher - Checking match of request : '/bootstrap/js/bootstrap.js'; against '/css/**'
14076 [http-nio-8080-exec-3] DEBUG o.s.s.w.u.m.AntPathRequestMatcher - Checking match of request : '/jquery/jquery-2.1.3.js'; against '/css/**'
14076 [http-nio-8080-exec-4] DEBUG o.s.s.w.u.m.AntPathRequestMatcher - Checking match of request : '/bootstrap/css/bootstrap.css'; against '/js/**'
14076 [http-nio-8080-exec-3] DEBUG o.s.s.w.u.matcher.OrRequestMatcher - Trying to match using Ant [pattern='/js/**']
14076 [http-nio-8080-exec-1] DEBUG o.s.s.w.u.matcher.OrRequestMatcher - Trying to match using Ant [pattern='/js/**']
14076 [http-nio-8080-exec-4] DEBUG o.s.s.w.u.matcher.OrRequestMatcher - Trying to match using Ant [pattern='/images/**']
14076 [http-nio-8080-exec-3] DEBUG o.s.s.w.u.m.AntPathRequestMatcher - Checking match of request : '/jquery/jquery-2.1.3.js'; against '/js/**'
14076 [http-nio-8080-exec-1] DEBUG o.s.s.w.u.m.AntPathRequestMatcher - Checking match of request : '/bootstrap/js/bootstrap.js'; against '/js/**'
14077 [http-nio-8080-exec-4] DEBUG o.s.s.w.u.m.AntPathRequestMatcher - Checking match of request : '/bootstrap/css/bootstrap.css'; against '/images/**'
14077 [http-nio-8080-exec-3] DEBUG o.s.s.w.u.matcher.OrRequestMatcher - Trying to match using Ant [pattern='/images/**']
14077 [http-nio-8080-exec-1] DEBUG o.s.s.w.u.matcher.OrRequestMatcher - Trying to match using Ant [pattern='/images/**']
14077 [http-nio-8080-exec-4] DEBUG o.s.s.w.u.matcher.OrRequestMatcher - Trying to match using Ant [pattern='/webjars/**']
14077 [http-nio-8080-exec-3] DEBUG o.s.s.w.u.m.AntPathRequestMatcher - Checking match of request : '/jquery/jquery-2.1.3.js'; against '/images/**'
14077 [http-nio-8080-exec-4] DEBUG o.s.s.w.u.m.AntPathRequestMatcher - Checking match of request : '/bootstrap/css/bootstrap.css'; against '/webjars/**'
14077 [http-nio-8080-exec-1] DEBUG o.s.s.w.u.m.AntPathRequestMatcher - Checking match of request : '/bootstrap/js/bootstrap.js'; against '/images/**'
14077 [http-nio-8080-exec-3] DEBUG o.s.s.w.u.matcher.OrRequestMatcher - Trying to match using Ant [pattern='/webjars/**']
14077 [http-nio-8080-exec-4] DEBUG o.s.s.w.u.matcher.OrRequestMatcher - Trying to match using Ant [pattern='/**/favicon.ico']
14077 [http-nio-8080-exec-3] DEBUG o.s.s.w.u.m.AntPathRequestMatcher - Checking match of request : '/jquery/jquery-2.1.3.js'; against '/webjars/**'
14077 [http-nio-8080-exec-1] DEBUG o.s.s.w.u.matcher.OrRequestMatcher - Trying to match using Ant [pattern='/webjars/**']
14077 [http-nio-8080-exec-3] DEBUG o.s.s.w.u.matcher.OrRequestMatcher - Trying to match using Ant [pattern='/**/favicon.ico']
14077 [http-nio-8080-exec-4] DEBUG o.s.s.w.u.m.AntPathRequestMatcher - Checking match of request : '/bootstrap/css/bootstrap.css'; against '/**/favicon.ico'
14077 [http-nio-8080-exec-1] DEBUG o.s.s.w.u.m.AntPathRequestMatcher - Checking match of request : '/bootstrap/js/bootstrap.js'; against '/webjars/**'
14077 [http-nio-8080-exec-3] DEBUG o.s.s.w.u.m.AntPathRequestMatcher - Checking match of request : '/jquery/jquery-2.1.3.js'; against '/**/favicon.ico'
14077 [http-nio-8080-exec-1] DEBUG o.s.s.w.u.matcher.OrRequestMatcher - Trying to match using Ant [pattern='/**/favicon.ico']
14077 [http-nio-8080-exec-4] DEBUG o.s.s.w.u.matcher.OrRequestMatcher - Trying to match using Ant [pattern='/error']
14077 [http-nio-8080-exec-3] DEBUG o.s.s.w.u.matcher.OrRequestMatcher - Trying to match using Ant [pattern='/error']
14077 [http-nio-8080-exec-1] DEBUG o.s.s.w.u.m.AntPathRequestMatcher - Checking match of request : '/bootstrap/js/bootstrap.js'; against '/**/favicon.ico'
14077 [http-nio-8080-exec-4] DEBUG o.s.s.w.u.m.AntPathRequestMatcher - Checking match of request : '/bootstrap/css/bootstrap.css'; against '/error'
14077 [http-nio-8080-exec-1] DEBUG o.s.s.w.u.matcher.OrRequestMatcher - Trying to match using Ant [pattern='/error']
14077 [http-nio-8080-exec-3] DEBUG o.s.s.w.u.m.AntPathRequestMatcher - Checking match of request : '/jquery/jquery-2.1.3.js'; against '/error'
14077 [http-nio-8080-exec-4] DEBUG o.s.s.w.u.matcher.OrRequestMatcher - No matches found
14077 [http-nio-8080-exec-1] DEBUG o.s.s.w.u.m.AntPathRequestMatcher - Checking match of request : '/bootstrap/js/bootstrap.js'; against '/error'
14077 [http-nio-8080-exec-4] DEBUG o.s.security.web.FilterChainProxy - /bootstrap/css/bootstrap.css at position 1 of 12 in additional filter chain; firing Filter: 'WebAsyncManagerIntegrationFilter'
14077 [http-nio-8080-exec-3] DEBUG o.s.s.w.u.matcher.OrRequestMatcher - No matches found
14077 [http-nio-8080-exec-1] DEBUG o.s.s.w.u.matcher.OrRequestMatcher - No matches found
14077 [http-nio-8080-exec-4] DEBUG o.s.security.web.FilterChainProxy - /bootstrap/css/bootstrap.css at position 2 of 12 in additional filter chain; firing Filter: 'SecurityContextPersistenceFilter'
14077 [http-nio-8080-exec-3] DEBUG o.s.security.web.FilterChainProxy - /jquery/jquery-2.1.3.js at position 1 of 12 in additional filter chain; firing Filter: 'WebAsyncManagerIntegrationFilter'
14077 [http-nio-8080-exec-1] DEBUG o.s.security.web.FilterChainProxy - /bootstrap/js/bootstrap.js at position 1 of 12 in additional filter chain; firing Filter: 'WebAsyncManagerIntegrationFilter'
14077 [http-nio-8080-exec-4] DEBUG o.s.s.w.c.HttpSessionSecurityContextRepository - No HttpSession currently exists
14077 [http-nio-8080-exec-3] DEBUG o.s.security.web.FilterChainProxy - /jquery/jquery-2.1.3.js at position 2 of 12 in additional filter chain; firing Filter: 'SecurityContextPersistenceFilter'
14077 [http-nio-8080-exec-4] DEBUG o.s.s.w.c.HttpSessionSecurityContextRepository - No SecurityContext was available from the HttpSession: null. A new one will be created.
14077 [http-nio-8080-exec-1] DEBUG o.s.security.web.FilterChainProxy - /bootstrap/js/bootstrap.js at position 2 of 12 in additional filter chain; firing Filter: 'SecurityContextPersistenceFilter'
14078 [http-nio-8080-exec-4] DEBUG o.s.security.web.FilterChainProxy - /bootstrap/css/bootstrap.css at position 3 of 12 in additional filter chain; firing Filter: 'HeaderWriterFilter'
14078 [http-nio-8080-exec-3] DEBUG o.s.s.w.c.HttpSessionSecurityContextRepository - No HttpSession currently exists
14078 [http-nio-8080-exec-1] DEBUG o.s.s.w.c.HttpSessionSecurityContextRepository - No HttpSession currently exists
14078 [http-nio-8080-exec-3] DEBUG o.s.s.w.c.HttpSessionSecurityContextRepository - No SecurityContext was available from the HttpSession: null. A new one will be created.
14078 [http-nio-8080-exec-1] DEBUG o.s.s.w.c.HttpSessionSecurityContextRepository - No SecurityContext was available from the HttpSession: null. A new one will be created.
14078 [http-nio-8080-exec-4] DEBUG o.s.s.w.h.writers.HstsHeaderWriter - Not injecting HSTS header since it did not match the requestMatcher org.springframework.security.web.header.writers.HstsHeaderWriter$SecureRequestMatcher@71b6fbc5
14078 [http-nio-8080-exec-3] DEBUG o.s.security.web.FilterChainProxy - /jquery/jquery-2.1.3.js at position 3 of 12 in additional filter chain; firing Filter: 'HeaderWriterFilter'
14078 [http-nio-8080-exec-1] DEBUG o.s.security.web.FilterChainProxy - /bootstrap/js/bootstrap.js at position 3 of 12 in additional filter chain; firing Filter: 'HeaderWriterFilter'
14078 [http-nio-8080-exec-4] DEBUG o.s.security.web.FilterChainProxy - /bootstrap/css/bootstrap.css at position 4 of 12 in additional filter chain; firing Filter: 'CsrfFilter'
14078 [http-nio-8080-exec-1] DEBUG o.s.s.w.h.writers.HstsHeaderWriter - Not injecting HSTS header since it did not match the requestMatcher org.springframework.security.web.header.writers.HstsHeaderWriter$SecureRequestMatcher@71b6fbc5
14078 [http-nio-8080-exec-3] DEBUG o.s.s.w.h.writers.HstsHeaderWriter - Not injecting HSTS header since it did not match the requestMatcher org.springframework.security.web.header.writers.HstsHeaderWriter$SecureRequestMatcher@71b6fbc5
14078 [http-nio-8080-exec-4] DEBUG o.s.security.web.FilterChainProxy - /bootstrap/css/bootstrap.css at position 5 of 12 in additional filter chain; firing Filter: 'LogoutFilter'
14078 [http-nio-8080-exec-1] DEBUG o.s.security.web.FilterChainProxy - /bootstrap/js/bootstrap.js at position 4 of 12 in additional filter chain; firing Filter: 'CsrfFilter'
14078 [http-nio-8080-exec-3] DEBUG o.s.security.web.FilterChainProxy - /jquery/jquery-2.1.3.js at position 4 of 12 in additional filter chain; firing Filter: 'CsrfFilter'
14078 [http-nio-8080-exec-4] DEBUG o.s.s.w.u.m.AntPathRequestMatcher - Request 'GET /bootstrap/css/bootstrap.css' doesn't match 'POST /logout
14078 [http-nio-8080-exec-4] DEBUG o.s.security.web.FilterChainProxy - /bootstrap/css/bootstrap.css at position 6 of 12 in additional filter chain; firing Filter: 'UsernamePasswordAuthenticationFilter'
14078 [http-nio-8080-exec-3] DEBUG o.s.security.web.FilterChainProxy - /jquery/jquery-2.1.3.js at position 5 of 12 in additional filter chain; firing Filter: 'LogoutFilter'
14078 [http-nio-8080-exec-4] DEBUG o.s.s.w.u.m.AntPathRequestMatcher - Request 'GET /bootstrap/css/bootstrap.css' doesn't match 'POST /login
14078 [http-nio-8080-exec-1] DEBUG o.s.security.web.FilterChainProxy - /bootstrap/js/bootstrap.js at position 5 of 12 in additional filter chain; firing Filter: 'LogoutFilter'
14078 [http-nio-8080-exec-4] DEBUG o.s.security.web.FilterChainProxy - /bootstrap/css/bootstrap.css at position 7 of 12 in additional filter chain; firing Filter: 'RequestCacheAwareFilter'
14078 [http-nio-8080-exec-1] DEBUG o.s.s.w.u.m.AntPathRequestMatcher - Request 'GET /bootstrap/js/bootstrap.js' doesn't match 'POST /logout
14078 [http-nio-8080-exec-3] DEBUG o.s.s.w.u.m.AntPathRequestMatcher - Request 'GET /jquery/jquery-2.1.3.js' doesn't match 'POST /logout
14078 [http-nio-8080-exec-3] DEBUG o.s.security.web.FilterChainProxy - /jquery/jquery-2.1.3.js at position 6 of 12 in additional filter chain; firing Filter: 'UsernamePasswordAuthenticationFilter'
14078 [http-nio-8080-exec-4] DEBUG o.s.security.web.FilterChainProxy - /bootstrap/css/bootstrap.css at position 8 of 12 in additional filter chain; firing Filter: 'SecurityContextHolderAwareRequestFilter'
14078 [http-nio-8080-exec-1] DEBUG o.s.security.web.FilterChainProxy - /bootstrap/js/bootstrap.js at position 6 of 12 in additional filter chain; firing Filter: 'UsernamePasswordAuthenticationFilter'
14079 [http-nio-8080-exec-3] DEBUG o.s.s.w.u.m.AntPathRequestMatcher - Request 'GET /jquery/jquery-2.1.3.js' doesn't match 'POST /login
14079 [http-nio-8080-exec-4] DEBUG o.s.security.web.FilterChainProxy - /bootstrap/css/bootstrap.css at position 9 of 12 in additional filter chain; firing Filter: 'AnonymousAuthenticationFilter'
14079 [http-nio-8080-exec-3] DEBUG o.s.security.web.FilterChainProxy - /jquery/jquery-2.1.3.js at position 7 of 12 in additional filter chain; firing Filter: 'RequestCacheAwareFilter'
14079 [http-nio-8080-exec-1] DEBUG o.s.s.w.u.m.AntPathRequestMatcher - Request 'GET /bootstrap/js/bootstrap.js' doesn't match 'POST /login
14079 [http-nio-8080-exec-4] DEBUG o.s.s.w.a.AnonymousAuthenticationFilter - Populated SecurityContextHolder with anonymous token: 'org.springframework.security.authentication.AnonymousAuthenticationToken@9055c2bc: Principal: anonymousUser; Credentials: [PROTECTED]; Authenticated: true; Details: org.springframework.security.web.authentication.WebAuthenticationDetails@b364: RemoteIpAddress: 0:0:0:0:0:0:0:1; SessionId: null; Granted Authorities: ROLE_ANONYMOUS'
14079 [http-nio-8080-exec-3] DEBUG o.s.security.web.FilterChainProxy - /jquery/jquery-2.1.3.js at position 8 of 12 in additional filter chain; firing Filter: 'SecurityContextHolderAwareRequestFilter'
14079 [http-nio-8080-exec-1] DEBUG o.s.security.web.FilterChainProxy - /bootstrap/js/bootstrap.js at position 7 of 12 in additional filter chain; firing Filter: 'RequestCacheAwareFilter'
14079 [http-nio-8080-exec-4] DEBUG o.s.security.web.FilterChainProxy - /bootstrap/css/bootstrap.css at position 10 of 12 in additional filter chain; firing Filter: 'SessionManagementFilter'
14079 [http-nio-8080-exec-3] DEBUG o.s.security.web.FilterChainProxy - /jquery/jquery-2.1.3.js at position 9 of 12 in additional filter chain; firing Filter: 'AnonymousAuthenticationFilter'
14079 [http-nio-8080-exec-1] DEBUG o.s.security.web.FilterChainProxy - /bootstrap/js/bootstrap.js at position 8 of 12 in additional filter chain; firing Filter: 'SecurityContextHolderAwareRequestFilter'
14079 [http-nio-8080-exec-4] DEBUG o.s.s.w.s.SessionManagementFilter - Requested session ID 760D79BA12046463C13AD8F04AD89B62 is invalid.
14079 [http-nio-8080-exec-1] DEBUG o.s.security.web.FilterChainProxy - /bootstrap/js/bootstrap.js at position 9 of 12 in additional filter chain; firing Filter: 'AnonymousAuthenticationFilter'
14079 [http-nio-8080-exec-4] DEBUG o.s.security.web.FilterChainProxy - /bootstrap/css/bootstrap.css at position 11 of 12 in additional filter chain; firing Filter: 'ExceptionTranslationFilter'
14079 [http-nio-8080-exec-3] DEBUG o.s.s.w.a.AnonymousAuthenticationFilter - Populated SecurityContextHolder with anonymous token: 'org.springframework.security.authentication.AnonymousAuthenticationToken@9055c2bc: Principal: anonymousUser; Credentials: [PROTECTED]; Authenticated: true; Details: org.springframework.security.web.authentication.WebAuthenticationDetails@b364: RemoteIpAddress: 0:0:0:0:0:0:0:1; SessionId: null; Granted Authorities: ROLE_ANONYMOUS'
14079 [http-nio-8080-exec-4] DEBUG o.s.security.web.FilterChainProxy - /bootstrap/css/bootstrap.css at position 12 of 12 in additional filter chain; firing Filter: 'FilterSecurityInterceptor'
14079 [http-nio-8080-exec-1] DEBUG o.s.s.w.a.AnonymousAuthenticationFilter - Populated SecurityContextHolder with anonymous token: 'org.springframework.security.authentication.AnonymousAuthenticationToken@9055c2bc: Principal: anonymousUser; Credentials: [PROTECTED]; Authenticated: true; Details: org.springframework.security.web.authentication.WebAuthenticationDetails@b364: RemoteIpAddress: 0:0:0:0:0:0:0:1; SessionId: null; Granted Authorities: ROLE_ANONYMOUS'
14079 [http-nio-8080-exec-3] DEBUG o.s.security.web.FilterChainProxy - /jquery/jquery-2.1.3.js at position 10 of 12 in additional filter chain; firing Filter: 'SessionManagementFilter'
14079 [http-nio-8080-exec-1] DEBUG o.s.security.web.FilterChainProxy - /bootstrap/js/bootstrap.js at position 10 of 12 in additional filter chain; firing Filter: 'SessionManagementFilter'
14079 [http-nio-8080-exec-4] DEBUG o.s.s.w.u.m.AntPathRequestMatcher - Request 'GET /bootstrap/css/bootstrap.css' doesn't match 'POST /logout
14079 [http-nio-8080-exec-3] DEBUG o.s.s.w.s.SessionManagementFilter - Requested session ID 760D79BA12046463C13AD8F04AD89B62 is invalid.
14080 [http-nio-8080-exec-1] DEBUG o.s.s.w.s.SessionManagementFilter - Requested session ID 760D79BA12046463C13AD8F04AD89B62 is invalid.
14080 [http-nio-8080-exec-4] DEBUG o.s.s.w.u.m.AntPathRequestMatcher - Checking match of request : '/bootstrap/css/bootstrap.css'; against '/static/**'
14080 [http-nio-8080-exec-3] DEBUG o.s.security.web.FilterChainProxy - /jquery/jquery-2.1.3.js at position 11 of 12 in additional filter chain; firing Filter: 'ExceptionTranslationFilter'
14080 [http-nio-8080-exec-1] DEBUG o.s.security.web.FilterChainProxy - /bootstrap/js/bootstrap.js at position 11 of 12 in additional filter chain; firing Filter: 'ExceptionTranslationFilter'
14080 [http-nio-8080-exec-4] DEBUG o.s.s.w.a.i.FilterSecurityInterceptor - Secure object: FilterInvocation: URL: /bootstrap/css/bootstrap.css; Attributes: [authenticated]
14080 [http-nio-8080-exec-1] DEBUG o.s.security.web.FilterChainProxy - /bootstrap/js/bootstrap.js at position 12 of 12 in additional filter chain; firing Filter: 'FilterSecurityInterceptor'
14080 [http-nio-8080-exec-3] DEBUG o.s.security.web.FilterChainProxy - /jquery/jquery-2.1.3.js at position 12 of 12 in additional filter chain; firing Filter: 'FilterSecurityInterceptor'
14080 [http-nio-8080-exec-4] DEBUG o.s.s.w.a.i.FilterSecurityInterceptor - Previously Authenticated: org.springframework.security.authentication.AnonymousAuthenticationToken@9055c2bc: Principal: anonymousUser; Credentials: [PROTECTED]; Authenticated: true; Details: org.springframework.security.web.authentication.WebAuthenticationDetails@b364: RemoteIpAddress: 0:0:0:0:0:0:0:1; SessionId: null; Granted Authorities: ROLE_ANONYMOUS
14080 [http-nio-8080-exec-1] DEBUG o.s.s.w.u.m.AntPathRequestMatcher - Request 'GET /bootstrap/js/bootstrap.js' doesn't match 'POST /logout
14080 [http-nio-8080-exec-3] DEBUG o.s.s.w.u.m.AntPathRequestMatcher - Request 'GET /jquery/jquery-2.1.3.js' doesn't match 'POST /logout
14080 [http-nio-8080-exec-1] DEBUG o.s.s.w.u.m.AntPathRequestMatcher - Checking match of request : '/bootstrap/js/bootstrap.js'; against '/static/**'
14080 [http-nio-8080-exec-3] DEBUG o.s.s.w.u.m.AntPathRequestMatcher - Checking match of request : '/jquery/jquery-2.1.3.js'; against '/static/**'
14080 [http-nio-8080-exec-1] DEBUG o.s.s.w.a.i.FilterSecurityInterceptor - Secure object: FilterInvocation: URL: /bootstrap/js/bootstrap.js; Attributes: [authenticated]
14080 [http-nio-8080-exec-3] DEBUG o.s.s.w.a.i.FilterSecurityInterceptor - Secure object: FilterInvocation: URL: /jquery/jquery-2.1.3.js; Attributes: [authenticated]
14080 [http-nio-8080-exec-1] DEBUG o.s.s.w.a.i.FilterSecurityInterceptor - Previously Authenticated: org.springframework.security.authentication.AnonymousAuthenticationToken@9055c2bc: Principal: anonymousUser; Credentials: [PROTECTED]; Authenticated: true; Details: org.springframework.security.web.authentication.WebAuthenticationDetails@b364: RemoteIpAddress: 0:0:0:0:0:0:0:1; SessionId: null; Granted Authorities: ROLE_ANONYMOUS
14080 [http-nio-8080-exec-3] DEBUG o.s.s.w.a.i.FilterSecurityInterceptor - Previously Authenticated: org.springframework.security.authentication.AnonymousAuthenticationToken@9055c2bc: Principal: anonymousUser; Credentials: [PROTECTED]; Authenticated: true; Details: org.springframework.security.web.authentication.WebAuthenticationDetails@b364: RemoteIpAddress: 0:0:0:0:0:0:0:1; SessionId: null; Granted Authorities: ROLE_ANONYMOUS
14080 [http-nio-8080-exec-4] DEBUG o.s.s.access.vote.AffirmativeBased - Voter: org.springframework.security.web.access.expression.WebExpressionVoter@6ac48de7, returned: -1
14081 [http-nio-8080-exec-3] DEBUG o.s.s.access.vote.AffirmativeBased - Voter: org.springframework.security.web.access.expression.WebExpressionVoter@6ac48de7, returned: -1
14081 [http-nio-8080-exec-1] DEBUG o.s.s.access.vote.AffirmativeBased - Voter: org.springframework.security.web.access.expression.WebExpressionVoter@6ac48de7, returned: -1
14084 [http-nio-8080-exec-1] DEBUG o.s.s.w.a.ExceptionTranslationFilter - Access is denied (user is anonymous); redirecting to authentication entry point
org.springframework.security.access.AccessDeniedException: Access is denied
	at org.springframework.security.access.vote.AffirmativeBased.decide(AffirmativeBased.java:84)
	at org.springframework.security.access.intercept.AbstractSecurityInterceptor.beforeInvocation(AbstractSecurityInterceptor.java:233)
	at org.springframework.security.web.access.intercept.FilterSecurityInterceptor.invoke(FilterSecurityInterceptor.java:124)
	at org.springframework.security.web.access.intercept.FilterSecurityInterceptor.doFilter(FilterSecurityInterceptor.java:91)
	at org.springframework.security.web.FilterChainProxy$VirtualFilterChain.doFilter(FilterChainProxy.java:331)
	at org.springframework.security.web.access.ExceptionTranslationFilter.doFilter(ExceptionTranslationFilter.java:114)
	at org.springframework.security.web.FilterChainProxy$VirtualFilterChain.doFilter(FilterChainProxy.java:331)
	at org.springframework.security.web.session.SessionManagementFilter.doFilter(SessionManagementFilter.java:137)
	at org.springframework.security.web.FilterChainProxy$VirtualFilterChain.doFilter(FilterChainProxy.java:331)
	at org.springframework.security.web.authentication.AnonymousAuthenticationFilter.doFilter(AnonymousAuthenticationFilter.java:111)
	at org.springframework.security.web.FilterChainProxy$VirtualFilterChain.doFilter(FilterChainProxy.java:331)
	at org.springframework.security.web.servletapi.SecurityContextHolderAwareRequestFilter.doFilter(SecurityContextHolderAwareRequestFilter.java:170)
	at org.springframework.security.web.FilterChainProxy$VirtualFilterChain.doFilter(FilterChainProxy.java:331)
	at org.springframework.security.web.savedrequest.RequestCacheAwareFilter.doFilter(RequestCacheAwareFilter.java:63)
	at org.springframework.security.web.FilterChainProxy$VirtualFilterChain.doFilter(FilterChainProxy.java:331)
	at org.springframework.security.web.authentication.AbstractAuthenticationProcessingFilter.doFilter(AbstractAuthenticationProcessingFilter.java:200)
	at org.springframework.security.web.FilterChainProxy$VirtualFilterChain.doFilter(FilterChainProxy.java:331)
	at org.springframework.security.web.authentication.logout.LogoutFilter.doFilter(LogoutFilter.java:116)
	at org.springframework.security.web.FilterChainProxy$VirtualFilterChain.doFilter(FilterChainProxy.java:331)
	at org.springframework.security.web.csrf.CsrfFilter.doFilterInternal(CsrfFilter.java:100)
	at org.springframework.web.filter.OncePerRequestFilter.doFilter(OncePerRequestFilter.java:107)
	at org.springframework.security.web.FilterChainProxy$VirtualFilterChain.doFilter(FilterChainProxy.java:331)
	at org.springframework.security.web.header.HeaderWriterFilter.doFilterInternal(HeaderWriterFilter.java:64)
	at org.springframework.web.filter.OncePerRequestFilter.doFilter(OncePerRequestFilter.java:107)
	at org.springframework.security.web.FilterChainProxy$VirtualFilterChain.doFilter(FilterChainProxy.java:331)
	at org.springframework.security.web.context.SecurityContextPersistenceFilter.doFilter(SecurityContextPersistenceFilter.java:105)
	at org.springframework.security.web.FilterChainProxy$VirtualFilterChain.doFilter(FilterChainProxy.java:331)
	at org.springframework.security.web.context.request.async.WebAsyncManagerIntegrationFilter.doFilterInternal(WebAsyncManagerIntegrationFilter.java:56)
	at org.springframework.web.filter.OncePerRequestFilter.doFilter(OncePerRequestFilter.java:107)
	at org.springframework.security.web.FilterChainProxy$VirtualFilterChain.doFilter(FilterChainProxy.java:331)
	at org.springframework.security.web.FilterChainProxy.doFilterInternal(FilterChainProxy.java:214)
	at org.springframework.security.web.FilterChainProxy.doFilter(FilterChainProxy.java:177)
	at org.springframework.web.filter.DelegatingFilterProxy.invokeDelegate(DelegatingFilterProxy.java:347)
	at org.springframework.web.filter.DelegatingFilterProxy.doFilter(DelegatingFilterProxy.java:263)
	at org.apache.catalina.core.ApplicationFilterChain.internalDoFilter(ApplicationFilterChain.java:193)
	at org.apache.catalina.core.ApplicationFilterChain.doFilter(ApplicationFilterChain.java:166)
	at org.springframework.web.filter.RequestContextFilter.doFilterInternal(RequestContextFilter.java:99)
	at org.springframework.web.filter.OncePerRequestFilter.doFilter(OncePerRequestFilter.java:107)
	at org.apache.catalina.core.ApplicationFilterChain.internalDoFilter(ApplicationFilterChain.java:193)
	at org.apache.catalina.core.ApplicationFilterChain.doFilter(ApplicationFilterChain.java:166)
	at org.springframework.web.filter.HttpPutFormContentFilter.doFilterInternal(HttpPutFormContentFilter.java:108)
	at org.springframework.web.filter.OncePerRequestFilter.doFilter(OncePerRequestFilter.java:107)
	at org.apache.catalina.core.ApplicationFilterChain.internalDoFilter(ApplicationFilterChain.java:193)
	at org.apache.catalina.core.ApplicationFilterChain.doFilter(ApplicationFilterChain.java:166)
	at org.springframework.web.filter.HiddenHttpMethodFilter.doFilterInternal(HiddenHttpMethodFilter.java:81)
	at org.springframework.web.filter.OncePerRequestFilter.doFilter(OncePerRequestFilter.java:107)
	at org.apache.catalina.core.ApplicationFilterChain.internalDoFilter(ApplicationFilterChain.java:193)
	at org.apache.catalina.core.ApplicationFilterChain.doFilter(ApplicationFilterChain.java:166)
	at org.springframework.web.filter.CharacterEncodingFilter.doFilterInternal(CharacterEncodingFilter.java:197)
	at org.springframework.web.filter.OncePerRequestFilter.doFilter(OncePerRequestFilter.java:107)
	at org.apache.catalina.core.ApplicationFilterChain.internalDoFilter(ApplicationFilterChain.java:193)
	at org.apache.catalina.core.ApplicationFilterChain.doFilter(ApplicationFilterChain.java:166)
	at org.apache.catalina.core.StandardWrapperValve.invoke(StandardWrapperValve.java:199)
	at org.apache.catalina.core.StandardContextValve.invoke(StandardContextValve.java:96)
	at org.apache.catalina.authenticator.AuthenticatorBase.invoke(AuthenticatorBase.java:478)
	at org.apache.catalina.core.StandardHostValve.invoke(StandardHostValve.java:140)
	at org.apache.catalina.valves.ErrorReportValve.invoke(ErrorReportValve.java:81)
	at org.apache.catalina.core.StandardEngineValve.invoke(StandardEngineValve.java:87)
	at org.apache.catalina.connector.CoyoteAdapter.service(CoyoteAdapter.java:342)
	at org.apache.coyote.http11.Http11Processor.service(Http11Processor.java:803)
	at org.apache.coyote.AbstractProcessorLight.process(AbstractProcessorLight.java:66)
	at org.apache.coyote.AbstractProtocol$ConnectionHandler.process(AbstractProtocol.java:868)
	at org.apache.tomcat.util.net.NioEndpoint$SocketProcessor.doRun(NioEndpoint.java:1459)
	at org.apache.tomcat.util.net.SocketProcessorBase.run(SocketProcessorBase.java:49)
	at java.util.concurrent.ThreadPoolExecutor.runWorker(ThreadPoolExecutor.java:1149)
	at java.util.concurrent.ThreadPoolExecutor$Worker.run(ThreadPoolExecutor.java:624)
	at org.apache.tomcat.util.threads.TaskThread$WrappingRunnable.run(TaskThread.java:61)
	at java.lang.Thread.run(Thread.java:748)
14084 [http-nio-8080-exec-3] DEBUG o.s.s.w.a.ExceptionTranslationFilter - Access is denied (user is anonymous); redirecting to authentication entry point
org.springframework.security.access.AccessDeniedException: Access is denied
	at org.springframework.security.access.vote.AffirmativeBased.decide(AffirmativeBased.java:84)
	at org.springframework.security.access.intercept.AbstractSecurityInterceptor.beforeInvocation(AbstractSecurityInterceptor.java:233)
	at org.springframework.security.web.access.intercept.FilterSecurityInterceptor.invoke(FilterSecurityInterceptor.java:124)
	at org.springframework.security.web.access.intercept.FilterSecurityInterceptor.doFilter(FilterSecurityInterceptor.java:91)
	at org.springframework.security.web.FilterChainProxy$VirtualFilterChain.doFilter(FilterChainProxy.java:331)
	at org.springframework.security.web.access.ExceptionTranslationFilter.doFilter(ExceptionTranslationFilter.java:114)
	at org.springframework.security.web.FilterChainProxy$VirtualFilterChain.doFilter(FilterChainProxy.java:331)
	at org.springframework.security.web.session.SessionManagementFilter.doFilter(SessionManagementFilter.java:137)
	at org.springframework.security.web.FilterChainProxy$VirtualFilterChain.doFilter(FilterChainProxy.java:331)
	at org.springframework.security.web.authentication.AnonymousAuthenticationFilter.doFilter(AnonymousAuthenticationFilter.java:111)
	at org.springframework.security.web.FilterChainProxy$VirtualFilterChain.doFilter(FilterChainProxy.java:331)
	at org.springframework.security.web.servletapi.SecurityContextHolderAwareRequestFilter.doFilter(SecurityContextHolderAwareRequestFilter.java:170)
	at org.springframework.security.web.FilterChainProxy$VirtualFilterChain.doFilter(FilterChainProxy.java:331)
	at org.springframework.security.web.savedrequest.RequestCacheAwareFilter.doFilter(RequestCacheAwareFilter.java:63)
	at org.springframework.security.web.FilterChainProxy$VirtualFilterChain.doFilter(FilterChainProxy.java:331)
	at org.springframework.security.web.authentication.AbstractAuthenticationProcessingFilter.doFilter(AbstractAuthenticationProcessingFilter.java:200)
	at org.springframework.security.web.FilterChainProxy$VirtualFilterChain.doFilter(FilterChainProxy.java:331)
	at org.springframework.security.web.authentication.logout.LogoutFilter.doFilter(LogoutFilter.java:116)
	at org.springframework.security.web.FilterChainProxy$VirtualFilterChain.doFilter(FilterChainProxy.java:331)
	at org.springframework.security.web.csrf.CsrfFilter.doFilterInternal(CsrfFilter.java:100)
	at org.springframework.web.filter.OncePerRequestFilter.doFilter(OncePerRequestFilter.java:107)
	at org.springframework.security.web.FilterChainProxy$VirtualFilterChain.doFilter(FilterChainProxy.java:331)
	at org.springframework.security.web.header.HeaderWriterFilter.doFilterInternal(HeaderWriterFilter.java:64)
	at org.springframework.web.filter.OncePerRequestFilter.doFilter(OncePerRequestFilter.java:107)
	at org.springframework.security.web.FilterChainProxy$VirtualFilterChain.doFilter(FilterChainProxy.java:331)
	at org.springframework.security.web.context.SecurityContextPersistenceFilter.doFilter(SecurityContextPersistenceFilter.java:105)
	at org.springframework.security.web.FilterChainProxy$VirtualFilterChain.doFilter(FilterChainProxy.java:331)
	at org.springframework.security.web.context.request.async.WebAsyncManagerIntegrationFilter.doFilterInternal(WebAsyncManagerIntegrationFilter.java:56)
	at org.springframework.web.filter.OncePerRequestFilter.doFilter(OncePerRequestFilter.java:107)
	at org.springframework.security.web.FilterChainProxy$VirtualFilterChain.doFilter(FilterChainProxy.java:331)
	at org.springframework.security.web.FilterChainProxy.doFilterInternal(FilterChainProxy.java:214)
	at org.springframework.security.web.FilterChainProxy.doFilter(FilterChainProxy.java:177)
	at org.springframework.web.filter.DelegatingFilterProxy.invokeDelegate(DelegatingFilterProxy.java:347)
	at org.springframework.web.filter.DelegatingFilterProxy.doFilter(DelegatingFilterProxy.java:263)
	at org.apache.catalina.core.ApplicationFilterChain.internalDoFilter(ApplicationFilterChain.java:193)
	at org.apache.catalina.core.ApplicationFilterChain.doFilter(ApplicationFilterChain.java:166)
	at org.springframework.web.filter.RequestContextFilter.doFilterInternal(RequestContextFilter.java:99)
	at org.springframework.web.filter.OncePerRequestFilter.doFilter(OncePerRequestFilter.java:107)
	at org.apache.catalina.core.ApplicationFilterChain.internalDoFilter(ApplicationFilterChain.java:193)
	at org.apache.catalina.core.ApplicationFilterChain.doFilter(ApplicationFilterChain.java:166)
	at org.springframework.web.filter.HttpPutFormContentFilter.doFilterInternal(HttpPutFormContentFilter.java:108)
	at org.springframework.web.filter.OncePerRequestFilter.doFilter(OncePerRequestFilter.java:107)
	at org.apache.catalina.core.ApplicationFilterChain.internalDoFilter(ApplicationFilterChain.java:193)
	at org.apache.catalina.core.ApplicationFilterChain.doFilter(ApplicationFilterChain.java:166)
	at org.springframework.web.filter.HiddenHttpMethodFilter.doFilterInternal(HiddenHttpMethodFilter.java:81)
	at org.springframework.web.filter.OncePerRequestFilter.doFilter(OncePerRequestFilter.java:107)
	at org.apache.catalina.core.ApplicationFilterChain.internalDoFilter(ApplicationFilterChain.java:193)
	at org.apache.catalina.core.ApplicationFilterChain.doFilter(ApplicationFilterChain.java:166)
	at org.springframework.web.filter.CharacterEncodingFilter.doFilterInternal(CharacterEncodingFilter.java:197)
	at org.springframework.web.filter.OncePerRequestFilter.doFilter(OncePerRequestFilter.java:107)
	at org.apache.catalina.core.ApplicationFilterChain.internalDoFilter(ApplicationFilterChain.java:193)
	at org.apache.catalina.core.ApplicationFilterChain.doFilter(ApplicationFilterChain.java:166)
	at org.apache.catalina.core.StandardWrapperValve.invoke(StandardWrapperValve.java:199)
	at org.apache.catalina.core.StandardContextValve.invoke(StandardContextValve.java:96)
	at org.apache.catalina.authenticator.AuthenticatorBase.invoke(AuthenticatorBase.java:478)
	at org.apache.catalina.core.StandardHostValve.invoke(StandardHostValve.java:140)
	at org.apache.catalina.valves.ErrorReportValve.invoke(ErrorReportValve.java:81)
	at org.apache.catalina.core.StandardEngineValve.invoke(StandardEngineValve.java:87)
	at org.apache.catalina.connector.CoyoteAdapter.service(CoyoteAdapter.java:342)
	at org.apache.coyote.http11.Http11Processor.service(Http11Processor.java:803)
	at org.apache.coyote.AbstractProcessorLight.process(AbstractProcessorLight.java:66)
	at org.apache.coyote.AbstractProtocol$ConnectionHandler.process(AbstractProtocol.java:868)
	at org.apache.tomcat.util.net.NioEndpoint$SocketProcessor.doRun(NioEndpoint.java:1459)
	at org.apache.tomcat.util.net.SocketProcessorBase.run(SocketProcessorBase.java:49)
	at java.util.concurrent.ThreadPoolExecutor.runWorker(ThreadPoolExecutor.java:1149)
	at java.util.concurrent.ThreadPoolExecutor$Worker.run(ThreadPoolExecutor.java:624)
	at org.apache.tomcat.util.threads.TaskThread$WrappingRunnable.run(TaskThread.java:61)
	at java.lang.Thread.run(Thread.java:748)
14084 [http-nio-8080-exec-4] DEBUG o.s.s.w.a.ExceptionTranslationFilter - Access is denied (user is anonymous); redirecting to authentication entry point
org.springframework.security.access.AccessDeniedException: Access is denied
	at org.springframework.security.access.vote.AffirmativeBased.decide(AffirmativeBased.java:84)
	at org.springframework.security.access.intercept.AbstractSecurityInterceptor.beforeInvocation(AbstractSecurityInterceptor.java:233)
	at org.springframework.security.web.access.intercept.FilterSecurityInterceptor.invoke(FilterSecurityInterceptor.java:124)
	at org.springframework.security.web.access.intercept.FilterSecurityInterceptor.doFilter(FilterSecurityInterceptor.java:91)
	at org.springframework.security.web.FilterChainProxy$VirtualFilterChain.doFilter(FilterChainProxy.java:331)
	at org.springframework.security.web.access.ExceptionTranslationFilter.doFilter(ExceptionTranslationFilter.java:114)
	at org.springframework.security.web.FilterChainProxy$VirtualFilterChain.doFilter(FilterChainProxy.java:331)
	at org.springframework.security.web.session.SessionManagementFilter.doFilter(SessionManagementFilter.java:137)
	at org.springframework.security.web.FilterChainProxy$VirtualFilterChain.doFilter(FilterChainProxy.java:331)
	at org.springframework.security.web.authentication.AnonymousAuthenticationFilter.doFilter(AnonymousAuthenticationFilter.java:111)
	at org.springframework.security.web.FilterChainProxy$VirtualFilterChain.doFilter(FilterChainProxy.java:331)
	at org.springframework.security.web.servletapi.SecurityContextHolderAwareRequestFilter.doFilter(SecurityContextHolderAwareRequestFilter.java:170)
	at org.springframework.security.web.FilterChainProxy$VirtualFilterChain.doFilter(FilterChainProxy.java:331)
	at org.springframework.security.web.savedrequest.RequestCacheAwareFilter.doFilter(RequestCacheAwareFilter.java:63)
	at org.springframework.security.web.FilterChainProxy$VirtualFilterChain.doFilter(FilterChainProxy.java:331)
	at org.springframework.security.web.authentication.AbstractAuthenticationProcessingFilter.doFilter(AbstractAuthenticationProcessingFilter.java:200)
	at org.springframework.security.web.FilterChainProxy$VirtualFilterChain.doFilter(FilterChainProxy.java:331)
	at org.springframework.security.web.authentication.logout.LogoutFilter.doFilter(LogoutFilter.java:116)
	at org.springframework.security.web.FilterChainProxy$VirtualFilterChain.doFilter(FilterChainProxy.java:331)
	at org.springframework.security.web.csrf.CsrfFilter.doFilterInternal(CsrfFilter.java:100)
	at org.springframework.web.filter.OncePerRequestFilter.doFilter(OncePerRequestFilter.java:107)
	at org.springframework.security.web.FilterChainProxy$VirtualFilterChain.doFilter(FilterChainProxy.java:331)
	at org.springframework.security.web.header.HeaderWriterFilter.doFilterInternal(HeaderWriterFilter.java:64)
	at org.springframework.web.filter.OncePerRequestFilter.doFilter(OncePerRequestFilter.java:107)
	at org.springframework.security.web.FilterChainProxy$VirtualFilterChain.doFilter(FilterChainProxy.java:331)
	at org.springframework.security.web.context.SecurityContextPersistenceFilter.doFilter(SecurityContextPersistenceFilter.java:105)
	at org.springframework.security.web.FilterChainProxy$VirtualFilterChain.doFilter(FilterChainProxy.java:331)
	at org.springframework.security.web.context.request.async.WebAsyncManagerIntegrationFilter.doFilterInternal(WebAsyncManagerIntegrationFilter.java:56)
	at org.springframework.web.filter.OncePerRequestFilter.doFilter(OncePerRequestFilter.java:107)
	at org.springframework.security.web.FilterChainProxy$VirtualFilterChain.doFilter(FilterChainProxy.java:331)
	at org.springframework.security.web.FilterChainProxy.doFilterInternal(FilterChainProxy.java:214)
	at org.springframework.security.web.FilterChainProxy.doFilter(FilterChainProxy.java:177)
	at org.springframework.web.filter.DelegatingFilterProxy.invokeDelegate(DelegatingFilterProxy.java:347)
	at org.springframework.web.filter.DelegatingFilterProxy.doFilter(DelegatingFilterProxy.java:263)
	at org.apache.catalina.core.ApplicationFilterChain.internalDoFilter(ApplicationFilterChain.java:193)
	at org.apache.catalina.core.ApplicationFilterChain.doFilter(ApplicationFilterChain.java:166)
	at org.springframework.web.filter.RequestContextFilter.doFilterInternal(RequestContextFilter.java:99)
	at org.springframework.web.filter.OncePerRequestFilter.doFilter(OncePerRequestFilter.java:107)
	at org.apache.catalina.core.ApplicationFilterChain.internalDoFilter(ApplicationFilterChain.java:193)
	at org.apache.catalina.core.ApplicationFilterChain.doFilter(ApplicationFilterChain.java:166)
	at org.springframework.web.filter.HttpPutFormContentFilter.doFilterInternal(HttpPutFormContentFilter.java:108)
	at org.springframework.web.filter.OncePerRequestFilter.doFilter(OncePerRequestFilter.java:107)
	at org.apache.catalina.core.ApplicationFilterChain.internalDoFilter(ApplicationFilterChain.java:193)
	at org.apache.catalina.core.ApplicationFilterChain.doFilter(ApplicationFilterChain.java:166)
	at org.springframework.web.filter.HiddenHttpMethodFilter.doFilterInternal(HiddenHttpMethodFilter.java:81)
	at org.springframework.web.filter.OncePerRequestFilter.doFilter(OncePerRequestFilter.java:107)
	at org.apache.catalina.core.ApplicationFilterChain.internalDoFilter(ApplicationFilterChain.java:193)
	at org.apache.catalina.core.ApplicationFilterChain.doFilter(ApplicationFilterChain.java:166)
	at org.springframework.web.filter.CharacterEncodingFilter.doFilterInternal(CharacterEncodingFilter.java:197)
	at org.springframework.web.filter.OncePerRequestFilter.doFilter(OncePerRequestFilter.java:107)
	at org.apache.catalina.core.ApplicationFilterChain.internalDoFilter(ApplicationFilterChain.java:193)
	at org.apache.catalina.core.ApplicationFilterChain.doFilter(ApplicationFilterChain.java:166)
	at org.apache.catalina.core.StandardWrapperValve.invoke(StandardWrapperValve.java:199)
	at org.apache.catalina.core.StandardContextValve.invoke(StandardContextValve.java:96)
	at org.apache.catalina.authenticator.AuthenticatorBase.invoke(AuthenticatorBase.java:478)
	at org.apache.catalina.core.StandardHostValve.invoke(StandardHostValve.java:140)
	at org.apache.catalina.valves.ErrorReportValve.invoke(ErrorReportValve.java:81)
	at org.apache.catalina.core.StandardEngineValve.invoke(StandardEngineValve.java:87)
	at org.apache.catalina.connector.CoyoteAdapter.service(CoyoteAdapter.java:342)
	at org.apache.coyote.http11.Http11Processor.service(Http11Processor.java:803)
	at org.apache.coyote.AbstractProcessorLight.process(AbstractProcessorLight.java:66)
	at org.apache.coyote.AbstractProtocol$ConnectionHandler.process(AbstractProtocol.java:868)
	at org.apache.tomcat.util.net.NioEndpoint$SocketProcessor.doRun(NioEndpoint.java:1459)
	at org.apache.tomcat.util.net.SocketProcessorBase.run(SocketProcessorBase.java:49)
	at java.util.concurrent.ThreadPoolExecutor.runWorker(ThreadPoolExecutor.java:1149)
	at java.util.concurrent.ThreadPoolExecutor$Worker.run(ThreadPoolExecutor.java:624)
	at org.apache.tomcat.util.threads.TaskThread$WrappingRunnable.run(TaskThread.java:61)
	at java.lang.Thread.run(Thread.java:748)
14087 [http-nio-8080-exec-1] DEBUG o.s.s.w.u.matcher.AndRequestMatcher - Trying to match using Ant [pattern='/**', GET]
14087 [http-nio-8080-exec-3] DEBUG o.s.s.w.u.matcher.AndRequestMatcher - Trying to match using Ant [pattern='/**', GET]
14088 [http-nio-8080-exec-4] DEBUG o.s.s.w.u.matcher.AndRequestMatcher - Trying to match using Ant [pattern='/**', GET]
14088 [http-nio-8080-exec-1] DEBUG o.s.s.w.u.m.AntPathRequestMatcher - Request '/bootstrap/js/bootstrap.js' matched by universal pattern '/**'
14088 [http-nio-8080-exec-3] DEBUG o.s.s.w.u.m.AntPathRequestMatcher - Request '/jquery/jquery-2.1.3.js' matched by universal pattern '/**'
14088 [http-nio-8080-exec-4] DEBUG o.s.s.w.u.m.AntPathRequestMatcher - Request '/bootstrap/css/bootstrap.css' matched by universal pattern '/**'
14089 [http-nio-8080-exec-3] DEBUG o.s.s.w.u.matcher.AndRequestMatcher - Trying to match using NegatedRequestMatcher [requestMatcher=Ant [pattern='/**/favicon.ico']]
14089 [http-nio-8080-exec-1] DEBUG o.s.s.w.u.matcher.AndRequestMatcher - Trying to match using NegatedRequestMatcher [requestMatcher=Ant [pattern='/**/favicon.ico']]
14089 [http-nio-8080-exec-4] DEBUG o.s.s.w.u.matcher.AndRequestMatcher - Trying to match using NegatedRequestMatcher [requestMatcher=Ant [pattern='/**/favicon.ico']]
14089 [http-nio-8080-exec-4] DEBUG o.s.s.w.u.m.AntPathRequestMatcher - Checking match of request : '/bootstrap/css/bootstrap.css'; against '/**/favicon.ico'
14089 [http-nio-8080-exec-3] DEBUG o.s.s.w.u.m.AntPathRequestMatcher - Checking match of request : '/jquery/jquery-2.1.3.js'; against '/**/favicon.ico'
14089 [http-nio-8080-exec-1] DEBUG o.s.s.w.u.m.AntPathRequestMatcher - Checking match of request : '/bootstrap/js/bootstrap.js'; against '/**/favicon.ico'
14089 [http-nio-8080-exec-4] DEBUG o.s.s.w.u.m.NegatedRequestMatcher - matches = true
14089 [http-nio-8080-exec-3] DEBUG o.s.s.w.u.m.NegatedRequestMatcher - matches = true
14089 [http-nio-8080-exec-1] DEBUG o.s.s.w.u.m.NegatedRequestMatcher - matches = true
14089 [http-nio-8080-exec-4] DEBUG o.s.s.w.u.matcher.AndRequestMatcher - Trying to match using NegatedRequestMatcher [requestMatcher=MediaTypeRequestMatcher [contentNegotiationStrategy=org.springframework.web.accept.ContentNegotiationManager@2f2c18a4, matchingMediaTypes=[application/json], useEquals=false, ignoredMediaTypes=[*/*]]]
14089 [http-nio-8080-exec-3] DEBUG o.s.s.w.u.matcher.AndRequestMatcher - Trying to match using NegatedRequestMatcher [requestMatcher=MediaTypeRequestMatcher [contentNegotiationStrategy=org.springframework.web.accept.ContentNegotiationManager@2f2c18a4, matchingMediaTypes=[application/json], useEquals=false, ignoredMediaTypes=[*/*]]]
14089 [http-nio-8080-exec-1] DEBUG o.s.s.w.u.matcher.AndRequestMatcher - Trying to match using NegatedRequestMatcher [requestMatcher=MediaTypeRequestMatcher [contentNegotiationStrategy=org.springframework.web.accept.ContentNegotiationManager@2f2c18a4, matchingMediaTypes=[application/json], useEquals=false, ignoredMediaTypes=[*/*]]]
14089 [http-nio-8080-exec-4] DEBUG o.s.s.w.u.m.MediaTypeRequestMatcher - httpRequestMediaTypes=[text/css]
14089 [http-nio-8080-exec-3] DEBUG o.s.s.w.u.m.MediaTypeRequestMatcher - httpRequestMediaTypes=[application/javascript]
14089 [http-nio-8080-exec-1] DEBUG o.s.s.w.u.m.MediaTypeRequestMatcher - httpRequestMediaTypes=[application/javascript]
14090 [http-nio-8080-exec-3] DEBUG o.s.s.w.u.m.MediaTypeRequestMatcher - Processing application/javascript
14090 [http-nio-8080-exec-1] DEBUG o.s.s.w.u.m.MediaTypeRequestMatcher - Processing application/javascript
14090 [http-nio-8080-exec-4] DEBUG o.s.s.w.u.m.MediaTypeRequestMatcher - Processing text/css
14090 [http-nio-8080-exec-1] DEBUG o.s.s.w.u.m.MediaTypeRequestMatcher - application/json .isCompatibleWith application/javascript = false
14090 [http-nio-8080-exec-1] DEBUG o.s.s.w.u.m.MediaTypeRequestMatcher - Did not match any media types
14090 [http-nio-8080-exec-3] DEBUG o.s.s.w.u.m.MediaTypeRequestMatcher - application/json .isCompatibleWith application/javascript = false
14090 [http-nio-8080-exec-3] DEBUG o.s.s.w.u.m.MediaTypeRequestMatcher - Did not match any media types
14090 [http-nio-8080-exec-4] DEBUG o.s.s.w.u.m.MediaTypeRequestMatcher - application/json .isCompatibleWith text/css = false
14090 [http-nio-8080-exec-1] DEBUG o.s.s.w.u.m.NegatedRequestMatcher - matches = true
14090 [http-nio-8080-exec-3] DEBUG o.s.s.w.u.m.NegatedRequestMatcher - matches = true
14090 [http-nio-8080-exec-4] DEBUG o.s.s.w.u.m.MediaTypeRequestMatcher - Did not match any media types
14090 [http-nio-8080-exec-3] DEBUG o.s.s.w.u.matcher.AndRequestMatcher - Trying to match using NegatedRequestMatcher [requestMatcher=RequestHeaderRequestMatcher [expectedHeaderName=X-Requested-With, expectedHeaderValue=XMLHttpRequest]]
14090 [http-nio-8080-exec-1] DEBUG o.s.s.w.u.matcher.AndRequestMatcher - Trying to match using NegatedRequestMatcher [requestMatcher=RequestHeaderRequestMatcher [expectedHeaderName=X-Requested-With, expectedHeaderValue=XMLHttpRequest]]
14090 [http-nio-8080-exec-4] DEBUG o.s.s.w.u.m.NegatedRequestMatcher - matches = true
14090 [http-nio-8080-exec-1] DEBUG o.s.s.w.u.m.NegatedRequestMatcher - matches = true
14090 [http-nio-8080-exec-3] DEBUG o.s.s.w.u.m.NegatedRequestMatcher - matches = true
14090 [http-nio-8080-exec-1] DEBUG o.s.s.w.u.matcher.AndRequestMatcher - All requestMatchers returned true
14090 [http-nio-8080-exec-4] DEBUG o.s.s.w.u.matcher.AndRequestMatcher - Trying to match using NegatedRequestMatcher [requestMatcher=RequestHeaderRequestMatcher [expectedHeaderName=X-Requested-With, expectedHeaderValue=XMLHttpRequest]]
14090 [http-nio-8080-exec-3] DEBUG o.s.s.w.u.matcher.AndRequestMatcher - All requestMatchers returned true
14091 [http-nio-8080-exec-4] DEBUG o.s.s.w.u.m.NegatedRequestMatcher - matches = true
14091 [http-nio-8080-exec-4] DEBUG o.s.s.w.u.matcher.AndRequestMatcher - All requestMatchers returned true
14100 [http-nio-8080-exec-1] DEBUG o.s.s.w.s.HttpSessionRequestCache - DefaultSavedRequest added to Session: DefaultSavedRequest[http://localhost:8080/bootstrap/js/bootstrap.js]
14100 [http-nio-8080-exec-4] DEBUG o.s.s.w.s.HttpSessionRequestCache - DefaultSavedRequest added to Session: DefaultSavedRequest[http://localhost:8080/bootstrap/css/bootstrap.css]
14100 [http-nio-8080-exec-1] DEBUG o.s.s.w.a.ExceptionTranslationFilter - Calling Authentication entry point.
14100 [http-nio-8080-exec-4] DEBUG o.s.s.w.a.ExceptionTranslationFilter - Calling Authentication entry point.
14100 [http-nio-8080-exec-3] DEBUG o.s.s.w.s.HttpSessionRequestCache - DefaultSavedRequest added to Session: DefaultSavedRequest[http://localhost:8080/jquery/jquery-2.1.3.js]
14100 [http-nio-8080-exec-3] DEBUG o.s.s.w.a.ExceptionTranslationFilter - Calling Authentication entry point.
14101 [http-nio-8080-exec-1] DEBUG o.s.s.web.DefaultRedirectStrategy - Redirecting to 'http://localhost:8080/login'
14101 [http-nio-8080-exec-3] DEBUG o.s.s.web.DefaultRedirectStrategy - Redirecting to 'http://localhost:8080/login'
14101 [http-nio-8080-exec-4] DEBUG o.s.s.web.DefaultRedirectStrategy - Redirecting to 'http://localhost:8080/login'
14101 [http-nio-8080-exec-4] DEBUG o.s.s.w.c.HttpSessionSecurityContextRepository - SecurityContext is empty or contents are anonymous - context will not be stored in HttpSession.
14101 [http-nio-8080-exec-1] DEBUG o.s.s.w.c.HttpSessionSecurityContextRepository - SecurityContext is empty or contents are anonymous - context will not be stored in HttpSession.
14101 [http-nio-8080-exec-3] DEBUG o.s.s.w.c.HttpSessionSecurityContextRepository - SecurityContext is empty or contents are anonymous - context will not be stored in HttpSession.
14102 [http-nio-8080-exec-4] DEBUG o.s.s.w.c.SecurityContextPersistenceFilter - SecurityContextHolder now cleared, as request processing completed
14102 [http-nio-8080-exec-3] DEBUG o.s.s.w.c.SecurityContextPersistenceFilter - SecurityContextHolder now cleared, as request processing completed
14102 [http-nio-8080-exec-1] DEBUG o.s.s.w.c.SecurityContextPersistenceFilter - SecurityContextHolder now cleared, as request processing completed
14107 [http-nio-8080-exec-5] DEBUG o.s.s.w.u.matcher.OrRequestMatcher - Trying to match using Ant [pattern='/css/**']
14107 [http-nio-8080-exec-6] DEBUG o.s.s.w.u.matcher.OrRequestMatcher - Trying to match using Ant [pattern='/css/**']
14107 [http-nio-8080-exec-5] DEBUG o.s.s.w.u.m.AntPathRequestMatcher - Checking match of request : '/login'; against '/css/**'
14107 [http-nio-8080-exec-5] DEBUG o.s.s.w.u.matcher.OrRequestMatcher - Trying to match using Ant [pattern='/js/**']
14107 [http-nio-8080-exec-5] DEBUG o.s.s.w.u.m.AntPathRequestMatcher - Checking match of request : '/login'; against '/js/**'
14107 [http-nio-8080-exec-5] DEBUG o.s.s.w.u.matcher.OrRequestMatcher - Trying to match using Ant [pattern='/images/**']
14107 [http-nio-8080-exec-5] DEBUG o.s.s.w.u.m.AntPathRequestMatcher - Checking match of request : '/login'; against '/images/**'
14107 [http-nio-8080-exec-5] DEBUG o.s.s.w.u.matcher.OrRequestMatcher - Trying to match using Ant [pattern='/webjars/**']
14107 [http-nio-8080-exec-6] DEBUG o.s.s.w.u.m.AntPathRequestMatcher - Checking match of request : '/login'; against '/css/**'
14107 [http-nio-8080-exec-5] DEBUG o.s.s.w.u.m.AntPathRequestMatcher - Checking match of request : '/login'; against '/webjars/**'
14107 [http-nio-8080-exec-5] DEBUG o.s.s.w.u.matcher.OrRequestMatcher - Trying to match using Ant [pattern='/**/favicon.ico']
14107 [http-nio-8080-exec-6] DEBUG o.s.s.w.u.matcher.OrRequestMatcher - Trying to match using Ant [pattern='/js/**']
14107 [http-nio-8080-exec-5] DEBUG o.s.s.w.u.m.AntPathRequestMatcher - Checking match of request : '/login'; against '/**/favicon.ico'
14107 [http-nio-8080-exec-6] DEBUG o.s.s.w.u.m.AntPathRequestMatcher - Checking match of request : '/login'; against '/js/**'
14107 [http-nio-8080-exec-6] DEBUG o.s.s.w.u.matcher.OrRequestMatcher - Trying to match using Ant [pattern='/images/**']
14107 [http-nio-8080-exec-5] DEBUG o.s.s.w.u.matcher.OrRequestMatcher - Trying to match using Ant [pattern='/error']
14107 [http-nio-8080-exec-6] DEBUG o.s.s.w.u.m.AntPathRequestMatcher - Checking match of request : '/login'; against '/images/**'
14107 [http-nio-8080-exec-5] DEBUG o.s.s.w.u.m.AntPathRequestMatcher - Checking match of request : '/login'; against '/error'
14107 [http-nio-8080-exec-6] DEBUG o.s.s.w.u.matcher.OrRequestMatcher - Trying to match using Ant [pattern='/webjars/**']
14107 [http-nio-8080-exec-5] DEBUG o.s.s.w.u.matcher.OrRequestMatcher - No matches found
14107 [http-nio-8080-exec-6] DEBUG o.s.s.w.u.m.AntPathRequestMatcher - Checking match of request : '/login'; against '/webjars/**'
14108 [http-nio-8080-exec-5] DEBUG o.s.security.web.FilterChainProxy - /login at position 1 of 12 in additional filter chain; firing Filter: 'WebAsyncManagerIntegrationFilter'
14108 [http-nio-8080-exec-6] DEBUG o.s.s.w.u.matcher.OrRequestMatcher - Trying to match using Ant [pattern='/**/favicon.ico']
14108 [http-nio-8080-exec-5] DEBUG o.s.security.web.FilterChainProxy - /login at position 2 of 12 in additional filter chain; firing Filter: 'SecurityContextPersistenceFilter'
14108 [http-nio-8080-exec-6] DEBUG o.s.s.w.u.m.AntPathRequestMatcher - Checking match of request : '/login'; against '/**/favicon.ico'
14108 [http-nio-8080-exec-6] DEBUG o.s.s.w.u.matcher.OrRequestMatcher - Trying to match using Ant [pattern='/error']
14108 [http-nio-8080-exec-5] DEBUG o.s.s.w.c.HttpSessionSecurityContextRepository - HttpSession returned null object for SPRING_SECURITY_CONTEXT
14108 [http-nio-8080-exec-6] DEBUG o.s.s.w.u.m.AntPathRequestMatcher - Checking match of request : '/login'; against '/error'
14108 [http-nio-8080-exec-5] DEBUG o.s.s.w.c.HttpSessionSecurityContextRepository - No SecurityContext was available from the HttpSession: org.apache.catalina.session.StandardSessionFacade@508df685. A new one will be created.
14108 [http-nio-8080-exec-6] DEBUG o.s.s.w.u.matcher.OrRequestMatcher - No matches found
14108 [http-nio-8080-exec-5] DEBUG o.s.security.web.FilterChainProxy - /login at position 3 of 12 in additional filter chain; firing Filter: 'HeaderWriterFilter'
14112 [http-nio-8080-exec-6] DEBUG o.s.security.web.FilterChainProxy - /login at position 1 of 12 in additional filter chain; firing Filter: 'WebAsyncManagerIntegrationFilter'
14112 [http-nio-8080-exec-5] DEBUG o.s.s.w.h.writers.HstsHeaderWriter - Not injecting HSTS header since it did not match the requestMatcher org.springframework.security.web.header.writers.HstsHeaderWriter$SecureRequestMatcher@71b6fbc5
14112 [http-nio-8080-exec-6] DEBUG o.s.security.web.FilterChainProxy - /login at position 2 of 12 in additional filter chain; firing Filter: 'SecurityContextPersistenceFilter'
14112 [http-nio-8080-exec-5] DEBUG o.s.security.web.FilterChainProxy - /login at position 4 of 12 in additional filter chain; firing Filter: 'CsrfFilter'
14112 [http-nio-8080-exec-6] DEBUG o.s.s.w.c.HttpSessionSecurityContextRepository - HttpSession returned null object for SPRING_SECURITY_CONTEXT
14112 [http-nio-8080-exec-6] DEBUG o.s.s.w.c.HttpSessionSecurityContextRepository - No SecurityContext was available from the HttpSession: org.apache.catalina.session.StandardSessionFacade@508df685. A new one will be created.
14112 [http-nio-8080-exec-5] DEBUG o.s.security.web.FilterChainProxy - /login at position 5 of 12 in additional filter chain; firing Filter: 'LogoutFilter'
14112 [http-nio-8080-exec-6] DEBUG o.s.security.web.FilterChainProxy - /login at position 3 of 12 in additional filter chain; firing Filter: 'HeaderWriterFilter'
14112 [http-nio-8080-exec-5] DEBUG o.s.s.w.u.m.AntPathRequestMatcher - Request 'GET /login' doesn't match 'POST /logout
14112 [http-nio-8080-exec-5] DEBUG o.s.security.web.FilterChainProxy - /login at position 6 of 12 in additional filter chain; firing Filter: 'UsernamePasswordAuthenticationFilter'
14112 [http-nio-8080-exec-5] DEBUG o.s.s.w.u.m.AntPathRequestMatcher - Request 'GET /login' doesn't match 'POST /login
14112 [http-nio-8080-exec-5] DEBUG o.s.security.web.FilterChainProxy - /login at position 7 of 12 in additional filter chain; firing Filter: 'RequestCacheAwareFilter'
14112 [http-nio-8080-exec-5] DEBUG o.s.s.w.s.DefaultSavedRequest - pathInfo: both null (property equals)
14112 [http-nio-8080-exec-5] DEBUG o.s.s.w.s.DefaultSavedRequest - queryString: both null (property equals)
14112 [http-nio-8080-exec-5] DEBUG o.s.s.w.s.DefaultSavedRequest - requestURI: arg1=/bootstrap/js/bootstrap.js; arg2=/login (property not equals)
14112 [http-nio-8080-exec-5] DEBUG o.s.s.w.s.HttpSessionRequestCache - saved request doesn't match
14112 [http-nio-8080-exec-5] DEBUG o.s.security.web.FilterChainProxy - /login at position 8 of 12 in additional filter chain; firing Filter: 'SecurityContextHolderAwareRequestFilter'
14112 [http-nio-8080-exec-5] DEBUG o.s.security.web.FilterChainProxy - /login at position 9 of 12 in additional filter chain; firing Filter: 'AnonymousAuthenticationFilter'
14113 [http-nio-8080-exec-6] DEBUG o.s.s.w.h.writers.HstsHeaderWriter - Not injecting HSTS header since it did not match the requestMatcher org.springframework.security.web.header.writers.HstsHeaderWriter$SecureRequestMatcher@71b6fbc5
14113 [http-nio-8080-exec-5] DEBUG o.s.s.w.a.AnonymousAuthenticationFilter - Populated SecurityContextHolder with anonymous token: 'org.springframework.security.authentication.AnonymousAuthenticationToken@6fa90ed4: Principal: anonymousUser; Credentials: [PROTECTED]; Authenticated: true; Details: org.springframework.security.web.authentication.WebAuthenticationDetails@fffc7f0c: RemoteIpAddress: 0:0:0:0:0:0:0:1; SessionId: 36E5404105004D310DFC84EA223C931E; Granted Authorities: ROLE_ANONYMOUS'
14113 [http-nio-8080-exec-6] DEBUG o.s.security.web.FilterChainProxy - /login at position 4 of 12 in additional filter chain; firing Filter: 'CsrfFilter'
14113 [http-nio-8080-exec-5] DEBUG o.s.security.web.FilterChainProxy - /login at position 10 of 12 in additional filter chain; firing Filter: 'SessionManagementFilter'
14113 [http-nio-8080-exec-6] DEBUG o.s.security.web.FilterChainProxy - /login at position 5 of 12 in additional filter chain; firing Filter: 'LogoutFilter'
14114 [http-nio-8080-exec-5] DEBUG o.s.security.web.FilterChainProxy - /login at position 11 of 12 in additional filter chain; firing Filter: 'ExceptionTranslationFilter'
14114 [http-nio-8080-exec-6] DEBUG o.s.s.w.u.m.AntPathRequestMatcher - Request 'GET /login' doesn't match 'POST /logout
14114 [http-nio-8080-exec-5] DEBUG o.s.security.web.FilterChainProxy - /login at position 12 of 12 in additional filter chain; firing Filter: 'FilterSecurityInterceptor'
14114 [http-nio-8080-exec-5] DEBUG o.s.s.w.a.i.FilterSecurityInterceptor - Secure object: FilterInvocation: URL: /login; Attributes: [permitAll]
14114 [http-nio-8080-exec-6] DEBUG o.s.security.web.FilterChainProxy - /login at position 6 of 12 in additional filter chain; firing Filter: 'UsernamePasswordAuthenticationFilter'
14114 [http-nio-8080-exec-5] DEBUG o.s.s.w.a.i.FilterSecurityInterceptor - Previously Authenticated: org.springframework.security.authentication.AnonymousAuthenticationToken@6fa90ed4: Principal: anonymousUser; Credentials: [PROTECTED]; Authenticated: true; Details: org.springframework.security.web.authentication.WebAuthenticationDetails@fffc7f0c: RemoteIpAddress: 0:0:0:0:0:0:0:1; SessionId: 36E5404105004D310DFC84EA223C931E; Granted Authorities: ROLE_ANONYMOUS
14114 [http-nio-8080-exec-6] DEBUG o.s.s.w.u.m.AntPathRequestMatcher - Request 'GET /login' doesn't match 'POST /login
14114 [http-nio-8080-exec-6] DEBUG o.s.security.web.FilterChainProxy - /login at position 7 of 12 in additional filter chain; firing Filter: 'RequestCacheAwareFilter'
14114 [http-nio-8080-exec-6] DEBUG o.s.s.w.s.DefaultSavedRequest - pathInfo: both null (property equals)
14114 [http-nio-8080-exec-6] DEBUG o.s.s.w.s.DefaultSavedRequest - queryString: both null (property equals)
14114 [http-nio-8080-exec-6] DEBUG o.s.s.w.s.DefaultSavedRequest - requestURI: arg1=/bootstrap/js/bootstrap.js; arg2=/login (property not equals)
14114 [http-nio-8080-exec-6] DEBUG o.s.s.w.s.HttpSessionRequestCache - saved request doesn't match
14114 [http-nio-8080-exec-6] DEBUG o.s.security.web.FilterChainProxy - /login at position 8 of 12 in additional filter chain; firing Filter: 'SecurityContextHolderAwareRequestFilter'
14114 [http-nio-8080-exec-6] DEBUG o.s.security.web.FilterChainProxy - /login at position 9 of 12 in additional filter chain; firing Filter: 'AnonymousAuthenticationFilter'
14114 [http-nio-8080-exec-5] DEBUG o.s.s.access.vote.AffirmativeBased - Voter: org.springframework.security.web.access.expression.WebExpressionVoter@6ac48de7, returned: 1
14115 [http-nio-8080-exec-6] DEBUG o.s.s.w.a.AnonymousAuthenticationFilter - Populated SecurityContextHolder with anonymous token: 'org.springframework.security.authentication.AnonymousAuthenticationToken@6fa90ed4: Principal: anonymousUser; Credentials: [PROTECTED]; Authenticated: true; Details: org.springframework.security.web.authentication.WebAuthenticationDetails@fffc7f0c: RemoteIpAddress: 0:0:0:0:0:0:0:1; SessionId: 36E5404105004D310DFC84EA223C931E; Granted Authorities: ROLE_ANONYMOUS'
14115 [http-nio-8080-exec-5] DEBUG o.s.s.w.a.i.FilterSecurityInterceptor - Authorization successful
14115 [http-nio-8080-exec-6] DEBUG o.s.security.web.FilterChainProxy - /login at position 10 of 12 in additional filter chain; firing Filter: 'SessionManagementFilter'
14115 [http-nio-8080-exec-6] DEBUG o.s.security.web.FilterChainProxy - /login at position 11 of 12 in additional filter chain; firing Filter: 'ExceptionTranslationFilter'
14115 [http-nio-8080-exec-5] DEBUG o.s.s.w.a.i.FilterSecurityInterceptor - RunAsManager did not change Authentication object
14115 [http-nio-8080-exec-6] DEBUG o.s.security.web.FilterChainProxy - /login at position 12 of 12 in additional filter chain; firing Filter: 'FilterSecurityInterceptor'
14115 [http-nio-8080-exec-5] DEBUG o.s.security.web.FilterChainProxy - /login reached end of additional filter chain; proceeding with original chain
14115 [http-nio-8080-exec-6] DEBUG o.s.s.w.a.i.FilterSecurityInterceptor - Secure object: FilterInvocation: URL: /login; Attributes: [permitAll]
14116 [http-nio-8080-exec-6] DEBUG o.s.s.w.a.i.FilterSecurityInterceptor - Previously Authenticated: org.springframework.security.authentication.AnonymousAuthenticationToken@6fa90ed4: Principal: anonymousUser; Credentials: [PROTECTED]; Authenticated: true; Details: org.springframework.security.web.authentication.WebAuthenticationDetails@fffc7f0c: RemoteIpAddress: 0:0:0:0:0:0:0:1; SessionId: 36E5404105004D310DFC84EA223C931E; Granted Authorities: ROLE_ANONYMOUS
14116 [http-nio-8080-exec-6] DEBUG o.s.s.access.vote.AffirmativeBased - Voter: org.springframework.security.web.access.expression.WebExpressionVoter@6ac48de7, returned: 1
14116 [http-nio-8080-exec-6] DEBUG o.s.s.w.a.i.FilterSecurityInterceptor - Authorization successful
14116 [http-nio-8080-exec-6] DEBUG o.s.s.w.a.i.FilterSecurityInterceptor - RunAsManager did not change Authentication object
14116 [http-nio-8080-exec-6] DEBUG o.s.security.web.FilterChainProxy - /login reached end of additional filter chain; proceeding with original chain
14118 [http-nio-8080-exec-5] DEBUG o.s.s.w.c.HttpSessionSecurityContextRepository - SecurityContext is empty or contents are anonymous - context will not be stored in HttpSession.
14119 [http-nio-8080-exec-5] DEBUG o.s.s.w.a.ExceptionTranslationFilter - Chain processed normally
14119 [http-nio-8080-exec-5] DEBUG o.s.s.w.c.SecurityContextPersistenceFilter - SecurityContextHolder now cleared, as request processing completed
14120 [http-nio-8080-exec-6] DEBUG o.s.s.w.c.HttpSessionSecurityContextRepository - SecurityContext is empty or contents are anonymous - context will not be stored in HttpSession.
14121 [http-nio-8080-exec-6] DEBUG o.s.s.w.a.ExceptionTranslationFilter - Chain processed normally
14121 [http-nio-8080-exec-6] DEBUG o.s.s.w.c.SecurityContextPersistenceFilter - SecurityContextHolder now cleared, as request processing completed
14123 [http-nio-8080-exec-7] DEBUG o.s.s.w.u.matcher.OrRequestMatcher - Trying to match using Ant [pattern='/css/**']
14123 [http-nio-8080-exec-7] DEBUG o.s.s.w.u.m.AntPathRequestMatcher - Checking match of request : '/login'; against '/css/**'
14124 [http-nio-8080-exec-7] DEBUG o.s.s.w.u.matcher.OrRequestMatcher - Trying to match using Ant [pattern='/js/**']
14124 [http-nio-8080-exec-7] DEBUG o.s.s.w.u.m.AntPathRequestMatcher - Checking match of request : '/login'; against '/js/**'
14124 [http-nio-8080-exec-7] DEBUG o.s.s.w.u.matcher.OrRequestMatcher - Trying to match using Ant [pattern='/images/**']
14124 [http-nio-8080-exec-7] DEBUG o.s.s.w.u.m.AntPathRequestMatcher - Checking match of request : '/login'; against '/images/**'
14124 [http-nio-8080-exec-7] DEBUG o.s.s.w.u.matcher.OrRequestMatcher - Trying to match using Ant [pattern='/webjars/**']
14124 [http-nio-8080-exec-7] DEBUG o.s.s.w.u.m.AntPathRequestMatcher - Checking match of request : '/login'; against '/webjars/**'
14124 [http-nio-8080-exec-7] DEBUG o.s.s.w.u.matcher.OrRequestMatcher - Trying to match using Ant [pattern='/**/favicon.ico']
14124 [http-nio-8080-exec-7] DEBUG o.s.s.w.u.m.AntPathRequestMatcher - Checking match of request : '/login'; against '/**/favicon.ico'
14124 [http-nio-8080-exec-7] DEBUG o.s.s.w.u.matcher.OrRequestMatcher - Trying to match using Ant [pattern='/error']
14124 [http-nio-8080-exec-7] DEBUG o.s.s.w.u.m.AntPathRequestMatcher - Checking match of request : '/login'; against '/error'
14124 [http-nio-8080-exec-7] DEBUG o.s.s.w.u.matcher.OrRequestMatcher - No matches found
14124 [http-nio-8080-exec-7] DEBUG o.s.security.web.FilterChainProxy - /login at position 1 of 12 in additional filter chain; firing Filter: 'WebAsyncManagerIntegrationFilter'
14124 [http-nio-8080-exec-7] DEBUG o.s.security.web.FilterChainProxy - /login at position 2 of 12 in additional filter chain; firing Filter: 'SecurityContextPersistenceFilter'
14124 [http-nio-8080-exec-7] DEBUG o.s.s.w.c.HttpSessionSecurityContextRepository - HttpSession returned null object for SPRING_SECURITY_CONTEXT
14124 [http-nio-8080-exec-7] DEBUG o.s.s.w.c.HttpSessionSecurityContextRepository - No SecurityContext was available from the HttpSession: org.apache.catalina.session.StandardSessionFacade@508df685. A new one will be created.
14124 [http-nio-8080-exec-7] DEBUG o.s.security.web.FilterChainProxy - /login at position 3 of 12 in additional filter chain; firing Filter: 'HeaderWriterFilter'
14124 [http-nio-8080-exec-7] DEBUG o.s.s.w.h.writers.HstsHeaderWriter - Not injecting HSTS header since it did not match the requestMatcher org.springframework.security.web.header.writers.HstsHeaderWriter$SecureRequestMatcher@71b6fbc5
14124 [http-nio-8080-exec-7] DEBUG o.s.security.web.FilterChainProxy - /login at position 4 of 12 in additional filter chain; firing Filter: 'CsrfFilter'
14124 [http-nio-8080-exec-7] DEBUG o.s.security.web.FilterChainProxy - /login at position 5 of 12 in additional filter chain; firing Filter: 'LogoutFilter'
14124 [http-nio-8080-exec-7] DEBUG o.s.s.w.u.m.AntPathRequestMatcher - Request 'GET /login' doesn't match 'POST /logout
14124 [http-nio-8080-exec-7] DEBUG o.s.security.web.FilterChainProxy - /login at position 6 of 12 in additional filter chain; firing Filter: 'UsernamePasswordAuthenticationFilter'
14124 [http-nio-8080-exec-7] DEBUG o.s.s.w.u.m.AntPathRequestMatcher - Request 'GET /login' doesn't match 'POST /login
14124 [http-nio-8080-exec-7] DEBUG o.s.security.web.FilterChainProxy - /login at position 7 of 12 in additional filter chain; firing Filter: 'RequestCacheAwareFilter'
14124 [http-nio-8080-exec-7] DEBUG o.s.s.w.s.DefaultSavedRequest - pathInfo: both null (property equals)
14124 [http-nio-8080-exec-7] DEBUG o.s.s.w.s.DefaultSavedRequest - queryString: both null (property equals)
14124 [http-nio-8080-exec-7] DEBUG o.s.s.w.s.DefaultSavedRequest - requestURI: arg1=/bootstrap/js/bootstrap.js; arg2=/login (property not equals)
14128 [http-nio-8080-exec-7] DEBUG o.s.s.w.s.HttpSessionRequestCache - saved request doesn't match
14128 [http-nio-8080-exec-7] DEBUG o.s.security.web.FilterChainProxy - /login at position 8 of 12 in additional filter chain; firing Filter: 'SecurityContextHolderAwareRequestFilter'
14128 [http-nio-8080-exec-7] DEBUG o.s.security.web.FilterChainProxy - /login at position 9 of 12 in additional filter chain; firing Filter: 'AnonymousAuthenticationFilter'
14128 [http-nio-8080-exec-7] DEBUG o.s.s.w.a.AnonymousAuthenticationFilter - Populated SecurityContextHolder with anonymous token: 'org.springframework.security.authentication.AnonymousAuthenticationToken@6fa90ed4: Principal: anonymousUser; Credentials: [PROTECTED]; Authenticated: true; Details: org.springframework.security.web.authentication.WebAuthenticationDetails@fffc7f0c: RemoteIpAddress: 0:0:0:0:0:0:0:1; SessionId: 36E5404105004D310DFC84EA223C931E; Granted Authorities: ROLE_ANONYMOUS'
14128 [http-nio-8080-exec-7] DEBUG o.s.security.web.FilterChainProxy - /login at position 10 of 12 in additional filter chain; firing Filter: 'SessionManagementFilter'
14128 [http-nio-8080-exec-7] DEBUG o.s.security.web.FilterChainProxy - /login at position 11 of 12 in additional filter chain; firing Filter: 'ExceptionTranslationFilter'
14128 [http-nio-8080-exec-7] DEBUG o.s.security.web.FilterChainProxy - /login at position 12 of 12 in additional filter chain; firing Filter: 'FilterSecurityInterceptor'
14128 [http-nio-8080-exec-7] DEBUG o.s.s.w.a.i.FilterSecurityInterceptor - Secure object: FilterInvocation: URL: /login; Attributes: [permitAll]
14128 [http-nio-8080-exec-7] DEBUG o.s.s.w.a.i.FilterSecurityInterceptor - Previously Authenticated: org.springframework.security.authentication.AnonymousAuthenticationToken@6fa90ed4: Principal: anonymousUser; Credentials: [PROTECTED]; Authenticated: true; Details: org.springframework.security.web.authentication.WebAuthenticationDetails@fffc7f0c: RemoteIpAddress: 0:0:0:0:0:0:0:1; SessionId: 36E5404105004D310DFC84EA223C931E; Granted Authorities: ROLE_ANONYMOUS
14128 [http-nio-8080-exec-7] DEBUG o.s.s.access.vote.AffirmativeBased - Voter: org.springframework.security.web.access.expression.WebExpressionVoter@6ac48de7, returned: 1
14128 [http-nio-8080-exec-7] DEBUG o.s.s.w.a.i.FilterSecurityInterceptor - Authorization successful
14128 [http-nio-8080-exec-7] DEBUG o.s.s.w.a.i.FilterSecurityInterceptor - RunAsManager did not change Authentication object
14128 [http-nio-8080-exec-7] DEBUG o.s.security.web.FilterChainProxy - /login reached end of additional filter chain; proceeding with original chain
14130 [http-nio-8080-exec-7] DEBUG o.s.s.w.c.HttpSessionSecurityContextRepository - SecurityContext is empty or contents are anonymous - context will not be stored in HttpSession.
14130 [http-nio-8080-exec-7] DEBUG o.s.s.w.a.ExceptionTranslationFilter - Chain processed normally
14130 [http-nio-8080-exec-7] DEBUG o.s.s.w.c.SecurityContextPersistenceFilter - SecurityContextHolder now cleared, as request processing completed
14145 [http-nio-8080-exec-8] DEBUG o.s.s.w.u.matcher.OrRequestMatcher - Trying to match using Ant [pattern='/css/**']
14145 [http-nio-8080-exec-8] DEBUG o.s.s.w.u.m.AntPathRequestMatcher - Checking match of request : '/favicon.ico'; against '/css/**'
14145 [http-nio-8080-exec-8] DEBUG o.s.s.w.u.matcher.OrRequestMatcher - Trying to match using Ant [pattern='/js/**']
14145 [http-nio-8080-exec-8] DEBUG o.s.s.w.u.m.AntPathRequestMatcher - Checking match of request : '/favicon.ico'; against '/js/**'
14145 [http-nio-8080-exec-8] DEBUG o.s.s.w.u.matcher.OrRequestMatcher - Trying to match using Ant [pattern='/images/**']
14145 [http-nio-8080-exec-8] DEBUG o.s.s.w.u.m.AntPathRequestMatcher - Checking match of request : '/favicon.ico'; against '/images/**'
14145 [http-nio-8080-exec-8] DEBUG o.s.s.w.u.matcher.OrRequestMatcher - Trying to match using Ant [pattern='/webjars/**']
14145 [http-nio-8080-exec-8] DEBUG o.s.s.w.u.m.AntPathRequestMatcher - Checking match of request : '/favicon.ico'; against '/webjars/**'
14145 [http-nio-8080-exec-8] DEBUG o.s.s.w.u.matcher.OrRequestMatcher - Trying to match using Ant [pattern='/**/favicon.ico']
14145 [http-nio-8080-exec-8] DEBUG o.s.s.w.u.m.AntPathRequestMatcher - Checking match of request : '/favicon.ico'; against '/**/favicon.ico'
14145 [http-nio-8080-exec-8] DEBUG o.s.s.w.u.matcher.OrRequestMatcher - matched
14145 [http-nio-8080-exec-8] DEBUG o.s.security.web.FilterChainProxy - /favicon.ico has an empty filter list
35267 [Thread-14] WARN  o.s.b.f.s.DisposableBeanAdapter - Invocation of destroy method failed on bean with name 'classPathFileSystemWatcher': java.lang.NullPointerException
39376 [restartedMain] DEBUG o.s.s.c.a.a.c.AuthenticationConfiguration$EnableGlobalAuthenticationAutowiredConfigurer - Eagerly initializing {org.springframework.boot.autoconfigure.security.SpringBootWebSecurityConfiguration=org.springframework.boot.autoconfigure.security.SpringBootWebSecurityConfiguration$$EnhancerBySpringCGLIB$$fb29ffd9@135db3e4}
39384 [restartedMain] INFO  o.s.s.w.DefaultSecurityFilterChain - Creating filter chain: OrRequestMatcher [requestMatchers=[Ant [pattern='/css/**'], Ant [pattern='/js/**'], Ant [pattern='/images/**'], Ant [pattern='/webjars/**'], Ant [pattern='/**/favicon.ico'], Ant [pattern='/error']]], []
39393 [restartedMain] DEBUG o.s.s.w.a.e.ExpressionBasedFilterInvocationSecurityMetadataSource - Adding web access control expression 'permitAll', for ExactUrl [processUrl='/login?error']
39394 [restartedMain] DEBUG o.s.s.w.a.e.ExpressionBasedFilterInvocationSecurityMetadataSource - Adding web access control expression 'permitAll', for ExactUrl [processUrl='/login']
39394 [restartedMain] DEBUG o.s.s.w.a.e.ExpressionBasedFilterInvocationSecurityMetadataSource - Adding web access control expression 'permitAll', for ExactUrl [processUrl='/login']
39394 [restartedMain] DEBUG o.s.s.w.a.e.ExpressionBasedFilterInvocationSecurityMetadataSource - Adding web access control expression 'permitAll', for Ant [pattern='/logout', POST]
39394 [restartedMain] DEBUG o.s.s.w.a.e.ExpressionBasedFilterInvocationSecurityMetadataSource - Adding web access control expression 'permitAll', for ExactUrl [processUrl='/login?logout']
39394 [restartedMain] DEBUG o.s.s.w.a.e.ExpressionBasedFilterInvocationSecurityMetadataSource - Adding web access control expression 'permitAll', for Ant [pattern='/**']
39394 [restartedMain] DEBUG o.s.s.w.a.e.ExpressionBasedFilterInvocationSecurityMetadataSource - Adding web access control expression 'authenticated', for org.springframework.security.web.util.matcher.AnyRequestMatcher@1
39394 [restartedMain] DEBUG o.s.s.w.a.e.ExpressionBasedFilterInvocationSecurityMetadataSource - Adding web access control expression 'permitAll', for Ant [pattern='/public/**']
39395 [restartedMain] DEBUG o.s.s.w.a.i.FilterSecurityInterceptor - Validated configuration attributes
39395 [restartedMain] DEBUG o.s.s.w.a.i.FilterSecurityInterceptor - Validated configuration attributes
39399 [restartedMain] INFO  o.s.s.w.DefaultSecurityFilterChain - Creating filter chain: org.springframework.security.web.util.matcher.AnyRequestMatcher@1, [org.springframework.security.web.context.request.async.WebAsyncManagerIntegrationFilter@1469f759, org.springframework.security.web.context.SecurityContextPersistenceFilter@3dc06d85, org.springframework.security.web.header.HeaderWriterFilter@225ba8a6, org.springframework.security.web.csrf.CsrfFilter@653d6bf, org.springframework.security.web.authentication.logout.LogoutFilter@4b8bf065, org.springframework.security.web.authentication.UsernamePasswordAuthenticationFilter@76ee51a8, org.springframework.security.web.savedrequest.RequestCacheAwareFilter@6409733d, org.springframework.security.web.servletapi.SecurityContextHolderAwareRequestFilter@1b68f982, org.springframework.security.web.authentication.AnonymousAuthenticationFilter@328ac65, org.springframework.security.web.session.SessionManagementFilter@253ea1b3, org.springframework.security.web.access.ExceptionTranslationFilter@3f9cc189, org.springframework.security.web.access.intercept.FilterSecurityInterceptor@630c827f]
39403 [restartedMain] DEBUG o.s.s.w.a.e.ExpressionBasedFilterInvocationSecurityMetadataSource - Adding web access control expression 'hasAnyRole('ROLE_USER')', for org.springframework.security.web.util.matcher.AnyRequestMatcher@1
39403 [restartedMain] DEBUG o.s.s.w.a.i.FilterSecurityInterceptor - Validated configuration attributes
39403 [restartedMain] DEBUG o.s.s.w.a.i.FilterSecurityInterceptor - Validated configuration attributes
39403 [restartedMain] INFO  o.s.s.w.DefaultSecurityFilterChain - Creating filter chain: OrRequestMatcher [requestMatchers=[Ant [pattern='/**']]], [org.springframework.security.web.context.request.async.WebAsyncManagerIntegrationFilter@473ac4d8, org.springframework.security.web.context.SecurityContextPersistenceFilter@283e0d85, org.springframework.security.web.header.HeaderWriterFilter@a9a4600, org.springframework.security.web.authentication.logout.LogoutFilter@70aeae75, org.springframework.security.web.authentication.www.BasicAuthenticationFilter@28a4d7c0, org.springframework.security.web.savedrequest.RequestCacheAwareFilter@54d3401f, org.springframework.security.web.servletapi.SecurityContextHolderAwareRequestFilter@ca1a6c3, org.springframework.security.web.authentication.AnonymousAuthenticationFilter@5ce841a2, org.springframework.security.web.session.SessionManagementFilter@51a5aac8, org.springframework.security.web.access.ExceptionTranslationFilter@35fe9d4, org.springframework.security.web.access.intercept.FilterSecurityInterceptor@6c639a06]
44470 [http-nio-8080-exec-2] DEBUG o.s.s.w.u.matcher.OrRequestMatcher - Trying to match using Ant [pattern='/css/**']
44471 [http-nio-8080-exec-2] DEBUG o.s.s.w.u.m.AntPathRequestMatcher - Checking match of request : '/login'; against '/css/**'
44471 [http-nio-8080-exec-2] DEBUG o.s.s.w.u.matcher.OrRequestMatcher - Trying to match using Ant [pattern='/js/**']
44471 [http-nio-8080-exec-2] DEBUG o.s.s.w.u.m.AntPathRequestMatcher - Checking match of request : '/login'; against '/js/**'
44472 [http-nio-8080-exec-2] DEBUG o.s.s.w.u.matcher.OrRequestMatcher - Trying to match using Ant [pattern='/images/**']
44472 [http-nio-8080-exec-2] DEBUG o.s.s.w.u.m.AntPathRequestMatcher - Checking match of request : '/login'; against '/images/**'
44472 [http-nio-8080-exec-2] DEBUG o.s.s.w.u.matcher.OrRequestMatcher - Trying to match using Ant [pattern='/webjars/**']
44472 [http-nio-8080-exec-2] DEBUG o.s.s.w.u.m.AntPathRequestMatcher - Checking match of request : '/login'; against '/webjars/**'
44472 [http-nio-8080-exec-2] DEBUG o.s.s.w.u.matcher.OrRequestMatcher - Trying to match using Ant [pattern='/**/favicon.ico']
44472 [http-nio-8080-exec-2] DEBUG o.s.s.w.u.m.AntPathRequestMatcher - Checking match of request : '/login'; against '/**/favicon.ico'
44472 [http-nio-8080-exec-2] DEBUG o.s.s.w.u.matcher.OrRequestMatcher - Trying to match using Ant [pattern='/error']
44472 [http-nio-8080-exec-2] DEBUG o.s.s.w.u.m.AntPathRequestMatcher - Checking match of request : '/login'; against '/error'
44472 [http-nio-8080-exec-2] DEBUG o.s.s.w.u.matcher.OrRequestMatcher - No matches found
44472 [http-nio-8080-exec-2] DEBUG o.s.security.web.FilterChainProxy - /login at position 1 of 12 in additional filter chain; firing Filter: 'WebAsyncManagerIntegrationFilter'
44472 [http-nio-8080-exec-2] DEBUG o.s.security.web.FilterChainProxy - /login at position 2 of 12 in additional filter chain; firing Filter: 'SecurityContextPersistenceFilter'
44472 [http-nio-8080-exec-2] DEBUG o.s.s.w.c.HttpSessionSecurityContextRepository - HttpSession returned null object for SPRING_SECURITY_CONTEXT
44472 [http-nio-8080-exec-2] DEBUG o.s.s.w.c.HttpSessionSecurityContextRepository - No SecurityContext was available from the HttpSession: org.apache.catalina.session.StandardSessionFacade@6434da46. A new one will be created.
44472 [http-nio-8080-exec-2] DEBUG o.s.security.web.FilterChainProxy - /login at position 3 of 12 in additional filter chain; firing Filter: 'HeaderWriterFilter'
44473 [http-nio-8080-exec-2] DEBUG o.s.s.w.h.writers.HstsHeaderWriter - Not injecting HSTS header since it did not match the requestMatcher org.springframework.security.web.header.writers.HstsHeaderWriter$SecureRequestMatcher@600b4218
44473 [http-nio-8080-exec-2] DEBUG o.s.security.web.FilterChainProxy - /login at position 4 of 12 in additional filter chain; firing Filter: 'CsrfFilter'
44473 [http-nio-8080-exec-2] DEBUG o.s.security.web.FilterChainProxy - /login at position 5 of 12 in additional filter chain; firing Filter: 'LogoutFilter'
44473 [http-nio-8080-exec-2] DEBUG o.s.s.w.u.m.AntPathRequestMatcher - Request 'GET /login' doesn't match 'POST /logout
44473 [http-nio-8080-exec-2] DEBUG o.s.security.web.FilterChainProxy - /login at position 6 of 12 in additional filter chain; firing Filter: 'UsernamePasswordAuthenticationFilter'
44473 [http-nio-8080-exec-2] DEBUG o.s.s.w.u.m.AntPathRequestMatcher - Request 'GET /login' doesn't match 'POST /login
44473 [http-nio-8080-exec-2] DEBUG o.s.security.web.FilterChainProxy - /login at position 7 of 12 in additional filter chain; firing Filter: 'RequestCacheAwareFilter'
44473 [http-nio-8080-exec-2] DEBUG o.s.s.w.s.DefaultSavedRequest - pathInfo: both null (property equals)
44473 [http-nio-8080-exec-2] DEBUG o.s.s.w.s.DefaultSavedRequest - queryString: both null (property equals)
44474 [http-nio-8080-exec-2] DEBUG o.s.s.w.s.DefaultSavedRequest - requestURI: arg1=/bootstrap/js/bootstrap.js; arg2=/login (property not equals)
44474 [http-nio-8080-exec-2] DEBUG o.s.s.w.s.HttpSessionRequestCache - saved request doesn't match
44474 [http-nio-8080-exec-2] DEBUG o.s.security.web.FilterChainProxy - /login at position 8 of 12 in additional filter chain; firing Filter: 'SecurityContextHolderAwareRequestFilter'
44474 [http-nio-8080-exec-2] DEBUG o.s.security.web.FilterChainProxy - /login at position 9 of 12 in additional filter chain; firing Filter: 'AnonymousAuthenticationFilter'
44474 [http-nio-8080-exec-2] DEBUG o.s.s.w.a.AnonymousAuthenticationFilter - Populated SecurityContextHolder with anonymous token: 'org.springframework.security.authentication.AnonymousAuthenticationToken@6fa90ed4: Principal: anonymousUser; Credentials: [PROTECTED]; Authenticated: true; Details: org.springframework.security.web.authentication.WebAuthenticationDetails@fffc7f0c: RemoteIpAddress: 0:0:0:0:0:0:0:1; SessionId: 36E5404105004D310DFC84EA223C931E; Granted Authorities: ROLE_ANONYMOUS'
44474 [http-nio-8080-exec-2] DEBUG o.s.security.web.FilterChainProxy - /login at position 10 of 12 in additional filter chain; firing Filter: 'SessionManagementFilter'
44475 [http-nio-8080-exec-2] DEBUG o.s.security.web.FilterChainProxy - /login at position 11 of 12 in additional filter chain; firing Filter: 'ExceptionTranslationFilter'
44475 [http-nio-8080-exec-2] DEBUG o.s.security.web.FilterChainProxy - /login at position 12 of 12 in additional filter chain; firing Filter: 'FilterSecurityInterceptor'
44475 [http-nio-8080-exec-2] DEBUG o.s.s.w.a.i.FilterSecurityInterceptor - Secure object: FilterInvocation: URL: /login; Attributes: [permitAll]
44475 [http-nio-8080-exec-2] DEBUG o.s.s.w.a.i.FilterSecurityInterceptor - Previously Authenticated: org.springframework.security.authentication.AnonymousAuthenticationToken@6fa90ed4: Principal: anonymousUser; Credentials: [PROTECTED]; Authenticated: true; Details: org.springframework.security.web.authentication.WebAuthenticationDetails@fffc7f0c: RemoteIpAddress: 0:0:0:0:0:0:0:1; SessionId: 36E5404105004D310DFC84EA223C931E; Granted Authorities: ROLE_ANONYMOUS
44475 [http-nio-8080-exec-2] DEBUG o.s.s.access.vote.AffirmativeBased - Voter: org.springframework.security.web.access.expression.WebExpressionVoter@2509d07d, returned: 1
44475 [http-nio-8080-exec-2] DEBUG o.s.s.w.a.i.FilterSecurityInterceptor - Authorization successful
44475 [http-nio-8080-exec-2] DEBUG o.s.s.w.a.i.FilterSecurityInterceptor - RunAsManager did not change Authentication object
44475 [http-nio-8080-exec-2] DEBUG o.s.security.web.FilterChainProxy - /login reached end of additional filter chain; proceeding with original chain
44491 [http-nio-8080-exec-2] DEBUG o.s.s.w.c.HttpSessionSecurityContextRepository - SecurityContext is empty or contents are anonymous - context will not be stored in HttpSession.
44493 [http-nio-8080-exec-2] DEBUG o.s.s.w.a.ExceptionTranslationFilter - Chain processed normally
44494 [http-nio-8080-exec-2] DEBUG o.s.s.w.c.SecurityContextPersistenceFilter - SecurityContextHolder now cleared, as request processing completed
44509 [http-nio-8080-exec-4] DEBUG o.s.s.w.u.matcher.OrRequestMatcher - Trying to match using Ant [pattern='/css/**']
44509 [http-nio-8080-exec-3] DEBUG o.s.s.w.u.matcher.OrRequestMatcher - Trying to match using Ant [pattern='/css/**']
44509 [http-nio-8080-exec-1] DEBUG o.s.s.w.u.matcher.OrRequestMatcher - Trying to match using Ant [pattern='/css/**']
44509 [http-nio-8080-exec-4] DEBUG o.s.s.w.u.m.AntPathRequestMatcher - Checking match of request : '/bootstrap/js/bootstrap.js'; against '/css/**'
44510 [http-nio-8080-exec-3] DEBUG o.s.s.w.u.m.AntPathRequestMatcher - Checking match of request : '/bootstrap/css/bootstrap.css'; against '/css/**'
44510 [http-nio-8080-exec-1] DEBUG o.s.s.w.u.m.AntPathRequestMatcher - Checking match of request : '/jquery/jquery-2.1.3.js'; against '/css/**'
44510 [http-nio-8080-exec-4] DEBUG o.s.s.w.u.matcher.OrRequestMatcher - Trying to match using Ant [pattern='/js/**']
44510 [http-nio-8080-exec-1] DEBUG o.s.s.w.u.matcher.OrRequestMatcher - Trying to match using Ant [pattern='/js/**']
44510 [http-nio-8080-exec-3] DEBUG o.s.s.w.u.matcher.OrRequestMatcher - Trying to match using Ant [pattern='/js/**']
44510 [http-nio-8080-exec-1] DEBUG o.s.s.w.u.m.AntPathRequestMatcher - Checking match of request : '/jquery/jquery-2.1.3.js'; against '/js/**'
44510 [http-nio-8080-exec-4] DEBUG o.s.s.w.u.m.AntPathRequestMatcher - Checking match of request : '/bootstrap/js/bootstrap.js'; against '/js/**'
44510 [http-nio-8080-exec-3] DEBUG o.s.s.w.u.m.AntPathRequestMatcher - Checking match of request : '/bootstrap/css/bootstrap.css'; against '/js/**'
44510 [http-nio-8080-exec-1] DEBUG o.s.s.w.u.matcher.OrRequestMatcher - Trying to match using Ant [pattern='/images/**']
44510 [http-nio-8080-exec-4] DEBUG o.s.s.w.u.matcher.OrRequestMatcher - Trying to match using Ant [pattern='/images/**']
44510 [http-nio-8080-exec-3] DEBUG o.s.s.w.u.matcher.OrRequestMatcher - Trying to match using Ant [pattern='/images/**']
44510 [http-nio-8080-exec-1] DEBUG o.s.s.w.u.m.AntPathRequestMatcher - Checking match of request : '/jquery/jquery-2.1.3.js'; against '/images/**'
44510 [http-nio-8080-exec-3] DEBUG o.s.s.w.u.m.AntPathRequestMatcher - Checking match of request : '/bootstrap/css/bootstrap.css'; against '/images/**'
44510 [http-nio-8080-exec-1] DEBUG o.s.s.w.u.matcher.OrRequestMatcher - Trying to match using Ant [pattern='/webjars/**']
44510 [http-nio-8080-exec-4] DEBUG o.s.s.w.u.m.AntPathRequestMatcher - Checking match of request : '/bootstrap/js/bootstrap.js'; against '/images/**'
44511 [http-nio-8080-exec-1] DEBUG o.s.s.w.u.m.AntPathRequestMatcher - Checking match of request : '/jquery/jquery-2.1.3.js'; against '/webjars/**'
44511 [http-nio-8080-exec-4] DEBUG o.s.s.w.u.matcher.OrRequestMatcher - Trying to match using Ant [pattern='/webjars/**']
44511 [http-nio-8080-exec-3] DEBUG o.s.s.w.u.matcher.OrRequestMatcher - Trying to match using Ant [pattern='/webjars/**']
44511 [http-nio-8080-exec-4] DEBUG o.s.s.w.u.m.AntPathRequestMatcher - Checking match of request : '/bootstrap/js/bootstrap.js'; against '/webjars/**'
44511 [http-nio-8080-exec-1] DEBUG o.s.s.w.u.matcher.OrRequestMatcher - Trying to match using Ant [pattern='/**/favicon.ico']
44511 [http-nio-8080-exec-3] DEBUG o.s.s.w.u.m.AntPathRequestMatcher - Checking match of request : '/bootstrap/css/bootstrap.css'; against '/webjars/**'
44511 [http-nio-8080-exec-3] DEBUG o.s.s.w.u.matcher.OrRequestMatcher - Trying to match using Ant [pattern='/**/favicon.ico']
44511 [http-nio-8080-exec-3] DEBUG o.s.s.w.u.m.AntPathRequestMatcher - Checking match of request : '/bootstrap/css/bootstrap.css'; against '/**/favicon.ico'
44511 [http-nio-8080-exec-4] DEBUG o.s.s.w.u.matcher.OrRequestMatcher - Trying to match using Ant [pattern='/**/favicon.ico']
44511 [http-nio-8080-exec-1] DEBUG o.s.s.w.u.m.AntPathRequestMatcher - Checking match of request : '/jquery/jquery-2.1.3.js'; against '/**/favicon.ico'
44511 [http-nio-8080-exec-4] DEBUG o.s.s.w.u.m.AntPathRequestMatcher - Checking match of request : '/bootstrap/js/bootstrap.js'; against '/**/favicon.ico'
44511 [http-nio-8080-exec-3] DEBUG o.s.s.w.u.matcher.OrRequestMatcher - Trying to match using Ant [pattern='/error']
44512 [http-nio-8080-exec-1] DEBUG o.s.s.w.u.matcher.OrRequestMatcher - Trying to match using Ant [pattern='/error']
44512 [http-nio-8080-exec-4] DEBUG o.s.s.w.u.matcher.OrRequestMatcher - Trying to match using Ant [pattern='/error']
44512 [http-nio-8080-exec-3] DEBUG o.s.s.w.u.m.AntPathRequestMatcher - Checking match of request : '/bootstrap/css/bootstrap.css'; against '/error'
44512 [http-nio-8080-exec-1] DEBUG o.s.s.w.u.m.AntPathRequestMatcher - Checking match of request : '/jquery/jquery-2.1.3.js'; against '/error'
44512 [http-nio-8080-exec-1] DEBUG o.s.s.w.u.matcher.OrRequestMatcher - No matches found
44512 [http-nio-8080-exec-4] DEBUG o.s.s.w.u.m.AntPathRequestMatcher - Checking match of request : '/bootstrap/js/bootstrap.js'; against '/error'
44512 [http-nio-8080-exec-3] DEBUG o.s.s.w.u.matcher.OrRequestMatcher - No matches found
44512 [http-nio-8080-exec-4] DEBUG o.s.s.w.u.matcher.OrRequestMatcher - No matches found
44512 [http-nio-8080-exec-4] DEBUG o.s.security.web.FilterChainProxy - /bootstrap/js/bootstrap.js at position 1 of 12 in additional filter chain; firing Filter: 'WebAsyncManagerIntegrationFilter'
44512 [http-nio-8080-exec-3] DEBUG o.s.security.web.FilterChainProxy - /bootstrap/css/bootstrap.css at position 1 of 12 in additional filter chain; firing Filter: 'WebAsyncManagerIntegrationFilter'
44512 [http-nio-8080-exec-4] DEBUG o.s.security.web.FilterChainProxy - /bootstrap/js/bootstrap.js at position 2 of 12 in additional filter chain; firing Filter: 'SecurityContextPersistenceFilter'
44512 [http-nio-8080-exec-1] DEBUG o.s.security.web.FilterChainProxy - /jquery/jquery-2.1.3.js at position 1 of 12 in additional filter chain; firing Filter: 'WebAsyncManagerIntegrationFilter'
44512 [http-nio-8080-exec-3] DEBUG o.s.security.web.FilterChainProxy - /bootstrap/css/bootstrap.css at position 2 of 12 in additional filter chain; firing Filter: 'SecurityContextPersistenceFilter'
44512 [http-nio-8080-exec-4] DEBUG o.s.s.w.c.HttpSessionSecurityContextRepository - HttpSession returned null object for SPRING_SECURITY_CONTEXT
44512 [http-nio-8080-exec-3] DEBUG o.s.s.w.c.HttpSessionSecurityContextRepository - HttpSession returned null object for SPRING_SECURITY_CONTEXT
44512 [http-nio-8080-exec-1] DEBUG o.s.security.web.FilterChainProxy - /jquery/jquery-2.1.3.js at position 2 of 12 in additional filter chain; firing Filter: 'SecurityContextPersistenceFilter'
44513 [http-nio-8080-exec-3] DEBUG o.s.s.w.c.HttpSessionSecurityContextRepository - No SecurityContext was available from the HttpSession: org.apache.catalina.session.StandardSessionFacade@6434da46. A new one will be created.
44513 [http-nio-8080-exec-4] DEBUG o.s.s.w.c.HttpSessionSecurityContextRepository - No SecurityContext was available from the HttpSession: org.apache.catalina.session.StandardSessionFacade@6434da46. A new one will be created.
44513 [http-nio-8080-exec-1] DEBUG o.s.s.w.c.HttpSessionSecurityContextRepository - HttpSession returned null object for SPRING_SECURITY_CONTEXT
44513 [http-nio-8080-exec-1] DEBUG o.s.s.w.c.HttpSessionSecurityContextRepository - No SecurityContext was available from the HttpSession: org.apache.catalina.session.StandardSessionFacade@6434da46. A new one will be created.
44513 [http-nio-8080-exec-4] DEBUG o.s.security.web.FilterChainProxy - /bootstrap/js/bootstrap.js at position 3 of 12 in additional filter chain; firing Filter: 'HeaderWriterFilter'
44513 [http-nio-8080-exec-3] DEBUG o.s.security.web.FilterChainProxy - /bootstrap/css/bootstrap.css at position 3 of 12 in additional filter chain; firing Filter: 'HeaderWriterFilter'
44513 [http-nio-8080-exec-1] DEBUG o.s.security.web.FilterChainProxy - /jquery/jquery-2.1.3.js at position 3 of 12 in additional filter chain; firing Filter: 'HeaderWriterFilter'
44513 [http-nio-8080-exec-4] DEBUG o.s.s.w.h.writers.HstsHeaderWriter - Not injecting HSTS header since it did not match the requestMatcher org.springframework.security.web.header.writers.HstsHeaderWriter$SecureRequestMatcher@600b4218
44513 [http-nio-8080-exec-4] DEBUG o.s.security.web.FilterChainProxy - /bootstrap/js/bootstrap.js at position 4 of 12 in additional filter chain; firing Filter: 'CsrfFilter'
44513 [http-nio-8080-exec-1] DEBUG o.s.s.w.h.writers.HstsHeaderWriter - Not injecting HSTS header since it did not match the requestMatcher org.springframework.security.web.header.writers.HstsHeaderWriter$SecureRequestMatcher@600b4218
44513 [http-nio-8080-exec-3] DEBUG o.s.s.w.h.writers.HstsHeaderWriter - Not injecting HSTS header since it did not match the requestMatcher org.springframework.security.web.header.writers.HstsHeaderWriter$SecureRequestMatcher@600b4218
44513 [http-nio-8080-exec-1] DEBUG o.s.security.web.FilterChainProxy - /jquery/jquery-2.1.3.js at position 4 of 12 in additional filter chain; firing Filter: 'CsrfFilter'
44513 [http-nio-8080-exec-3] DEBUG o.s.security.web.FilterChainProxy - /bootstrap/css/bootstrap.css at position 4 of 12 in additional filter chain; firing Filter: 'CsrfFilter'
44513 [http-nio-8080-exec-4] DEBUG o.s.security.web.FilterChainProxy - /bootstrap/js/bootstrap.js at position 5 of 12 in additional filter chain; firing Filter: 'LogoutFilter'
44513 [http-nio-8080-exec-3] DEBUG o.s.security.web.FilterChainProxy - /bootstrap/css/bootstrap.css at position 5 of 12 in additional filter chain; firing Filter: 'LogoutFilter'
44514 [http-nio-8080-exec-4] DEBUG o.s.s.w.u.m.AntPathRequestMatcher - Request 'GET /bootstrap/js/bootstrap.js' doesn't match 'POST /logout
44513 [http-nio-8080-exec-1] DEBUG o.s.security.web.FilterChainProxy - /jquery/jquery-2.1.3.js at position 5 of 12 in additional filter chain; firing Filter: 'LogoutFilter'
44514 [http-nio-8080-exec-3] DEBUG o.s.s.w.u.m.AntPathRequestMatcher - Request 'GET /bootstrap/css/bootstrap.css' doesn't match 'POST /logout
44514 [http-nio-8080-exec-4] DEBUG o.s.security.web.FilterChainProxy - /bootstrap/js/bootstrap.js at position 6 of 12 in additional filter chain; firing Filter: 'UsernamePasswordAuthenticationFilter'
44514 [http-nio-8080-exec-3] DEBUG o.s.security.web.FilterChainProxy - /bootstrap/css/bootstrap.css at position 6 of 12 in additional filter chain; firing Filter: 'UsernamePasswordAuthenticationFilter'
44514 [http-nio-8080-exec-1] DEBUG o.s.s.w.u.m.AntPathRequestMatcher - Request 'GET /jquery/jquery-2.1.3.js' doesn't match 'POST /logout
44514 [http-nio-8080-exec-3] DEBUG o.s.s.w.u.m.AntPathRequestMatcher - Request 'GET /bootstrap/css/bootstrap.css' doesn't match 'POST /login
44514 [http-nio-8080-exec-3] DEBUG o.s.security.web.FilterChainProxy - /bootstrap/css/bootstrap.css at position 7 of 12 in additional filter chain; firing Filter: 'RequestCacheAwareFilter'
44514 [http-nio-8080-exec-4] DEBUG o.s.s.w.u.m.AntPathRequestMatcher - Request 'GET /bootstrap/js/bootstrap.js' doesn't match 'POST /login
44514 [http-nio-8080-exec-1] DEBUG o.s.security.web.FilterChainProxy - /jquery/jquery-2.1.3.js at position 6 of 12 in additional filter chain; firing Filter: 'UsernamePasswordAuthenticationFilter'
44514 [http-nio-8080-exec-3] DEBUG o.s.s.w.s.DefaultSavedRequest - pathInfo: both null (property equals)
44514 [http-nio-8080-exec-4] DEBUG o.s.security.web.FilterChainProxy - /bootstrap/js/bootstrap.js at position 7 of 12 in additional filter chain; firing Filter: 'RequestCacheAwareFilter'
44515 [http-nio-8080-exec-1] DEBUG o.s.s.w.u.m.AntPathRequestMatcher - Request 'GET /jquery/jquery-2.1.3.js' doesn't match 'POST /login
44515 [http-nio-8080-exec-3] DEBUG o.s.s.w.s.DefaultSavedRequest - queryString: both null (property equals)
44515 [http-nio-8080-exec-4] DEBUG o.s.s.w.s.DefaultSavedRequest - pathInfo: both null (property equals)
44515 [http-nio-8080-exec-4] DEBUG o.s.s.w.s.DefaultSavedRequest - queryString: both null (property equals)
44515 [http-nio-8080-exec-3] DEBUG o.s.s.w.s.DefaultSavedRequest - requestURI: arg1=/bootstrap/js/bootstrap.js; arg2=/bootstrap/css/bootstrap.css (property not equals)
44515 [http-nio-8080-exec-4] DEBUG o.s.s.w.s.DefaultSavedRequest - requestURI: arg1=/bootstrap/js/bootstrap.js; arg2=/bootstrap/js/bootstrap.js (property equals)
44515 [http-nio-8080-exec-3] DEBUG o.s.s.w.s.HttpSessionRequestCache - saved request doesn't match
44515 [http-nio-8080-exec-3] DEBUG o.s.security.web.FilterChainProxy - /bootstrap/css/bootstrap.css at position 8 of 12 in additional filter chain; firing Filter: 'SecurityContextHolderAwareRequestFilter'
44515 [http-nio-8080-exec-4] DEBUG o.s.s.w.s.DefaultSavedRequest - serverPort: arg1=8080; arg2=8080 (property equals)
44515 [http-nio-8080-exec-1] DEBUG o.s.security.web.FilterChainProxy - /jquery/jquery-2.1.3.js at position 7 of 12 in additional filter chain; firing Filter: 'RequestCacheAwareFilter'
44515 [http-nio-8080-exec-3] DEBUG o.s.security.web.FilterChainProxy - /bootstrap/css/bootstrap.css at position 9 of 12 in additional filter chain; firing Filter: 'AnonymousAuthenticationFilter'
44515 [http-nio-8080-exec-1] DEBUG o.s.s.w.s.DefaultSavedRequest - pathInfo: both null (property equals)
44515 [http-nio-8080-exec-4] DEBUG o.s.s.w.s.DefaultSavedRequest - requestURL: arg1=http://localhost:8080/bootstrap/js/bootstrap.js; arg2=http://localhost:8080/bootstrap/js/bootstrap.js (property equals)
44515 [http-nio-8080-exec-3] DEBUG o.s.s.w.a.AnonymousAuthenticationFilter - Populated SecurityContextHolder with anonymous token: 'org.springframework.security.authentication.AnonymousAuthenticationToken@6fa90ed4: Principal: anonymousUser; Credentials: [PROTECTED]; Authenticated: true; Details: org.springframework.security.web.authentication.WebAuthenticationDetails@fffc7f0c: RemoteIpAddress: 0:0:0:0:0:0:0:1; SessionId: 36E5404105004D310DFC84EA223C931E; Granted Authorities: ROLE_ANONYMOUS'
44515 [http-nio-8080-exec-4] DEBUG o.s.s.w.s.DefaultSavedRequest - scheme: arg1=http; arg2=http (property equals)
44515 [http-nio-8080-exec-3] DEBUG o.s.security.web.FilterChainProxy - /bootstrap/css/bootstrap.css at position 10 of 12 in additional filter chain; firing Filter: 'SessionManagementFilter'
44515 [http-nio-8080-exec-1] DEBUG o.s.s.w.s.DefaultSavedRequest - queryString: both null (property equals)
44516 [http-nio-8080-exec-4] DEBUG o.s.s.w.s.DefaultSavedRequest - serverName: arg1=localhost; arg2=localhost (property equals)
44516 [http-nio-8080-exec-3] DEBUG o.s.security.web.FilterChainProxy - /bootstrap/css/bootstrap.css at position 11 of 12 in additional filter chain; firing Filter: 'ExceptionTranslationFilter'
44516 [http-nio-8080-exec-1] DEBUG o.s.s.w.s.DefaultSavedRequest - requestURI: arg1=/bootstrap/js/bootstrap.js; arg2=/jquery/jquery-2.1.3.js (property not equals)
44516 [http-nio-8080-exec-4] DEBUG o.s.s.w.s.DefaultSavedRequest - contextPath: arg1=; arg2= (property equals)
44516 [http-nio-8080-exec-3] DEBUG o.s.security.web.FilterChainProxy - /bootstrap/css/bootstrap.css at position 12 of 12 in additional filter chain; firing Filter: 'FilterSecurityInterceptor'
44516 [http-nio-8080-exec-1] DEBUG o.s.s.w.s.HttpSessionRequestCache - saved request doesn't match
44516 [http-nio-8080-exec-1] DEBUG o.s.security.web.FilterChainProxy - /jquery/jquery-2.1.3.js at position 8 of 12 in additional filter chain; firing Filter: 'SecurityContextHolderAwareRequestFilter'
44516 [http-nio-8080-exec-4] DEBUG o.s.s.w.s.DefaultSavedRequest - servletPath: arg1=/bootstrap/js/bootstrap.js; arg2=/bootstrap/js/bootstrap.js (property equals)
44516 [http-nio-8080-exec-1] DEBUG o.s.security.web.FilterChainProxy - /jquery/jquery-2.1.3.js at position 9 of 12 in additional filter chain; firing Filter: 'AnonymousAuthenticationFilter'
44516 [http-nio-8080-exec-1] DEBUG o.s.s.w.a.AnonymousAuthenticationFilter - Populated SecurityContextHolder with anonymous token: 'org.springframework.security.authentication.AnonymousAuthenticationToken@6fa90ed4: Principal: anonymousUser; Credentials: [PROTECTED]; Authenticated: true; Details: org.springframework.security.web.authentication.WebAuthenticationDetails@fffc7f0c: RemoteIpAddress: 0:0:0:0:0:0:0:1; SessionId: 36E5404105004D310DFC84EA223C931E; Granted Authorities: ROLE_ANONYMOUS'
44516 [http-nio-8080-exec-3] DEBUG o.s.s.w.u.m.AntPathRequestMatcher - Request 'GET /bootstrap/css/bootstrap.css' doesn't match 'POST /logout
44516 [http-nio-8080-exec-3] DEBUG o.s.s.w.u.m.AntPathRequestMatcher - Request '/bootstrap/css/bootstrap.css' matched by universal pattern '/**'
44516 [http-nio-8080-exec-4] DEBUG o.s.s.w.s.HttpSessionRequestCache - Removing DefaultSavedRequest from session if present
44516 [http-nio-8080-exec-1] DEBUG o.s.security.web.FilterChainProxy - /jquery/jquery-2.1.3.js at position 10 of 12 in additional filter chain; firing Filter: 'SessionManagementFilter'
44516 [http-nio-8080-exec-3] DEBUG o.s.s.w.a.i.FilterSecurityInterceptor - Secure object: FilterInvocation: URL: /bootstrap/css/bootstrap.css; Attributes: [permitAll]
44517 [http-nio-8080-exec-1] DEBUG o.s.security.web.FilterChainProxy - /jquery/jquery-2.1.3.js at position 11 of 12 in additional filter chain; firing Filter: 'ExceptionTranslationFilter'
44517 [http-nio-8080-exec-3] DEBUG o.s.s.w.a.i.FilterSecurityInterceptor - Previously Authenticated: org.springframework.security.authentication.AnonymousAuthenticationToken@6fa90ed4: Principal: anonymousUser; Credentials: [PROTECTED]; Authenticated: true; Details: org.springframework.security.web.authentication.WebAuthenticationDetails@fffc7f0c: RemoteIpAddress: 0:0:0:0:0:0:0:1; SessionId: 36E5404105004D310DFC84EA223C931E; Granted Authorities: ROLE_ANONYMOUS
44517 [http-nio-8080-exec-1] DEBUG o.s.security.web.FilterChainProxy - /jquery/jquery-2.1.3.js at position 12 of 12 in additional filter chain; firing Filter: 'FilterSecurityInterceptor'
44517 [http-nio-8080-exec-1] DEBUG o.s.s.w.u.m.AntPathRequestMatcher - Request 'GET /jquery/jquery-2.1.3.js' doesn't match 'POST /logout
44517 [http-nio-8080-exec-1] DEBUG o.s.s.w.u.m.AntPathRequestMatcher - Request '/jquery/jquery-2.1.3.js' matched by universal pattern '/**'
44517 [http-nio-8080-exec-1] DEBUG o.s.s.w.a.i.FilterSecurityInterceptor - Secure object: FilterInvocation: URL: /jquery/jquery-2.1.3.js; Attributes: [permitAll]
44517 [http-nio-8080-exec-1] DEBUG o.s.s.w.a.i.FilterSecurityInterceptor - Previously Authenticated: org.springframework.security.authentication.AnonymousAuthenticationToken@6fa90ed4: Principal: anonymousUser; Credentials: [PROTECTED]; Authenticated: true; Details: org.springframework.security.web.authentication.WebAuthenticationDetails@fffc7f0c: RemoteIpAddress: 0:0:0:0:0:0:0:1; SessionId: 36E5404105004D310DFC84EA223C931E; Granted Authorities: ROLE_ANONYMOUS
44518 [http-nio-8080-exec-4] DEBUG o.s.security.web.FilterChainProxy - /bootstrap/js/bootstrap.js at position 8 of 12 in additional filter chain; firing Filter: 'SecurityContextHolderAwareRequestFilter'
44518 [http-nio-8080-exec-4] DEBUG o.s.security.web.FilterChainProxy - /bootstrap/js/bootstrap.js at position 9 of 12 in additional filter chain; firing Filter: 'AnonymousAuthenticationFilter'
44518 [http-nio-8080-exec-3] DEBUG o.s.s.access.vote.AffirmativeBased - Voter: org.springframework.security.web.access.expression.WebExpressionVoter@2509d07d, returned: 1
44518 [http-nio-8080-exec-1] DEBUG o.s.s.access.vote.AffirmativeBased - Voter: org.springframework.security.web.access.expression.WebExpressionVoter@2509d07d, returned: 1
44518 [http-nio-8080-exec-3] DEBUG o.s.s.w.a.i.FilterSecurityInterceptor - Authorization successful
44519 [http-nio-8080-exec-3] DEBUG o.s.s.w.a.i.FilterSecurityInterceptor - RunAsManager did not change Authentication object
44518 [http-nio-8080-exec-4] DEBUG o.s.s.w.a.AnonymousAuthenticationFilter - Populated SecurityContextHolder with anonymous token: 'org.springframework.security.authentication.AnonymousAuthenticationToken@6fa90ed4: Principal: anonymousUser; Credentials: [PROTECTED]; Authenticated: true; Details: org.springframework.security.web.authentication.WebAuthenticationDetails@fffc7f0c: RemoteIpAddress: 0:0:0:0:0:0:0:1; SessionId: 36E5404105004D310DFC84EA223C931E; Granted Authorities: ROLE_ANONYMOUS'
44519 [http-nio-8080-exec-3] DEBUG o.s.security.web.FilterChainProxy - /bootstrap/css/bootstrap.css reached end of additional filter chain; proceeding with original chain
44519 [http-nio-8080-exec-1] DEBUG o.s.s.w.a.i.FilterSecurityInterceptor - Authorization successful
44519 [http-nio-8080-exec-4] DEBUG o.s.security.web.FilterChainProxy - /bootstrap/js/bootstrap.js at position 10 of 12 in additional filter chain; firing Filter: 'SessionManagementFilter'
44519 [http-nio-8080-exec-1] DEBUG o.s.s.w.a.i.FilterSecurityInterceptor - RunAsManager did not change Authentication object
44519 [http-nio-8080-exec-1] DEBUG o.s.security.web.FilterChainProxy - /jquery/jquery-2.1.3.js reached end of additional filter chain; proceeding with original chain
44519 [http-nio-8080-exec-4] DEBUG o.s.security.web.FilterChainProxy - /bootstrap/js/bootstrap.js at position 11 of 12 in additional filter chain; firing Filter: 'ExceptionTranslationFilter'
44519 [http-nio-8080-exec-4] DEBUG o.s.security.web.FilterChainProxy - /bootstrap/js/bootstrap.js at position 12 of 12 in additional filter chain; firing Filter: 'FilterSecurityInterceptor'
44519 [http-nio-8080-exec-4] DEBUG o.s.s.w.u.m.AntPathRequestMatcher - Request 'GET /bootstrap/js/bootstrap.js' doesn't match 'POST /logout
44519 [http-nio-8080-exec-4] DEBUG o.s.s.w.u.m.AntPathRequestMatcher - Request '/bootstrap/js/bootstrap.js' matched by universal pattern '/**'
44519 [http-nio-8080-exec-4] DEBUG o.s.s.w.a.i.FilterSecurityInterceptor - Secure object: FilterInvocation: URL: /bootstrap/js/bootstrap.js; Attributes: [permitAll]
44519 [http-nio-8080-exec-4] DEBUG o.s.s.w.a.i.FilterSecurityInterceptor - Previously Authenticated: org.springframework.security.authentication.AnonymousAuthenticationToken@6fa90ed4: Principal: anonymousUser; Credentials: [PROTECTED]; Authenticated: true; Details: org.springframework.security.web.authentication.WebAuthenticationDetails@fffc7f0c: RemoteIpAddress: 0:0:0:0:0:0:0:1; SessionId: 36E5404105004D310DFC84EA223C931E; Granted Authorities: ROLE_ANONYMOUS
44520 [http-nio-8080-exec-4] DEBUG o.s.s.access.vote.AffirmativeBased - Voter: org.springframework.security.web.access.expression.WebExpressionVoter@2509d07d, returned: 1
44520 [http-nio-8080-exec-4] DEBUG o.s.s.w.a.i.FilterSecurityInterceptor - Authorization successful
44520 [http-nio-8080-exec-4] DEBUG o.s.s.w.a.i.FilterSecurityInterceptor - RunAsManager did not change Authentication object
44520 [http-nio-8080-exec-4] DEBUG o.s.security.web.FilterChainProxy - /bootstrap/js/bootstrap.js reached end of additional filter chain; proceeding with original chain
44524 [http-nio-8080-exec-4] DEBUG o.s.s.w.c.HttpSessionSecurityContextRepository - SecurityContext is empty or contents are anonymous - context will not be stored in HttpSession.
44524 [http-nio-8080-exec-3] DEBUG o.s.s.w.c.HttpSessionSecurityContextRepository - SecurityContext is empty or contents are anonymous - context will not be stored in HttpSession.
44524 [http-nio-8080-exec-1] DEBUG o.s.s.w.c.HttpSessionSecurityContextRepository - SecurityContext is empty or contents are anonymous - context will not be stored in HttpSession.
44526 [http-nio-8080-exec-4] DEBUG o.s.s.w.a.ExceptionTranslationFilter - Chain processed normally
44526 [http-nio-8080-exec-4] DEBUG o.s.s.w.c.SecurityContextPersistenceFilter - SecurityContextHolder now cleared, as request processing completed
44527 [http-nio-8080-exec-3] DEBUG o.s.s.w.a.ExceptionTranslationFilter - Chain processed normally
44528 [http-nio-8080-exec-3] DEBUG o.s.s.w.c.SecurityContextPersistenceFilter - SecurityContextHolder now cleared, as request processing completed
44529 [http-nio-8080-exec-1] DEBUG o.s.s.w.a.ExceptionTranslationFilter - Chain processed normally
44529 [http-nio-8080-exec-1] DEBUG o.s.s.w.c.SecurityContextPersistenceFilter - SecurityContextHolder now cleared, as request processing completed
44580 [http-nio-8080-exec-9] DEBUG o.s.s.w.u.matcher.OrRequestMatcher - Trying to match using Ant [pattern='/css/**']
44580 [http-nio-8080-exec-9] DEBUG o.s.s.w.u.m.AntPathRequestMatcher - Checking match of request : '/favicon.ico'; against '/css/**'
44580 [http-nio-8080-exec-9] DEBUG o.s.s.w.u.matcher.OrRequestMatcher - Trying to match using Ant [pattern='/js/**']
44580 [http-nio-8080-exec-9] DEBUG o.s.s.w.u.m.AntPathRequestMatcher - Checking match of request : '/favicon.ico'; against '/js/**'
44580 [http-nio-8080-exec-9] DEBUG o.s.s.w.u.matcher.OrRequestMatcher - Trying to match using Ant [pattern='/images/**']
44580 [http-nio-8080-exec-9] DEBUG o.s.s.w.u.m.AntPathRequestMatcher - Checking match of request : '/favicon.ico'; against '/images/**'
44580 [http-nio-8080-exec-9] DEBUG o.s.s.w.u.matcher.OrRequestMatcher - Trying to match using Ant [pattern='/webjars/**']
44580 [http-nio-8080-exec-9] DEBUG o.s.s.w.u.m.AntPathRequestMatcher - Checking match of request : '/favicon.ico'; against '/webjars/**'
44580 [http-nio-8080-exec-9] DEBUG o.s.s.w.u.matcher.OrRequestMatcher - Trying to match using Ant [pattern='/**/favicon.ico']
44580 [http-nio-8080-exec-9] DEBUG o.s.s.w.u.m.AntPathRequestMatcher - Checking match of request : '/favicon.ico'; against '/**/favicon.ico'
44580 [http-nio-8080-exec-9] DEBUG o.s.s.w.u.matcher.OrRequestMatcher - matched
44580 [http-nio-8080-exec-9] DEBUG o.s.security.web.FilterChainProxy - /favicon.ico has an empty filter list
45523 [http-nio-8080-exec-8] DEBUG o.s.s.w.u.matcher.OrRequestMatcher - Trying to match using Ant [pattern='/css/**']
45523 [http-nio-8080-exec-8] DEBUG o.s.s.w.u.m.AntPathRequestMatcher - Checking match of request : '/login'; against '/css/**'
45523 [http-nio-8080-exec-8] DEBUG o.s.s.w.u.matcher.OrRequestMatcher - Trying to match using Ant [pattern='/js/**']
45523 [http-nio-8080-exec-8] DEBUG o.s.s.w.u.m.AntPathRequestMatcher - Checking match of request : '/login'; against '/js/**'
45523 [http-nio-8080-exec-8] DEBUG o.s.s.w.u.matcher.OrRequestMatcher - Trying to match using Ant [pattern='/images/**']
45523 [http-nio-8080-exec-8] DEBUG o.s.s.w.u.m.AntPathRequestMatcher - Checking match of request : '/login'; against '/images/**'
45523 [http-nio-8080-exec-8] DEBUG o.s.s.w.u.matcher.OrRequestMatcher - Trying to match using Ant [pattern='/webjars/**']
45523 [http-nio-8080-exec-8] DEBUG o.s.s.w.u.m.AntPathRequestMatcher - Checking match of request : '/login'; against '/webjars/**'
45523 [http-nio-8080-exec-8] DEBUG o.s.s.w.u.matcher.OrRequestMatcher - Trying to match using Ant [pattern='/**/favicon.ico']
45523 [http-nio-8080-exec-8] DEBUG o.s.s.w.u.m.AntPathRequestMatcher - Checking match of request : '/login'; against '/**/favicon.ico'
45523 [http-nio-8080-exec-8] DEBUG o.s.s.w.u.matcher.OrRequestMatcher - Trying to match using Ant [pattern='/error']
45523 [http-nio-8080-exec-8] DEBUG o.s.s.w.u.m.AntPathRequestMatcher - Checking match of request : '/login'; against '/error'
45523 [http-nio-8080-exec-8] DEBUG o.s.s.w.u.matcher.OrRequestMatcher - No matches found
45523 [http-nio-8080-exec-8] DEBUG o.s.security.web.FilterChainProxy - /login at position 1 of 12 in additional filter chain; firing Filter: 'WebAsyncManagerIntegrationFilter'
45523 [http-nio-8080-exec-8] DEBUG o.s.security.web.FilterChainProxy - /login at position 2 of 12 in additional filter chain; firing Filter: 'SecurityContextPersistenceFilter'
45523 [http-nio-8080-exec-8] DEBUG o.s.s.w.c.HttpSessionSecurityContextRepository - HttpSession returned null object for SPRING_SECURITY_CONTEXT
45523 [http-nio-8080-exec-8] DEBUG o.s.s.w.c.HttpSessionSecurityContextRepository - No SecurityContext was available from the HttpSession: org.apache.catalina.session.StandardSessionFacade@6434da46. A new one will be created.
45523 [http-nio-8080-exec-8] DEBUG o.s.security.web.FilterChainProxy - /login at position 3 of 12 in additional filter chain; firing Filter: 'HeaderWriterFilter'
45523 [http-nio-8080-exec-8] DEBUG o.s.s.w.h.writers.HstsHeaderWriter - Not injecting HSTS header since it did not match the requestMatcher org.springframework.security.web.header.writers.HstsHeaderWriter$SecureRequestMatcher@600b4218
45523 [http-nio-8080-exec-8] DEBUG o.s.security.web.FilterChainProxy - /login at position 4 of 12 in additional filter chain; firing Filter: 'CsrfFilter'
45523 [http-nio-8080-exec-8] DEBUG o.s.security.web.FilterChainProxy - /login at position 5 of 12 in additional filter chain; firing Filter: 'LogoutFilter'
45523 [http-nio-8080-exec-8] DEBUG o.s.s.w.u.m.AntPathRequestMatcher - Request 'GET /login' doesn't match 'POST /logout
45523 [http-nio-8080-exec-8] DEBUG o.s.security.web.FilterChainProxy - /login at position 6 of 12 in additional filter chain; firing Filter: 'UsernamePasswordAuthenticationFilter'
45523 [http-nio-8080-exec-8] DEBUG o.s.s.w.u.m.AntPathRequestMatcher - Request 'GET /login' doesn't match 'POST /login
45523 [http-nio-8080-exec-8] DEBUG o.s.security.web.FilterChainProxy - /login at position 7 of 12 in additional filter chain; firing Filter: 'RequestCacheAwareFilter'
45523 [http-nio-8080-exec-8] DEBUG o.s.security.web.FilterChainProxy - /login at position 8 of 12 in additional filter chain; firing Filter: 'SecurityContextHolderAwareRequestFilter'
45523 [http-nio-8080-exec-8] DEBUG o.s.security.web.FilterChainProxy - /login at position 9 of 12 in additional filter chain; firing Filter: 'AnonymousAuthenticationFilter'
45525 [http-nio-8080-exec-8] DEBUG o.s.s.w.a.AnonymousAuthenticationFilter - Populated SecurityContextHolder with anonymous token: 'org.springframework.security.authentication.AnonymousAuthenticationToken@6fa90ed4: Principal: anonymousUser; Credentials: [PROTECTED]; Authenticated: true; Details: org.springframework.security.web.authentication.WebAuthenticationDetails@fffc7f0c: RemoteIpAddress: 0:0:0:0:0:0:0:1; SessionId: 36E5404105004D310DFC84EA223C931E; Granted Authorities: ROLE_ANONYMOUS'
45525 [http-nio-8080-exec-8] DEBUG o.s.security.web.FilterChainProxy - /login at position 10 of 12 in additional filter chain; firing Filter: 'SessionManagementFilter'
45525 [http-nio-8080-exec-8] DEBUG o.s.security.web.FilterChainProxy - /login at position 11 of 12 in additional filter chain; firing Filter: 'ExceptionTranslationFilter'
45525 [http-nio-8080-exec-8] DEBUG o.s.security.web.FilterChainProxy - /login at position 12 of 12 in additional filter chain; firing Filter: 'FilterSecurityInterceptor'
45525 [http-nio-8080-exec-8] DEBUG o.s.s.w.a.i.FilterSecurityInterceptor - Secure object: FilterInvocation: URL: /login; Attributes: [permitAll]
45525 [http-nio-8080-exec-8] DEBUG o.s.s.w.a.i.FilterSecurityInterceptor - Previously Authenticated: org.springframework.security.authentication.AnonymousAuthenticationToken@6fa90ed4: Principal: anonymousUser; Credentials: [PROTECTED]; Authenticated: true; Details: org.springframework.security.web.authentication.WebAuthenticationDetails@fffc7f0c: RemoteIpAddress: 0:0:0:0:0:0:0:1; SessionId: 36E5404105004D310DFC84EA223C931E; Granted Authorities: ROLE_ANONYMOUS
45525 [http-nio-8080-exec-8] DEBUG o.s.s.access.vote.AffirmativeBased - Voter: org.springframework.security.web.access.expression.WebExpressionVoter@2509d07d, returned: 1
45525 [http-nio-8080-exec-8] DEBUG o.s.s.w.a.i.FilterSecurityInterceptor - Authorization successful
45525 [http-nio-8080-exec-8] DEBUG o.s.s.w.a.i.FilterSecurityInterceptor - RunAsManager did not change Authentication object
45525 [http-nio-8080-exec-8] DEBUG o.s.security.web.FilterChainProxy - /login reached end of additional filter chain; proceeding with original chain
45527 [http-nio-8080-exec-8] DEBUG o.s.s.w.c.HttpSessionSecurityContextRepository - SecurityContext is empty or contents are anonymous - context will not be stored in HttpSession.
45528 [http-nio-8080-exec-8] DEBUG o.s.s.w.a.ExceptionTranslationFilter - Chain processed normally
45528 [http-nio-8080-exec-8] DEBUG o.s.s.w.c.SecurityContextPersistenceFilter - SecurityContextHolder now cleared, as request processing completed
45537 [http-nio-8080-exec-6] DEBUG o.s.s.w.u.matcher.OrRequestMatcher - Trying to match using Ant [pattern='/css/**']
45537 [http-nio-8080-exec-5] DEBUG o.s.s.w.u.matcher.OrRequestMatcher - Trying to match using Ant [pattern='/css/**']
45537 [http-nio-8080-exec-5] DEBUG o.s.s.w.u.m.AntPathRequestMatcher - Checking match of request : '/bootstrap/css/bootstrap.css'; against '/css/**'
45537 [http-nio-8080-exec-5] DEBUG o.s.s.w.u.matcher.OrRequestMatcher - Trying to match using Ant [pattern='/js/**']
45537 [http-nio-8080-exec-5] DEBUG o.s.s.w.u.m.AntPathRequestMatcher - Checking match of request : '/bootstrap/css/bootstrap.css'; against '/js/**'
45537 [http-nio-8080-exec-5] DEBUG o.s.s.w.u.matcher.OrRequestMatcher - Trying to match using Ant [pattern='/images/**']
45537 [http-nio-8080-exec-7] DEBUG o.s.s.w.u.matcher.OrRequestMatcher - Trying to match using Ant [pattern='/css/**']
45537 [http-nio-8080-exec-6] DEBUG o.s.s.w.u.m.AntPathRequestMatcher - Checking match of request : '/jquery/jquery-2.1.3.js'; against '/css/**'
45537 [http-nio-8080-exec-5] DEBUG o.s.s.w.u.m.AntPathRequestMatcher - Checking match of request : '/bootstrap/css/bootstrap.css'; against '/images/**'
45537 [http-nio-8080-exec-5] DEBUG o.s.s.w.u.matcher.OrRequestMatcher - Trying to match using Ant [pattern='/webjars/**']
45537 [http-nio-8080-exec-7] DEBUG o.s.s.w.u.m.AntPathRequestMatcher - Checking match of request : '/bootstrap/js/bootstrap.js'; against '/css/**'
45537 [http-nio-8080-exec-7] DEBUG o.s.s.w.u.matcher.OrRequestMatcher - Trying to match using Ant [pattern='/js/**']
45537 [http-nio-8080-exec-7] DEBUG o.s.s.w.u.m.AntPathRequestMatcher - Checking match of request : '/bootstrap/js/bootstrap.js'; against '/js/**'
45537 [http-nio-8080-exec-6] DEBUG o.s.s.w.u.matcher.OrRequestMatcher - Trying to match using Ant [pattern='/js/**']
45537 [http-nio-8080-exec-6] DEBUG o.s.s.w.u.m.AntPathRequestMatcher - Checking match of request : '/jquery/jquery-2.1.3.js'; against '/js/**'
45537 [http-nio-8080-exec-6] DEBUG o.s.s.w.u.matcher.OrRequestMatcher - Trying to match using Ant [pattern='/images/**']
45537 [http-nio-8080-exec-6] DEBUG o.s.s.w.u.m.AntPathRequestMatcher - Checking match of request : '/jquery/jquery-2.1.3.js'; against '/images/**'
45537 [http-nio-8080-exec-6] DEBUG o.s.s.w.u.matcher.OrRequestMatcher - Trying to match using Ant [pattern='/webjars/**']
45537 [http-nio-8080-exec-5] DEBUG o.s.s.w.u.m.AntPathRequestMatcher - Checking match of request : '/bootstrap/css/bootstrap.css'; against '/webjars/**'
45537 [http-nio-8080-exec-5] DEBUG o.s.s.w.u.matcher.OrRequestMatcher - Trying to match using Ant [pattern='/**/favicon.ico']
45537 [http-nio-8080-exec-5] DEBUG o.s.s.w.u.m.AntPathRequestMatcher - Checking match of request : '/bootstrap/css/bootstrap.css'; against '/**/favicon.ico'
45537 [http-nio-8080-exec-7] DEBUG o.s.s.w.u.matcher.OrRequestMatcher - Trying to match using Ant [pattern='/images/**']
45537 [http-nio-8080-exec-5] DEBUG o.s.s.w.u.matcher.OrRequestMatcher - Trying to match using Ant [pattern='/error']
45537 [http-nio-8080-exec-7] DEBUG o.s.s.w.u.m.AntPathRequestMatcher - Checking match of request : '/bootstrap/js/bootstrap.js'; against '/images/**'
45537 [http-nio-8080-exec-5] DEBUG o.s.s.w.u.m.AntPathRequestMatcher - Checking match of request : '/bootstrap/css/bootstrap.css'; against '/error'
45537 [http-nio-8080-exec-5] DEBUG o.s.s.w.u.matcher.OrRequestMatcher - No matches found
45537 [http-nio-8080-exec-6] DEBUG o.s.s.w.u.m.AntPathRequestMatcher - Checking match of request : '/jquery/jquery-2.1.3.js'; against '/webjars/**'
45537 [http-nio-8080-exec-5] DEBUG o.s.security.web.FilterChainProxy - /bootstrap/css/bootstrap.css at position 1 of 12 in additional filter chain; firing Filter: 'WebAsyncManagerIntegrationFilter'
45537 [http-nio-8080-exec-6] DEBUG o.s.s.w.u.matcher.OrRequestMatcher - Trying to match using Ant [pattern='/**/favicon.ico']
45537 [http-nio-8080-exec-7] DEBUG o.s.s.w.u.matcher.OrRequestMatcher - Trying to match using Ant [pattern='/webjars/**']
45537 [http-nio-8080-exec-5] DEBUG o.s.security.web.FilterChainProxy - /bootstrap/css/bootstrap.css at position 2 of 12 in additional filter chain; firing Filter: 'SecurityContextPersistenceFilter'
45538 [http-nio-8080-exec-6] DEBUG o.s.s.w.u.m.AntPathRequestMatcher - Checking match of request : '/jquery/jquery-2.1.3.js'; against '/**/favicon.ico'
45538 [http-nio-8080-exec-7] DEBUG o.s.s.w.u.m.AntPathRequestMatcher - Checking match of request : '/bootstrap/js/bootstrap.js'; against '/webjars/**'
45538 [http-nio-8080-exec-6] DEBUG o.s.s.w.u.matcher.OrRequestMatcher - Trying to match using Ant [pattern='/error']
45538 [http-nio-8080-exec-6] DEBUG o.s.s.w.u.m.AntPathRequestMatcher - Checking match of request : '/jquery/jquery-2.1.3.js'; against '/error'
45538 [http-nio-8080-exec-5] DEBUG o.s.s.w.c.HttpSessionSecurityContextRepository - HttpSession returned null object for SPRING_SECURITY_CONTEXT
45538 [http-nio-8080-exec-5] DEBUG o.s.s.w.c.HttpSessionSecurityContextRepository - No SecurityContext was available from the HttpSession: org.apache.catalina.session.StandardSessionFacade@6434da46. A new one will be created.
45538 [http-nio-8080-exec-5] DEBUG o.s.security.web.FilterChainProxy - /bootstrap/css/bootstrap.css at position 3 of 12 in additional filter chain; firing Filter: 'HeaderWriterFilter'
45538 [http-nio-8080-exec-7] DEBUG o.s.s.w.u.matcher.OrRequestMatcher - Trying to match using Ant [pattern='/**/favicon.ico']
45538 [http-nio-8080-exec-6] DEBUG o.s.s.w.u.matcher.OrRequestMatcher - No matches found
45538 [http-nio-8080-exec-7] DEBUG o.s.s.w.u.m.AntPathRequestMatcher - Checking match of request : '/bootstrap/js/bootstrap.js'; against '/**/favicon.ico'
45538 [http-nio-8080-exec-5] DEBUG o.s.s.w.h.writers.HstsHeaderWriter - Not injecting HSTS header since it did not match the requestMatcher org.springframework.security.web.header.writers.HstsHeaderWriter$SecureRequestMatcher@600b4218
45538 [http-nio-8080-exec-7] DEBUG o.s.s.w.u.matcher.OrRequestMatcher - Trying to match using Ant [pattern='/error']
45538 [http-nio-8080-exec-7] DEBUG o.s.s.w.u.m.AntPathRequestMatcher - Checking match of request : '/bootstrap/js/bootstrap.js'; against '/error'
45538 [http-nio-8080-exec-7] DEBUG o.s.s.w.u.matcher.OrRequestMatcher - No matches found
45538 [http-nio-8080-exec-7] DEBUG o.s.security.web.FilterChainProxy - /bootstrap/js/bootstrap.js at position 1 of 12 in additional filter chain; firing Filter: 'WebAsyncManagerIntegrationFilter'
45538 [http-nio-8080-exec-6] DEBUG o.s.security.web.FilterChainProxy - /jquery/jquery-2.1.3.js at position 1 of 12 in additional filter chain; firing Filter: 'WebAsyncManagerIntegrationFilter'
45538 [http-nio-8080-exec-6] DEBUG o.s.security.web.FilterChainProxy - /jquery/jquery-2.1.3.js at position 2 of 12 in additional filter chain; firing Filter: 'SecurityContextPersistenceFilter'
45538 [http-nio-8080-exec-5] DEBUG o.s.security.web.FilterChainProxy - /bootstrap/css/bootstrap.css at position 4 of 12 in additional filter chain; firing Filter: 'CsrfFilter'
45538 [http-nio-8080-exec-7] DEBUG o.s.security.web.FilterChainProxy - /bootstrap/js/bootstrap.js at position 2 of 12 in additional filter chain; firing Filter: 'SecurityContextPersistenceFilter'
45538 [http-nio-8080-exec-7] DEBUG o.s.s.w.c.HttpSessionSecurityContextRepository - HttpSession returned null object for SPRING_SECURITY_CONTEXT
45538 [http-nio-8080-exec-7] DEBUG o.s.s.w.c.HttpSessionSecurityContextRepository - No SecurityContext was available from the HttpSession: org.apache.catalina.session.StandardSessionFacade@6434da46. A new one will be created.
45538 [http-nio-8080-exec-6] DEBUG o.s.s.w.c.HttpSessionSecurityContextRepository - HttpSession returned null object for SPRING_SECURITY_CONTEXT
45538 [http-nio-8080-exec-5] DEBUG o.s.security.web.FilterChainProxy - /bootstrap/css/bootstrap.css at position 5 of 12 in additional filter chain; firing Filter: 'LogoutFilter'
45538 [http-nio-8080-exec-6] DEBUG o.s.s.w.c.HttpSessionSecurityContextRepository - No SecurityContext was available from the HttpSession: org.apache.catalina.session.StandardSessionFacade@6434da46. A new one will be created.
45538 [http-nio-8080-exec-7] DEBUG o.s.security.web.FilterChainProxy - /bootstrap/js/bootstrap.js at position 3 of 12 in additional filter chain; firing Filter: 'HeaderWriterFilter'
45538 [http-nio-8080-exec-5] DEBUG o.s.s.w.u.m.AntPathRequestMatcher - Request 'GET /bootstrap/css/bootstrap.css' doesn't match 'POST /logout
45538 [http-nio-8080-exec-5] DEBUG o.s.security.web.FilterChainProxy - /bootstrap/css/bootstrap.css at position 6 of 12 in additional filter chain; firing Filter: 'UsernamePasswordAuthenticationFilter'
45538 [http-nio-8080-exec-5] DEBUG o.s.s.w.u.m.AntPathRequestMatcher - Request 'GET /bootstrap/css/bootstrap.css' doesn't match 'POST /login
45538 [http-nio-8080-exec-7] DEBUG o.s.s.w.h.writers.HstsHeaderWriter - Not injecting HSTS header since it did not match the requestMatcher org.springframework.security.web.header.writers.HstsHeaderWriter$SecureRequestMatcher@600b4218
45538 [http-nio-8080-exec-6] DEBUG o.s.security.web.FilterChainProxy - /jquery/jquery-2.1.3.js at position 3 of 12 in additional filter chain; firing Filter: 'HeaderWriterFilter'
45538 [http-nio-8080-exec-5] DEBUG o.s.security.web.FilterChainProxy - /bootstrap/css/bootstrap.css at position 7 of 12 in additional filter chain; firing Filter: 'RequestCacheAwareFilter'
45539 [http-nio-8080-exec-5] DEBUG o.s.security.web.FilterChainProxy - /bootstrap/css/bootstrap.css at position 8 of 12 in additional filter chain; firing Filter: 'SecurityContextHolderAwareRequestFilter'
45538 [http-nio-8080-exec-7] DEBUG o.s.security.web.FilterChainProxy - /bootstrap/js/bootstrap.js at position 4 of 12 in additional filter chain; firing Filter: 'CsrfFilter'
45539 [http-nio-8080-exec-6] DEBUG o.s.s.w.h.writers.HstsHeaderWriter - Not injecting HSTS header since it did not match the requestMatcher org.springframework.security.web.header.writers.HstsHeaderWriter$SecureRequestMatcher@600b4218
45539 [http-nio-8080-exec-5] DEBUG o.s.security.web.FilterChainProxy - /bootstrap/css/bootstrap.css at position 9 of 12 in additional filter chain; firing Filter: 'AnonymousAuthenticationFilter'
45539 [http-nio-8080-exec-5] DEBUG o.s.s.w.a.AnonymousAuthenticationFilter - Populated SecurityContextHolder with anonymous token: 'org.springframework.security.authentication.AnonymousAuthenticationToken@6fa90ed4: Principal: anonymousUser; Credentials: [PROTECTED]; Authenticated: true; Details: org.springframework.security.web.authentication.WebAuthenticationDetails@fffc7f0c: RemoteIpAddress: 0:0:0:0:0:0:0:1; SessionId: 36E5404105004D310DFC84EA223C931E; Granted Authorities: ROLE_ANONYMOUS'
45539 [http-nio-8080-exec-7] DEBUG o.s.security.web.FilterChainProxy - /bootstrap/js/bootstrap.js at position 5 of 12 in additional filter chain; firing Filter: 'LogoutFilter'
45539 [http-nio-8080-exec-5] DEBUG o.s.security.web.FilterChainProxy - /bootstrap/css/bootstrap.css at position 10 of 12 in additional filter chain; firing Filter: 'SessionManagementFilter'
45539 [http-nio-8080-exec-7] DEBUG o.s.s.w.u.m.AntPathRequestMatcher - Request 'GET /bootstrap/js/bootstrap.js' doesn't match 'POST /logout
45539 [http-nio-8080-exec-6] DEBUG o.s.security.web.FilterChainProxy - /jquery/jquery-2.1.3.js at position 4 of 12 in additional filter chain; firing Filter: 'CsrfFilter'
45539 [http-nio-8080-exec-7] DEBUG o.s.security.web.FilterChainProxy - /bootstrap/js/bootstrap.js at position 6 of 12 in additional filter chain; firing Filter: 'UsernamePasswordAuthenticationFilter'
45539 [http-nio-8080-exec-5] DEBUG o.s.security.web.FilterChainProxy - /bootstrap/css/bootstrap.css at position 11 of 12 in additional filter chain; firing Filter: 'ExceptionTranslationFilter'
45539 [http-nio-8080-exec-7] DEBUG o.s.s.w.u.m.AntPathRequestMatcher - Request 'GET /bootstrap/js/bootstrap.js' doesn't match 'POST /login
45539 [http-nio-8080-exec-5] DEBUG o.s.security.web.FilterChainProxy - /bootstrap/css/bootstrap.css at position 12 of 12 in additional filter chain; firing Filter: 'FilterSecurityInterceptor'
45539 [http-nio-8080-exec-7] DEBUG o.s.security.web.FilterChainProxy - /bootstrap/js/bootstrap.js at position 7 of 12 in additional filter chain; firing Filter: 'RequestCacheAwareFilter'
45539 [http-nio-8080-exec-6] DEBUG o.s.security.web.FilterChainProxy - /jquery/jquery-2.1.3.js at position 5 of 12 in additional filter chain; firing Filter: 'LogoutFilter'
45539 [http-nio-8080-exec-7] DEBUG o.s.security.web.FilterChainProxy - /bootstrap/js/bootstrap.js at position 8 of 12 in additional filter chain; firing Filter: 'SecurityContextHolderAwareRequestFilter'
45539 [http-nio-8080-exec-6] DEBUG o.s.s.w.u.m.AntPathRequestMatcher - Request 'GET /jquery/jquery-2.1.3.js' doesn't match 'POST /logout
45539 [http-nio-8080-exec-7] DEBUG o.s.security.web.FilterChainProxy - /bootstrap/js/bootstrap.js at position 9 of 12 in additional filter chain; firing Filter: 'AnonymousAuthenticationFilter'
45539 [http-nio-8080-exec-5] DEBUG o.s.s.w.u.m.AntPathRequestMatcher - Request 'GET /bootstrap/css/bootstrap.css' doesn't match 'POST /logout
45539 [http-nio-8080-exec-5] DEBUG o.s.s.w.u.m.AntPathRequestMatcher - Request '/bootstrap/css/bootstrap.css' matched by universal pattern '/**'
45539 [http-nio-8080-exec-7] DEBUG o.s.s.w.a.AnonymousAuthenticationFilter - Populated SecurityContextHolder with anonymous token: 'org.springframework.security.authentication.AnonymousAuthenticationToken@6fa90ed4: Principal: anonymousUser; Credentials: [PROTECTED]; Authenticated: true; Details: org.springframework.security.web.authentication.WebAuthenticationDetails@fffc7f0c: RemoteIpAddress: 0:0:0:0:0:0:0:1; SessionId: 36E5404105004D310DFC84EA223C931E; Granted Authorities: ROLE_ANONYMOUS'
45539 [http-nio-8080-exec-7] DEBUG o.s.security.web.FilterChainProxy - /bootstrap/js/bootstrap.js at position 10 of 12 in additional filter chain; firing Filter: 'SessionManagementFilter'
45539 [http-nio-8080-exec-6] DEBUG o.s.security.web.FilterChainProxy - /jquery/jquery-2.1.3.js at position 6 of 12 in additional filter chain; firing Filter: 'UsernamePasswordAuthenticationFilter'
45539 [http-nio-8080-exec-5] DEBUG o.s.s.w.a.i.FilterSecurityInterceptor - Secure object: FilterInvocation: URL: /bootstrap/css/bootstrap.css; Attributes: [permitAll]
45540 [http-nio-8080-exec-6] DEBUG o.s.s.w.u.m.AntPathRequestMatcher - Request 'GET /jquery/jquery-2.1.3.js' doesn't match 'POST /login
45540 [http-nio-8080-exec-5] DEBUG o.s.s.w.a.i.FilterSecurityInterceptor - Previously Authenticated: org.springframework.security.authentication.AnonymousAuthenticationToken@6fa90ed4: Principal: anonymousUser; Credentials: [PROTECTED]; Authenticated: true; Details: org.springframework.security.web.authentication.WebAuthenticationDetails@fffc7f0c: RemoteIpAddress: 0:0:0:0:0:0:0:1; SessionId: 36E5404105004D310DFC84EA223C931E; Granted Authorities: ROLE_ANONYMOUS
45540 [http-nio-8080-exec-7] DEBUG o.s.security.web.FilterChainProxy - /bootstrap/js/bootstrap.js at position 11 of 12 in additional filter chain; firing Filter: 'ExceptionTranslationFilter'
45540 [http-nio-8080-exec-6] DEBUG o.s.security.web.FilterChainProxy - /jquery/jquery-2.1.3.js at position 7 of 12 in additional filter chain; firing Filter: 'RequestCacheAwareFilter'
45540 [http-nio-8080-exec-6] DEBUG o.s.security.web.FilterChainProxy - /jquery/jquery-2.1.3.js at position 8 of 12 in additional filter chain; firing Filter: 'SecurityContextHolderAwareRequestFilter'
45540 [http-nio-8080-exec-6] DEBUG o.s.security.web.FilterChainProxy - /jquery/jquery-2.1.3.js at position 9 of 12 in additional filter chain; firing Filter: 'AnonymousAuthenticationFilter'
45540 [http-nio-8080-exec-6] DEBUG o.s.s.w.a.AnonymousAuthenticationFilter - Populated SecurityContextHolder with anonymous token: 'org.springframework.security.authentication.AnonymousAuthenticationToken@6fa90ed4: Principal: anonymousUser; Credentials: [PROTECTED]; Authenticated: true; Details: org.springframework.security.web.authentication.WebAuthenticationDetails@fffc7f0c: RemoteIpAddress: 0:0:0:0:0:0:0:1; SessionId: 36E5404105004D310DFC84EA223C931E; Granted Authorities: ROLE_ANONYMOUS'
45540 [http-nio-8080-exec-7] DEBUG o.s.security.web.FilterChainProxy - /bootstrap/js/bootstrap.js at position 12 of 12 in additional filter chain; firing Filter: 'FilterSecurityInterceptor'
45540 [http-nio-8080-exec-6] DEBUG o.s.security.web.FilterChainProxy - /jquery/jquery-2.1.3.js at position 10 of 12 in additional filter chain; firing Filter: 'SessionManagementFilter'
45540 [http-nio-8080-exec-7] DEBUG o.s.s.w.u.m.AntPathRequestMatcher - Request 'GET /bootstrap/js/bootstrap.js' doesn't match 'POST /logout
45540 [http-nio-8080-exec-6] DEBUG o.s.security.web.FilterChainProxy - /jquery/jquery-2.1.3.js at position 11 of 12 in additional filter chain; firing Filter: 'ExceptionTranslationFilter'
45540 [http-nio-8080-exec-7] DEBUG o.s.s.w.u.m.AntPathRequestMatcher - Request '/bootstrap/js/bootstrap.js' matched by universal pattern '/**'
45540 [http-nio-8080-exec-5] DEBUG o.s.s.access.vote.AffirmativeBased - Voter: org.springframework.security.web.access.expression.WebExpressionVoter@2509d07d, returned: 1
45540 [http-nio-8080-exec-6] DEBUG o.s.security.web.FilterChainProxy - /jquery/jquery-2.1.3.js at position 12 of 12 in additional filter chain; firing Filter: 'FilterSecurityInterceptor'
45540 [http-nio-8080-exec-7] DEBUG o.s.s.w.a.i.FilterSecurityInterceptor - Secure object: FilterInvocation: URL: /bootstrap/js/bootstrap.js; Attributes: [permitAll]
45540 [http-nio-8080-exec-5] DEBUG o.s.s.w.a.i.FilterSecurityInterceptor - Authorization successful
45541 [http-nio-8080-exec-7] DEBUG o.s.s.w.a.i.FilterSecurityInterceptor - Previously Authenticated: org.springframework.security.authentication.AnonymousAuthenticationToken@6fa90ed4: Principal: anonymousUser; Credentials: [PROTECTED]; Authenticated: true; Details: org.springframework.security.web.authentication.WebAuthenticationDetails@fffc7f0c: RemoteIpAddress: 0:0:0:0:0:0:0:1; SessionId: 36E5404105004D310DFC84EA223C931E; Granted Authorities: ROLE_ANONYMOUS
45540 [http-nio-8080-exec-6] DEBUG o.s.s.w.u.m.AntPathRequestMatcher - Request 'GET /jquery/jquery-2.1.3.js' doesn't match 'POST /logout
45541 [http-nio-8080-exec-5] DEBUG o.s.s.w.a.i.FilterSecurityInterceptor - RunAsManager did not change Authentication object
45542 [http-nio-8080-exec-6] DEBUG o.s.s.w.u.m.AntPathRequestMatcher - Request '/jquery/jquery-2.1.3.js' matched by universal pattern '/**'
45542 [http-nio-8080-exec-7] DEBUG o.s.s.access.vote.AffirmativeBased - Voter: org.springframework.security.web.access.expression.WebExpressionVoter@2509d07d, returned: 1
45542 [http-nio-8080-exec-6] DEBUG o.s.s.w.a.i.FilterSecurityInterceptor - Secure object: FilterInvocation: URL: /jquery/jquery-2.1.3.js; Attributes: [permitAll]
45542 [http-nio-8080-exec-6] DEBUG o.s.s.w.a.i.FilterSecurityInterceptor - Previously Authenticated: org.springframework.security.authentication.AnonymousAuthenticationToken@6fa90ed4: Principal: anonymousUser; Credentials: [PROTECTED]; Authenticated: true; Details: org.springframework.security.web.authentication.WebAuthenticationDetails@fffc7f0c: RemoteIpAddress: 0:0:0:0:0:0:0:1; SessionId: 36E5404105004D310DFC84EA223C931E; Granted Authorities: ROLE_ANONYMOUS
45542 [http-nio-8080-exec-5] DEBUG o.s.security.web.FilterChainProxy - /bootstrap/css/bootstrap.css reached end of additional filter chain; proceeding with original chain
45542 [http-nio-8080-exec-7] DEBUG o.s.s.w.a.i.FilterSecurityInterceptor - Authorization successful
45542 [http-nio-8080-exec-7] DEBUG o.s.s.w.a.i.FilterSecurityInterceptor - RunAsManager did not change Authentication object
45542 [http-nio-8080-exec-7] DEBUG o.s.security.web.FilterChainProxy - /bootstrap/js/bootstrap.js reached end of additional filter chain; proceeding with original chain
45542 [http-nio-8080-exec-6] DEBUG o.s.s.access.vote.AffirmativeBased - Voter: org.springframework.security.web.access.expression.WebExpressionVoter@2509d07d, returned: 1
45542 [http-nio-8080-exec-6] DEBUG o.s.s.w.a.i.FilterSecurityInterceptor - Authorization successful
45542 [http-nio-8080-exec-6] DEBUG o.s.s.w.a.i.FilterSecurityInterceptor - RunAsManager did not change Authentication object
45542 [http-nio-8080-exec-6] DEBUG o.s.security.web.FilterChainProxy - /jquery/jquery-2.1.3.js reached end of additional filter chain; proceeding with original chain
45543 [http-nio-8080-exec-5] DEBUG o.s.s.w.c.HttpSessionSecurityContextRepository - SecurityContext is empty or contents are anonymous - context will not be stored in HttpSession.
45544 [http-nio-8080-exec-7] DEBUG o.s.s.w.c.HttpSessionSecurityContextRepository - SecurityContext is empty or contents are anonymous - context will not be stored in HttpSession.
45544 [http-nio-8080-exec-6] DEBUG o.s.s.w.c.HttpSessionSecurityContextRepository - SecurityContext is empty or contents are anonymous - context will not be stored in HttpSession.
45545 [http-nio-8080-exec-7] DEBUG o.s.s.w.a.ExceptionTranslationFilter - Chain processed normally
45545 [http-nio-8080-exec-7] DEBUG o.s.s.w.c.SecurityContextPersistenceFilter - SecurityContextHolder now cleared, as request processing completed
45547 [http-nio-8080-exec-5] DEBUG o.s.s.w.a.ExceptionTranslationFilter - Chain processed normally
45547 [http-nio-8080-exec-5] DEBUG o.s.s.w.c.SecurityContextPersistenceFilter - SecurityContextHolder now cleared, as request processing completed
45549 [http-nio-8080-exec-6] DEBUG o.s.s.w.a.ExceptionTranslationFilter - Chain processed normally
45549 [http-nio-8080-exec-6] DEBUG o.s.s.w.c.SecurityContextPersistenceFilter - SecurityContextHolder now cleared, as request processing completed
45594 [http-nio-8080-exec-10] DEBUG o.s.s.w.u.matcher.OrRequestMatcher - Trying to match using Ant [pattern='/css/**']
45594 [http-nio-8080-exec-10] DEBUG o.s.s.w.u.m.AntPathRequestMatcher - Checking match of request : '/favicon.ico'; against '/css/**'
45594 [http-nio-8080-exec-10] DEBUG o.s.s.w.u.matcher.OrRequestMatcher - Trying to match using Ant [pattern='/js/**']
45594 [http-nio-8080-exec-10] DEBUG o.s.s.w.u.m.AntPathRequestMatcher - Checking match of request : '/favicon.ico'; against '/js/**'
45594 [http-nio-8080-exec-10] DEBUG o.s.s.w.u.matcher.OrRequestMatcher - Trying to match using Ant [pattern='/images/**']
45594 [http-nio-8080-exec-10] DEBUG o.s.s.w.u.m.AntPathRequestMatcher - Checking match of request : '/favicon.ico'; against '/images/**'
45594 [http-nio-8080-exec-10] DEBUG o.s.s.w.u.matcher.OrRequestMatcher - Trying to match using Ant [pattern='/webjars/**']
45594 [http-nio-8080-exec-10] DEBUG o.s.s.w.u.m.AntPathRequestMatcher - Checking match of request : '/favicon.ico'; against '/webjars/**'
45594 [http-nio-8080-exec-10] DEBUG o.s.s.w.u.matcher.OrRequestMatcher - Trying to match using Ant [pattern='/**/favicon.ico']
45594 [http-nio-8080-exec-10] DEBUG o.s.s.w.u.m.AntPathRequestMatcher - Checking match of request : '/favicon.ico'; against '/**/favicon.ico'
45594 [http-nio-8080-exec-10] DEBUG o.s.s.w.u.matcher.OrRequestMatcher - matched
45594 [http-nio-8080-exec-10] DEBUG o.s.security.web.FilterChainProxy - /favicon.ico has an empty filter list
48018 [http-nio-8080-exec-2] DEBUG o.s.s.w.u.matcher.OrRequestMatcher - Trying to match using Ant [pattern='/css/**']
48018 [http-nio-8080-exec-2] DEBUG o.s.s.w.u.m.AntPathRequestMatcher - Checking match of request : '/login'; against '/css/**'
48018 [http-nio-8080-exec-2] DEBUG o.s.s.w.u.matcher.OrRequestMatcher - Trying to match using Ant [pattern='/js/**']
48018 [http-nio-8080-exec-2] DEBUG o.s.s.w.u.m.AntPathRequestMatcher - Checking match of request : '/login'; against '/js/**'
48018 [http-nio-8080-exec-2] DEBUG o.s.s.w.u.matcher.OrRequestMatcher - Trying to match using Ant [pattern='/images/**']
48018 [http-nio-8080-exec-2] DEBUG o.s.s.w.u.m.AntPathRequestMatcher - Checking match of request : '/login'; against '/images/**'
48018 [http-nio-8080-exec-2] DEBUG o.s.s.w.u.matcher.OrRequestMatcher - Trying to match using Ant [pattern='/webjars/**']
48018 [http-nio-8080-exec-2] DEBUG o.s.s.w.u.m.AntPathRequestMatcher - Checking match of request : '/login'; against '/webjars/**'
48018 [http-nio-8080-exec-2] DEBUG o.s.s.w.u.matcher.OrRequestMatcher - Trying to match using Ant [pattern='/**/favicon.ico']
48019 [http-nio-8080-exec-2] DEBUG o.s.s.w.u.m.AntPathRequestMatcher - Checking match of request : '/login'; against '/**/favicon.ico'
48019 [http-nio-8080-exec-2] DEBUG o.s.s.w.u.matcher.OrRequestMatcher - Trying to match using Ant [pattern='/error']
48019 [http-nio-8080-exec-2] DEBUG o.s.s.w.u.m.AntPathRequestMatcher - Checking match of request : '/login'; against '/error'
48019 [http-nio-8080-exec-2] DEBUG o.s.s.w.u.matcher.OrRequestMatcher - No matches found
48019 [http-nio-8080-exec-2] DEBUG o.s.security.web.FilterChainProxy - /login at position 1 of 12 in additional filter chain; firing Filter: 'WebAsyncManagerIntegrationFilter'
48019 [http-nio-8080-exec-2] DEBUG o.s.security.web.FilterChainProxy - /login at position 2 of 12 in additional filter chain; firing Filter: 'SecurityContextPersistenceFilter'
48019 [http-nio-8080-exec-2] DEBUG o.s.s.w.c.HttpSessionSecurityContextRepository - HttpSession returned null object for SPRING_SECURITY_CONTEXT
48019 [http-nio-8080-exec-2] DEBUG o.s.s.w.c.HttpSessionSecurityContextRepository - No SecurityContext was available from the HttpSession: org.apache.catalina.session.StandardSessionFacade@6434da46. A new one will be created.
48019 [http-nio-8080-exec-2] DEBUG o.s.security.web.FilterChainProxy - /login at position 3 of 12 in additional filter chain; firing Filter: 'HeaderWriterFilter'
48020 [http-nio-8080-exec-2] DEBUG o.s.s.w.h.writers.HstsHeaderWriter - Not injecting HSTS header since it did not match the requestMatcher org.springframework.security.web.header.writers.HstsHeaderWriter$SecureRequestMatcher@600b4218
48020 [http-nio-8080-exec-2] DEBUG o.s.security.web.FilterChainProxy - /login at position 4 of 12 in additional filter chain; firing Filter: 'CsrfFilter'
48020 [http-nio-8080-exec-2] DEBUG o.s.security.web.FilterChainProxy - /login at position 5 of 12 in additional filter chain; firing Filter: 'LogoutFilter'
48020 [http-nio-8080-exec-2] DEBUG o.s.s.w.u.m.AntPathRequestMatcher - Request 'GET /login' doesn't match 'POST /logout
48020 [http-nio-8080-exec-2] DEBUG o.s.security.web.FilterChainProxy - /login at position 6 of 12 in additional filter chain; firing Filter: 'UsernamePasswordAuthenticationFilter'
48020 [http-nio-8080-exec-2] DEBUG o.s.s.w.u.m.AntPathRequestMatcher - Request 'GET /login' doesn't match 'POST /login
48020 [http-nio-8080-exec-2] DEBUG o.s.security.web.FilterChainProxy - /login at position 7 of 12 in additional filter chain; firing Filter: 'RequestCacheAwareFilter'
48020 [http-nio-8080-exec-2] DEBUG o.s.security.web.FilterChainProxy - /login at position 8 of 12 in additional filter chain; firing Filter: 'SecurityContextHolderAwareRequestFilter'
48020 [http-nio-8080-exec-2] DEBUG o.s.security.web.FilterChainProxy - /login at position 9 of 12 in additional filter chain; firing Filter: 'AnonymousAuthenticationFilter'
48020 [http-nio-8080-exec-2] DEBUG o.s.s.w.a.AnonymousAuthenticationFilter - Populated SecurityContextHolder with anonymous token: 'org.springframework.security.authentication.AnonymousAuthenticationToken@6fa90ed4: Principal: anonymousUser; Credentials: [PROTECTED]; Authenticated: true; Details: org.springframework.security.web.authentication.WebAuthenticationDetails@fffc7f0c: RemoteIpAddress: 0:0:0:0:0:0:0:1; SessionId: 36E5404105004D310DFC84EA223C931E; Granted Authorities: ROLE_ANONYMOUS'
48020 [http-nio-8080-exec-2] DEBUG o.s.security.web.FilterChainProxy - /login at position 10 of 12 in additional filter chain; firing Filter: 'SessionManagementFilter'
48020 [http-nio-8080-exec-2] DEBUG o.s.security.web.FilterChainProxy - /login at position 11 of 12 in additional filter chain; firing Filter: 'ExceptionTranslationFilter'
48020 [http-nio-8080-exec-2] DEBUG o.s.security.web.FilterChainProxy - /login at position 12 of 12 in additional filter chain; firing Filter: 'FilterSecurityInterceptor'
48021 [http-nio-8080-exec-2] DEBUG o.s.s.w.a.i.FilterSecurityInterceptor - Secure object: FilterInvocation: URL: /login; Attributes: [permitAll]
48021 [http-nio-8080-exec-2] DEBUG o.s.s.w.a.i.FilterSecurityInterceptor - Previously Authenticated: org.springframework.security.authentication.AnonymousAuthenticationToken@6fa90ed4: Principal: anonymousUser; Credentials: [PROTECTED]; Authenticated: true; Details: org.springframework.security.web.authentication.WebAuthenticationDetails@fffc7f0c: RemoteIpAddress: 0:0:0:0:0:0:0:1; SessionId: 36E5404105004D310DFC84EA223C931E; Granted Authorities: ROLE_ANONYMOUS
48021 [http-nio-8080-exec-2] DEBUG o.s.s.access.vote.AffirmativeBased - Voter: org.springframework.security.web.access.expression.WebExpressionVoter@2509d07d, returned: 1
48021 [http-nio-8080-exec-2] DEBUG o.s.s.w.a.i.FilterSecurityInterceptor - Authorization successful
48021 [http-nio-8080-exec-2] DEBUG o.s.s.w.a.i.FilterSecurityInterceptor - RunAsManager did not change Authentication object
48021 [http-nio-8080-exec-2] DEBUG o.s.security.web.FilterChainProxy - /login reached end of additional filter chain; proceeding with original chain
48024 [http-nio-8080-exec-2] DEBUG o.s.s.w.c.HttpSessionSecurityContextRepository - SecurityContext is empty or contents are anonymous - context will not be stored in HttpSession.
48025 [http-nio-8080-exec-2] DEBUG o.s.s.w.a.ExceptionTranslationFilter - Chain processed normally
48026 [http-nio-8080-exec-2] DEBUG o.s.s.w.c.SecurityContextPersistenceFilter - SecurityContextHolder now cleared, as request processing completed
48038 [http-nio-8080-exec-4] DEBUG o.s.s.w.u.matcher.OrRequestMatcher - Trying to match using Ant [pattern='/css/**']
48038 [http-nio-8080-exec-3] DEBUG o.s.s.w.u.matcher.OrRequestMatcher - Trying to match using Ant [pattern='/css/**']
48038 [http-nio-8080-exec-1] DEBUG o.s.s.w.u.matcher.OrRequestMatcher - Trying to match using Ant [pattern='/css/**']
48038 [http-nio-8080-exec-4] DEBUG o.s.s.w.u.m.AntPathRequestMatcher - Checking match of request : '/bootstrap/css/bootstrap.css'; against '/css/**'
48038 [http-nio-8080-exec-1] DEBUG o.s.s.w.u.m.AntPathRequestMatcher - Checking match of request : '/bootstrap/js/bootstrap.js'; against '/css/**'
48038 [http-nio-8080-exec-1] DEBUG o.s.s.w.u.matcher.OrRequestMatcher - Trying to match using Ant [pattern='/js/**']
48038 [http-nio-8080-exec-4] DEBUG o.s.s.w.u.matcher.OrRequestMatcher - Trying to match using Ant [pattern='/js/**']
48039 [http-nio-8080-exec-3] DEBUG o.s.s.w.u.m.AntPathRequestMatcher - Checking match of request : '/jquery/jquery-2.1.3.js'; against '/css/**'
48039 [http-nio-8080-exec-4] DEBUG o.s.s.w.u.m.AntPathRequestMatcher - Checking match of request : '/bootstrap/css/bootstrap.css'; against '/js/**'
48039 [http-nio-8080-exec-3] DEBUG o.s.s.w.u.matcher.OrRequestMatcher - Trying to match using Ant [pattern='/js/**']
48039 [http-nio-8080-exec-3] DEBUG o.s.s.w.u.m.AntPathRequestMatcher - Checking match of request : '/jquery/jquery-2.1.3.js'; against '/js/**'
48039 [http-nio-8080-exec-1] DEBUG o.s.s.w.u.m.AntPathRequestMatcher - Checking match of request : '/bootstrap/js/bootstrap.js'; against '/js/**'
48039 [http-nio-8080-exec-4] DEBUG o.s.s.w.u.matcher.OrRequestMatcher - Trying to match using Ant [pattern='/images/**']
48039 [http-nio-8080-exec-3] DEBUG o.s.s.w.u.matcher.OrRequestMatcher - Trying to match using Ant [pattern='/images/**']
48039 [http-nio-8080-exec-1] DEBUG o.s.s.w.u.matcher.OrRequestMatcher - Trying to match using Ant [pattern='/images/**']
48039 [http-nio-8080-exec-4] DEBUG o.s.s.w.u.m.AntPathRequestMatcher - Checking match of request : '/bootstrap/css/bootstrap.css'; against '/images/**'
48039 [http-nio-8080-exec-3] DEBUG o.s.s.w.u.m.AntPathRequestMatcher - Checking match of request : '/jquery/jquery-2.1.3.js'; against '/images/**'
48039 [http-nio-8080-exec-4] DEBUG o.s.s.w.u.matcher.OrRequestMatcher - Trying to match using Ant [pattern='/webjars/**']
48039 [http-nio-8080-exec-3] DEBUG o.s.s.w.u.matcher.OrRequestMatcher - Trying to match using Ant [pattern='/webjars/**']
48039 [http-nio-8080-exec-1] DEBUG o.s.s.w.u.m.AntPathRequestMatcher - Checking match of request : '/bootstrap/js/bootstrap.js'; against '/images/**'
48039 [http-nio-8080-exec-4] DEBUG o.s.s.w.u.m.AntPathRequestMatcher - Checking match of request : '/bootstrap/css/bootstrap.css'; against '/webjars/**'
48039 [http-nio-8080-exec-3] DEBUG o.s.s.w.u.m.AntPathRequestMatcher - Checking match of request : '/jquery/jquery-2.1.3.js'; against '/webjars/**'
48039 [http-nio-8080-exec-1] DEBUG o.s.s.w.u.matcher.OrRequestMatcher - Trying to match using Ant [pattern='/webjars/**']
48039 [http-nio-8080-exec-4] DEBUG o.s.s.w.u.matcher.OrRequestMatcher - Trying to match using Ant [pattern='/**/favicon.ico']
48039 [http-nio-8080-exec-3] DEBUG o.s.s.w.u.matcher.OrRequestMatcher - Trying to match using Ant [pattern='/**/favicon.ico']
48039 [http-nio-8080-exec-1] DEBUG o.s.s.w.u.m.AntPathRequestMatcher - Checking match of request : '/bootstrap/js/bootstrap.js'; against '/webjars/**'
48039 [http-nio-8080-exec-1] DEBUG o.s.s.w.u.matcher.OrRequestMatcher - Trying to match using Ant [pattern='/**/favicon.ico']
48039 [http-nio-8080-exec-1] DEBUG o.s.s.w.u.m.AntPathRequestMatcher - Checking match of request : '/bootstrap/js/bootstrap.js'; against '/**/favicon.ico'
48039 [http-nio-8080-exec-4] DEBUG o.s.s.w.u.m.AntPathRequestMatcher - Checking match of request : '/bootstrap/css/bootstrap.css'; against '/**/favicon.ico'
48040 [http-nio-8080-exec-1] DEBUG o.s.s.w.u.matcher.OrRequestMatcher - Trying to match using Ant [pattern='/error']
48039 [http-nio-8080-exec-3] DEBUG o.s.s.w.u.m.AntPathRequestMatcher - Checking match of request : '/jquery/jquery-2.1.3.js'; against '/**/favicon.ico'
48041 [http-nio-8080-exec-4] DEBUG o.s.s.w.u.matcher.OrRequestMatcher - Trying to match using Ant [pattern='/error']
48041 [http-nio-8080-exec-1] DEBUG o.s.s.w.u.m.AntPathRequestMatcher - Checking match of request : '/bootstrap/js/bootstrap.js'; against '/error'
48041 [http-nio-8080-exec-3] DEBUG o.s.s.w.u.matcher.OrRequestMatcher - Trying to match using Ant [pattern='/error']
48041 [http-nio-8080-exec-4] DEBUG o.s.s.w.u.m.AntPathRequestMatcher - Checking match of request : '/bootstrap/css/bootstrap.css'; against '/error'
48041 [http-nio-8080-exec-1] DEBUG o.s.s.w.u.matcher.OrRequestMatcher - No matches found
48041 [http-nio-8080-exec-3] DEBUG o.s.s.w.u.m.AntPathRequestMatcher - Checking match of request : '/jquery/jquery-2.1.3.js'; against '/error'
48041 [http-nio-8080-exec-4] DEBUG o.s.s.w.u.matcher.OrRequestMatcher - No matches found
48041 [http-nio-8080-exec-3] DEBUG o.s.s.w.u.matcher.OrRequestMatcher - No matches found
48041 [http-nio-8080-exec-1] DEBUG o.s.security.web.FilterChainProxy - /bootstrap/js/bootstrap.js at position 1 of 12 in additional filter chain; firing Filter: 'WebAsyncManagerIntegrationFilter'
48041 [http-nio-8080-exec-3] DEBUG o.s.security.web.FilterChainProxy - /jquery/jquery-2.1.3.js at position 1 of 12 in additional filter chain; firing Filter: 'WebAsyncManagerIntegrationFilter'
48041 [http-nio-8080-exec-4] DEBUG o.s.security.web.FilterChainProxy - /bootstrap/css/bootstrap.css at position 1 of 12 in additional filter chain; firing Filter: 'WebAsyncManagerIntegrationFilter'
48041 [http-nio-8080-exec-3] DEBUG o.s.security.web.FilterChainProxy - /jquery/jquery-2.1.3.js at position 2 of 12 in additional filter chain; firing Filter: 'SecurityContextPersistenceFilter'
48041 [http-nio-8080-exec-1] DEBUG o.s.security.web.FilterChainProxy - /bootstrap/js/bootstrap.js at position 2 of 12 in additional filter chain; firing Filter: 'SecurityContextPersistenceFilter'
48041 [http-nio-8080-exec-4] DEBUG o.s.security.web.FilterChainProxy - /bootstrap/css/bootstrap.css at position 2 of 12 in additional filter chain; firing Filter: 'SecurityContextPersistenceFilter'
48041 [http-nio-8080-exec-3] DEBUG o.s.s.w.c.HttpSessionSecurityContextRepository - HttpSession returned null object for SPRING_SECURITY_CONTEXT
48041 [http-nio-8080-exec-4] DEBUG o.s.s.w.c.HttpSessionSecurityContextRepository - HttpSession returned null object for SPRING_SECURITY_CONTEXT
48041 [http-nio-8080-exec-1] DEBUG o.s.s.w.c.HttpSessionSecurityContextRepository - HttpSession returned null object for SPRING_SECURITY_CONTEXT
48041 [http-nio-8080-exec-3] DEBUG o.s.s.w.c.HttpSessionSecurityContextRepository - No SecurityContext was available from the HttpSession: org.apache.catalina.session.StandardSessionFacade@6434da46. A new one will be created.
48041 [http-nio-8080-exec-4] DEBUG o.s.s.w.c.HttpSessionSecurityContextRepository - No SecurityContext was available from the HttpSession: org.apache.catalina.session.StandardSessionFacade@6434da46. A new one will be created.
48041 [http-nio-8080-exec-1] DEBUG o.s.s.w.c.HttpSessionSecurityContextRepository - No SecurityContext was available from the HttpSession: org.apache.catalina.session.StandardSessionFacade@6434da46. A new one will be created.
48041 [http-nio-8080-exec-4] DEBUG o.s.security.web.FilterChainProxy - /bootstrap/css/bootstrap.css at position 3 of 12 in additional filter chain; firing Filter: 'HeaderWriterFilter'
48041 [http-nio-8080-exec-3] DEBUG o.s.security.web.FilterChainProxy - /jquery/jquery-2.1.3.js at position 3 of 12 in additional filter chain; firing Filter: 'HeaderWriterFilter'
48041 [http-nio-8080-exec-1] DEBUG o.s.security.web.FilterChainProxy - /bootstrap/js/bootstrap.js at position 3 of 12 in additional filter chain; firing Filter: 'HeaderWriterFilter'
48041 [http-nio-8080-exec-4] DEBUG o.s.s.w.h.writers.HstsHeaderWriter - Not injecting HSTS header since it did not match the requestMatcher org.springframework.security.web.header.writers.HstsHeaderWriter$SecureRequestMatcher@600b4218
48041 [http-nio-8080-exec-3] DEBUG o.s.s.w.h.writers.HstsHeaderWriter - Not injecting HSTS header since it did not match the requestMatcher org.springframework.security.web.header.writers.HstsHeaderWriter$SecureRequestMatcher@600b4218
48042 [http-nio-8080-exec-4] DEBUG o.s.security.web.FilterChainProxy - /bootstrap/css/bootstrap.css at position 4 of 12 in additional filter chain; firing Filter: 'CsrfFilter'
48042 [http-nio-8080-exec-3] DEBUG o.s.security.web.FilterChainProxy - /jquery/jquery-2.1.3.js at position 4 of 12 in additional filter chain; firing Filter: 'CsrfFilter'
48042 [http-nio-8080-exec-1] DEBUG o.s.s.w.h.writers.HstsHeaderWriter - Not injecting HSTS header since it did not match the requestMatcher org.springframework.security.web.header.writers.HstsHeaderWriter$SecureRequestMatcher@600b4218
48042 [http-nio-8080-exec-1] DEBUG o.s.security.web.FilterChainProxy - /bootstrap/js/bootstrap.js at position 4 of 12 in additional filter chain; firing Filter: 'CsrfFilter'
48042 [http-nio-8080-exec-4] DEBUG o.s.security.web.FilterChainProxy - /bootstrap/css/bootstrap.css at position 5 of 12 in additional filter chain; firing Filter: 'LogoutFilter'
48042 [http-nio-8080-exec-3] DEBUG o.s.security.web.FilterChainProxy - /jquery/jquery-2.1.3.js at position 5 of 12 in additional filter chain; firing Filter: 'LogoutFilter'
48042 [http-nio-8080-exec-4] DEBUG o.s.s.w.u.m.AntPathRequestMatcher - Request 'GET /bootstrap/css/bootstrap.css' doesn't match 'POST /logout
48042 [http-nio-8080-exec-4] DEBUG o.s.security.web.FilterChainProxy - /bootstrap/css/bootstrap.css at position 6 of 12 in additional filter chain; firing Filter: 'UsernamePasswordAuthenticationFilter'
48042 [http-nio-8080-exec-1] DEBUG o.s.security.web.FilterChainProxy - /bootstrap/js/bootstrap.js at position 5 of 12 in additional filter chain; firing Filter: 'LogoutFilter'
48042 [http-nio-8080-exec-3] DEBUG o.s.s.w.u.m.AntPathRequestMatcher - Request 'GET /jquery/jquery-2.1.3.js' doesn't match 'POST /logout
48042 [http-nio-8080-exec-1] DEBUG o.s.s.w.u.m.AntPathRequestMatcher - Request 'GET /bootstrap/js/bootstrap.js' doesn't match 'POST /logout
48042 [http-nio-8080-exec-3] DEBUG o.s.security.web.FilterChainProxy - /jquery/jquery-2.1.3.js at position 6 of 12 in additional filter chain; firing Filter: 'UsernamePasswordAuthenticationFilter'
48042 [http-nio-8080-exec-4] DEBUG o.s.s.w.u.m.AntPathRequestMatcher - Request 'GET /bootstrap/css/bootstrap.css' doesn't match 'POST /login
48042 [http-nio-8080-exec-4] DEBUG o.s.security.web.FilterChainProxy - /bootstrap/css/bootstrap.css at position 7 of 12 in additional filter chain; firing Filter: 'RequestCacheAwareFilter'
48042 [http-nio-8080-exec-1] DEBUG o.s.security.web.FilterChainProxy - /bootstrap/js/bootstrap.js at position 6 of 12 in additional filter chain; firing Filter: 'UsernamePasswordAuthenticationFilter'
48042 [http-nio-8080-exec-3] DEBUG o.s.s.w.u.m.AntPathRequestMatcher - Request 'GET /jquery/jquery-2.1.3.js' doesn't match 'POST /login
48042 [http-nio-8080-exec-1] DEBUG o.s.s.w.u.m.AntPathRequestMatcher - Request 'GET /bootstrap/js/bootstrap.js' doesn't match 'POST /login
48042 [http-nio-8080-exec-4] DEBUG o.s.security.web.FilterChainProxy - /bootstrap/css/bootstrap.css at position 8 of 12 in additional filter chain; firing Filter: 'SecurityContextHolderAwareRequestFilter'
48042 [http-nio-8080-exec-1] DEBUG o.s.security.web.FilterChainProxy - /bootstrap/js/bootstrap.js at position 7 of 12 in additional filter chain; firing Filter: 'RequestCacheAwareFilter'
48042 [http-nio-8080-exec-3] DEBUG o.s.security.web.FilterChainProxy - /jquery/jquery-2.1.3.js at position 7 of 12 in additional filter chain; firing Filter: 'RequestCacheAwareFilter'
48042 [http-nio-8080-exec-4] DEBUG o.s.security.web.FilterChainProxy - /bootstrap/css/bootstrap.css at position 9 of 12 in additional filter chain; firing Filter: 'AnonymousAuthenticationFilter'
48042 [http-nio-8080-exec-1] DEBUG o.s.security.web.FilterChainProxy - /bootstrap/js/bootstrap.js at position 8 of 12 in additional filter chain; firing Filter: 'SecurityContextHolderAwareRequestFilter'
48042 [http-nio-8080-exec-3] DEBUG o.s.security.web.FilterChainProxy - /jquery/jquery-2.1.3.js at position 8 of 12 in additional filter chain; firing Filter: 'SecurityContextHolderAwareRequestFilter'
48042 [http-nio-8080-exec-1] DEBUG o.s.security.web.FilterChainProxy - /bootstrap/js/bootstrap.js at position 9 of 12 in additional filter chain; firing Filter: 'AnonymousAuthenticationFilter'
48042 [http-nio-8080-exec-4] DEBUG o.s.s.w.a.AnonymousAuthenticationFilter - Populated SecurityContextHolder with anonymous token: 'org.springframework.security.authentication.AnonymousAuthenticationToken@6fa90ed4: Principal: anonymousUser; Credentials: [PROTECTED]; Authenticated: true; Details: org.springframework.security.web.authentication.WebAuthenticationDetails@fffc7f0c: RemoteIpAddress: 0:0:0:0:0:0:0:1; SessionId: 36E5404105004D310DFC84EA223C931E; Granted Authorities: ROLE_ANONYMOUS'
48042 [http-nio-8080-exec-3] DEBUG o.s.security.web.FilterChainProxy - /jquery/jquery-2.1.3.js at position 9 of 12 in additional filter chain; firing Filter: 'AnonymousAuthenticationFilter'
48044 [http-nio-8080-exec-4] DEBUG o.s.security.web.FilterChainProxy - /bootstrap/css/bootstrap.css at position 10 of 12 in additional filter chain; firing Filter: 'SessionManagementFilter'
48044 [http-nio-8080-exec-1] DEBUG o.s.s.w.a.AnonymousAuthenticationFilter - Populated SecurityContextHolder with anonymous token: 'org.springframework.security.authentication.AnonymousAuthenticationToken@6fa90ed4: Principal: anonymousUser; Credentials: [PROTECTED]; Authenticated: true; Details: org.springframework.security.web.authentication.WebAuthenticationDetails@fffc7f0c: RemoteIpAddress: 0:0:0:0:0:0:0:1; SessionId: 36E5404105004D310DFC84EA223C931E; Granted Authorities: ROLE_ANONYMOUS'
48044 [http-nio-8080-exec-3] DEBUG o.s.s.w.a.AnonymousAuthenticationFilter - Populated SecurityContextHolder with anonymous token: 'org.springframework.security.authentication.AnonymousAuthenticationToken@6fa90ed4: Principal: anonymousUser; Credentials: [PROTECTED]; Authenticated: true; Details: org.springframework.security.web.authentication.WebAuthenticationDetails@fffc7f0c: RemoteIpAddress: 0:0:0:0:0:0:0:1; SessionId: 36E5404105004D310DFC84EA223C931E; Granted Authorities: ROLE_ANONYMOUS'
48044 [http-nio-8080-exec-4] DEBUG o.s.security.web.FilterChainProxy - /bootstrap/css/bootstrap.css at position 11 of 12 in additional filter chain; firing Filter: 'ExceptionTranslationFilter'
48044 [http-nio-8080-exec-4] DEBUG o.s.security.web.FilterChainProxy - /bootstrap/css/bootstrap.css at position 12 of 12 in additional filter chain; firing Filter: 'FilterSecurityInterceptor'
48044 [http-nio-8080-exec-1] DEBUG o.s.security.web.FilterChainProxy - /bootstrap/js/bootstrap.js at position 10 of 12 in additional filter chain; firing Filter: 'SessionManagementFilter'
48044 [http-nio-8080-exec-3] DEBUG o.s.security.web.FilterChainProxy - /jquery/jquery-2.1.3.js at position 10 of 12 in additional filter chain; firing Filter: 'SessionManagementFilter'
48044 [http-nio-8080-exec-4] DEBUG o.s.s.w.u.m.AntPathRequestMatcher - Request 'GET /bootstrap/css/bootstrap.css' doesn't match 'POST /logout
48044 [http-nio-8080-exec-3] DEBUG o.s.security.web.FilterChainProxy - /jquery/jquery-2.1.3.js at position 11 of 12 in additional filter chain; firing Filter: 'ExceptionTranslationFilter'
48044 [http-nio-8080-exec-3] DEBUG o.s.security.web.FilterChainProxy - /jquery/jquery-2.1.3.js at position 12 of 12 in additional filter chain; firing Filter: 'FilterSecurityInterceptor'
48044 [http-nio-8080-exec-1] DEBUG o.s.security.web.FilterChainProxy - /bootstrap/js/bootstrap.js at position 11 of 12 in additional filter chain; firing Filter: 'ExceptionTranslationFilter'
48044 [http-nio-8080-exec-4] DEBUG o.s.s.w.u.m.AntPathRequestMatcher - Request '/bootstrap/css/bootstrap.css' matched by universal pattern '/**'
48044 [http-nio-8080-exec-3] DEBUG o.s.s.w.u.m.AntPathRequestMatcher - Request 'GET /jquery/jquery-2.1.3.js' doesn't match 'POST /logout
48044 [http-nio-8080-exec-4] DEBUG o.s.s.w.a.i.FilterSecurityInterceptor - Secure object: FilterInvocation: URL: /bootstrap/css/bootstrap.css; Attributes: [permitAll]
48044 [http-nio-8080-exec-3] DEBUG o.s.s.w.u.m.AntPathRequestMatcher - Request '/jquery/jquery-2.1.3.js' matched by universal pattern '/**'
48044 [http-nio-8080-exec-3] DEBUG o.s.s.w.a.i.FilterSecurityInterceptor - Secure object: FilterInvocation: URL: /jquery/jquery-2.1.3.js; Attributes: [permitAll]
48044 [http-nio-8080-exec-1] DEBUG o.s.security.web.FilterChainProxy - /bootstrap/js/bootstrap.js at position 12 of 12 in additional filter chain; firing Filter: 'FilterSecurityInterceptor'
48044 [http-nio-8080-exec-4] DEBUG o.s.s.w.a.i.FilterSecurityInterceptor - Previously Authenticated: org.springframework.security.authentication.AnonymousAuthenticationToken@6fa90ed4: Principal: anonymousUser; Credentials: [PROTECTED]; Authenticated: true; Details: org.springframework.security.web.authentication.WebAuthenticationDetails@fffc7f0c: RemoteIpAddress: 0:0:0:0:0:0:0:1; SessionId: 36E5404105004D310DFC84EA223C931E; Granted Authorities: ROLE_ANONYMOUS
48044 [http-nio-8080-exec-3] DEBUG o.s.s.w.a.i.FilterSecurityInterceptor - Previously Authenticated: org.springframework.security.authentication.AnonymousAuthenticationToken@6fa90ed4: Principal: anonymousUser; Credentials: [PROTECTED]; Authenticated: true; Details: org.springframework.security.web.authentication.WebAuthenticationDetails@fffc7f0c: RemoteIpAddress: 0:0:0:0:0:0:0:1; SessionId: 36E5404105004D310DFC84EA223C931E; Granted Authorities: ROLE_ANONYMOUS
48045 [http-nio-8080-exec-1] DEBUG o.s.s.w.u.m.AntPathRequestMatcher - Request 'GET /bootstrap/js/bootstrap.js' doesn't match 'POST /logout
48045 [http-nio-8080-exec-1] DEBUG o.s.s.w.u.m.AntPathRequestMatcher - Request '/bootstrap/js/bootstrap.js' matched by universal pattern '/**'
48045 [http-nio-8080-exec-4] DEBUG o.s.s.access.vote.AffirmativeBased - Voter: org.springframework.security.web.access.expression.WebExpressionVoter@2509d07d, returned: 1
48045 [http-nio-8080-exec-3] DEBUG o.s.s.access.vote.AffirmativeBased - Voter: org.springframework.security.web.access.expression.WebExpressionVoter@2509d07d, returned: 1
48045 [http-nio-8080-exec-1] DEBUG o.s.s.w.a.i.FilterSecurityInterceptor - Secure object: FilterInvocation: URL: /bootstrap/js/bootstrap.js; Attributes: [permitAll]
48045 [http-nio-8080-exec-3] DEBUG o.s.s.w.a.i.FilterSecurityInterceptor - Authorization successful
48045 [http-nio-8080-exec-3] DEBUG o.s.s.w.a.i.FilterSecurityInterceptor - RunAsManager did not change Authentication object
48045 [http-nio-8080-exec-4] DEBUG o.s.s.w.a.i.FilterSecurityInterceptor - Authorization successful
48045 [http-nio-8080-exec-4] DEBUG o.s.s.w.a.i.FilterSecurityInterceptor - RunAsManager did not change Authentication object
48045 [http-nio-8080-exec-1] DEBUG o.s.s.w.a.i.FilterSecurityInterceptor - Previously Authenticated: org.springframework.security.authentication.AnonymousAuthenticationToken@6fa90ed4: Principal: anonymousUser; Credentials: [PROTECTED]; Authenticated: true; Details: org.springframework.security.web.authentication.WebAuthenticationDetails@fffc7f0c: RemoteIpAddress: 0:0:0:0:0:0:0:1; SessionId: 36E5404105004D310DFC84EA223C931E; Granted Authorities: ROLE_ANONYMOUS
48045 [http-nio-8080-exec-3] DEBUG o.s.security.web.FilterChainProxy - /jquery/jquery-2.1.3.js reached end of additional filter chain; proceeding with original chain
48045 [http-nio-8080-exec-4] DEBUG o.s.security.web.FilterChainProxy - /bootstrap/css/bootstrap.css reached end of additional filter chain; proceeding with original chain
48045 [http-nio-8080-exec-1] DEBUG o.s.s.access.vote.AffirmativeBased - Voter: org.springframework.security.web.access.expression.WebExpressionVoter@2509d07d, returned: 1
48045 [http-nio-8080-exec-1] DEBUG o.s.s.w.a.i.FilterSecurityInterceptor - Authorization successful
48045 [http-nio-8080-exec-1] DEBUG o.s.s.w.a.i.FilterSecurityInterceptor - RunAsManager did not change Authentication object
48045 [http-nio-8080-exec-1] DEBUG o.s.security.web.FilterChainProxy - /bootstrap/js/bootstrap.js reached end of additional filter chain; proceeding with original chain
48047 [http-nio-8080-exec-4] DEBUG o.s.s.w.c.HttpSessionSecurityContextRepository - SecurityContext is empty or contents are anonymous - context will not be stored in HttpSession.
48047 [http-nio-8080-exec-1] DEBUG o.s.s.w.c.HttpSessionSecurityContextRepository - SecurityContext is empty or contents are anonymous - context will not be stored in HttpSession.
48047 [http-nio-8080-exec-3] DEBUG o.s.s.w.c.HttpSessionSecurityContextRepository - SecurityContext is empty or contents are anonymous - context will not be stored in HttpSession.
48049 [http-nio-8080-exec-1] DEBUG o.s.s.w.a.ExceptionTranslationFilter - Chain processed normally
48049 [http-nio-8080-exec-1] DEBUG o.s.s.w.c.SecurityContextPersistenceFilter - SecurityContextHolder now cleared, as request processing completed
48050 [http-nio-8080-exec-4] DEBUG o.s.s.w.a.ExceptionTranslationFilter - Chain processed normally
48050 [http-nio-8080-exec-4] DEBUG o.s.s.w.c.SecurityContextPersistenceFilter - SecurityContextHolder now cleared, as request processing completed
48056 [http-nio-8080-exec-3] DEBUG o.s.s.w.a.ExceptionTranslationFilter - Chain processed normally
48056 [http-nio-8080-exec-3] DEBUG o.s.s.w.c.SecurityContextPersistenceFilter - SecurityContextHolder now cleared, as request processing completed
48114 [http-nio-8080-exec-9] DEBUG o.s.s.w.u.matcher.OrRequestMatcher - Trying to match using Ant [pattern='/css/**']
48114 [http-nio-8080-exec-9] DEBUG o.s.s.w.u.m.AntPathRequestMatcher - Checking match of request : '/favicon.ico'; against '/css/**'
48114 [http-nio-8080-exec-9] DEBUG o.s.s.w.u.matcher.OrRequestMatcher - Trying to match using Ant [pattern='/js/**']
48114 [http-nio-8080-exec-9] DEBUG o.s.s.w.u.m.AntPathRequestMatcher - Checking match of request : '/favicon.ico'; against '/js/**'
48114 [http-nio-8080-exec-9] DEBUG o.s.s.w.u.matcher.OrRequestMatcher - Trying to match using Ant [pattern='/images/**']
48114 [http-nio-8080-exec-9] DEBUG o.s.s.w.u.m.AntPathRequestMatcher - Checking match of request : '/favicon.ico'; against '/images/**'
48114 [http-nio-8080-exec-9] DEBUG o.s.s.w.u.matcher.OrRequestMatcher - Trying to match using Ant [pattern='/webjars/**']
48114 [http-nio-8080-exec-9] DEBUG o.s.s.w.u.m.AntPathRequestMatcher - Checking match of request : '/favicon.ico'; against '/webjars/**'
48114 [http-nio-8080-exec-9] DEBUG o.s.s.w.u.matcher.OrRequestMatcher - Trying to match using Ant [pattern='/**/favicon.ico']
48114 [http-nio-8080-exec-9] DEBUG o.s.s.w.u.m.AntPathRequestMatcher - Checking match of request : '/favicon.ico'; against '/**/favicon.ico'
48114 [http-nio-8080-exec-9] DEBUG o.s.s.w.u.matcher.OrRequestMatcher - matched
48114 [http-nio-8080-exec-9] DEBUG o.s.security.web.FilterChainProxy - /favicon.ico has an empty filter list
50893 [http-nio-8080-exec-8] DEBUG o.s.s.w.u.matcher.OrRequestMatcher - Trying to match using Ant [pattern='/css/**']
50893 [http-nio-8080-exec-8] DEBUG o.s.s.w.u.m.AntPathRequestMatcher - Checking match of request : '/'; against '/css/**'
50893 [http-nio-8080-exec-8] DEBUG o.s.s.w.u.matcher.OrRequestMatcher - Trying to match using Ant [pattern='/js/**']
50893 [http-nio-8080-exec-8] DEBUG o.s.s.w.u.m.AntPathRequestMatcher - Checking match of request : '/'; against '/js/**'
50893 [http-nio-8080-exec-8] DEBUG o.s.s.w.u.matcher.OrRequestMatcher - Trying to match using Ant [pattern='/images/**']
50893 [http-nio-8080-exec-8] DEBUG o.s.s.w.u.m.AntPathRequestMatcher - Checking match of request : '/'; against '/images/**'
50893 [http-nio-8080-exec-8] DEBUG o.s.s.w.u.matcher.OrRequestMatcher - Trying to match using Ant [pattern='/webjars/**']
50893 [http-nio-8080-exec-8] DEBUG o.s.s.w.u.m.AntPathRequestMatcher - Checking match of request : '/'; against '/webjars/**'
50893 [http-nio-8080-exec-8] DEBUG o.s.s.w.u.matcher.OrRequestMatcher - Trying to match using Ant [pattern='/**/favicon.ico']
50893 [http-nio-8080-exec-8] DEBUG o.s.s.w.u.m.AntPathRequestMatcher - Checking match of request : '/'; against '/**/favicon.ico'
50893 [http-nio-8080-exec-8] DEBUG o.s.s.w.u.matcher.OrRequestMatcher - Trying to match using Ant [pattern='/error']
50893 [http-nio-8080-exec-8] DEBUG o.s.s.w.u.m.AntPathRequestMatcher - Checking match of request : '/'; against '/error'
50893 [http-nio-8080-exec-8] DEBUG o.s.s.w.u.matcher.OrRequestMatcher - No matches found
50893 [http-nio-8080-exec-8] DEBUG o.s.security.web.FilterChainProxy - / at position 1 of 12 in additional filter chain; firing Filter: 'WebAsyncManagerIntegrationFilter'
50893 [http-nio-8080-exec-8] DEBUG o.s.security.web.FilterChainProxy - / at position 2 of 12 in additional filter chain; firing Filter: 'SecurityContextPersistenceFilter'
50893 [http-nio-8080-exec-8] DEBUG o.s.s.w.c.HttpSessionSecurityContextRepository - HttpSession returned null object for SPRING_SECURITY_CONTEXT
50893 [http-nio-8080-exec-8] DEBUG o.s.s.w.c.HttpSessionSecurityContextRepository - No SecurityContext was available from the HttpSession: org.apache.catalina.session.StandardSessionFacade@6434da46. A new one will be created.
50893 [http-nio-8080-exec-8] DEBUG o.s.security.web.FilterChainProxy - / at position 3 of 12 in additional filter chain; firing Filter: 'HeaderWriterFilter'
50893 [http-nio-8080-exec-8] DEBUG o.s.s.w.h.writers.HstsHeaderWriter - Not injecting HSTS header since it did not match the requestMatcher org.springframework.security.web.header.writers.HstsHeaderWriter$SecureRequestMatcher@600b4218
50893 [http-nio-8080-exec-8] DEBUG o.s.security.web.FilterChainProxy - / at position 4 of 12 in additional filter chain; firing Filter: 'CsrfFilter'
50893 [http-nio-8080-exec-8] DEBUG o.s.security.web.FilterChainProxy - / at position 5 of 12 in additional filter chain; firing Filter: 'LogoutFilter'
50893 [http-nio-8080-exec-8] DEBUG o.s.s.w.u.m.AntPathRequestMatcher - Request 'GET /' doesn't match 'POST /logout
50893 [http-nio-8080-exec-8] DEBUG o.s.security.web.FilterChainProxy - / at position 6 of 12 in additional filter chain; firing Filter: 'UsernamePasswordAuthenticationFilter'
50893 [http-nio-8080-exec-8] DEBUG o.s.s.w.u.m.AntPathRequestMatcher - Request 'GET /' doesn't match 'POST /login
50893 [http-nio-8080-exec-8] DEBUG o.s.security.web.FilterChainProxy - / at position 7 of 12 in additional filter chain; firing Filter: 'RequestCacheAwareFilter'
50893 [http-nio-8080-exec-8] DEBUG o.s.security.web.FilterChainProxy - / at position 8 of 12 in additional filter chain; firing Filter: 'SecurityContextHolderAwareRequestFilter'
50893 [http-nio-8080-exec-8] DEBUG o.s.security.web.FilterChainProxy - / at position 9 of 12 in additional filter chain; firing Filter: 'AnonymousAuthenticationFilter'
50894 [http-nio-8080-exec-8] DEBUG o.s.s.w.a.AnonymousAuthenticationFilter - Populated SecurityContextHolder with anonymous token: 'org.springframework.security.authentication.AnonymousAuthenticationToken@6fa90ed4: Principal: anonymousUser; Credentials: [PROTECTED]; Authenticated: true; Details: org.springframework.security.web.authentication.WebAuthenticationDetails@fffc7f0c: RemoteIpAddress: 0:0:0:0:0:0:0:1; SessionId: 36E5404105004D310DFC84EA223C931E; Granted Authorities: ROLE_ANONYMOUS'
50898 [http-nio-8080-exec-8] DEBUG o.s.security.web.FilterChainProxy - / at position 10 of 12 in additional filter chain; firing Filter: 'SessionManagementFilter'
50898 [http-nio-8080-exec-8] DEBUG o.s.security.web.FilterChainProxy - / at position 11 of 12 in additional filter chain; firing Filter: 'ExceptionTranslationFilter'
50898 [http-nio-8080-exec-8] DEBUG o.s.security.web.FilterChainProxy - / at position 12 of 12 in additional filter chain; firing Filter: 'FilterSecurityInterceptor'
50898 [http-nio-8080-exec-8] DEBUG o.s.s.w.u.m.AntPathRequestMatcher - Request 'GET /' doesn't match 'POST /logout
50898 [http-nio-8080-exec-8] DEBUG o.s.s.w.u.m.AntPathRequestMatcher - Request '/' matched by universal pattern '/**'
50898 [http-nio-8080-exec-8] DEBUG o.s.s.w.a.i.FilterSecurityInterceptor - Secure object: FilterInvocation: URL: /; Attributes: [permitAll]
50898 [http-nio-8080-exec-8] DEBUG o.s.s.w.a.i.FilterSecurityInterceptor - Previously Authenticated: org.springframework.security.authentication.AnonymousAuthenticationToken@6fa90ed4: Principal: anonymousUser; Credentials: [PROTECTED]; Authenticated: true; Details: org.springframework.security.web.authentication.WebAuthenticationDetails@fffc7f0c: RemoteIpAddress: 0:0:0:0:0:0:0:1; SessionId: 36E5404105004D310DFC84EA223C931E; Granted Authorities: ROLE_ANONYMOUS
50898 [http-nio-8080-exec-8] DEBUG o.s.s.access.vote.AffirmativeBased - Voter: org.springframework.security.web.access.expression.WebExpressionVoter@2509d07d, returned: 1
50898 [http-nio-8080-exec-8] DEBUG o.s.s.w.a.i.FilterSecurityInterceptor - Authorization successful
50898 [http-nio-8080-exec-8] DEBUG o.s.s.w.a.i.FilterSecurityInterceptor - RunAsManager did not change Authentication object
50898 [http-nio-8080-exec-8] DEBUG o.s.security.web.FilterChainProxy - / reached end of additional filter chain; proceeding with original chain
50905 [http-nio-8080-exec-8] DEBUG o.s.s.w.u.matcher.OrRequestMatcher - Trying to match using Ant [pattern='/css/**']
50905 [http-nio-8080-exec-8] DEBUG o.s.s.w.u.m.AntPathRequestMatcher - Checking match of request : '/index.html'; against '/css/**'
50905 [http-nio-8080-exec-8] DEBUG o.s.s.w.u.matcher.OrRequestMatcher - Trying to match using Ant [pattern='/js/**']
50905 [http-nio-8080-exec-8] DEBUG o.s.s.w.u.m.AntPathRequestMatcher - Checking match of request : '/index.html'; against '/js/**'
50905 [http-nio-8080-exec-8] DEBUG o.s.s.w.u.matcher.OrRequestMatcher - Trying to match using Ant [pattern='/images/**']
50905 [http-nio-8080-exec-8] DEBUG o.s.s.w.u.m.AntPathRequestMatcher - Checking match of request : '/index.html'; against '/images/**'
50905 [http-nio-8080-exec-8] DEBUG o.s.s.w.u.matcher.OrRequestMatcher - Trying to match using Ant [pattern='/webjars/**']
50905 [http-nio-8080-exec-8] DEBUG o.s.s.w.u.m.AntPathRequestMatcher - Checking match of request : '/index.html'; against '/webjars/**'
50905 [http-nio-8080-exec-8] DEBUG o.s.s.w.u.matcher.OrRequestMatcher - Trying to match using Ant [pattern='/**/favicon.ico']
50905 [http-nio-8080-exec-8] DEBUG o.s.s.w.u.m.AntPathRequestMatcher - Checking match of request : '/index.html'; against '/**/favicon.ico'
50905 [http-nio-8080-exec-8] DEBUG o.s.s.w.u.matcher.OrRequestMatcher - Trying to match using Ant [pattern='/error']
50905 [http-nio-8080-exec-8] DEBUG o.s.s.w.u.m.AntPathRequestMatcher - Checking match of request : '/index.html'; against '/error'
50905 [http-nio-8080-exec-8] DEBUG o.s.s.w.u.matcher.OrRequestMatcher - No matches found
50905 [http-nio-8080-exec-8] DEBUG o.s.security.web.FilterChainProxy - /index.html at position 1 of 12 in additional filter chain; firing Filter: 'WebAsyncManagerIntegrationFilter'
50905 [http-nio-8080-exec-8] DEBUG o.s.security.web.FilterChainProxy - /index.html at position 2 of 12 in additional filter chain; firing Filter: 'SecurityContextPersistenceFilter'
50905 [http-nio-8080-exec-8] DEBUG o.s.security.web.FilterChainProxy - /index.html at position 3 of 12 in additional filter chain; firing Filter: 'HeaderWriterFilter'
50905 [http-nio-8080-exec-8] DEBUG o.s.security.web.FilterChainProxy - /index.html at position 4 of 12 in additional filter chain; firing Filter: 'CsrfFilter'
50905 [http-nio-8080-exec-8] DEBUG o.s.security.web.FilterChainProxy - /index.html at position 5 of 12 in additional filter chain; firing Filter: 'LogoutFilter'
50905 [http-nio-8080-exec-8] DEBUG o.s.s.w.u.m.AntPathRequestMatcher - Request 'GET /index.html' doesn't match 'POST /logout
50905 [http-nio-8080-exec-8] DEBUG o.s.security.web.FilterChainProxy - /index.html at position 6 of 12 in additional filter chain; firing Filter: 'UsernamePasswordAuthenticationFilter'
50905 [http-nio-8080-exec-8] DEBUG o.s.s.w.u.m.AntPathRequestMatcher - Request 'GET /index.html' doesn't match 'POST /login
50905 [http-nio-8080-exec-8] DEBUG o.s.security.web.FilterChainProxy - /index.html at position 7 of 12 in additional filter chain; firing Filter: 'RequestCacheAwareFilter'
50905 [http-nio-8080-exec-8] DEBUG o.s.security.web.FilterChainProxy - /index.html at position 8 of 12 in additional filter chain; firing Filter: 'SecurityContextHolderAwareRequestFilter'
50905 [http-nio-8080-exec-8] DEBUG o.s.security.web.FilterChainProxy - /index.html at position 9 of 12 in additional filter chain; firing Filter: 'AnonymousAuthenticationFilter'
50905 [http-nio-8080-exec-8] DEBUG o.s.s.w.a.AnonymousAuthenticationFilter - SecurityContextHolder not populated with anonymous token, as it already contained: 'org.springframework.security.authentication.AnonymousAuthenticationToken@6fa90ed4: Principal: anonymousUser; Credentials: [PROTECTED]; Authenticated: true; Details: org.springframework.security.web.authentication.WebAuthenticationDetails@fffc7f0c: RemoteIpAddress: 0:0:0:0:0:0:0:1; SessionId: 36E5404105004D310DFC84EA223C931E; Granted Authorities: ROLE_ANONYMOUS'
50911 [http-nio-8080-exec-8] DEBUG o.s.security.web.FilterChainProxy - /index.html at position 10 of 12 in additional filter chain; firing Filter: 'SessionManagementFilter'
50911 [http-nio-8080-exec-8] DEBUG o.s.security.web.FilterChainProxy - /index.html at position 11 of 12 in additional filter chain; firing Filter: 'ExceptionTranslationFilter'
50911 [http-nio-8080-exec-8] DEBUG o.s.security.web.FilterChainProxy - /index.html at position 12 of 12 in additional filter chain; firing Filter: 'FilterSecurityInterceptor'
50911 [http-nio-8080-exec-8] DEBUG o.s.security.web.FilterChainProxy - /index.html reached end of additional filter chain; proceeding with original chain
50912 [http-nio-8080-exec-8] DEBUG o.s.s.w.c.HttpSessionSecurityContextRepository - SecurityContext is empty or contents are anonymous - context will not be stored in HttpSession.
50913 [http-nio-8080-exec-8] DEBUG o.s.s.w.a.ExceptionTranslationFilter - Chain processed normally
50914 [http-nio-8080-exec-8] DEBUG o.s.s.w.a.ExceptionTranslationFilter - Chain processed normally
50914 [http-nio-8080-exec-8] DEBUG o.s.s.w.c.SecurityContextPersistenceFilter - SecurityContextHolder now cleared, as request processing completed
50923 [http-nio-8080-exec-7] DEBUG o.s.s.w.u.matcher.OrRequestMatcher - Trying to match using Ant [pattern='/css/**']
50923 [http-nio-8080-exec-5] DEBUG o.s.s.w.u.matcher.OrRequestMatcher - Trying to match using Ant [pattern='/css/**']
50923 [http-nio-8080-exec-6] DEBUG o.s.s.w.u.matcher.OrRequestMatcher - Trying to match using Ant [pattern='/css/**']
50923 [http-nio-8080-exec-7] DEBUG o.s.s.w.u.m.AntPathRequestMatcher - Checking match of request : '/bootstrap/css/bootstrap.css'; against '/css/**'
50923 [http-nio-8080-exec-6] DEBUG o.s.s.w.u.m.AntPathRequestMatcher - Checking match of request : '/bootstrap/js/bootstrap.js'; against '/css/**'
50923 [http-nio-8080-exec-7] DEBUG o.s.s.w.u.matcher.OrRequestMatcher - Trying to match using Ant [pattern='/js/**']
50923 [http-nio-8080-exec-6] DEBUG o.s.s.w.u.matcher.OrRequestMatcher - Trying to match using Ant [pattern='/js/**']
50923 [http-nio-8080-exec-6] DEBUG o.s.s.w.u.m.AntPathRequestMatcher - Checking match of request : '/bootstrap/js/bootstrap.js'; against '/js/**'
50923 [http-nio-8080-exec-6] DEBUG o.s.s.w.u.matcher.OrRequestMatcher - Trying to match using Ant [pattern='/images/**']
50923 [http-nio-8080-exec-6] DEBUG o.s.s.w.u.m.AntPathRequestMatcher - Checking match of request : '/bootstrap/js/bootstrap.js'; against '/images/**'
50923 [http-nio-8080-exec-5] DEBUG o.s.s.w.u.m.AntPathRequestMatcher - Checking match of request : '/jquery/jquery-2.1.3.js'; against '/css/**'
50923 [http-nio-8080-exec-7] DEBUG o.s.s.w.u.m.AntPathRequestMatcher - Checking match of request : '/bootstrap/css/bootstrap.css'; against '/js/**'
50923 [http-nio-8080-exec-7] DEBUG o.s.s.w.u.matcher.OrRequestMatcher - Trying to match using Ant [pattern='/images/**']
50923 [http-nio-8080-exec-7] DEBUG o.s.s.w.u.m.AntPathRequestMatcher - Checking match of request : '/bootstrap/css/bootstrap.css'; against '/images/**'
50923 [http-nio-8080-exec-6] DEBUG o.s.s.w.u.matcher.OrRequestMatcher - Trying to match using Ant [pattern='/webjars/**']
50923 [http-nio-8080-exec-5] DEBUG o.s.s.w.u.matcher.OrRequestMatcher - Trying to match using Ant [pattern='/js/**']
50923 [http-nio-8080-exec-7] DEBUG o.s.s.w.u.matcher.OrRequestMatcher - Trying to match using Ant [pattern='/webjars/**']
50923 [http-nio-8080-exec-6] DEBUG o.s.s.w.u.m.AntPathRequestMatcher - Checking match of request : '/bootstrap/js/bootstrap.js'; against '/webjars/**'
50923 [http-nio-8080-exec-6] DEBUG o.s.s.w.u.matcher.OrRequestMatcher - Trying to match using Ant [pattern='/**/favicon.ico']
50923 [http-nio-8080-exec-5] DEBUG o.s.s.w.u.m.AntPathRequestMatcher - Checking match of request : '/jquery/jquery-2.1.3.js'; against '/js/**'
50923 [http-nio-8080-exec-7] DEBUG o.s.s.w.u.m.AntPathRequestMatcher - Checking match of request : '/bootstrap/css/bootstrap.css'; against '/webjars/**'
50923 [http-nio-8080-exec-5] DEBUG o.s.s.w.u.matcher.OrRequestMatcher - Trying to match using Ant [pattern='/images/**']
50923 [http-nio-8080-exec-6] DEBUG o.s.s.w.u.m.AntPathRequestMatcher - Checking match of request : '/bootstrap/js/bootstrap.js'; against '/**/favicon.ico'
50923 [http-nio-8080-exec-7] DEBUG o.s.s.w.u.matcher.OrRequestMatcher - Trying to match using Ant [pattern='/**/favicon.ico']
50923 [http-nio-8080-exec-7] DEBUG o.s.s.w.u.m.AntPathRequestMatcher - Checking match of request : '/bootstrap/css/bootstrap.css'; against '/**/favicon.ico'
50923 [http-nio-8080-exec-6] DEBUG o.s.s.w.u.matcher.OrRequestMatcher - Trying to match using Ant [pattern='/error']
50923 [http-nio-8080-exec-7] DEBUG o.s.s.w.u.matcher.OrRequestMatcher - Trying to match using Ant [pattern='/error']
50923 [http-nio-8080-exec-5] DEBUG o.s.s.w.u.m.AntPathRequestMatcher - Checking match of request : '/jquery/jquery-2.1.3.js'; against '/images/**'
50923 [http-nio-8080-exec-6] DEBUG o.s.s.w.u.m.AntPathRequestMatcher - Checking match of request : '/bootstrap/js/bootstrap.js'; against '/error'
50923 [http-nio-8080-exec-5] DEBUG o.s.s.w.u.matcher.OrRequestMatcher - Trying to match using Ant [pattern='/webjars/**']
50923 [http-nio-8080-exec-7] DEBUG o.s.s.w.u.m.AntPathRequestMatcher - Checking match of request : '/bootstrap/css/bootstrap.css'; against '/error'
50927 [http-nio-8080-exec-6] DEBUG o.s.s.w.u.matcher.OrRequestMatcher - No matches found
50927 [http-nio-8080-exec-5] DEBUG o.s.s.w.u.m.AntPathRequestMatcher - Checking match of request : '/jquery/jquery-2.1.3.js'; against '/webjars/**'
50927 [http-nio-8080-exec-7] DEBUG o.s.s.w.u.matcher.OrRequestMatcher - No matches found
50927 [http-nio-8080-exec-5] DEBUG o.s.s.w.u.matcher.OrRequestMatcher - Trying to match using Ant [pattern='/**/favicon.ico']
50927 [http-nio-8080-exec-6] DEBUG o.s.security.web.FilterChainProxy - /bootstrap/js/bootstrap.js at position 1 of 12 in additional filter chain; firing Filter: 'WebAsyncManagerIntegrationFilter'
50927 [http-nio-8080-exec-7] DEBUG o.s.security.web.FilterChainProxy - /bootstrap/css/bootstrap.css at position 1 of 12 in additional filter chain; firing Filter: 'WebAsyncManagerIntegrationFilter'
50927 [http-nio-8080-exec-6] DEBUG o.s.security.web.FilterChainProxy - /bootstrap/js/bootstrap.js at position 2 of 12 in additional filter chain; firing Filter: 'SecurityContextPersistenceFilter'
50927 [http-nio-8080-exec-7] DEBUG o.s.security.web.FilterChainProxy - /bootstrap/css/bootstrap.css at position 2 of 12 in additional filter chain; firing Filter: 'SecurityContextPersistenceFilter'
50927 [http-nio-8080-exec-5] DEBUG o.s.s.w.u.m.AntPathRequestMatcher - Checking match of request : '/jquery/jquery-2.1.3.js'; against '/**/favicon.ico'
50927 [http-nio-8080-exec-7] DEBUG o.s.s.w.c.HttpSessionSecurityContextRepository - HttpSession returned null object for SPRING_SECURITY_CONTEXT
50927 [http-nio-8080-exec-6] DEBUG o.s.s.w.c.HttpSessionSecurityContextRepository - HttpSession returned null object for SPRING_SECURITY_CONTEXT
50927 [http-nio-8080-exec-7] DEBUG o.s.s.w.c.HttpSessionSecurityContextRepository - No SecurityContext was available from the HttpSession: org.apache.catalina.session.StandardSessionFacade@6434da46. A new one will be created.
50927 [http-nio-8080-exec-7] DEBUG o.s.security.web.FilterChainProxy - /bootstrap/css/bootstrap.css at position 3 of 12 in additional filter chain; firing Filter: 'HeaderWriterFilter'
50927 [http-nio-8080-exec-5] DEBUG o.s.s.w.u.matcher.OrRequestMatcher - Trying to match using Ant [pattern='/error']
50927 [http-nio-8080-exec-5] DEBUG o.s.s.w.u.m.AntPathRequestMatcher - Checking match of request : '/jquery/jquery-2.1.3.js'; against '/error'
50927 [http-nio-8080-exec-7] DEBUG o.s.s.w.h.writers.HstsHeaderWriter - Not injecting HSTS header since it did not match the requestMatcher org.springframework.security.web.header.writers.HstsHeaderWriter$SecureRequestMatcher@600b4218
50927 [http-nio-8080-exec-6] DEBUG o.s.s.w.c.HttpSessionSecurityContextRepository - No SecurityContext was available from the HttpSession: org.apache.catalina.session.StandardSessionFacade@6434da46. A new one will be created.
50927 [http-nio-8080-exec-6] DEBUG o.s.security.web.FilterChainProxy - /bootstrap/js/bootstrap.js at position 3 of 12 in additional filter chain; firing Filter: 'HeaderWriterFilter'
50927 [http-nio-8080-exec-5] DEBUG o.s.s.w.u.matcher.OrRequestMatcher - No matches found
50927 [http-nio-8080-exec-7] DEBUG o.s.security.web.FilterChainProxy - /bootstrap/css/bootstrap.css at position 4 of 12 in additional filter chain; firing Filter: 'CsrfFilter'
50927 [http-nio-8080-exec-5] DEBUG o.s.security.web.FilterChainProxy - /jquery/jquery-2.1.3.js at position 1 of 12 in additional filter chain; firing Filter: 'WebAsyncManagerIntegrationFilter'
50927 [http-nio-8080-exec-6] DEBUG o.s.s.w.h.writers.HstsHeaderWriter - Not injecting HSTS header since it did not match the requestMatcher org.springframework.security.web.header.writers.HstsHeaderWriter$SecureRequestMatcher@600b4218
50927 [http-nio-8080-exec-5] DEBUG o.s.security.web.FilterChainProxy - /jquery/jquery-2.1.3.js at position 2 of 12 in additional filter chain; firing Filter: 'SecurityContextPersistenceFilter'
50927 [http-nio-8080-exec-7] DEBUG o.s.security.web.FilterChainProxy - /bootstrap/css/bootstrap.css at position 5 of 12 in additional filter chain; firing Filter: 'LogoutFilter'
50928 [http-nio-8080-exec-6] DEBUG o.s.security.web.FilterChainProxy - /bootstrap/js/bootstrap.js at position 4 of 12 in additional filter chain; firing Filter: 'CsrfFilter'
50928 [http-nio-8080-exec-5] DEBUG o.s.s.w.c.HttpSessionSecurityContextRepository - HttpSession returned null object for SPRING_SECURITY_CONTEXT
50928 [http-nio-8080-exec-6] DEBUG o.s.security.web.FilterChainProxy - /bootstrap/js/bootstrap.js at position 5 of 12 in additional filter chain; firing Filter: 'LogoutFilter'
50928 [http-nio-8080-exec-7] DEBUG o.s.s.w.u.m.AntPathRequestMatcher - Request 'GET /bootstrap/css/bootstrap.css' doesn't match 'POST /logout
50928 [http-nio-8080-exec-7] DEBUG o.s.security.web.FilterChainProxy - /bootstrap/css/bootstrap.css at position 6 of 12 in additional filter chain; firing Filter: 'UsernamePasswordAuthenticationFilter'
50928 [http-nio-8080-exec-7] DEBUG o.s.s.w.u.m.AntPathRequestMatcher - Request 'GET /bootstrap/css/bootstrap.css' doesn't match 'POST /login
50928 [http-nio-8080-exec-7] DEBUG o.s.security.web.FilterChainProxy - /bootstrap/css/bootstrap.css at position 7 of 12 in additional filter chain; firing Filter: 'RequestCacheAwareFilter'
50928 [http-nio-8080-exec-5] DEBUG o.s.s.w.c.HttpSessionSecurityContextRepository - No SecurityContext was available from the HttpSession: org.apache.catalina.session.StandardSessionFacade@6434da46. A new one will be created.
50928 [http-nio-8080-exec-5] DEBUG o.s.security.web.FilterChainProxy - /jquery/jquery-2.1.3.js at position 3 of 12 in additional filter chain; firing Filter: 'HeaderWriterFilter'
50928 [http-nio-8080-exec-6] DEBUG o.s.s.w.u.m.AntPathRequestMatcher - Request 'GET /bootstrap/js/bootstrap.js' doesn't match 'POST /logout
50928 [http-nio-8080-exec-7] DEBUG o.s.security.web.FilterChainProxy - /bootstrap/css/bootstrap.css at position 8 of 12 in additional filter chain; firing Filter: 'SecurityContextHolderAwareRequestFilter'
50928 [http-nio-8080-exec-6] DEBUG o.s.security.web.FilterChainProxy - /bootstrap/js/bootstrap.js at position 6 of 12 in additional filter chain; firing Filter: 'UsernamePasswordAuthenticationFilter'
50928 [http-nio-8080-exec-7] DEBUG o.s.security.web.FilterChainProxy - /bootstrap/css/bootstrap.css at position 9 of 12 in additional filter chain; firing Filter: 'AnonymousAuthenticationFilter'
50928 [http-nio-8080-exec-6] DEBUG o.s.s.w.u.m.AntPathRequestMatcher - Request 'GET /bootstrap/js/bootstrap.js' doesn't match 'POST /login
50928 [http-nio-8080-exec-6] DEBUG o.s.security.web.FilterChainProxy - /bootstrap/js/bootstrap.js at position 7 of 12 in additional filter chain; firing Filter: 'RequestCacheAwareFilter'
50928 [http-nio-8080-exec-5] DEBUG o.s.s.w.h.writers.HstsHeaderWriter - Not injecting HSTS header since it did not match the requestMatcher org.springframework.security.web.header.writers.HstsHeaderWriter$SecureRequestMatcher@600b4218
50928 [http-nio-8080-exec-7] DEBUG o.s.s.w.a.AnonymousAuthenticationFilter - Populated SecurityContextHolder with anonymous token: 'org.springframework.security.authentication.AnonymousAuthenticationToken@6fa90ed4: Principal: anonymousUser; Credentials: [PROTECTED]; Authenticated: true; Details: org.springframework.security.web.authentication.WebAuthenticationDetails@fffc7f0c: RemoteIpAddress: 0:0:0:0:0:0:0:1; SessionId: 36E5404105004D310DFC84EA223C931E; Granted Authorities: ROLE_ANONYMOUS'
50928 [http-nio-8080-exec-6] DEBUG o.s.security.web.FilterChainProxy - /bootstrap/js/bootstrap.js at position 8 of 12 in additional filter chain; firing Filter: 'SecurityContextHolderAwareRequestFilter'
50928 [http-nio-8080-exec-6] DEBUG o.s.security.web.FilterChainProxy - /bootstrap/js/bootstrap.js at position 9 of 12 in additional filter chain; firing Filter: 'AnonymousAuthenticationFilter'
50928 [http-nio-8080-exec-5] DEBUG o.s.security.web.FilterChainProxy - /jquery/jquery-2.1.3.js at position 4 of 12 in additional filter chain; firing Filter: 'CsrfFilter'
50928 [http-nio-8080-exec-7] DEBUG o.s.security.web.FilterChainProxy - /bootstrap/css/bootstrap.css at position 10 of 12 in additional filter chain; firing Filter: 'SessionManagementFilter'
50928 [http-nio-8080-exec-6] DEBUG o.s.s.w.a.AnonymousAuthenticationFilter - Populated SecurityContextHolder with anonymous token: 'org.springframework.security.authentication.AnonymousAuthenticationToken@6fa90ed4: Principal: anonymousUser; Credentials: [PROTECTED]; Authenticated: true; Details: org.springframework.security.web.authentication.WebAuthenticationDetails@fffc7f0c: RemoteIpAddress: 0:0:0:0:0:0:0:1; SessionId: 36E5404105004D310DFC84EA223C931E; Granted Authorities: ROLE_ANONYMOUS'
50929 [http-nio-8080-exec-5] DEBUG o.s.security.web.FilterChainProxy - /jquery/jquery-2.1.3.js at position 5 of 12 in additional filter chain; firing Filter: 'LogoutFilter'
50929 [http-nio-8080-exec-7] DEBUG o.s.security.web.FilterChainProxy - /bootstrap/css/bootstrap.css at position 11 of 12 in additional filter chain; firing Filter: 'ExceptionTranslationFilter'
50929 [http-nio-8080-exec-6] DEBUG o.s.security.web.FilterChainProxy - /bootstrap/js/bootstrap.js at position 10 of 12 in additional filter chain; firing Filter: 'SessionManagementFilter'
50929 [http-nio-8080-exec-5] DEBUG o.s.s.w.u.m.AntPathRequestMatcher - Request 'GET /jquery/jquery-2.1.3.js' doesn't match 'POST /logout
50929 [http-nio-8080-exec-5] DEBUG o.s.security.web.FilterChainProxy - /jquery/jquery-2.1.3.js at position 6 of 12 in additional filter chain; firing Filter: 'UsernamePasswordAuthenticationFilter'
50929 [http-nio-8080-exec-7] DEBUG o.s.security.web.FilterChainProxy - /bootstrap/css/bootstrap.css at position 12 of 12 in additional filter chain; firing Filter: 'FilterSecurityInterceptor'
50929 [http-nio-8080-exec-7] DEBUG o.s.s.w.u.m.AntPathRequestMatcher - Request 'GET /bootstrap/css/bootstrap.css' doesn't match 'POST /logout
50929 [http-nio-8080-exec-7] DEBUG o.s.s.w.u.m.AntPathRequestMatcher - Request '/bootstrap/css/bootstrap.css' matched by universal pattern '/**'
50929 [http-nio-8080-exec-6] DEBUG o.s.security.web.FilterChainProxy - /bootstrap/js/bootstrap.js at position 11 of 12 in additional filter chain; firing Filter: 'ExceptionTranslationFilter'
50929 [http-nio-8080-exec-5] DEBUG o.s.s.w.u.m.AntPathRequestMatcher - Request 'GET /jquery/jquery-2.1.3.js' doesn't match 'POST /login
50929 [http-nio-8080-exec-7] DEBUG o.s.s.w.a.i.FilterSecurityInterceptor - Secure object: FilterInvocation: URL: /bootstrap/css/bootstrap.css; Attributes: [permitAll]
50929 [http-nio-8080-exec-7] DEBUG o.s.s.w.a.i.FilterSecurityInterceptor - Previously Authenticated: org.springframework.security.authentication.AnonymousAuthenticationToken@6fa90ed4: Principal: anonymousUser; Credentials: [PROTECTED]; Authenticated: true; Details: org.springframework.security.web.authentication.WebAuthenticationDetails@fffc7f0c: RemoteIpAddress: 0:0:0:0:0:0:0:1; SessionId: 36E5404105004D310DFC84EA223C931E; Granted Authorities: ROLE_ANONYMOUS
50929 [http-nio-8080-exec-6] DEBUG o.s.security.web.FilterChainProxy - /bootstrap/js/bootstrap.js at position 12 of 12 in additional filter chain; firing Filter: 'FilterSecurityInterceptor'
50929 [http-nio-8080-exec-5] DEBUG o.s.security.web.FilterChainProxy - /jquery/jquery-2.1.3.js at position 7 of 12 in additional filter chain; firing Filter: 'RequestCacheAwareFilter'
50929 [http-nio-8080-exec-5] DEBUG o.s.security.web.FilterChainProxy - /jquery/jquery-2.1.3.js at position 8 of 12 in additional filter chain; firing Filter: 'SecurityContextHolderAwareRequestFilter'
50929 [http-nio-8080-exec-6] DEBUG o.s.s.w.u.m.AntPathRequestMatcher - Request 'GET /bootstrap/js/bootstrap.js' doesn't match 'POST /logout
50929 [http-nio-8080-exec-5] DEBUG o.s.security.web.FilterChainProxy - /jquery/jquery-2.1.3.js at position 9 of 12 in additional filter chain; firing Filter: 'AnonymousAuthenticationFilter'
50929 [http-nio-8080-exec-6] DEBUG o.s.s.w.u.m.AntPathRequestMatcher - Request '/bootstrap/js/bootstrap.js' matched by universal pattern '/**'
50929 [http-nio-8080-exec-6] DEBUG o.s.s.w.a.i.FilterSecurityInterceptor - Secure object: FilterInvocation: URL: /bootstrap/js/bootstrap.js; Attributes: [permitAll]
50929 [http-nio-8080-exec-5] DEBUG o.s.s.w.a.AnonymousAuthenticationFilter - Populated SecurityContextHolder with anonymous token: 'org.springframework.security.authentication.AnonymousAuthenticationToken@6fa90ed4: Principal: anonymousUser; Credentials: [PROTECTED]; Authenticated: true; Details: org.springframework.security.web.authentication.WebAuthenticationDetails@fffc7f0c: RemoteIpAddress: 0:0:0:0:0:0:0:1; SessionId: 36E5404105004D310DFC84EA223C931E; Granted Authorities: ROLE_ANONYMOUS'
50929 [http-nio-8080-exec-7] DEBUG o.s.s.access.vote.AffirmativeBased - Voter: org.springframework.security.web.access.expression.WebExpressionVoter@2509d07d, returned: 1
50929 [http-nio-8080-exec-6] DEBUG o.s.s.w.a.i.FilterSecurityInterceptor - Previously Authenticated: org.springframework.security.authentication.AnonymousAuthenticationToken@6fa90ed4: Principal: anonymousUser; Credentials: [PROTECTED]; Authenticated: true; Details: org.springframework.security.web.authentication.WebAuthenticationDetails@fffc7f0c: RemoteIpAddress: 0:0:0:0:0:0:0:1; SessionId: 36E5404105004D310DFC84EA223C931E; Granted Authorities: ROLE_ANONYMOUS
50929 [http-nio-8080-exec-5] DEBUG o.s.security.web.FilterChainProxy - /jquery/jquery-2.1.3.js at position 10 of 12 in additional filter chain; firing Filter: 'SessionManagementFilter'
50930 [http-nio-8080-exec-7] DEBUG o.s.s.w.a.i.FilterSecurityInterceptor - Authorization successful
50930 [http-nio-8080-exec-5] DEBUG o.s.security.web.FilterChainProxy - /jquery/jquery-2.1.3.js at position 11 of 12 in additional filter chain; firing Filter: 'ExceptionTranslationFilter'
50930 [http-nio-8080-exec-6] DEBUG o.s.s.access.vote.AffirmativeBased - Voter: org.springframework.security.web.access.expression.WebExpressionVoter@2509d07d, returned: 1
50930 [http-nio-8080-exec-7] DEBUG o.s.s.w.a.i.FilterSecurityInterceptor - RunAsManager did not change Authentication object
50930 [http-nio-8080-exec-5] DEBUG o.s.security.web.FilterChainProxy - /jquery/jquery-2.1.3.js at position 12 of 12 in additional filter chain; firing Filter: 'FilterSecurityInterceptor'
50930 [http-nio-8080-exec-5] DEBUG o.s.s.w.u.m.AntPathRequestMatcher - Request 'GET /jquery/jquery-2.1.3.js' doesn't match 'POST /logout
50930 [http-nio-8080-exec-6] DEBUG o.s.s.w.a.i.FilterSecurityInterceptor - Authorization successful
50930 [http-nio-8080-exec-7] DEBUG o.s.security.web.FilterChainProxy - /bootstrap/css/bootstrap.css reached end of additional filter chain; proceeding with original chain
50930 [http-nio-8080-exec-5] DEBUG o.s.s.w.u.m.AntPathRequestMatcher - Request '/jquery/jquery-2.1.3.js' matched by universal pattern '/**'
50930 [http-nio-8080-exec-5] DEBUG o.s.s.w.a.i.FilterSecurityInterceptor - Secure object: FilterInvocation: URL: /jquery/jquery-2.1.3.js; Attributes: [permitAll]
50930 [http-nio-8080-exec-5] DEBUG o.s.s.w.a.i.FilterSecurityInterceptor - Previously Authenticated: org.springframework.security.authentication.AnonymousAuthenticationToken@6fa90ed4: Principal: anonymousUser; Credentials: [PROTECTED]; Authenticated: true; Details: org.springframework.security.web.authentication.WebAuthenticationDetails@fffc7f0c: RemoteIpAddress: 0:0:0:0:0:0:0:1; SessionId: 36E5404105004D310DFC84EA223C931E; Granted Authorities: ROLE_ANONYMOUS
50930 [http-nio-8080-exec-6] DEBUG o.s.s.w.a.i.FilterSecurityInterceptor - RunAsManager did not change Authentication object
50930 [http-nio-8080-exec-6] DEBUG o.s.security.web.FilterChainProxy - /bootstrap/js/bootstrap.js reached end of additional filter chain; proceeding with original chain
50930 [http-nio-8080-exec-5] DEBUG o.s.s.access.vote.AffirmativeBased - Voter: org.springframework.security.web.access.expression.WebExpressionVoter@2509d07d, returned: 1
50930 [http-nio-8080-exec-5] DEBUG o.s.s.w.a.i.FilterSecurityInterceptor - Authorization successful
50930 [http-nio-8080-exec-5] DEBUG o.s.s.w.a.i.FilterSecurityInterceptor - RunAsManager did not change Authentication object
50930 [http-nio-8080-exec-5] DEBUG o.s.security.web.FilterChainProxy - /jquery/jquery-2.1.3.js reached end of additional filter chain; proceeding with original chain
50931 [http-nio-8080-exec-7] DEBUG o.s.s.w.c.HttpSessionSecurityContextRepository - SecurityContext is empty or contents are anonymous - context will not be stored in HttpSession.
50931 [http-nio-8080-exec-6] DEBUG o.s.s.w.c.HttpSessionSecurityContextRepository - SecurityContext is empty or contents are anonymous - context will not be stored in HttpSession.
50931 [http-nio-8080-exec-5] DEBUG o.s.s.w.c.HttpSessionSecurityContextRepository - SecurityContext is empty or contents are anonymous - context will not be stored in HttpSession.
50934 [http-nio-8080-exec-6] DEBUG o.s.s.w.a.ExceptionTranslationFilter - Chain processed normally
50934 [http-nio-8080-exec-6] DEBUG o.s.s.w.c.SecurityContextPersistenceFilter - SecurityContextHolder now cleared, as request processing completed
50934 [http-nio-8080-exec-7] DEBUG o.s.s.w.a.ExceptionTranslationFilter - Chain processed normally
50934 [http-nio-8080-exec-7] DEBUG o.s.s.w.c.SecurityContextPersistenceFilter - SecurityContextHolder now cleared, as request processing completed
50938 [http-nio-8080-exec-5] DEBUG o.s.s.w.a.ExceptionTranslationFilter - Chain processed normally
50938 [http-nio-8080-exec-5] DEBUG o.s.s.w.c.SecurityContextPersistenceFilter - SecurityContextHolder now cleared, as request processing completed
50939 [http-nio-8080-exec-10] DEBUG o.s.s.w.u.matcher.OrRequestMatcher - Trying to match using Ant [pattern='/css/**']
50939 [http-nio-8080-exec-10] DEBUG o.s.s.w.u.m.AntPathRequestMatcher - Checking match of request : '/img/1.JPG'; against '/css/**'
50939 [http-nio-8080-exec-10] DEBUG o.s.s.w.u.matcher.OrRequestMatcher - Trying to match using Ant [pattern='/js/**']
50939 [http-nio-8080-exec-10] DEBUG o.s.s.w.u.m.AntPathRequestMatcher - Checking match of request : '/img/1.JPG'; against '/js/**'
50939 [http-nio-8080-exec-10] DEBUG o.s.s.w.u.matcher.OrRequestMatcher - Trying to match using Ant [pattern='/images/**']
50939 [http-nio-8080-exec-10] DEBUG o.s.s.w.u.m.AntPathRequestMatcher - Checking match of request : '/img/1.JPG'; against '/images/**'
50939 [http-nio-8080-exec-10] DEBUG o.s.s.w.u.matcher.OrRequestMatcher - Trying to match using Ant [pattern='/webjars/**']
50939 [http-nio-8080-exec-10] DEBUG o.s.s.w.u.m.AntPathRequestMatcher - Checking match of request : '/img/1.JPG'; against '/webjars/**'
50939 [http-nio-8080-exec-10] DEBUG o.s.s.w.u.matcher.OrRequestMatcher - Trying to match using Ant [pattern='/**/favicon.ico']
50939 [http-nio-8080-exec-10] DEBUG o.s.s.w.u.m.AntPathRequestMatcher - Checking match of request : '/img/1.JPG'; against '/**/favicon.ico'
50939 [http-nio-8080-exec-10] DEBUG o.s.s.w.u.matcher.OrRequestMatcher - Trying to match using Ant [pattern='/error']
50939 [http-nio-8080-exec-10] DEBUG o.s.s.w.u.m.AntPathRequestMatcher - Checking match of request : '/img/1.JPG'; against '/error'
50939 [http-nio-8080-exec-10] DEBUG o.s.s.w.u.matcher.OrRequestMatcher - No matches found
50939 [http-nio-8080-exec-10] DEBUG o.s.security.web.FilterChainProxy - /img/1.JPG at position 1 of 12 in additional filter chain; firing Filter: 'WebAsyncManagerIntegrationFilter'
50939 [http-nio-8080-exec-10] DEBUG o.s.security.web.FilterChainProxy - /img/1.JPG at position 2 of 12 in additional filter chain; firing Filter: 'SecurityContextPersistenceFilter'
50939 [http-nio-8080-exec-10] DEBUG o.s.s.w.c.HttpSessionSecurityContextRepository - HttpSession returned null object for SPRING_SECURITY_CONTEXT
50939 [http-nio-8080-exec-10] DEBUG o.s.s.w.c.HttpSessionSecurityContextRepository - No SecurityContext was available from the HttpSession: org.apache.catalina.session.StandardSessionFacade@6434da46. A new one will be created.
50939 [http-nio-8080-exec-10] DEBUG o.s.security.web.FilterChainProxy - /img/1.JPG at position 3 of 12 in additional filter chain; firing Filter: 'HeaderWriterFilter'
50939 [http-nio-8080-exec-10] DEBUG o.s.s.w.h.writers.HstsHeaderWriter - Not injecting HSTS header since it did not match the requestMatcher org.springframework.security.web.header.writers.HstsHeaderWriter$SecureRequestMatcher@600b4218
50939 [http-nio-8080-exec-10] DEBUG o.s.security.web.FilterChainProxy - /img/1.JPG at position 4 of 12 in additional filter chain; firing Filter: 'CsrfFilter'
50939 [http-nio-8080-exec-10] DEBUG o.s.security.web.FilterChainProxy - /img/1.JPG at position 5 of 12 in additional filter chain; firing Filter: 'LogoutFilter'
50939 [http-nio-8080-exec-10] DEBUG o.s.s.w.u.m.AntPathRequestMatcher - Request 'GET /img/1.JPG' doesn't match 'POST /logout
50939 [http-nio-8080-exec-10] DEBUG o.s.security.web.FilterChainProxy - /img/1.JPG at position 6 of 12 in additional filter chain; firing Filter: 'UsernamePasswordAuthenticationFilter'
50939 [http-nio-8080-exec-10] DEBUG o.s.s.w.u.m.AntPathRequestMatcher - Request 'GET /img/1.JPG' doesn't match 'POST /login
50939 [http-nio-8080-exec-10] DEBUG o.s.security.web.FilterChainProxy - /img/1.JPG at position 7 of 12 in additional filter chain; firing Filter: 'RequestCacheAwareFilter'
50939 [http-nio-8080-exec-10] DEBUG o.s.security.web.FilterChainProxy - /img/1.JPG at position 8 of 12 in additional filter chain; firing Filter: 'SecurityContextHolderAwareRequestFilter'
50939 [http-nio-8080-exec-10] DEBUG o.s.security.web.FilterChainProxy - /img/1.JPG at position 9 of 12 in additional filter chain; firing Filter: 'AnonymousAuthenticationFilter'
50945 [http-nio-8080-exec-10] DEBUG o.s.s.w.a.AnonymousAuthenticationFilter - Populated SecurityContextHolder with anonymous token: 'org.springframework.security.authentication.AnonymousAuthenticationToken@6fa90ed4: Principal: anonymousUser; Credentials: [PROTECTED]; Authenticated: true; Details: org.springframework.security.web.authentication.WebAuthenticationDetails@fffc7f0c: RemoteIpAddress: 0:0:0:0:0:0:0:1; SessionId: 36E5404105004D310DFC84EA223C931E; Granted Authorities: ROLE_ANONYMOUS'
50945 [http-nio-8080-exec-10] DEBUG o.s.security.web.FilterChainProxy - /img/1.JPG at position 10 of 12 in additional filter chain; firing Filter: 'SessionManagementFilter'
50945 [http-nio-8080-exec-10] DEBUG o.s.security.web.FilterChainProxy - /img/1.JPG at position 11 of 12 in additional filter chain; firing Filter: 'ExceptionTranslationFilter'
50945 [http-nio-8080-exec-10] DEBUG o.s.security.web.FilterChainProxy - /img/1.JPG at position 12 of 12 in additional filter chain; firing Filter: 'FilterSecurityInterceptor'
50945 [http-nio-8080-exec-10] DEBUG o.s.s.w.u.m.AntPathRequestMatcher - Request 'GET /img/1.JPG' doesn't match 'POST /logout
50945 [http-nio-8080-exec-10] DEBUG o.s.s.w.u.m.AntPathRequestMatcher - Request '/img/1.JPG' matched by universal pattern '/**'
50945 [http-nio-8080-exec-10] DEBUG o.s.s.w.a.i.FilterSecurityInterceptor - Secure object: FilterInvocation: URL: /img/1.JPG; Attributes: [permitAll]
50945 [http-nio-8080-exec-10] DEBUG o.s.s.w.a.i.FilterSecurityInterceptor - Previously Authenticated: org.springframework.security.authentication.AnonymousAuthenticationToken@6fa90ed4: Principal: anonymousUser; Credentials: [PROTECTED]; Authenticated: true; Details: org.springframework.security.web.authentication.WebAuthenticationDetails@fffc7f0c: RemoteIpAddress: 0:0:0:0:0:0:0:1; SessionId: 36E5404105004D310DFC84EA223C931E; Granted Authorities: ROLE_ANONYMOUS
50945 [http-nio-8080-exec-10] DEBUG o.s.s.access.vote.AffirmativeBased - Voter: org.springframework.security.web.access.expression.WebExpressionVoter@2509d07d, returned: 1
50945 [http-nio-8080-exec-10] DEBUG o.s.s.w.a.i.FilterSecurityInterceptor - Authorization successful
50945 [http-nio-8080-exec-10] DEBUG o.s.s.w.a.i.FilterSecurityInterceptor - RunAsManager did not change Authentication object
50945 [http-nio-8080-exec-10] DEBUG o.s.security.web.FilterChainProxy - /img/1.JPG reached end of additional filter chain; proceeding with original chain
50947 [http-nio-8080-exec-10] DEBUG o.s.s.w.c.HttpSessionSecurityContextRepository - SecurityContext is empty or contents are anonymous - context will not be stored in HttpSession.
50949 [http-nio-8080-exec-10] DEBUG o.s.s.w.a.ExceptionTranslationFilter - Chain processed normally
50949 [http-nio-8080-exec-10] DEBUG o.s.s.w.c.SecurityContextPersistenceFilter - SecurityContextHolder now cleared, as request processing completed
50970 [http-nio-8080-exec-2] DEBUG o.s.s.w.u.matcher.OrRequestMatcher - Trying to match using Ant [pattern='/css/**']
50970 [http-nio-8080-exec-2] DEBUG o.s.s.w.u.m.AntPathRequestMatcher - Checking match of request : '/bootstrap/fonts/glyphicons-halflings-regular.woff2'; against '/css/**'
50970 [http-nio-8080-exec-2] DEBUG o.s.s.w.u.matcher.OrRequestMatcher - Trying to match using Ant [pattern='/js/**']
50970 [http-nio-8080-exec-2] DEBUG o.s.s.w.u.m.AntPathRequestMatcher - Checking match of request : '/bootstrap/fonts/glyphicons-halflings-regular.woff2'; against '/js/**'
50970 [http-nio-8080-exec-2] DEBUG o.s.s.w.u.matcher.OrRequestMatcher - Trying to match using Ant [pattern='/images/**']
50970 [http-nio-8080-exec-2] DEBUG o.s.s.w.u.m.AntPathRequestMatcher - Checking match of request : '/bootstrap/fonts/glyphicons-halflings-regular.woff2'; against '/images/**'
50970 [http-nio-8080-exec-2] DEBUG o.s.s.w.u.matcher.OrRequestMatcher - Trying to match using Ant [pattern='/webjars/**']
50970 [http-nio-8080-exec-2] DEBUG o.s.s.w.u.m.AntPathRequestMatcher - Checking match of request : '/bootstrap/fonts/glyphicons-halflings-regular.woff2'; against '/webjars/**'
50970 [http-nio-8080-exec-2] DEBUG o.s.s.w.u.matcher.OrRequestMatcher - Trying to match using Ant [pattern='/**/favicon.ico']
50970 [http-nio-8080-exec-2] DEBUG o.s.s.w.u.m.AntPathRequestMatcher - Checking match of request : '/bootstrap/fonts/glyphicons-halflings-regular.woff2'; against '/**/favicon.ico'
50970 [http-nio-8080-exec-2] DEBUG o.s.s.w.u.matcher.OrRequestMatcher - Trying to match using Ant [pattern='/error']
50970 [http-nio-8080-exec-2] DEBUG o.s.s.w.u.m.AntPathRequestMatcher - Checking match of request : '/bootstrap/fonts/glyphicons-halflings-regular.woff2'; against '/error'
50970 [http-nio-8080-exec-2] DEBUG o.s.s.w.u.matcher.OrRequestMatcher - No matches found
50971 [http-nio-8080-exec-2] DEBUG o.s.security.web.FilterChainProxy - /bootstrap/fonts/glyphicons-halflings-regular.woff2 at position 1 of 12 in additional filter chain; firing Filter: 'WebAsyncManagerIntegrationFilter'
50971 [http-nio-8080-exec-2] DEBUG o.s.security.web.FilterChainProxy - /bootstrap/fonts/glyphicons-halflings-regular.woff2 at position 2 of 12 in additional filter chain; firing Filter: 'SecurityContextPersistenceFilter'
50971 [http-nio-8080-exec-2] DEBUG o.s.s.w.c.HttpSessionSecurityContextRepository - HttpSession returned null object for SPRING_SECURITY_CONTEXT
50971 [http-nio-8080-exec-2] DEBUG o.s.s.w.c.HttpSessionSecurityContextRepository - No SecurityContext was available from the HttpSession: org.apache.catalina.session.StandardSessionFacade@6434da46. A new one will be created.
50971 [http-nio-8080-exec-2] DEBUG o.s.security.web.FilterChainProxy - /bootstrap/fonts/glyphicons-halflings-regular.woff2 at position 3 of 12 in additional filter chain; firing Filter: 'HeaderWriterFilter'
50971 [http-nio-8080-exec-2] DEBUG o.s.s.w.h.writers.HstsHeaderWriter - Not injecting HSTS header since it did not match the requestMatcher org.springframework.security.web.header.writers.HstsHeaderWriter$SecureRequestMatcher@600b4218
50971 [http-nio-8080-exec-2] DEBUG o.s.security.web.FilterChainProxy - /bootstrap/fonts/glyphicons-halflings-regular.woff2 at position 4 of 12 in additional filter chain; firing Filter: 'CsrfFilter'
50971 [http-nio-8080-exec-2] DEBUG o.s.security.web.FilterChainProxy - /bootstrap/fonts/glyphicons-halflings-regular.woff2 at position 5 of 12 in additional filter chain; firing Filter: 'LogoutFilter'
50971 [http-nio-8080-exec-2] DEBUG o.s.s.w.u.m.AntPathRequestMatcher - Request 'GET /bootstrap/fonts/glyphicons-halflings-regular.woff2' doesn't match 'POST /logout
50971 [http-nio-8080-exec-2] DEBUG o.s.security.web.FilterChainProxy - /bootstrap/fonts/glyphicons-halflings-regular.woff2 at position 6 of 12 in additional filter chain; firing Filter: 'UsernamePasswordAuthenticationFilter'
50971 [http-nio-8080-exec-2] DEBUG o.s.s.w.u.m.AntPathRequestMatcher - Request 'GET /bootstrap/fonts/glyphicons-halflings-regular.woff2' doesn't match 'POST /login
50975 [http-nio-8080-exec-2] DEBUG o.s.security.web.FilterChainProxy - /bootstrap/fonts/glyphicons-halflings-regular.woff2 at position 7 of 12 in additional filter chain; firing Filter: 'RequestCacheAwareFilter'
50975 [http-nio-8080-exec-2] DEBUG o.s.security.web.FilterChainProxy - /bootstrap/fonts/glyphicons-halflings-regular.woff2 at position 8 of 12 in additional filter chain; firing Filter: 'SecurityContextHolderAwareRequestFilter'
50975 [http-nio-8080-exec-2] DEBUG o.s.security.web.FilterChainProxy - /bootstrap/fonts/glyphicons-halflings-regular.woff2 at position 9 of 12 in additional filter chain; firing Filter: 'AnonymousAuthenticationFilter'
50975 [http-nio-8080-exec-2] DEBUG o.s.s.w.a.AnonymousAuthenticationFilter - Populated SecurityContextHolder with anonymous token: 'org.springframework.security.authentication.AnonymousAuthenticationToken@6fa90ed4: Principal: anonymousUser; Credentials: [PROTECTED]; Authenticated: true; Details: org.springframework.security.web.authentication.WebAuthenticationDetails@fffc7f0c: RemoteIpAddress: 0:0:0:0:0:0:0:1; SessionId: 36E5404105004D310DFC84EA223C931E; Granted Authorities: ROLE_ANONYMOUS'
50975 [http-nio-8080-exec-2] DEBUG o.s.security.web.FilterChainProxy - /bootstrap/fonts/glyphicons-halflings-regular.woff2 at position 10 of 12 in additional filter chain; firing Filter: 'SessionManagementFilter'
50975 [http-nio-8080-exec-2] DEBUG o.s.security.web.FilterChainProxy - /bootstrap/fonts/glyphicons-halflings-regular.woff2 at position 11 of 12 in additional filter chain; firing Filter: 'ExceptionTranslationFilter'
50975 [http-nio-8080-exec-2] DEBUG o.s.security.web.FilterChainProxy - /bootstrap/fonts/glyphicons-halflings-regular.woff2 at position 12 of 12 in additional filter chain; firing Filter: 'FilterSecurityInterceptor'
50975 [http-nio-8080-exec-2] DEBUG o.s.s.w.u.m.AntPathRequestMatcher - Request 'GET /bootstrap/fonts/glyphicons-halflings-regular.woff2' doesn't match 'POST /logout
50975 [http-nio-8080-exec-2] DEBUG o.s.s.w.u.m.AntPathRequestMatcher - Request '/bootstrap/fonts/glyphicons-halflings-regular.woff2' matched by universal pattern '/**'
50975 [http-nio-8080-exec-2] DEBUG o.s.s.w.a.i.FilterSecurityInterceptor - Secure object: FilterInvocation: URL: /bootstrap/fonts/glyphicons-halflings-regular.woff2; Attributes: [permitAll]
50975 [http-nio-8080-exec-2] DEBUG o.s.s.w.a.i.FilterSecurityInterceptor - Previously Authenticated: org.springframework.security.authentication.AnonymousAuthenticationToken@6fa90ed4: Principal: anonymousUser; Credentials: [PROTECTED]; Authenticated: true; Details: org.springframework.security.web.authentication.WebAuthenticationDetails@fffc7f0c: RemoteIpAddress: 0:0:0:0:0:0:0:1; SessionId: 36E5404105004D310DFC84EA223C931E; Granted Authorities: ROLE_ANONYMOUS
50975 [http-nio-8080-exec-2] DEBUG o.s.s.access.vote.AffirmativeBased - Voter: org.springframework.security.web.access.expression.WebExpressionVoter@2509d07d, returned: 1
50975 [http-nio-8080-exec-2] DEBUG o.s.s.w.a.i.FilterSecurityInterceptor - Authorization successful
50975 [http-nio-8080-exec-2] DEBUG o.s.s.w.a.i.FilterSecurityInterceptor - RunAsManager did not change Authentication object
50975 [http-nio-8080-exec-2] DEBUG o.s.security.web.FilterChainProxy - /bootstrap/fonts/glyphicons-halflings-regular.woff2 reached end of additional filter chain; proceeding with original chain
50988 [http-nio-8080-exec-2] DEBUG o.s.s.w.c.HttpSessionSecurityContextRepository - SecurityContext is empty or contents are anonymous - context will not be stored in HttpSession.
50990 [http-nio-8080-exec-2] DEBUG o.s.s.w.a.ExceptionTranslationFilter - Chain processed normally
50990 [http-nio-8080-exec-2] DEBUG o.s.s.w.c.SecurityContextPersistenceFilter - SecurityContextHolder now cleared, as request processing completed
100379 [Thread-23] WARN  o.s.b.f.s.DisposableBeanAdapter - Invocation of destroy method failed on bean with name 'classPathFileSystemWatcher': java.lang.NullPointerException
157204 [restartedMain] DEBUG o.s.s.c.a.a.c.AuthenticationConfiguration$EnableGlobalAuthenticationAutowiredConfigurer - Eagerly initializing {org.springframework.boot.autoconfigure.security.SpringBootWebSecurityConfiguration=org.springframework.boot.autoconfigure.security.SpringBootWebSecurityConfiguration$$EnhancerBySpringCGLIB$$fb29ffd9@5b1158c9}
157218 [restartedMain] INFO  o.s.s.w.DefaultSecurityFilterChain - Creating filter chain: OrRequestMatcher [requestMatchers=[Ant [pattern='/css/**'], Ant [pattern='/js/**'], Ant [pattern='/images/**'], Ant [pattern='/webjars/**'], Ant [pattern='/**/favicon.ico'], Ant [pattern='/error']]], []
157233 [restartedMain] DEBUG o.s.s.w.a.e.ExpressionBasedFilterInvocationSecurityMetadataSource - Adding web access control expression 'permitAll', for ExactUrl [processUrl='/login?error']
157233 [restartedMain] DEBUG o.s.s.w.a.e.ExpressionBasedFilterInvocationSecurityMetadataSource - Adding web access control expression 'permitAll', for ExactUrl [processUrl='/login']
157233 [restartedMain] DEBUG o.s.s.w.a.e.ExpressionBasedFilterInvocationSecurityMetadataSource - Adding web access control expression 'permitAll', for ExactUrl [processUrl='/login']
157233 [restartedMain] DEBUG o.s.s.w.a.e.ExpressionBasedFilterInvocationSecurityMetadataSource - Adding web access control expression 'permitAll', for Ant [pattern='/logout', POST]
157234 [restartedMain] DEBUG o.s.s.w.a.e.ExpressionBasedFilterInvocationSecurityMetadataSource - Adding web access control expression 'permitAll', for ExactUrl [processUrl='/login?logout']
157234 [restartedMain] DEBUG o.s.s.w.a.e.ExpressionBasedFilterInvocationSecurityMetadataSource - Adding web access control expression 'permitAll', for Ant [pattern='/bootstrap/**']
157234 [restartedMain] DEBUG o.s.s.w.a.e.ExpressionBasedFilterInvocationSecurityMetadataSource - Adding web access control expression 'permitAll', for Ant [pattern='/error/**']
157234 [restartedMain] DEBUG o.s.s.w.a.e.ExpressionBasedFilterInvocationSecurityMetadataSource - Adding web access control expression 'permitAll', for Ant [pattern='/img/**']
157234 [restartedMain] DEBUG o.s.s.w.a.e.ExpressionBasedFilterInvocationSecurityMetadataSource - Adding web access control expression 'permitAll', for Ant [pattern='/jquery/**']
157234 [restartedMain] DEBUG o.s.s.w.a.e.ExpressionBasedFilterInvocationSecurityMetadataSource - Adding web access control expression 'permitAll', for Ant [pattern='/index.html']
157234 [restartedMain] DEBUG o.s.s.w.a.e.ExpressionBasedFilterInvocationSecurityMetadataSource - Adding web access control expression 'authenticated', for org.springframework.security.web.util.matcher.AnyRequestMatcher@1
157235 [restartedMain] DEBUG o.s.s.w.a.i.FilterSecurityInterceptor - Validated configuration attributes
157235 [restartedMain] DEBUG o.s.s.w.a.i.FilterSecurityInterceptor - Validated configuration attributes
157241 [restartedMain] INFO  o.s.s.w.DefaultSecurityFilterChain - Creating filter chain: org.springframework.security.web.util.matcher.AnyRequestMatcher@1, [org.springframework.security.web.context.request.async.WebAsyncManagerIntegrationFilter@570296ea, org.springframework.security.web.context.SecurityContextPersistenceFilter@26b87a49, org.springframework.security.web.header.HeaderWriterFilter@23c026ec, org.springframework.security.web.csrf.CsrfFilter@21587443, org.springframework.security.web.authentication.logout.LogoutFilter@677edc67, org.springframework.security.web.authentication.UsernamePasswordAuthenticationFilter@221703a2, org.springframework.security.web.savedrequest.RequestCacheAwareFilter@66f1a81, org.springframework.security.web.servletapi.SecurityContextHolderAwareRequestFilter@243aabe6, org.springframework.security.web.authentication.AnonymousAuthenticationFilter@2e1be0d7, org.springframework.security.web.session.SessionManagementFilter@4420f4e2, org.springframework.security.web.access.ExceptionTranslationFilter@5f6fe31c, org.springframework.security.web.access.intercept.FilterSecurityInterceptor@7ee6cf21]
157243 [restartedMain] DEBUG o.s.s.w.a.e.ExpressionBasedFilterInvocationSecurityMetadataSource - Adding web access control expression 'hasAnyRole('ROLE_USER')', for org.springframework.security.web.util.matcher.AnyRequestMatcher@1
157244 [restartedMain] DEBUG o.s.s.w.a.i.FilterSecurityInterceptor - Validated configuration attributes
157244 [restartedMain] DEBUG o.s.s.w.a.i.FilterSecurityInterceptor - Validated configuration attributes
157244 [restartedMain] INFO  o.s.s.w.DefaultSecurityFilterChain - Creating filter chain: OrRequestMatcher [requestMatchers=[Ant [pattern='/**']]], [org.springframework.security.web.context.request.async.WebAsyncManagerIntegrationFilter@56e5f320, org.springframework.security.web.context.SecurityContextPersistenceFilter@55d245af, org.springframework.security.web.header.HeaderWriterFilter@478b18ca, org.springframework.security.web.authentication.logout.LogoutFilter@148275f4, org.springframework.security.web.authentication.www.BasicAuthenticationFilter@533aa5f6, org.springframework.security.web.savedrequest.RequestCacheAwareFilter@42ecbbdb, org.springframework.security.web.servletapi.SecurityContextHolderAwareRequestFilter@5d3eb604, org.springframework.security.web.authentication.AnonymousAuthenticationFilter@45be39da, org.springframework.security.web.session.SessionManagementFilter@3e1efd7a, org.springframework.security.web.access.ExceptionTranslationFilter@3d055583, org.springframework.security.web.access.intercept.FilterSecurityInterceptor@5d300009]
171720 [http-nio-8080-exec-1] DEBUG o.s.s.w.u.matcher.OrRequestMatcher - Trying to match using Ant [pattern='/css/**']
171721 [http-nio-8080-exec-1] DEBUG o.s.s.w.u.m.AntPathRequestMatcher - Checking match of request : '/'; against '/css/**'
171721 [http-nio-8080-exec-1] DEBUG o.s.s.w.u.matcher.OrRequestMatcher - Trying to match using Ant [pattern='/js/**']
171721 [http-nio-8080-exec-1] DEBUG o.s.s.w.u.m.AntPathRequestMatcher - Checking match of request : '/'; against '/js/**'
171721 [http-nio-8080-exec-1] DEBUG o.s.s.w.u.matcher.OrRequestMatcher - Trying to match using Ant [pattern='/images/**']
171721 [http-nio-8080-exec-1] DEBUG o.s.s.w.u.m.AntPathRequestMatcher - Checking match of request : '/'; against '/images/**'
171721 [http-nio-8080-exec-1] DEBUG o.s.s.w.u.matcher.OrRequestMatcher - Trying to match using Ant [pattern='/webjars/**']
171721 [http-nio-8080-exec-1] DEBUG o.s.s.w.u.m.AntPathRequestMatcher - Checking match of request : '/'; against '/webjars/**'
171721 [http-nio-8080-exec-1] DEBUG o.s.s.w.u.matcher.OrRequestMatcher - Trying to match using Ant [pattern='/**/favicon.ico']
171721 [http-nio-8080-exec-1] DEBUG o.s.s.w.u.m.AntPathRequestMatcher - Checking match of request : '/'; against '/**/favicon.ico'
171721 [http-nio-8080-exec-1] DEBUG o.s.s.w.u.matcher.OrRequestMatcher - Trying to match using Ant [pattern='/error']
171721 [http-nio-8080-exec-1] DEBUG o.s.s.w.u.m.AntPathRequestMatcher - Checking match of request : '/'; against '/error'
171721 [http-nio-8080-exec-1] DEBUG o.s.s.w.u.matcher.OrRequestMatcher - No matches found
171721 [http-nio-8080-exec-1] DEBUG o.s.security.web.FilterChainProxy - / at position 1 of 12 in additional filter chain; firing Filter: 'WebAsyncManagerIntegrationFilter'
171721 [http-nio-8080-exec-1] DEBUG o.s.security.web.FilterChainProxy - / at position 2 of 12 in additional filter chain; firing Filter: 'SecurityContextPersistenceFilter'
171721 [http-nio-8080-exec-1] DEBUG o.s.s.w.c.HttpSessionSecurityContextRepository - HttpSession returned null object for SPRING_SECURITY_CONTEXT
171721 [http-nio-8080-exec-1] DEBUG o.s.s.w.c.HttpSessionSecurityContextRepository - No SecurityContext was available from the HttpSession: org.apache.catalina.session.StandardSessionFacade@1e376cbe. A new one will be created.
171722 [http-nio-8080-exec-1] DEBUG o.s.security.web.FilterChainProxy - / at position 3 of 12 in additional filter chain; firing Filter: 'HeaderWriterFilter'
171722 [http-nio-8080-exec-1] DEBUG o.s.s.w.h.writers.HstsHeaderWriter - Not injecting HSTS header since it did not match the requestMatcher org.springframework.security.web.header.writers.HstsHeaderWriter$SecureRequestMatcher@1a08eba0
171722 [http-nio-8080-exec-1] DEBUG o.s.security.web.FilterChainProxy - / at position 4 of 12 in additional filter chain; firing Filter: 'CsrfFilter'
171722 [http-nio-8080-exec-1] DEBUG o.s.security.web.FilterChainProxy - / at position 5 of 12 in additional filter chain; firing Filter: 'LogoutFilter'
171722 [http-nio-8080-exec-1] DEBUG o.s.s.w.u.m.AntPathRequestMatcher - Request 'GET /' doesn't match 'POST /logout
171722 [http-nio-8080-exec-1] DEBUG o.s.security.web.FilterChainProxy - / at position 6 of 12 in additional filter chain; firing Filter: 'UsernamePasswordAuthenticationFilter'
171722 [http-nio-8080-exec-1] DEBUG o.s.s.w.u.m.AntPathRequestMatcher - Request 'GET /' doesn't match 'POST /login
171722 [http-nio-8080-exec-1] DEBUG o.s.security.web.FilterChainProxy - / at position 7 of 12 in additional filter chain; firing Filter: 'RequestCacheAwareFilter'
171722 [http-nio-8080-exec-1] DEBUG o.s.security.web.FilterChainProxy - / at position 8 of 12 in additional filter chain; firing Filter: 'SecurityContextHolderAwareRequestFilter'
171722 [http-nio-8080-exec-1] DEBUG o.s.security.web.FilterChainProxy - / at position 9 of 12 in additional filter chain; firing Filter: 'AnonymousAuthenticationFilter'
171722 [http-nio-8080-exec-1] DEBUG o.s.s.w.a.AnonymousAuthenticationFilter - Populated SecurityContextHolder with anonymous token: 'org.springframework.security.authentication.AnonymousAuthenticationToken@6fa90ed4: Principal: anonymousUser; Credentials: [PROTECTED]; Authenticated: true; Details: org.springframework.security.web.authentication.WebAuthenticationDetails@fffc7f0c: RemoteIpAddress: 0:0:0:0:0:0:0:1; SessionId: 36E5404105004D310DFC84EA223C931E; Granted Authorities: ROLE_ANONYMOUS'
171722 [http-nio-8080-exec-1] DEBUG o.s.security.web.FilterChainProxy - / at position 10 of 12 in additional filter chain; firing Filter: 'SessionManagementFilter'
171722 [http-nio-8080-exec-1] DEBUG o.s.security.web.FilterChainProxy - / at position 11 of 12 in additional filter chain; firing Filter: 'ExceptionTranslationFilter'
171722 [http-nio-8080-exec-1] DEBUG o.s.security.web.FilterChainProxy - / at position 12 of 12 in additional filter chain; firing Filter: 'FilterSecurityInterceptor'
171722 [http-nio-8080-exec-1] DEBUG o.s.s.w.u.m.AntPathRequestMatcher - Request 'GET /' doesn't match 'POST /logout
171722 [http-nio-8080-exec-1] DEBUG o.s.s.w.u.m.AntPathRequestMatcher - Checking match of request : '/'; against '/bootstrap/**'
171722 [http-nio-8080-exec-1] DEBUG o.s.s.w.u.m.AntPathRequestMatcher - Checking match of request : '/'; against '/error/**'
171722 [http-nio-8080-exec-1] DEBUG o.s.s.w.u.m.AntPathRequestMatcher - Checking match of request : '/'; against '/img/**'
171722 [http-nio-8080-exec-1] DEBUG o.s.s.w.u.m.AntPathRequestMatcher - Checking match of request : '/'; against '/jquery/**'
171722 [http-nio-8080-exec-1] DEBUG o.s.s.w.u.m.AntPathRequestMatcher - Checking match of request : '/'; against '/index.html'
171722 [http-nio-8080-exec-1] DEBUG o.s.s.w.a.i.FilterSecurityInterceptor - Secure object: FilterInvocation: URL: /; Attributes: [authenticated]
171722 [http-nio-8080-exec-1] DEBUG o.s.s.w.a.i.FilterSecurityInterceptor - Previously Authenticated: org.springframework.security.authentication.AnonymousAuthenticationToken@6fa90ed4: Principal: anonymousUser; Credentials: [PROTECTED]; Authenticated: true; Details: org.springframework.security.web.authentication.WebAuthenticationDetails@fffc7f0c: RemoteIpAddress: 0:0:0:0:0:0:0:1; SessionId: 36E5404105004D310DFC84EA223C931E; Granted Authorities: ROLE_ANONYMOUS
171723 [http-nio-8080-exec-1] DEBUG o.s.s.access.vote.AffirmativeBased - Voter: org.springframework.security.web.access.expression.WebExpressionVoter@5f0a6685, returned: -1
171724 [http-nio-8080-exec-1] DEBUG o.s.s.w.a.ExceptionTranslationFilter - Access is denied (user is anonymous); redirecting to authentication entry point
org.springframework.security.access.AccessDeniedException: Access is denied
	at org.springframework.security.access.vote.AffirmativeBased.decide(AffirmativeBased.java:84)
	at org.springframework.security.access.intercept.AbstractSecurityInterceptor.beforeInvocation(AbstractSecurityInterceptor.java:233)
	at org.springframework.security.web.access.intercept.FilterSecurityInterceptor.invoke(FilterSecurityInterceptor.java:124)
	at org.springframework.security.web.access.intercept.FilterSecurityInterceptor.doFilter(FilterSecurityInterceptor.java:91)
	at org.springframework.security.web.FilterChainProxy$VirtualFilterChain.doFilter(FilterChainProxy.java:331)
	at org.springframework.security.web.access.ExceptionTranslationFilter.doFilter(ExceptionTranslationFilter.java:114)
	at org.springframework.security.web.FilterChainProxy$VirtualFilterChain.doFilter(FilterChainProxy.java:331)
	at org.springframework.security.web.session.SessionManagementFilter.doFilter(SessionManagementFilter.java:137)
	at org.springframework.security.web.FilterChainProxy$VirtualFilterChain.doFilter(FilterChainProxy.java:331)
	at org.springframework.security.web.authentication.AnonymousAuthenticationFilter.doFilter(AnonymousAuthenticationFilter.java:111)
	at org.springframework.security.web.FilterChainProxy$VirtualFilterChain.doFilter(FilterChainProxy.java:331)
	at org.springframework.security.web.servletapi.SecurityContextHolderAwareRequestFilter.doFilter(SecurityContextHolderAwareRequestFilter.java:170)
	at org.springframework.security.web.FilterChainProxy$VirtualFilterChain.doFilter(FilterChainProxy.java:331)
	at org.springframework.security.web.savedrequest.RequestCacheAwareFilter.doFilter(RequestCacheAwareFilter.java:63)
	at org.springframework.security.web.FilterChainProxy$VirtualFilterChain.doFilter(FilterChainProxy.java:331)
	at org.springframework.security.web.authentication.AbstractAuthenticationProcessingFilter.doFilter(AbstractAuthenticationProcessingFilter.java:200)
	at org.springframework.security.web.FilterChainProxy$VirtualFilterChain.doFilter(FilterChainProxy.java:331)
	at org.springframework.security.web.authentication.logout.LogoutFilter.doFilter(LogoutFilter.java:116)
	at org.springframework.security.web.FilterChainProxy$VirtualFilterChain.doFilter(FilterChainProxy.java:331)
	at org.springframework.security.web.csrf.CsrfFilter.doFilterInternal(CsrfFilter.java:100)
	at org.springframework.web.filter.OncePerRequestFilter.doFilter(OncePerRequestFilter.java:107)
	at org.springframework.security.web.FilterChainProxy$VirtualFilterChain.doFilter(FilterChainProxy.java:331)
	at org.springframework.security.web.header.HeaderWriterFilter.doFilterInternal(HeaderWriterFilter.java:64)
	at org.springframework.web.filter.OncePerRequestFilter.doFilter(OncePerRequestFilter.java:107)
	at org.springframework.security.web.FilterChainProxy$VirtualFilterChain.doFilter(FilterChainProxy.java:331)
	at org.springframework.security.web.context.SecurityContextPersistenceFilter.doFilter(SecurityContextPersistenceFilter.java:105)
	at org.springframework.security.web.FilterChainProxy$VirtualFilterChain.doFilter(FilterChainProxy.java:331)
	at org.springframework.security.web.context.request.async.WebAsyncManagerIntegrationFilter.doFilterInternal(WebAsyncManagerIntegrationFilter.java:56)
	at org.springframework.web.filter.OncePerRequestFilter.doFilter(OncePerRequestFilter.java:107)
	at org.springframework.security.web.FilterChainProxy$VirtualFilterChain.doFilter(FilterChainProxy.java:331)
	at org.springframework.security.web.FilterChainProxy.doFilterInternal(FilterChainProxy.java:214)
	at org.springframework.security.web.FilterChainProxy.doFilter(FilterChainProxy.java:177)
	at org.springframework.web.filter.DelegatingFilterProxy.invokeDelegate(DelegatingFilterProxy.java:347)
	at org.springframework.web.filter.DelegatingFilterProxy.doFilter(DelegatingFilterProxy.java:263)
	at org.apache.catalina.core.ApplicationFilterChain.internalDoFilter(ApplicationFilterChain.java:193)
	at org.apache.catalina.core.ApplicationFilterChain.doFilter(ApplicationFilterChain.java:166)
	at org.springframework.web.filter.RequestContextFilter.doFilterInternal(RequestContextFilter.java:99)
	at org.springframework.web.filter.OncePerRequestFilter.doFilter(OncePerRequestFilter.java:107)
	at org.apache.catalina.core.ApplicationFilterChain.internalDoFilter(ApplicationFilterChain.java:193)
	at org.apache.catalina.core.ApplicationFilterChain.doFilter(ApplicationFilterChain.java:166)
	at org.springframework.web.filter.HttpPutFormContentFilter.doFilterInternal(HttpPutFormContentFilter.java:108)
	at org.springframework.web.filter.OncePerRequestFilter.doFilter(OncePerRequestFilter.java:107)
	at org.apache.catalina.core.ApplicationFilterChain.internalDoFilter(ApplicationFilterChain.java:193)
	at org.apache.catalina.core.ApplicationFilterChain.doFilter(ApplicationFilterChain.java:166)
	at org.springframework.web.filter.HiddenHttpMethodFilter.doFilterInternal(HiddenHttpMethodFilter.java:81)
	at org.springframework.web.filter.OncePerRequestFilter.doFilter(OncePerRequestFilter.java:107)
	at org.apache.catalina.core.ApplicationFilterChain.internalDoFilter(ApplicationFilterChain.java:193)
	at org.apache.catalina.core.ApplicationFilterChain.doFilter(ApplicationFilterChain.java:166)
	at org.springframework.web.filter.CharacterEncodingFilter.doFilterInternal(CharacterEncodingFilter.java:197)
	at org.springframework.web.filter.OncePerRequestFilter.doFilter(OncePerRequestFilter.java:107)
	at org.apache.catalina.core.ApplicationFilterChain.internalDoFilter(ApplicationFilterChain.java:193)
	at org.apache.catalina.core.ApplicationFilterChain.doFilter(ApplicationFilterChain.java:166)
	at org.apache.catalina.core.StandardWrapperValve.invoke(StandardWrapperValve.java:199)
	at org.apache.catalina.core.StandardContextValve.invoke(StandardContextValve.java:96)
	at org.apache.catalina.authenticator.AuthenticatorBase.invoke(AuthenticatorBase.java:478)
	at org.apache.catalina.core.StandardHostValve.invoke(StandardHostValve.java:140)
	at org.apache.catalina.valves.ErrorReportValve.invoke(ErrorReportValve.java:81)
	at org.apache.catalina.core.StandardEngineValve.invoke(StandardEngineValve.java:87)
	at org.apache.catalina.connector.CoyoteAdapter.service(CoyoteAdapter.java:342)
	at org.apache.coyote.http11.Http11Processor.service(Http11Processor.java:803)
	at org.apache.coyote.AbstractProcessorLight.process(AbstractProcessorLight.java:66)
	at org.apache.coyote.AbstractProtocol$ConnectionHandler.process(AbstractProtocol.java:868)
	at org.apache.tomcat.util.net.NioEndpoint$SocketProcessor.doRun(NioEndpoint.java:1459)
	at org.apache.tomcat.util.net.SocketProcessorBase.run(SocketProcessorBase.java:49)
	at java.util.concurrent.ThreadPoolExecutor.runWorker(ThreadPoolExecutor.java:1149)
	at java.util.concurrent.ThreadPoolExecutor$Worker.run(ThreadPoolExecutor.java:624)
	at org.apache.tomcat.util.threads.TaskThread$WrappingRunnable.run(TaskThread.java:61)
	at java.lang.Thread.run(Thread.java:748)
171726 [http-nio-8080-exec-1] DEBUG o.s.s.w.u.matcher.AndRequestMatcher - Trying to match using Ant [pattern='/**', GET]
171726 [http-nio-8080-exec-1] DEBUG o.s.s.w.u.m.AntPathRequestMatcher - Request '/' matched by universal pattern '/**'
171726 [http-nio-8080-exec-1] DEBUG o.s.s.w.u.matcher.AndRequestMatcher - Trying to match using NegatedRequestMatcher [requestMatcher=Ant [pattern='/**/favicon.ico']]
171726 [http-nio-8080-exec-1] DEBUG o.s.s.w.u.m.AntPathRequestMatcher - Checking match of request : '/'; against '/**/favicon.ico'
171726 [http-nio-8080-exec-1] DEBUG o.s.s.w.u.m.NegatedRequestMatcher - matches = true
171726 [http-nio-8080-exec-1] DEBUG o.s.s.w.u.matcher.AndRequestMatcher - Trying to match using NegatedRequestMatcher [requestMatcher=MediaTypeRequestMatcher [contentNegotiationStrategy=org.springframework.web.accept.ContentNegotiationManager@4be89bb4, matchingMediaTypes=[application/json], useEquals=false, ignoredMediaTypes=[*/*]]]
171726 [http-nio-8080-exec-1] DEBUG o.s.s.w.u.m.MediaTypeRequestMatcher - httpRequestMediaTypes=[text/html, application/xhtml+xml, image/webp, image/apng, application/xml;q=0.9, */*;q=0.8]
171726 [http-nio-8080-exec-1] DEBUG o.s.s.w.u.m.MediaTypeRequestMatcher - Processing text/html
171726 [http-nio-8080-exec-1] DEBUG o.s.s.w.u.m.MediaTypeRequestMatcher - application/json .isCompatibleWith text/html = false
171726 [http-nio-8080-exec-1] DEBUG o.s.s.w.u.m.MediaTypeRequestMatcher - Processing application/xhtml+xml
171726 [http-nio-8080-exec-1] DEBUG o.s.s.w.u.m.MediaTypeRequestMatcher - application/json .isCompatibleWith application/xhtml+xml = false
171726 [http-nio-8080-exec-1] DEBUG o.s.s.w.u.m.MediaTypeRequestMatcher - Processing image/webp
171726 [http-nio-8080-exec-1] DEBUG o.s.s.w.u.m.MediaTypeRequestMatcher - application/json .isCompatibleWith image/webp = false
171726 [http-nio-8080-exec-1] DEBUG o.s.s.w.u.m.MediaTypeRequestMatcher - Processing image/apng
171726 [http-nio-8080-exec-1] DEBUG o.s.s.w.u.m.MediaTypeRequestMatcher - application/json .isCompatibleWith image/apng = false
171726 [http-nio-8080-exec-1] DEBUG o.s.s.w.u.m.MediaTypeRequestMatcher - Processing application/xml;q=0.9
171726 [http-nio-8080-exec-1] DEBUG o.s.s.w.u.m.MediaTypeRequestMatcher - application/json .isCompatibleWith application/xml;q=0.9 = false
171726 [http-nio-8080-exec-1] DEBUG o.s.s.w.u.m.MediaTypeRequestMatcher - Processing */*;q=0.8
171726 [http-nio-8080-exec-1] DEBUG o.s.s.w.u.m.MediaTypeRequestMatcher - Ignoring
171726 [http-nio-8080-exec-1] DEBUG o.s.s.w.u.m.MediaTypeRequestMatcher - Did not match any media types
171726 [http-nio-8080-exec-1] DEBUG o.s.s.w.u.m.NegatedRequestMatcher - matches = true
171726 [http-nio-8080-exec-1] DEBUG o.s.s.w.u.matcher.AndRequestMatcher - Trying to match using NegatedRequestMatcher [requestMatcher=RequestHeaderRequestMatcher [expectedHeaderName=X-Requested-With, expectedHeaderValue=XMLHttpRequest]]
171726 [http-nio-8080-exec-1] DEBUG o.s.s.w.u.m.NegatedRequestMatcher - matches = true
171726 [http-nio-8080-exec-1] DEBUG o.s.s.w.u.matcher.AndRequestMatcher - All requestMatchers returned true
171727 [http-nio-8080-exec-1] DEBUG o.s.s.w.s.HttpSessionRequestCache - DefaultSavedRequest added to Session: DefaultSavedRequest[http://localhost:8080/]
171727 [http-nio-8080-exec-1] DEBUG o.s.s.w.a.ExceptionTranslationFilter - Calling Authentication entry point.
171727 [http-nio-8080-exec-1] DEBUG o.s.s.web.DefaultRedirectStrategy - Redirecting to 'http://localhost:8080/login'
171727 [http-nio-8080-exec-1] DEBUG o.s.s.w.c.HttpSessionSecurityContextRepository - SecurityContext is empty or contents are anonymous - context will not be stored in HttpSession.
171728 [http-nio-8080-exec-1] DEBUG o.s.s.w.c.SecurityContextPersistenceFilter - SecurityContextHolder now cleared, as request processing completed
171731 [http-nio-8080-exec-2] DEBUG o.s.s.w.u.matcher.OrRequestMatcher - Trying to match using Ant [pattern='/css/**']
171731 [http-nio-8080-exec-2] DEBUG o.s.s.w.u.m.AntPathRequestMatcher - Checking match of request : '/login'; against '/css/**'
171731 [http-nio-8080-exec-2] DEBUG o.s.s.w.u.matcher.OrRequestMatcher - Trying to match using Ant [pattern='/js/**']
171731 [http-nio-8080-exec-2] DEBUG o.s.s.w.u.m.AntPathRequestMatcher - Checking match of request : '/login'; against '/js/**'
171731 [http-nio-8080-exec-2] DEBUG o.s.s.w.u.matcher.OrRequestMatcher - Trying to match using Ant [pattern='/images/**']
171731 [http-nio-8080-exec-2] DEBUG o.s.s.w.u.m.AntPathRequestMatcher - Checking match of request : '/login'; against '/images/**'
171731 [http-nio-8080-exec-2] DEBUG o.s.s.w.u.matcher.OrRequestMatcher - Trying to match using Ant [pattern='/webjars/**']
171731 [http-nio-8080-exec-2] DEBUG o.s.s.w.u.m.AntPathRequestMatcher - Checking match of request : '/login'; against '/webjars/**'
171731 [http-nio-8080-exec-2] DEBUG o.s.s.w.u.matcher.OrRequestMatcher - Trying to match using Ant [pattern='/**/favicon.ico']
171731 [http-nio-8080-exec-2] DEBUG o.s.s.w.u.m.AntPathRequestMatcher - Checking match of request : '/login'; against '/**/favicon.ico'
171731 [http-nio-8080-exec-2] DEBUG o.s.s.w.u.matcher.OrRequestMatcher - Trying to match using Ant [pattern='/error']
171731 [http-nio-8080-exec-2] DEBUG o.s.s.w.u.m.AntPathRequestMatcher - Checking match of request : '/login'; against '/error'
171731 [http-nio-8080-exec-2] DEBUG o.s.s.w.u.matcher.OrRequestMatcher - No matches found
171731 [http-nio-8080-exec-2] DEBUG o.s.security.web.FilterChainProxy - /login at position 1 of 12 in additional filter chain; firing Filter: 'WebAsyncManagerIntegrationFilter'
171731 [http-nio-8080-exec-2] DEBUG o.s.security.web.FilterChainProxy - /login at position 2 of 12 in additional filter chain; firing Filter: 'SecurityContextPersistenceFilter'
171731 [http-nio-8080-exec-2] DEBUG o.s.s.w.c.HttpSessionSecurityContextRepository - HttpSession returned null object for SPRING_SECURITY_CONTEXT
171731 [http-nio-8080-exec-2] DEBUG o.s.s.w.c.HttpSessionSecurityContextRepository - No SecurityContext was available from the HttpSession: org.apache.catalina.session.StandardSessionFacade@1e376cbe. A new one will be created.
171731 [http-nio-8080-exec-2] DEBUG o.s.security.web.FilterChainProxy - /login at position 3 of 12 in additional filter chain; firing Filter: 'HeaderWriterFilter'
171731 [http-nio-8080-exec-2] DEBUG o.s.s.w.h.writers.HstsHeaderWriter - Not injecting HSTS header since it did not match the requestMatcher org.springframework.security.web.header.writers.HstsHeaderWriter$SecureRequestMatcher@1a08eba0
171731 [http-nio-8080-exec-2] DEBUG o.s.security.web.FilterChainProxy - /login at position 4 of 12 in additional filter chain; firing Filter: 'CsrfFilter'
171731 [http-nio-8080-exec-2] DEBUG o.s.security.web.FilterChainProxy - /login at position 5 of 12 in additional filter chain; firing Filter: 'LogoutFilter'
171731 [http-nio-8080-exec-2] DEBUG o.s.s.w.u.m.AntPathRequestMatcher - Request 'GET /login' doesn't match 'POST /logout
171731 [http-nio-8080-exec-2] DEBUG o.s.security.web.FilterChainProxy - /login at position 6 of 12 in additional filter chain; firing Filter: 'UsernamePasswordAuthenticationFilter'
171731 [http-nio-8080-exec-2] DEBUG o.s.s.w.u.m.AntPathRequestMatcher - Request 'GET /login' doesn't match 'POST /login
171731 [http-nio-8080-exec-2] DEBUG o.s.security.web.FilterChainProxy - /login at position 7 of 12 in additional filter chain; firing Filter: 'RequestCacheAwareFilter'
171731 [http-nio-8080-exec-2] DEBUG o.s.s.w.s.DefaultSavedRequest - pathInfo: both null (property equals)
171731 [http-nio-8080-exec-2] DEBUG o.s.s.w.s.DefaultSavedRequest - queryString: both null (property equals)
171731 [http-nio-8080-exec-2] DEBUG o.s.s.w.s.DefaultSavedRequest - requestURI: arg1=/; arg2=/login (property not equals)
171736 [http-nio-8080-exec-2] DEBUG o.s.s.w.s.HttpSessionRequestCache - saved request doesn't match
171736 [http-nio-8080-exec-2] DEBUG o.s.security.web.FilterChainProxy - /login at position 8 of 12 in additional filter chain; firing Filter: 'SecurityContextHolderAwareRequestFilter'
171736 [http-nio-8080-exec-2] DEBUG o.s.security.web.FilterChainProxy - /login at position 9 of 12 in additional filter chain; firing Filter: 'AnonymousAuthenticationFilter'
171736 [http-nio-8080-exec-2] DEBUG o.s.s.w.a.AnonymousAuthenticationFilter - Populated SecurityContextHolder with anonymous token: 'org.springframework.security.authentication.AnonymousAuthenticationToken@6fa90ed4: Principal: anonymousUser; Credentials: [PROTECTED]; Authenticated: true; Details: org.springframework.security.web.authentication.WebAuthenticationDetails@fffc7f0c: RemoteIpAddress: 0:0:0:0:0:0:0:1; SessionId: 36E5404105004D310DFC84EA223C931E; Granted Authorities: ROLE_ANONYMOUS'
171736 [http-nio-8080-exec-2] DEBUG o.s.security.web.FilterChainProxy - /login at position 10 of 12 in additional filter chain; firing Filter: 'SessionManagementFilter'
171736 [http-nio-8080-exec-2] DEBUG o.s.security.web.FilterChainProxy - /login at position 11 of 12 in additional filter chain; firing Filter: 'ExceptionTranslationFilter'
171736 [http-nio-8080-exec-2] DEBUG o.s.security.web.FilterChainProxy - /login at position 12 of 12 in additional filter chain; firing Filter: 'FilterSecurityInterceptor'
171736 [http-nio-8080-exec-2] DEBUG o.s.s.w.a.i.FilterSecurityInterceptor - Secure object: FilterInvocation: URL: /login; Attributes: [permitAll]
171736 [http-nio-8080-exec-2] DEBUG o.s.s.w.a.i.FilterSecurityInterceptor - Previously Authenticated: org.springframework.security.authentication.AnonymousAuthenticationToken@6fa90ed4: Principal: anonymousUser; Credentials: [PROTECTED]; Authenticated: true; Details: org.springframework.security.web.authentication.WebAuthenticationDetails@fffc7f0c: RemoteIpAddress: 0:0:0:0:0:0:0:1; SessionId: 36E5404105004D310DFC84EA223C931E; Granted Authorities: ROLE_ANONYMOUS
171736 [http-nio-8080-exec-2] DEBUG o.s.s.access.vote.AffirmativeBased - Voter: org.springframework.security.web.access.expression.WebExpressionVoter@5f0a6685, returned: 1
171736 [http-nio-8080-exec-2] DEBUG o.s.s.w.a.i.FilterSecurityInterceptor - Authorization successful
171736 [http-nio-8080-exec-2] DEBUG o.s.s.w.a.i.FilterSecurityInterceptor - RunAsManager did not change Authentication object
171736 [http-nio-8080-exec-2] DEBUG o.s.security.web.FilterChainProxy - /login reached end of additional filter chain; proceeding with original chain
171742 [http-nio-8080-exec-2] DEBUG o.s.s.w.c.HttpSessionSecurityContextRepository - SecurityContext is empty or contents are anonymous - context will not be stored in HttpSession.
171743 [http-nio-8080-exec-2] DEBUG o.s.s.w.a.ExceptionTranslationFilter - Chain processed normally
171743 [http-nio-8080-exec-2] DEBUG o.s.s.w.c.SecurityContextPersistenceFilter - SecurityContextHolder now cleared, as request processing completed
171752 [http-nio-8080-exec-3] DEBUG o.s.s.w.u.matcher.OrRequestMatcher - Trying to match using Ant [pattern='/css/**']
171752 [http-nio-8080-exec-3] DEBUG o.s.s.w.u.m.AntPathRequestMatcher - Checking match of request : '/bootstrap/css/bootstrap.css'; against '/css/**'
171752 [http-nio-8080-exec-3] DEBUG o.s.s.w.u.matcher.OrRequestMatcher - Trying to match using Ant [pattern='/js/**']
171752 [http-nio-8080-exec-3] DEBUG o.s.s.w.u.m.AntPathRequestMatcher - Checking match of request : '/bootstrap/css/bootstrap.css'; against '/js/**'
171752 [http-nio-8080-exec-3] DEBUG o.s.s.w.u.matcher.OrRequestMatcher - Trying to match using Ant [pattern='/images/**']
171752 [http-nio-8080-exec-3] DEBUG o.s.s.w.u.m.AntPathRequestMatcher - Checking match of request : '/bootstrap/css/bootstrap.css'; against '/images/**'
171752 [http-nio-8080-exec-3] DEBUG o.s.s.w.u.matcher.OrRequestMatcher - Trying to match using Ant [pattern='/webjars/**']
171752 [http-nio-8080-exec-3] DEBUG o.s.s.w.u.m.AntPathRequestMatcher - Checking match of request : '/bootstrap/css/bootstrap.css'; against '/webjars/**'
171752 [http-nio-8080-exec-3] DEBUG o.s.s.w.u.matcher.OrRequestMatcher - Trying to match using Ant [pattern='/**/favicon.ico']
171752 [http-nio-8080-exec-3] DEBUG o.s.s.w.u.m.AntPathRequestMatcher - Checking match of request : '/bootstrap/css/bootstrap.css'; against '/**/favicon.ico'
171752 [http-nio-8080-exec-3] DEBUG o.s.s.w.u.matcher.OrRequestMatcher - Trying to match using Ant [pattern='/error']
171752 [http-nio-8080-exec-3] DEBUG o.s.s.w.u.m.AntPathRequestMatcher - Checking match of request : '/bootstrap/css/bootstrap.css'; against '/error'
171752 [http-nio-8080-exec-3] DEBUG o.s.s.w.u.matcher.OrRequestMatcher - No matches found
171752 [http-nio-8080-exec-3] DEBUG o.s.security.web.FilterChainProxy - /bootstrap/css/bootstrap.css at position 1 of 12 in additional filter chain; firing Filter: 'WebAsyncManagerIntegrationFilter'
171752 [http-nio-8080-exec-3] DEBUG o.s.security.web.FilterChainProxy - /bootstrap/css/bootstrap.css at position 2 of 12 in additional filter chain; firing Filter: 'SecurityContextPersistenceFilter'
171752 [http-nio-8080-exec-3] DEBUG o.s.s.w.c.HttpSessionSecurityContextRepository - HttpSession returned null object for SPRING_SECURITY_CONTEXT
171752 [http-nio-8080-exec-3] DEBUG o.s.s.w.c.HttpSessionSecurityContextRepository - No SecurityContext was available from the HttpSession: org.apache.catalina.session.StandardSessionFacade@1e376cbe. A new one will be created.
171752 [http-nio-8080-exec-3] DEBUG o.s.security.web.FilterChainProxy - /bootstrap/css/bootstrap.css at position 3 of 12 in additional filter chain; firing Filter: 'HeaderWriterFilter'
171752 [http-nio-8080-exec-3] DEBUG o.s.s.w.h.writers.HstsHeaderWriter - Not injecting HSTS header since it did not match the requestMatcher org.springframework.security.web.header.writers.HstsHeaderWriter$SecureRequestMatcher@1a08eba0
171752 [http-nio-8080-exec-4] DEBUG o.s.s.w.u.matcher.OrRequestMatcher - Trying to match using Ant [pattern='/css/**']
171752 [http-nio-8080-exec-3] DEBUG o.s.security.web.FilterChainProxy - /bootstrap/css/bootstrap.css at position 4 of 12 in additional filter chain; firing Filter: 'CsrfFilter'
171752 [http-nio-8080-exec-4] DEBUG o.s.s.w.u.m.AntPathRequestMatcher - Checking match of request : '/bootstrap/js/bootstrap.js'; against '/css/**'
171752 [http-nio-8080-exec-5] DEBUG o.s.s.w.u.matcher.OrRequestMatcher - Trying to match using Ant [pattern='/css/**']
171752 [http-nio-8080-exec-4] DEBUG o.s.s.w.u.matcher.OrRequestMatcher - Trying to match using Ant [pattern='/js/**']
171752 [http-nio-8080-exec-4] DEBUG o.s.s.w.u.m.AntPathRequestMatcher - Checking match of request : '/bootstrap/js/bootstrap.js'; against '/js/**'
171752 [http-nio-8080-exec-4] DEBUG o.s.s.w.u.matcher.OrRequestMatcher - Trying to match using Ant [pattern='/images/**']
171752 [http-nio-8080-exec-3] DEBUG o.s.security.web.FilterChainProxy - /bootstrap/css/bootstrap.css at position 5 of 12 in additional filter chain; firing Filter: 'LogoutFilter'
171752 [http-nio-8080-exec-5] DEBUG o.s.s.w.u.m.AntPathRequestMatcher - Checking match of request : '/jquery/jquery-2.1.3.js'; against '/css/**'
171752 [http-nio-8080-exec-4] DEBUG o.s.s.w.u.m.AntPathRequestMatcher - Checking match of request : '/bootstrap/js/bootstrap.js'; against '/images/**'
171755 [http-nio-8080-exec-3] DEBUG o.s.s.w.u.m.AntPathRequestMatcher - Request 'GET /bootstrap/css/bootstrap.css' doesn't match 'POST /logout
171755 [http-nio-8080-exec-5] DEBUG o.s.s.w.u.matcher.OrRequestMatcher - Trying to match using Ant [pattern='/js/**']
171755 [http-nio-8080-exec-4] DEBUG o.s.s.w.u.matcher.OrRequestMatcher - Trying to match using Ant [pattern='/webjars/**']
171755 [http-nio-8080-exec-5] DEBUG o.s.s.w.u.m.AntPathRequestMatcher - Checking match of request : '/jquery/jquery-2.1.3.js'; against '/js/**'
171755 [http-nio-8080-exec-5] DEBUG o.s.s.w.u.matcher.OrRequestMatcher - Trying to match using Ant [pattern='/images/**']
171755 [http-nio-8080-exec-3] DEBUG o.s.security.web.FilterChainProxy - /bootstrap/css/bootstrap.css at position 6 of 12 in additional filter chain; firing Filter: 'UsernamePasswordAuthenticationFilter'
171755 [http-nio-8080-exec-3] DEBUG o.s.s.w.u.m.AntPathRequestMatcher - Request 'GET /bootstrap/css/bootstrap.css' doesn't match 'POST /login
171755 [http-nio-8080-exec-3] DEBUG o.s.security.web.FilterChainProxy - /bootstrap/css/bootstrap.css at position 7 of 12 in additional filter chain; firing Filter: 'RequestCacheAwareFilter'
171755 [http-nio-8080-exec-4] DEBUG o.s.s.w.u.m.AntPathRequestMatcher - Checking match of request : '/bootstrap/js/bootstrap.js'; against '/webjars/**'
171755 [http-nio-8080-exec-5] DEBUG o.s.s.w.u.m.AntPathRequestMatcher - Checking match of request : '/jquery/jquery-2.1.3.js'; against '/images/**'
171755 [http-nio-8080-exec-3] DEBUG o.s.s.w.s.DefaultSavedRequest - pathInfo: both null (property equals)
171755 [http-nio-8080-exec-4] DEBUG o.s.s.w.u.matcher.OrRequestMatcher - Trying to match using Ant [pattern='/**/favicon.ico']
171755 [http-nio-8080-exec-4] DEBUG o.s.s.w.u.m.AntPathRequestMatcher - Checking match of request : '/bootstrap/js/bootstrap.js'; against '/**/favicon.ico'
171755 [http-nio-8080-exec-5] DEBUG o.s.s.w.u.matcher.OrRequestMatcher - Trying to match using Ant [pattern='/webjars/**']
171755 [http-nio-8080-exec-5] DEBUG o.s.s.w.u.m.AntPathRequestMatcher - Checking match of request : '/jquery/jquery-2.1.3.js'; against '/webjars/**'
171755 [http-nio-8080-exec-5] DEBUG o.s.s.w.u.matcher.OrRequestMatcher - Trying to match using Ant [pattern='/**/favicon.ico']
171755 [http-nio-8080-exec-5] DEBUG o.s.s.w.u.m.AntPathRequestMatcher - Checking match of request : '/jquery/jquery-2.1.3.js'; against '/**/favicon.ico'
171755 [http-nio-8080-exec-3] DEBUG o.s.s.w.s.DefaultSavedRequest - queryString: both null (property equals)
171755 [http-nio-8080-exec-4] DEBUG o.s.s.w.u.matcher.OrRequestMatcher - Trying to match using Ant [pattern='/error']
171755 [http-nio-8080-exec-3] DEBUG o.s.s.w.s.DefaultSavedRequest - requestURI: arg1=/; arg2=/bootstrap/css/bootstrap.css (property not equals)
171755 [http-nio-8080-exec-4] DEBUG o.s.s.w.u.m.AntPathRequestMatcher - Checking match of request : '/bootstrap/js/bootstrap.js'; against '/error'
171755 [http-nio-8080-exec-5] DEBUG o.s.s.w.u.matcher.OrRequestMatcher - Trying to match using Ant [pattern='/error']
171755 [http-nio-8080-exec-4] DEBUG o.s.s.w.u.matcher.OrRequestMatcher - No matches found
171755 [http-nio-8080-exec-3] DEBUG o.s.s.w.s.HttpSessionRequestCache - saved request doesn't match
171755 [http-nio-8080-exec-5] DEBUG o.s.s.w.u.m.AntPathRequestMatcher - Checking match of request : '/jquery/jquery-2.1.3.js'; against '/error'
171755 [http-nio-8080-exec-4] DEBUG o.s.security.web.FilterChainProxy - /bootstrap/js/bootstrap.js at position 1 of 12 in additional filter chain; firing Filter: 'WebAsyncManagerIntegrationFilter'
171755 [http-nio-8080-exec-5] DEBUG o.s.s.w.u.matcher.OrRequestMatcher - No matches found
171755 [http-nio-8080-exec-3] DEBUG o.s.security.web.FilterChainProxy - /bootstrap/css/bootstrap.css at position 8 of 12 in additional filter chain; firing Filter: 'SecurityContextHolderAwareRequestFilter'
171755 [http-nio-8080-exec-5] DEBUG o.s.security.web.FilterChainProxy - /jquery/jquery-2.1.3.js at position 1 of 12 in additional filter chain; firing Filter: 'WebAsyncManagerIntegrationFilter'
171755 [http-nio-8080-exec-3] DEBUG o.s.security.web.FilterChainProxy - /bootstrap/css/bootstrap.css at position 9 of 12 in additional filter chain; firing Filter: 'AnonymousAuthenticationFilter'
171755 [http-nio-8080-exec-4] DEBUG o.s.security.web.FilterChainProxy - /bootstrap/js/bootstrap.js at position 2 of 12 in additional filter chain; firing Filter: 'SecurityContextPersistenceFilter'
171757 [http-nio-8080-exec-5] DEBUG o.s.security.web.FilterChainProxy - /jquery/jquery-2.1.3.js at position 2 of 12 in additional filter chain; firing Filter: 'SecurityContextPersistenceFilter'
171757 [http-nio-8080-exec-4] DEBUG o.s.s.w.c.HttpSessionSecurityContextRepository - HttpSession returned null object for SPRING_SECURITY_CONTEXT
171757 [http-nio-8080-exec-3] DEBUG o.s.s.w.a.AnonymousAuthenticationFilter - Populated SecurityContextHolder with anonymous token: 'org.springframework.security.authentication.AnonymousAuthenticationToken@6fa90ed4: Principal: anonymousUser; Credentials: [PROTECTED]; Authenticated: true; Details: org.springframework.security.web.authentication.WebAuthenticationDetails@fffc7f0c: RemoteIpAddress: 0:0:0:0:0:0:0:1; SessionId: 36E5404105004D310DFC84EA223C931E; Granted Authorities: ROLE_ANONYMOUS'
171757 [http-nio-8080-exec-5] DEBUG o.s.s.w.c.HttpSessionSecurityContextRepository - HttpSession returned null object for SPRING_SECURITY_CONTEXT
171757 [http-nio-8080-exec-3] DEBUG o.s.security.web.FilterChainProxy - /bootstrap/css/bootstrap.css at position 10 of 12 in additional filter chain; firing Filter: 'SessionManagementFilter'
171757 [http-nio-8080-exec-5] DEBUG o.s.s.w.c.HttpSessionSecurityContextRepository - No SecurityContext was available from the HttpSession: org.apache.catalina.session.StandardSessionFacade@1e376cbe. A new one will be created.
171757 [http-nio-8080-exec-3] DEBUG o.s.security.web.FilterChainProxy - /bootstrap/css/bootstrap.css at position 11 of 12 in additional filter chain; firing Filter: 'ExceptionTranslationFilter'
171757 [http-nio-8080-exec-4] DEBUG o.s.s.w.c.HttpSessionSecurityContextRepository - No SecurityContext was available from the HttpSession: org.apache.catalina.session.StandardSessionFacade@1e376cbe. A new one will be created.
171757 [http-nio-8080-exec-5] DEBUG o.s.security.web.FilterChainProxy - /jquery/jquery-2.1.3.js at position 3 of 12 in additional filter chain; firing Filter: 'HeaderWriterFilter'
171757 [http-nio-8080-exec-3] DEBUG o.s.security.web.FilterChainProxy - /bootstrap/css/bootstrap.css at position 12 of 12 in additional filter chain; firing Filter: 'FilterSecurityInterceptor'
171757 [http-nio-8080-exec-3] DEBUG o.s.s.w.u.m.AntPathRequestMatcher - Request 'GET /bootstrap/css/bootstrap.css' doesn't match 'POST /logout
171757 [http-nio-8080-exec-3] DEBUG o.s.s.w.u.m.AntPathRequestMatcher - Checking match of request : '/bootstrap/css/bootstrap.css'; against '/bootstrap/**'
171757 [http-nio-8080-exec-5] DEBUG o.s.s.w.h.writers.HstsHeaderWriter - Not injecting HSTS header since it did not match the requestMatcher org.springframework.security.web.header.writers.HstsHeaderWriter$SecureRequestMatcher@1a08eba0
171757 [http-nio-8080-exec-4] DEBUG o.s.security.web.FilterChainProxy - /bootstrap/js/bootstrap.js at position 3 of 12 in additional filter chain; firing Filter: 'HeaderWriterFilter'
171757 [http-nio-8080-exec-3] DEBUG o.s.s.w.a.i.FilterSecurityInterceptor - Secure object: FilterInvocation: URL: /bootstrap/css/bootstrap.css; Attributes: [permitAll]
171757 [http-nio-8080-exec-5] DEBUG o.s.security.web.FilterChainProxy - /jquery/jquery-2.1.3.js at position 4 of 12 in additional filter chain; firing Filter: 'CsrfFilter'
171757 [http-nio-8080-exec-3] DEBUG o.s.s.w.a.i.FilterSecurityInterceptor - Previously Authenticated: org.springframework.security.authentication.AnonymousAuthenticationToken@6fa90ed4: Principal: anonymousUser; Credentials: [PROTECTED]; Authenticated: true; Details: org.springframework.security.web.authentication.WebAuthenticationDetails@fffc7f0c: RemoteIpAddress: 0:0:0:0:0:0:0:1; SessionId: 36E5404105004D310DFC84EA223C931E; Granted Authorities: ROLE_ANONYMOUS
171757 [http-nio-8080-exec-4] DEBUG o.s.s.w.h.writers.HstsHeaderWriter - Not injecting HSTS header since it did not match the requestMatcher org.springframework.security.web.header.writers.HstsHeaderWriter$SecureRequestMatcher@1a08eba0
171757 [http-nio-8080-exec-5] DEBUG o.s.security.web.FilterChainProxy - /jquery/jquery-2.1.3.js at position 5 of 12 in additional filter chain; firing Filter: 'LogoutFilter'
171757 [http-nio-8080-exec-4] DEBUG o.s.security.web.FilterChainProxy - /bootstrap/js/bootstrap.js at position 4 of 12 in additional filter chain; firing Filter: 'CsrfFilter'
171757 [http-nio-8080-exec-5] DEBUG o.s.s.w.u.m.AntPathRequestMatcher - Request 'GET /jquery/jquery-2.1.3.js' doesn't match 'POST /logout
171757 [http-nio-8080-exec-3] DEBUG o.s.s.access.vote.AffirmativeBased - Voter: org.springframework.security.web.access.expression.WebExpressionVoter@5f0a6685, returned: 1
171757 [http-nio-8080-exec-5] DEBUG o.s.security.web.FilterChainProxy - /jquery/jquery-2.1.3.js at position 6 of 12 in additional filter chain; firing Filter: 'UsernamePasswordAuthenticationFilter'
171757 [http-nio-8080-exec-3] DEBUG o.s.s.w.a.i.FilterSecurityInterceptor - Authorization successful
171757 [http-nio-8080-exec-5] DEBUG o.s.s.w.u.m.AntPathRequestMatcher - Request 'GET /jquery/jquery-2.1.3.js' doesn't match 'POST /login
171757 [http-nio-8080-exec-4] DEBUG o.s.security.web.FilterChainProxy - /bootstrap/js/bootstrap.js at position 5 of 12 in additional filter chain; firing Filter: 'LogoutFilter'
171757 [http-nio-8080-exec-3] DEBUG o.s.s.w.a.i.FilterSecurityInterceptor - RunAsManager did not change Authentication object
171757 [http-nio-8080-exec-5] DEBUG o.s.security.web.FilterChainProxy - /jquery/jquery-2.1.3.js at position 7 of 12 in additional filter chain; firing Filter: 'RequestCacheAwareFilter'
171757 [http-nio-8080-exec-5] DEBUG o.s.s.w.s.DefaultSavedRequest - pathInfo: both null (property equals)
171757 [http-nio-8080-exec-4] DEBUG o.s.s.w.u.m.AntPathRequestMatcher - Request 'GET /bootstrap/js/bootstrap.js' doesn't match 'POST /logout
171757 [http-nio-8080-exec-3] DEBUG o.s.security.web.FilterChainProxy - /bootstrap/css/bootstrap.css reached end of additional filter chain; proceeding with original chain
171758 [http-nio-8080-exec-5] DEBUG o.s.s.w.s.DefaultSavedRequest - queryString: both null (property equals)
171758 [http-nio-8080-exec-4] DEBUG o.s.security.web.FilterChainProxy - /bootstrap/js/bootstrap.js at position 6 of 12 in additional filter chain; firing Filter: 'UsernamePasswordAuthenticationFilter'
171758 [http-nio-8080-exec-5] DEBUG o.s.s.w.s.DefaultSavedRequest - requestURI: arg1=/; arg2=/jquery/jquery-2.1.3.js (property not equals)
171758 [http-nio-8080-exec-4] DEBUG o.s.s.w.u.m.AntPathRequestMatcher - Request 'GET /bootstrap/js/bootstrap.js' doesn't match 'POST /login
171758 [http-nio-8080-exec-4] DEBUG o.s.security.web.FilterChainProxy - /bootstrap/js/bootstrap.js at position 7 of 12 in additional filter chain; firing Filter: 'RequestCacheAwareFilter'
171758 [http-nio-8080-exec-4] DEBUG o.s.s.w.s.DefaultSavedRequest - pathInfo: both null (property equals)
171758 [http-nio-8080-exec-5] DEBUG o.s.s.w.s.HttpSessionRequestCache - saved request doesn't match
171758 [http-nio-8080-exec-4] DEBUG o.s.s.w.s.DefaultSavedRequest - queryString: both null (property equals)
171758 [http-nio-8080-exec-5] DEBUG o.s.security.web.FilterChainProxy - /jquery/jquery-2.1.3.js at position 8 of 12 in additional filter chain; firing Filter: 'SecurityContextHolderAwareRequestFilter'
171758 [http-nio-8080-exec-4] DEBUG o.s.s.w.s.DefaultSavedRequest - requestURI: arg1=/; arg2=/bootstrap/js/bootstrap.js (property not equals)
171758 [http-nio-8080-exec-4] DEBUG o.s.s.w.s.HttpSessionRequestCache - saved request doesn't match
171758 [http-nio-8080-exec-5] DEBUG o.s.security.web.FilterChainProxy - /jquery/jquery-2.1.3.js at position 9 of 12 in additional filter chain; firing Filter: 'AnonymousAuthenticationFilter'
171758 [http-nio-8080-exec-5] DEBUG o.s.s.w.a.AnonymousAuthenticationFilter - Populated SecurityContextHolder with anonymous token: 'org.springframework.security.authentication.AnonymousAuthenticationToken@6fa90ed4: Principal: anonymousUser; Credentials: [PROTECTED]; Authenticated: true; Details: org.springframework.security.web.authentication.WebAuthenticationDetails@fffc7f0c: RemoteIpAddress: 0:0:0:0:0:0:0:1; SessionId: 36E5404105004D310DFC84EA223C931E; Granted Authorities: ROLE_ANONYMOUS'
171758 [http-nio-8080-exec-5] DEBUG o.s.security.web.FilterChainProxy - /jquery/jquery-2.1.3.js at position 10 of 12 in additional filter chain; firing Filter: 'SessionManagementFilter'
171758 [http-nio-8080-exec-4] DEBUG o.s.security.web.FilterChainProxy - /bootstrap/js/bootstrap.js at position 8 of 12 in additional filter chain; firing Filter: 'SecurityContextHolderAwareRequestFilter'
171758 [http-nio-8080-exec-4] DEBUG o.s.security.web.FilterChainProxy - /bootstrap/js/bootstrap.js at position 9 of 12 in additional filter chain; firing Filter: 'AnonymousAuthenticationFilter'
171758 [http-nio-8080-exec-5] DEBUG o.s.security.web.FilterChainProxy - /jquery/jquery-2.1.3.js at position 11 of 12 in additional filter chain; firing Filter: 'ExceptionTranslationFilter'
171758 [http-nio-8080-exec-4] DEBUG o.s.s.w.a.AnonymousAuthenticationFilter - Populated SecurityContextHolder with anonymous token: 'org.springframework.security.authentication.AnonymousAuthenticationToken@6fa90ed4: Principal: anonymousUser; Credentials: [PROTECTED]; Authenticated: true; Details: org.springframework.security.web.authentication.WebAuthenticationDetails@fffc7f0c: RemoteIpAddress: 0:0:0:0:0:0:0:1; SessionId: 36E5404105004D310DFC84EA223C931E; Granted Authorities: ROLE_ANONYMOUS'
171758 [http-nio-8080-exec-5] DEBUG o.s.security.web.FilterChainProxy - /jquery/jquery-2.1.3.js at position 12 of 12 in additional filter chain; firing Filter: 'FilterSecurityInterceptor'
171758 [http-nio-8080-exec-5] DEBUG o.s.s.w.u.m.AntPathRequestMatcher - Request 'GET /jquery/jquery-2.1.3.js' doesn't match 'POST /logout
171758 [http-nio-8080-exec-4] DEBUG o.s.security.web.FilterChainProxy - /bootstrap/js/bootstrap.js at position 10 of 12 in additional filter chain; firing Filter: 'SessionManagementFilter'
171758 [http-nio-8080-exec-5] DEBUG o.s.s.w.u.m.AntPathRequestMatcher - Checking match of request : '/jquery/jquery-2.1.3.js'; against '/bootstrap/**'
171758 [http-nio-8080-exec-4] DEBUG o.s.security.web.FilterChainProxy - /bootstrap/js/bootstrap.js at position 11 of 12 in additional filter chain; firing Filter: 'ExceptionTranslationFilter'
171759 [http-nio-8080-exec-3] DEBUG o.s.s.w.c.HttpSessionSecurityContextRepository - SecurityContext is empty or contents are anonymous - context will not be stored in HttpSession.
171760 [http-nio-8080-exec-5] DEBUG o.s.s.w.u.m.AntPathRequestMatcher - Checking match of request : '/jquery/jquery-2.1.3.js'; against '/error/**'
171760 [http-nio-8080-exec-4] DEBUG o.s.security.web.FilterChainProxy - /bootstrap/js/bootstrap.js at position 12 of 12 in additional filter chain; firing Filter: 'FilterSecurityInterceptor'
171760 [http-nio-8080-exec-5] DEBUG o.s.s.w.u.m.AntPathRequestMatcher - Checking match of request : '/jquery/jquery-2.1.3.js'; against '/img/**'
171760 [http-nio-8080-exec-4] DEBUG o.s.s.w.u.m.AntPathRequestMatcher - Request 'GET /bootstrap/js/bootstrap.js' doesn't match 'POST /logout
171760 [http-nio-8080-exec-5] DEBUG o.s.s.w.u.m.AntPathRequestMatcher - Checking match of request : '/jquery/jquery-2.1.3.js'; against '/jquery/**'
171760 [http-nio-8080-exec-4] DEBUG o.s.s.w.u.m.AntPathRequestMatcher - Checking match of request : '/bootstrap/js/bootstrap.js'; against '/bootstrap/**'
171760 [http-nio-8080-exec-5] DEBUG o.s.s.w.a.i.FilterSecurityInterceptor - Secure object: FilterInvocation: URL: /jquery/jquery-2.1.3.js; Attributes: [permitAll]
171760 [http-nio-8080-exec-4] DEBUG o.s.s.w.a.i.FilterSecurityInterceptor - Secure object: FilterInvocation: URL: /bootstrap/js/bootstrap.js; Attributes: [permitAll]
171760 [http-nio-8080-exec-5] DEBUG o.s.s.w.a.i.FilterSecurityInterceptor - Previously Authenticated: org.springframework.security.authentication.AnonymousAuthenticationToken@6fa90ed4: Principal: anonymousUser; Credentials: [PROTECTED]; Authenticated: true; Details: org.springframework.security.web.authentication.WebAuthenticationDetails@fffc7f0c: RemoteIpAddress: 0:0:0:0:0:0:0:1; SessionId: 36E5404105004D310DFC84EA223C931E; Granted Authorities: ROLE_ANONYMOUS
171760 [http-nio-8080-exec-4] DEBUG o.s.s.w.a.i.FilterSecurityInterceptor - Previously Authenticated: org.springframework.security.authentication.AnonymousAuthenticationToken@6fa90ed4: Principal: anonymousUser; Credentials: [PROTECTED]; Authenticated: true; Details: org.springframework.security.web.authentication.WebAuthenticationDetails@fffc7f0c: RemoteIpAddress: 0:0:0:0:0:0:0:1; SessionId: 36E5404105004D310DFC84EA223C931E; Granted Authorities: ROLE_ANONYMOUS
171760 [http-nio-8080-exec-5] DEBUG o.s.s.access.vote.AffirmativeBased - Voter: org.springframework.security.web.access.expression.WebExpressionVoter@5f0a6685, returned: 1
171760 [http-nio-8080-exec-4] DEBUG o.s.s.access.vote.AffirmativeBased - Voter: org.springframework.security.web.access.expression.WebExpressionVoter@5f0a6685, returned: 1
171760 [http-nio-8080-exec-5] DEBUG o.s.s.w.a.i.FilterSecurityInterceptor - Authorization successful
171760 [http-nio-8080-exec-4] DEBUG o.s.s.w.a.i.FilterSecurityInterceptor - Authorization successful
171760 [http-nio-8080-exec-5] DEBUG o.s.s.w.a.i.FilterSecurityInterceptor - RunAsManager did not change Authentication object
171760 [http-nio-8080-exec-4] DEBUG o.s.s.w.a.i.FilterSecurityInterceptor - RunAsManager did not change Authentication object
171760 [http-nio-8080-exec-5] DEBUG o.s.security.web.FilterChainProxy - /jquery/jquery-2.1.3.js reached end of additional filter chain; proceeding with original chain
171760 [http-nio-8080-exec-4] DEBUG o.s.security.web.FilterChainProxy - /bootstrap/js/bootstrap.js reached end of additional filter chain; proceeding with original chain
171762 [http-nio-8080-exec-5] DEBUG o.s.s.w.c.HttpSessionSecurityContextRepository - SecurityContext is empty or contents are anonymous - context will not be stored in HttpSession.
171762 [http-nio-8080-exec-4] DEBUG o.s.s.w.c.HttpSessionSecurityContextRepository - SecurityContext is empty or contents are anonymous - context will not be stored in HttpSession.
171763 [http-nio-8080-exec-3] DEBUG o.s.s.w.a.ExceptionTranslationFilter - Chain processed normally
171763 [http-nio-8080-exec-3] DEBUG o.s.s.w.c.SecurityContextPersistenceFilter - SecurityContextHolder now cleared, as request processing completed
171764 [http-nio-8080-exec-4] DEBUG o.s.s.w.a.ExceptionTranslationFilter - Chain processed normally
171764 [http-nio-8080-exec-4] DEBUG o.s.s.w.c.SecurityContextPersistenceFilter - SecurityContextHolder now cleared, as request processing completed
171767 [http-nio-8080-exec-5] DEBUG o.s.s.w.a.ExceptionTranslationFilter - Chain processed normally
171767 [http-nio-8080-exec-5] DEBUG o.s.s.w.c.SecurityContextPersistenceFilter - SecurityContextHolder now cleared, as request processing completed
177129 [http-nio-8080-exec-8] DEBUG o.s.s.w.u.matcher.OrRequestMatcher - Trying to match using Ant [pattern='/css/**']
177130 [http-nio-8080-exec-8] DEBUG o.s.s.w.u.m.AntPathRequestMatcher - Checking match of request : '/login'; against '/css/**'
177130 [http-nio-8080-exec-8] DEBUG o.s.s.w.u.matcher.OrRequestMatcher - Trying to match using Ant [pattern='/js/**']
177130 [http-nio-8080-exec-8] DEBUG o.s.s.w.u.m.AntPathRequestMatcher - Checking match of request : '/login'; against '/js/**'
177130 [http-nio-8080-exec-8] DEBUG o.s.s.w.u.matcher.OrRequestMatcher - Trying to match using Ant [pattern='/images/**']
177130 [http-nio-8080-exec-8] DEBUG o.s.s.w.u.m.AntPathRequestMatcher - Checking match of request : '/login'; against '/images/**'
177130 [http-nio-8080-exec-8] DEBUG o.s.s.w.u.matcher.OrRequestMatcher - Trying to match using Ant [pattern='/webjars/**']
177130 [http-nio-8080-exec-8] DEBUG o.s.s.w.u.m.AntPathRequestMatcher - Checking match of request : '/login'; against '/webjars/**'
177130 [http-nio-8080-exec-8] DEBUG o.s.s.w.u.matcher.OrRequestMatcher - Trying to match using Ant [pattern='/**/favicon.ico']
177130 [http-nio-8080-exec-8] DEBUG o.s.s.w.u.m.AntPathRequestMatcher - Checking match of request : '/login'; against '/**/favicon.ico'
177130 [http-nio-8080-exec-8] DEBUG o.s.s.w.u.matcher.OrRequestMatcher - Trying to match using Ant [pattern='/error']
177130 [http-nio-8080-exec-8] DEBUG o.s.s.w.u.m.AntPathRequestMatcher - Checking match of request : '/login'; against '/error'
177130 [http-nio-8080-exec-8] DEBUG o.s.s.w.u.matcher.OrRequestMatcher - No matches found
177130 [http-nio-8080-exec-8] DEBUG o.s.security.web.FilterChainProxy - /login at position 1 of 12 in additional filter chain; firing Filter: 'WebAsyncManagerIntegrationFilter'
177130 [http-nio-8080-exec-8] DEBUG o.s.security.web.FilterChainProxy - /login at position 2 of 12 in additional filter chain; firing Filter: 'SecurityContextPersistenceFilter'
177130 [http-nio-8080-exec-8] DEBUG o.s.s.w.c.HttpSessionSecurityContextRepository - HttpSession returned null object for SPRING_SECURITY_CONTEXT
177130 [http-nio-8080-exec-8] DEBUG o.s.s.w.c.HttpSessionSecurityContextRepository - No SecurityContext was available from the HttpSession: org.apache.catalina.session.StandardSessionFacade@1e376cbe. A new one will be created.
177130 [http-nio-8080-exec-8] DEBUG o.s.security.web.FilterChainProxy - /login at position 3 of 12 in additional filter chain; firing Filter: 'HeaderWriterFilter'
177130 [http-nio-8080-exec-8] DEBUG o.s.s.w.h.writers.HstsHeaderWriter - Not injecting HSTS header since it did not match the requestMatcher org.springframework.security.web.header.writers.HstsHeaderWriter$SecureRequestMatcher@1a08eba0
177130 [http-nio-8080-exec-8] DEBUG o.s.security.web.FilterChainProxy - /login at position 4 of 12 in additional filter chain; firing Filter: 'CsrfFilter'
177130 [http-nio-8080-exec-8] DEBUG o.s.security.web.csrf.CsrfFilter - Invalid CSRF token found for http://localhost:8080/login
177132 [http-nio-8080-exec-8] DEBUG o.s.s.w.c.HttpSessionSecurityContextRepository - SecurityContext is empty or contents are anonymous - context will not be stored in HttpSession.
177132 [http-nio-8080-exec-8] DEBUG o.s.s.w.c.SecurityContextPersistenceFilter - SecurityContextHolder now cleared, as request processing completed
3983 [restartedMain] DEBUG o.s.s.c.a.a.c.AuthenticationConfiguration$EnableGlobalAuthenticationAutowiredConfigurer - Eagerly initializing {org.springframework.boot.autoconfigure.security.SpringBootWebSecurityConfiguration=org.springframework.boot.autoconfigure.security.SpringBootWebSecurityConfiguration$$EnhancerBySpringCGLIB$$455e2758@4d4ff655}
3995 [restartedMain] INFO  o.s.s.w.DefaultSecurityFilterChain - Creating filter chain: OrRequestMatcher [requestMatchers=[Ant [pattern='/css/**'], Ant [pattern='/js/**'], Ant [pattern='/images/**'], Ant [pattern='/webjars/**'], Ant [pattern='/**/favicon.ico'], Ant [pattern='/error']]], []
4066 [restartedMain] DEBUG o.s.s.w.a.e.ExpressionBasedFilterInvocationSecurityMetadataSource - Adding web access control expression 'permitAll', for ExactUrl [processUrl='/login?error']
4067 [restartedMain] DEBUG o.s.s.w.a.e.ExpressionBasedFilterInvocationSecurityMetadataSource - Adding web access control expression 'permitAll', for ExactUrl [processUrl='/login']
4067 [restartedMain] DEBUG o.s.s.w.a.e.ExpressionBasedFilterInvocationSecurityMetadataSource - Adding web access control expression 'permitAll', for ExactUrl [processUrl='/login']
4067 [restartedMain] DEBUG o.s.s.w.a.e.ExpressionBasedFilterInvocationSecurityMetadataSource - Adding web access control expression 'permitAll', for Ant [pattern='/logout', POST]
4068 [restartedMain] DEBUG o.s.s.w.a.e.ExpressionBasedFilterInvocationSecurityMetadataSource - Adding web access control expression 'permitAll', for ExactUrl [processUrl='/login?logout']
4068 [restartedMain] DEBUG o.s.s.w.a.e.ExpressionBasedFilterInvocationSecurityMetadataSource - Adding web access control expression 'permitAll', for Ant [pattern='/bootstrap/**']
4068 [restartedMain] DEBUG o.s.s.w.a.e.ExpressionBasedFilterInvocationSecurityMetadataSource - Adding web access control expression 'permitAll', for Ant [pattern='/error/**']
4069 [restartedMain] DEBUG o.s.s.w.a.e.ExpressionBasedFilterInvocationSecurityMetadataSource - Adding web access control expression 'permitAll', for Ant [pattern='/img/**']
4069 [restartedMain] DEBUG o.s.s.w.a.e.ExpressionBasedFilterInvocationSecurityMetadataSource - Adding web access control expression 'permitAll', for Ant [pattern='/jquery/**']
4069 [restartedMain] DEBUG o.s.s.w.a.e.ExpressionBasedFilterInvocationSecurityMetadataSource - Adding web access control expression 'permitAll', for Ant [pattern='/index.html']
4069 [restartedMain] DEBUG o.s.s.w.a.e.ExpressionBasedFilterInvocationSecurityMetadataSource - Adding web access control expression 'authenticated', for org.springframework.security.web.util.matcher.AnyRequestMatcher@1
4076 [restartedMain] DEBUG o.s.s.w.a.i.FilterSecurityInterceptor - Validated configuration attributes
4076 [restartedMain] DEBUG o.s.s.w.a.i.FilterSecurityInterceptor - Validated configuration attributes
4088 [restartedMain] INFO  o.s.s.w.DefaultSecurityFilterChain - Creating filter chain: org.springframework.security.web.util.matcher.AnyRequestMatcher@1, [org.springframework.security.web.context.request.async.WebAsyncManagerIntegrationFilter@416fa810, org.springframework.security.web.context.SecurityContextPersistenceFilter@2eddc648, org.springframework.security.web.header.HeaderWriterFilter@7e9de891, org.springframework.security.web.csrf.CsrfFilter@69615631, org.springframework.security.web.authentication.logout.LogoutFilter@42ea5d77, org.springframework.security.web.authentication.UsernamePasswordAuthenticationFilter@1ff3386d, org.springframework.security.web.savedrequest.RequestCacheAwareFilter@78aa5e1, org.springframework.security.web.servletapi.SecurityContextHolderAwareRequestFilter@38492788, org.springframework.security.web.authentication.AnonymousAuthenticationFilter@7c763a40, org.springframework.security.web.session.SessionManagementFilter@1cc0b0cd, org.springframework.security.web.access.ExceptionTranslationFilter@47bdd87a, org.springframework.security.web.access.intercept.FilterSecurityInterceptor@483b9e36]
4099 [restartedMain] DEBUG o.s.s.w.a.e.ExpressionBasedFilterInvocationSecurityMetadataSource - Adding web access control expression 'hasAnyRole('ROLE_USER')', for org.springframework.security.web.util.matcher.AnyRequestMatcher@1
4100 [restartedMain] DEBUG o.s.s.w.a.i.FilterSecurityInterceptor - Validated configuration attributes
4100 [restartedMain] DEBUG o.s.s.w.a.i.FilterSecurityInterceptor - Validated configuration attributes
4100 [restartedMain] INFO  o.s.s.w.DefaultSecurityFilterChain - Creating filter chain: OrRequestMatcher [requestMatchers=[Ant [pattern='/**']]], [org.springframework.security.web.context.request.async.WebAsyncManagerIntegrationFilter@428bace3, org.springframework.security.web.context.SecurityContextPersistenceFilter@724cbdbc, org.springframework.security.web.header.HeaderWriterFilter@7329d22, org.springframework.security.web.authentication.logout.LogoutFilter@3ce6eb93, org.springframework.security.web.authentication.www.BasicAuthenticationFilter@eb075ce, org.springframework.security.web.savedrequest.RequestCacheAwareFilter@75abad44, org.springframework.security.web.servletapi.SecurityContextHolderAwareRequestFilter@6663e55e, org.springframework.security.web.authentication.AnonymousAuthenticationFilter@3300d5b0, org.springframework.security.web.session.SessionManagementFilter@23e7e23c, org.springframework.security.web.access.ExceptionTranslationFilter@375606cf, org.springframework.security.web.access.intercept.FilterSecurityInterceptor@758592cd]
6001 [http-nio-8080-exec-1] DEBUG o.s.s.w.u.matcher.OrRequestMatcher - Trying to match using Ant [pattern='/css/**']
6001 [http-nio-8080-exec-1] DEBUG o.s.s.w.u.m.AntPathRequestMatcher - Checking match of request : '/login'; against '/css/**'
6002 [http-nio-8080-exec-1] DEBUG o.s.s.w.u.matcher.OrRequestMatcher - Trying to match using Ant [pattern='/js/**']
6002 [http-nio-8080-exec-1] DEBUG o.s.s.w.u.m.AntPathRequestMatcher - Checking match of request : '/login'; against '/js/**'
6002 [http-nio-8080-exec-1] DEBUG o.s.s.w.u.matcher.OrRequestMatcher - Trying to match using Ant [pattern='/images/**']
6002 [http-nio-8080-exec-1] DEBUG o.s.s.w.u.m.AntPathRequestMatcher - Checking match of request : '/login'; against '/images/**'
6002 [http-nio-8080-exec-1] DEBUG o.s.s.w.u.matcher.OrRequestMatcher - Trying to match using Ant [pattern='/webjars/**']
6002 [http-nio-8080-exec-1] DEBUG o.s.s.w.u.m.AntPathRequestMatcher - Checking match of request : '/login'; against '/webjars/**'
6002 [http-nio-8080-exec-1] DEBUG o.s.s.w.u.matcher.OrRequestMatcher - Trying to match using Ant [pattern='/**/favicon.ico']
6002 [http-nio-8080-exec-1] DEBUG o.s.s.w.u.m.AntPathRequestMatcher - Checking match of request : '/login'; against '/**/favicon.ico'
6002 [http-nio-8080-exec-1] DEBUG o.s.s.w.u.matcher.OrRequestMatcher - Trying to match using Ant [pattern='/error']
6002 [http-nio-8080-exec-1] DEBUG o.s.s.w.u.m.AntPathRequestMatcher - Checking match of request : '/login'; against '/error'
6002 [http-nio-8080-exec-1] DEBUG o.s.s.w.u.matcher.OrRequestMatcher - No matches found
6003 [http-nio-8080-exec-1] DEBUG o.s.security.web.FilterChainProxy - /login at position 1 of 12 in additional filter chain; firing Filter: 'WebAsyncManagerIntegrationFilter'
6003 [http-nio-8080-exec-1] DEBUG o.s.security.web.FilterChainProxy - /login at position 2 of 12 in additional filter chain; firing Filter: 'SecurityContextPersistenceFilter'
6003 [http-nio-8080-exec-1] DEBUG o.s.s.w.c.HttpSessionSecurityContextRepository - No HttpSession currently exists
6003 [http-nio-8080-exec-1] DEBUG o.s.s.w.c.HttpSessionSecurityContextRepository - No SecurityContext was available from the HttpSession: null. A new one will be created.
6005 [http-nio-8080-exec-1] DEBUG o.s.security.web.FilterChainProxy - /login at position 3 of 12 in additional filter chain; firing Filter: 'HeaderWriterFilter'
6005 [http-nio-8080-exec-1] DEBUG o.s.s.w.h.writers.HstsHeaderWriter - Not injecting HSTS header since it did not match the requestMatcher org.springframework.security.web.header.writers.HstsHeaderWriter$SecureRequestMatcher@4d734a35
6005 [http-nio-8080-exec-1] DEBUG o.s.security.web.FilterChainProxy - /login at position 4 of 12 in additional filter chain; firing Filter: 'CsrfFilter'
6009 [http-nio-8080-exec-1] DEBUG o.s.security.web.csrf.CsrfFilter - Invalid CSRF token found for http://localhost:8080/login
6010 [http-nio-8080-exec-1] DEBUG o.s.s.w.c.HttpSessionSecurityContextRepository - SecurityContext is empty or contents are anonymous - context will not be stored in HttpSession.
6010 [http-nio-8080-exec-1] DEBUG o.s.s.w.c.SecurityContextPersistenceFilter - SecurityContextHolder now cleared, as request processing completed
6079 [http-nio-8080-exec-2] DEBUG o.s.s.w.u.matcher.OrRequestMatcher - Trying to match using Ant [pattern='/css/**']
6079 [http-nio-8080-exec-2] DEBUG o.s.s.w.u.m.AntPathRequestMatcher - Checking match of request : '/favicon.ico'; against '/css/**'
6079 [http-nio-8080-exec-2] DEBUG o.s.s.w.u.matcher.OrRequestMatcher - Trying to match using Ant [pattern='/js/**']
6079 [http-nio-8080-exec-2] DEBUG o.s.s.w.u.m.AntPathRequestMatcher - Checking match of request : '/favicon.ico'; against '/js/**'
6079 [http-nio-8080-exec-2] DEBUG o.s.s.w.u.matcher.OrRequestMatcher - Trying to match using Ant [pattern='/images/**']
6079 [http-nio-8080-exec-2] DEBUG o.s.s.w.u.m.AntPathRequestMatcher - Checking match of request : '/favicon.ico'; against '/images/**'
6079 [http-nio-8080-exec-2] DEBUG o.s.s.w.u.matcher.OrRequestMatcher - Trying to match using Ant [pattern='/webjars/**']
6079 [http-nio-8080-exec-2] DEBUG o.s.s.w.u.m.AntPathRequestMatcher - Checking match of request : '/favicon.ico'; against '/webjars/**'
6079 [http-nio-8080-exec-2] DEBUG o.s.s.w.u.matcher.OrRequestMatcher - Trying to match using Ant [pattern='/**/favicon.ico']
6079 [http-nio-8080-exec-2] DEBUG o.s.s.w.u.m.AntPathRequestMatcher - Checking match of request : '/favicon.ico'; against '/**/favicon.ico'
6079 [http-nio-8080-exec-2] DEBUG o.s.s.w.u.matcher.OrRequestMatcher - matched
6079 [http-nio-8080-exec-2] DEBUG o.s.security.web.FilterChainProxy - /favicon.ico has an empty filter list
67885 [http-nio-8080-exec-9] DEBUG o.s.s.w.u.matcher.OrRequestMatcher - Trying to match using Ant [pattern='/css/**']
67886 [http-nio-8080-exec-9] DEBUG o.s.s.w.u.m.AntPathRequestMatcher - Checking match of request : '/temp'; against '/css/**'
67886 [http-nio-8080-exec-9] DEBUG o.s.s.w.u.matcher.OrRequestMatcher - Trying to match using Ant [pattern='/js/**']
67886 [http-nio-8080-exec-9] DEBUG o.s.s.w.u.m.AntPathRequestMatcher - Checking match of request : '/temp'; against '/js/**'
67886 [http-nio-8080-exec-9] DEBUG o.s.s.w.u.matcher.OrRequestMatcher - Trying to match using Ant [pattern='/images/**']
67886 [http-nio-8080-exec-9] DEBUG o.s.s.w.u.m.AntPathRequestMatcher - Checking match of request : '/temp'; against '/images/**'
67886 [http-nio-8080-exec-9] DEBUG o.s.s.w.u.matcher.OrRequestMatcher - Trying to match using Ant [pattern='/webjars/**']
67886 [http-nio-8080-exec-9] DEBUG o.s.s.w.u.m.AntPathRequestMatcher - Checking match of request : '/temp'; against '/webjars/**'
67886 [http-nio-8080-exec-9] DEBUG o.s.s.w.u.matcher.OrRequestMatcher - Trying to match using Ant [pattern='/**/favicon.ico']
67886 [http-nio-8080-exec-9] DEBUG o.s.s.w.u.m.AntPathRequestMatcher - Checking match of request : '/temp'; against '/**/favicon.ico'
67886 [http-nio-8080-exec-9] DEBUG o.s.s.w.u.matcher.OrRequestMatcher - Trying to match using Ant [pattern='/error']
67886 [http-nio-8080-exec-9] DEBUG o.s.s.w.u.m.AntPathRequestMatcher - Checking match of request : '/temp'; against '/error'
67887 [http-nio-8080-exec-9] DEBUG o.s.s.w.u.matcher.OrRequestMatcher - No matches found
67887 [http-nio-8080-exec-9] DEBUG o.s.security.web.FilterChainProxy - /temp at position 1 of 12 in additional filter chain; firing Filter: 'WebAsyncManagerIntegrationFilter'
67887 [http-nio-8080-exec-9] DEBUG o.s.security.web.FilterChainProxy - /temp at position 2 of 12 in additional filter chain; firing Filter: 'SecurityContextPersistenceFilter'
67887 [http-nio-8080-exec-9] DEBUG o.s.s.w.c.HttpSessionSecurityContextRepository - HttpSession returned null object for SPRING_SECURITY_CONTEXT
67887 [http-nio-8080-exec-9] DEBUG o.s.s.w.c.HttpSessionSecurityContextRepository - No SecurityContext was available from the HttpSession: org.apache.catalina.session.StandardSessionFacade@d7f8712. A new one will be created.
67887 [http-nio-8080-exec-9] DEBUG o.s.security.web.FilterChainProxy - /temp at position 3 of 12 in additional filter chain; firing Filter: 'HeaderWriterFilter'
67887 [http-nio-8080-exec-9] DEBUG o.s.s.w.h.writers.HstsHeaderWriter - Not injecting HSTS header since it did not match the requestMatcher org.springframework.security.web.header.writers.HstsHeaderWriter$SecureRequestMatcher@4d734a35
67887 [http-nio-8080-exec-9] DEBUG o.s.security.web.FilterChainProxy - /temp at position 4 of 12 in additional filter chain; firing Filter: 'CsrfFilter'
67888 [http-nio-8080-exec-9] DEBUG o.s.security.web.FilterChainProxy - /temp at position 5 of 12 in additional filter chain; firing Filter: 'LogoutFilter'
67888 [http-nio-8080-exec-9] DEBUG o.s.s.w.u.m.AntPathRequestMatcher - Request 'GET /temp' doesn't match 'POST /logout
67888 [http-nio-8080-exec-9] DEBUG o.s.security.web.FilterChainProxy - /temp at position 6 of 12 in additional filter chain; firing Filter: 'UsernamePasswordAuthenticationFilter'
67888 [http-nio-8080-exec-9] DEBUG o.s.s.w.u.m.AntPathRequestMatcher - Request 'GET /temp' doesn't match 'POST /login
67888 [http-nio-8080-exec-9] DEBUG o.s.security.web.FilterChainProxy - /temp at position 7 of 12 in additional filter chain; firing Filter: 'RequestCacheAwareFilter'
67888 [http-nio-8080-exec-9] DEBUG o.s.security.web.FilterChainProxy - /temp at position 8 of 12 in additional filter chain; firing Filter: 'SecurityContextHolderAwareRequestFilter'
67889 [http-nio-8080-exec-9] DEBUG o.s.security.web.FilterChainProxy - /temp at position 9 of 12 in additional filter chain; firing Filter: 'AnonymousAuthenticationFilter'
67890 [http-nio-8080-exec-9] DEBUG o.s.s.w.a.AnonymousAuthenticationFilter - Populated SecurityContextHolder with anonymous token: 'org.springframework.security.authentication.AnonymousAuthenticationToken@905571d8: Principal: anonymousUser; Credentials: [PROTECTED]; Authenticated: true; Details: org.springframework.security.web.authentication.WebAuthenticationDetails@0: RemoteIpAddress: 0:0:0:0:0:0:0:1; SessionId: B1D04819B1B242C985185C98A41BA587; Granted Authorities: ROLE_ANONYMOUS'
67890 [http-nio-8080-exec-9] DEBUG o.s.security.web.FilterChainProxy - /temp at position 10 of 12 in additional filter chain; firing Filter: 'SessionManagementFilter'
67890 [http-nio-8080-exec-9] DEBUG o.s.security.web.FilterChainProxy - /temp at position 11 of 12 in additional filter chain; firing Filter: 'ExceptionTranslationFilter'
67890 [http-nio-8080-exec-9] DEBUG o.s.security.web.FilterChainProxy - /temp at position 12 of 12 in additional filter chain; firing Filter: 'FilterSecurityInterceptor'
67890 [http-nio-8080-exec-9] DEBUG o.s.s.w.u.m.AntPathRequestMatcher - Request 'GET /temp' doesn't match 'POST /logout
67890 [http-nio-8080-exec-9] DEBUG o.s.s.w.u.m.AntPathRequestMatcher - Checking match of request : '/temp'; against '/bootstrap/**'
67890 [http-nio-8080-exec-9] DEBUG o.s.s.w.u.m.AntPathRequestMatcher - Checking match of request : '/temp'; against '/error/**'
67891 [http-nio-8080-exec-9] DEBUG o.s.s.w.u.m.AntPathRequestMatcher - Checking match of request : '/temp'; against '/img/**'
67891 [http-nio-8080-exec-9] DEBUG o.s.s.w.u.m.AntPathRequestMatcher - Checking match of request : '/temp'; against '/jquery/**'
67891 [http-nio-8080-exec-9] DEBUG o.s.s.w.u.m.AntPathRequestMatcher - Checking match of request : '/temp'; against '/index.html'
67891 [http-nio-8080-exec-9] DEBUG o.s.s.w.a.i.FilterSecurityInterceptor - Secure object: FilterInvocation: URL: /temp; Attributes: [authenticated]
67891 [http-nio-8080-exec-9] DEBUG o.s.s.w.a.i.FilterSecurityInterceptor - Previously Authenticated: org.springframework.security.authentication.AnonymousAuthenticationToken@905571d8: Principal: anonymousUser; Credentials: [PROTECTED]; Authenticated: true; Details: org.springframework.security.web.authentication.WebAuthenticationDetails@0: RemoteIpAddress: 0:0:0:0:0:0:0:1; SessionId: B1D04819B1B242C985185C98A41BA587; Granted Authorities: ROLE_ANONYMOUS
67894 [http-nio-8080-exec-9] DEBUG o.s.s.access.vote.AffirmativeBased - Voter: org.springframework.security.web.access.expression.WebExpressionVoter@2f033ec9, returned: -1
67897 [http-nio-8080-exec-9] DEBUG o.s.s.w.a.ExceptionTranslationFilter - Access is denied (user is anonymous); redirecting to authentication entry point
org.springframework.security.access.AccessDeniedException: Access is denied
	at org.springframework.security.access.vote.AffirmativeBased.decide(AffirmativeBased.java:84)
	at org.springframework.security.access.intercept.AbstractSecurityInterceptor.beforeInvocation(AbstractSecurityInterceptor.java:233)
	at org.springframework.security.web.access.intercept.FilterSecurityInterceptor.invoke(FilterSecurityInterceptor.java:124)
	at org.springframework.security.web.access.intercept.FilterSecurityInterceptor.doFilter(FilterSecurityInterceptor.java:91)
	at org.springframework.security.web.FilterChainProxy$VirtualFilterChain.doFilter(FilterChainProxy.java:331)
	at org.springframework.security.web.access.ExceptionTranslationFilter.doFilter(ExceptionTranslationFilter.java:114)
	at org.springframework.security.web.FilterChainProxy$VirtualFilterChain.doFilter(FilterChainProxy.java:331)
	at org.springframework.security.web.session.SessionManagementFilter.doFilter(SessionManagementFilter.java:137)
	at org.springframework.security.web.FilterChainProxy$VirtualFilterChain.doFilter(FilterChainProxy.java:331)
	at org.springframework.security.web.authentication.AnonymousAuthenticationFilter.doFilter(AnonymousAuthenticationFilter.java:111)
	at org.springframework.security.web.FilterChainProxy$VirtualFilterChain.doFilter(FilterChainProxy.java:331)
	at org.springframework.security.web.servletapi.SecurityContextHolderAwareRequestFilter.doFilter(SecurityContextHolderAwareRequestFilter.java:170)
	at org.springframework.security.web.FilterChainProxy$VirtualFilterChain.doFilter(FilterChainProxy.java:331)
	at org.springframework.security.web.savedrequest.RequestCacheAwareFilter.doFilter(RequestCacheAwareFilter.java:63)
	at org.springframework.security.web.FilterChainProxy$VirtualFilterChain.doFilter(FilterChainProxy.java:331)
	at org.springframework.security.web.authentication.AbstractAuthenticationProcessingFilter.doFilter(AbstractAuthenticationProcessingFilter.java:200)
	at org.springframework.security.web.FilterChainProxy$VirtualFilterChain.doFilter(FilterChainProxy.java:331)
	at org.springframework.security.web.authentication.logout.LogoutFilter.doFilter(LogoutFilter.java:116)
	at org.springframework.security.web.FilterChainProxy$VirtualFilterChain.doFilter(FilterChainProxy.java:331)
	at org.springframework.security.web.csrf.CsrfFilter.doFilterInternal(CsrfFilter.java:100)
	at org.springframework.web.filter.OncePerRequestFilter.doFilter(OncePerRequestFilter.java:107)
	at org.springframework.security.web.FilterChainProxy$VirtualFilterChain.doFilter(FilterChainProxy.java:331)
	at org.springframework.security.web.header.HeaderWriterFilter.doFilterInternal(HeaderWriterFilter.java:64)
	at org.springframework.web.filter.OncePerRequestFilter.doFilter(OncePerRequestFilter.java:107)
	at org.springframework.security.web.FilterChainProxy$VirtualFilterChain.doFilter(FilterChainProxy.java:331)
	at org.springframework.security.web.context.SecurityContextPersistenceFilter.doFilter(SecurityContextPersistenceFilter.java:105)
	at org.springframework.security.web.FilterChainProxy$VirtualFilterChain.doFilter(FilterChainProxy.java:331)
	at org.springframework.security.web.context.request.async.WebAsyncManagerIntegrationFilter.doFilterInternal(WebAsyncManagerIntegrationFilter.java:56)
	at org.springframework.web.filter.OncePerRequestFilter.doFilter(OncePerRequestFilter.java:107)
	at org.springframework.security.web.FilterChainProxy$VirtualFilterChain.doFilter(FilterChainProxy.java:331)
	at org.springframework.security.web.FilterChainProxy.doFilterInternal(FilterChainProxy.java:214)
	at org.springframework.security.web.FilterChainProxy.doFilter(FilterChainProxy.java:177)
	at org.springframework.web.filter.DelegatingFilterProxy.invokeDelegate(DelegatingFilterProxy.java:347)
	at org.springframework.web.filter.DelegatingFilterProxy.doFilter(DelegatingFilterProxy.java:263)
	at org.apache.catalina.core.ApplicationFilterChain.internalDoFilter(ApplicationFilterChain.java:193)
	at org.apache.catalina.core.ApplicationFilterChain.doFilter(ApplicationFilterChain.java:166)
	at org.springframework.web.filter.RequestContextFilter.doFilterInternal(RequestContextFilter.java:99)
	at org.springframework.web.filter.OncePerRequestFilter.doFilter(OncePerRequestFilter.java:107)
	at org.apache.catalina.core.ApplicationFilterChain.internalDoFilter(ApplicationFilterChain.java:193)
	at org.apache.catalina.core.ApplicationFilterChain.doFilter(ApplicationFilterChain.java:166)
	at org.springframework.web.filter.HttpPutFormContentFilter.doFilterInternal(HttpPutFormContentFilter.java:108)
	at org.springframework.web.filter.OncePerRequestFilter.doFilter(OncePerRequestFilter.java:107)
	at org.apache.catalina.core.ApplicationFilterChain.internalDoFilter(ApplicationFilterChain.java:193)
	at org.apache.catalina.core.ApplicationFilterChain.doFilter(ApplicationFilterChain.java:166)
	at org.springframework.web.filter.HiddenHttpMethodFilter.doFilterInternal(HiddenHttpMethodFilter.java:81)
	at org.springframework.web.filter.OncePerRequestFilter.doFilter(OncePerRequestFilter.java:107)
	at org.apache.catalina.core.ApplicationFilterChain.internalDoFilter(ApplicationFilterChain.java:193)
	at org.apache.catalina.core.ApplicationFilterChain.doFilter(ApplicationFilterChain.java:166)
	at org.springframework.web.filter.CharacterEncodingFilter.doFilterInternal(CharacterEncodingFilter.java:197)
	at org.springframework.web.filter.OncePerRequestFilter.doFilter(OncePerRequestFilter.java:107)
	at org.apache.catalina.core.ApplicationFilterChain.internalDoFilter(ApplicationFilterChain.java:193)
	at org.apache.catalina.core.ApplicationFilterChain.doFilter(ApplicationFilterChain.java:166)
	at org.apache.catalina.core.StandardWrapperValve.invoke(StandardWrapperValve.java:199)
	at org.apache.catalina.core.StandardContextValve.invoke(StandardContextValve.java:96)
	at org.apache.catalina.authenticator.AuthenticatorBase.invoke(AuthenticatorBase.java:478)
	at org.apache.catalina.core.StandardHostValve.invoke(StandardHostValve.java:140)
	at org.apache.catalina.valves.ErrorReportValve.invoke(ErrorReportValve.java:81)
	at org.apache.catalina.core.StandardEngineValve.invoke(StandardEngineValve.java:87)
	at org.apache.catalina.connector.CoyoteAdapter.service(CoyoteAdapter.java:342)
	at org.apache.coyote.http11.Http11Processor.service(Http11Processor.java:803)
	at org.apache.coyote.AbstractProcessorLight.process(AbstractProcessorLight.java:66)
	at org.apache.coyote.AbstractProtocol$ConnectionHandler.process(AbstractProtocol.java:868)
	at org.apache.tomcat.util.net.NioEndpoint$SocketProcessor.doRun(NioEndpoint.java:1459)
	at org.apache.tomcat.util.net.SocketProcessorBase.run(SocketProcessorBase.java:49)
	at java.util.concurrent.ThreadPoolExecutor.runWorker(ThreadPoolExecutor.java:1149)
	at java.util.concurrent.ThreadPoolExecutor$Worker.run(ThreadPoolExecutor.java:624)
	at org.apache.tomcat.util.threads.TaskThread$WrappingRunnable.run(TaskThread.java:61)
	at java.lang.Thread.run(Thread.java:748)
67899 [http-nio-8080-exec-9] DEBUG o.s.s.w.u.matcher.AndRequestMatcher - Trying to match using Ant [pattern='/**', GET]
67899 [http-nio-8080-exec-9] DEBUG o.s.s.w.u.m.AntPathRequestMatcher - Request '/temp' matched by universal pattern '/**'
67899 [http-nio-8080-exec-9] DEBUG o.s.s.w.u.matcher.AndRequestMatcher - Trying to match using NegatedRequestMatcher [requestMatcher=Ant [pattern='/**/favicon.ico']]
67899 [http-nio-8080-exec-9] DEBUG o.s.s.w.u.m.AntPathRequestMatcher - Checking match of request : '/temp'; against '/**/favicon.ico'
67899 [http-nio-8080-exec-9] DEBUG o.s.s.w.u.m.NegatedRequestMatcher - matches = true
67899 [http-nio-8080-exec-9] DEBUG o.s.s.w.u.matcher.AndRequestMatcher - Trying to match using NegatedRequestMatcher [requestMatcher=MediaTypeRequestMatcher [contentNegotiationStrategy=org.springframework.web.accept.ContentNegotiationManager@6fa23f80, matchingMediaTypes=[application/json], useEquals=false, ignoredMediaTypes=[*/*]]]
67899 [http-nio-8080-exec-9] DEBUG o.s.s.w.u.m.MediaTypeRequestMatcher - httpRequestMediaTypes=[text/html, application/xhtml+xml, image/webp, image/apng, application/xml;q=0.9, */*;q=0.8]
67899 [http-nio-8080-exec-9] DEBUG o.s.s.w.u.m.MediaTypeRequestMatcher - Processing text/html
67899 [http-nio-8080-exec-9] DEBUG o.s.s.w.u.m.MediaTypeRequestMatcher - application/json .isCompatibleWith text/html = false
67900 [http-nio-8080-exec-9] DEBUG o.s.s.w.u.m.MediaTypeRequestMatcher - Processing application/xhtml+xml
67900 [http-nio-8080-exec-9] DEBUG o.s.s.w.u.m.MediaTypeRequestMatcher - application/json .isCompatibleWith application/xhtml+xml = false
67900 [http-nio-8080-exec-9] DEBUG o.s.s.w.u.m.MediaTypeRequestMatcher - Processing image/webp
67900 [http-nio-8080-exec-9] DEBUG o.s.s.w.u.m.MediaTypeRequestMatcher - application/json .isCompatibleWith image/webp = false
67900 [http-nio-8080-exec-9] DEBUG o.s.s.w.u.m.MediaTypeRequestMatcher - Processing image/apng
67900 [http-nio-8080-exec-9] DEBUG o.s.s.w.u.m.MediaTypeRequestMatcher - application/json .isCompatibleWith image/apng = false
67900 [http-nio-8080-exec-9] DEBUG o.s.s.w.u.m.MediaTypeRequestMatcher - Processing application/xml;q=0.9
67900 [http-nio-8080-exec-9] DEBUG o.s.s.w.u.m.MediaTypeRequestMatcher - application/json .isCompatibleWith application/xml;q=0.9 = false
67900 [http-nio-8080-exec-9] DEBUG o.s.s.w.u.m.MediaTypeRequestMatcher - Processing */*;q=0.8
67900 [http-nio-8080-exec-9] DEBUG o.s.s.w.u.m.MediaTypeRequestMatcher - Ignoring
67900 [http-nio-8080-exec-9] DEBUG o.s.s.w.u.m.MediaTypeRequestMatcher - Did not match any media types
67900 [http-nio-8080-exec-9] DEBUG o.s.s.w.u.m.NegatedRequestMatcher - matches = true
67900 [http-nio-8080-exec-9] DEBUG o.s.s.w.u.matcher.AndRequestMatcher - Trying to match using NegatedRequestMatcher [requestMatcher=RequestHeaderRequestMatcher [expectedHeaderName=X-Requested-With, expectedHeaderValue=XMLHttpRequest]]
67900 [http-nio-8080-exec-9] DEBUG o.s.s.w.u.m.NegatedRequestMatcher - matches = true
67900 [http-nio-8080-exec-9] DEBUG o.s.s.w.u.matcher.AndRequestMatcher - All requestMatchers returned true
67902 [http-nio-8080-exec-9] DEBUG o.s.s.w.s.HttpSessionRequestCache - DefaultSavedRequest added to Session: DefaultSavedRequest[http://localhost:8080/temp]
67902 [http-nio-8080-exec-9] DEBUG o.s.s.w.a.ExceptionTranslationFilter - Calling Authentication entry point.
67903 [http-nio-8080-exec-9] DEBUG o.s.s.web.DefaultRedirectStrategy - Redirecting to 'http://localhost:8080/login'
67903 [http-nio-8080-exec-9] DEBUG o.s.s.w.c.HttpSessionSecurityContextRepository - SecurityContext is empty or contents are anonymous - context will not be stored in HttpSession.
67904 [http-nio-8080-exec-9] DEBUG o.s.s.w.c.SecurityContextPersistenceFilter - SecurityContextHolder now cleared, as request processing completed
67908 [http-nio-8080-exec-10] DEBUG o.s.s.w.u.matcher.OrRequestMatcher - Trying to match using Ant [pattern='/css/**']
67908 [http-nio-8080-exec-10] DEBUG o.s.s.w.u.m.AntPathRequestMatcher - Checking match of request : '/login'; against '/css/**'
67908 [http-nio-8080-exec-10] DEBUG o.s.s.w.u.matcher.OrRequestMatcher - Trying to match using Ant [pattern='/js/**']
67908 [http-nio-8080-exec-10] DEBUG o.s.s.w.u.m.AntPathRequestMatcher - Checking match of request : '/login'; against '/js/**'
67908 [http-nio-8080-exec-10] DEBUG o.s.s.w.u.matcher.OrRequestMatcher - Trying to match using Ant [pattern='/images/**']
67908 [http-nio-8080-exec-10] DEBUG o.s.s.w.u.m.AntPathRequestMatcher - Checking match of request : '/login'; against '/images/**'
67908 [http-nio-8080-exec-10] DEBUG o.s.s.w.u.matcher.OrRequestMatcher - Trying to match using Ant [pattern='/webjars/**']
67909 [http-nio-8080-exec-10] DEBUG o.s.s.w.u.m.AntPathRequestMatcher - Checking match of request : '/login'; against '/webjars/**'
67909 [http-nio-8080-exec-10] DEBUG o.s.s.w.u.matcher.OrRequestMatcher - Trying to match using Ant [pattern='/**/favicon.ico']
67909 [http-nio-8080-exec-10] DEBUG o.s.s.w.u.m.AntPathRequestMatcher - Checking match of request : '/login'; against '/**/favicon.ico'
67909 [http-nio-8080-exec-10] DEBUG o.s.s.w.u.matcher.OrRequestMatcher - Trying to match using Ant [pattern='/error']
67909 [http-nio-8080-exec-10] DEBUG o.s.s.w.u.m.AntPathRequestMatcher - Checking match of request : '/login'; against '/error'
67909 [http-nio-8080-exec-10] DEBUG o.s.s.w.u.matcher.OrRequestMatcher - No matches found
67909 [http-nio-8080-exec-10] DEBUG o.s.security.web.FilterChainProxy - /login at position 1 of 12 in additional filter chain; firing Filter: 'WebAsyncManagerIntegrationFilter'
67909 [http-nio-8080-exec-10] DEBUG o.s.security.web.FilterChainProxy - /login at position 2 of 12 in additional filter chain; firing Filter: 'SecurityContextPersistenceFilter'
67909 [http-nio-8080-exec-10] DEBUG o.s.s.w.c.HttpSessionSecurityContextRepository - HttpSession returned null object for SPRING_SECURITY_CONTEXT
67909 [http-nio-8080-exec-10] DEBUG o.s.s.w.c.HttpSessionSecurityContextRepository - No SecurityContext was available from the HttpSession: org.apache.catalina.session.StandardSessionFacade@d7f8712. A new one will be created.
67909 [http-nio-8080-exec-10] DEBUG o.s.security.web.FilterChainProxy - /login at position 3 of 12 in additional filter chain; firing Filter: 'HeaderWriterFilter'
67909 [http-nio-8080-exec-10] DEBUG o.s.s.w.h.writers.HstsHeaderWriter - Not injecting HSTS header since it did not match the requestMatcher org.springframework.security.web.header.writers.HstsHeaderWriter$SecureRequestMatcher@4d734a35
67909 [http-nio-8080-exec-10] DEBUG o.s.security.web.FilterChainProxy - /login at position 4 of 12 in additional filter chain; firing Filter: 'CsrfFilter'
67909 [http-nio-8080-exec-10] DEBUG o.s.security.web.FilterChainProxy - /login at position 5 of 12 in additional filter chain; firing Filter: 'LogoutFilter'
67909 [http-nio-8080-exec-10] DEBUG o.s.s.w.u.m.AntPathRequestMatcher - Request 'GET /login' doesn't match 'POST /logout
67909 [http-nio-8080-exec-10] DEBUG o.s.security.web.FilterChainProxy - /login at position 6 of 12 in additional filter chain; firing Filter: 'UsernamePasswordAuthenticationFilter'
67909 [http-nio-8080-exec-10] DEBUG o.s.s.w.u.m.AntPathRequestMatcher - Request 'GET /login' doesn't match 'POST /login
67909 [http-nio-8080-exec-10] DEBUG o.s.security.web.FilterChainProxy - /login at position 7 of 12 in additional filter chain; firing Filter: 'RequestCacheAwareFilter'
67909 [http-nio-8080-exec-10] DEBUG o.s.s.w.s.DefaultSavedRequest - pathInfo: both null (property equals)
67909 [http-nio-8080-exec-10] DEBUG o.s.s.w.s.DefaultSavedRequest - queryString: both null (property equals)
67909 [http-nio-8080-exec-10] DEBUG o.s.s.w.s.DefaultSavedRequest - requestURI: arg1=/temp; arg2=/login (property not equals)
67909 [http-nio-8080-exec-10] DEBUG o.s.s.w.s.HttpSessionRequestCache - saved request doesn't match
67909 [http-nio-8080-exec-10] DEBUG o.s.security.web.FilterChainProxy - /login at position 8 of 12 in additional filter chain; firing Filter: 'SecurityContextHolderAwareRequestFilter'
67909 [http-nio-8080-exec-10] DEBUG o.s.security.web.FilterChainProxy - /login at position 9 of 12 in additional filter chain; firing Filter: 'AnonymousAuthenticationFilter'
67910 [http-nio-8080-exec-10] DEBUG o.s.s.w.a.AnonymousAuthenticationFilter - Populated SecurityContextHolder with anonymous token: 'org.springframework.security.authentication.AnonymousAuthenticationToken@905571d8: Principal: anonymousUser; Credentials: [PROTECTED]; Authenticated: true; Details: org.springframework.security.web.authentication.WebAuthenticationDetails@0: RemoteIpAddress: 0:0:0:0:0:0:0:1; SessionId: B1D04819B1B242C985185C98A41BA587; Granted Authorities: ROLE_ANONYMOUS'
67910 [http-nio-8080-exec-10] DEBUG o.s.security.web.FilterChainProxy - /login at position 10 of 12 in additional filter chain; firing Filter: 'SessionManagementFilter'
67910 [http-nio-8080-exec-10] DEBUG o.s.security.web.FilterChainProxy - /login at position 11 of 12 in additional filter chain; firing Filter: 'ExceptionTranslationFilter'
67910 [http-nio-8080-exec-10] DEBUG o.s.security.web.FilterChainProxy - /login at position 12 of 12 in additional filter chain; firing Filter: 'FilterSecurityInterceptor'
67910 [http-nio-8080-exec-10] DEBUG o.s.s.w.a.i.FilterSecurityInterceptor - Secure object: FilterInvocation: URL: /login; Attributes: [permitAll]
67910 [http-nio-8080-exec-10] DEBUG o.s.s.w.a.i.FilterSecurityInterceptor - Previously Authenticated: org.springframework.security.authentication.AnonymousAuthenticationToken@905571d8: Principal: anonymousUser; Credentials: [PROTECTED]; Authenticated: true; Details: org.springframework.security.web.authentication.WebAuthenticationDetails@0: RemoteIpAddress: 0:0:0:0:0:0:0:1; SessionId: B1D04819B1B242C985185C98A41BA587; Granted Authorities: ROLE_ANONYMOUS
67910 [http-nio-8080-exec-10] DEBUG o.s.s.access.vote.AffirmativeBased - Voter: org.springframework.security.web.access.expression.WebExpressionVoter@2f033ec9, returned: 1
67910 [http-nio-8080-exec-10] DEBUG o.s.s.w.a.i.FilterSecurityInterceptor - Authorization successful
67910 [http-nio-8080-exec-10] DEBUG o.s.s.w.a.i.FilterSecurityInterceptor - RunAsManager did not change Authentication object
67910 [http-nio-8080-exec-10] DEBUG o.s.security.web.FilterChainProxy - /login reached end of additional filter chain; proceeding with original chain
67954 [http-nio-8080-exec-10] DEBUG o.s.s.w.c.HttpSessionSecurityContextRepository - SecurityContext is empty or contents are anonymous - context will not be stored in HttpSession.
67956 [http-nio-8080-exec-10] DEBUG o.s.s.w.a.ExceptionTranslationFilter - Chain processed normally
67956 [http-nio-8080-exec-10] DEBUG o.s.s.w.c.SecurityContextPersistenceFilter - SecurityContextHolder now cleared, as request processing completed
67962 [http-nio-8080-exec-1] DEBUG o.s.s.w.u.matcher.OrRequestMatcher - Trying to match using Ant [pattern='/css/**']
67962 [http-nio-8080-exec-2] DEBUG o.s.s.w.u.matcher.OrRequestMatcher - Trying to match using Ant [pattern='/css/**']
67962 [http-nio-8080-exec-4] DEBUG o.s.s.w.u.matcher.OrRequestMatcher - Trying to match using Ant [pattern='/css/**']
67962 [http-nio-8080-exec-1] DEBUG o.s.s.w.u.m.AntPathRequestMatcher - Checking match of request : '/bootstrap/css/bootstrap.css'; against '/css/**'
67962 [http-nio-8080-exec-4] DEBUG o.s.s.w.u.m.AntPathRequestMatcher - Checking match of request : '/bootstrap/js/bootstrap.js'; against '/css/**'
67962 [http-nio-8080-exec-2] DEBUG o.s.s.w.u.m.AntPathRequestMatcher - Checking match of request : '/jquery/jquery-2.1.3.js'; against '/css/**'
67962 [http-nio-8080-exec-1] DEBUG o.s.s.w.u.matcher.OrRequestMatcher - Trying to match using Ant [pattern='/js/**']
67962 [http-nio-8080-exec-4] DEBUG o.s.s.w.u.matcher.OrRequestMatcher - Trying to match using Ant [pattern='/js/**']
67962 [http-nio-8080-exec-1] DEBUG o.s.s.w.u.m.AntPathRequestMatcher - Checking match of request : '/bootstrap/css/bootstrap.css'; against '/js/**'
67962 [http-nio-8080-exec-4] DEBUG o.s.s.w.u.m.AntPathRequestMatcher - Checking match of request : '/bootstrap/js/bootstrap.js'; against '/js/**'
67962 [http-nio-8080-exec-1] DEBUG o.s.s.w.u.matcher.OrRequestMatcher - Trying to match using Ant [pattern='/images/**']
67962 [http-nio-8080-exec-4] DEBUG o.s.s.w.u.matcher.OrRequestMatcher - Trying to match using Ant [pattern='/images/**']
67962 [http-nio-8080-exec-1] DEBUG o.s.s.w.u.m.AntPathRequestMatcher - Checking match of request : '/bootstrap/css/bootstrap.css'; against '/images/**'
67962 [http-nio-8080-exec-4] DEBUG o.s.s.w.u.m.AntPathRequestMatcher - Checking match of request : '/bootstrap/js/bootstrap.js'; against '/images/**'
67962 [http-nio-8080-exec-2] DEBUG o.s.s.w.u.matcher.OrRequestMatcher - Trying to match using Ant [pattern='/js/**']
67962 [http-nio-8080-exec-1] DEBUG o.s.s.w.u.matcher.OrRequestMatcher - Trying to match using Ant [pattern='/webjars/**']
67962 [http-nio-8080-exec-4] DEBUG o.s.s.w.u.matcher.OrRequestMatcher - Trying to match using Ant [pattern='/webjars/**']
67962 [http-nio-8080-exec-1] DEBUG o.s.s.w.u.m.AntPathRequestMatcher - Checking match of request : '/bootstrap/css/bootstrap.css'; against '/webjars/**'
67962 [http-nio-8080-exec-4] DEBUG o.s.s.w.u.m.AntPathRequestMatcher - Checking match of request : '/bootstrap/js/bootstrap.js'; against '/webjars/**'
67962 [http-nio-8080-exec-1] DEBUG o.s.s.w.u.matcher.OrRequestMatcher - Trying to match using Ant [pattern='/**/favicon.ico']
67962 [http-nio-8080-exec-4] DEBUG o.s.s.w.u.matcher.OrRequestMatcher - Trying to match using Ant [pattern='/**/favicon.ico']
67963 [http-nio-8080-exec-1] DEBUG o.s.s.w.u.m.AntPathRequestMatcher - Checking match of request : '/bootstrap/css/bootstrap.css'; against '/**/favicon.ico'
67963 [http-nio-8080-exec-4] DEBUG o.s.s.w.u.m.AntPathRequestMatcher - Checking match of request : '/bootstrap/js/bootstrap.js'; against '/**/favicon.ico'
67963 [http-nio-8080-exec-1] DEBUG o.s.s.w.u.matcher.OrRequestMatcher - Trying to match using Ant [pattern='/error']
67963 [http-nio-8080-exec-2] DEBUG o.s.s.w.u.m.AntPathRequestMatcher - Checking match of request : '/jquery/jquery-2.1.3.js'; against '/js/**'
67963 [http-nio-8080-exec-4] DEBUG o.s.s.w.u.matcher.OrRequestMatcher - Trying to match using Ant [pattern='/error']
67963 [http-nio-8080-exec-1] DEBUG o.s.s.w.u.m.AntPathRequestMatcher - Checking match of request : '/bootstrap/css/bootstrap.css'; against '/error'
67963 [http-nio-8080-exec-4] DEBUG o.s.s.w.u.m.AntPathRequestMatcher - Checking match of request : '/bootstrap/js/bootstrap.js'; against '/error'
67963 [http-nio-8080-exec-2] DEBUG o.s.s.w.u.matcher.OrRequestMatcher - Trying to match using Ant [pattern='/images/**']
67963 [http-nio-8080-exec-1] DEBUG o.s.s.w.u.matcher.OrRequestMatcher - No matches found
67963 [http-nio-8080-exec-4] DEBUG o.s.s.w.u.matcher.OrRequestMatcher - No matches found
67966 [http-nio-8080-exec-2] DEBUG o.s.s.w.u.m.AntPathRequestMatcher - Checking match of request : '/jquery/jquery-2.1.3.js'; against '/images/**'
67966 [http-nio-8080-exec-1] DEBUG o.s.security.web.FilterChainProxy - /bootstrap/css/bootstrap.css at position 1 of 12 in additional filter chain; firing Filter: 'WebAsyncManagerIntegrationFilter'
67966 [http-nio-8080-exec-4] DEBUG o.s.security.web.FilterChainProxy - /bootstrap/js/bootstrap.js at position 1 of 12 in additional filter chain; firing Filter: 'WebAsyncManagerIntegrationFilter'
67966 [http-nio-8080-exec-2] DEBUG o.s.s.w.u.matcher.OrRequestMatcher - Trying to match using Ant [pattern='/webjars/**']
67966 [http-nio-8080-exec-1] DEBUG o.s.security.web.FilterChainProxy - /bootstrap/css/bootstrap.css at position 2 of 12 in additional filter chain; firing Filter: 'SecurityContextPersistenceFilter'
67966 [http-nio-8080-exec-2] DEBUG o.s.s.w.u.m.AntPathRequestMatcher - Checking match of request : '/jquery/jquery-2.1.3.js'; against '/webjars/**'
67966 [http-nio-8080-exec-4] DEBUG o.s.security.web.FilterChainProxy - /bootstrap/js/bootstrap.js at position 2 of 12 in additional filter chain; firing Filter: 'SecurityContextPersistenceFilter'
67966 [http-nio-8080-exec-2] DEBUG o.s.s.w.u.matcher.OrRequestMatcher - Trying to match using Ant [pattern='/**/favicon.ico']
67966 [http-nio-8080-exec-1] DEBUG o.s.s.w.c.HttpSessionSecurityContextRepository - HttpSession returned null object for SPRING_SECURITY_CONTEXT
67966 [http-nio-8080-exec-2] DEBUG o.s.s.w.u.m.AntPathRequestMatcher - Checking match of request : '/jquery/jquery-2.1.3.js'; against '/**/favicon.ico'
67966 [http-nio-8080-exec-4] DEBUG o.s.s.w.c.HttpSessionSecurityContextRepository - HttpSession returned null object for SPRING_SECURITY_CONTEXT
67966 [http-nio-8080-exec-2] DEBUG o.s.s.w.u.matcher.OrRequestMatcher - Trying to match using Ant [pattern='/error']
67966 [http-nio-8080-exec-1] DEBUG o.s.s.w.c.HttpSessionSecurityContextRepository - No SecurityContext was available from the HttpSession: org.apache.catalina.session.StandardSessionFacade@d7f8712. A new one will be created.
67967 [http-nio-8080-exec-4] DEBUG o.s.s.w.c.HttpSessionSecurityContextRepository - No SecurityContext was available from the HttpSession: org.apache.catalina.session.StandardSessionFacade@d7f8712. A new one will be created.
67967 [http-nio-8080-exec-2] DEBUG o.s.s.w.u.m.AntPathRequestMatcher - Checking match of request : '/jquery/jquery-2.1.3.js'; against '/error'
67967 [http-nio-8080-exec-1] DEBUG o.s.security.web.FilterChainProxy - /bootstrap/css/bootstrap.css at position 3 of 12 in additional filter chain; firing Filter: 'HeaderWriterFilter'
67967 [http-nio-8080-exec-4] DEBUG o.s.security.web.FilterChainProxy - /bootstrap/js/bootstrap.js at position 3 of 12 in additional filter chain; firing Filter: 'HeaderWriterFilter'
67967 [http-nio-8080-exec-2] DEBUG o.s.s.w.u.matcher.OrRequestMatcher - No matches found
67967 [http-nio-8080-exec-2] DEBUG o.s.security.web.FilterChainProxy - /jquery/jquery-2.1.3.js at position 1 of 12 in additional filter chain; firing Filter: 'WebAsyncManagerIntegrationFilter'
67967 [http-nio-8080-exec-2] DEBUG o.s.security.web.FilterChainProxy - /jquery/jquery-2.1.3.js at position 2 of 12 in additional filter chain; firing Filter: 'SecurityContextPersistenceFilter'
67967 [http-nio-8080-exec-1] DEBUG o.s.s.w.h.writers.HstsHeaderWriter - Not injecting HSTS header since it did not match the requestMatcher org.springframework.security.web.header.writers.HstsHeaderWriter$SecureRequestMatcher@4d734a35
67967 [http-nio-8080-exec-2] DEBUG o.s.s.w.c.HttpSessionSecurityContextRepository - HttpSession returned null object for SPRING_SECURITY_CONTEXT
67967 [http-nio-8080-exec-4] DEBUG o.s.s.w.h.writers.HstsHeaderWriter - Not injecting HSTS header since it did not match the requestMatcher org.springframework.security.web.header.writers.HstsHeaderWriter$SecureRequestMatcher@4d734a35
67967 [http-nio-8080-exec-1] DEBUG o.s.security.web.FilterChainProxy - /bootstrap/css/bootstrap.css at position 4 of 12 in additional filter chain; firing Filter: 'CsrfFilter'
67967 [http-nio-8080-exec-2] DEBUG o.s.s.w.c.HttpSessionSecurityContextRepository - No SecurityContext was available from the HttpSession: org.apache.catalina.session.StandardSessionFacade@d7f8712. A new one will be created.
67968 [http-nio-8080-exec-4] DEBUG o.s.security.web.FilterChainProxy - /bootstrap/js/bootstrap.js at position 4 of 12 in additional filter chain; firing Filter: 'CsrfFilter'
67968 [http-nio-8080-exec-1] DEBUG o.s.security.web.FilterChainProxy - /bootstrap/css/bootstrap.css at position 5 of 12 in additional filter chain; firing Filter: 'LogoutFilter'
67968 [http-nio-8080-exec-2] DEBUG o.s.security.web.FilterChainProxy - /jquery/jquery-2.1.3.js at position 3 of 12 in additional filter chain; firing Filter: 'HeaderWriterFilter'
67968 [http-nio-8080-exec-1] DEBUG o.s.s.w.u.m.AntPathRequestMatcher - Request 'GET /bootstrap/css/bootstrap.css' doesn't match 'POST /logout
67968 [http-nio-8080-exec-4] DEBUG o.s.security.web.FilterChainProxy - /bootstrap/js/bootstrap.js at position 5 of 12 in additional filter chain; firing Filter: 'LogoutFilter'
67968 [http-nio-8080-exec-1] DEBUG o.s.security.web.FilterChainProxy - /bootstrap/css/bootstrap.css at position 6 of 12 in additional filter chain; firing Filter: 'UsernamePasswordAuthenticationFilter'
67968 [http-nio-8080-exec-4] DEBUG o.s.s.w.u.m.AntPathRequestMatcher - Request 'GET /bootstrap/js/bootstrap.js' doesn't match 'POST /logout
67968 [http-nio-8080-exec-1] DEBUG o.s.s.w.u.m.AntPathRequestMatcher - Request 'GET /bootstrap/css/bootstrap.css' doesn't match 'POST /login
67968 [http-nio-8080-exec-4] DEBUG o.s.security.web.FilterChainProxy - /bootstrap/js/bootstrap.js at position 6 of 12 in additional filter chain; firing Filter: 'UsernamePasswordAuthenticationFilter'
67968 [http-nio-8080-exec-1] DEBUG o.s.security.web.FilterChainProxy - /bootstrap/css/bootstrap.css at position 7 of 12 in additional filter chain; firing Filter: 'RequestCacheAwareFilter'
67968 [http-nio-8080-exec-4] DEBUG o.s.s.w.u.m.AntPathRequestMatcher - Request 'GET /bootstrap/js/bootstrap.js' doesn't match 'POST /login
67968 [http-nio-8080-exec-1] DEBUG o.s.s.w.s.DefaultSavedRequest - pathInfo: both null (property equals)
67968 [http-nio-8080-exec-4] DEBUG o.s.security.web.FilterChainProxy - /bootstrap/js/bootstrap.js at position 7 of 12 in additional filter chain; firing Filter: 'RequestCacheAwareFilter'
67968 [http-nio-8080-exec-1] DEBUG o.s.s.w.s.DefaultSavedRequest - queryString: both null (property equals)
67968 [http-nio-8080-exec-4] DEBUG o.s.s.w.s.DefaultSavedRequest - pathInfo: both null (property equals)
67968 [http-nio-8080-exec-1] DEBUG o.s.s.w.s.DefaultSavedRequest - requestURI: arg1=/temp; arg2=/bootstrap/css/bootstrap.css (property not equals)
67968 [http-nio-8080-exec-4] DEBUG o.s.s.w.s.DefaultSavedRequest - queryString: both null (property equals)
67968 [http-nio-8080-exec-1] DEBUG o.s.s.w.s.HttpSessionRequestCache - saved request doesn't match
67968 [http-nio-8080-exec-4] DEBUG o.s.s.w.s.DefaultSavedRequest - requestURI: arg1=/temp; arg2=/bootstrap/js/bootstrap.js (property not equals)
67968 [http-nio-8080-exec-1] DEBUG o.s.security.web.FilterChainProxy - /bootstrap/css/bootstrap.css at position 8 of 12 in additional filter chain; firing Filter: 'SecurityContextHolderAwareRequestFilter'
67968 [http-nio-8080-exec-4] DEBUG o.s.s.w.s.HttpSessionRequestCache - saved request doesn't match
67968 [http-nio-8080-exec-1] DEBUG o.s.security.web.FilterChainProxy - /bootstrap/css/bootstrap.css at position 9 of 12 in additional filter chain; firing Filter: 'AnonymousAuthenticationFilter'
67968 [http-nio-8080-exec-4] DEBUG o.s.security.web.FilterChainProxy - /bootstrap/js/bootstrap.js at position 8 of 12 in additional filter chain; firing Filter: 'SecurityContextHolderAwareRequestFilter'
67968 [http-nio-8080-exec-2] DEBUG o.s.s.w.h.writers.HstsHeaderWriter - Not injecting HSTS header since it did not match the requestMatcher org.springframework.security.web.header.writers.HstsHeaderWriter$SecureRequestMatcher@4d734a35
67968 [http-nio-8080-exec-4] DEBUG o.s.security.web.FilterChainProxy - /bootstrap/js/bootstrap.js at position 9 of 12 in additional filter chain; firing Filter: 'AnonymousAuthenticationFilter'
67968 [http-nio-8080-exec-1] DEBUG o.s.s.w.a.AnonymousAuthenticationFilter - Populated SecurityContextHolder with anonymous token: 'org.springframework.security.authentication.AnonymousAuthenticationToken@905571d8: Principal: anonymousUser; Credentials: [PROTECTED]; Authenticated: true; Details: org.springframework.security.web.authentication.WebAuthenticationDetails@0: RemoteIpAddress: 0:0:0:0:0:0:0:1; SessionId: B1D04819B1B242C985185C98A41BA587; Granted Authorities: ROLE_ANONYMOUS'
67969 [http-nio-8080-exec-2] DEBUG o.s.security.web.FilterChainProxy - /jquery/jquery-2.1.3.js at position 4 of 12 in additional filter chain; firing Filter: 'CsrfFilter'
67970 [http-nio-8080-exec-4] DEBUG o.s.s.w.a.AnonymousAuthenticationFilter - Populated SecurityContextHolder with anonymous token: 'org.springframework.security.authentication.AnonymousAuthenticationToken@905571d8: Principal: anonymousUser; Credentials: [PROTECTED]; Authenticated: true; Details: org.springframework.security.web.authentication.WebAuthenticationDetails@0: RemoteIpAddress: 0:0:0:0:0:0:0:1; SessionId: B1D04819B1B242C985185C98A41BA587; Granted Authorities: ROLE_ANONYMOUS'
67970 [http-nio-8080-exec-1] DEBUG o.s.security.web.FilterChainProxy - /bootstrap/css/bootstrap.css at position 10 of 12 in additional filter chain; firing Filter: 'SessionManagementFilter'
67970 [http-nio-8080-exec-4] DEBUG o.s.security.web.FilterChainProxy - /bootstrap/js/bootstrap.js at position 10 of 12 in additional filter chain; firing Filter: 'SessionManagementFilter'
67970 [http-nio-8080-exec-2] DEBUG o.s.security.web.FilterChainProxy - /jquery/jquery-2.1.3.js at position 5 of 12 in additional filter chain; firing Filter: 'LogoutFilter'
67970 [http-nio-8080-exec-1] DEBUG o.s.security.web.FilterChainProxy - /bootstrap/css/bootstrap.css at position 11 of 12 in additional filter chain; firing Filter: 'ExceptionTranslationFilter'
67970 [http-nio-8080-exec-4] DEBUG o.s.security.web.FilterChainProxy - /bootstrap/js/bootstrap.js at position 11 of 12 in additional filter chain; firing Filter: 'ExceptionTranslationFilter'
67970 [http-nio-8080-exec-2] DEBUG o.s.s.w.u.m.AntPathRequestMatcher - Request 'GET /jquery/jquery-2.1.3.js' doesn't match 'POST /logout
67970 [http-nio-8080-exec-1] DEBUG o.s.security.web.FilterChainProxy - /bootstrap/css/bootstrap.css at position 12 of 12 in additional filter chain; firing Filter: 'FilterSecurityInterceptor'
67971 [http-nio-8080-exec-2] DEBUG o.s.security.web.FilterChainProxy - /jquery/jquery-2.1.3.js at position 6 of 12 in additional filter chain; firing Filter: 'UsernamePasswordAuthenticationFilter'
67970 [http-nio-8080-exec-4] DEBUG o.s.security.web.FilterChainProxy - /bootstrap/js/bootstrap.js at position 12 of 12 in additional filter chain; firing Filter: 'FilterSecurityInterceptor'
67971 [http-nio-8080-exec-1] DEBUG o.s.s.w.u.m.AntPathRequestMatcher - Request 'GET /bootstrap/css/bootstrap.css' doesn't match 'POST /logout
67971 [http-nio-8080-exec-2] DEBUG o.s.s.w.u.m.AntPathRequestMatcher - Request 'GET /jquery/jquery-2.1.3.js' doesn't match 'POST /login
67971 [http-nio-8080-exec-4] DEBUG o.s.s.w.u.m.AntPathRequestMatcher - Request 'GET /bootstrap/js/bootstrap.js' doesn't match 'POST /logout
67971 [http-nio-8080-exec-1] DEBUG o.s.s.w.u.m.AntPathRequestMatcher - Checking match of request : '/bootstrap/css/bootstrap.css'; against '/bootstrap/**'
67971 [http-nio-8080-exec-1] DEBUG o.s.s.w.a.i.FilterSecurityInterceptor - Secure object: FilterInvocation: URL: /bootstrap/css/bootstrap.css; Attributes: [permitAll]
67971 [http-nio-8080-exec-2] DEBUG o.s.security.web.FilterChainProxy - /jquery/jquery-2.1.3.js at position 7 of 12 in additional filter chain; firing Filter: 'RequestCacheAwareFilter'
67971 [http-nio-8080-exec-4] DEBUG o.s.s.w.u.m.AntPathRequestMatcher - Checking match of request : '/bootstrap/js/bootstrap.js'; against '/bootstrap/**'
67971 [http-nio-8080-exec-2] DEBUG o.s.s.w.s.DefaultSavedRequest - pathInfo: both null (property equals)
67971 [http-nio-8080-exec-4] DEBUG o.s.s.w.a.i.FilterSecurityInterceptor - Secure object: FilterInvocation: URL: /bootstrap/js/bootstrap.js; Attributes: [permitAll]
67971 [http-nio-8080-exec-1] DEBUG o.s.s.w.a.i.FilterSecurityInterceptor - Previously Authenticated: org.springframework.security.authentication.AnonymousAuthenticationToken@905571d8: Principal: anonymousUser; Credentials: [PROTECTED]; Authenticated: true; Details: org.springframework.security.web.authentication.WebAuthenticationDetails@0: RemoteIpAddress: 0:0:0:0:0:0:0:1; SessionId: B1D04819B1B242C985185C98A41BA587; Granted Authorities: ROLE_ANONYMOUS
67971 [http-nio-8080-exec-2] DEBUG o.s.s.w.s.DefaultSavedRequest - queryString: both null (property equals)
67971 [http-nio-8080-exec-4] DEBUG o.s.s.w.a.i.FilterSecurityInterceptor - Previously Authenticated: org.springframework.security.authentication.AnonymousAuthenticationToken@905571d8: Principal: anonymousUser; Credentials: [PROTECTED]; Authenticated: true; Details: org.springframework.security.web.authentication.WebAuthenticationDetails@0: RemoteIpAddress: 0:0:0:0:0:0:0:1; SessionId: B1D04819B1B242C985185C98A41BA587; Granted Authorities: ROLE_ANONYMOUS
67971 [http-nio-8080-exec-2] DEBUG o.s.s.w.s.DefaultSavedRequest - requestURI: arg1=/temp; arg2=/jquery/jquery-2.1.3.js (property not equals)
67971 [http-nio-8080-exec-2] DEBUG o.s.s.w.s.HttpSessionRequestCache - saved request doesn't match
67971 [http-nio-8080-exec-2] DEBUG o.s.security.web.FilterChainProxy - /jquery/jquery-2.1.3.js at position 8 of 12 in additional filter chain; firing Filter: 'SecurityContextHolderAwareRequestFilter'
67971 [http-nio-8080-exec-2] DEBUG o.s.security.web.FilterChainProxy - /jquery/jquery-2.1.3.js at position 9 of 12 in additional filter chain; firing Filter: 'AnonymousAuthenticationFilter'
67971 [http-nio-8080-exec-2] DEBUG o.s.s.w.a.AnonymousAuthenticationFilter - Populated SecurityContextHolder with anonymous token: 'org.springframework.security.authentication.AnonymousAuthenticationToken@905571d8: Principal: anonymousUser; Credentials: [PROTECTED]; Authenticated: true; Details: org.springframework.security.web.authentication.WebAuthenticationDetails@0: RemoteIpAddress: 0:0:0:0:0:0:0:1; SessionId: B1D04819B1B242C985185C98A41BA587; Granted Authorities: ROLE_ANONYMOUS'
67971 [http-nio-8080-exec-2] DEBUG o.s.security.web.FilterChainProxy - /jquery/jquery-2.1.3.js at position 10 of 12 in additional filter chain; firing Filter: 'SessionManagementFilter'
67971 [http-nio-8080-exec-2] DEBUG o.s.security.web.FilterChainProxy - /jquery/jquery-2.1.3.js at position 11 of 12 in additional filter chain; firing Filter: 'ExceptionTranslationFilter'
67972 [http-nio-8080-exec-2] DEBUG o.s.security.web.FilterChainProxy - /jquery/jquery-2.1.3.js at position 12 of 12 in additional filter chain; firing Filter: 'FilterSecurityInterceptor'
67972 [http-nio-8080-exec-2] DEBUG o.s.s.w.u.m.AntPathRequestMatcher - Request 'GET /jquery/jquery-2.1.3.js' doesn't match 'POST /logout
67972 [http-nio-8080-exec-2] DEBUG o.s.s.w.u.m.AntPathRequestMatcher - Checking match of request : '/jquery/jquery-2.1.3.js'; against '/bootstrap/**'
67972 [http-nio-8080-exec-2] DEBUG o.s.s.w.u.m.AntPathRequestMatcher - Checking match of request : '/jquery/jquery-2.1.3.js'; against '/error/**'
67972 [http-nio-8080-exec-2] DEBUG o.s.s.w.u.m.AntPathRequestMatcher - Checking match of request : '/jquery/jquery-2.1.3.js'; against '/img/**'
67972 [http-nio-8080-exec-2] DEBUG o.s.s.w.u.m.AntPathRequestMatcher - Checking match of request : '/jquery/jquery-2.1.3.js'; against '/jquery/**'
67972 [http-nio-8080-exec-2] DEBUG o.s.s.w.a.i.FilterSecurityInterceptor - Secure object: FilterInvocation: URL: /jquery/jquery-2.1.3.js; Attributes: [permitAll]
67972 [http-nio-8080-exec-2] DEBUG o.s.s.w.a.i.FilterSecurityInterceptor - Previously Authenticated: org.springframework.security.authentication.AnonymousAuthenticationToken@905571d8: Principal: anonymousUser; Credentials: [PROTECTED]; Authenticated: true; Details: org.springframework.security.web.authentication.WebAuthenticationDetails@0: RemoteIpAddress: 0:0:0:0:0:0:0:1; SessionId: B1D04819B1B242C985185C98A41BA587; Granted Authorities: ROLE_ANONYMOUS
67972 [http-nio-8080-exec-4] DEBUG o.s.s.access.vote.AffirmativeBased - Voter: org.springframework.security.web.access.expression.WebExpressionVoter@2f033ec9, returned: 1
67972 [http-nio-8080-exec-2] DEBUG o.s.s.access.vote.AffirmativeBased - Voter: org.springframework.security.web.access.expression.WebExpressionVoter@2f033ec9, returned: 1
67972 [http-nio-8080-exec-1] DEBUG o.s.s.access.vote.AffirmativeBased - Voter: org.springframework.security.web.access.expression.WebExpressionVoter@2f033ec9, returned: 1
67973 [http-nio-8080-exec-4] DEBUG o.s.s.w.a.i.FilterSecurityInterceptor - Authorization successful
67973 [http-nio-8080-exec-2] DEBUG o.s.s.w.a.i.FilterSecurityInterceptor - Authorization successful
67973 [http-nio-8080-exec-1] DEBUG o.s.s.w.a.i.FilterSecurityInterceptor - Authorization successful
67973 [http-nio-8080-exec-4] DEBUG o.s.s.w.a.i.FilterSecurityInterceptor - RunAsManager did not change Authentication object
67973 [http-nio-8080-exec-2] DEBUG o.s.s.w.a.i.FilterSecurityInterceptor - RunAsManager did not change Authentication object
67973 [http-nio-8080-exec-4] DEBUG o.s.security.web.FilterChainProxy - /bootstrap/js/bootstrap.js reached end of additional filter chain; proceeding with original chain
67973 [http-nio-8080-exec-1] DEBUG o.s.s.w.a.i.FilterSecurityInterceptor - RunAsManager did not change Authentication object
67973 [http-nio-8080-exec-2] DEBUG o.s.security.web.FilterChainProxy - /jquery/jquery-2.1.3.js reached end of additional filter chain; proceeding with original chain
67973 [http-nio-8080-exec-1] DEBUG o.s.security.web.FilterChainProxy - /bootstrap/css/bootstrap.css reached end of additional filter chain; proceeding with original chain
67977 [http-nio-8080-exec-1] DEBUG o.s.s.w.c.HttpSessionSecurityContextRepository - SecurityContext is empty or contents are anonymous - context will not be stored in HttpSession.
67977 [http-nio-8080-exec-4] DEBUG o.s.s.w.c.HttpSessionSecurityContextRepository - SecurityContext is empty or contents are anonymous - context will not be stored in HttpSession.
67977 [http-nio-8080-exec-2] DEBUG o.s.s.w.c.HttpSessionSecurityContextRepository - SecurityContext is empty or contents are anonymous - context will not be stored in HttpSession.
67979 [http-nio-8080-exec-4] DEBUG o.s.s.w.a.ExceptionTranslationFilter - Chain processed normally
67979 [http-nio-8080-exec-4] DEBUG o.s.s.w.c.SecurityContextPersistenceFilter - SecurityContextHolder now cleared, as request processing completed
67981 [http-nio-8080-exec-1] DEBUG o.s.s.w.a.ExceptionTranslationFilter - Chain processed normally
67981 [http-nio-8080-exec-1] DEBUG o.s.s.w.c.SecurityContextPersistenceFilter - SecurityContextHolder now cleared, as request processing completed
67981 [http-nio-8080-exec-2] DEBUG o.s.s.w.a.ExceptionTranslationFilter - Chain processed normally
67981 [http-nio-8080-exec-2] DEBUG o.s.s.w.c.SecurityContextPersistenceFilter - SecurityContextHolder now cleared, as request processing completed
4422 [restartedMain] DEBUG o.s.s.c.a.a.c.AuthenticationConfiguration$EnableGlobalAuthenticationAutowiredConfigurer - Eagerly initializing {org.springframework.boot.autoconfigure.security.SpringBootWebSecurityConfiguration=org.springframework.boot.autoconfigure.security.SpringBootWebSecurityConfiguration$$EnhancerBySpringCGLIB$$47aa4518@b54360a}
4435 [restartedMain] INFO  o.s.s.w.DefaultSecurityFilterChain - Creating filter chain: OrRequestMatcher [requestMatchers=[Ant [pattern='/css/**'], Ant [pattern='/js/**'], Ant [pattern='/images/**'], Ant [pattern='/webjars/**'], Ant [pattern='/**/favicon.ico'], Ant [pattern='/error']]], []
4497 [restartedMain] DEBUG o.s.s.w.a.e.ExpressionBasedFilterInvocationSecurityMetadataSource - Adding web access control expression 'permitAll', for ExactUrl [processUrl='/login?error']
4498 [restartedMain] DEBUG o.s.s.w.a.e.ExpressionBasedFilterInvocationSecurityMetadataSource - Adding web access control expression 'permitAll', for ExactUrl [processUrl='/login']
4498 [restartedMain] DEBUG o.s.s.w.a.e.ExpressionBasedFilterInvocationSecurityMetadataSource - Adding web access control expression 'permitAll', for ExactUrl [processUrl='/login']
4498 [restartedMain] DEBUG o.s.s.w.a.e.ExpressionBasedFilterInvocationSecurityMetadataSource - Adding web access control expression 'permitAll', for Ant [pattern='/logout', POST]
4499 [restartedMain] DEBUG o.s.s.w.a.e.ExpressionBasedFilterInvocationSecurityMetadataSource - Adding web access control expression 'permitAll', for ExactUrl [processUrl='/login?logout']
4499 [restartedMain] DEBUG o.s.s.w.a.e.ExpressionBasedFilterInvocationSecurityMetadataSource - Adding web access control expression 'permitAll', for Ant [pattern='/bootstrap/**']
4499 [restartedMain] DEBUG o.s.s.w.a.e.ExpressionBasedFilterInvocationSecurityMetadataSource - Adding web access control expression 'permitAll', for Ant [pattern='/error/**']
4499 [restartedMain] DEBUG o.s.s.w.a.e.ExpressionBasedFilterInvocationSecurityMetadataSource - Adding web access control expression 'permitAll', for Ant [pattern='/img/**']
4499 [restartedMain] DEBUG o.s.s.w.a.e.ExpressionBasedFilterInvocationSecurityMetadataSource - Adding web access control expression 'permitAll', for Ant [pattern='/jquery/**']
4499 [restartedMain] DEBUG o.s.s.w.a.e.ExpressionBasedFilterInvocationSecurityMetadataSource - Adding web access control expression 'permitAll', for Ant [pattern='/index.html']
4499 [restartedMain] DEBUG o.s.s.w.a.e.ExpressionBasedFilterInvocationSecurityMetadataSource - Adding web access control expression 'authenticated', for org.springframework.security.web.util.matcher.AnyRequestMatcher@1
4505 [restartedMain] DEBUG o.s.s.w.a.i.FilterSecurityInterceptor - Validated configuration attributes
4506 [restartedMain] DEBUG o.s.s.w.a.i.FilterSecurityInterceptor - Validated configuration attributes
4518 [restartedMain] INFO  o.s.s.w.DefaultSecurityFilterChain - Creating filter chain: org.springframework.security.web.util.matcher.AnyRequestMatcher@1, [org.springframework.security.web.context.request.async.WebAsyncManagerIntegrationFilter@1f134d07, org.springframework.security.web.context.SecurityContextPersistenceFilter@2239f13f, org.springframework.security.web.header.HeaderWriterFilter@753c501e, org.springframework.security.web.csrf.CsrfFilter@50e45098, org.springframework.security.web.authentication.logout.LogoutFilter@63c6293b, org.springframework.security.web.authentication.UsernamePasswordAuthenticationFilter@5d8f90b6, org.springframework.security.web.savedrequest.RequestCacheAwareFilter@1f8afe7e, org.springframework.security.web.servletapi.SecurityContextHolderAwareRequestFilter@321eb7a, org.springframework.security.web.authentication.AnonymousAuthenticationFilter@614a83a3, org.springframework.security.web.session.SessionManagementFilter@6f6999d6, org.springframework.security.web.access.ExceptionTranslationFilter@2de20d93, org.springframework.security.web.access.intercept.FilterSecurityInterceptor@51c5ea65]
4529 [restartedMain] DEBUG o.s.s.w.a.e.ExpressionBasedFilterInvocationSecurityMetadataSource - Adding web access control expression 'hasAnyRole('ROLE_USER')', for org.springframework.security.web.util.matcher.AnyRequestMatcher@1
4530 [restartedMain] DEBUG o.s.s.w.a.i.FilterSecurityInterceptor - Validated configuration attributes
4530 [restartedMain] DEBUG o.s.s.w.a.i.FilterSecurityInterceptor - Validated configuration attributes
4530 [restartedMain] INFO  o.s.s.w.DefaultSecurityFilterChain - Creating filter chain: OrRequestMatcher [requestMatchers=[Ant [pattern='/**']]], [org.springframework.security.web.context.request.async.WebAsyncManagerIntegrationFilter@3aaa88c6, org.springframework.security.web.context.SecurityContextPersistenceFilter@568738d6, org.springframework.security.web.header.HeaderWriterFilter@3f9c11bc, org.springframework.security.web.authentication.logout.LogoutFilter@5d909d25, org.springframework.security.web.authentication.www.BasicAuthenticationFilter@3476b780, org.springframework.security.web.savedrequest.RequestCacheAwareFilter@6411c1b5, org.springframework.security.web.servletapi.SecurityContextHolderAwareRequestFilter@3bdf2d7a, org.springframework.security.web.authentication.AnonymousAuthenticationFilter@3c94119c, org.springframework.security.web.session.SessionManagementFilter@ca5aca4, org.springframework.security.web.access.ExceptionTranslationFilter@691b77e4, org.springframework.security.web.access.intercept.FilterSecurityInterceptor@320e3968]
12717 [http-nio-8080-exec-1] DEBUG o.s.s.w.u.matcher.OrRequestMatcher - Trying to match using Ant [pattern='/css/**']
12717 [http-nio-8080-exec-1] DEBUG o.s.s.w.u.m.AntPathRequestMatcher - Checking match of request : '/login'; against '/css/**'
12717 [http-nio-8080-exec-1] DEBUG o.s.s.w.u.matcher.OrRequestMatcher - Trying to match using Ant [pattern='/js/**']
12717 [http-nio-8080-exec-1] DEBUG o.s.s.w.u.m.AntPathRequestMatcher - Checking match of request : '/login'; against '/js/**'
12717 [http-nio-8080-exec-1] DEBUG o.s.s.w.u.matcher.OrRequestMatcher - Trying to match using Ant [pattern='/images/**']
12717 [http-nio-8080-exec-1] DEBUG o.s.s.w.u.m.AntPathRequestMatcher - Checking match of request : '/login'; against '/images/**'
12717 [http-nio-8080-exec-1] DEBUG o.s.s.w.u.matcher.OrRequestMatcher - Trying to match using Ant [pattern='/webjars/**']
12717 [http-nio-8080-exec-1] DEBUG o.s.s.w.u.m.AntPathRequestMatcher - Checking match of request : '/login'; against '/webjars/**'
12717 [http-nio-8080-exec-1] DEBUG o.s.s.w.u.matcher.OrRequestMatcher - Trying to match using Ant [pattern='/**/favicon.ico']
12717 [http-nio-8080-exec-1] DEBUG o.s.s.w.u.m.AntPathRequestMatcher - Checking match of request : '/login'; against '/**/favicon.ico'
12717 [http-nio-8080-exec-1] DEBUG o.s.s.w.u.matcher.OrRequestMatcher - Trying to match using Ant [pattern='/error']
12717 [http-nio-8080-exec-1] DEBUG o.s.s.w.u.m.AntPathRequestMatcher - Checking match of request : '/login'; against '/error'
12717 [http-nio-8080-exec-1] DEBUG o.s.s.w.u.matcher.OrRequestMatcher - No matches found
12718 [http-nio-8080-exec-1] DEBUG o.s.security.web.FilterChainProxy - /login at position 1 of 12 in additional filter chain; firing Filter: 'WebAsyncManagerIntegrationFilter'
12718 [http-nio-8080-exec-1] DEBUG o.s.security.web.FilterChainProxy - /login at position 2 of 12 in additional filter chain; firing Filter: 'SecurityContextPersistenceFilter'
12719 [http-nio-8080-exec-1] DEBUG o.s.s.w.c.HttpSessionSecurityContextRepository - No HttpSession currently exists
12719 [http-nio-8080-exec-1] DEBUG o.s.s.w.c.HttpSessionSecurityContextRepository - No SecurityContext was available from the HttpSession: null. A new one will be created.
12720 [http-nio-8080-exec-1] DEBUG o.s.security.web.FilterChainProxy - /login at position 3 of 12 in additional filter chain; firing Filter: 'HeaderWriterFilter'
12720 [http-nio-8080-exec-1] DEBUG o.s.s.w.h.writers.HstsHeaderWriter - Not injecting HSTS header since it did not match the requestMatcher org.springframework.security.web.header.writers.HstsHeaderWriter$SecureRequestMatcher@59fad263
12721 [http-nio-8080-exec-1] DEBUG o.s.security.web.FilterChainProxy - /login at position 4 of 12 in additional filter chain; firing Filter: 'CsrfFilter'
12721 [http-nio-8080-exec-1] DEBUG o.s.security.web.FilterChainProxy - /login at position 5 of 12 in additional filter chain; firing Filter: 'LogoutFilter'
12721 [http-nio-8080-exec-1] DEBUG o.s.s.w.u.m.AntPathRequestMatcher - Request 'GET /login' doesn't match 'POST /logout
12722 [http-nio-8080-exec-1] DEBUG o.s.security.web.FilterChainProxy - /login at position 6 of 12 in additional filter chain; firing Filter: 'UsernamePasswordAuthenticationFilter'
12722 [http-nio-8080-exec-1] DEBUG o.s.s.w.u.m.AntPathRequestMatcher - Request 'GET /login' doesn't match 'POST /login
12722 [http-nio-8080-exec-1] DEBUG o.s.security.web.FilterChainProxy - /login at position 7 of 12 in additional filter chain; firing Filter: 'RequestCacheAwareFilter'
12722 [http-nio-8080-exec-1] DEBUG o.s.security.web.FilterChainProxy - /login at position 8 of 12 in additional filter chain; firing Filter: 'SecurityContextHolderAwareRequestFilter'
12722 [http-nio-8080-exec-1] DEBUG o.s.security.web.FilterChainProxy - /login at position 9 of 12 in additional filter chain; firing Filter: 'AnonymousAuthenticationFilter'
12723 [http-nio-8080-exec-1] DEBUG o.s.s.w.a.AnonymousAuthenticationFilter - Populated SecurityContextHolder with anonymous token: 'org.springframework.security.authentication.AnonymousAuthenticationToken@9055c2bc: Principal: anonymousUser; Credentials: [PROTECTED]; Authenticated: true; Details: org.springframework.security.web.authentication.WebAuthenticationDetails@b364: RemoteIpAddress: 0:0:0:0:0:0:0:1; SessionId: null; Granted Authorities: ROLE_ANONYMOUS'
12723 [http-nio-8080-exec-1] DEBUG o.s.security.web.FilterChainProxy - /login at position 10 of 12 in additional filter chain; firing Filter: 'SessionManagementFilter'
12724 [http-nio-8080-exec-1] DEBUG o.s.s.w.s.SessionManagementFilter - Requested session ID B1D04819B1B242C985185C98A41BA587 is invalid.
12724 [http-nio-8080-exec-1] DEBUG o.s.security.web.FilterChainProxy - /login at position 11 of 12 in additional filter chain; firing Filter: 'ExceptionTranslationFilter'
12724 [http-nio-8080-exec-1] DEBUG o.s.security.web.FilterChainProxy - /login at position 12 of 12 in additional filter chain; firing Filter: 'FilterSecurityInterceptor'
12724 [http-nio-8080-exec-1] DEBUG o.s.s.w.a.i.FilterSecurityInterceptor - Secure object: FilterInvocation: URL: /login; Attributes: [permitAll]
12724 [http-nio-8080-exec-1] DEBUG o.s.s.w.a.i.FilterSecurityInterceptor - Previously Authenticated: org.springframework.security.authentication.AnonymousAuthenticationToken@9055c2bc: Principal: anonymousUser; Credentials: [PROTECTED]; Authenticated: true; Details: org.springframework.security.web.authentication.WebAuthenticationDetails@b364: RemoteIpAddress: 0:0:0:0:0:0:0:1; SessionId: null; Granted Authorities: ROLE_ANONYMOUS
12729 [http-nio-8080-exec-1] DEBUG o.s.s.access.vote.AffirmativeBased - Voter: org.springframework.security.web.access.expression.WebExpressionVoter@58c4fa4b, returned: 1
12730 [http-nio-8080-exec-1] DEBUG o.s.s.w.a.i.FilterSecurityInterceptor - Authorization successful
12730 [http-nio-8080-exec-1] DEBUG o.s.s.w.a.i.FilterSecurityInterceptor - RunAsManager did not change Authentication object
12730 [http-nio-8080-exec-1] DEBUG o.s.security.web.FilterChainProxy - /login reached end of additional filter chain; proceeding with original chain
12787 [http-nio-8080-exec-1] DEBUG o.s.s.w.c.HttpSessionSecurityContextRepository - SecurityContext is empty or contents are anonymous - context will not be stored in HttpSession.
12794 [http-nio-8080-exec-1] DEBUG o.s.s.w.a.ExceptionTranslationFilter - Chain processed normally
12794 [http-nio-8080-exec-1] DEBUG o.s.s.w.c.SecurityContextPersistenceFilter - SecurityContextHolder now cleared, as request processing completed
12798 [http-nio-8080-exec-3] DEBUG o.s.s.w.u.matcher.OrRequestMatcher - Trying to match using Ant [pattern='/css/**']
12798 [http-nio-8080-exec-2] DEBUG o.s.s.w.u.matcher.OrRequestMatcher - Trying to match using Ant [pattern='/css/**']
12798 [http-nio-8080-exec-4] DEBUG o.s.s.w.u.matcher.OrRequestMatcher - Trying to match using Ant [pattern='/css/**']
12798 [http-nio-8080-exec-3] DEBUG o.s.s.w.u.m.AntPathRequestMatcher - Checking match of request : '/bootstrap/js/bootstrap.js'; against '/css/**'
12798 [http-nio-8080-exec-2] DEBUG o.s.s.w.u.m.AntPathRequestMatcher - Checking match of request : '/bootstrap/css/bootstrap.css'; against '/css/**'
12798 [http-nio-8080-exec-3] DEBUG o.s.s.w.u.matcher.OrRequestMatcher - Trying to match using Ant [pattern='/js/**']
12798 [http-nio-8080-exec-4] DEBUG o.s.s.w.u.m.AntPathRequestMatcher - Checking match of request : '/jquery/jquery-2.1.3.js'; against '/css/**'
12798 [http-nio-8080-exec-2] DEBUG o.s.s.w.u.matcher.OrRequestMatcher - Trying to match using Ant [pattern='/js/**']
12798 [http-nio-8080-exec-3] DEBUG o.s.s.w.u.m.AntPathRequestMatcher - Checking match of request : '/bootstrap/js/bootstrap.js'; against '/js/**'
12798 [http-nio-8080-exec-2] DEBUG o.s.s.w.u.m.AntPathRequestMatcher - Checking match of request : '/bootstrap/css/bootstrap.css'; against '/js/**'
12799 [http-nio-8080-exec-3] DEBUG o.s.s.w.u.matcher.OrRequestMatcher - Trying to match using Ant [pattern='/images/**']
12798 [http-nio-8080-exec-4] DEBUG o.s.s.w.u.matcher.OrRequestMatcher - Trying to match using Ant [pattern='/js/**']
12799 [http-nio-8080-exec-2] DEBUG o.s.s.w.u.matcher.OrRequestMatcher - Trying to match using Ant [pattern='/images/**']
12799 [http-nio-8080-exec-3] DEBUG o.s.s.w.u.m.AntPathRequestMatcher - Checking match of request : '/bootstrap/js/bootstrap.js'; against '/images/**'
12799 [http-nio-8080-exec-2] DEBUG o.s.s.w.u.m.AntPathRequestMatcher - Checking match of request : '/bootstrap/css/bootstrap.css'; against '/images/**'
12799 [http-nio-8080-exec-3] DEBUG o.s.s.w.u.matcher.OrRequestMatcher - Trying to match using Ant [pattern='/webjars/**']
12799 [http-nio-8080-exec-4] DEBUG o.s.s.w.u.m.AntPathRequestMatcher - Checking match of request : '/jquery/jquery-2.1.3.js'; against '/js/**'
12799 [http-nio-8080-exec-2] DEBUG o.s.s.w.u.matcher.OrRequestMatcher - Trying to match using Ant [pattern='/webjars/**']
12799 [http-nio-8080-exec-3] DEBUG o.s.s.w.u.m.AntPathRequestMatcher - Checking match of request : '/bootstrap/js/bootstrap.js'; against '/webjars/**'
12799 [http-nio-8080-exec-2] DEBUG o.s.s.w.u.m.AntPathRequestMatcher - Checking match of request : '/bootstrap/css/bootstrap.css'; against '/webjars/**'
12799 [http-nio-8080-exec-4] DEBUG o.s.s.w.u.matcher.OrRequestMatcher - Trying to match using Ant [pattern='/images/**']
12799 [http-nio-8080-exec-3] DEBUG o.s.s.w.u.matcher.OrRequestMatcher - Trying to match using Ant [pattern='/**/favicon.ico']
12799 [http-nio-8080-exec-2] DEBUG o.s.s.w.u.matcher.OrRequestMatcher - Trying to match using Ant [pattern='/**/favicon.ico']
12799 [http-nio-8080-exec-4] DEBUG o.s.s.w.u.m.AntPathRequestMatcher - Checking match of request : '/jquery/jquery-2.1.3.js'; against '/images/**'
12799 [http-nio-8080-exec-3] DEBUG o.s.s.w.u.m.AntPathRequestMatcher - Checking match of request : '/bootstrap/js/bootstrap.js'; against '/**/favicon.ico'
12799 [http-nio-8080-exec-4] DEBUG o.s.s.w.u.matcher.OrRequestMatcher - Trying to match using Ant [pattern='/webjars/**']
12799 [http-nio-8080-exec-2] DEBUG o.s.s.w.u.m.AntPathRequestMatcher - Checking match of request : '/bootstrap/css/bootstrap.css'; against '/**/favicon.ico'
12799 [http-nio-8080-exec-4] DEBUG o.s.s.w.u.m.AntPathRequestMatcher - Checking match of request : '/jquery/jquery-2.1.3.js'; against '/webjars/**'
12799 [http-nio-8080-exec-3] DEBUG o.s.s.w.u.matcher.OrRequestMatcher - Trying to match using Ant [pattern='/error']
12799 [http-nio-8080-exec-4] DEBUG o.s.s.w.u.matcher.OrRequestMatcher - Trying to match using Ant [pattern='/**/favicon.ico']
12799 [http-nio-8080-exec-3] DEBUG o.s.s.w.u.m.AntPathRequestMatcher - Checking match of request : '/bootstrap/js/bootstrap.js'; against '/error'
12799 [http-nio-8080-exec-2] DEBUG o.s.s.w.u.matcher.OrRequestMatcher - Trying to match using Ant [pattern='/error']
12799 [http-nio-8080-exec-4] DEBUG o.s.s.w.u.m.AntPathRequestMatcher - Checking match of request : '/jquery/jquery-2.1.3.js'; against '/**/favicon.ico'
12799 [http-nio-8080-exec-2] DEBUG o.s.s.w.u.m.AntPathRequestMatcher - Checking match of request : '/bootstrap/css/bootstrap.css'; against '/error'
12799 [http-nio-8080-exec-3] DEBUG o.s.s.w.u.matcher.OrRequestMatcher - No matches found
12799 [http-nio-8080-exec-4] DEBUG o.s.s.w.u.matcher.OrRequestMatcher - Trying to match using Ant [pattern='/error']
12799 [http-nio-8080-exec-2] DEBUG o.s.s.w.u.matcher.OrRequestMatcher - No matches found
12799 [http-nio-8080-exec-4] DEBUG o.s.s.w.u.m.AntPathRequestMatcher - Checking match of request : '/jquery/jquery-2.1.3.js'; against '/error'
12799 [http-nio-8080-exec-3] DEBUG o.s.security.web.FilterChainProxy - /bootstrap/js/bootstrap.js at position 1 of 12 in additional filter chain; firing Filter: 'WebAsyncManagerIntegrationFilter'
12799 [http-nio-8080-exec-4] DEBUG o.s.s.w.u.matcher.OrRequestMatcher - No matches found
12799 [http-nio-8080-exec-2] DEBUG o.s.security.web.FilterChainProxy - /bootstrap/css/bootstrap.css at position 1 of 12 in additional filter chain; firing Filter: 'WebAsyncManagerIntegrationFilter'
12800 [http-nio-8080-exec-4] DEBUG o.s.security.web.FilterChainProxy - /jquery/jquery-2.1.3.js at position 1 of 12 in additional filter chain; firing Filter: 'WebAsyncManagerIntegrationFilter'
12800 [http-nio-8080-exec-3] DEBUG o.s.security.web.FilterChainProxy - /bootstrap/js/bootstrap.js at position 2 of 12 in additional filter chain; firing Filter: 'SecurityContextPersistenceFilter'
12800 [http-nio-8080-exec-2] DEBUG o.s.security.web.FilterChainProxy - /bootstrap/css/bootstrap.css at position 2 of 12 in additional filter chain; firing Filter: 'SecurityContextPersistenceFilter'
12800 [http-nio-8080-exec-4] DEBUG o.s.security.web.FilterChainProxy - /jquery/jquery-2.1.3.js at position 2 of 12 in additional filter chain; firing Filter: 'SecurityContextPersistenceFilter'
12800 [http-nio-8080-exec-3] DEBUG o.s.s.w.c.HttpSessionSecurityContextRepository - No HttpSession currently exists
12800 [http-nio-8080-exec-3] DEBUG o.s.s.w.c.HttpSessionSecurityContextRepository - No SecurityContext was available from the HttpSession: null. A new one will be created.
12800 [http-nio-8080-exec-2] DEBUG o.s.s.w.c.HttpSessionSecurityContextRepository - No HttpSession currently exists
12800 [http-nio-8080-exec-4] DEBUG o.s.s.w.c.HttpSessionSecurityContextRepository - No HttpSession currently exists
12800 [http-nio-8080-exec-2] DEBUG o.s.s.w.c.HttpSessionSecurityContextRepository - No SecurityContext was available from the HttpSession: null. A new one will be created.
12800 [http-nio-8080-exec-3] DEBUG o.s.security.web.FilterChainProxy - /bootstrap/js/bootstrap.js at position 3 of 12 in additional filter chain; firing Filter: 'HeaderWriterFilter'
12800 [http-nio-8080-exec-4] DEBUG o.s.s.w.c.HttpSessionSecurityContextRepository - No SecurityContext was available from the HttpSession: null. A new one will be created.
12800 [http-nio-8080-exec-2] DEBUG o.s.security.web.FilterChainProxy - /bootstrap/css/bootstrap.css at position 3 of 12 in additional filter chain; firing Filter: 'HeaderWriterFilter'
12800 [http-nio-8080-exec-4] DEBUG o.s.security.web.FilterChainProxy - /jquery/jquery-2.1.3.js at position 3 of 12 in additional filter chain; firing Filter: 'HeaderWriterFilter'
12800 [http-nio-8080-exec-4] DEBUG o.s.s.w.h.writers.HstsHeaderWriter - Not injecting HSTS header since it did not match the requestMatcher org.springframework.security.web.header.writers.HstsHeaderWriter$SecureRequestMatcher@59fad263
12800 [http-nio-8080-exec-3] DEBUG o.s.s.w.h.writers.HstsHeaderWriter - Not injecting HSTS header since it did not match the requestMatcher org.springframework.security.web.header.writers.HstsHeaderWriter$SecureRequestMatcher@59fad263
12800 [http-nio-8080-exec-4] DEBUG o.s.security.web.FilterChainProxy - /jquery/jquery-2.1.3.js at position 4 of 12 in additional filter chain; firing Filter: 'CsrfFilter'
12800 [http-nio-8080-exec-2] DEBUG o.s.s.w.h.writers.HstsHeaderWriter - Not injecting HSTS header since it did not match the requestMatcher org.springframework.security.web.header.writers.HstsHeaderWriter$SecureRequestMatcher@59fad263
12800 [http-nio-8080-exec-3] DEBUG o.s.security.web.FilterChainProxy - /bootstrap/js/bootstrap.js at position 4 of 12 in additional filter chain; firing Filter: 'CsrfFilter'
12800 [http-nio-8080-exec-2] DEBUG o.s.security.web.FilterChainProxy - /bootstrap/css/bootstrap.css at position 4 of 12 in additional filter chain; firing Filter: 'CsrfFilter'
12800 [http-nio-8080-exec-4] DEBUG o.s.security.web.FilterChainProxy - /jquery/jquery-2.1.3.js at position 5 of 12 in additional filter chain; firing Filter: 'LogoutFilter'
12800 [http-nio-8080-exec-3] DEBUG o.s.security.web.FilterChainProxy - /bootstrap/js/bootstrap.js at position 5 of 12 in additional filter chain; firing Filter: 'LogoutFilter'
12800 [http-nio-8080-exec-4] DEBUG o.s.s.w.u.m.AntPathRequestMatcher - Request 'GET /jquery/jquery-2.1.3.js' doesn't match 'POST /logout
12800 [http-nio-8080-exec-3] DEBUG o.s.s.w.u.m.AntPathRequestMatcher - Request 'GET /bootstrap/js/bootstrap.js' doesn't match 'POST /logout
12800 [http-nio-8080-exec-4] DEBUG o.s.security.web.FilterChainProxy - /jquery/jquery-2.1.3.js at position 6 of 12 in additional filter chain; firing Filter: 'UsernamePasswordAuthenticationFilter'
12800 [http-nio-8080-exec-2] DEBUG o.s.security.web.FilterChainProxy - /bootstrap/css/bootstrap.css at position 5 of 12 in additional filter chain; firing Filter: 'LogoutFilter'
12800 [http-nio-8080-exec-3] DEBUG o.s.security.web.FilterChainProxy - /bootstrap/js/bootstrap.js at position 6 of 12 in additional filter chain; firing Filter: 'UsernamePasswordAuthenticationFilter'
12801 [http-nio-8080-exec-2] DEBUG o.s.s.w.u.m.AntPathRequestMatcher - Request 'GET /bootstrap/css/bootstrap.css' doesn't match 'POST /logout
12800 [http-nio-8080-exec-4] DEBUG o.s.s.w.u.m.AntPathRequestMatcher - Request 'GET /jquery/jquery-2.1.3.js' doesn't match 'POST /login
12801 [http-nio-8080-exec-3] DEBUG o.s.s.w.u.m.AntPathRequestMatcher - Request 'GET /bootstrap/js/bootstrap.js' doesn't match 'POST /login
12801 [http-nio-8080-exec-2] DEBUG o.s.security.web.FilterChainProxy - /bootstrap/css/bootstrap.css at position 6 of 12 in additional filter chain; firing Filter: 'UsernamePasswordAuthenticationFilter'
12801 [http-nio-8080-exec-4] DEBUG o.s.security.web.FilterChainProxy - /jquery/jquery-2.1.3.js at position 7 of 12 in additional filter chain; firing Filter: 'RequestCacheAwareFilter'
12801 [http-nio-8080-exec-4] DEBUG o.s.security.web.FilterChainProxy - /jquery/jquery-2.1.3.js at position 8 of 12 in additional filter chain; firing Filter: 'SecurityContextHolderAwareRequestFilter'
12801 [http-nio-8080-exec-3] DEBUG o.s.security.web.FilterChainProxy - /bootstrap/js/bootstrap.js at position 7 of 12 in additional filter chain; firing Filter: 'RequestCacheAwareFilter'
12801 [http-nio-8080-exec-2] DEBUG o.s.s.w.u.m.AntPathRequestMatcher - Request 'GET /bootstrap/css/bootstrap.css' doesn't match 'POST /login
12801 [http-nio-8080-exec-4] DEBUG o.s.security.web.FilterChainProxy - /jquery/jquery-2.1.3.js at position 9 of 12 in additional filter chain; firing Filter: 'AnonymousAuthenticationFilter'
12801 [http-nio-8080-exec-2] DEBUG o.s.security.web.FilterChainProxy - /bootstrap/css/bootstrap.css at position 7 of 12 in additional filter chain; firing Filter: 'RequestCacheAwareFilter'
12801 [http-nio-8080-exec-3] DEBUG o.s.security.web.FilterChainProxy - /bootstrap/js/bootstrap.js at position 8 of 12 in additional filter chain; firing Filter: 'SecurityContextHolderAwareRequestFilter'
12801 [http-nio-8080-exec-2] DEBUG o.s.security.web.FilterChainProxy - /bootstrap/css/bootstrap.css at position 8 of 12 in additional filter chain; firing Filter: 'SecurityContextHolderAwareRequestFilter'
12801 [http-nio-8080-exec-3] DEBUG o.s.security.web.FilterChainProxy - /bootstrap/js/bootstrap.js at position 9 of 12 in additional filter chain; firing Filter: 'AnonymousAuthenticationFilter'
12801 [http-nio-8080-exec-2] DEBUG o.s.security.web.FilterChainProxy - /bootstrap/css/bootstrap.css at position 9 of 12 in additional filter chain; firing Filter: 'AnonymousAuthenticationFilter'
12801 [http-nio-8080-exec-3] DEBUG o.s.s.w.a.AnonymousAuthenticationFilter - Populated SecurityContextHolder with anonymous token: 'org.springframework.security.authentication.AnonymousAuthenticationToken@9055c2bc: Principal: anonymousUser; Credentials: [PROTECTED]; Authenticated: true; Details: org.springframework.security.web.authentication.WebAuthenticationDetails@b364: RemoteIpAddress: 0:0:0:0:0:0:0:1; SessionId: null; Granted Authorities: ROLE_ANONYMOUS'
12801 [http-nio-8080-exec-4] DEBUG o.s.s.w.a.AnonymousAuthenticationFilter - Populated SecurityContextHolder with anonymous token: 'org.springframework.security.authentication.AnonymousAuthenticationToken@9055c2bc: Principal: anonymousUser; Credentials: [PROTECTED]; Authenticated: true; Details: org.springframework.security.web.authentication.WebAuthenticationDetails@b364: RemoteIpAddress: 0:0:0:0:0:0:0:1; SessionId: null; Granted Authorities: ROLE_ANONYMOUS'
12801 [http-nio-8080-exec-2] DEBUG o.s.s.w.a.AnonymousAuthenticationFilter - Populated SecurityContextHolder with anonymous token: 'org.springframework.security.authentication.AnonymousAuthenticationToken@9055c2bc: Principal: anonymousUser; Credentials: [PROTECTED]; Authenticated: true; Details: org.springframework.security.web.authentication.WebAuthenticationDetails@b364: RemoteIpAddress: 0:0:0:0:0:0:0:1; SessionId: null; Granted Authorities: ROLE_ANONYMOUS'
12802 [http-nio-8080-exec-3] DEBUG o.s.security.web.FilterChainProxy - /bootstrap/js/bootstrap.js at position 10 of 12 in additional filter chain; firing Filter: 'SessionManagementFilter'
12802 [http-nio-8080-exec-4] DEBUG o.s.security.web.FilterChainProxy - /jquery/jquery-2.1.3.js at position 10 of 12 in additional filter chain; firing Filter: 'SessionManagementFilter'
12802 [http-nio-8080-exec-2] DEBUG o.s.security.web.FilterChainProxy - /bootstrap/css/bootstrap.css at position 10 of 12 in additional filter chain; firing Filter: 'SessionManagementFilter'
12802 [http-nio-8080-exec-3] DEBUG o.s.s.w.s.SessionManagementFilter - Requested session ID B1D04819B1B242C985185C98A41BA587 is invalid.
12802 [http-nio-8080-exec-4] DEBUG o.s.s.w.s.SessionManagementFilter - Requested session ID B1D04819B1B242C985185C98A41BA587 is invalid.
12802 [http-nio-8080-exec-3] DEBUG o.s.security.web.FilterChainProxy - /bootstrap/js/bootstrap.js at position 11 of 12 in additional filter chain; firing Filter: 'ExceptionTranslationFilter'
12802 [http-nio-8080-exec-4] DEBUG o.s.security.web.FilterChainProxy - /jquery/jquery-2.1.3.js at position 11 of 12 in additional filter chain; firing Filter: 'ExceptionTranslationFilter'
12802 [http-nio-8080-exec-2] DEBUG o.s.s.w.s.SessionManagementFilter - Requested session ID B1D04819B1B242C985185C98A41BA587 is invalid.
12802 [http-nio-8080-exec-3] DEBUG o.s.security.web.FilterChainProxy - /bootstrap/js/bootstrap.js at position 12 of 12 in additional filter chain; firing Filter: 'FilterSecurityInterceptor'
12802 [http-nio-8080-exec-2] DEBUG o.s.security.web.FilterChainProxy - /bootstrap/css/bootstrap.css at position 11 of 12 in additional filter chain; firing Filter: 'ExceptionTranslationFilter'
12802 [http-nio-8080-exec-4] DEBUG o.s.security.web.FilterChainProxy - /jquery/jquery-2.1.3.js at position 12 of 12 in additional filter chain; firing Filter: 'FilterSecurityInterceptor'
12802 [http-nio-8080-exec-3] DEBUG o.s.s.w.u.m.AntPathRequestMatcher - Request 'GET /bootstrap/js/bootstrap.js' doesn't match 'POST /logout
12802 [http-nio-8080-exec-2] DEBUG o.s.security.web.FilterChainProxy - /bootstrap/css/bootstrap.css at position 12 of 12 in additional filter chain; firing Filter: 'FilterSecurityInterceptor'
12802 [http-nio-8080-exec-3] DEBUG o.s.s.w.u.m.AntPathRequestMatcher - Checking match of request : '/bootstrap/js/bootstrap.js'; against '/bootstrap/**'
12802 [http-nio-8080-exec-4] DEBUG o.s.s.w.u.m.AntPathRequestMatcher - Request 'GET /jquery/jquery-2.1.3.js' doesn't match 'POST /logout
12802 [http-nio-8080-exec-2] DEBUG o.s.s.w.u.m.AntPathRequestMatcher - Request 'GET /bootstrap/css/bootstrap.css' doesn't match 'POST /logout
12802 [http-nio-8080-exec-3] DEBUG o.s.s.w.a.i.FilterSecurityInterceptor - Secure object: FilterInvocation: URL: /bootstrap/js/bootstrap.js; Attributes: [permitAll]
12802 [http-nio-8080-exec-2] DEBUG o.s.s.w.u.m.AntPathRequestMatcher - Checking match of request : '/bootstrap/css/bootstrap.css'; against '/bootstrap/**'
12802 [http-nio-8080-exec-4] DEBUG o.s.s.w.u.m.AntPathRequestMatcher - Checking match of request : '/jquery/jquery-2.1.3.js'; against '/bootstrap/**'
12802 [http-nio-8080-exec-3] DEBUG o.s.s.w.a.i.FilterSecurityInterceptor - Previously Authenticated: org.springframework.security.authentication.AnonymousAuthenticationToken@9055c2bc: Principal: anonymousUser; Credentials: [PROTECTED]; Authenticated: true; Details: org.springframework.security.web.authentication.WebAuthenticationDetails@b364: RemoteIpAddress: 0:0:0:0:0:0:0:1; SessionId: null; Granted Authorities: ROLE_ANONYMOUS
12802 [http-nio-8080-exec-2] DEBUG o.s.s.w.a.i.FilterSecurityInterceptor - Secure object: FilterInvocation: URL: /bootstrap/css/bootstrap.css; Attributes: [permitAll]
12802 [http-nio-8080-exec-4] DEBUG o.s.s.w.u.m.AntPathRequestMatcher - Checking match of request : '/jquery/jquery-2.1.3.js'; against '/error/**'
12802 [http-nio-8080-exec-2] DEBUG o.s.s.w.a.i.FilterSecurityInterceptor - Previously Authenticated: org.springframework.security.authentication.AnonymousAuthenticationToken@9055c2bc: Principal: anonymousUser; Credentials: [PROTECTED]; Authenticated: true; Details: org.springframework.security.web.authentication.WebAuthenticationDetails@b364: RemoteIpAddress: 0:0:0:0:0:0:0:1; SessionId: null; Granted Authorities: ROLE_ANONYMOUS
12802 [http-nio-8080-exec-4] DEBUG o.s.s.w.u.m.AntPathRequestMatcher - Checking match of request : '/jquery/jquery-2.1.3.js'; against '/img/**'
12803 [http-nio-8080-exec-4] DEBUG o.s.s.w.u.m.AntPathRequestMatcher - Checking match of request : '/jquery/jquery-2.1.3.js'; against '/jquery/**'
12803 [http-nio-8080-exec-4] DEBUG o.s.s.w.a.i.FilterSecurityInterceptor - Secure object: FilterInvocation: URL: /jquery/jquery-2.1.3.js; Attributes: [permitAll]
12803 [http-nio-8080-exec-4] DEBUG o.s.s.w.a.i.FilterSecurityInterceptor - Previously Authenticated: org.springframework.security.authentication.AnonymousAuthenticationToken@9055c2bc: Principal: anonymousUser; Credentials: [PROTECTED]; Authenticated: true; Details: org.springframework.security.web.authentication.WebAuthenticationDetails@b364: RemoteIpAddress: 0:0:0:0:0:0:0:1; SessionId: null; Granted Authorities: ROLE_ANONYMOUS
12804 [http-nio-8080-exec-4] DEBUG o.s.s.access.vote.AffirmativeBased - Voter: org.springframework.security.web.access.expression.WebExpressionVoter@58c4fa4b, returned: 1
12804 [http-nio-8080-exec-2] DEBUG o.s.s.access.vote.AffirmativeBased - Voter: org.springframework.security.web.access.expression.WebExpressionVoter@58c4fa4b, returned: 1
12804 [http-nio-8080-exec-3] DEBUG o.s.s.access.vote.AffirmativeBased - Voter: org.springframework.security.web.access.expression.WebExpressionVoter@58c4fa4b, returned: 1
12804 [http-nio-8080-exec-4] DEBUG o.s.s.w.a.i.FilterSecurityInterceptor - Authorization successful
12804 [http-nio-8080-exec-3] DEBUG o.s.s.w.a.i.FilterSecurityInterceptor - Authorization successful
12804 [http-nio-8080-exec-2] DEBUG o.s.s.w.a.i.FilterSecurityInterceptor - Authorization successful
12804 [http-nio-8080-exec-4] DEBUG o.s.s.w.a.i.FilterSecurityInterceptor - RunAsManager did not change Authentication object
12804 [http-nio-8080-exec-2] DEBUG o.s.s.w.a.i.FilterSecurityInterceptor - RunAsManager did not change Authentication object
12804 [http-nio-8080-exec-4] DEBUG o.s.security.web.FilterChainProxy - /jquery/jquery-2.1.3.js reached end of additional filter chain; proceeding with original chain
12804 [http-nio-8080-exec-3] DEBUG o.s.s.w.a.i.FilterSecurityInterceptor - RunAsManager did not change Authentication object
12804 [http-nio-8080-exec-2] DEBUG o.s.security.web.FilterChainProxy - /bootstrap/css/bootstrap.css reached end of additional filter chain; proceeding with original chain
12804 [http-nio-8080-exec-3] DEBUG o.s.security.web.FilterChainProxy - /bootstrap/js/bootstrap.js reached end of additional filter chain; proceeding with original chain
12817 [http-nio-8080-exec-4] DEBUG o.s.s.w.c.HttpSessionSecurityContextRepository - SecurityContext is empty or contents are anonymous - context will not be stored in HttpSession.
12817 [http-nio-8080-exec-3] DEBUG o.s.s.w.c.HttpSessionSecurityContextRepository - SecurityContext is empty or contents are anonymous - context will not be stored in HttpSession.
12817 [http-nio-8080-exec-2] DEBUG o.s.s.w.c.HttpSessionSecurityContextRepository - SecurityContext is empty or contents are anonymous - context will not be stored in HttpSession.
12819 [http-nio-8080-exec-3] DEBUG o.s.s.w.a.ExceptionTranslationFilter - Chain processed normally
12819 [http-nio-8080-exec-3] DEBUG o.s.s.w.c.SecurityContextPersistenceFilter - SecurityContextHolder now cleared, as request processing completed
12820 [http-nio-8080-exec-2] DEBUG o.s.s.w.a.ExceptionTranslationFilter - Chain processed normally
12820 [http-nio-8080-exec-2] DEBUG o.s.s.w.c.SecurityContextPersistenceFilter - SecurityContextHolder now cleared, as request processing completed
12823 [http-nio-8080-exec-4] DEBUG o.s.s.w.a.ExceptionTranslationFilter - Chain processed normally
12824 [http-nio-8080-exec-4] DEBUG o.s.s.w.c.SecurityContextPersistenceFilter - SecurityContextHolder now cleared, as request processing completed
12868 [http-nio-8080-exec-5] DEBUG o.s.s.w.u.matcher.OrRequestMatcher - Trying to match using Ant [pattern='/css/**']
12869 [http-nio-8080-exec-5] DEBUG o.s.s.w.u.m.AntPathRequestMatcher - Checking match of request : '/favicon.ico'; against '/css/**'
12869 [http-nio-8080-exec-5] DEBUG o.s.s.w.u.matcher.OrRequestMatcher - Trying to match using Ant [pattern='/js/**']
12869 [http-nio-8080-exec-5] DEBUG o.s.s.w.u.m.AntPathRequestMatcher - Checking match of request : '/favicon.ico'; against '/js/**'
12869 [http-nio-8080-exec-5] DEBUG o.s.s.w.u.matcher.OrRequestMatcher - Trying to match using Ant [pattern='/images/**']
12869 [http-nio-8080-exec-5] DEBUG o.s.s.w.u.m.AntPathRequestMatcher - Checking match of request : '/favicon.ico'; against '/images/**'
12869 [http-nio-8080-exec-5] DEBUG o.s.s.w.u.matcher.OrRequestMatcher - Trying to match using Ant [pattern='/webjars/**']
12869 [http-nio-8080-exec-5] DEBUG o.s.s.w.u.m.AntPathRequestMatcher - Checking match of request : '/favicon.ico'; against '/webjars/**'
12869 [http-nio-8080-exec-5] DEBUG o.s.s.w.u.matcher.OrRequestMatcher - Trying to match using Ant [pattern='/**/favicon.ico']
12869 [http-nio-8080-exec-5] DEBUG o.s.s.w.u.m.AntPathRequestMatcher - Checking match of request : '/favicon.ico'; against '/**/favicon.ico'
12869 [http-nio-8080-exec-5] DEBUG o.s.s.w.u.matcher.OrRequestMatcher - matched
12869 [http-nio-8080-exec-5] DEBUG o.s.security.web.FilterChainProxy - /favicon.ico has an empty filter list
20411 [http-nio-8080-exec-6] DEBUG o.s.s.w.u.matcher.OrRequestMatcher - Trying to match using Ant [pattern='/css/**']
20411 [http-nio-8080-exec-6] DEBUG o.s.s.w.u.m.AntPathRequestMatcher - Checking match of request : '/'; against '/css/**'
20411 [http-nio-8080-exec-6] DEBUG o.s.s.w.u.matcher.OrRequestMatcher - Trying to match using Ant [pattern='/js/**']
20412 [http-nio-8080-exec-6] DEBUG o.s.s.w.u.m.AntPathRequestMatcher - Checking match of request : '/'; against '/js/**'
20412 [http-nio-8080-exec-6] DEBUG o.s.s.w.u.matcher.OrRequestMatcher - Trying to match using Ant [pattern='/images/**']
20412 [http-nio-8080-exec-6] DEBUG o.s.s.w.u.m.AntPathRequestMatcher - Checking match of request : '/'; against '/images/**'
20412 [http-nio-8080-exec-6] DEBUG o.s.s.w.u.matcher.OrRequestMatcher - Trying to match using Ant [pattern='/webjars/**']
20412 [http-nio-8080-exec-6] DEBUG o.s.s.w.u.m.AntPathRequestMatcher - Checking match of request : '/'; against '/webjars/**'
20412 [http-nio-8080-exec-6] DEBUG o.s.s.w.u.matcher.OrRequestMatcher - Trying to match using Ant [pattern='/**/favicon.ico']
20412 [http-nio-8080-exec-6] DEBUG o.s.s.w.u.m.AntPathRequestMatcher - Checking match of request : '/'; against '/**/favicon.ico'
20412 [http-nio-8080-exec-6] DEBUG o.s.s.w.u.matcher.OrRequestMatcher - Trying to match using Ant [pattern='/error']
20412 [http-nio-8080-exec-6] DEBUG o.s.s.w.u.m.AntPathRequestMatcher - Checking match of request : '/'; against '/error'
20412 [http-nio-8080-exec-6] DEBUG o.s.s.w.u.matcher.OrRequestMatcher - No matches found
20412 [http-nio-8080-exec-6] DEBUG o.s.security.web.FilterChainProxy - / at position 1 of 12 in additional filter chain; firing Filter: 'WebAsyncManagerIntegrationFilter'
20412 [http-nio-8080-exec-6] DEBUG o.s.security.web.FilterChainProxy - / at position 2 of 12 in additional filter chain; firing Filter: 'SecurityContextPersistenceFilter'
20412 [http-nio-8080-exec-6] DEBUG o.s.s.w.c.HttpSessionSecurityContextRepository - No HttpSession currently exists
20412 [http-nio-8080-exec-6] DEBUG o.s.s.w.c.HttpSessionSecurityContextRepository - No SecurityContext was available from the HttpSession: null. A new one will be created.
20412 [http-nio-8080-exec-6] DEBUG o.s.security.web.FilterChainProxy - / at position 3 of 12 in additional filter chain; firing Filter: 'HeaderWriterFilter'
20412 [http-nio-8080-exec-6] DEBUG o.s.s.w.h.writers.HstsHeaderWriter - Not injecting HSTS header since it did not match the requestMatcher org.springframework.security.web.header.writers.HstsHeaderWriter$SecureRequestMatcher@59fad263
20412 [http-nio-8080-exec-6] DEBUG o.s.security.web.FilterChainProxy - / at position 4 of 12 in additional filter chain; firing Filter: 'CsrfFilter'
20419 [http-nio-8080-exec-6] DEBUG o.s.security.web.csrf.CsrfFilter - Invalid CSRF token found for http://localhost:8080/
20420 [http-nio-8080-exec-6] DEBUG o.s.s.w.c.HttpSessionSecurityContextRepository - SecurityContext is empty or contents are anonymous - context will not be stored in HttpSession.
20420 [http-nio-8080-exec-6] DEBUG o.s.s.w.c.SecurityContextPersistenceFilter - SecurityContextHolder now cleared, as request processing completed
27287 [http-nio-8080-exec-8] DEBUG o.s.s.w.u.matcher.OrRequestMatcher - Trying to match using Ant [pattern='/css/**']
27287 [http-nio-8080-exec-8] DEBUG o.s.s.w.u.m.AntPathRequestMatcher - Checking match of request : '/'; against '/css/**'
27287 [http-nio-8080-exec-8] DEBUG o.s.s.w.u.matcher.OrRequestMatcher - Trying to match using Ant [pattern='/js/**']
27287 [http-nio-8080-exec-8] DEBUG o.s.s.w.u.m.AntPathRequestMatcher - Checking match of request : '/'; against '/js/**'
27287 [http-nio-8080-exec-8] DEBUG o.s.s.w.u.matcher.OrRequestMatcher - Trying to match using Ant [pattern='/images/**']
27287 [http-nio-8080-exec-8] DEBUG o.s.s.w.u.m.AntPathRequestMatcher - Checking match of request : '/'; against '/images/**'
27287 [http-nio-8080-exec-8] DEBUG o.s.s.w.u.matcher.OrRequestMatcher - Trying to match using Ant [pattern='/webjars/**']
27287 [http-nio-8080-exec-8] DEBUG o.s.s.w.u.m.AntPathRequestMatcher - Checking match of request : '/'; against '/webjars/**'
27287 [http-nio-8080-exec-8] DEBUG o.s.s.w.u.matcher.OrRequestMatcher - Trying to match using Ant [pattern='/**/favicon.ico']
27287 [http-nio-8080-exec-8] DEBUG o.s.s.w.u.m.AntPathRequestMatcher - Checking match of request : '/'; against '/**/favicon.ico'
27287 [http-nio-8080-exec-8] DEBUG o.s.s.w.u.matcher.OrRequestMatcher - Trying to match using Ant [pattern='/error']
27287 [http-nio-8080-exec-8] DEBUG o.s.s.w.u.m.AntPathRequestMatcher - Checking match of request : '/'; against '/error'
27287 [http-nio-8080-exec-8] DEBUG o.s.s.w.u.matcher.OrRequestMatcher - No matches found
27287 [http-nio-8080-exec-8] DEBUG o.s.security.web.FilterChainProxy - / at position 1 of 12 in additional filter chain; firing Filter: 'WebAsyncManagerIntegrationFilter'
27287 [http-nio-8080-exec-8] DEBUG o.s.security.web.FilterChainProxy - / at position 2 of 12 in additional filter chain; firing Filter: 'SecurityContextPersistenceFilter'
27287 [http-nio-8080-exec-8] DEBUG o.s.s.w.c.HttpSessionSecurityContextRepository - HttpSession returned null object for SPRING_SECURITY_CONTEXT
27288 [http-nio-8080-exec-8] DEBUG o.s.s.w.c.HttpSessionSecurityContextRepository - No SecurityContext was available from the HttpSession: org.apache.catalina.session.StandardSessionFacade@26fbdeea. A new one will be created.
27288 [http-nio-8080-exec-8] DEBUG o.s.security.web.FilterChainProxy - / at position 3 of 12 in additional filter chain; firing Filter: 'HeaderWriterFilter'
27288 [http-nio-8080-exec-8] DEBUG o.s.s.w.h.writers.HstsHeaderWriter - Not injecting HSTS header since it did not match the requestMatcher org.springframework.security.web.header.writers.HstsHeaderWriter$SecureRequestMatcher@59fad263
27288 [http-nio-8080-exec-8] DEBUG o.s.security.web.FilterChainProxy - / at position 4 of 12 in additional filter chain; firing Filter: 'CsrfFilter'
27288 [http-nio-8080-exec-8] DEBUG o.s.security.web.FilterChainProxy - / at position 5 of 12 in additional filter chain; firing Filter: 'LogoutFilter'
27288 [http-nio-8080-exec-8] DEBUG o.s.s.w.u.m.AntPathRequestMatcher - Request 'GET /' doesn't match 'POST /logout
27289 [http-nio-8080-exec-8] DEBUG o.s.security.web.FilterChainProxy - / at position 6 of 12 in additional filter chain; firing Filter: 'UsernamePasswordAuthenticationFilter'
27289 [http-nio-8080-exec-8] DEBUG o.s.s.w.u.m.AntPathRequestMatcher - Request 'GET /' doesn't match 'POST /login
27289 [http-nio-8080-exec-8] DEBUG o.s.security.web.FilterChainProxy - / at position 7 of 12 in additional filter chain; firing Filter: 'RequestCacheAwareFilter'
27289 [http-nio-8080-exec-8] DEBUG o.s.security.web.FilterChainProxy - / at position 8 of 12 in additional filter chain; firing Filter: 'SecurityContextHolderAwareRequestFilter'
27289 [http-nio-8080-exec-8] DEBUG o.s.security.web.FilterChainProxy - / at position 9 of 12 in additional filter chain; firing Filter: 'AnonymousAuthenticationFilter'
27289 [http-nio-8080-exec-8] DEBUG o.s.s.w.a.AnonymousAuthenticationFilter - Populated SecurityContextHolder with anonymous token: 'org.springframework.security.authentication.AnonymousAuthenticationToken@6faeba70: Principal: anonymousUser; Credentials: [PROTECTED]; Authenticated: true; Details: org.springframework.security.web.authentication.WebAuthenticationDetails@fffbcba8: RemoteIpAddress: 0:0:0:0:0:0:0:1; SessionId: 3804353C2C2C151F407CA4B277564A11; Granted Authorities: ROLE_ANONYMOUS'
27290 [http-nio-8080-exec-8] DEBUG o.s.security.web.FilterChainProxy - / at position 10 of 12 in additional filter chain; firing Filter: 'SessionManagementFilter'
27290 [http-nio-8080-exec-8] DEBUG o.s.security.web.FilterChainProxy - / at position 11 of 12 in additional filter chain; firing Filter: 'ExceptionTranslationFilter'
27290 [http-nio-8080-exec-8] DEBUG o.s.security.web.FilterChainProxy - / at position 12 of 12 in additional filter chain; firing Filter: 'FilterSecurityInterceptor'
27290 [http-nio-8080-exec-8] DEBUG o.s.s.w.u.m.AntPathRequestMatcher - Request 'GET /' doesn't match 'POST /logout
27290 [http-nio-8080-exec-8] DEBUG o.s.s.w.u.m.AntPathRequestMatcher - Checking match of request : '/'; against '/bootstrap/**'
27290 [http-nio-8080-exec-8] DEBUG o.s.s.w.u.m.AntPathRequestMatcher - Checking match of request : '/'; against '/error/**'
27290 [http-nio-8080-exec-8] DEBUG o.s.s.w.u.m.AntPathRequestMatcher - Checking match of request : '/'; against '/img/**'
27290 [http-nio-8080-exec-8] DEBUG o.s.s.w.u.m.AntPathRequestMatcher - Checking match of request : '/'; against '/jquery/**'
27290 [http-nio-8080-exec-8] DEBUG o.s.s.w.u.m.AntPathRequestMatcher - Checking match of request : '/'; against '/index.html'
27290 [http-nio-8080-exec-8] DEBUG o.s.s.w.a.i.FilterSecurityInterceptor - Secure object: FilterInvocation: URL: /; Attributes: [authenticated]
27290 [http-nio-8080-exec-8] DEBUG o.s.s.w.a.i.FilterSecurityInterceptor - Previously Authenticated: org.springframework.security.authentication.AnonymousAuthenticationToken@6faeba70: Principal: anonymousUser; Credentials: [PROTECTED]; Authenticated: true; Details: org.springframework.security.web.authentication.WebAuthenticationDetails@fffbcba8: RemoteIpAddress: 0:0:0:0:0:0:0:1; SessionId: 3804353C2C2C151F407CA4B277564A11; Granted Authorities: ROLE_ANONYMOUS
27290 [http-nio-8080-exec-8] DEBUG o.s.s.access.vote.AffirmativeBased - Voter: org.springframework.security.web.access.expression.WebExpressionVoter@58c4fa4b, returned: -1
27293 [http-nio-8080-exec-8] DEBUG o.s.s.w.a.ExceptionTranslationFilter - Access is denied (user is anonymous); redirecting to authentication entry point
org.springframework.security.access.AccessDeniedException: Access is denied
	at org.springframework.security.access.vote.AffirmativeBased.decide(AffirmativeBased.java:84)
	at org.springframework.security.access.intercept.AbstractSecurityInterceptor.beforeInvocation(AbstractSecurityInterceptor.java:233)
	at org.springframework.security.web.access.intercept.FilterSecurityInterceptor.invoke(FilterSecurityInterceptor.java:124)
	at org.springframework.security.web.access.intercept.FilterSecurityInterceptor.doFilter(FilterSecurityInterceptor.java:91)
	at org.springframework.security.web.FilterChainProxy$VirtualFilterChain.doFilter(FilterChainProxy.java:331)
	at org.springframework.security.web.access.ExceptionTranslationFilter.doFilter(ExceptionTranslationFilter.java:114)
	at org.springframework.security.web.FilterChainProxy$VirtualFilterChain.doFilter(FilterChainProxy.java:331)
	at org.springframework.security.web.session.SessionManagementFilter.doFilter(SessionManagementFilter.java:137)
	at org.springframework.security.web.FilterChainProxy$VirtualFilterChain.doFilter(FilterChainProxy.java:331)
	at org.springframework.security.web.authentication.AnonymousAuthenticationFilter.doFilter(AnonymousAuthenticationFilter.java:111)
	at org.springframework.security.web.FilterChainProxy$VirtualFilterChain.doFilter(FilterChainProxy.java:331)
	at org.springframework.security.web.servletapi.SecurityContextHolderAwareRequestFilter.doFilter(SecurityContextHolderAwareRequestFilter.java:170)
	at org.springframework.security.web.FilterChainProxy$VirtualFilterChain.doFilter(FilterChainProxy.java:331)
	at org.springframework.security.web.savedrequest.RequestCacheAwareFilter.doFilter(RequestCacheAwareFilter.java:63)
	at org.springframework.security.web.FilterChainProxy$VirtualFilterChain.doFilter(FilterChainProxy.java:331)
	at org.springframework.security.web.authentication.AbstractAuthenticationProcessingFilter.doFilter(AbstractAuthenticationProcessingFilter.java:200)
	at org.springframework.security.web.FilterChainProxy$VirtualFilterChain.doFilter(FilterChainProxy.java:331)
	at org.springframework.security.web.authentication.logout.LogoutFilter.doFilter(LogoutFilter.java:116)
	at org.springframework.security.web.FilterChainProxy$VirtualFilterChain.doFilter(FilterChainProxy.java:331)
	at org.springframework.security.web.csrf.CsrfFilter.doFilterInternal(CsrfFilter.java:100)
	at org.springframework.web.filter.OncePerRequestFilter.doFilter(OncePerRequestFilter.java:107)
	at org.springframework.security.web.FilterChainProxy$VirtualFilterChain.doFilter(FilterChainProxy.java:331)
	at org.springframework.security.web.header.HeaderWriterFilter.doFilterInternal(HeaderWriterFilter.java:64)
	at org.springframework.web.filter.OncePerRequestFilter.doFilter(OncePerRequestFilter.java:107)
	at org.springframework.security.web.FilterChainProxy$VirtualFilterChain.doFilter(FilterChainProxy.java:331)
	at org.springframework.security.web.context.SecurityContextPersistenceFilter.doFilter(SecurityContextPersistenceFilter.java:105)
	at org.springframework.security.web.FilterChainProxy$VirtualFilterChain.doFilter(FilterChainProxy.java:331)
	at org.springframework.security.web.context.request.async.WebAsyncManagerIntegrationFilter.doFilterInternal(WebAsyncManagerIntegrationFilter.java:56)
	at org.springframework.web.filter.OncePerRequestFilter.doFilter(OncePerRequestFilter.java:107)
	at org.springframework.security.web.FilterChainProxy$VirtualFilterChain.doFilter(FilterChainProxy.java:331)
	at org.springframework.security.web.FilterChainProxy.doFilterInternal(FilterChainProxy.java:214)
	at org.springframework.security.web.FilterChainProxy.doFilter(FilterChainProxy.java:177)
	at org.springframework.web.filter.DelegatingFilterProxy.invokeDelegate(DelegatingFilterProxy.java:347)
	at org.springframework.web.filter.DelegatingFilterProxy.doFilter(DelegatingFilterProxy.java:263)
	at org.apache.catalina.core.ApplicationFilterChain.internalDoFilter(ApplicationFilterChain.java:193)
	at org.apache.catalina.core.ApplicationFilterChain.doFilter(ApplicationFilterChain.java:166)
	at org.springframework.web.filter.RequestContextFilter.doFilterInternal(RequestContextFilter.java:99)
	at org.springframework.web.filter.OncePerRequestFilter.doFilter(OncePerRequestFilter.java:107)
	at org.apache.catalina.core.ApplicationFilterChain.internalDoFilter(ApplicationFilterChain.java:193)
	at org.apache.catalina.core.ApplicationFilterChain.doFilter(ApplicationFilterChain.java:166)
	at org.springframework.web.filter.HttpPutFormContentFilter.doFilterInternal(HttpPutFormContentFilter.java:108)
	at org.springframework.web.filter.OncePerRequestFilter.doFilter(OncePerRequestFilter.java:107)
	at org.apache.catalina.core.ApplicationFilterChain.internalDoFilter(ApplicationFilterChain.java:193)
	at org.apache.catalina.core.ApplicationFilterChain.doFilter(ApplicationFilterChain.java:166)
	at org.springframework.web.filter.HiddenHttpMethodFilter.doFilterInternal(HiddenHttpMethodFilter.java:81)
	at org.springframework.web.filter.OncePerRequestFilter.doFilter(OncePerRequestFilter.java:107)
	at org.apache.catalina.core.ApplicationFilterChain.internalDoFilter(ApplicationFilterChain.java:193)
	at org.apache.catalina.core.ApplicationFilterChain.doFilter(ApplicationFilterChain.java:166)
	at org.springframework.web.filter.CharacterEncodingFilter.doFilterInternal(CharacterEncodingFilter.java:197)
	at org.springframework.web.filter.OncePerRequestFilter.doFilter(OncePerRequestFilter.java:107)
	at org.apache.catalina.core.ApplicationFilterChain.internalDoFilter(ApplicationFilterChain.java:193)
	at org.apache.catalina.core.ApplicationFilterChain.doFilter(ApplicationFilterChain.java:166)
	at org.apache.catalina.core.StandardWrapperValve.invoke(StandardWrapperValve.java:199)
	at org.apache.catalina.core.StandardContextValve.invoke(StandardContextValve.java:96)
	at org.apache.catalina.authenticator.AuthenticatorBase.invoke(AuthenticatorBase.java:478)
	at org.apache.catalina.core.StandardHostValve.invoke(StandardHostValve.java:140)
	at org.apache.catalina.valves.ErrorReportValve.invoke(ErrorReportValve.java:81)
	at org.apache.catalina.core.StandardEngineValve.invoke(StandardEngineValve.java:87)
	at org.apache.catalina.connector.CoyoteAdapter.service(CoyoteAdapter.java:342)
	at org.apache.coyote.http11.Http11Processor.service(Http11Processor.java:803)
	at org.apache.coyote.AbstractProcessorLight.process(AbstractProcessorLight.java:66)
	at org.apache.coyote.AbstractProtocol$ConnectionHandler.process(AbstractProtocol.java:868)
	at org.apache.tomcat.util.net.NioEndpoint$SocketProcessor.doRun(NioEndpoint.java:1459)
	at org.apache.tomcat.util.net.SocketProcessorBase.run(SocketProcessorBase.java:49)
	at java.util.concurrent.ThreadPoolExecutor.runWorker(ThreadPoolExecutor.java:1149)
	at java.util.concurrent.ThreadPoolExecutor$Worker.run(ThreadPoolExecutor.java:624)
	at org.apache.tomcat.util.threads.TaskThread$WrappingRunnable.run(TaskThread.java:61)
	at java.lang.Thread.run(Thread.java:748)
27298 [http-nio-8080-exec-8] DEBUG o.s.s.w.u.matcher.AndRequestMatcher - Trying to match using Ant [pattern='/**', GET]
27298 [http-nio-8080-exec-8] DEBUG o.s.s.w.u.m.AntPathRequestMatcher - Request '/' matched by universal pattern '/**'
27298 [http-nio-8080-exec-8] DEBUG o.s.s.w.u.matcher.AndRequestMatcher - Trying to match using NegatedRequestMatcher [requestMatcher=Ant [pattern='/**/favicon.ico']]
27298 [http-nio-8080-exec-8] DEBUG o.s.s.w.u.m.AntPathRequestMatcher - Checking match of request : '/'; against '/**/favicon.ico'
27298 [http-nio-8080-exec-8] DEBUG o.s.s.w.u.m.NegatedRequestMatcher - matches = true
27298 [http-nio-8080-exec-8] DEBUG o.s.s.w.u.matcher.AndRequestMatcher - Trying to match using NegatedRequestMatcher [requestMatcher=MediaTypeRequestMatcher [contentNegotiationStrategy=org.springframework.web.accept.ContentNegotiationManager@1f39e688, matchingMediaTypes=[application/json], useEquals=false, ignoredMediaTypes=[*/*]]]
27299 [http-nio-8080-exec-8] DEBUG o.s.s.w.u.m.MediaTypeRequestMatcher - httpRequestMediaTypes=[text/html, application/xhtml+xml, image/webp, image/apng, application/xml;q=0.9, */*;q=0.8]
27299 [http-nio-8080-exec-8] DEBUG o.s.s.w.u.m.MediaTypeRequestMatcher - Processing text/html
27299 [http-nio-8080-exec-8] DEBUG o.s.s.w.u.m.MediaTypeRequestMatcher - application/json .isCompatibleWith text/html = false
27299 [http-nio-8080-exec-8] DEBUG o.s.s.w.u.m.MediaTypeRequestMatcher - Processing application/xhtml+xml
27299 [http-nio-8080-exec-8] DEBUG o.s.s.w.u.m.MediaTypeRequestMatcher - application/json .isCompatibleWith application/xhtml+xml = false
27299 [http-nio-8080-exec-8] DEBUG o.s.s.w.u.m.MediaTypeRequestMatcher - Processing image/webp
27299 [http-nio-8080-exec-8] DEBUG o.s.s.w.u.m.MediaTypeRequestMatcher - application/json .isCompatibleWith image/webp = false
27299 [http-nio-8080-exec-8] DEBUG o.s.s.w.u.m.MediaTypeRequestMatcher - Processing image/apng
27299 [http-nio-8080-exec-8] DEBUG o.s.s.w.u.m.MediaTypeRequestMatcher - application/json .isCompatibleWith image/apng = false
27299 [http-nio-8080-exec-8] DEBUG o.s.s.w.u.m.MediaTypeRequestMatcher - Processing application/xml;q=0.9
27299 [http-nio-8080-exec-8] DEBUG o.s.s.w.u.m.MediaTypeRequestMatcher - application/json .isCompatibleWith application/xml;q=0.9 = false
27299 [http-nio-8080-exec-8] DEBUG o.s.s.w.u.m.MediaTypeRequestMatcher - Processing */*;q=0.8
27299 [http-nio-8080-exec-8] DEBUG o.s.s.w.u.m.MediaTypeRequestMatcher - Ignoring
27299 [http-nio-8080-exec-8] DEBUG o.s.s.w.u.m.MediaTypeRequestMatcher - Did not match any media types
27299 [http-nio-8080-exec-8] DEBUG o.s.s.w.u.m.NegatedRequestMatcher - matches = true
27299 [http-nio-8080-exec-8] DEBUG o.s.s.w.u.matcher.AndRequestMatcher - Trying to match using NegatedRequestMatcher [requestMatcher=RequestHeaderRequestMatcher [expectedHeaderName=X-Requested-With, expectedHeaderValue=XMLHttpRequest]]
27299 [http-nio-8080-exec-8] DEBUG o.s.s.w.u.m.NegatedRequestMatcher - matches = true
27299 [http-nio-8080-exec-8] DEBUG o.s.s.w.u.matcher.AndRequestMatcher - All requestMatchers returned true
27302 [http-nio-8080-exec-8] DEBUG o.s.s.w.s.HttpSessionRequestCache - DefaultSavedRequest added to Session: DefaultSavedRequest[http://localhost:8080/]
27302 [http-nio-8080-exec-8] DEBUG o.s.s.w.a.ExceptionTranslationFilter - Calling Authentication entry point.
27302 [http-nio-8080-exec-8] DEBUG o.s.s.web.DefaultRedirectStrategy - Redirecting to 'http://localhost:8080/login'
27303 [http-nio-8080-exec-8] DEBUG o.s.s.w.c.HttpSessionSecurityContextRepository - SecurityContext is empty or contents are anonymous - context will not be stored in HttpSession.
27303 [http-nio-8080-exec-8] DEBUG o.s.s.w.c.SecurityContextPersistenceFilter - SecurityContextHolder now cleared, as request processing completed
27308 [http-nio-8080-exec-9] DEBUG o.s.s.w.u.matcher.OrRequestMatcher - Trying to match using Ant [pattern='/css/**']
27308 [http-nio-8080-exec-9] DEBUG o.s.s.w.u.m.AntPathRequestMatcher - Checking match of request : '/login'; against '/css/**'
27308 [http-nio-8080-exec-9] DEBUG o.s.s.w.u.matcher.OrRequestMatcher - Trying to match using Ant [pattern='/js/**']
27308 [http-nio-8080-exec-9] DEBUG o.s.s.w.u.m.AntPathRequestMatcher - Checking match of request : '/login'; against '/js/**'
27308 [http-nio-8080-exec-9] DEBUG o.s.s.w.u.matcher.OrRequestMatcher - Trying to match using Ant [pattern='/images/**']
27308 [http-nio-8080-exec-9] DEBUG o.s.s.w.u.m.AntPathRequestMatcher - Checking match of request : '/login'; against '/images/**'
27308 [http-nio-8080-exec-9] DEBUG o.s.s.w.u.matcher.OrRequestMatcher - Trying to match using Ant [pattern='/webjars/**']
27308 [http-nio-8080-exec-9] DEBUG o.s.s.w.u.m.AntPathRequestMatcher - Checking match of request : '/login'; against '/webjars/**'
27308 [http-nio-8080-exec-9] DEBUG o.s.s.w.u.matcher.OrRequestMatcher - Trying to match using Ant [pattern='/**/favicon.ico']
27308 [http-nio-8080-exec-9] DEBUG o.s.s.w.u.m.AntPathRequestMatcher - Checking match of request : '/login'; against '/**/favicon.ico'
27308 [http-nio-8080-exec-9] DEBUG o.s.s.w.u.matcher.OrRequestMatcher - Trying to match using Ant [pattern='/error']
27308 [http-nio-8080-exec-9] DEBUG o.s.s.w.u.m.AntPathRequestMatcher - Checking match of request : '/login'; against '/error'
27308 [http-nio-8080-exec-9] DEBUG o.s.s.w.u.matcher.OrRequestMatcher - No matches found
27308 [http-nio-8080-exec-9] DEBUG o.s.security.web.FilterChainProxy - /login at position 1 of 12 in additional filter chain; firing Filter: 'WebAsyncManagerIntegrationFilter'
27308 [http-nio-8080-exec-9] DEBUG o.s.security.web.FilterChainProxy - /login at position 2 of 12 in additional filter chain; firing Filter: 'SecurityContextPersistenceFilter'
27308 [http-nio-8080-exec-9] DEBUG o.s.s.w.c.HttpSessionSecurityContextRepository - HttpSession returned null object for SPRING_SECURITY_CONTEXT
27308 [http-nio-8080-exec-9] DEBUG o.s.s.w.c.HttpSessionSecurityContextRepository - No SecurityContext was available from the HttpSession: org.apache.catalina.session.StandardSessionFacade@26fbdeea. A new one will be created.
27308 [http-nio-8080-exec-9] DEBUG o.s.security.web.FilterChainProxy - /login at position 3 of 12 in additional filter chain; firing Filter: 'HeaderWriterFilter'
27309 [http-nio-8080-exec-9] DEBUG o.s.s.w.h.writers.HstsHeaderWriter - Not injecting HSTS header since it did not match the requestMatcher org.springframework.security.web.header.writers.HstsHeaderWriter$SecureRequestMatcher@59fad263
27309 [http-nio-8080-exec-9] DEBUG o.s.security.web.FilterChainProxy - /login at position 4 of 12 in additional filter chain; firing Filter: 'CsrfFilter'
27309 [http-nio-8080-exec-9] DEBUG o.s.security.web.FilterChainProxy - /login at position 5 of 12 in additional filter chain; firing Filter: 'LogoutFilter'
27309 [http-nio-8080-exec-9] DEBUG o.s.s.w.u.m.AntPathRequestMatcher - Request 'GET /login' doesn't match 'POST /logout
27309 [http-nio-8080-exec-9] DEBUG o.s.security.web.FilterChainProxy - /login at position 6 of 12 in additional filter chain; firing Filter: 'UsernamePasswordAuthenticationFilter'
27309 [http-nio-8080-exec-9] DEBUG o.s.s.w.u.m.AntPathRequestMatcher - Request 'GET /login' doesn't match 'POST /login
27309 [http-nio-8080-exec-9] DEBUG o.s.security.web.FilterChainProxy - /login at position 7 of 12 in additional filter chain; firing Filter: 'RequestCacheAwareFilter'
27309 [http-nio-8080-exec-9] DEBUG o.s.s.w.s.DefaultSavedRequest - pathInfo: both null (property equals)
27309 [http-nio-8080-exec-9] DEBUG o.s.s.w.s.DefaultSavedRequest - queryString: both null (property equals)
27309 [http-nio-8080-exec-9] DEBUG o.s.s.w.s.DefaultSavedRequest - requestURI: arg1=/; arg2=/login (property not equals)
27314 [http-nio-8080-exec-9] DEBUG o.s.s.w.s.HttpSessionRequestCache - saved request doesn't match
27314 [http-nio-8080-exec-9] DEBUG o.s.security.web.FilterChainProxy - /login at position 8 of 12 in additional filter chain; firing Filter: 'SecurityContextHolderAwareRequestFilter'
27314 [http-nio-8080-exec-9] DEBUG o.s.security.web.FilterChainProxy - /login at position 9 of 12 in additional filter chain; firing Filter: 'AnonymousAuthenticationFilter'
27314 [http-nio-8080-exec-9] DEBUG o.s.s.w.a.AnonymousAuthenticationFilter - Populated SecurityContextHolder with anonymous token: 'org.springframework.security.authentication.AnonymousAuthenticationToken@6faeba70: Principal: anonymousUser; Credentials: [PROTECTED]; Authenticated: true; Details: org.springframework.security.web.authentication.WebAuthenticationDetails@fffbcba8: RemoteIpAddress: 0:0:0:0:0:0:0:1; SessionId: 3804353C2C2C151F407CA4B277564A11; Granted Authorities: ROLE_ANONYMOUS'
27314 [http-nio-8080-exec-9] DEBUG o.s.security.web.FilterChainProxy - /login at position 10 of 12 in additional filter chain; firing Filter: 'SessionManagementFilter'
27314 [http-nio-8080-exec-9] DEBUG o.s.security.web.FilterChainProxy - /login at position 11 of 12 in additional filter chain; firing Filter: 'ExceptionTranslationFilter'
27314 [http-nio-8080-exec-9] DEBUG o.s.security.web.FilterChainProxy - /login at position 12 of 12 in additional filter chain; firing Filter: 'FilterSecurityInterceptor'
27314 [http-nio-8080-exec-9] DEBUG o.s.s.w.a.i.FilterSecurityInterceptor - Secure object: FilterInvocation: URL: /login; Attributes: [permitAll]
27314 [http-nio-8080-exec-9] DEBUG o.s.s.w.a.i.FilterSecurityInterceptor - Previously Authenticated: org.springframework.security.authentication.AnonymousAuthenticationToken@6faeba70: Principal: anonymousUser; Credentials: [PROTECTED]; Authenticated: true; Details: org.springframework.security.web.authentication.WebAuthenticationDetails@fffbcba8: RemoteIpAddress: 0:0:0:0:0:0:0:1; SessionId: 3804353C2C2C151F407CA4B277564A11; Granted Authorities: ROLE_ANONYMOUS
27314 [http-nio-8080-exec-9] DEBUG o.s.s.access.vote.AffirmativeBased - Voter: org.springframework.security.web.access.expression.WebExpressionVoter@58c4fa4b, returned: 1
27314 [http-nio-8080-exec-9] DEBUG o.s.s.w.a.i.FilterSecurityInterceptor - Authorization successful
27314 [http-nio-8080-exec-9] DEBUG o.s.s.w.a.i.FilterSecurityInterceptor - RunAsManager did not change Authentication object
27314 [http-nio-8080-exec-9] DEBUG o.s.security.web.FilterChainProxy - /login reached end of additional filter chain; proceeding with original chain
27317 [http-nio-8080-exec-9] DEBUG o.s.s.w.c.HttpSessionSecurityContextRepository - SecurityContext is empty or contents are anonymous - context will not be stored in HttpSession.
27318 [http-nio-8080-exec-9] DEBUG o.s.s.w.a.ExceptionTranslationFilter - Chain processed normally
27318 [http-nio-8080-exec-9] DEBUG o.s.s.w.c.SecurityContextPersistenceFilter - SecurityContextHolder now cleared, as request processing completed
27325 [http-nio-8080-exec-3] DEBUG o.s.s.w.u.matcher.OrRequestMatcher - Trying to match using Ant [pattern='/css/**']
27325 [http-nio-8080-exec-1] DEBUG o.s.s.w.u.matcher.OrRequestMatcher - Trying to match using Ant [pattern='/css/**']
27325 [http-nio-8080-exec-10] DEBUG o.s.s.w.u.matcher.OrRequestMatcher - Trying to match using Ant [pattern='/css/**']
27325 [http-nio-8080-exec-3] DEBUG o.s.s.w.u.m.AntPathRequestMatcher - Checking match of request : '/bootstrap/js/bootstrap.js'; against '/css/**'
27325 [http-nio-8080-exec-1] DEBUG o.s.s.w.u.m.AntPathRequestMatcher - Checking match of request : '/jquery/jquery-2.1.3.js'; against '/css/**'
27325 [http-nio-8080-exec-3] DEBUG o.s.s.w.u.matcher.OrRequestMatcher - Trying to match using Ant [pattern='/js/**']
27325 [http-nio-8080-exec-1] DEBUG o.s.s.w.u.matcher.OrRequestMatcher - Trying to match using Ant [pattern='/js/**']
27325 [http-nio-8080-exec-10] DEBUG o.s.s.w.u.m.AntPathRequestMatcher - Checking match of request : '/bootstrap/css/bootstrap.css'; against '/css/**'
27325 [http-nio-8080-exec-3] DEBUG o.s.s.w.u.m.AntPathRequestMatcher - Checking match of request : '/bootstrap/js/bootstrap.js'; against '/js/**'
27325 [http-nio-8080-exec-1] DEBUG o.s.s.w.u.m.AntPathRequestMatcher - Checking match of request : '/jquery/jquery-2.1.3.js'; against '/js/**'
27325 [http-nio-8080-exec-1] DEBUG o.s.s.w.u.matcher.OrRequestMatcher - Trying to match using Ant [pattern='/images/**']
27325 [http-nio-8080-exec-10] DEBUG o.s.s.w.u.matcher.OrRequestMatcher - Trying to match using Ant [pattern='/js/**']
27325 [http-nio-8080-exec-3] DEBUG o.s.s.w.u.matcher.OrRequestMatcher - Trying to match using Ant [pattern='/images/**']
27325 [http-nio-8080-exec-10] DEBUG o.s.s.w.u.m.AntPathRequestMatcher - Checking match of request : '/bootstrap/css/bootstrap.css'; against '/js/**'
27325 [http-nio-8080-exec-1] DEBUG o.s.s.w.u.m.AntPathRequestMatcher - Checking match of request : '/jquery/jquery-2.1.3.js'; against '/images/**'
27325 [http-nio-8080-exec-3] DEBUG o.s.s.w.u.m.AntPathRequestMatcher - Checking match of request : '/bootstrap/js/bootstrap.js'; against '/images/**'
27326 [http-nio-8080-exec-1] DEBUG o.s.s.w.u.matcher.OrRequestMatcher - Trying to match using Ant [pattern='/webjars/**']
27325 [http-nio-8080-exec-10] DEBUG o.s.s.w.u.matcher.OrRequestMatcher - Trying to match using Ant [pattern='/images/**']
27326 [http-nio-8080-exec-3] DEBUG o.s.s.w.u.matcher.OrRequestMatcher - Trying to match using Ant [pattern='/webjars/**']
27326 [http-nio-8080-exec-1] DEBUG o.s.s.w.u.m.AntPathRequestMatcher - Checking match of request : '/jquery/jquery-2.1.3.js'; against '/webjars/**'
27326 [http-nio-8080-exec-3] DEBUG o.s.s.w.u.m.AntPathRequestMatcher - Checking match of request : '/bootstrap/js/bootstrap.js'; against '/webjars/**'
27326 [http-nio-8080-exec-10] DEBUG o.s.s.w.u.m.AntPathRequestMatcher - Checking match of request : '/bootstrap/css/bootstrap.css'; against '/images/**'
27326 [http-nio-8080-exec-1] DEBUG o.s.s.w.u.matcher.OrRequestMatcher - Trying to match using Ant [pattern='/**/favicon.ico']
27326 [http-nio-8080-exec-3] DEBUG o.s.s.w.u.matcher.OrRequestMatcher - Trying to match using Ant [pattern='/**/favicon.ico']
27326 [http-nio-8080-exec-1] DEBUG o.s.s.w.u.m.AntPathRequestMatcher - Checking match of request : '/jquery/jquery-2.1.3.js'; against '/**/favicon.ico'
27326 [http-nio-8080-exec-3] DEBUG o.s.s.w.u.m.AntPathRequestMatcher - Checking match of request : '/bootstrap/js/bootstrap.js'; against '/**/favicon.ico'
27326 [http-nio-8080-exec-10] DEBUG o.s.s.w.u.matcher.OrRequestMatcher - Trying to match using Ant [pattern='/webjars/**']
27326 [http-nio-8080-exec-1] DEBUG o.s.s.w.u.matcher.OrRequestMatcher - Trying to match using Ant [pattern='/error']
27326 [http-nio-8080-exec-3] DEBUG o.s.s.w.u.matcher.OrRequestMatcher - Trying to match using Ant [pattern='/error']
27326 [http-nio-8080-exec-10] DEBUG o.s.s.w.u.m.AntPathRequestMatcher - Checking match of request : '/bootstrap/css/bootstrap.css'; against '/webjars/**'
27326 [http-nio-8080-exec-1] DEBUG o.s.s.w.u.m.AntPathRequestMatcher - Checking match of request : '/jquery/jquery-2.1.3.js'; against '/error'
27326 [http-nio-8080-exec-3] DEBUG o.s.s.w.u.m.AntPathRequestMatcher - Checking match of request : '/bootstrap/js/bootstrap.js'; against '/error'
27329 [http-nio-8080-exec-10] DEBUG o.s.s.w.u.matcher.OrRequestMatcher - Trying to match using Ant [pattern='/**/favicon.ico']
27329 [http-nio-8080-exec-1] DEBUG o.s.s.w.u.matcher.OrRequestMatcher - No matches found
27329 [http-nio-8080-exec-10] DEBUG o.s.s.w.u.m.AntPathRequestMatcher - Checking match of request : '/bootstrap/css/bootstrap.css'; against '/**/favicon.ico'
27329 [http-nio-8080-exec-3] DEBUG o.s.s.w.u.matcher.OrRequestMatcher - No matches found
27329 [http-nio-8080-exec-3] DEBUG o.s.security.web.FilterChainProxy - /bootstrap/js/bootstrap.js at position 1 of 12 in additional filter chain; firing Filter: 'WebAsyncManagerIntegrationFilter'
27329 [http-nio-8080-exec-1] DEBUG o.s.security.web.FilterChainProxy - /jquery/jquery-2.1.3.js at position 1 of 12 in additional filter chain; firing Filter: 'WebAsyncManagerIntegrationFilter'
27329 [http-nio-8080-exec-1] DEBUG o.s.security.web.FilterChainProxy - /jquery/jquery-2.1.3.js at position 2 of 12 in additional filter chain; firing Filter: 'SecurityContextPersistenceFilter'
27329 [http-nio-8080-exec-3] DEBUG o.s.security.web.FilterChainProxy - /bootstrap/js/bootstrap.js at position 2 of 12 in additional filter chain; firing Filter: 'SecurityContextPersistenceFilter'
27329 [http-nio-8080-exec-1] DEBUG o.s.s.w.c.HttpSessionSecurityContextRepository - HttpSession returned null object for SPRING_SECURITY_CONTEXT
27329 [http-nio-8080-exec-1] DEBUG o.s.s.w.c.HttpSessionSecurityContextRepository - No SecurityContext was available from the HttpSession: org.apache.catalina.session.StandardSessionFacade@26fbdeea. A new one will be created.
27329 [http-nio-8080-exec-3] DEBUG o.s.s.w.c.HttpSessionSecurityContextRepository - HttpSession returned null object for SPRING_SECURITY_CONTEXT
27329 [http-nio-8080-exec-10] DEBUG o.s.s.w.u.matcher.OrRequestMatcher - Trying to match using Ant [pattern='/error']
27329 [http-nio-8080-exec-3] DEBUG o.s.s.w.c.HttpSessionSecurityContextRepository - No SecurityContext was available from the HttpSession: org.apache.catalina.session.StandardSessionFacade@26fbdeea. A new one will be created.
27329 [http-nio-8080-exec-10] DEBUG o.s.s.w.u.m.AntPathRequestMatcher - Checking match of request : '/bootstrap/css/bootstrap.css'; against '/error'
27329 [http-nio-8080-exec-1] DEBUG o.s.security.web.FilterChainProxy - /jquery/jquery-2.1.3.js at position 3 of 12 in additional filter chain; firing Filter: 'HeaderWriterFilter'
27329 [http-nio-8080-exec-3] DEBUG o.s.security.web.FilterChainProxy - /bootstrap/js/bootstrap.js at position 3 of 12 in additional filter chain; firing Filter: 'HeaderWriterFilter'
27329 [http-nio-8080-exec-10] DEBUG o.s.s.w.u.matcher.OrRequestMatcher - No matches found
27329 [http-nio-8080-exec-10] DEBUG o.s.security.web.FilterChainProxy - /bootstrap/css/bootstrap.css at position 1 of 12 in additional filter chain; firing Filter: 'WebAsyncManagerIntegrationFilter'
27330 [http-nio-8080-exec-10] DEBUG o.s.security.web.FilterChainProxy - /bootstrap/css/bootstrap.css at position 2 of 12 in additional filter chain; firing Filter: 'SecurityContextPersistenceFilter'
27330 [http-nio-8080-exec-1] DEBUG o.s.s.w.h.writers.HstsHeaderWriter - Not injecting HSTS header since it did not match the requestMatcher org.springframework.security.web.header.writers.HstsHeaderWriter$SecureRequestMatcher@59fad263
27330 [http-nio-8080-exec-3] DEBUG o.s.s.w.h.writers.HstsHeaderWriter - Not injecting HSTS header since it did not match the requestMatcher org.springframework.security.web.header.writers.HstsHeaderWriter$SecureRequestMatcher@59fad263
27330 [http-nio-8080-exec-10] DEBUG o.s.s.w.c.HttpSessionSecurityContextRepository - HttpSession returned null object for SPRING_SECURITY_CONTEXT
27330 [http-nio-8080-exec-10] DEBUG o.s.s.w.c.HttpSessionSecurityContextRepository - No SecurityContext was available from the HttpSession: org.apache.catalina.session.StandardSessionFacade@26fbdeea. A new one will be created.
27330 [http-nio-8080-exec-1] DEBUG o.s.security.web.FilterChainProxy - /jquery/jquery-2.1.3.js at position 4 of 12 in additional filter chain; firing Filter: 'CsrfFilter'
27331 [http-nio-8080-exec-3] DEBUG o.s.security.web.FilterChainProxy - /bootstrap/js/bootstrap.js at position 4 of 12 in additional filter chain; firing Filter: 'CsrfFilter'
27331 [http-nio-8080-exec-10] DEBUG o.s.security.web.FilterChainProxy - /bootstrap/css/bootstrap.css at position 3 of 12 in additional filter chain; firing Filter: 'HeaderWriterFilter'
27331 [http-nio-8080-exec-1] DEBUG o.s.security.web.FilterChainProxy - /jquery/jquery-2.1.3.js at position 5 of 12 in additional filter chain; firing Filter: 'LogoutFilter'
27331 [http-nio-8080-exec-3] DEBUG o.s.security.web.FilterChainProxy - /bootstrap/js/bootstrap.js at position 5 of 12 in additional filter chain; firing Filter: 'LogoutFilter'
27331 [http-nio-8080-exec-3] DEBUG o.s.s.w.u.m.AntPathRequestMatcher - Request 'GET /bootstrap/js/bootstrap.js' doesn't match 'POST /logout
27331 [http-nio-8080-exec-1] DEBUG o.s.s.w.u.m.AntPathRequestMatcher - Request 'GET /jquery/jquery-2.1.3.js' doesn't match 'POST /logout
27331 [http-nio-8080-exec-10] DEBUG o.s.s.w.h.writers.HstsHeaderWriter - Not injecting HSTS header since it did not match the requestMatcher org.springframework.security.web.header.writers.HstsHeaderWriter$SecureRequestMatcher@59fad263
27331 [http-nio-8080-exec-1] DEBUG o.s.security.web.FilterChainProxy - /jquery/jquery-2.1.3.js at position 6 of 12 in additional filter chain; firing Filter: 'UsernamePasswordAuthenticationFilter'
27331 [http-nio-8080-exec-3] DEBUG o.s.security.web.FilterChainProxy - /bootstrap/js/bootstrap.js at position 6 of 12 in additional filter chain; firing Filter: 'UsernamePasswordAuthenticationFilter'
27331 [http-nio-8080-exec-10] DEBUG o.s.security.web.FilterChainProxy - /bootstrap/css/bootstrap.css at position 4 of 12 in additional filter chain; firing Filter: 'CsrfFilter'
27331 [http-nio-8080-exec-1] DEBUG o.s.s.w.u.m.AntPathRequestMatcher - Request 'GET /jquery/jquery-2.1.3.js' doesn't match 'POST /login
27331 [http-nio-8080-exec-3] DEBUG o.s.s.w.u.m.AntPathRequestMatcher - Request 'GET /bootstrap/js/bootstrap.js' doesn't match 'POST /login
27331 [http-nio-8080-exec-1] DEBUG o.s.security.web.FilterChainProxy - /jquery/jquery-2.1.3.js at position 7 of 12 in additional filter chain; firing Filter: 'RequestCacheAwareFilter'
27331 [http-nio-8080-exec-10] DEBUG o.s.security.web.FilterChainProxy - /bootstrap/css/bootstrap.css at position 5 of 12 in additional filter chain; firing Filter: 'LogoutFilter'
27331 [http-nio-8080-exec-3] DEBUG o.s.security.web.FilterChainProxy - /bootstrap/js/bootstrap.js at position 7 of 12 in additional filter chain; firing Filter: 'RequestCacheAwareFilter'
27331 [http-nio-8080-exec-10] DEBUG o.s.s.w.u.m.AntPathRequestMatcher - Request 'GET /bootstrap/css/bootstrap.css' doesn't match 'POST /logout
27331 [http-nio-8080-exec-1] DEBUG o.s.s.w.s.DefaultSavedRequest - pathInfo: both null (property equals)
27331 [http-nio-8080-exec-3] DEBUG o.s.s.w.s.DefaultSavedRequest - pathInfo: both null (property equals)
27331 [http-nio-8080-exec-1] DEBUG o.s.s.w.s.DefaultSavedRequest - queryString: both null (property equals)
27331 [http-nio-8080-exec-3] DEBUG o.s.s.w.s.DefaultSavedRequest - queryString: both null (property equals)
27331 [http-nio-8080-exec-1] DEBUG o.s.s.w.s.DefaultSavedRequest - requestURI: arg1=/; arg2=/jquery/jquery-2.1.3.js (property not equals)
27331 [http-nio-8080-exec-10] DEBUG o.s.security.web.FilterChainProxy - /bootstrap/css/bootstrap.css at position 6 of 12 in additional filter chain; firing Filter: 'UsernamePasswordAuthenticationFilter'
27331 [http-nio-8080-exec-3] DEBUG o.s.s.w.s.DefaultSavedRequest - requestURI: arg1=/; arg2=/bootstrap/js/bootstrap.js (property not equals)
27331 [http-nio-8080-exec-1] DEBUG o.s.s.w.s.HttpSessionRequestCache - saved request doesn't match
27331 [http-nio-8080-exec-3] DEBUG o.s.s.w.s.HttpSessionRequestCache - saved request doesn't match
27331 [http-nio-8080-exec-3] DEBUG o.s.security.web.FilterChainProxy - /bootstrap/js/bootstrap.js at position 8 of 12 in additional filter chain; firing Filter: 'SecurityContextHolderAwareRequestFilter'
27331 [http-nio-8080-exec-10] DEBUG o.s.s.w.u.m.AntPathRequestMatcher - Request 'GET /bootstrap/css/bootstrap.css' doesn't match 'POST /login
27331 [http-nio-8080-exec-1] DEBUG o.s.security.web.FilterChainProxy - /jquery/jquery-2.1.3.js at position 8 of 12 in additional filter chain; firing Filter: 'SecurityContextHolderAwareRequestFilter'
27333 [http-nio-8080-exec-3] DEBUG o.s.security.web.FilterChainProxy - /bootstrap/js/bootstrap.js at position 9 of 12 in additional filter chain; firing Filter: 'AnonymousAuthenticationFilter'
27333 [http-nio-8080-exec-10] DEBUG o.s.security.web.FilterChainProxy - /bootstrap/css/bootstrap.css at position 7 of 12 in additional filter chain; firing Filter: 'RequestCacheAwareFilter'
27333 [http-nio-8080-exec-1] DEBUG o.s.security.web.FilterChainProxy - /jquery/jquery-2.1.3.js at position 9 of 12 in additional filter chain; firing Filter: 'AnonymousAuthenticationFilter'
27333 [http-nio-8080-exec-3] DEBUG o.s.s.w.a.AnonymousAuthenticationFilter - Populated SecurityContextHolder with anonymous token: 'org.springframework.security.authentication.AnonymousAuthenticationToken@6faeba70: Principal: anonymousUser; Credentials: [PROTECTED]; Authenticated: true; Details: org.springframework.security.web.authentication.WebAuthenticationDetails@fffbcba8: RemoteIpAddress: 0:0:0:0:0:0:0:1; SessionId: 3804353C2C2C151F407CA4B277564A11; Granted Authorities: ROLE_ANONYMOUS'
27333 [http-nio-8080-exec-1] DEBUG o.s.s.w.a.AnonymousAuthenticationFilter - Populated SecurityContextHolder with anonymous token: 'org.springframework.security.authentication.AnonymousAuthenticationToken@6faeba70: Principal: anonymousUser; Credentials: [PROTECTED]; Authenticated: true; Details: org.springframework.security.web.authentication.WebAuthenticationDetails@fffbcba8: RemoteIpAddress: 0:0:0:0:0:0:0:1; SessionId: 3804353C2C2C151F407CA4B277564A11; Granted Authorities: ROLE_ANONYMOUS'
27333 [http-nio-8080-exec-10] DEBUG o.s.s.w.s.DefaultSavedRequest - pathInfo: both null (property equals)
27333 [http-nio-8080-exec-1] DEBUG o.s.security.web.FilterChainProxy - /jquery/jquery-2.1.3.js at position 10 of 12 in additional filter chain; firing Filter: 'SessionManagementFilter'
27333 [http-nio-8080-exec-10] DEBUG o.s.s.w.s.DefaultSavedRequest - queryString: both null (property equals)
27333 [http-nio-8080-exec-1] DEBUG o.s.security.web.FilterChainProxy - /jquery/jquery-2.1.3.js at position 11 of 12 in additional filter chain; firing Filter: 'ExceptionTranslationFilter'
27333 [http-nio-8080-exec-3] DEBUG o.s.security.web.FilterChainProxy - /bootstrap/js/bootstrap.js at position 10 of 12 in additional filter chain; firing Filter: 'SessionManagementFilter'
27333 [http-nio-8080-exec-3] DEBUG o.s.security.web.FilterChainProxy - /bootstrap/js/bootstrap.js at position 11 of 12 in additional filter chain; firing Filter: 'ExceptionTranslationFilter'
27333 [http-nio-8080-exec-10] DEBUG o.s.s.w.s.DefaultSavedRequest - requestURI: arg1=/; arg2=/bootstrap/css/bootstrap.css (property not equals)
27333 [http-nio-8080-exec-10] DEBUG o.s.s.w.s.HttpSessionRequestCache - saved request doesn't match
27333 [http-nio-8080-exec-10] DEBUG o.s.security.web.FilterChainProxy - /bootstrap/css/bootstrap.css at position 8 of 12 in additional filter chain; firing Filter: 'SecurityContextHolderAwareRequestFilter'
27333 [http-nio-8080-exec-10] DEBUG o.s.security.web.FilterChainProxy - /bootstrap/css/bootstrap.css at position 9 of 12 in additional filter chain; firing Filter: 'AnonymousAuthenticationFilter'
27333 [http-nio-8080-exec-1] DEBUG o.s.security.web.FilterChainProxy - /jquery/jquery-2.1.3.js at position 12 of 12 in additional filter chain; firing Filter: 'FilterSecurityInterceptor'
27333 [http-nio-8080-exec-1] DEBUG o.s.s.w.u.m.AntPathRequestMatcher - Request 'GET /jquery/jquery-2.1.3.js' doesn't match 'POST /logout
27333 [http-nio-8080-exec-3] DEBUG o.s.security.web.FilterChainProxy - /bootstrap/js/bootstrap.js at position 12 of 12 in additional filter chain; firing Filter: 'FilterSecurityInterceptor'
27333 [http-nio-8080-exec-3] DEBUG o.s.s.w.u.m.AntPathRequestMatcher - Request 'GET /bootstrap/js/bootstrap.js' doesn't match 'POST /logout
27333 [http-nio-8080-exec-10] DEBUG o.s.s.w.a.AnonymousAuthenticationFilter - Populated SecurityContextHolder with anonymous token: 'org.springframework.security.authentication.AnonymousAuthenticationToken@6faeba70: Principal: anonymousUser; Credentials: [PROTECTED]; Authenticated: true; Details: org.springframework.security.web.authentication.WebAuthenticationDetails@fffbcba8: RemoteIpAddress: 0:0:0:0:0:0:0:1; SessionId: 3804353C2C2C151F407CA4B277564A11; Granted Authorities: ROLE_ANONYMOUS'
27333 [http-nio-8080-exec-1] DEBUG o.s.s.w.u.m.AntPathRequestMatcher - Checking match of request : '/jquery/jquery-2.1.3.js'; against '/bootstrap/**'
27334 [http-nio-8080-exec-3] DEBUG o.s.s.w.u.m.AntPathRequestMatcher - Checking match of request : '/bootstrap/js/bootstrap.js'; against '/bootstrap/**'
27334 [http-nio-8080-exec-10] DEBUG o.s.security.web.FilterChainProxy - /bootstrap/css/bootstrap.css at position 10 of 12 in additional filter chain; firing Filter: 'SessionManagementFilter'
27334 [http-nio-8080-exec-3] DEBUG o.s.s.w.a.i.FilterSecurityInterceptor - Secure object: FilterInvocation: URL: /bootstrap/js/bootstrap.js; Attributes: [permitAll]
27334 [http-nio-8080-exec-1] DEBUG o.s.s.w.u.m.AntPathRequestMatcher - Checking match of request : '/jquery/jquery-2.1.3.js'; against '/error/**'
27334 [http-nio-8080-exec-10] DEBUG o.s.security.web.FilterChainProxy - /bootstrap/css/bootstrap.css at position 11 of 12 in additional filter chain; firing Filter: 'ExceptionTranslationFilter'
27334 [http-nio-8080-exec-3] DEBUG o.s.s.w.a.i.FilterSecurityInterceptor - Previously Authenticated: org.springframework.security.authentication.AnonymousAuthenticationToken@6faeba70: Principal: anonymousUser; Credentials: [PROTECTED]; Authenticated: true; Details: org.springframework.security.web.authentication.WebAuthenticationDetails@fffbcba8: RemoteIpAddress: 0:0:0:0:0:0:0:1; SessionId: 3804353C2C2C151F407CA4B277564A11; Granted Authorities: ROLE_ANONYMOUS
27334 [http-nio-8080-exec-10] DEBUG o.s.security.web.FilterChainProxy - /bootstrap/css/bootstrap.css at position 12 of 12 in additional filter chain; firing Filter: 'FilterSecurityInterceptor'
27334 [http-nio-8080-exec-1] DEBUG o.s.s.w.u.m.AntPathRequestMatcher - Checking match of request : '/jquery/jquery-2.1.3.js'; against '/img/**'
27334 [http-nio-8080-exec-10] DEBUG o.s.s.w.u.m.AntPathRequestMatcher - Request 'GET /bootstrap/css/bootstrap.css' doesn't match 'POST /logout
27334 [http-nio-8080-exec-1] DEBUG o.s.s.w.u.m.AntPathRequestMatcher - Checking match of request : '/jquery/jquery-2.1.3.js'; against '/jquery/**'
27334 [http-nio-8080-exec-3] DEBUG o.s.s.access.vote.AffirmativeBased - Voter: org.springframework.security.web.access.expression.WebExpressionVoter@58c4fa4b, returned: 1
27334 [http-nio-8080-exec-1] DEBUG o.s.s.w.a.i.FilterSecurityInterceptor - Secure object: FilterInvocation: URL: /jquery/jquery-2.1.3.js; Attributes: [permitAll]
27334 [http-nio-8080-exec-3] DEBUG o.s.s.w.a.i.FilterSecurityInterceptor - Authorization successful
27334 [http-nio-8080-exec-10] DEBUG o.s.s.w.u.m.AntPathRequestMatcher - Checking match of request : '/bootstrap/css/bootstrap.css'; against '/bootstrap/**'
27334 [http-nio-8080-exec-3] DEBUG o.s.s.w.a.i.FilterSecurityInterceptor - RunAsManager did not change Authentication object
27334 [http-nio-8080-exec-1] DEBUG o.s.s.w.a.i.FilterSecurityInterceptor - Previously Authenticated: org.springframework.security.authentication.AnonymousAuthenticationToken@6faeba70: Principal: anonymousUser; Credentials: [PROTECTED]; Authenticated: true; Details: org.springframework.security.web.authentication.WebAuthenticationDetails@fffbcba8: RemoteIpAddress: 0:0:0:0:0:0:0:1; SessionId: 3804353C2C2C151F407CA4B277564A11; Granted Authorities: ROLE_ANONYMOUS
27334 [http-nio-8080-exec-10] DEBUG o.s.s.w.a.i.FilterSecurityInterceptor - Secure object: FilterInvocation: URL: /bootstrap/css/bootstrap.css; Attributes: [permitAll]
27335 [http-nio-8080-exec-3] DEBUG o.s.security.web.FilterChainProxy - /bootstrap/js/bootstrap.js reached end of additional filter chain; proceeding with original chain
27335 [http-nio-8080-exec-10] DEBUG o.s.s.w.a.i.FilterSecurityInterceptor - Previously Authenticated: org.springframework.security.authentication.AnonymousAuthenticationToken@6faeba70: Principal: anonymousUser; Credentials: [PROTECTED]; Authenticated: true; Details: org.springframework.security.web.authentication.WebAuthenticationDetails@fffbcba8: RemoteIpAddress: 0:0:0:0:0:0:0:1; SessionId: 3804353C2C2C151F407CA4B277564A11; Granted Authorities: ROLE_ANONYMOUS
27335 [http-nio-8080-exec-1] DEBUG o.s.s.access.vote.AffirmativeBased - Voter: org.springframework.security.web.access.expression.WebExpressionVoter@58c4fa4b, returned: 1
27335 [http-nio-8080-exec-10] DEBUG o.s.s.access.vote.AffirmativeBased - Voter: org.springframework.security.web.access.expression.WebExpressionVoter@58c4fa4b, returned: 1
27336 [http-nio-8080-exec-1] DEBUG o.s.s.w.a.i.FilterSecurityInterceptor - Authorization successful
27336 [http-nio-8080-exec-10] DEBUG o.s.s.w.a.i.FilterSecurityInterceptor - Authorization successful
27336 [http-nio-8080-exec-1] DEBUG o.s.s.w.a.i.FilterSecurityInterceptor - RunAsManager did not change Authentication object
27336 [http-nio-8080-exec-10] DEBUG o.s.s.w.a.i.FilterSecurityInterceptor - RunAsManager did not change Authentication object
27336 [http-nio-8080-exec-10] DEBUG o.s.security.web.FilterChainProxy - /bootstrap/css/bootstrap.css reached end of additional filter chain; proceeding with original chain
27336 [http-nio-8080-exec-1] DEBUG o.s.security.web.FilterChainProxy - /jquery/jquery-2.1.3.js reached end of additional filter chain; proceeding with original chain
27337 [http-nio-8080-exec-3] DEBUG o.s.s.w.c.HttpSessionSecurityContextRepository - SecurityContext is empty or contents are anonymous - context will not be stored in HttpSession.
27337 [http-nio-8080-exec-1] DEBUG o.s.s.w.c.HttpSessionSecurityContextRepository - SecurityContext is empty or contents are anonymous - context will not be stored in HttpSession.
27338 [http-nio-8080-exec-10] DEBUG o.s.s.w.c.HttpSessionSecurityContextRepository - SecurityContext is empty or contents are anonymous - context will not be stored in HttpSession.
27339 [http-nio-8080-exec-3] DEBUG o.s.s.w.a.ExceptionTranslationFilter - Chain processed normally
27339 [http-nio-8080-exec-3] DEBUG o.s.s.w.c.SecurityContextPersistenceFilter - SecurityContextHolder now cleared, as request processing completed
27341 [http-nio-8080-exec-10] DEBUG o.s.s.w.a.ExceptionTranslationFilter - Chain processed normally
27341 [http-nio-8080-exec-10] DEBUG o.s.s.w.c.SecurityContextPersistenceFilter - SecurityContextHolder now cleared, as request processing completed
27342 [http-nio-8080-exec-1] DEBUG o.s.s.w.a.ExceptionTranslationFilter - Chain processed normally
27342 [http-nio-8080-exec-1] DEBUG o.s.s.w.c.SecurityContextPersistenceFilter - SecurityContextHolder now cleared, as request processing completed
35986 [http-nio-8080-exec-2] DEBUG o.s.s.w.u.matcher.OrRequestMatcher - Trying to match using Ant [pattern='/css/**']
35986 [http-nio-8080-exec-2] DEBUG o.s.s.w.u.m.AntPathRequestMatcher - Checking match of request : '/logout'; against '/css/**'
35987 [http-nio-8080-exec-2] DEBUG o.s.s.w.u.matcher.OrRequestMatcher - Trying to match using Ant [pattern='/js/**']
35987 [http-nio-8080-exec-2] DEBUG o.s.s.w.u.m.AntPathRequestMatcher - Checking match of request : '/logout'; against '/js/**'
35987 [http-nio-8080-exec-2] DEBUG o.s.s.w.u.matcher.OrRequestMatcher - Trying to match using Ant [pattern='/images/**']
35987 [http-nio-8080-exec-2] DEBUG o.s.s.w.u.m.AntPathRequestMatcher - Checking match of request : '/logout'; against '/images/**'
35987 [http-nio-8080-exec-2] DEBUG o.s.s.w.u.matcher.OrRequestMatcher - Trying to match using Ant [pattern='/webjars/**']
35987 [http-nio-8080-exec-2] DEBUG o.s.s.w.u.m.AntPathRequestMatcher - Checking match of request : '/logout'; against '/webjars/**'
35987 [http-nio-8080-exec-2] DEBUG o.s.s.w.u.matcher.OrRequestMatcher - Trying to match using Ant [pattern='/**/favicon.ico']
35987 [http-nio-8080-exec-2] DEBUG o.s.s.w.u.m.AntPathRequestMatcher - Checking match of request : '/logout'; against '/**/favicon.ico'
35987 [http-nio-8080-exec-2] DEBUG o.s.s.w.u.matcher.OrRequestMatcher - Trying to match using Ant [pattern='/error']
35987 [http-nio-8080-exec-2] DEBUG o.s.s.w.u.m.AntPathRequestMatcher - Checking match of request : '/logout'; against '/error'
35987 [http-nio-8080-exec-2] DEBUG o.s.s.w.u.matcher.OrRequestMatcher - No matches found
35987 [http-nio-8080-exec-2] DEBUG o.s.security.web.FilterChainProxy - /logout at position 1 of 12 in additional filter chain; firing Filter: 'WebAsyncManagerIntegrationFilter'
35987 [http-nio-8080-exec-2] DEBUG o.s.security.web.FilterChainProxy - /logout at position 2 of 12 in additional filter chain; firing Filter: 'SecurityContextPersistenceFilter'
35987 [http-nio-8080-exec-2] DEBUG o.s.s.w.c.HttpSessionSecurityContextRepository - HttpSession returned null object for SPRING_SECURITY_CONTEXT
35987 [http-nio-8080-exec-2] DEBUG o.s.s.w.c.HttpSessionSecurityContextRepository - No SecurityContext was available from the HttpSession: org.apache.catalina.session.StandardSessionFacade@26fbdeea. A new one will be created.
35987 [http-nio-8080-exec-2] DEBUG o.s.security.web.FilterChainProxy - /logout at position 3 of 12 in additional filter chain; firing Filter: 'HeaderWriterFilter'
35988 [http-nio-8080-exec-2] DEBUG o.s.s.w.h.writers.HstsHeaderWriter - Not injecting HSTS header since it did not match the requestMatcher org.springframework.security.web.header.writers.HstsHeaderWriter$SecureRequestMatcher@59fad263
35988 [http-nio-8080-exec-2] DEBUG o.s.security.web.FilterChainProxy - /logout at position 4 of 12 in additional filter chain; firing Filter: 'CsrfFilter'
35988 [http-nio-8080-exec-2] DEBUG o.s.security.web.FilterChainProxy - /logout at position 5 of 12 in additional filter chain; firing Filter: 'LogoutFilter'
35988 [http-nio-8080-exec-2] DEBUG o.s.s.w.u.m.AntPathRequestMatcher - Request 'GET /logout' doesn't match 'POST /logout
35988 [http-nio-8080-exec-2] DEBUG o.s.security.web.FilterChainProxy - /logout at position 6 of 12 in additional filter chain; firing Filter: 'UsernamePasswordAuthenticationFilter'
35988 [http-nio-8080-exec-2] DEBUG o.s.s.w.u.m.AntPathRequestMatcher - Request 'GET /logout' doesn't match 'POST /login
35988 [http-nio-8080-exec-2] DEBUG o.s.security.web.FilterChainProxy - /logout at position 7 of 12 in additional filter chain; firing Filter: 'RequestCacheAwareFilter'
35988 [http-nio-8080-exec-2] DEBUG o.s.s.w.s.DefaultSavedRequest - pathInfo: both null (property equals)
35988 [http-nio-8080-exec-2] DEBUG o.s.s.w.s.DefaultSavedRequest - queryString: both null (property equals)
35988 [http-nio-8080-exec-2] DEBUG o.s.s.w.s.DefaultSavedRequest - requestURI: arg1=/; arg2=/logout (property not equals)
35991 [http-nio-8080-exec-2] DEBUG o.s.s.w.s.HttpSessionRequestCache - saved request doesn't match
35991 [http-nio-8080-exec-2] DEBUG o.s.security.web.FilterChainProxy - /logout at position 8 of 12 in additional filter chain; firing Filter: 'SecurityContextHolderAwareRequestFilter'
35991 [http-nio-8080-exec-2] DEBUG o.s.security.web.FilterChainProxy - /logout at position 9 of 12 in additional filter chain; firing Filter: 'AnonymousAuthenticationFilter'
35991 [http-nio-8080-exec-2] DEBUG o.s.s.w.a.AnonymousAuthenticationFilter - Populated SecurityContextHolder with anonymous token: 'org.springframework.security.authentication.AnonymousAuthenticationToken@6faeba70: Principal: anonymousUser; Credentials: [PROTECTED]; Authenticated: true; Details: org.springframework.security.web.authentication.WebAuthenticationDetails@fffbcba8: RemoteIpAddress: 0:0:0:0:0:0:0:1; SessionId: 3804353C2C2C151F407CA4B277564A11; Granted Authorities: ROLE_ANONYMOUS'
35991 [http-nio-8080-exec-2] DEBUG o.s.security.web.FilterChainProxy - /logout at position 10 of 12 in additional filter chain; firing Filter: 'SessionManagementFilter'
35991 [http-nio-8080-exec-2] DEBUG o.s.security.web.FilterChainProxy - /logout at position 11 of 12 in additional filter chain; firing Filter: 'ExceptionTranslationFilter'
35991 [http-nio-8080-exec-2] DEBUG o.s.security.web.FilterChainProxy - /logout at position 12 of 12 in additional filter chain; firing Filter: 'FilterSecurityInterceptor'
35992 [http-nio-8080-exec-2] DEBUG o.s.s.w.u.m.AntPathRequestMatcher - Request 'GET /logout' doesn't match 'POST /logout
35992 [http-nio-8080-exec-2] DEBUG o.s.s.w.u.m.AntPathRequestMatcher - Checking match of request : '/logout'; against '/bootstrap/**'
35992 [http-nio-8080-exec-2] DEBUG o.s.s.w.u.m.AntPathRequestMatcher - Checking match of request : '/logout'; against '/error/**'
35992 [http-nio-8080-exec-2] DEBUG o.s.s.w.u.m.AntPathRequestMatcher - Checking match of request : '/logout'; against '/img/**'
35992 [http-nio-8080-exec-2] DEBUG o.s.s.w.u.m.AntPathRequestMatcher - Checking match of request : '/logout'; against '/jquery/**'
35992 [http-nio-8080-exec-2] DEBUG o.s.s.w.u.m.AntPathRequestMatcher - Checking match of request : '/logout'; against '/index.html'
35992 [http-nio-8080-exec-2] DEBUG o.s.s.w.a.i.FilterSecurityInterceptor - Secure object: FilterInvocation: URL: /logout; Attributes: [authenticated]
35992 [http-nio-8080-exec-2] DEBUG o.s.s.w.a.i.FilterSecurityInterceptor - Previously Authenticated: org.springframework.security.authentication.AnonymousAuthenticationToken@6faeba70: Principal: anonymousUser; Credentials: [PROTECTED]; Authenticated: true; Details: org.springframework.security.web.authentication.WebAuthenticationDetails@fffbcba8: RemoteIpAddress: 0:0:0:0:0:0:0:1; SessionId: 3804353C2C2C151F407CA4B277564A11; Granted Authorities: ROLE_ANONYMOUS
35992 [http-nio-8080-exec-2] DEBUG o.s.s.access.vote.AffirmativeBased - Voter: org.springframework.security.web.access.expression.WebExpressionVoter@58c4fa4b, returned: -1
35992 [http-nio-8080-exec-2] DEBUG o.s.s.w.a.ExceptionTranslationFilter - Access is denied (user is anonymous); redirecting to authentication entry point
org.springframework.security.access.AccessDeniedException: Access is denied
	at org.springframework.security.access.vote.AffirmativeBased.decide(AffirmativeBased.java:84)
	at org.springframework.security.access.intercept.AbstractSecurityInterceptor.beforeInvocation(AbstractSecurityInterceptor.java:233)
	at org.springframework.security.web.access.intercept.FilterSecurityInterceptor.invoke(FilterSecurityInterceptor.java:124)
	at org.springframework.security.web.access.intercept.FilterSecurityInterceptor.doFilter(FilterSecurityInterceptor.java:91)
	at org.springframework.security.web.FilterChainProxy$VirtualFilterChain.doFilter(FilterChainProxy.java:331)
	at org.springframework.security.web.access.ExceptionTranslationFilter.doFilter(ExceptionTranslationFilter.java:114)
	at org.springframework.security.web.FilterChainProxy$VirtualFilterChain.doFilter(FilterChainProxy.java:331)
	at org.springframework.security.web.session.SessionManagementFilter.doFilter(SessionManagementFilter.java:137)
	at org.springframework.security.web.FilterChainProxy$VirtualFilterChain.doFilter(FilterChainProxy.java:331)
	at org.springframework.security.web.authentication.AnonymousAuthenticationFilter.doFilter(AnonymousAuthenticationFilter.java:111)
	at org.springframework.security.web.FilterChainProxy$VirtualFilterChain.doFilter(FilterChainProxy.java:331)
	at org.springframework.security.web.servletapi.SecurityContextHolderAwareRequestFilter.doFilter(SecurityContextHolderAwareRequestFilter.java:170)
	at org.springframework.security.web.FilterChainProxy$VirtualFilterChain.doFilter(FilterChainProxy.java:331)
	at org.springframework.security.web.savedrequest.RequestCacheAwareFilter.doFilter(RequestCacheAwareFilter.java:63)
	at org.springframework.security.web.FilterChainProxy$VirtualFilterChain.doFilter(FilterChainProxy.java:331)
	at org.springframework.security.web.authentication.AbstractAuthenticationProcessingFilter.doFilter(AbstractAuthenticationProcessingFilter.java:200)
	at org.springframework.security.web.FilterChainProxy$VirtualFilterChain.doFilter(FilterChainProxy.java:331)
	at org.springframework.security.web.authentication.logout.LogoutFilter.doFilter(LogoutFilter.java:116)
	at org.springframework.security.web.FilterChainProxy$VirtualFilterChain.doFilter(FilterChainProxy.java:331)
	at org.springframework.security.web.csrf.CsrfFilter.doFilterInternal(CsrfFilter.java:100)
	at org.springframework.web.filter.OncePerRequestFilter.doFilter(OncePerRequestFilter.java:107)
	at org.springframework.security.web.FilterChainProxy$VirtualFilterChain.doFilter(FilterChainProxy.java:331)
	at org.springframework.security.web.header.HeaderWriterFilter.doFilterInternal(HeaderWriterFilter.java:64)
	at org.springframework.web.filter.OncePerRequestFilter.doFilter(OncePerRequestFilter.java:107)
	at org.springframework.security.web.FilterChainProxy$VirtualFilterChain.doFilter(FilterChainProxy.java:331)
	at org.springframework.security.web.context.SecurityContextPersistenceFilter.doFilter(SecurityContextPersistenceFilter.java:105)
	at org.springframework.security.web.FilterChainProxy$VirtualFilterChain.doFilter(FilterChainProxy.java:331)
	at org.springframework.security.web.context.request.async.WebAsyncManagerIntegrationFilter.doFilterInternal(WebAsyncManagerIntegrationFilter.java:56)
	at org.springframework.web.filter.OncePerRequestFilter.doFilter(OncePerRequestFilter.java:107)
	at org.springframework.security.web.FilterChainProxy$VirtualFilterChain.doFilter(FilterChainProxy.java:331)
	at org.springframework.security.web.FilterChainProxy.doFilterInternal(FilterChainProxy.java:214)
	at org.springframework.security.web.FilterChainProxy.doFilter(FilterChainProxy.java:177)
	at org.springframework.web.filter.DelegatingFilterProxy.invokeDelegate(DelegatingFilterProxy.java:347)
	at org.springframework.web.filter.DelegatingFilterProxy.doFilter(DelegatingFilterProxy.java:263)
	at org.apache.catalina.core.ApplicationFilterChain.internalDoFilter(ApplicationFilterChain.java:193)
	at org.apache.catalina.core.ApplicationFilterChain.doFilter(ApplicationFilterChain.java:166)
	at org.springframework.web.filter.RequestContextFilter.doFilterInternal(RequestContextFilter.java:99)
	at org.springframework.web.filter.OncePerRequestFilter.doFilter(OncePerRequestFilter.java:107)
	at org.apache.catalina.core.ApplicationFilterChain.internalDoFilter(ApplicationFilterChain.java:193)
	at org.apache.catalina.core.ApplicationFilterChain.doFilter(ApplicationFilterChain.java:166)
	at org.springframework.web.filter.HttpPutFormContentFilter.doFilterInternal(HttpPutFormContentFilter.java:108)
	at org.springframework.web.filter.OncePerRequestFilter.doFilter(OncePerRequestFilter.java:107)
	at org.apache.catalina.core.ApplicationFilterChain.internalDoFilter(ApplicationFilterChain.java:193)
	at org.apache.catalina.core.ApplicationFilterChain.doFilter(ApplicationFilterChain.java:166)
	at org.springframework.web.filter.HiddenHttpMethodFilter.doFilterInternal(HiddenHttpMethodFilter.java:81)
	at org.springframework.web.filter.OncePerRequestFilter.doFilter(OncePerRequestFilter.java:107)
	at org.apache.catalina.core.ApplicationFilterChain.internalDoFilter(ApplicationFilterChain.java:193)
	at org.apache.catalina.core.ApplicationFilterChain.doFilter(ApplicationFilterChain.java:166)
	at org.springframework.web.filter.CharacterEncodingFilter.doFilterInternal(CharacterEncodingFilter.java:197)
	at org.springframework.web.filter.OncePerRequestFilter.doFilter(OncePerRequestFilter.java:107)
	at org.apache.catalina.core.ApplicationFilterChain.internalDoFilter(ApplicationFilterChain.java:193)
	at org.apache.catalina.core.ApplicationFilterChain.doFilter(ApplicationFilterChain.java:166)
	at org.apache.catalina.core.StandardWrapperValve.invoke(StandardWrapperValve.java:199)
	at org.apache.catalina.core.StandardContextValve.invoke(StandardContextValve.java:96)
	at org.apache.catalina.authenticator.AuthenticatorBase.invoke(AuthenticatorBase.java:478)
	at org.apache.catalina.core.StandardHostValve.invoke(StandardHostValve.java:140)
	at org.apache.catalina.valves.ErrorReportValve.invoke(ErrorReportValve.java:81)
	at org.apache.catalina.core.StandardEngineValve.invoke(StandardEngineValve.java:87)
	at org.apache.catalina.connector.CoyoteAdapter.service(CoyoteAdapter.java:342)
	at org.apache.coyote.http11.Http11Processor.service(Http11Processor.java:803)
	at org.apache.coyote.AbstractProcessorLight.process(AbstractProcessorLight.java:66)
	at org.apache.coyote.AbstractProtocol$ConnectionHandler.process(AbstractProtocol.java:868)
	at org.apache.tomcat.util.net.NioEndpoint$SocketProcessor.doRun(NioEndpoint.java:1459)
	at org.apache.tomcat.util.net.SocketProcessorBase.run(SocketProcessorBase.java:49)
	at java.util.concurrent.ThreadPoolExecutor.runWorker(ThreadPoolExecutor.java:1149)
	at java.util.concurrent.ThreadPoolExecutor$Worker.run(ThreadPoolExecutor.java:624)
	at org.apache.tomcat.util.threads.TaskThread$WrappingRunnable.run(TaskThread.java:61)
	at java.lang.Thread.run(Thread.java:748)
35994 [http-nio-8080-exec-2] DEBUG o.s.s.w.u.matcher.AndRequestMatcher - Trying to match using Ant [pattern='/**', GET]
35994 [http-nio-8080-exec-2] DEBUG o.s.s.w.u.m.AntPathRequestMatcher - Request '/logout' matched by universal pattern '/**'
35994 [http-nio-8080-exec-2] DEBUG o.s.s.w.u.matcher.AndRequestMatcher - Trying to match using NegatedRequestMatcher [requestMatcher=Ant [pattern='/**/favicon.ico']]
35994 [http-nio-8080-exec-2] DEBUG o.s.s.w.u.m.AntPathRequestMatcher - Checking match of request : '/logout'; against '/**/favicon.ico'
35994 [http-nio-8080-exec-2] DEBUG o.s.s.w.u.m.NegatedRequestMatcher - matches = true
35994 [http-nio-8080-exec-2] DEBUG o.s.s.w.u.matcher.AndRequestMatcher - Trying to match using NegatedRequestMatcher [requestMatcher=MediaTypeRequestMatcher [contentNegotiationStrategy=org.springframework.web.accept.ContentNegotiationManager@1f39e688, matchingMediaTypes=[application/json], useEquals=false, ignoredMediaTypes=[*/*]]]
35994 [http-nio-8080-exec-2] DEBUG o.s.s.w.u.m.MediaTypeRequestMatcher - httpRequestMediaTypes=[text/html, application/xhtml+xml, image/webp, image/apng, application/xml;q=0.9, */*;q=0.8]
35994 [http-nio-8080-exec-2] DEBUG o.s.s.w.u.m.MediaTypeRequestMatcher - Processing text/html
35994 [http-nio-8080-exec-2] DEBUG o.s.s.w.u.m.MediaTypeRequestMatcher - application/json .isCompatibleWith text/html = false
35994 [http-nio-8080-exec-2] DEBUG o.s.s.w.u.m.MediaTypeRequestMatcher - Processing application/xhtml+xml
35994 [http-nio-8080-exec-2] DEBUG o.s.s.w.u.m.MediaTypeRequestMatcher - application/json .isCompatibleWith application/xhtml+xml = false
35995 [http-nio-8080-exec-2] DEBUG o.s.s.w.u.m.MediaTypeRequestMatcher - Processing image/webp
35995 [http-nio-8080-exec-2] DEBUG o.s.s.w.u.m.MediaTypeRequestMatcher - application/json .isCompatibleWith image/webp = false
35995 [http-nio-8080-exec-2] DEBUG o.s.s.w.u.m.MediaTypeRequestMatcher - Processing image/apng
35995 [http-nio-8080-exec-2] DEBUG o.s.s.w.u.m.MediaTypeRequestMatcher - application/json .isCompatibleWith image/apng = false
35995 [http-nio-8080-exec-2] DEBUG o.s.s.w.u.m.MediaTypeRequestMatcher - Processing application/xml;q=0.9
35995 [http-nio-8080-exec-2] DEBUG o.s.s.w.u.m.MediaTypeRequestMatcher - application/json .isCompatibleWith application/xml;q=0.9 = false
35995 [http-nio-8080-exec-2] DEBUG o.s.s.w.u.m.MediaTypeRequestMatcher - Processing */*;q=0.8
35995 [http-nio-8080-exec-2] DEBUG o.s.s.w.u.m.MediaTypeRequestMatcher - Ignoring
35995 [http-nio-8080-exec-2] DEBUG o.s.s.w.u.m.MediaTypeRequestMatcher - Did not match any media types
35995 [http-nio-8080-exec-2] DEBUG o.s.s.w.u.m.NegatedRequestMatcher - matches = true
35995 [http-nio-8080-exec-2] DEBUG o.s.s.w.u.matcher.AndRequestMatcher - Trying to match using NegatedRequestMatcher [requestMatcher=RequestHeaderRequestMatcher [expectedHeaderName=X-Requested-With, expectedHeaderValue=XMLHttpRequest]]
35995 [http-nio-8080-exec-2] DEBUG o.s.s.w.u.m.NegatedRequestMatcher - matches = true
35995 [http-nio-8080-exec-2] DEBUG o.s.s.w.u.matcher.AndRequestMatcher - All requestMatchers returned true
35995 [http-nio-8080-exec-2] DEBUG o.s.s.w.s.HttpSessionRequestCache - DefaultSavedRequest added to Session: DefaultSavedRequest[http://localhost:8080/logout]
35995 [http-nio-8080-exec-2] DEBUG o.s.s.w.a.ExceptionTranslationFilter - Calling Authentication entry point.
35996 [http-nio-8080-exec-2] DEBUG o.s.s.web.DefaultRedirectStrategy - Redirecting to 'http://localhost:8080/login'
35996 [http-nio-8080-exec-2] DEBUG o.s.s.w.c.HttpSessionSecurityContextRepository - SecurityContext is empty or contents are anonymous - context will not be stored in HttpSession.
35996 [http-nio-8080-exec-2] DEBUG o.s.s.w.c.SecurityContextPersistenceFilter - SecurityContextHolder now cleared, as request processing completed
36001 [http-nio-8080-exec-4] DEBUG o.s.s.w.u.matcher.OrRequestMatcher - Trying to match using Ant [pattern='/css/**']
36001 [http-nio-8080-exec-4] DEBUG o.s.s.w.u.m.AntPathRequestMatcher - Checking match of request : '/login'; against '/css/**'
36001 [http-nio-8080-exec-4] DEBUG o.s.s.w.u.matcher.OrRequestMatcher - Trying to match using Ant [pattern='/js/**']
36001 [http-nio-8080-exec-4] DEBUG o.s.s.w.u.m.AntPathRequestMatcher - Checking match of request : '/login'; against '/js/**'
36001 [http-nio-8080-exec-4] DEBUG o.s.s.w.u.matcher.OrRequestMatcher - Trying to match using Ant [pattern='/images/**']
36001 [http-nio-8080-exec-4] DEBUG o.s.s.w.u.m.AntPathRequestMatcher - Checking match of request : '/login'; against '/images/**'
36001 [http-nio-8080-exec-4] DEBUG o.s.s.w.u.matcher.OrRequestMatcher - Trying to match using Ant [pattern='/webjars/**']
36001 [http-nio-8080-exec-4] DEBUG o.s.s.w.u.m.AntPathRequestMatcher - Checking match of request : '/login'; against '/webjars/**'
36001 [http-nio-8080-exec-4] DEBUG o.s.s.w.u.matcher.OrRequestMatcher - Trying to match using Ant [pattern='/**/favicon.ico']
36001 [http-nio-8080-exec-4] DEBUG o.s.s.w.u.m.AntPathRequestMatcher - Checking match of request : '/login'; against '/**/favicon.ico'
36001 [http-nio-8080-exec-4] DEBUG o.s.s.w.u.matcher.OrRequestMatcher - Trying to match using Ant [pattern='/error']
36001 [http-nio-8080-exec-4] DEBUG o.s.s.w.u.m.AntPathRequestMatcher - Checking match of request : '/login'; against '/error'
36002 [http-nio-8080-exec-4] DEBUG o.s.s.w.u.matcher.OrRequestMatcher - No matches found
36002 [http-nio-8080-exec-4] DEBUG o.s.security.web.FilterChainProxy - /login at position 1 of 12 in additional filter chain; firing Filter: 'WebAsyncManagerIntegrationFilter'
36002 [http-nio-8080-exec-4] DEBUG o.s.security.web.FilterChainProxy - /login at position 2 of 12 in additional filter chain; firing Filter: 'SecurityContextPersistenceFilter'
36002 [http-nio-8080-exec-4] DEBUG o.s.s.w.c.HttpSessionSecurityContextRepository - HttpSession returned null object for SPRING_SECURITY_CONTEXT
36002 [http-nio-8080-exec-4] DEBUG o.s.s.w.c.HttpSessionSecurityContextRepository - No SecurityContext was available from the HttpSession: org.apache.catalina.session.StandardSessionFacade@26fbdeea. A new one will be created.
36002 [http-nio-8080-exec-4] DEBUG o.s.security.web.FilterChainProxy - /login at position 3 of 12 in additional filter chain; firing Filter: 'HeaderWriterFilter'
36002 [http-nio-8080-exec-4] DEBUG o.s.s.w.h.writers.HstsHeaderWriter - Not injecting HSTS header since it did not match the requestMatcher org.springframework.security.web.header.writers.HstsHeaderWriter$SecureRequestMatcher@59fad263
36002 [http-nio-8080-exec-4] DEBUG o.s.security.web.FilterChainProxy - /login at position 4 of 12 in additional filter chain; firing Filter: 'CsrfFilter'
36002 [http-nio-8080-exec-4] DEBUG o.s.security.web.FilterChainProxy - /login at position 5 of 12 in additional filter chain; firing Filter: 'LogoutFilter'
36002 [http-nio-8080-exec-4] DEBUG o.s.s.w.u.m.AntPathRequestMatcher - Request 'GET /login' doesn't match 'POST /logout
36002 [http-nio-8080-exec-4] DEBUG o.s.security.web.FilterChainProxy - /login at position 6 of 12 in additional filter chain; firing Filter: 'UsernamePasswordAuthenticationFilter'
36002 [http-nio-8080-exec-4] DEBUG o.s.s.w.u.m.AntPathRequestMatcher - Request 'GET /login' doesn't match 'POST /login
36002 [http-nio-8080-exec-4] DEBUG o.s.security.web.FilterChainProxy - /login at position 7 of 12 in additional filter chain; firing Filter: 'RequestCacheAwareFilter'
36002 [http-nio-8080-exec-4] DEBUG o.s.s.w.s.DefaultSavedRequest - pathInfo: both null (property equals)
36002 [http-nio-8080-exec-4] DEBUG o.s.s.w.s.DefaultSavedRequest - queryString: both null (property equals)
36002 [http-nio-8080-exec-4] DEBUG o.s.s.w.s.DefaultSavedRequest - requestURI: arg1=/logout; arg2=/login (property not equals)
36004 [http-nio-8080-exec-4] DEBUG o.s.s.w.s.HttpSessionRequestCache - saved request doesn't match
36004 [http-nio-8080-exec-4] DEBUG o.s.security.web.FilterChainProxy - /login at position 8 of 12 in additional filter chain; firing Filter: 'SecurityContextHolderAwareRequestFilter'
36004 [http-nio-8080-exec-4] DEBUG o.s.security.web.FilterChainProxy - /login at position 9 of 12 in additional filter chain; firing Filter: 'AnonymousAuthenticationFilter'
36004 [http-nio-8080-exec-4] DEBUG o.s.s.w.a.AnonymousAuthenticationFilter - Populated SecurityContextHolder with anonymous token: 'org.springframework.security.authentication.AnonymousAuthenticationToken@6faeba70: Principal: anonymousUser; Credentials: [PROTECTED]; Authenticated: true; Details: org.springframework.security.web.authentication.WebAuthenticationDetails@fffbcba8: RemoteIpAddress: 0:0:0:0:0:0:0:1; SessionId: 3804353C2C2C151F407CA4B277564A11; Granted Authorities: ROLE_ANONYMOUS'
36004 [http-nio-8080-exec-4] DEBUG o.s.security.web.FilterChainProxy - /login at position 10 of 12 in additional filter chain; firing Filter: 'SessionManagementFilter'
36004 [http-nio-8080-exec-4] DEBUG o.s.security.web.FilterChainProxy - /login at position 11 of 12 in additional filter chain; firing Filter: 'ExceptionTranslationFilter'
36004 [http-nio-8080-exec-4] DEBUG o.s.security.web.FilterChainProxy - /login at position 12 of 12 in additional filter chain; firing Filter: 'FilterSecurityInterceptor'
36004 [http-nio-8080-exec-4] DEBUG o.s.s.w.a.i.FilterSecurityInterceptor - Secure object: FilterInvocation: URL: /login; Attributes: [permitAll]
36004 [http-nio-8080-exec-4] DEBUG o.s.s.w.a.i.FilterSecurityInterceptor - Previously Authenticated: org.springframework.security.authentication.AnonymousAuthenticationToken@6faeba70: Principal: anonymousUser; Credentials: [PROTECTED]; Authenticated: true; Details: org.springframework.security.web.authentication.WebAuthenticationDetails@fffbcba8: RemoteIpAddress: 0:0:0:0:0:0:0:1; SessionId: 3804353C2C2C151F407CA4B277564A11; Granted Authorities: ROLE_ANONYMOUS
36004 [http-nio-8080-exec-4] DEBUG o.s.s.access.vote.AffirmativeBased - Voter: org.springframework.security.web.access.expression.WebExpressionVoter@58c4fa4b, returned: 1
36005 [http-nio-8080-exec-4] DEBUG o.s.s.w.a.i.FilterSecurityInterceptor - Authorization successful
36005 [http-nio-8080-exec-4] DEBUG o.s.s.w.a.i.FilterSecurityInterceptor - RunAsManager did not change Authentication object
36005 [http-nio-8080-exec-4] DEBUG o.s.security.web.FilterChainProxy - /login reached end of additional filter chain; proceeding with original chain
36008 [http-nio-8080-exec-4] DEBUG o.s.s.w.c.HttpSessionSecurityContextRepository - SecurityContext is empty or contents are anonymous - context will not be stored in HttpSession.
36009 [http-nio-8080-exec-4] DEBUG o.s.s.w.a.ExceptionTranslationFilter - Chain processed normally
36009 [http-nio-8080-exec-4] DEBUG o.s.s.w.c.SecurityContextPersistenceFilter - SecurityContextHolder now cleared, as request processing completed
36022 [http-nio-8080-exec-5] DEBUG o.s.s.w.u.matcher.OrRequestMatcher - Trying to match using Ant [pattern='/css/**']
36022 [http-nio-8080-exec-6] DEBUG o.s.s.w.u.matcher.OrRequestMatcher - Trying to match using Ant [pattern='/css/**']
36022 [http-nio-8080-exec-7] DEBUG o.s.s.w.u.matcher.OrRequestMatcher - Trying to match using Ant [pattern='/css/**']
36023 [http-nio-8080-exec-5] DEBUG o.s.s.w.u.m.AntPathRequestMatcher - Checking match of request : '/bootstrap/css/bootstrap.css'; against '/css/**'
36023 [http-nio-8080-exec-6] DEBUG o.s.s.w.u.m.AntPathRequestMatcher - Checking match of request : '/jquery/jquery-2.1.3.js'; against '/css/**'
36023 [http-nio-8080-exec-7] DEBUG o.s.s.w.u.m.AntPathRequestMatcher - Checking match of request : '/bootstrap/js/bootstrap.js'; against '/css/**'
36023 [http-nio-8080-exec-5] DEBUG o.s.s.w.u.matcher.OrRequestMatcher - Trying to match using Ant [pattern='/js/**']
36023 [http-nio-8080-exec-6] DEBUG o.s.s.w.u.matcher.OrRequestMatcher - Trying to match using Ant [pattern='/js/**']
36023 [http-nio-8080-exec-7] DEBUG o.s.s.w.u.matcher.OrRequestMatcher - Trying to match using Ant [pattern='/js/**']
36023 [http-nio-8080-exec-7] DEBUG o.s.s.w.u.m.AntPathRequestMatcher - Checking match of request : '/bootstrap/js/bootstrap.js'; against '/js/**'
36023 [http-nio-8080-exec-7] DEBUG o.s.s.w.u.matcher.OrRequestMatcher - Trying to match using Ant [pattern='/images/**']
36023 [http-nio-8080-exec-7] DEBUG o.s.s.w.u.m.AntPathRequestMatcher - Checking match of request : '/bootstrap/js/bootstrap.js'; against '/images/**'
36023 [http-nio-8080-exec-5] DEBUG o.s.s.w.u.m.AntPathRequestMatcher - Checking match of request : '/bootstrap/css/bootstrap.css'; against '/js/**'
36023 [http-nio-8080-exec-6] DEBUG o.s.s.w.u.m.AntPathRequestMatcher - Checking match of request : '/jquery/jquery-2.1.3.js'; against '/js/**'
36023 [http-nio-8080-exec-5] DEBUG o.s.s.w.u.matcher.OrRequestMatcher - Trying to match using Ant [pattern='/images/**']
36023 [http-nio-8080-exec-5] DEBUG o.s.s.w.u.m.AntPathRequestMatcher - Checking match of request : '/bootstrap/css/bootstrap.css'; against '/images/**'
36023 [http-nio-8080-exec-7] DEBUG o.s.s.w.u.matcher.OrRequestMatcher - Trying to match using Ant [pattern='/webjars/**']
36023 [http-nio-8080-exec-6] DEBUG o.s.s.w.u.matcher.OrRequestMatcher - Trying to match using Ant [pattern='/images/**']
36023 [http-nio-8080-exec-7] DEBUG o.s.s.w.u.m.AntPathRequestMatcher - Checking match of request : '/bootstrap/js/bootstrap.js'; against '/webjars/**'
36023 [http-nio-8080-exec-5] DEBUG o.s.s.w.u.matcher.OrRequestMatcher - Trying to match using Ant [pattern='/webjars/**']
36023 [http-nio-8080-exec-7] DEBUG o.s.s.w.u.matcher.OrRequestMatcher - Trying to match using Ant [pattern='/**/favicon.ico']
36023 [http-nio-8080-exec-6] DEBUG o.s.s.w.u.m.AntPathRequestMatcher - Checking match of request : '/jquery/jquery-2.1.3.js'; against '/images/**'
36023 [http-nio-8080-exec-5] DEBUG o.s.s.w.u.m.AntPathRequestMatcher - Checking match of request : '/bootstrap/css/bootstrap.css'; against '/webjars/**'
36023 [http-nio-8080-exec-7] DEBUG o.s.s.w.u.m.AntPathRequestMatcher - Checking match of request : '/bootstrap/js/bootstrap.js'; against '/**/favicon.ico'
36023 [http-nio-8080-exec-6] DEBUG o.s.s.w.u.matcher.OrRequestMatcher - Trying to match using Ant [pattern='/webjars/**']
36023 [http-nio-8080-exec-5] DEBUG o.s.s.w.u.matcher.OrRequestMatcher - Trying to match using Ant [pattern='/**/favicon.ico']
36023 [http-nio-8080-exec-6] DEBUG o.s.s.w.u.m.AntPathRequestMatcher - Checking match of request : '/jquery/jquery-2.1.3.js'; against '/webjars/**'
36023 [http-nio-8080-exec-5] DEBUG o.s.s.w.u.m.AntPathRequestMatcher - Checking match of request : '/bootstrap/css/bootstrap.css'; against '/**/favicon.ico'
36023 [http-nio-8080-exec-7] DEBUG o.s.s.w.u.matcher.OrRequestMatcher - Trying to match using Ant [pattern='/error']
36023 [http-nio-8080-exec-5] DEBUG o.s.s.w.u.matcher.OrRequestMatcher - Trying to match using Ant [pattern='/error']
36023 [http-nio-8080-exec-6] DEBUG o.s.s.w.u.matcher.OrRequestMatcher - Trying to match using Ant [pattern='/**/favicon.ico']
36027 [http-nio-8080-exec-7] DEBUG o.s.s.w.u.m.AntPathRequestMatcher - Checking match of request : '/bootstrap/js/bootstrap.js'; against '/error'
36027 [http-nio-8080-exec-5] DEBUG o.s.s.w.u.m.AntPathRequestMatcher - Checking match of request : '/bootstrap/css/bootstrap.css'; against '/error'
36027 [http-nio-8080-exec-7] DEBUG o.s.s.w.u.matcher.OrRequestMatcher - No matches found
36027 [http-nio-8080-exec-6] DEBUG o.s.s.w.u.m.AntPathRequestMatcher - Checking match of request : '/jquery/jquery-2.1.3.js'; against '/**/favicon.ico'
36027 [http-nio-8080-exec-5] DEBUG o.s.s.w.u.matcher.OrRequestMatcher - No matches found
36027 [http-nio-8080-exec-7] DEBUG o.s.security.web.FilterChainProxy - /bootstrap/js/bootstrap.js at position 1 of 12 in additional filter chain; firing Filter: 'WebAsyncManagerIntegrationFilter'
36027 [http-nio-8080-exec-6] DEBUG o.s.s.w.u.matcher.OrRequestMatcher - Trying to match using Ant [pattern='/error']
36027 [http-nio-8080-exec-7] DEBUG o.s.security.web.FilterChainProxy - /bootstrap/js/bootstrap.js at position 2 of 12 in additional filter chain; firing Filter: 'SecurityContextPersistenceFilter'
36027 [http-nio-8080-exec-5] DEBUG o.s.security.web.FilterChainProxy - /bootstrap/css/bootstrap.css at position 1 of 12 in additional filter chain; firing Filter: 'WebAsyncManagerIntegrationFilter'
36027 [http-nio-8080-exec-6] DEBUG o.s.s.w.u.m.AntPathRequestMatcher - Checking match of request : '/jquery/jquery-2.1.3.js'; against '/error'
36027 [http-nio-8080-exec-7] DEBUG o.s.s.w.c.HttpSessionSecurityContextRepository - HttpSession returned null object for SPRING_SECURITY_CONTEXT
36027 [http-nio-8080-exec-7] DEBUG o.s.s.w.c.HttpSessionSecurityContextRepository - No SecurityContext was available from the HttpSession: org.apache.catalina.session.StandardSessionFacade@26fbdeea. A new one will be created.
36027 [http-nio-8080-exec-6] DEBUG o.s.s.w.u.matcher.OrRequestMatcher - No matches found
36027 [http-nio-8080-exec-5] DEBUG o.s.security.web.FilterChainProxy - /bootstrap/css/bootstrap.css at position 2 of 12 in additional filter chain; firing Filter: 'SecurityContextPersistenceFilter'
36027 [http-nio-8080-exec-6] DEBUG o.s.security.web.FilterChainProxy - /jquery/jquery-2.1.3.js at position 1 of 12 in additional filter chain; firing Filter: 'WebAsyncManagerIntegrationFilter'
36027 [http-nio-8080-exec-7] DEBUG o.s.security.web.FilterChainProxy - /bootstrap/js/bootstrap.js at position 3 of 12 in additional filter chain; firing Filter: 'HeaderWriterFilter'
36027 [http-nio-8080-exec-6] DEBUG o.s.security.web.FilterChainProxy - /jquery/jquery-2.1.3.js at position 2 of 12 in additional filter chain; firing Filter: 'SecurityContextPersistenceFilter'
36027 [http-nio-8080-exec-5] DEBUG o.s.s.w.c.HttpSessionSecurityContextRepository - HttpSession returned null object for SPRING_SECURITY_CONTEXT
36027 [http-nio-8080-exec-6] DEBUG o.s.s.w.c.HttpSessionSecurityContextRepository - HttpSession returned null object for SPRING_SECURITY_CONTEXT
36027 [http-nio-8080-exec-5] DEBUG o.s.s.w.c.HttpSessionSecurityContextRepository - No SecurityContext was available from the HttpSession: org.apache.catalina.session.StandardSessionFacade@26fbdeea. A new one will be created.
36027 [http-nio-8080-exec-6] DEBUG o.s.s.w.c.HttpSessionSecurityContextRepository - No SecurityContext was available from the HttpSession: org.apache.catalina.session.StandardSessionFacade@26fbdeea. A new one will be created.
36027 [http-nio-8080-exec-5] DEBUG o.s.security.web.FilterChainProxy - /bootstrap/css/bootstrap.css at position 3 of 12 in additional filter chain; firing Filter: 'HeaderWriterFilter'
36027 [http-nio-8080-exec-6] DEBUG o.s.security.web.FilterChainProxy - /jquery/jquery-2.1.3.js at position 3 of 12 in additional filter chain; firing Filter: 'HeaderWriterFilter'
36027 [http-nio-8080-exec-7] DEBUG o.s.s.w.h.writers.HstsHeaderWriter - Not injecting HSTS header since it did not match the requestMatcher org.springframework.security.web.header.writers.HstsHeaderWriter$SecureRequestMatcher@59fad263
36027 [http-nio-8080-exec-6] DEBUG o.s.s.w.h.writers.HstsHeaderWriter - Not injecting HSTS header since it did not match the requestMatcher org.springframework.security.web.header.writers.HstsHeaderWriter$SecureRequestMatcher@59fad263
36027 [http-nio-8080-exec-5] DEBUG o.s.s.w.h.writers.HstsHeaderWriter - Not injecting HSTS header since it did not match the requestMatcher org.springframework.security.web.header.writers.HstsHeaderWriter$SecureRequestMatcher@59fad263
36027 [http-nio-8080-exec-6] DEBUG o.s.security.web.FilterChainProxy - /jquery/jquery-2.1.3.js at position 4 of 12 in additional filter chain; firing Filter: 'CsrfFilter'
36027 [http-nio-8080-exec-7] DEBUG o.s.security.web.FilterChainProxy - /bootstrap/js/bootstrap.js at position 4 of 12 in additional filter chain; firing Filter: 'CsrfFilter'
36027 [http-nio-8080-exec-5] DEBUG o.s.security.web.FilterChainProxy - /bootstrap/css/bootstrap.css at position 4 of 12 in additional filter chain; firing Filter: 'CsrfFilter'
36027 [http-nio-8080-exec-6] DEBUG o.s.security.web.FilterChainProxy - /jquery/jquery-2.1.3.js at position 5 of 12 in additional filter chain; firing Filter: 'LogoutFilter'
36027 [http-nio-8080-exec-7] DEBUG o.s.security.web.FilterChainProxy - /bootstrap/js/bootstrap.js at position 5 of 12 in additional filter chain; firing Filter: 'LogoutFilter'
36028 [http-nio-8080-exec-5] DEBUG o.s.security.web.FilterChainProxy - /bootstrap/css/bootstrap.css at position 5 of 12 in additional filter chain; firing Filter: 'LogoutFilter'
36028 [http-nio-8080-exec-6] DEBUG o.s.s.w.u.m.AntPathRequestMatcher - Request 'GET /jquery/jquery-2.1.3.js' doesn't match 'POST /logout
36028 [http-nio-8080-exec-7] DEBUG o.s.s.w.u.m.AntPathRequestMatcher - Request 'GET /bootstrap/js/bootstrap.js' doesn't match 'POST /logout
36028 [http-nio-8080-exec-5] DEBUG o.s.s.w.u.m.AntPathRequestMatcher - Request 'GET /bootstrap/css/bootstrap.css' doesn't match 'POST /logout
36028 [http-nio-8080-exec-6] DEBUG o.s.security.web.FilterChainProxy - /jquery/jquery-2.1.3.js at position 6 of 12 in additional filter chain; firing Filter: 'UsernamePasswordAuthenticationFilter'
36028 [http-nio-8080-exec-7] DEBUG o.s.security.web.FilterChainProxy - /bootstrap/js/bootstrap.js at position 6 of 12 in additional filter chain; firing Filter: 'UsernamePasswordAuthenticationFilter'
36028 [http-nio-8080-exec-6] DEBUG o.s.s.w.u.m.AntPathRequestMatcher - Request 'GET /jquery/jquery-2.1.3.js' doesn't match 'POST /login
36028 [http-nio-8080-exec-5] DEBUG o.s.security.web.FilterChainProxy - /bootstrap/css/bootstrap.css at position 6 of 12 in additional filter chain; firing Filter: 'UsernamePasswordAuthenticationFilter'
36028 [http-nio-8080-exec-6] DEBUG o.s.security.web.FilterChainProxy - /jquery/jquery-2.1.3.js at position 7 of 12 in additional filter chain; firing Filter: 'RequestCacheAwareFilter'
36028 [http-nio-8080-exec-7] DEBUG o.s.s.w.u.m.AntPathRequestMatcher - Request 'GET /bootstrap/js/bootstrap.js' doesn't match 'POST /login
36028 [http-nio-8080-exec-5] DEBUG o.s.s.w.u.m.AntPathRequestMatcher - Request 'GET /bootstrap/css/bootstrap.css' doesn't match 'POST /login
36028 [http-nio-8080-exec-6] DEBUG o.s.s.w.s.DefaultSavedRequest - pathInfo: both null (property equals)
36028 [http-nio-8080-exec-5] DEBUG o.s.security.web.FilterChainProxy - /bootstrap/css/bootstrap.css at position 7 of 12 in additional filter chain; firing Filter: 'RequestCacheAwareFilter'
36028 [http-nio-8080-exec-6] DEBUG o.s.s.w.s.DefaultSavedRequest - queryString: both null (property equals)
36028 [http-nio-8080-exec-5] DEBUG o.s.s.w.s.DefaultSavedRequest - pathInfo: both null (property equals)
36028 [http-nio-8080-exec-7] DEBUG o.s.security.web.FilterChainProxy - /bootstrap/js/bootstrap.js at position 7 of 12 in additional filter chain; firing Filter: 'RequestCacheAwareFilter'
36028 [http-nio-8080-exec-6] DEBUG o.s.s.w.s.DefaultSavedRequest - requestURI: arg1=/logout; arg2=/jquery/jquery-2.1.3.js (property not equals)
36028 [http-nio-8080-exec-7] DEBUG o.s.s.w.s.DefaultSavedRequest - pathInfo: both null (property equals)
36028 [http-nio-8080-exec-6] DEBUG o.s.s.w.s.HttpSessionRequestCache - saved request doesn't match
36028 [http-nio-8080-exec-7] DEBUG o.s.s.w.s.DefaultSavedRequest - queryString: both null (property equals)
36028 [http-nio-8080-exec-5] DEBUG o.s.s.w.s.DefaultSavedRequest - queryString: both null (property equals)
36028 [http-nio-8080-exec-7] DEBUG o.s.s.w.s.DefaultSavedRequest - requestURI: arg1=/logout; arg2=/bootstrap/js/bootstrap.js (property not equals)
36028 [http-nio-8080-exec-5] DEBUG o.s.s.w.s.DefaultSavedRequest - requestURI: arg1=/logout; arg2=/bootstrap/css/bootstrap.css (property not equals)
36028 [http-nio-8080-exec-5] DEBUG o.s.s.w.s.HttpSessionRequestCache - saved request doesn't match
36028 [http-nio-8080-exec-6] DEBUG o.s.security.web.FilterChainProxy - /jquery/jquery-2.1.3.js at position 8 of 12 in additional filter chain; firing Filter: 'SecurityContextHolderAwareRequestFilter'
36028 [http-nio-8080-exec-7] DEBUG o.s.s.w.s.HttpSessionRequestCache - saved request doesn't match
36028 [http-nio-8080-exec-6] DEBUG o.s.security.web.FilterChainProxy - /jquery/jquery-2.1.3.js at position 9 of 12 in additional filter chain; firing Filter: 'AnonymousAuthenticationFilter'
36028 [http-nio-8080-exec-7] DEBUG o.s.security.web.FilterChainProxy - /bootstrap/js/bootstrap.js at position 8 of 12 in additional filter chain; firing Filter: 'SecurityContextHolderAwareRequestFilter'
36028 [http-nio-8080-exec-5] DEBUG o.s.security.web.FilterChainProxy - /bootstrap/css/bootstrap.css at position 8 of 12 in additional filter chain; firing Filter: 'SecurityContextHolderAwareRequestFilter'
36028 [http-nio-8080-exec-7] DEBUG o.s.security.web.FilterChainProxy - /bootstrap/js/bootstrap.js at position 9 of 12 in additional filter chain; firing Filter: 'AnonymousAuthenticationFilter'
36028 [http-nio-8080-exec-5] DEBUG o.s.security.web.FilterChainProxy - /bootstrap/css/bootstrap.css at position 9 of 12 in additional filter chain; firing Filter: 'AnonymousAuthenticationFilter'
36028 [http-nio-8080-exec-6] DEBUG o.s.s.w.a.AnonymousAuthenticationFilter - Populated SecurityContextHolder with anonymous token: 'org.springframework.security.authentication.AnonymousAuthenticationToken@6faeba70: Principal: anonymousUser; Credentials: [PROTECTED]; Authenticated: true; Details: org.springframework.security.web.authentication.WebAuthenticationDetails@fffbcba8: RemoteIpAddress: 0:0:0:0:0:0:0:1; SessionId: 3804353C2C2C151F407CA4B277564A11; Granted Authorities: ROLE_ANONYMOUS'
36028 [http-nio-8080-exec-6] DEBUG o.s.security.web.FilterChainProxy - /jquery/jquery-2.1.3.js at position 10 of 12 in additional filter chain; firing Filter: 'SessionManagementFilter'
36028 [http-nio-8080-exec-5] DEBUG o.s.s.w.a.AnonymousAuthenticationFilter - Populated SecurityContextHolder with anonymous token: 'org.springframework.security.authentication.AnonymousAuthenticationToken@6faeba70: Principal: anonymousUser; Credentials: [PROTECTED]; Authenticated: true; Details: org.springframework.security.web.authentication.WebAuthenticationDetails@fffbcba8: RemoteIpAddress: 0:0:0:0:0:0:0:1; SessionId: 3804353C2C2C151F407CA4B277564A11; Granted Authorities: ROLE_ANONYMOUS'
36028 [http-nio-8080-exec-7] DEBUG o.s.s.w.a.AnonymousAuthenticationFilter - Populated SecurityContextHolder with anonymous token: 'org.springframework.security.authentication.AnonymousAuthenticationToken@6faeba70: Principal: anonymousUser; Credentials: [PROTECTED]; Authenticated: true; Details: org.springframework.security.web.authentication.WebAuthenticationDetails@fffbcba8: RemoteIpAddress: 0:0:0:0:0:0:0:1; SessionId: 3804353C2C2C151F407CA4B277564A11; Granted Authorities: ROLE_ANONYMOUS'
36028 [http-nio-8080-exec-6] DEBUG o.s.security.web.FilterChainProxy - /jquery/jquery-2.1.3.js at position 11 of 12 in additional filter chain; firing Filter: 'ExceptionTranslationFilter'
36029 [http-nio-8080-exec-5] DEBUG o.s.security.web.FilterChainProxy - /bootstrap/css/bootstrap.css at position 10 of 12 in additional filter chain; firing Filter: 'SessionManagementFilter'
36029 [http-nio-8080-exec-7] DEBUG o.s.security.web.FilterChainProxy - /bootstrap/js/bootstrap.js at position 10 of 12 in additional filter chain; firing Filter: 'SessionManagementFilter'
36029 [http-nio-8080-exec-6] DEBUG o.s.security.web.FilterChainProxy - /jquery/jquery-2.1.3.js at position 12 of 12 in additional filter chain; firing Filter: 'FilterSecurityInterceptor'
36029 [http-nio-8080-exec-5] DEBUG o.s.security.web.FilterChainProxy - /bootstrap/css/bootstrap.css at position 11 of 12 in additional filter chain; firing Filter: 'ExceptionTranslationFilter'
36029 [http-nio-8080-exec-7] DEBUG o.s.security.web.FilterChainProxy - /bootstrap/js/bootstrap.js at position 11 of 12 in additional filter chain; firing Filter: 'ExceptionTranslationFilter'
36029 [http-nio-8080-exec-5] DEBUG o.s.security.web.FilterChainProxy - /bootstrap/css/bootstrap.css at position 12 of 12 in additional filter chain; firing Filter: 'FilterSecurityInterceptor'
36029 [http-nio-8080-exec-6] DEBUG o.s.s.w.u.m.AntPathRequestMatcher - Request 'GET /jquery/jquery-2.1.3.js' doesn't match 'POST /logout
36029 [http-nio-8080-exec-7] DEBUG o.s.security.web.FilterChainProxy - /bootstrap/js/bootstrap.js at position 12 of 12 in additional filter chain; firing Filter: 'FilterSecurityInterceptor'
36029 [http-nio-8080-exec-7] DEBUG o.s.s.w.u.m.AntPathRequestMatcher - Request 'GET /bootstrap/js/bootstrap.js' doesn't match 'POST /logout
36029 [http-nio-8080-exec-5] DEBUG o.s.s.w.u.m.AntPathRequestMatcher - Request 'GET /bootstrap/css/bootstrap.css' doesn't match 'POST /logout
36029 [http-nio-8080-exec-6] DEBUG o.s.s.w.u.m.AntPathRequestMatcher - Checking match of request : '/jquery/jquery-2.1.3.js'; against '/bootstrap/**'
36029 [http-nio-8080-exec-7] DEBUG o.s.s.w.u.m.AntPathRequestMatcher - Checking match of request : '/bootstrap/js/bootstrap.js'; against '/bootstrap/**'
36029 [http-nio-8080-exec-5] DEBUG o.s.s.w.u.m.AntPathRequestMatcher - Checking match of request : '/bootstrap/css/bootstrap.css'; against '/bootstrap/**'
36029 [http-nio-8080-exec-5] DEBUG o.s.s.w.a.i.FilterSecurityInterceptor - Secure object: FilterInvocation: URL: /bootstrap/css/bootstrap.css; Attributes: [permitAll]
36029 [http-nio-8080-exec-6] DEBUG o.s.s.w.u.m.AntPathRequestMatcher - Checking match of request : '/jquery/jquery-2.1.3.js'; against '/error/**'
36029 [http-nio-8080-exec-5] DEBUG o.s.s.w.a.i.FilterSecurityInterceptor - Previously Authenticated: org.springframework.security.authentication.AnonymousAuthenticationToken@6faeba70: Principal: anonymousUser; Credentials: [PROTECTED]; Authenticated: true; Details: org.springframework.security.web.authentication.WebAuthenticationDetails@fffbcba8: RemoteIpAddress: 0:0:0:0:0:0:0:1; SessionId: 3804353C2C2C151F407CA4B277564A11; Granted Authorities: ROLE_ANONYMOUS
36029 [http-nio-8080-exec-7] DEBUG o.s.s.w.a.i.FilterSecurityInterceptor - Secure object: FilterInvocation: URL: /bootstrap/js/bootstrap.js; Attributes: [permitAll]
36029 [http-nio-8080-exec-6] DEBUG o.s.s.w.u.m.AntPathRequestMatcher - Checking match of request : '/jquery/jquery-2.1.3.js'; against '/img/**'
36029 [http-nio-8080-exec-7] DEBUG o.s.s.w.a.i.FilterSecurityInterceptor - Previously Authenticated: org.springframework.security.authentication.AnonymousAuthenticationToken@6faeba70: Principal: anonymousUser; Credentials: [PROTECTED]; Authenticated: true; Details: org.springframework.security.web.authentication.WebAuthenticationDetails@fffbcba8: RemoteIpAddress: 0:0:0:0:0:0:0:1; SessionId: 3804353C2C2C151F407CA4B277564A11; Granted Authorities: ROLE_ANONYMOUS
36029 [http-nio-8080-exec-6] DEBUG o.s.s.w.u.m.AntPathRequestMatcher - Checking match of request : '/jquery/jquery-2.1.3.js'; against '/jquery/**'
36029 [http-nio-8080-exec-6] DEBUG o.s.s.w.a.i.FilterSecurityInterceptor - Secure object: FilterInvocation: URL: /jquery/jquery-2.1.3.js; Attributes: [permitAll]
36029 [http-nio-8080-exec-6] DEBUG o.s.s.w.a.i.FilterSecurityInterceptor - Previously Authenticated: org.springframework.security.authentication.AnonymousAuthenticationToken@6faeba70: Principal: anonymousUser; Credentials: [PROTECTED]; Authenticated: true; Details: org.springframework.security.web.authentication.WebAuthenticationDetails@fffbcba8: RemoteIpAddress: 0:0:0:0:0:0:0:1; SessionId: 3804353C2C2C151F407CA4B277564A11; Granted Authorities: ROLE_ANONYMOUS
36029 [http-nio-8080-exec-7] DEBUG o.s.s.access.vote.AffirmativeBased - Voter: org.springframework.security.web.access.expression.WebExpressionVoter@58c4fa4b, returned: 1
36029 [http-nio-8080-exec-5] DEBUG o.s.s.access.vote.AffirmativeBased - Voter: org.springframework.security.web.access.expression.WebExpressionVoter@58c4fa4b, returned: 1
36029 [http-nio-8080-exec-7] DEBUG o.s.s.w.a.i.FilterSecurityInterceptor - Authorization successful
36029 [http-nio-8080-exec-5] DEBUG o.s.s.w.a.i.FilterSecurityInterceptor - Authorization successful
36029 [http-nio-8080-exec-7] DEBUG o.s.s.w.a.i.FilterSecurityInterceptor - RunAsManager did not change Authentication object
36029 [http-nio-8080-exec-5] DEBUG o.s.s.w.a.i.FilterSecurityInterceptor - RunAsManager did not change Authentication object
36029 [http-nio-8080-exec-6] DEBUG o.s.s.access.vote.AffirmativeBased - Voter: org.springframework.security.web.access.expression.WebExpressionVoter@58c4fa4b, returned: 1
36030 [http-nio-8080-exec-5] DEBUG o.s.security.web.FilterChainProxy - /bootstrap/css/bootstrap.css reached end of additional filter chain; proceeding with original chain
36029 [http-nio-8080-exec-7] DEBUG o.s.security.web.FilterChainProxy - /bootstrap/js/bootstrap.js reached end of additional filter chain; proceeding with original chain
36031 [http-nio-8080-exec-6] DEBUG o.s.s.w.a.i.FilterSecurityInterceptor - Authorization successful
36031 [http-nio-8080-exec-6] DEBUG o.s.s.w.a.i.FilterSecurityInterceptor - RunAsManager did not change Authentication object
36031 [http-nio-8080-exec-6] DEBUG o.s.security.web.FilterChainProxy - /jquery/jquery-2.1.3.js reached end of additional filter chain; proceeding with original chain
36034 [http-nio-8080-exec-6] DEBUG o.s.s.w.c.HttpSessionSecurityContextRepository - SecurityContext is empty or contents are anonymous - context will not be stored in HttpSession.
36034 [http-nio-8080-exec-5] DEBUG o.s.s.w.c.HttpSessionSecurityContextRepository - SecurityContext is empty or contents are anonymous - context will not be stored in HttpSession.
36035 [http-nio-8080-exec-7] DEBUG o.s.s.w.c.HttpSessionSecurityContextRepository - SecurityContext is empty or contents are anonymous - context will not be stored in HttpSession.
36038 [http-nio-8080-exec-7] DEBUG o.s.s.w.a.ExceptionTranslationFilter - Chain processed normally
36038 [http-nio-8080-exec-5] DEBUG o.s.s.w.a.ExceptionTranslationFilter - Chain processed normally
36038 [http-nio-8080-exec-7] DEBUG o.s.s.w.c.SecurityContextPersistenceFilter - SecurityContextHolder now cleared, as request processing completed
36038 [http-nio-8080-exec-5] DEBUG o.s.s.w.c.SecurityContextPersistenceFilter - SecurityContextHolder now cleared, as request processing completed
36045 [http-nio-8080-exec-6] DEBUG o.s.s.w.a.ExceptionTranslationFilter - Chain processed normally
36045 [http-nio-8080-exec-6] DEBUG o.s.s.w.c.SecurityContextPersistenceFilter - SecurityContextHolder now cleared, as request processing completed
44203 [http-nio-8080-exec-3] DEBUG o.s.s.w.u.matcher.OrRequestMatcher - Trying to match using Ant [pattern='/css/**']
44204 [http-nio-8080-exec-3] DEBUG o.s.s.w.u.m.AntPathRequestMatcher - Checking match of request : '/'; against '/css/**'
44204 [http-nio-8080-exec-3] DEBUG o.s.s.w.u.matcher.OrRequestMatcher - Trying to match using Ant [pattern='/js/**']
44204 [http-nio-8080-exec-3] DEBUG o.s.s.w.u.m.AntPathRequestMatcher - Checking match of request : '/'; against '/js/**'
44204 [http-nio-8080-exec-3] DEBUG o.s.s.w.u.matcher.OrRequestMatcher - Trying to match using Ant [pattern='/images/**']
44204 [http-nio-8080-exec-3] DEBUG o.s.s.w.u.m.AntPathRequestMatcher - Checking match of request : '/'; against '/images/**'
44204 [http-nio-8080-exec-3] DEBUG o.s.s.w.u.matcher.OrRequestMatcher - Trying to match using Ant [pattern='/webjars/**']
44204 [http-nio-8080-exec-3] DEBUG o.s.s.w.u.m.AntPathRequestMatcher - Checking match of request : '/'; against '/webjars/**'
44204 [http-nio-8080-exec-3] DEBUG o.s.s.w.u.matcher.OrRequestMatcher - Trying to match using Ant [pattern='/**/favicon.ico']
44204 [http-nio-8080-exec-3] DEBUG o.s.s.w.u.m.AntPathRequestMatcher - Checking match of request : '/'; against '/**/favicon.ico'
44204 [http-nio-8080-exec-3] DEBUG o.s.s.w.u.matcher.OrRequestMatcher - Trying to match using Ant [pattern='/error']
44204 [http-nio-8080-exec-3] DEBUG o.s.s.w.u.m.AntPathRequestMatcher - Checking match of request : '/'; against '/error'
44204 [http-nio-8080-exec-3] DEBUG o.s.s.w.u.matcher.OrRequestMatcher - No matches found
44204 [http-nio-8080-exec-3] DEBUG o.s.security.web.FilterChainProxy - / at position 1 of 12 in additional filter chain; firing Filter: 'WebAsyncManagerIntegrationFilter'
44204 [http-nio-8080-exec-3] DEBUG o.s.security.web.FilterChainProxy - / at position 2 of 12 in additional filter chain; firing Filter: 'SecurityContextPersistenceFilter'
44204 [http-nio-8080-exec-3] DEBUG o.s.s.w.c.HttpSessionSecurityContextRepository - HttpSession returned null object for SPRING_SECURITY_CONTEXT
44204 [http-nio-8080-exec-3] DEBUG o.s.s.w.c.HttpSessionSecurityContextRepository - No SecurityContext was available from the HttpSession: org.apache.catalina.session.StandardSessionFacade@26fbdeea. A new one will be created.
44204 [http-nio-8080-exec-3] DEBUG o.s.security.web.FilterChainProxy - / at position 3 of 12 in additional filter chain; firing Filter: 'HeaderWriterFilter'
44204 [http-nio-8080-exec-3] DEBUG o.s.s.w.h.writers.HstsHeaderWriter - Not injecting HSTS header since it did not match the requestMatcher org.springframework.security.web.header.writers.HstsHeaderWriter$SecureRequestMatcher@59fad263
44204 [http-nio-8080-exec-3] DEBUG o.s.security.web.FilterChainProxy - / at position 4 of 12 in additional filter chain; firing Filter: 'CsrfFilter'
44204 [http-nio-8080-exec-3] DEBUG o.s.security.web.csrf.CsrfFilter - Invalid CSRF token found for http://localhost:8080/
44205 [http-nio-8080-exec-3] DEBUG o.s.s.w.c.HttpSessionSecurityContextRepository - SecurityContext is empty or contents are anonymous - context will not be stored in HttpSession.
44205 [http-nio-8080-exec-3] DEBUG o.s.s.w.c.SecurityContextPersistenceFilter - SecurityContextHolder now cleared, as request processing completed
141208 [Thread-15] WARN  o.s.b.f.s.DisposableBeanAdapter - Invocation of destroy method failed on bean with name 'classPathFileSystemWatcher': java.lang.NullPointerException
142795 [restartedMain] WARN  o.s.b.c.e.AnnotationConfigEmbeddedWebApplicationContext - Exception encountered during context initialization - cancelling refresh attempt: org.springframework.beans.factory.BeanCreationException: Error creating bean with name 'customUserService' defined in class path resource [com/zmh/ppp/security/WebSecurityConfig.class]: Bean instantiation via factory method failed; nested exception is org.springframework.beans.BeanInstantiationException: Failed to instantiate [org.springframework.security.core.userdetails.UserDetailsService]: Factory method 'customUserService' threw exception; nested exception is java.lang.NoClassDefFoundError: com/zmh/ppp/security/CustomUserService
142811 [restartedMain] ERROR o.s.boot.SpringApplication - Application startup failed
org.springframework.beans.factory.BeanCreationException: Error creating bean with name 'customUserService' defined in class path resource [com/zmh/ppp/security/WebSecurityConfig.class]: Bean instantiation via factory method failed; nested exception is org.springframework.beans.BeanInstantiationException: Failed to instantiate [org.springframework.security.core.userdetails.UserDetailsService]: Factory method 'customUserService' threw exception; nested exception is java.lang.NoClassDefFoundError: com/zmh/ppp/security/CustomUserService
	at org.springframework.beans.factory.support.ConstructorResolver.instantiateUsingFactoryMethod(ConstructorResolver.java:599)
	at org.springframework.beans.factory.support.AbstractAutowireCapableBeanFactory.instantiateUsingFactoryMethod(AbstractAutowireCapableBeanFactory.java:1173)
	at org.springframework.beans.factory.support.AbstractAutowireCapableBeanFactory.createBeanInstance(AbstractAutowireCapableBeanFactory.java:1067)
	at org.springframework.beans.factory.support.AbstractAutowireCapableBeanFactory.doCreateBean(AbstractAutowireCapableBeanFactory.java:513)
	at org.springframework.beans.factory.support.AbstractAutowireCapableBeanFactory.createBean(AbstractAutowireCapableBeanFactory.java:483)
	at org.springframework.beans.factory.support.AbstractBeanFactory$1.getObject(AbstractBeanFactory.java:306)
	at org.springframework.beans.factory.support.DefaultSingletonBeanRegistry.getSingleton(DefaultSingletonBeanRegistry.java:230)
	at org.springframework.beans.factory.support.AbstractBeanFactory.doGetBean(AbstractBeanFactory.java:302)
	at org.springframework.beans.factory.support.AbstractBeanFactory.getBean(AbstractBeanFactory.java:197)
	at org.springframework.beans.factory.support.DefaultListableBeanFactory.preInstantiateSingletons(DefaultListableBeanFactory.java:761)
	at org.springframework.context.support.AbstractApplicationContext.finishBeanFactoryInitialization(AbstractApplicationContext.java:867)
	at org.springframework.context.support.AbstractApplicationContext.refresh(AbstractApplicationContext.java:543)
	at org.springframework.boot.context.embedded.EmbeddedWebApplicationContext.refresh(EmbeddedWebApplicationContext.java:122)
	at org.springframework.boot.SpringApplication.refresh(SpringApplication.java:693)
	at org.springframework.boot.SpringApplication.refreshContext(SpringApplication.java:360)
	at org.springframework.boot.SpringApplication.run(SpringApplication.java:303)
	at org.springframework.boot.SpringApplication.run(SpringApplication.java:1118)
	at org.springframework.boot.SpringApplication.run(SpringApplication.java:1107)
	at com.zmh.ppp.PppApplication.main(PppApplication.java:13)
	at sun.reflect.NativeMethodAccessorImpl.invoke0(Native Method)
	at sun.reflect.NativeMethodAccessorImpl.invoke(NativeMethodAccessorImpl.java:62)
	at sun.reflect.DelegatingMethodAccessorImpl.invoke(DelegatingMethodAccessorImpl.java:43)
	at java.lang.reflect.Method.invoke(Method.java:498)
	at org.springframework.boot.devtools.restart.RestartLauncher.run(RestartLauncher.java:49)
Caused by: org.springframework.beans.BeanInstantiationException: Failed to instantiate [org.springframework.security.core.userdetails.UserDetailsService]: Factory method 'customUserService' threw exception; nested exception is java.lang.NoClassDefFoundError: com/zmh/ppp/security/CustomUserService
	at org.springframework.beans.factory.support.SimpleInstantiationStrategy.instantiate(SimpleInstantiationStrategy.java:189)
	at org.springframework.beans.factory.support.ConstructorResolver.instantiateUsingFactoryMethod(ConstructorResolver.java:588)
	... 23 common frames omitted
Caused by: java.lang.NoClassDefFoundError: com/zmh/ppp/security/CustomUserService
	at com.zmh.ppp.security.WebSecurityConfig.customUserService(WebSecurityConfig.java:14)
	at com.zmh.ppp.security.WebSecurityConfig$$EnhancerBySpringCGLIB$$8fd4c061.CGLIB$customUserService$2(<generated>)
	at com.zmh.ppp.security.WebSecurityConfig$$EnhancerBySpringCGLIB$$8fd4c061$$FastClassBySpringCGLIB$$dece8353.invoke(<generated>)
	at org.springframework.cglib.proxy.MethodProxy.invokeSuper(MethodProxy.java:228)
	at org.springframework.context.annotation.ConfigurationClassEnhancer$BeanMethodInterceptor.intercept(ConfigurationClassEnhancer.java:358)
	at com.zmh.ppp.security.WebSecurityConfig$$EnhancerBySpringCGLIB$$8fd4c061.customUserService(<generated>)
	at sun.reflect.NativeMethodAccessorImpl.invoke0(Native Method)
	at sun.reflect.NativeMethodAccessorImpl.invoke(NativeMethodAccessorImpl.java:62)
	at sun.reflect.DelegatingMethodAccessorImpl.invoke(DelegatingMethodAccessorImpl.java:43)
	at java.lang.reflect.Method.invoke(Method.java:498)
	at org.springframework.beans.factory.support.SimpleInstantiationStrategy.instantiate(SimpleInstantiationStrategy.java:162)
	... 24 common frames omitted
Caused by: java.lang.ClassNotFoundException: com.zmh.ppp.security.CustomUserService
	at java.net.URLClassLoader.findClass(URLClassLoader.java:381)
	at java.lang.ClassLoader.loadClass(ClassLoader.java:424)
	at sun.misc.Launcher$AppClassLoader.loadClass(Launcher.java:335)
	at java.lang.ClassLoader.loadClass(ClassLoader.java:357)
	at org.springframework.boot.devtools.restart.classloader.RestartClassLoader.loadClass(RestartClassLoader.java:151)
	at java.lang.ClassLoader.loadClass(ClassLoader.java:357)
	... 35 common frames omitted
174826 [restartedMain] DEBUG o.s.s.c.a.a.c.AuthenticationConfiguration$EnableGlobalAuthenticationAutowiredConfigurer - Eagerly initializing {org.springframework.boot.autoconfigure.security.SpringBootWebSecurityConfiguration=org.springframework.boot.autoconfigure.security.SpringBootWebSecurityConfiguration$$EnhancerBySpringCGLIB$$47aa4518@5015aae1}
174833 [restartedMain] INFO  o.s.s.w.DefaultSecurityFilterChain - Creating filter chain: OrRequestMatcher [requestMatchers=[Ant [pattern='/css/**'], Ant [pattern='/js/**'], Ant [pattern='/images/**'], Ant [pattern='/webjars/**'], Ant [pattern='/**/favicon.ico'], Ant [pattern='/error']]], []
174841 [restartedMain] DEBUG o.s.s.w.a.e.ExpressionBasedFilterInvocationSecurityMetadataSource - Adding web access control expression 'permitAll', for ExactUrl [processUrl='/login?error']
174841 [restartedMain] DEBUG o.s.s.w.a.e.ExpressionBasedFilterInvocationSecurityMetadataSource - Adding web access control expression 'permitAll', for ExactUrl [processUrl='/login']
174841 [restartedMain] DEBUG o.s.s.w.a.e.ExpressionBasedFilterInvocationSecurityMetadataSource - Adding web access control expression 'permitAll', for ExactUrl [processUrl='/login']
174841 [restartedMain] DEBUG o.s.s.w.a.e.ExpressionBasedFilterInvocationSecurityMetadataSource - Adding web access control expression 'permitAll', for Ant [pattern='/logout', POST]
174841 [restartedMain] DEBUG o.s.s.w.a.e.ExpressionBasedFilterInvocationSecurityMetadataSource - Adding web access control expression 'permitAll', for ExactUrl [processUrl='/login?logout']
174841 [restartedMain] DEBUG o.s.s.w.a.e.ExpressionBasedFilterInvocationSecurityMetadataSource - Adding web access control expression 'permitAll', for Ant [pattern='/bootstrap/**']
174841 [restartedMain] DEBUG o.s.s.w.a.e.ExpressionBasedFilterInvocationSecurityMetadataSource - Adding web access control expression 'permitAll', for Ant [pattern='/error/**']
174841 [restartedMain] DEBUG o.s.s.w.a.e.ExpressionBasedFilterInvocationSecurityMetadataSource - Adding web access control expression 'permitAll', for Ant [pattern='/img/**']
174841 [restartedMain] DEBUG o.s.s.w.a.e.ExpressionBasedFilterInvocationSecurityMetadataSource - Adding web access control expression 'permitAll', for Ant [pattern='/jquery/**']
174841 [restartedMain] DEBUG o.s.s.w.a.e.ExpressionBasedFilterInvocationSecurityMetadataSource - Adding web access control expression 'permitAll', for Ant [pattern='/index.html']
174841 [restartedMain] DEBUG o.s.s.w.a.e.ExpressionBasedFilterInvocationSecurityMetadataSource - Adding web access control expression 'authenticated', for org.springframework.security.web.util.matcher.AnyRequestMatcher@1
174842 [restartedMain] DEBUG o.s.s.w.a.i.FilterSecurityInterceptor - Validated configuration attributes
174842 [restartedMain] DEBUG o.s.s.w.a.i.FilterSecurityInterceptor - Validated configuration attributes
174844 [restartedMain] INFO  o.s.s.w.DefaultSecurityFilterChain - Creating filter chain: org.springframework.security.web.util.matcher.AnyRequestMatcher@1, [org.springframework.security.web.context.request.async.WebAsyncManagerIntegrationFilter@2d9b3a3d, org.springframework.security.web.context.SecurityContextPersistenceFilter@5b254abf, org.springframework.security.web.header.HeaderWriterFilter@1933898f, org.springframework.security.web.csrf.CsrfFilter@16ee3412, org.springframework.security.web.authentication.logout.LogoutFilter@7bbd4de7, org.springframework.security.web.authentication.UsernamePasswordAuthenticationFilter@2a688dc8, org.springframework.security.web.savedrequest.RequestCacheAwareFilter@272e9459, org.springframework.security.web.servletapi.SecurityContextHolderAwareRequestFilter@22d41ec2, org.springframework.security.web.authentication.AnonymousAuthenticationFilter@4698e085, org.springframework.security.web.session.SessionManagementFilter@3c0cb788, org.springframework.security.web.access.ExceptionTranslationFilter@6962b2b0, org.springframework.security.web.access.intercept.FilterSecurityInterceptor@2669c701]
174846 [restartedMain] DEBUG o.s.s.w.a.e.ExpressionBasedFilterInvocationSecurityMetadataSource - Adding web access control expression 'hasAnyRole('ROLE_USER')', for org.springframework.security.web.util.matcher.AnyRequestMatcher@1
174847 [restartedMain] DEBUG o.s.s.w.a.i.FilterSecurityInterceptor - Validated configuration attributes
174847 [restartedMain] DEBUG o.s.s.w.a.i.FilterSecurityInterceptor - Validated configuration attributes
174847 [restartedMain] INFO  o.s.s.w.DefaultSecurityFilterChain - Creating filter chain: OrRequestMatcher [requestMatchers=[Ant [pattern='/**']]], [org.springframework.security.web.context.request.async.WebAsyncManagerIntegrationFilter@47de0e6e, org.springframework.security.web.context.SecurityContextPersistenceFilter@4cc9d8f4, org.springframework.security.web.header.HeaderWriterFilter@76bcf6f3, org.springframework.security.web.authentication.logout.LogoutFilter@3865f0b3, org.springframework.security.web.authentication.www.BasicAuthenticationFilter@3ae98133, org.springframework.security.web.savedrequest.RequestCacheAwareFilter@461c91eb, org.springframework.security.web.servletapi.SecurityContextHolderAwareRequestFilter@5706fcb5, org.springframework.security.web.authentication.AnonymousAuthenticationFilter@64e350eb, org.springframework.security.web.session.SessionManagementFilter@345b6aec, org.springframework.security.web.access.ExceptionTranslationFilter@10634789, org.springframework.security.web.access.intercept.FilterSecurityInterceptor@19ba0bb9]
184622 [http-nio-8080-exec-2] DEBUG o.s.s.w.u.matcher.OrRequestMatcher - Trying to match using Ant [pattern='/css/**']
184624 [http-nio-8080-exec-2] DEBUG o.s.s.w.u.m.AntPathRequestMatcher - Checking match of request : '/login'; against '/css/**'
184624 [http-nio-8080-exec-2] DEBUG o.s.s.w.u.matcher.OrRequestMatcher - Trying to match using Ant [pattern='/js/**']
184624 [http-nio-8080-exec-2] DEBUG o.s.s.w.u.m.AntPathRequestMatcher - Checking match of request : '/login'; against '/js/**'
184624 [http-nio-8080-exec-2] DEBUG o.s.s.w.u.matcher.OrRequestMatcher - Trying to match using Ant [pattern='/images/**']
184624 [http-nio-8080-exec-2] DEBUG o.s.s.w.u.m.AntPathRequestMatcher - Checking match of request : '/login'; against '/images/**'
184625 [http-nio-8080-exec-2] DEBUG o.s.s.w.u.matcher.OrRequestMatcher - Trying to match using Ant [pattern='/webjars/**']
184625 [http-nio-8080-exec-2] DEBUG o.s.s.w.u.m.AntPathRequestMatcher - Checking match of request : '/login'; against '/webjars/**'
184625 [http-nio-8080-exec-2] DEBUG o.s.s.w.u.matcher.OrRequestMatcher - Trying to match using Ant [pattern='/**/favicon.ico']
184625 [http-nio-8080-exec-2] DEBUG o.s.s.w.u.m.AntPathRequestMatcher - Checking match of request : '/login'; against '/**/favicon.ico'
184625 [http-nio-8080-exec-2] DEBUG o.s.s.w.u.matcher.OrRequestMatcher - Trying to match using Ant [pattern='/error']
184625 [http-nio-8080-exec-2] DEBUG o.s.s.w.u.m.AntPathRequestMatcher - Checking match of request : '/login'; against '/error'
184625 [http-nio-8080-exec-2] DEBUG o.s.s.w.u.matcher.OrRequestMatcher - No matches found
184625 [http-nio-8080-exec-2] DEBUG o.s.security.web.FilterChainProxy - /login at position 1 of 12 in additional filter chain; firing Filter: 'WebAsyncManagerIntegrationFilter'
184625 [http-nio-8080-exec-2] DEBUG o.s.security.web.FilterChainProxy - /login at position 2 of 12 in additional filter chain; firing Filter: 'SecurityContextPersistenceFilter'
184625 [http-nio-8080-exec-2] DEBUG o.s.s.w.c.HttpSessionSecurityContextRepository - HttpSession returned null object for SPRING_SECURITY_CONTEXT
184625 [http-nio-8080-exec-2] DEBUG o.s.s.w.c.HttpSessionSecurityContextRepository - No SecurityContext was available from the HttpSession: org.apache.catalina.session.StandardSessionFacade@62d10285. A new one will be created.
184625 [http-nio-8080-exec-2] DEBUG o.s.security.web.FilterChainProxy - /login at position 3 of 12 in additional filter chain; firing Filter: 'HeaderWriterFilter'
184626 [http-nio-8080-exec-2] DEBUG o.s.s.w.h.writers.HstsHeaderWriter - Not injecting HSTS header since it did not match the requestMatcher org.springframework.security.web.header.writers.HstsHeaderWriter$SecureRequestMatcher@66ee8a07
184626 [http-nio-8080-exec-2] DEBUG o.s.security.web.FilterChainProxy - /login at position 4 of 12 in additional filter chain; firing Filter: 'CsrfFilter'
184626 [http-nio-8080-exec-2] DEBUG o.s.security.web.FilterChainProxy - /login at position 5 of 12 in additional filter chain; firing Filter: 'LogoutFilter'
184626 [http-nio-8080-exec-2] DEBUG o.s.s.w.u.m.AntPathRequestMatcher - Request 'GET /login' doesn't match 'POST /logout
184626 [http-nio-8080-exec-2] DEBUG o.s.security.web.FilterChainProxy - /login at position 6 of 12 in additional filter chain; firing Filter: 'UsernamePasswordAuthenticationFilter'
184626 [http-nio-8080-exec-2] DEBUG o.s.s.w.u.m.AntPathRequestMatcher - Request 'GET /login' doesn't match 'POST /login
184626 [http-nio-8080-exec-2] DEBUG o.s.security.web.FilterChainProxy - /login at position 7 of 12 in additional filter chain; firing Filter: 'RequestCacheAwareFilter'
184626 [http-nio-8080-exec-2] DEBUG o.s.s.w.s.DefaultSavedRequest - pathInfo: both null (property equals)
184626 [http-nio-8080-exec-2] DEBUG o.s.s.w.s.DefaultSavedRequest - queryString: both null (property equals)
184626 [http-nio-8080-exec-2] DEBUG o.s.s.w.s.DefaultSavedRequest - requestURI: arg1=/logout; arg2=/login (property not equals)
184628 [http-nio-8080-exec-2] DEBUG o.s.s.w.s.HttpSessionRequestCache - saved request doesn't match
184628 [http-nio-8080-exec-2] DEBUG o.s.security.web.FilterChainProxy - /login at position 8 of 12 in additional filter chain; firing Filter: 'SecurityContextHolderAwareRequestFilter'
184628 [http-nio-8080-exec-2] DEBUG o.s.security.web.FilterChainProxy - /login at position 9 of 12 in additional filter chain; firing Filter: 'AnonymousAuthenticationFilter'
184628 [http-nio-8080-exec-2] DEBUG o.s.s.w.a.AnonymousAuthenticationFilter - Populated SecurityContextHolder with anonymous token: 'org.springframework.security.authentication.AnonymousAuthenticationToken@6faeba70: Principal: anonymousUser; Credentials: [PROTECTED]; Authenticated: true; Details: org.springframework.security.web.authentication.WebAuthenticationDetails@fffbcba8: RemoteIpAddress: 0:0:0:0:0:0:0:1; SessionId: 3804353C2C2C151F407CA4B277564A11; Granted Authorities: ROLE_ANONYMOUS'
184628 [http-nio-8080-exec-2] DEBUG o.s.security.web.FilterChainProxy - /login at position 10 of 12 in additional filter chain; firing Filter: 'SessionManagementFilter'
184628 [http-nio-8080-exec-2] DEBUG o.s.security.web.FilterChainProxy - /login at position 11 of 12 in additional filter chain; firing Filter: 'ExceptionTranslationFilter'
184628 [http-nio-8080-exec-2] DEBUG o.s.security.web.FilterChainProxy - /login at position 12 of 12 in additional filter chain; firing Filter: 'FilterSecurityInterceptor'
184629 [http-nio-8080-exec-2] DEBUG o.s.s.w.a.i.FilterSecurityInterceptor - Secure object: FilterInvocation: URL: /login; Attributes: [permitAll]
184629 [http-nio-8080-exec-2] DEBUG o.s.s.w.a.i.FilterSecurityInterceptor - Previously Authenticated: org.springframework.security.authentication.AnonymousAuthenticationToken@6faeba70: Principal: anonymousUser; Credentials: [PROTECTED]; Authenticated: true; Details: org.springframework.security.web.authentication.WebAuthenticationDetails@fffbcba8: RemoteIpAddress: 0:0:0:0:0:0:0:1; SessionId: 3804353C2C2C151F407CA4B277564A11; Granted Authorities: ROLE_ANONYMOUS
184629 [http-nio-8080-exec-2] DEBUG o.s.s.access.vote.AffirmativeBased - Voter: org.springframework.security.web.access.expression.WebExpressionVoter@23ec08be, returned: 1
184629 [http-nio-8080-exec-2] DEBUG o.s.s.w.a.i.FilterSecurityInterceptor - Authorization successful
184629 [http-nio-8080-exec-2] DEBUG o.s.s.w.a.i.FilterSecurityInterceptor - RunAsManager did not change Authentication object
184629 [http-nio-8080-exec-2] DEBUG o.s.security.web.FilterChainProxy - /login reached end of additional filter chain; proceeding with original chain
184648 [http-nio-8080-exec-2] DEBUG o.s.s.w.c.HttpSessionSecurityContextRepository - SecurityContext is empty or contents are anonymous - context will not be stored in HttpSession.
184650 [http-nio-8080-exec-2] DEBUG o.s.s.w.a.ExceptionTranslationFilter - Chain processed normally
184651 [http-nio-8080-exec-2] DEBUG o.s.s.w.c.SecurityContextPersistenceFilter - SecurityContextHolder now cleared, as request processing completed
184670 [http-nio-8080-exec-1] DEBUG o.s.s.w.u.matcher.OrRequestMatcher - Trying to match using Ant [pattern='/css/**']
184670 [http-nio-8080-exec-1] DEBUG o.s.s.w.u.m.AntPathRequestMatcher - Checking match of request : '/bootstrap/css/bootstrap.css'; against '/css/**'
184670 [http-nio-8080-exec-1] DEBUG o.s.s.w.u.matcher.OrRequestMatcher - Trying to match using Ant [pattern='/js/**']
184670 [http-nio-8080-exec-1] DEBUG o.s.s.w.u.m.AntPathRequestMatcher - Checking match of request : '/bootstrap/css/bootstrap.css'; against '/js/**'
184670 [http-nio-8080-exec-1] DEBUG o.s.s.w.u.matcher.OrRequestMatcher - Trying to match using Ant [pattern='/images/**']
184671 [http-nio-8080-exec-1] DEBUG o.s.s.w.u.m.AntPathRequestMatcher - Checking match of request : '/bootstrap/css/bootstrap.css'; against '/images/**'
184671 [http-nio-8080-exec-1] DEBUG o.s.s.w.u.matcher.OrRequestMatcher - Trying to match using Ant [pattern='/webjars/**']
184671 [http-nio-8080-exec-3] DEBUG o.s.s.w.u.matcher.OrRequestMatcher - Trying to match using Ant [pattern='/css/**']
184671 [http-nio-8080-exec-1] DEBUG o.s.s.w.u.m.AntPathRequestMatcher - Checking match of request : '/bootstrap/css/bootstrap.css'; against '/webjars/**'
184671 [http-nio-8080-exec-1] DEBUG o.s.s.w.u.matcher.OrRequestMatcher - Trying to match using Ant [pattern='/**/favicon.ico']
184671 [http-nio-8080-exec-3] DEBUG o.s.s.w.u.m.AntPathRequestMatcher - Checking match of request : '/bootstrap/js/bootstrap.js'; against '/css/**'
184671 [http-nio-8080-exec-1] DEBUG o.s.s.w.u.m.AntPathRequestMatcher - Checking match of request : '/bootstrap/css/bootstrap.css'; against '/**/favicon.ico'
184671 [http-nio-8080-exec-3] DEBUG o.s.s.w.u.matcher.OrRequestMatcher - Trying to match using Ant [pattern='/js/**']
184671 [http-nio-8080-exec-4] DEBUG o.s.s.w.u.matcher.OrRequestMatcher - Trying to match using Ant [pattern='/css/**']
184671 [http-nio-8080-exec-1] DEBUG o.s.s.w.u.matcher.OrRequestMatcher - Trying to match using Ant [pattern='/error']
184671 [http-nio-8080-exec-1] DEBUG o.s.s.w.u.m.AntPathRequestMatcher - Checking match of request : '/bootstrap/css/bootstrap.css'; against '/error'
184671 [http-nio-8080-exec-3] DEBUG o.s.s.w.u.m.AntPathRequestMatcher - Checking match of request : '/bootstrap/js/bootstrap.js'; against '/js/**'
184671 [http-nio-8080-exec-4] DEBUG o.s.s.w.u.m.AntPathRequestMatcher - Checking match of request : '/jquery/jquery-2.1.3.js'; against '/css/**'
184671 [http-nio-8080-exec-1] DEBUG o.s.s.w.u.matcher.OrRequestMatcher - No matches found
184672 [http-nio-8080-exec-3] DEBUG o.s.s.w.u.matcher.OrRequestMatcher - Trying to match using Ant [pattern='/images/**']
184672 [http-nio-8080-exec-4] DEBUG o.s.s.w.u.matcher.OrRequestMatcher - Trying to match using Ant [pattern='/js/**']
184672 [http-nio-8080-exec-1] DEBUG o.s.security.web.FilterChainProxy - /bootstrap/css/bootstrap.css at position 1 of 12 in additional filter chain; firing Filter: 'WebAsyncManagerIntegrationFilter'
184672 [http-nio-8080-exec-3] DEBUG o.s.s.w.u.m.AntPathRequestMatcher - Checking match of request : '/bootstrap/js/bootstrap.js'; against '/images/**'
184672 [http-nio-8080-exec-4] DEBUG o.s.s.w.u.m.AntPathRequestMatcher - Checking match of request : '/jquery/jquery-2.1.3.js'; against '/js/**'
184672 [http-nio-8080-exec-3] DEBUG o.s.s.w.u.matcher.OrRequestMatcher - Trying to match using Ant [pattern='/webjars/**']
184672 [http-nio-8080-exec-3] DEBUG o.s.s.w.u.m.AntPathRequestMatcher - Checking match of request : '/bootstrap/js/bootstrap.js'; against '/webjars/**'
184672 [http-nio-8080-exec-4] DEBUG o.s.s.w.u.matcher.OrRequestMatcher - Trying to match using Ant [pattern='/images/**']
184672 [http-nio-8080-exec-1] DEBUG o.s.security.web.FilterChainProxy - /bootstrap/css/bootstrap.css at position 2 of 12 in additional filter chain; firing Filter: 'SecurityContextPersistenceFilter'
184672 [http-nio-8080-exec-4] DEBUG o.s.s.w.u.m.AntPathRequestMatcher - Checking match of request : '/jquery/jquery-2.1.3.js'; against '/images/**'
184672 [http-nio-8080-exec-3] DEBUG o.s.s.w.u.matcher.OrRequestMatcher - Trying to match using Ant [pattern='/**/favicon.ico']
184672 [http-nio-8080-exec-1] DEBUG o.s.s.w.c.HttpSessionSecurityContextRepository - HttpSession returned null object for SPRING_SECURITY_CONTEXT
184674 [http-nio-8080-exec-4] DEBUG o.s.s.w.u.matcher.OrRequestMatcher - Trying to match using Ant [pattern='/webjars/**']
184674 [http-nio-8080-exec-3] DEBUG o.s.s.w.u.m.AntPathRequestMatcher - Checking match of request : '/bootstrap/js/bootstrap.js'; against '/**/favicon.ico'
184674 [http-nio-8080-exec-1] DEBUG o.s.s.w.c.HttpSessionSecurityContextRepository - No SecurityContext was available from the HttpSession: org.apache.catalina.session.StandardSessionFacade@62d10285. A new one will be created.
184674 [http-nio-8080-exec-4] DEBUG o.s.s.w.u.m.AntPathRequestMatcher - Checking match of request : '/jquery/jquery-2.1.3.js'; against '/webjars/**'
184674 [http-nio-8080-exec-4] DEBUG o.s.s.w.u.matcher.OrRequestMatcher - Trying to match using Ant [pattern='/**/favicon.ico']
184674 [http-nio-8080-exec-3] DEBUG o.s.s.w.u.matcher.OrRequestMatcher - Trying to match using Ant [pattern='/error']
184674 [http-nio-8080-exec-3] DEBUG o.s.s.w.u.m.AntPathRequestMatcher - Checking match of request : '/bootstrap/js/bootstrap.js'; against '/error'
184674 [http-nio-8080-exec-1] DEBUG o.s.security.web.FilterChainProxy - /bootstrap/css/bootstrap.css at position 3 of 12 in additional filter chain; firing Filter: 'HeaderWriterFilter'
184674 [http-nio-8080-exec-4] DEBUG o.s.s.w.u.m.AntPathRequestMatcher - Checking match of request : '/jquery/jquery-2.1.3.js'; against '/**/favicon.ico'
184675 [http-nio-8080-exec-3] DEBUG o.s.s.w.u.matcher.OrRequestMatcher - No matches found
184675 [http-nio-8080-exec-4] DEBUG o.s.s.w.u.matcher.OrRequestMatcher - Trying to match using Ant [pattern='/error']
184675 [http-nio-8080-exec-1] DEBUG o.s.s.w.h.writers.HstsHeaderWriter - Not injecting HSTS header since it did not match the requestMatcher org.springframework.security.web.header.writers.HstsHeaderWriter$SecureRequestMatcher@66ee8a07
184675 [http-nio-8080-exec-3] DEBUG o.s.security.web.FilterChainProxy - /bootstrap/js/bootstrap.js at position 1 of 12 in additional filter chain; firing Filter: 'WebAsyncManagerIntegrationFilter'
184675 [http-nio-8080-exec-4] DEBUG o.s.s.w.u.m.AntPathRequestMatcher - Checking match of request : '/jquery/jquery-2.1.3.js'; against '/error'
184675 [http-nio-8080-exec-4] DEBUG o.s.s.w.u.matcher.OrRequestMatcher - No matches found
184675 [http-nio-8080-exec-1] DEBUG o.s.security.web.FilterChainProxy - /bootstrap/css/bootstrap.css at position 4 of 12 in additional filter chain; firing Filter: 'CsrfFilter'
184675 [http-nio-8080-exec-3] DEBUG o.s.security.web.FilterChainProxy - /bootstrap/js/bootstrap.js at position 2 of 12 in additional filter chain; firing Filter: 'SecurityContextPersistenceFilter'
184675 [http-nio-8080-exec-4] DEBUG o.s.security.web.FilterChainProxy - /jquery/jquery-2.1.3.js at position 1 of 12 in additional filter chain; firing Filter: 'WebAsyncManagerIntegrationFilter'
184675 [http-nio-8080-exec-3] DEBUG o.s.s.w.c.HttpSessionSecurityContextRepository - HttpSession returned null object for SPRING_SECURITY_CONTEXT
184675 [http-nio-8080-exec-1] DEBUG o.s.security.web.FilterChainProxy - /bootstrap/css/bootstrap.css at position 5 of 12 in additional filter chain; firing Filter: 'LogoutFilter'
184675 [http-nio-8080-exec-3] DEBUG o.s.s.w.c.HttpSessionSecurityContextRepository - No SecurityContext was available from the HttpSession: org.apache.catalina.session.StandardSessionFacade@62d10285. A new one will be created.
184675 [http-nio-8080-exec-4] DEBUG o.s.security.web.FilterChainProxy - /jquery/jquery-2.1.3.js at position 2 of 12 in additional filter chain; firing Filter: 'SecurityContextPersistenceFilter'
184675 [http-nio-8080-exec-3] DEBUG o.s.security.web.FilterChainProxy - /bootstrap/js/bootstrap.js at position 3 of 12 in additional filter chain; firing Filter: 'HeaderWriterFilter'
184676 [http-nio-8080-exec-4] DEBUG o.s.s.w.c.HttpSessionSecurityContextRepository - HttpSession returned null object for SPRING_SECURITY_CONTEXT
184676 [http-nio-8080-exec-1] DEBUG o.s.s.w.u.m.AntPathRequestMatcher - Request 'GET /bootstrap/css/bootstrap.css' doesn't match 'POST /logout
184676 [http-nio-8080-exec-4] DEBUG o.s.s.w.c.HttpSessionSecurityContextRepository - No SecurityContext was available from the HttpSession: org.apache.catalina.session.StandardSessionFacade@62d10285. A new one will be created.
184676 [http-nio-8080-exec-3] DEBUG o.s.s.w.h.writers.HstsHeaderWriter - Not injecting HSTS header since it did not match the requestMatcher org.springframework.security.web.header.writers.HstsHeaderWriter$SecureRequestMatcher@66ee8a07
184676 [http-nio-8080-exec-4] DEBUG o.s.security.web.FilterChainProxy - /jquery/jquery-2.1.3.js at position 3 of 12 in additional filter chain; firing Filter: 'HeaderWriterFilter'
184676 [http-nio-8080-exec-1] DEBUG o.s.security.web.FilterChainProxy - /bootstrap/css/bootstrap.css at position 6 of 12 in additional filter chain; firing Filter: 'UsernamePasswordAuthenticationFilter'
184676 [http-nio-8080-exec-1] DEBUG o.s.s.w.u.m.AntPathRequestMatcher - Request 'GET /bootstrap/css/bootstrap.css' doesn't match 'POST /login
184676 [http-nio-8080-exec-3] DEBUG o.s.security.web.FilterChainProxy - /bootstrap/js/bootstrap.js at position 4 of 12 in additional filter chain; firing Filter: 'CsrfFilter'
184676 [http-nio-8080-exec-4] DEBUG o.s.s.w.h.writers.HstsHeaderWriter - Not injecting HSTS header since it did not match the requestMatcher org.springframework.security.web.header.writers.HstsHeaderWriter$SecureRequestMatcher@66ee8a07
184676 [http-nio-8080-exec-1] DEBUG o.s.security.web.FilterChainProxy - /bootstrap/css/bootstrap.css at position 7 of 12 in additional filter chain; firing Filter: 'RequestCacheAwareFilter'
184676 [http-nio-8080-exec-4] DEBUG o.s.security.web.FilterChainProxy - /jquery/jquery-2.1.3.js at position 4 of 12 in additional filter chain; firing Filter: 'CsrfFilter'
184676 [http-nio-8080-exec-3] DEBUG o.s.security.web.FilterChainProxy - /bootstrap/js/bootstrap.js at position 5 of 12 in additional filter chain; firing Filter: 'LogoutFilter'
184676 [http-nio-8080-exec-4] DEBUG o.s.security.web.FilterChainProxy - /jquery/jquery-2.1.3.js at position 5 of 12 in additional filter chain; firing Filter: 'LogoutFilter'
184676 [http-nio-8080-exec-1] DEBUG o.s.s.w.s.DefaultSavedRequest - pathInfo: both null (property equals)
184676 [http-nio-8080-exec-1] DEBUG o.s.s.w.s.DefaultSavedRequest - queryString: both null (property equals)
184676 [http-nio-8080-exec-3] DEBUG o.s.s.w.u.m.AntPathRequestMatcher - Request 'GET /bootstrap/js/bootstrap.js' doesn't match 'POST /logout
184676 [http-nio-8080-exec-4] DEBUG o.s.s.w.u.m.AntPathRequestMatcher - Request 'GET /jquery/jquery-2.1.3.js' doesn't match 'POST /logout
184677 [http-nio-8080-exec-4] DEBUG o.s.security.web.FilterChainProxy - /jquery/jquery-2.1.3.js at position 6 of 12 in additional filter chain; firing Filter: 'UsernamePasswordAuthenticationFilter'
184676 [http-nio-8080-exec-1] DEBUG o.s.s.w.s.DefaultSavedRequest - requestURI: arg1=/logout; arg2=/bootstrap/css/bootstrap.css (property not equals)
184677 [http-nio-8080-exec-3] DEBUG o.s.security.web.FilterChainProxy - /bootstrap/js/bootstrap.js at position 6 of 12 in additional filter chain; firing Filter: 'UsernamePasswordAuthenticationFilter'
184677 [http-nio-8080-exec-1] DEBUG o.s.s.w.s.HttpSessionRequestCache - saved request doesn't match
184677 [http-nio-8080-exec-4] DEBUG o.s.s.w.u.m.AntPathRequestMatcher - Request 'GET /jquery/jquery-2.1.3.js' doesn't match 'POST /login
184677 [http-nio-8080-exec-1] DEBUG o.s.security.web.FilterChainProxy - /bootstrap/css/bootstrap.css at position 8 of 12 in additional filter chain; firing Filter: 'SecurityContextHolderAwareRequestFilter'
184677 [http-nio-8080-exec-4] DEBUG o.s.security.web.FilterChainProxy - /jquery/jquery-2.1.3.js at position 7 of 12 in additional filter chain; firing Filter: 'RequestCacheAwareFilter'
184677 [http-nio-8080-exec-1] DEBUG o.s.security.web.FilterChainProxy - /bootstrap/css/bootstrap.css at position 9 of 12 in additional filter chain; firing Filter: 'AnonymousAuthenticationFilter'
184677 [http-nio-8080-exec-3] DEBUG o.s.s.w.u.m.AntPathRequestMatcher - Request 'GET /bootstrap/js/bootstrap.js' doesn't match 'POST /login
184677 [http-nio-8080-exec-3] DEBUG o.s.security.web.FilterChainProxy - /bootstrap/js/bootstrap.js at position 7 of 12 in additional filter chain; firing Filter: 'RequestCacheAwareFilter'
184677 [http-nio-8080-exec-4] DEBUG o.s.s.w.s.DefaultSavedRequest - pathInfo: both null (property equals)
184677 [http-nio-8080-exec-4] DEBUG o.s.s.w.s.DefaultSavedRequest - queryString: both null (property equals)
184677 [http-nio-8080-exec-1] DEBUG o.s.s.w.a.AnonymousAuthenticationFilter - Populated SecurityContextHolder with anonymous token: 'org.springframework.security.authentication.AnonymousAuthenticationToken@6faeba70: Principal: anonymousUser; Credentials: [PROTECTED]; Authenticated: true; Details: org.springframework.security.web.authentication.WebAuthenticationDetails@fffbcba8: RemoteIpAddress: 0:0:0:0:0:0:0:1; SessionId: 3804353C2C2C151F407CA4B277564A11; Granted Authorities: ROLE_ANONYMOUS'
184677 [http-nio-8080-exec-1] DEBUG o.s.security.web.FilterChainProxy - /bootstrap/css/bootstrap.css at position 10 of 12 in additional filter chain; firing Filter: 'SessionManagementFilter'
184677 [http-nio-8080-exec-3] DEBUG o.s.s.w.s.DefaultSavedRequest - pathInfo: both null (property equals)
184677 [http-nio-8080-exec-4] DEBUG o.s.s.w.s.DefaultSavedRequest - requestURI: arg1=/logout; arg2=/jquery/jquery-2.1.3.js (property not equals)
184678 [http-nio-8080-exec-1] DEBUG o.s.security.web.FilterChainProxy - /bootstrap/css/bootstrap.css at position 11 of 12 in additional filter chain; firing Filter: 'ExceptionTranslationFilter'
184678 [http-nio-8080-exec-3] DEBUG o.s.s.w.s.DefaultSavedRequest - queryString: both null (property equals)
184678 [http-nio-8080-exec-4] DEBUG o.s.s.w.s.HttpSessionRequestCache - saved request doesn't match
184678 [http-nio-8080-exec-3] DEBUG o.s.s.w.s.DefaultSavedRequest - requestURI: arg1=/logout; arg2=/bootstrap/js/bootstrap.js (property not equals)
184678 [http-nio-8080-exec-1] DEBUG o.s.security.web.FilterChainProxy - /bootstrap/css/bootstrap.css at position 12 of 12 in additional filter chain; firing Filter: 'FilterSecurityInterceptor'
184678 [http-nio-8080-exec-4] DEBUG o.s.security.web.FilterChainProxy - /jquery/jquery-2.1.3.js at position 8 of 12 in additional filter chain; firing Filter: 'SecurityContextHolderAwareRequestFilter'
184678 [http-nio-8080-exec-3] DEBUG o.s.s.w.s.HttpSessionRequestCache - saved request doesn't match
184678 [http-nio-8080-exec-1] DEBUG o.s.s.w.u.m.AntPathRequestMatcher - Request 'GET /bootstrap/css/bootstrap.css' doesn't match 'POST /logout
184678 [http-nio-8080-exec-4] DEBUG o.s.security.web.FilterChainProxy - /jquery/jquery-2.1.3.js at position 9 of 12 in additional filter chain; firing Filter: 'AnonymousAuthenticationFilter'
184678 [http-nio-8080-exec-1] DEBUG o.s.s.w.u.m.AntPathRequestMatcher - Checking match of request : '/bootstrap/css/bootstrap.css'; against '/bootstrap/**'
184678 [http-nio-8080-exec-3] DEBUG o.s.security.web.FilterChainProxy - /bootstrap/js/bootstrap.js at position 8 of 12 in additional filter chain; firing Filter: 'SecurityContextHolderAwareRequestFilter'
184678 [http-nio-8080-exec-1] DEBUG o.s.s.w.a.i.FilterSecurityInterceptor - Secure object: FilterInvocation: URL: /bootstrap/css/bootstrap.css; Attributes: [permitAll]
184678 [http-nio-8080-exec-4] DEBUG o.s.s.w.a.AnonymousAuthenticationFilter - Populated SecurityContextHolder with anonymous token: 'org.springframework.security.authentication.AnonymousAuthenticationToken@6faeba70: Principal: anonymousUser; Credentials: [PROTECTED]; Authenticated: true; Details: org.springframework.security.web.authentication.WebAuthenticationDetails@fffbcba8: RemoteIpAddress: 0:0:0:0:0:0:0:1; SessionId: 3804353C2C2C151F407CA4B277564A11; Granted Authorities: ROLE_ANONYMOUS'
184678 [http-nio-8080-exec-3] DEBUG o.s.security.web.FilterChainProxy - /bootstrap/js/bootstrap.js at position 9 of 12 in additional filter chain; firing Filter: 'AnonymousAuthenticationFilter'
184679 [http-nio-8080-exec-1] DEBUG o.s.s.w.a.i.FilterSecurityInterceptor - Previously Authenticated: org.springframework.security.authentication.AnonymousAuthenticationToken@6faeba70: Principal: anonymousUser; Credentials: [PROTECTED]; Authenticated: true; Details: org.springframework.security.web.authentication.WebAuthenticationDetails@fffbcba8: RemoteIpAddress: 0:0:0:0:0:0:0:1; SessionId: 3804353C2C2C151F407CA4B277564A11; Granted Authorities: ROLE_ANONYMOUS
184679 [http-nio-8080-exec-4] DEBUG o.s.security.web.FilterChainProxy - /jquery/jquery-2.1.3.js at position 10 of 12 in additional filter chain; firing Filter: 'SessionManagementFilter'
184679 [http-nio-8080-exec-4] DEBUG o.s.security.web.FilterChainProxy - /jquery/jquery-2.1.3.js at position 11 of 12 in additional filter chain; firing Filter: 'ExceptionTranslationFilter'
184679 [http-nio-8080-exec-4] DEBUG o.s.security.web.FilterChainProxy - /jquery/jquery-2.1.3.js at position 12 of 12 in additional filter chain; firing Filter: 'FilterSecurityInterceptor'
184679 [http-nio-8080-exec-4] DEBUG o.s.s.w.u.m.AntPathRequestMatcher - Request 'GET /jquery/jquery-2.1.3.js' doesn't match 'POST /logout
184679 [http-nio-8080-exec-3] DEBUG o.s.s.w.a.AnonymousAuthenticationFilter - Populated SecurityContextHolder with anonymous token: 'org.springframework.security.authentication.AnonymousAuthenticationToken@6faeba70: Principal: anonymousUser; Credentials: [PROTECTED]; Authenticated: true; Details: org.springframework.security.web.authentication.WebAuthenticationDetails@fffbcba8: RemoteIpAddress: 0:0:0:0:0:0:0:1; SessionId: 3804353C2C2C151F407CA4B277564A11; Granted Authorities: ROLE_ANONYMOUS'
184679 [http-nio-8080-exec-4] DEBUG o.s.s.w.u.m.AntPathRequestMatcher - Checking match of request : '/jquery/jquery-2.1.3.js'; against '/bootstrap/**'
184679 [http-nio-8080-exec-3] DEBUG o.s.security.web.FilterChainProxy - /bootstrap/js/bootstrap.js at position 10 of 12 in additional filter chain; firing Filter: 'SessionManagementFilter'
184679 [http-nio-8080-exec-4] DEBUG o.s.s.w.u.m.AntPathRequestMatcher - Checking match of request : '/jquery/jquery-2.1.3.js'; against '/error/**'
184679 [http-nio-8080-exec-4] DEBUG o.s.s.w.u.m.AntPathRequestMatcher - Checking match of request : '/jquery/jquery-2.1.3.js'; against '/img/**'
184679 [http-nio-8080-exec-1] DEBUG o.s.s.access.vote.AffirmativeBased - Voter: org.springframework.security.web.access.expression.WebExpressionVoter@23ec08be, returned: 1
184679 [http-nio-8080-exec-4] DEBUG o.s.s.w.u.m.AntPathRequestMatcher - Checking match of request : '/jquery/jquery-2.1.3.js'; against '/jquery/**'
184679 [http-nio-8080-exec-3] DEBUG o.s.security.web.FilterChainProxy - /bootstrap/js/bootstrap.js at position 11 of 12 in additional filter chain; firing Filter: 'ExceptionTranslationFilter'
184679 [http-nio-8080-exec-1] DEBUG o.s.s.w.a.i.FilterSecurityInterceptor - Authorization successful
184679 [http-nio-8080-exec-4] DEBUG o.s.s.w.a.i.FilterSecurityInterceptor - Secure object: FilterInvocation: URL: /jquery/jquery-2.1.3.js; Attributes: [permitAll]
184679 [http-nio-8080-exec-3] DEBUG o.s.security.web.FilterChainProxy - /bootstrap/js/bootstrap.js at position 12 of 12 in additional filter chain; firing Filter: 'FilterSecurityInterceptor'
184679 [http-nio-8080-exec-1] DEBUG o.s.s.w.a.i.FilterSecurityInterceptor - RunAsManager did not change Authentication object
184679 [http-nio-8080-exec-4] DEBUG o.s.s.w.a.i.FilterSecurityInterceptor - Previously Authenticated: org.springframework.security.authentication.AnonymousAuthenticationToken@6faeba70: Principal: anonymousUser; Credentials: [PROTECTED]; Authenticated: true; Details: org.springframework.security.web.authentication.WebAuthenticationDetails@fffbcba8: RemoteIpAddress: 0:0:0:0:0:0:0:1; SessionId: 3804353C2C2C151F407CA4B277564A11; Granted Authorities: ROLE_ANONYMOUS
184679 [http-nio-8080-exec-3] DEBUG o.s.s.w.u.m.AntPathRequestMatcher - Request 'GET /bootstrap/js/bootstrap.js' doesn't match 'POST /logout
184679 [http-nio-8080-exec-1] DEBUG o.s.security.web.FilterChainProxy - /bootstrap/css/bootstrap.css reached end of additional filter chain; proceeding with original chain
184679 [http-nio-8080-exec-3] DEBUG o.s.s.w.u.m.AntPathRequestMatcher - Checking match of request : '/bootstrap/js/bootstrap.js'; against '/bootstrap/**'
184679 [http-nio-8080-exec-4] DEBUG o.s.s.access.vote.AffirmativeBased - Voter: org.springframework.security.web.access.expression.WebExpressionVoter@23ec08be, returned: 1
184679 [http-nio-8080-exec-4] DEBUG o.s.s.w.a.i.FilterSecurityInterceptor - Authorization successful
184679 [http-nio-8080-exec-3] DEBUG o.s.s.w.a.i.FilterSecurityInterceptor - Secure object: FilterInvocation: URL: /bootstrap/js/bootstrap.js; Attributes: [permitAll]
184679 [http-nio-8080-exec-4] DEBUG o.s.s.w.a.i.FilterSecurityInterceptor - RunAsManager did not change Authentication object
184679 [http-nio-8080-exec-3] DEBUG o.s.s.w.a.i.FilterSecurityInterceptor - Previously Authenticated: org.springframework.security.authentication.AnonymousAuthenticationToken@6faeba70: Principal: anonymousUser; Credentials: [PROTECTED]; Authenticated: true; Details: org.springframework.security.web.authentication.WebAuthenticationDetails@fffbcba8: RemoteIpAddress: 0:0:0:0:0:0:0:1; SessionId: 3804353C2C2C151F407CA4B277564A11; Granted Authorities: ROLE_ANONYMOUS
184679 [http-nio-8080-exec-4] DEBUG o.s.security.web.FilterChainProxy - /jquery/jquery-2.1.3.js reached end of additional filter chain; proceeding with original chain
184680 [http-nio-8080-exec-3] DEBUG o.s.s.access.vote.AffirmativeBased - Voter: org.springframework.security.web.access.expression.WebExpressionVoter@23ec08be, returned: 1
184680 [http-nio-8080-exec-3] DEBUG o.s.s.w.a.i.FilterSecurityInterceptor - Authorization successful
184680 [http-nio-8080-exec-3] DEBUG o.s.s.w.a.i.FilterSecurityInterceptor - RunAsManager did not change Authentication object
184680 [http-nio-8080-exec-3] DEBUG o.s.security.web.FilterChainProxy - /bootstrap/js/bootstrap.js reached end of additional filter chain; proceeding with original chain
184682 [http-nio-8080-exec-1] DEBUG o.s.s.w.c.HttpSessionSecurityContextRepository - SecurityContext is empty or contents are anonymous - context will not be stored in HttpSession.
184682 [http-nio-8080-exec-4] DEBUG o.s.s.w.c.HttpSessionSecurityContextRepository - SecurityContext is empty or contents are anonymous - context will not be stored in HttpSession.
184682 [http-nio-8080-exec-3] DEBUG o.s.s.w.c.HttpSessionSecurityContextRepository - SecurityContext is empty or contents are anonymous - context will not be stored in HttpSession.
184683 [http-nio-8080-exec-3] DEBUG o.s.s.w.a.ExceptionTranslationFilter - Chain processed normally
184684 [http-nio-8080-exec-3] DEBUG o.s.s.w.c.SecurityContextPersistenceFilter - SecurityContextHolder now cleared, as request processing completed
184685 [http-nio-8080-exec-1] DEBUG o.s.s.w.a.ExceptionTranslationFilter - Chain processed normally
184685 [http-nio-8080-exec-1] DEBUG o.s.s.w.c.SecurityContextPersistenceFilter - SecurityContextHolder now cleared, as request processing completed
184687 [http-nio-8080-exec-4] DEBUG o.s.s.w.a.ExceptionTranslationFilter - Chain processed normally
184687 [http-nio-8080-exec-4] DEBUG o.s.s.w.c.SecurityContextPersistenceFilter - SecurityContextHolder now cleared, as request processing completed
184739 [http-nio-8080-exec-7] DEBUG o.s.s.w.u.matcher.OrRequestMatcher - Trying to match using Ant [pattern='/css/**']
184739 [http-nio-8080-exec-7] DEBUG o.s.s.w.u.m.AntPathRequestMatcher - Checking match of request : '/favicon.ico'; against '/css/**'
184739 [http-nio-8080-exec-7] DEBUG o.s.s.w.u.matcher.OrRequestMatcher - Trying to match using Ant [pattern='/js/**']
184739 [http-nio-8080-exec-7] DEBUG o.s.s.w.u.m.AntPathRequestMatcher - Checking match of request : '/favicon.ico'; against '/js/**'
184739 [http-nio-8080-exec-7] DEBUG o.s.s.w.u.matcher.OrRequestMatcher - Trying to match using Ant [pattern='/images/**']
184739 [http-nio-8080-exec-7] DEBUG o.s.s.w.u.m.AntPathRequestMatcher - Checking match of request : '/favicon.ico'; against '/images/**'
184739 [http-nio-8080-exec-7] DEBUG o.s.s.w.u.matcher.OrRequestMatcher - Trying to match using Ant [pattern='/webjars/**']
184739 [http-nio-8080-exec-7] DEBUG o.s.s.w.u.m.AntPathRequestMatcher - Checking match of request : '/favicon.ico'; against '/webjars/**'
184739 [http-nio-8080-exec-7] DEBUG o.s.s.w.u.matcher.OrRequestMatcher - Trying to match using Ant [pattern='/**/favicon.ico']
184739 [http-nio-8080-exec-7] DEBUG o.s.s.w.u.m.AntPathRequestMatcher - Checking match of request : '/favicon.ico'; against '/**/favicon.ico'
184739 [http-nio-8080-exec-7] DEBUG o.s.s.w.u.matcher.OrRequestMatcher - matched
184739 [http-nio-8080-exec-7] DEBUG o.s.security.web.FilterChainProxy - /favicon.ico has an empty filter list
185213 [http-nio-8080-exec-5] DEBUG o.s.s.w.u.matcher.OrRequestMatcher - Trying to match using Ant [pattern='/css/**']
185213 [http-nio-8080-exec-5] DEBUG o.s.s.w.u.m.AntPathRequestMatcher - Checking match of request : '/login'; against '/css/**'
185213 [http-nio-8080-exec-5] DEBUG o.s.s.w.u.matcher.OrRequestMatcher - Trying to match using Ant [pattern='/js/**']
185213 [http-nio-8080-exec-5] DEBUG o.s.s.w.u.m.AntPathRequestMatcher - Checking match of request : '/login'; against '/js/**'
185213 [http-nio-8080-exec-5] DEBUG o.s.s.w.u.matcher.OrRequestMatcher - Trying to match using Ant [pattern='/images/**']
185214 [http-nio-8080-exec-5] DEBUG o.s.s.w.u.m.AntPathRequestMatcher - Checking match of request : '/login'; against '/images/**'
185214 [http-nio-8080-exec-5] DEBUG o.s.s.w.u.matcher.OrRequestMatcher - Trying to match using Ant [pattern='/webjars/**']
185214 [http-nio-8080-exec-5] DEBUG o.s.s.w.u.m.AntPathRequestMatcher - Checking match of request : '/login'; against '/webjars/**'
185214 [http-nio-8080-exec-5] DEBUG o.s.s.w.u.matcher.OrRequestMatcher - Trying to match using Ant [pattern='/**/favicon.ico']
185214 [http-nio-8080-exec-5] DEBUG o.s.s.w.u.m.AntPathRequestMatcher - Checking match of request : '/login'; against '/**/favicon.ico'
185214 [http-nio-8080-exec-5] DEBUG o.s.s.w.u.matcher.OrRequestMatcher - Trying to match using Ant [pattern='/error']
185214 [http-nio-8080-exec-5] DEBUG o.s.s.w.u.m.AntPathRequestMatcher - Checking match of request : '/login'; against '/error'
185214 [http-nio-8080-exec-5] DEBUG o.s.s.w.u.matcher.OrRequestMatcher - No matches found
185214 [http-nio-8080-exec-5] DEBUG o.s.security.web.FilterChainProxy - /login at position 1 of 12 in additional filter chain; firing Filter: 'WebAsyncManagerIntegrationFilter'
185214 [http-nio-8080-exec-5] DEBUG o.s.security.web.FilterChainProxy - /login at position 2 of 12 in additional filter chain; firing Filter: 'SecurityContextPersistenceFilter'
185214 [http-nio-8080-exec-5] DEBUG o.s.s.w.c.HttpSessionSecurityContextRepository - HttpSession returned null object for SPRING_SECURITY_CONTEXT
185214 [http-nio-8080-exec-5] DEBUG o.s.s.w.c.HttpSessionSecurityContextRepository - No SecurityContext was available from the HttpSession: org.apache.catalina.session.StandardSessionFacade@62d10285. A new one will be created.
185214 [http-nio-8080-exec-5] DEBUG o.s.security.web.FilterChainProxy - /login at position 3 of 12 in additional filter chain; firing Filter: 'HeaderWriterFilter'
185214 [http-nio-8080-exec-5] DEBUG o.s.s.w.h.writers.HstsHeaderWriter - Not injecting HSTS header since it did not match the requestMatcher org.springframework.security.web.header.writers.HstsHeaderWriter$SecureRequestMatcher@66ee8a07
185214 [http-nio-8080-exec-5] DEBUG o.s.security.web.FilterChainProxy - /login at position 4 of 12 in additional filter chain; firing Filter: 'CsrfFilter'
185215 [http-nio-8080-exec-5] DEBUG o.s.security.web.FilterChainProxy - /login at position 5 of 12 in additional filter chain; firing Filter: 'LogoutFilter'
185215 [http-nio-8080-exec-5] DEBUG o.s.s.w.u.m.AntPathRequestMatcher - Request 'GET /login' doesn't match 'POST /logout
185215 [http-nio-8080-exec-5] DEBUG o.s.security.web.FilterChainProxy - /login at position 6 of 12 in additional filter chain; firing Filter: 'UsernamePasswordAuthenticationFilter'
185215 [http-nio-8080-exec-5] DEBUG o.s.s.w.u.m.AntPathRequestMatcher - Request 'GET /login' doesn't match 'POST /login
185215 [http-nio-8080-exec-5] DEBUG o.s.security.web.FilterChainProxy - /login at position 7 of 12 in additional filter chain; firing Filter: 'RequestCacheAwareFilter'
185215 [http-nio-8080-exec-5] DEBUG o.s.s.w.s.DefaultSavedRequest - pathInfo: both null (property equals)
185215 [http-nio-8080-exec-5] DEBUG o.s.s.w.s.DefaultSavedRequest - queryString: both null (property equals)
185215 [http-nio-8080-exec-5] DEBUG o.s.s.w.s.DefaultSavedRequest - requestURI: arg1=/logout; arg2=/login (property not equals)
185217 [http-nio-8080-exec-5] DEBUG o.s.s.w.s.HttpSessionRequestCache - saved request doesn't match
185217 [http-nio-8080-exec-5] DEBUG o.s.security.web.FilterChainProxy - /login at position 8 of 12 in additional filter chain; firing Filter: 'SecurityContextHolderAwareRequestFilter'
185217 [http-nio-8080-exec-5] DEBUG o.s.security.web.FilterChainProxy - /login at position 9 of 12 in additional filter chain; firing Filter: 'AnonymousAuthenticationFilter'
185217 [http-nio-8080-exec-5] DEBUG o.s.s.w.a.AnonymousAuthenticationFilter - Populated SecurityContextHolder with anonymous token: 'org.springframework.security.authentication.AnonymousAuthenticationToken@6faeba70: Principal: anonymousUser; Credentials: [PROTECTED]; Authenticated: true; Details: org.springframework.security.web.authentication.WebAuthenticationDetails@fffbcba8: RemoteIpAddress: 0:0:0:0:0:0:0:1; SessionId: 3804353C2C2C151F407CA4B277564A11; Granted Authorities: ROLE_ANONYMOUS'
185217 [http-nio-8080-exec-5] DEBUG o.s.security.web.FilterChainProxy - /login at position 10 of 12 in additional filter chain; firing Filter: 'SessionManagementFilter'
185217 [http-nio-8080-exec-5] DEBUG o.s.security.web.FilterChainProxy - /login at position 11 of 12 in additional filter chain; firing Filter: 'ExceptionTranslationFilter'
185217 [http-nio-8080-exec-5] DEBUG o.s.security.web.FilterChainProxy - /login at position 12 of 12 in additional filter chain; firing Filter: 'FilterSecurityInterceptor'
185217 [http-nio-8080-exec-5] DEBUG o.s.s.w.a.i.FilterSecurityInterceptor - Secure object: FilterInvocation: URL: /login; Attributes: [permitAll]
185217 [http-nio-8080-exec-5] DEBUG o.s.s.w.a.i.FilterSecurityInterceptor - Previously Authenticated: org.springframework.security.authentication.AnonymousAuthenticationToken@6faeba70: Principal: anonymousUser; Credentials: [PROTECTED]; Authenticated: true; Details: org.springframework.security.web.authentication.WebAuthenticationDetails@fffbcba8: RemoteIpAddress: 0:0:0:0:0:0:0:1; SessionId: 3804353C2C2C151F407CA4B277564A11; Granted Authorities: ROLE_ANONYMOUS
185218 [http-nio-8080-exec-5] DEBUG o.s.s.access.vote.AffirmativeBased - Voter: org.springframework.security.web.access.expression.WebExpressionVoter@23ec08be, returned: 1
185218 [http-nio-8080-exec-5] DEBUG o.s.s.w.a.i.FilterSecurityInterceptor - Authorization successful
185218 [http-nio-8080-exec-5] DEBUG o.s.s.w.a.i.FilterSecurityInterceptor - RunAsManager did not change Authentication object
185218 [http-nio-8080-exec-5] DEBUG o.s.security.web.FilterChainProxy - /login reached end of additional filter chain; proceeding with original chain
185221 [http-nio-8080-exec-5] DEBUG o.s.s.w.c.HttpSessionSecurityContextRepository - SecurityContext is empty or contents are anonymous - context will not be stored in HttpSession.
185222 [http-nio-8080-exec-5] DEBUG o.s.s.w.a.ExceptionTranslationFilter - Chain processed normally
185222 [http-nio-8080-exec-5] DEBUG o.s.s.w.c.SecurityContextPersistenceFilter - SecurityContextHolder now cleared, as request processing completed
185238 [http-nio-8080-exec-9] DEBUG o.s.s.w.u.matcher.OrRequestMatcher - Trying to match using Ant [pattern='/css/**']
185239 [http-nio-8080-exec-9] DEBUG o.s.s.w.u.m.AntPathRequestMatcher - Checking match of request : '/bootstrap/css/bootstrap.css'; against '/css/**'
185239 [http-nio-8080-exec-6] DEBUG o.s.s.w.u.matcher.OrRequestMatcher - Trying to match using Ant [pattern='/css/**']
185239 [http-nio-8080-exec-10] DEBUG o.s.s.w.u.matcher.OrRequestMatcher - Trying to match using Ant [pattern='/css/**']
185239 [http-nio-8080-exec-9] DEBUG o.s.s.w.u.matcher.OrRequestMatcher - Trying to match using Ant [pattern='/js/**']
185239 [http-nio-8080-exec-6] DEBUG o.s.s.w.u.m.AntPathRequestMatcher - Checking match of request : '/jquery/jquery-2.1.3.js'; against '/css/**'
185239 [http-nio-8080-exec-6] DEBUG o.s.s.w.u.matcher.OrRequestMatcher - Trying to match using Ant [pattern='/js/**']
185239 [http-nio-8080-exec-10] DEBUG o.s.s.w.u.m.AntPathRequestMatcher - Checking match of request : '/bootstrap/js/bootstrap.js'; against '/css/**'
185239 [http-nio-8080-exec-9] DEBUG o.s.s.w.u.m.AntPathRequestMatcher - Checking match of request : '/bootstrap/css/bootstrap.css'; against '/js/**'
185239 [http-nio-8080-exec-9] DEBUG o.s.s.w.u.matcher.OrRequestMatcher - Trying to match using Ant [pattern='/images/**']
185239 [http-nio-8080-exec-9] DEBUG o.s.s.w.u.m.AntPathRequestMatcher - Checking match of request : '/bootstrap/css/bootstrap.css'; against '/images/**'
185239 [http-nio-8080-exec-9] DEBUG o.s.s.w.u.matcher.OrRequestMatcher - Trying to match using Ant [pattern='/webjars/**']
185239 [http-nio-8080-exec-6] DEBUG o.s.s.w.u.m.AntPathRequestMatcher - Checking match of request : '/jquery/jquery-2.1.3.js'; against '/js/**'
185239 [http-nio-8080-exec-10] DEBUG o.s.s.w.u.matcher.OrRequestMatcher - Trying to match using Ant [pattern='/js/**']
185239 [http-nio-8080-exec-9] DEBUG o.s.s.w.u.m.AntPathRequestMatcher - Checking match of request : '/bootstrap/css/bootstrap.css'; against '/webjars/**'
185239 [http-nio-8080-exec-6] DEBUG o.s.s.w.u.matcher.OrRequestMatcher - Trying to match using Ant [pattern='/images/**']
185240 [http-nio-8080-exec-6] DEBUG o.s.s.w.u.m.AntPathRequestMatcher - Checking match of request : '/jquery/jquery-2.1.3.js'; against '/images/**'
185240 [http-nio-8080-exec-10] DEBUG o.s.s.w.u.m.AntPathRequestMatcher - Checking match of request : '/bootstrap/js/bootstrap.js'; against '/js/**'
185240 [http-nio-8080-exec-9] DEBUG o.s.s.w.u.matcher.OrRequestMatcher - Trying to match using Ant [pattern='/**/favicon.ico']
185240 [http-nio-8080-exec-10] DEBUG o.s.s.w.u.matcher.OrRequestMatcher - Trying to match using Ant [pattern='/images/**']
185240 [http-nio-8080-exec-6] DEBUG o.s.s.w.u.matcher.OrRequestMatcher - Trying to match using Ant [pattern='/webjars/**']
185240 [http-nio-8080-exec-10] DEBUG o.s.s.w.u.m.AntPathRequestMatcher - Checking match of request : '/bootstrap/js/bootstrap.js'; against '/images/**'
185240 [http-nio-8080-exec-9] DEBUG o.s.s.w.u.m.AntPathRequestMatcher - Checking match of request : '/bootstrap/css/bootstrap.css'; against '/**/favicon.ico'
185240 [http-nio-8080-exec-6] DEBUG o.s.s.w.u.m.AntPathRequestMatcher - Checking match of request : '/jquery/jquery-2.1.3.js'; against '/webjars/**'
185240 [http-nio-8080-exec-9] DEBUG o.s.s.w.u.matcher.OrRequestMatcher - Trying to match using Ant [pattern='/error']
185240 [http-nio-8080-exec-10] DEBUG o.s.s.w.u.matcher.OrRequestMatcher - Trying to match using Ant [pattern='/webjars/**']
185240 [http-nio-8080-exec-10] DEBUG o.s.s.w.u.m.AntPathRequestMatcher - Checking match of request : '/bootstrap/js/bootstrap.js'; against '/webjars/**'
185240 [http-nio-8080-exec-6] DEBUG o.s.s.w.u.matcher.OrRequestMatcher - Trying to match using Ant [pattern='/**/favicon.ico']
185240 [http-nio-8080-exec-9] DEBUG o.s.s.w.u.m.AntPathRequestMatcher - Checking match of request : '/bootstrap/css/bootstrap.css'; against '/error'
185240 [http-nio-8080-exec-10] DEBUG o.s.s.w.u.matcher.OrRequestMatcher - Trying to match using Ant [pattern='/**/favicon.ico']
185240 [http-nio-8080-exec-6] DEBUG o.s.s.w.u.m.AntPathRequestMatcher - Checking match of request : '/jquery/jquery-2.1.3.js'; against '/**/favicon.ico'
185242 [http-nio-8080-exec-9] DEBUG o.s.s.w.u.matcher.OrRequestMatcher - No matches found
185242 [http-nio-8080-exec-10] DEBUG o.s.s.w.u.m.AntPathRequestMatcher - Checking match of request : '/bootstrap/js/bootstrap.js'; against '/**/favicon.ico'
185242 [http-nio-8080-exec-6] DEBUG o.s.s.w.u.matcher.OrRequestMatcher - Trying to match using Ant [pattern='/error']
185242 [http-nio-8080-exec-9] DEBUG o.s.security.web.FilterChainProxy - /bootstrap/css/bootstrap.css at position 1 of 12 in additional filter chain; firing Filter: 'WebAsyncManagerIntegrationFilter'
185242 [http-nio-8080-exec-10] DEBUG o.s.s.w.u.matcher.OrRequestMatcher - Trying to match using Ant [pattern='/error']
185242 [http-nio-8080-exec-6] DEBUG o.s.s.w.u.m.AntPathRequestMatcher - Checking match of request : '/jquery/jquery-2.1.3.js'; against '/error'
185242 [http-nio-8080-exec-10] DEBUG o.s.s.w.u.m.AntPathRequestMatcher - Checking match of request : '/bootstrap/js/bootstrap.js'; against '/error'
185242 [http-nio-8080-exec-6] DEBUG o.s.s.w.u.matcher.OrRequestMatcher - No matches found
185242 [http-nio-8080-exec-9] DEBUG o.s.security.web.FilterChainProxy - /bootstrap/css/bootstrap.css at position 2 of 12 in additional filter chain; firing Filter: 'SecurityContextPersistenceFilter'
185242 [http-nio-8080-exec-6] DEBUG o.s.security.web.FilterChainProxy - /jquery/jquery-2.1.3.js at position 1 of 12 in additional filter chain; firing Filter: 'WebAsyncManagerIntegrationFilter'
185242 [http-nio-8080-exec-9] DEBUG o.s.s.w.c.HttpSessionSecurityContextRepository - HttpSession returned null object for SPRING_SECURITY_CONTEXT
185242 [http-nio-8080-exec-10] DEBUG o.s.s.w.u.matcher.OrRequestMatcher - No matches found
185243 [http-nio-8080-exec-9] DEBUG o.s.s.w.c.HttpSessionSecurityContextRepository - No SecurityContext was available from the HttpSession: org.apache.catalina.session.StandardSessionFacade@62d10285. A new one will be created.
185243 [http-nio-8080-exec-10] DEBUG o.s.security.web.FilterChainProxy - /bootstrap/js/bootstrap.js at position 1 of 12 in additional filter chain; firing Filter: 'WebAsyncManagerIntegrationFilter'
185243 [http-nio-8080-exec-10] DEBUG o.s.security.web.FilterChainProxy - /bootstrap/js/bootstrap.js at position 2 of 12 in additional filter chain; firing Filter: 'SecurityContextPersistenceFilter'
185243 [http-nio-8080-exec-10] DEBUG o.s.s.w.c.HttpSessionSecurityContextRepository - HttpSession returned null object for SPRING_SECURITY_CONTEXT
185243 [http-nio-8080-exec-6] DEBUG o.s.security.web.FilterChainProxy - /jquery/jquery-2.1.3.js at position 2 of 12 in additional filter chain; firing Filter: 'SecurityContextPersistenceFilter'
185243 [http-nio-8080-exec-6] DEBUG o.s.s.w.c.HttpSessionSecurityContextRepository - HttpSession returned null object for SPRING_SECURITY_CONTEXT
185243 [http-nio-8080-exec-9] DEBUG o.s.security.web.FilterChainProxy - /bootstrap/css/bootstrap.css at position 3 of 12 in additional filter chain; firing Filter: 'HeaderWriterFilter'
185243 [http-nio-8080-exec-10] DEBUG o.s.s.w.c.HttpSessionSecurityContextRepository - No SecurityContext was available from the HttpSession: org.apache.catalina.session.StandardSessionFacade@62d10285. A new one will be created.
185243 [http-nio-8080-exec-6] DEBUG o.s.s.w.c.HttpSessionSecurityContextRepository - No SecurityContext was available from the HttpSession: org.apache.catalina.session.StandardSessionFacade@62d10285. A new one will be created.
185243 [http-nio-8080-exec-10] DEBUG o.s.security.web.FilterChainProxy - /bootstrap/js/bootstrap.js at position 3 of 12 in additional filter chain; firing Filter: 'HeaderWriterFilter'
185243 [http-nio-8080-exec-6] DEBUG o.s.security.web.FilterChainProxy - /jquery/jquery-2.1.3.js at position 3 of 12 in additional filter chain; firing Filter: 'HeaderWriterFilter'
185243 [http-nio-8080-exec-9] DEBUG o.s.s.w.h.writers.HstsHeaderWriter - Not injecting HSTS header since it did not match the requestMatcher org.springframework.security.web.header.writers.HstsHeaderWriter$SecureRequestMatcher@66ee8a07
185243 [http-nio-8080-exec-6] DEBUG o.s.s.w.h.writers.HstsHeaderWriter - Not injecting HSTS header since it did not match the requestMatcher org.springframework.security.web.header.writers.HstsHeaderWriter$SecureRequestMatcher@66ee8a07
185244 [http-nio-8080-exec-9] DEBUG o.s.security.web.FilterChainProxy - /bootstrap/css/bootstrap.css at position 4 of 12 in additional filter chain; firing Filter: 'CsrfFilter'
185243 [http-nio-8080-exec-10] DEBUG o.s.s.w.h.writers.HstsHeaderWriter - Not injecting HSTS header since it did not match the requestMatcher org.springframework.security.web.header.writers.HstsHeaderWriter$SecureRequestMatcher@66ee8a07
185244 [http-nio-8080-exec-6] DEBUG o.s.security.web.FilterChainProxy - /jquery/jquery-2.1.3.js at position 4 of 12 in additional filter chain; firing Filter: 'CsrfFilter'
185244 [http-nio-8080-exec-9] DEBUG o.s.security.web.FilterChainProxy - /bootstrap/css/bootstrap.css at position 5 of 12 in additional filter chain; firing Filter: 'LogoutFilter'
185244 [http-nio-8080-exec-10] DEBUG o.s.security.web.FilterChainProxy - /bootstrap/js/bootstrap.js at position 4 of 12 in additional filter chain; firing Filter: 'CsrfFilter'
185244 [http-nio-8080-exec-6] DEBUG o.s.security.web.FilterChainProxy - /jquery/jquery-2.1.3.js at position 5 of 12 in additional filter chain; firing Filter: 'LogoutFilter'
185244 [http-nio-8080-exec-9] DEBUG o.s.s.w.u.m.AntPathRequestMatcher - Request 'GET /bootstrap/css/bootstrap.css' doesn't match 'POST /logout
185244 [http-nio-8080-exec-9] DEBUG o.s.security.web.FilterChainProxy - /bootstrap/css/bootstrap.css at position 6 of 12 in additional filter chain; firing Filter: 'UsernamePasswordAuthenticationFilter'
185244 [http-nio-8080-exec-6] DEBUG o.s.s.w.u.m.AntPathRequestMatcher - Request 'GET /jquery/jquery-2.1.3.js' doesn't match 'POST /logout
185244 [http-nio-8080-exec-10] DEBUG o.s.security.web.FilterChainProxy - /bootstrap/js/bootstrap.js at position 5 of 12 in additional filter chain; firing Filter: 'LogoutFilter'
185244 [http-nio-8080-exec-9] DEBUG o.s.s.w.u.m.AntPathRequestMatcher - Request 'GET /bootstrap/css/bootstrap.css' doesn't match 'POST /login
185244 [http-nio-8080-exec-6] DEBUG o.s.security.web.FilterChainProxy - /jquery/jquery-2.1.3.js at position 6 of 12 in additional filter chain; firing Filter: 'UsernamePasswordAuthenticationFilter'
185244 [http-nio-8080-exec-10] DEBUG o.s.s.w.u.m.AntPathRequestMatcher - Request 'GET /bootstrap/js/bootstrap.js' doesn't match 'POST /logout
185245 [http-nio-8080-exec-9] DEBUG o.s.security.web.FilterChainProxy - /bootstrap/css/bootstrap.css at position 7 of 12 in additional filter chain; firing Filter: 'RequestCacheAwareFilter'
185245 [http-nio-8080-exec-6] DEBUG o.s.s.w.u.m.AntPathRequestMatcher - Request 'GET /jquery/jquery-2.1.3.js' doesn't match 'POST /login
185245 [http-nio-8080-exec-10] DEBUG o.s.security.web.FilterChainProxy - /bootstrap/js/bootstrap.js at position 6 of 12 in additional filter chain; firing Filter: 'UsernamePasswordAuthenticationFilter'
185245 [http-nio-8080-exec-9] DEBUG o.s.s.w.s.DefaultSavedRequest - pathInfo: both null (property equals)
185245 [http-nio-8080-exec-6] DEBUG o.s.security.web.FilterChainProxy - /jquery/jquery-2.1.3.js at position 7 of 12 in additional filter chain; firing Filter: 'RequestCacheAwareFilter'
185245 [http-nio-8080-exec-9] DEBUG o.s.s.w.s.DefaultSavedRequest - queryString: both null (property equals)
185245 [http-nio-8080-exec-10] DEBUG o.s.s.w.u.m.AntPathRequestMatcher - Request 'GET /bootstrap/js/bootstrap.js' doesn't match 'POST /login
185245 [http-nio-8080-exec-6] DEBUG o.s.s.w.s.DefaultSavedRequest - pathInfo: both null (property equals)
185245 [http-nio-8080-exec-9] DEBUG o.s.s.w.s.DefaultSavedRequest - requestURI: arg1=/logout; arg2=/bootstrap/css/bootstrap.css (property not equals)
185245 [http-nio-8080-exec-9] DEBUG o.s.s.w.s.HttpSessionRequestCache - saved request doesn't match
185245 [http-nio-8080-exec-10] DEBUG o.s.security.web.FilterChainProxy - /bootstrap/js/bootstrap.js at position 7 of 12 in additional filter chain; firing Filter: 'RequestCacheAwareFilter'
185245 [http-nio-8080-exec-6] DEBUG o.s.s.w.s.DefaultSavedRequest - queryString: both null (property equals)
185245 [http-nio-8080-exec-10] DEBUG o.s.s.w.s.DefaultSavedRequest - pathInfo: both null (property equals)
185245 [http-nio-8080-exec-6] DEBUG o.s.s.w.s.DefaultSavedRequest - requestURI: arg1=/logout; arg2=/jquery/jquery-2.1.3.js (property not equals)
185245 [http-nio-8080-exec-9] DEBUG o.s.security.web.FilterChainProxy - /bootstrap/css/bootstrap.css at position 8 of 12 in additional filter chain; firing Filter: 'SecurityContextHolderAwareRequestFilter'
185245 [http-nio-8080-exec-10] DEBUG o.s.s.w.s.DefaultSavedRequest - queryString: both null (property equals)
185246 [http-nio-8080-exec-6] DEBUG o.s.s.w.s.HttpSessionRequestCache - saved request doesn't match
185246 [http-nio-8080-exec-9] DEBUG o.s.security.web.FilterChainProxy - /bootstrap/css/bootstrap.css at position 9 of 12 in additional filter chain; firing Filter: 'AnonymousAuthenticationFilter'
185246 [http-nio-8080-exec-10] DEBUG o.s.s.w.s.DefaultSavedRequest - requestURI: arg1=/logout; arg2=/bootstrap/js/bootstrap.js (property not equals)
185246 [http-nio-8080-exec-6] DEBUG o.s.security.web.FilterChainProxy - /jquery/jquery-2.1.3.js at position 8 of 12 in additional filter chain; firing Filter: 'SecurityContextHolderAwareRequestFilter'
185246 [http-nio-8080-exec-9] DEBUG o.s.s.w.a.AnonymousAuthenticationFilter - Populated SecurityContextHolder with anonymous token: 'org.springframework.security.authentication.AnonymousAuthenticationToken@6faeba70: Principal: anonymousUser; Credentials: [PROTECTED]; Authenticated: true; Details: org.springframework.security.web.authentication.WebAuthenticationDetails@fffbcba8: RemoteIpAddress: 0:0:0:0:0:0:0:1; SessionId: 3804353C2C2C151F407CA4B277564A11; Granted Authorities: ROLE_ANONYMOUS'
185246 [http-nio-8080-exec-6] DEBUG o.s.security.web.FilterChainProxy - /jquery/jquery-2.1.3.js at position 9 of 12 in additional filter chain; firing Filter: 'AnonymousAuthenticationFilter'
185246 [http-nio-8080-exec-10] DEBUG o.s.s.w.s.HttpSessionRequestCache - saved request doesn't match
185246 [http-nio-8080-exec-9] DEBUG o.s.security.web.FilterChainProxy - /bootstrap/css/bootstrap.css at position 10 of 12 in additional filter chain; firing Filter: 'SessionManagementFilter'
185246 [http-nio-8080-exec-10] DEBUG o.s.security.web.FilterChainProxy - /bootstrap/js/bootstrap.js at position 8 of 12 in additional filter chain; firing Filter: 'SecurityContextHolderAwareRequestFilter'
185246 [http-nio-8080-exec-6] DEBUG o.s.s.w.a.AnonymousAuthenticationFilter - Populated SecurityContextHolder with anonymous token: 'org.springframework.security.authentication.AnonymousAuthenticationToken@6faeba70: Principal: anonymousUser; Credentials: [PROTECTED]; Authenticated: true; Details: org.springframework.security.web.authentication.WebAuthenticationDetails@fffbcba8: RemoteIpAddress: 0:0:0:0:0:0:0:1; SessionId: 3804353C2C2C151F407CA4B277564A11; Granted Authorities: ROLE_ANONYMOUS'
185246 [http-nio-8080-exec-10] DEBUG o.s.security.web.FilterChainProxy - /bootstrap/js/bootstrap.js at position 9 of 12 in additional filter chain; firing Filter: 'AnonymousAuthenticationFilter'
185246 [http-nio-8080-exec-9] DEBUG o.s.security.web.FilterChainProxy - /bootstrap/css/bootstrap.css at position 11 of 12 in additional filter chain; firing Filter: 'ExceptionTranslationFilter'
185246 [http-nio-8080-exec-6] DEBUG o.s.security.web.FilterChainProxy - /jquery/jquery-2.1.3.js at position 10 of 12 in additional filter chain; firing Filter: 'SessionManagementFilter'
185246 [http-nio-8080-exec-10] DEBUG o.s.s.w.a.AnonymousAuthenticationFilter - Populated SecurityContextHolder with anonymous token: 'org.springframework.security.authentication.AnonymousAuthenticationToken@6faeba70: Principal: anonymousUser; Credentials: [PROTECTED]; Authenticated: true; Details: org.springframework.security.web.authentication.WebAuthenticationDetails@fffbcba8: RemoteIpAddress: 0:0:0:0:0:0:0:1; SessionId: 3804353C2C2C151F407CA4B277564A11; Granted Authorities: ROLE_ANONYMOUS'
185247 [http-nio-8080-exec-9] DEBUG o.s.security.web.FilterChainProxy - /bootstrap/css/bootstrap.css at position 12 of 12 in additional filter chain; firing Filter: 'FilterSecurityInterceptor'
185247 [http-nio-8080-exec-6] DEBUG o.s.security.web.FilterChainProxy - /jquery/jquery-2.1.3.js at position 11 of 12 in additional filter chain; firing Filter: 'ExceptionTranslationFilter'
185247 [http-nio-8080-exec-10] DEBUG o.s.security.web.FilterChainProxy - /bootstrap/js/bootstrap.js at position 10 of 12 in additional filter chain; firing Filter: 'SessionManagementFilter'
185247 [http-nio-8080-exec-6] DEBUG o.s.security.web.FilterChainProxy - /jquery/jquery-2.1.3.js at position 12 of 12 in additional filter chain; firing Filter: 'FilterSecurityInterceptor'
185247 [http-nio-8080-exec-6] DEBUG o.s.s.w.u.m.AntPathRequestMatcher - Request 'GET /jquery/jquery-2.1.3.js' doesn't match 'POST /logout
185247 [http-nio-8080-exec-6] DEBUG o.s.s.w.u.m.AntPathRequestMatcher - Checking match of request : '/jquery/jquery-2.1.3.js'; against '/bootstrap/**'
185247 [http-nio-8080-exec-9] DEBUG o.s.s.w.u.m.AntPathRequestMatcher - Request 'GET /bootstrap/css/bootstrap.css' doesn't match 'POST /logout
185247 [http-nio-8080-exec-9] DEBUG o.s.s.w.u.m.AntPathRequestMatcher - Checking match of request : '/bootstrap/css/bootstrap.css'; against '/bootstrap/**'
185247 [http-nio-8080-exec-10] DEBUG o.s.security.web.FilterChainProxy - /bootstrap/js/bootstrap.js at position 11 of 12 in additional filter chain; firing Filter: 'ExceptionTranslationFilter'
185247 [http-nio-8080-exec-9] DEBUG o.s.s.w.a.i.FilterSecurityInterceptor - Secure object: FilterInvocation: URL: /bootstrap/css/bootstrap.css; Attributes: [permitAll]
185247 [http-nio-8080-exec-6] DEBUG o.s.s.w.u.m.AntPathRequestMatcher - Checking match of request : '/jquery/jquery-2.1.3.js'; against '/error/**'
185247 [http-nio-8080-exec-10] DEBUG o.s.security.web.FilterChainProxy - /bootstrap/js/bootstrap.js at position 12 of 12 in additional filter chain; firing Filter: 'FilterSecurityInterceptor'
185248 [http-nio-8080-exec-6] DEBUG o.s.s.w.u.m.AntPathRequestMatcher - Checking match of request : '/jquery/jquery-2.1.3.js'; against '/img/**'
185248 [http-nio-8080-exec-10] DEBUG o.s.s.w.u.m.AntPathRequestMatcher - Request 'GET /bootstrap/js/bootstrap.js' doesn't match 'POST /logout
185248 [http-nio-8080-exec-6] DEBUG o.s.s.w.u.m.AntPathRequestMatcher - Checking match of request : '/jquery/jquery-2.1.3.js'; against '/jquery/**'
185247 [http-nio-8080-exec-9] DEBUG o.s.s.w.a.i.FilterSecurityInterceptor - Previously Authenticated: org.springframework.security.authentication.AnonymousAuthenticationToken@6faeba70: Principal: anonymousUser; Credentials: [PROTECTED]; Authenticated: true; Details: org.springframework.security.web.authentication.WebAuthenticationDetails@fffbcba8: RemoteIpAddress: 0:0:0:0:0:0:0:1; SessionId: 3804353C2C2C151F407CA4B277564A11; Granted Authorities: ROLE_ANONYMOUS
185248 [http-nio-8080-exec-6] DEBUG o.s.s.w.a.i.FilterSecurityInterceptor - Secure object: FilterInvocation: URL: /jquery/jquery-2.1.3.js; Attributes: [permitAll]
185248 [http-nio-8080-exec-10] DEBUG o.s.s.w.u.m.AntPathRequestMatcher - Checking match of request : '/bootstrap/js/bootstrap.js'; against '/bootstrap/**'
185248 [http-nio-8080-exec-10] DEBUG o.s.s.w.a.i.FilterSecurityInterceptor - Secure object: FilterInvocation: URL: /bootstrap/js/bootstrap.js; Attributes: [permitAll]
185248 [http-nio-8080-exec-9] DEBUG o.s.s.access.vote.AffirmativeBased - Voter: org.springframework.security.web.access.expression.WebExpressionVoter@23ec08be, returned: 1
185248 [http-nio-8080-exec-9] DEBUG o.s.s.w.a.i.FilterSecurityInterceptor - Authorization successful
185248 [http-nio-8080-exec-6] DEBUG o.s.s.w.a.i.FilterSecurityInterceptor - Previously Authenticated: org.springframework.security.authentication.AnonymousAuthenticationToken@6faeba70: Principal: anonymousUser; Credentials: [PROTECTED]; Authenticated: true; Details: org.springframework.security.web.authentication.WebAuthenticationDetails@fffbcba8: RemoteIpAddress: 0:0:0:0:0:0:0:1; SessionId: 3804353C2C2C151F407CA4B277564A11; Granted Authorities: ROLE_ANONYMOUS
185248 [http-nio-8080-exec-10] DEBUG o.s.s.w.a.i.FilterSecurityInterceptor - Previously Authenticated: org.springframework.security.authentication.AnonymousAuthenticationToken@6faeba70: Principal: anonymousUser; Credentials: [PROTECTED]; Authenticated: true; Details: org.springframework.security.web.authentication.WebAuthenticationDetails@fffbcba8: RemoteIpAddress: 0:0:0:0:0:0:0:1; SessionId: 3804353C2C2C151F407CA4B277564A11; Granted Authorities: ROLE_ANONYMOUS
185248 [http-nio-8080-exec-9] DEBUG o.s.s.w.a.i.FilterSecurityInterceptor - RunAsManager did not change Authentication object
185248 [http-nio-8080-exec-9] DEBUG o.s.security.web.FilterChainProxy - /bootstrap/css/bootstrap.css reached end of additional filter chain; proceeding with original chain
185248 [http-nio-8080-exec-6] DEBUG o.s.s.access.vote.AffirmativeBased - Voter: org.springframework.security.web.access.expression.WebExpressionVoter@23ec08be, returned: 1
185249 [http-nio-8080-exec-10] DEBUG o.s.s.access.vote.AffirmativeBased - Voter: org.springframework.security.web.access.expression.WebExpressionVoter@23ec08be, returned: 1
185249 [http-nio-8080-exec-6] DEBUG o.s.s.w.a.i.FilterSecurityInterceptor - Authorization successful
185249 [http-nio-8080-exec-10] DEBUG o.s.s.w.a.i.FilterSecurityInterceptor - Authorization successful
185249 [http-nio-8080-exec-6] DEBUG o.s.s.w.a.i.FilterSecurityInterceptor - RunAsManager did not change Authentication object
185249 [http-nio-8080-exec-10] DEBUG o.s.s.w.a.i.FilterSecurityInterceptor - RunAsManager did not change Authentication object
185249 [http-nio-8080-exec-6] DEBUG o.s.security.web.FilterChainProxy - /jquery/jquery-2.1.3.js reached end of additional filter chain; proceeding with original chain
185249 [http-nio-8080-exec-10] DEBUG o.s.security.web.FilterChainProxy - /bootstrap/js/bootstrap.js reached end of additional filter chain; proceeding with original chain
185251 [http-nio-8080-exec-9] DEBUG o.s.s.w.c.HttpSessionSecurityContextRepository - SecurityContext is empty or contents are anonymous - context will not be stored in HttpSession.
185251 [http-nio-8080-exec-10] DEBUG o.s.s.w.c.HttpSessionSecurityContextRepository - SecurityContext is empty or contents are anonymous - context will not be stored in HttpSession.
185251 [http-nio-8080-exec-6] DEBUG o.s.s.w.c.HttpSessionSecurityContextRepository - SecurityContext is empty or contents are anonymous - context will not be stored in HttpSession.
185253 [http-nio-8080-exec-10] DEBUG o.s.s.w.a.ExceptionTranslationFilter - Chain processed normally
185253 [http-nio-8080-exec-10] DEBUG o.s.s.w.c.SecurityContextPersistenceFilter - SecurityContextHolder now cleared, as request processing completed
185255 [http-nio-8080-exec-9] DEBUG o.s.s.w.a.ExceptionTranslationFilter - Chain processed normally
185255 [http-nio-8080-exec-9] DEBUG o.s.s.w.c.SecurityContextPersistenceFilter - SecurityContextHolder now cleared, as request processing completed
185258 [http-nio-8080-exec-6] DEBUG o.s.s.w.a.ExceptionTranslationFilter - Chain processed normally
185258 [http-nio-8080-exec-6] DEBUG o.s.s.w.c.SecurityContextPersistenceFilter - SecurityContextHolder now cleared, as request processing completed
185319 [http-nio-8080-exec-8] DEBUG o.s.s.w.u.matcher.OrRequestMatcher - Trying to match using Ant [pattern='/css/**']
185319 [http-nio-8080-exec-8] DEBUG o.s.s.w.u.m.AntPathRequestMatcher - Checking match of request : '/favicon.ico'; against '/css/**'
185319 [http-nio-8080-exec-8] DEBUG o.s.s.w.u.matcher.OrRequestMatcher - Trying to match using Ant [pattern='/js/**']
185319 [http-nio-8080-exec-8] DEBUG o.s.s.w.u.m.AntPathRequestMatcher - Checking match of request : '/favicon.ico'; against '/js/**'
185319 [http-nio-8080-exec-8] DEBUG o.s.s.w.u.matcher.OrRequestMatcher - Trying to match using Ant [pattern='/images/**']
185319 [http-nio-8080-exec-8] DEBUG o.s.s.w.u.m.AntPathRequestMatcher - Checking match of request : '/favicon.ico'; against '/images/**'
185319 [http-nio-8080-exec-8] DEBUG o.s.s.w.u.matcher.OrRequestMatcher - Trying to match using Ant [pattern='/webjars/**']
185319 [http-nio-8080-exec-8] DEBUG o.s.s.w.u.m.AntPathRequestMatcher - Checking match of request : '/favicon.ico'; against '/webjars/**'
185319 [http-nio-8080-exec-8] DEBUG o.s.s.w.u.matcher.OrRequestMatcher - Trying to match using Ant [pattern='/**/favicon.ico']
185319 [http-nio-8080-exec-8] DEBUG o.s.s.w.u.m.AntPathRequestMatcher - Checking match of request : '/favicon.ico'; against '/**/favicon.ico'
185319 [http-nio-8080-exec-8] DEBUG o.s.s.w.u.matcher.OrRequestMatcher - matched
185319 [http-nio-8080-exec-8] DEBUG o.s.security.web.FilterChainProxy - /favicon.ico has an empty filter list
193399 [http-nio-8080-exec-2] DEBUG o.s.s.w.u.matcher.OrRequestMatcher - Trying to match using Ant [pattern='/css/**']
193399 [http-nio-8080-exec-2] DEBUG o.s.s.w.u.m.AntPathRequestMatcher - Checking match of request : '/'; against '/css/**'
193399 [http-nio-8080-exec-2] DEBUG o.s.s.w.u.matcher.OrRequestMatcher - Trying to match using Ant [pattern='/js/**']
193399 [http-nio-8080-exec-2] DEBUG o.s.s.w.u.m.AntPathRequestMatcher - Checking match of request : '/'; against '/js/**'
193399 [http-nio-8080-exec-2] DEBUG o.s.s.w.u.matcher.OrRequestMatcher - Trying to match using Ant [pattern='/images/**']
193399 [http-nio-8080-exec-2] DEBUG o.s.s.w.u.m.AntPathRequestMatcher - Checking match of request : '/'; against '/images/**'
193399 [http-nio-8080-exec-2] DEBUG o.s.s.w.u.matcher.OrRequestMatcher - Trying to match using Ant [pattern='/webjars/**']
193399 [http-nio-8080-exec-2] DEBUG o.s.s.w.u.m.AntPathRequestMatcher - Checking match of request : '/'; against '/webjars/**'
193399 [http-nio-8080-exec-2] DEBUG o.s.s.w.u.matcher.OrRequestMatcher - Trying to match using Ant [pattern='/**/favicon.ico']
193399 [http-nio-8080-exec-2] DEBUG o.s.s.w.u.m.AntPathRequestMatcher - Checking match of request : '/'; against '/**/favicon.ico'
193399 [http-nio-8080-exec-2] DEBUG o.s.s.w.u.matcher.OrRequestMatcher - Trying to match using Ant [pattern='/error']
193399 [http-nio-8080-exec-2] DEBUG o.s.s.w.u.m.AntPathRequestMatcher - Checking match of request : '/'; against '/error'
193399 [http-nio-8080-exec-2] DEBUG o.s.s.w.u.matcher.OrRequestMatcher - No matches found
193399 [http-nio-8080-exec-2] DEBUG o.s.security.web.FilterChainProxy - / at position 1 of 12 in additional filter chain; firing Filter: 'WebAsyncManagerIntegrationFilter'
193399 [http-nio-8080-exec-2] DEBUG o.s.security.web.FilterChainProxy - / at position 2 of 12 in additional filter chain; firing Filter: 'SecurityContextPersistenceFilter'
193399 [http-nio-8080-exec-2] DEBUG o.s.s.w.c.HttpSessionSecurityContextRepository - HttpSession returned null object for SPRING_SECURITY_CONTEXT
193399 [http-nio-8080-exec-2] DEBUG o.s.s.w.c.HttpSessionSecurityContextRepository - No SecurityContext was available from the HttpSession: org.apache.catalina.session.StandardSessionFacade@62d10285. A new one will be created.
193399 [http-nio-8080-exec-2] DEBUG o.s.security.web.FilterChainProxy - / at position 3 of 12 in additional filter chain; firing Filter: 'HeaderWriterFilter'
193399 [http-nio-8080-exec-2] DEBUG o.s.s.w.h.writers.HstsHeaderWriter - Not injecting HSTS header since it did not match the requestMatcher org.springframework.security.web.header.writers.HstsHeaderWriter$SecureRequestMatcher@66ee8a07
193399 [http-nio-8080-exec-2] DEBUG o.s.security.web.FilterChainProxy - / at position 4 of 12 in additional filter chain; firing Filter: 'CsrfFilter'
193399 [http-nio-8080-exec-2] DEBUG o.s.security.web.csrf.CsrfFilter - Invalid CSRF token found for http://localhost:8080/
193399 [http-nio-8080-exec-2] DEBUG o.s.s.w.c.HttpSessionSecurityContextRepository - SecurityContext is empty or contents are anonymous - context will not be stored in HttpSession.
193399 [http-nio-8080-exec-2] DEBUG o.s.s.w.c.SecurityContextPersistenceFilter - SecurityContextHolder now cleared, as request processing completed
242201 [http-nio-8080-exec-4] DEBUG o.s.s.w.u.matcher.OrRequestMatcher - Trying to match using Ant [pattern='/css/**']
242201 [http-nio-8080-exec-4] DEBUG o.s.s.w.u.m.AntPathRequestMatcher - Checking match of request : '/'; against '/css/**'
242201 [http-nio-8080-exec-4] DEBUG o.s.s.w.u.matcher.OrRequestMatcher - Trying to match using Ant [pattern='/js/**']
242201 [http-nio-8080-exec-4] DEBUG o.s.s.w.u.m.AntPathRequestMatcher - Checking match of request : '/'; against '/js/**'
242201 [http-nio-8080-exec-4] DEBUG o.s.s.w.u.matcher.OrRequestMatcher - Trying to match using Ant [pattern='/images/**']
242201 [http-nio-8080-exec-4] DEBUG o.s.s.w.u.m.AntPathRequestMatcher - Checking match of request : '/'; against '/images/**'
242201 [http-nio-8080-exec-4] DEBUG o.s.s.w.u.matcher.OrRequestMatcher - Trying to match using Ant [pattern='/webjars/**']
242201 [http-nio-8080-exec-4] DEBUG o.s.s.w.u.m.AntPathRequestMatcher - Checking match of request : '/'; against '/webjars/**'
242201 [http-nio-8080-exec-4] DEBUG o.s.s.w.u.matcher.OrRequestMatcher - Trying to match using Ant [pattern='/**/favicon.ico']
242201 [http-nio-8080-exec-4] DEBUG o.s.s.w.u.m.AntPathRequestMatcher - Checking match of request : '/'; against '/**/favicon.ico'
242201 [http-nio-8080-exec-4] DEBUG o.s.s.w.u.matcher.OrRequestMatcher - Trying to match using Ant [pattern='/error']
242201 [http-nio-8080-exec-4] DEBUG o.s.s.w.u.m.AntPathRequestMatcher - Checking match of request : '/'; against '/error'
242201 [http-nio-8080-exec-4] DEBUG o.s.s.w.u.matcher.OrRequestMatcher - No matches found
242201 [http-nio-8080-exec-4] DEBUG o.s.security.web.FilterChainProxy - / at position 1 of 12 in additional filter chain; firing Filter: 'WebAsyncManagerIntegrationFilter'
242201 [http-nio-8080-exec-4] DEBUG o.s.security.web.FilterChainProxy - / at position 2 of 12 in additional filter chain; firing Filter: 'SecurityContextPersistenceFilter'
242201 [http-nio-8080-exec-4] DEBUG o.s.s.w.c.HttpSessionSecurityContextRepository - HttpSession returned null object for SPRING_SECURITY_CONTEXT
242201 [http-nio-8080-exec-4] DEBUG o.s.s.w.c.HttpSessionSecurityContextRepository - No SecurityContext was available from the HttpSession: org.apache.catalina.session.StandardSessionFacade@62d10285. A new one will be created.
242201 [http-nio-8080-exec-4] DEBUG o.s.security.web.FilterChainProxy - / at position 3 of 12 in additional filter chain; firing Filter: 'HeaderWriterFilter'
242201 [http-nio-8080-exec-4] DEBUG o.s.s.w.h.writers.HstsHeaderWriter - Not injecting HSTS header since it did not match the requestMatcher org.springframework.security.web.header.writers.HstsHeaderWriter$SecureRequestMatcher@66ee8a07
242201 [http-nio-8080-exec-4] DEBUG o.s.security.web.FilterChainProxy - / at position 4 of 12 in additional filter chain; firing Filter: 'CsrfFilter'
242201 [http-nio-8080-exec-4] DEBUG o.s.security.web.csrf.CsrfFilter - Invalid CSRF token found for http://localhost:8080/
242202 [http-nio-8080-exec-4] DEBUG o.s.s.w.c.HttpSessionSecurityContextRepository - SecurityContext is empty or contents are anonymous - context will not be stored in HttpSession.
242202 [http-nio-8080-exec-4] DEBUG o.s.s.w.c.SecurityContextPersistenceFilter - SecurityContextHolder now cleared, as request processing completed
242234 [http-nio-8080-exec-7] DEBUG o.s.s.w.u.matcher.OrRequestMatcher - Trying to match using Ant [pattern='/css/**']
242234 [http-nio-8080-exec-7] DEBUG o.s.s.w.u.m.AntPathRequestMatcher - Checking match of request : '/favicon.ico'; against '/css/**'
242234 [http-nio-8080-exec-7] DEBUG o.s.s.w.u.matcher.OrRequestMatcher - Trying to match using Ant [pattern='/js/**']
242234 [http-nio-8080-exec-7] DEBUG o.s.s.w.u.m.AntPathRequestMatcher - Checking match of request : '/favicon.ico'; against '/js/**'
242234 [http-nio-8080-exec-7] DEBUG o.s.s.w.u.matcher.OrRequestMatcher - Trying to match using Ant [pattern='/images/**']
242234 [http-nio-8080-exec-7] DEBUG o.s.s.w.u.m.AntPathRequestMatcher - Checking match of request : '/favicon.ico'; against '/images/**'
242234 [http-nio-8080-exec-7] DEBUG o.s.s.w.u.matcher.OrRequestMatcher - Trying to match using Ant [pattern='/webjars/**']
242234 [http-nio-8080-exec-7] DEBUG o.s.s.w.u.m.AntPathRequestMatcher - Checking match of request : '/favicon.ico'; against '/webjars/**'
242234 [http-nio-8080-exec-7] DEBUG o.s.s.w.u.matcher.OrRequestMatcher - Trying to match using Ant [pattern='/**/favicon.ico']
242234 [http-nio-8080-exec-7] DEBUG o.s.s.w.u.m.AntPathRequestMatcher - Checking match of request : '/favicon.ico'; against '/**/favicon.ico'
242234 [http-nio-8080-exec-7] DEBUG o.s.s.w.u.matcher.OrRequestMatcher - matched
242234 [http-nio-8080-exec-7] DEBUG o.s.security.web.FilterChainProxy - /favicon.ico has an empty filter list
261423 [Thread-23] WARN  o.s.b.f.s.DisposableBeanAdapter - Invocation of destroy method failed on bean with name 'classPathFileSystemWatcher': java.lang.NullPointerException
263022 [restartedMain] DEBUG o.s.s.c.a.a.c.AuthenticationConfiguration$EnableGlobalAuthenticationAutowiredConfigurer - Eagerly initializing {org.springframework.boot.autoconfigure.security.SpringBootWebSecurityConfiguration=org.springframework.boot.autoconfigure.security.SpringBootWebSecurityConfiguration$$EnhancerBySpringCGLIB$$47aa4518@439de996}
263028 [restartedMain] INFO  o.s.s.w.DefaultSecurityFilterChain - Creating filter chain: OrRequestMatcher [requestMatchers=[Ant [pattern='/css/**'], Ant [pattern='/js/**'], Ant [pattern='/images/**'], Ant [pattern='/webjars/**'], Ant [pattern='/**/favicon.ico'], Ant [pattern='/error']]], []
263034 [restartedMain] DEBUG o.s.s.w.a.e.ExpressionBasedFilterInvocationSecurityMetadataSource - Adding web access control expression 'permitAll', for ExactUrl [processUrl='/login?error']
263034 [restartedMain] DEBUG o.s.s.w.a.e.ExpressionBasedFilterInvocationSecurityMetadataSource - Adding web access control expression 'permitAll', for ExactUrl [processUrl='/login']
263034 [restartedMain] DEBUG o.s.s.w.a.e.ExpressionBasedFilterInvocationSecurityMetadataSource - Adding web access control expression 'permitAll', for ExactUrl [processUrl='/login']
263034 [restartedMain] DEBUG o.s.s.w.a.e.ExpressionBasedFilterInvocationSecurityMetadataSource - Adding web access control expression 'permitAll', for Ant [pattern='/logout', POST]
263035 [restartedMain] DEBUG o.s.s.w.a.e.ExpressionBasedFilterInvocationSecurityMetadataSource - Adding web access control expression 'permitAll', for ExactUrl [processUrl='/login?logout']
263035 [restartedMain] DEBUG o.s.s.w.a.e.ExpressionBasedFilterInvocationSecurityMetadataSource - Adding web access control expression 'permitAll', for Ant [pattern='/bootstrap/**']
263035 [restartedMain] DEBUG o.s.s.w.a.e.ExpressionBasedFilterInvocationSecurityMetadataSource - Adding web access control expression 'permitAll', for Ant [pattern='/error/**']
263035 [restartedMain] DEBUG o.s.s.w.a.e.ExpressionBasedFilterInvocationSecurityMetadataSource - Adding web access control expression 'permitAll', for Ant [pattern='/img/**']
263035 [restartedMain] DEBUG o.s.s.w.a.e.ExpressionBasedFilterInvocationSecurityMetadataSource - Adding web access control expression 'permitAll', for Ant [pattern='/jquery/**']
263035 [restartedMain] DEBUG o.s.s.w.a.e.ExpressionBasedFilterInvocationSecurityMetadataSource - Adding web access control expression 'permitAll', for Ant [pattern='/index.html']
263035 [restartedMain] DEBUG o.s.s.w.a.e.ExpressionBasedFilterInvocationSecurityMetadataSource - Adding web access control expression 'permitAll', for Ant [pattern='/**']
263035 [restartedMain] DEBUG o.s.s.w.a.e.ExpressionBasedFilterInvocationSecurityMetadataSource - Adding web access control expression 'authenticated', for org.springframework.security.web.util.matcher.AnyRequestMatcher@1
263035 [restartedMain] DEBUG o.s.s.w.a.i.FilterSecurityInterceptor - Validated configuration attributes
263035 [restartedMain] DEBUG o.s.s.w.a.i.FilterSecurityInterceptor - Validated configuration attributes
263038 [restartedMain] INFO  o.s.s.w.DefaultSecurityFilterChain - Creating filter chain: org.springframework.security.web.util.matcher.AnyRequestMatcher@1, [org.springframework.security.web.context.request.async.WebAsyncManagerIntegrationFilter@32323d46, org.springframework.security.web.context.SecurityContextPersistenceFilter@b643e02, org.springframework.security.web.header.HeaderWriterFilter@15fb21e0, org.springframework.security.web.csrf.CsrfFilter@7d5ccbbe, org.springframework.security.web.authentication.logout.LogoutFilter@5c3817b9, org.springframework.security.web.authentication.UsernamePasswordAuthenticationFilter@4118673a, org.springframework.security.web.savedrequest.RequestCacheAwareFilter@702a47b1, org.springframework.security.web.servletapi.SecurityContextHolderAwareRequestFilter@3c128c75, org.springframework.security.web.authentication.AnonymousAuthenticationFilter@7d867b9e, org.springframework.security.web.session.SessionManagementFilter@10fe1698, org.springframework.security.web.access.ExceptionTranslationFilter@115d5d12, org.springframework.security.web.access.intercept.FilterSecurityInterceptor@6429d46a]
263039 [restartedMain] DEBUG o.s.s.w.a.e.ExpressionBasedFilterInvocationSecurityMetadataSource - Adding web access control expression 'hasAnyRole('ROLE_USER')', for org.springframework.security.web.util.matcher.AnyRequestMatcher@1
263039 [restartedMain] DEBUG o.s.s.w.a.i.FilterSecurityInterceptor - Validated configuration attributes
263039 [restartedMain] DEBUG o.s.s.w.a.i.FilterSecurityInterceptor - Validated configuration attributes
263039 [restartedMain] INFO  o.s.s.w.DefaultSecurityFilterChain - Creating filter chain: OrRequestMatcher [requestMatchers=[Ant [pattern='/**']]], [org.springframework.security.web.context.request.async.WebAsyncManagerIntegrationFilter@799942cf, org.springframework.security.web.context.SecurityContextPersistenceFilter@60faa938, org.springframework.security.web.header.HeaderWriterFilter@4eb61b94, org.springframework.security.web.authentication.logout.LogoutFilter@3472bccf, org.springframework.security.web.authentication.www.BasicAuthenticationFilter@1746010, org.springframework.security.web.savedrequest.RequestCacheAwareFilter@7adfbd0a, org.springframework.security.web.servletapi.SecurityContextHolderAwareRequestFilter@44b637e, org.springframework.security.web.authentication.AnonymousAuthenticationFilter@7b1f4019, org.springframework.security.web.session.SessionManagementFilter@653ab67e, org.springframework.security.web.access.ExceptionTranslationFilter@2187770a, org.springframework.security.web.access.intercept.FilterSecurityInterceptor@5a28b931]
263273 [http-nio-8080-exec-1] DEBUG o.s.s.w.u.matcher.OrRequestMatcher - Trying to match using Ant [pattern='/css/**']
263274 [http-nio-8080-exec-1] DEBUG o.s.s.w.u.m.AntPathRequestMatcher - Checking match of request : '/'; against '/css/**'
263274 [http-nio-8080-exec-1] DEBUG o.s.s.w.u.matcher.OrRequestMatcher - Trying to match using Ant [pattern='/js/**']
263274 [http-nio-8080-exec-1] DEBUG o.s.s.w.u.m.AntPathRequestMatcher - Checking match of request : '/'; against '/js/**'
263274 [http-nio-8080-exec-1] DEBUG o.s.s.w.u.matcher.OrRequestMatcher - Trying to match using Ant [pattern='/images/**']
263274 [http-nio-8080-exec-1] DEBUG o.s.s.w.u.m.AntPathRequestMatcher - Checking match of request : '/'; against '/images/**'
263274 [http-nio-8080-exec-1] DEBUG o.s.s.w.u.matcher.OrRequestMatcher - Trying to match using Ant [pattern='/webjars/**']
263274 [http-nio-8080-exec-1] DEBUG o.s.s.w.u.m.AntPathRequestMatcher - Checking match of request : '/'; against '/webjars/**'
263274 [http-nio-8080-exec-1] DEBUG o.s.s.w.u.matcher.OrRequestMatcher - Trying to match using Ant [pattern='/**/favicon.ico']
263274 [http-nio-8080-exec-1] DEBUG o.s.s.w.u.m.AntPathRequestMatcher - Checking match of request : '/'; against '/**/favicon.ico'
263274 [http-nio-8080-exec-1] DEBUG o.s.s.w.u.matcher.OrRequestMatcher - Trying to match using Ant [pattern='/error']
263274 [http-nio-8080-exec-1] DEBUG o.s.s.w.u.m.AntPathRequestMatcher - Checking match of request : '/'; against '/error'
263274 [http-nio-8080-exec-1] DEBUG o.s.s.w.u.matcher.OrRequestMatcher - No matches found
263275 [http-nio-8080-exec-1] DEBUG o.s.security.web.FilterChainProxy - / at position 1 of 12 in additional filter chain; firing Filter: 'WebAsyncManagerIntegrationFilter'
263275 [http-nio-8080-exec-1] DEBUG o.s.security.web.FilterChainProxy - / at position 2 of 12 in additional filter chain; firing Filter: 'SecurityContextPersistenceFilter'
263275 [http-nio-8080-exec-1] DEBUG o.s.s.w.c.HttpSessionSecurityContextRepository - HttpSession returned null object for SPRING_SECURITY_CONTEXT
263275 [http-nio-8080-exec-1] DEBUG o.s.s.w.c.HttpSessionSecurityContextRepository - No SecurityContext was available from the HttpSession: org.apache.catalina.session.StandardSessionFacade@7b39f03f. A new one will be created.
263275 [http-nio-8080-exec-1] DEBUG o.s.security.web.FilterChainProxy - / at position 3 of 12 in additional filter chain; firing Filter: 'HeaderWriterFilter'
263275 [http-nio-8080-exec-1] DEBUG o.s.s.w.h.writers.HstsHeaderWriter - Not injecting HSTS header since it did not match the requestMatcher org.springframework.security.web.header.writers.HstsHeaderWriter$SecureRequestMatcher@7f066b80
263275 [http-nio-8080-exec-1] DEBUG o.s.security.web.FilterChainProxy - / at position 4 of 12 in additional filter chain; firing Filter: 'CsrfFilter'
263275 [http-nio-8080-exec-1] DEBUG o.s.security.web.csrf.CsrfFilter - Invalid CSRF token found for http://localhost:8080/
263275 [http-nio-8080-exec-1] DEBUG o.s.s.w.c.HttpSessionSecurityContextRepository - SecurityContext is empty or contents are anonymous - context will not be stored in HttpSession.
263275 [http-nio-8080-exec-1] DEBUG o.s.s.w.c.SecurityContextPersistenceFilter - SecurityContextHolder now cleared, as request processing completed
263341 [http-nio-8080-exec-2] DEBUG o.s.s.w.u.matcher.OrRequestMatcher - Trying to match using Ant [pattern='/css/**']
263342 [http-nio-8080-exec-2] DEBUG o.s.s.w.u.m.AntPathRequestMatcher - Checking match of request : '/favicon.ico'; against '/css/**'
263342 [http-nio-8080-exec-2] DEBUG o.s.s.w.u.matcher.OrRequestMatcher - Trying to match using Ant [pattern='/js/**']
263342 [http-nio-8080-exec-2] DEBUG o.s.s.w.u.m.AntPathRequestMatcher - Checking match of request : '/favicon.ico'; against '/js/**'
263342 [http-nio-8080-exec-2] DEBUG o.s.s.w.u.matcher.OrRequestMatcher - Trying to match using Ant [pattern='/images/**']
263342 [http-nio-8080-exec-2] DEBUG o.s.s.w.u.m.AntPathRequestMatcher - Checking match of request : '/favicon.ico'; against '/images/**'
263342 [http-nio-8080-exec-2] DEBUG o.s.s.w.u.matcher.OrRequestMatcher - Trying to match using Ant [pattern='/webjars/**']
263342 [http-nio-8080-exec-2] DEBUG o.s.s.w.u.m.AntPathRequestMatcher - Checking match of request : '/favicon.ico'; against '/webjars/**'
263342 [http-nio-8080-exec-2] DEBUG o.s.s.w.u.matcher.OrRequestMatcher - Trying to match using Ant [pattern='/**/favicon.ico']
263342 [http-nio-8080-exec-2] DEBUG o.s.s.w.u.m.AntPathRequestMatcher - Checking match of request : '/favicon.ico'; against '/**/favicon.ico'
263342 [http-nio-8080-exec-2] DEBUG o.s.s.w.u.matcher.OrRequestMatcher - matched
263342 [http-nio-8080-exec-2] DEBUG o.s.security.web.FilterChainProxy - /favicon.ico has an empty filter list
266511 [http-nio-8080-exec-3] DEBUG o.s.s.w.u.matcher.OrRequestMatcher - Trying to match using Ant [pattern='/css/**']
266511 [http-nio-8080-exec-3] DEBUG o.s.s.w.u.m.AntPathRequestMatcher - Checking match of request : '/'; against '/css/**'
266511 [http-nio-8080-exec-3] DEBUG o.s.s.w.u.matcher.OrRequestMatcher - Trying to match using Ant [pattern='/js/**']
266511 [http-nio-8080-exec-3] DEBUG o.s.s.w.u.m.AntPathRequestMatcher - Checking match of request : '/'; against '/js/**'
266511 [http-nio-8080-exec-3] DEBUG o.s.s.w.u.matcher.OrRequestMatcher - Trying to match using Ant [pattern='/images/**']
266511 [http-nio-8080-exec-3] DEBUG o.s.s.w.u.m.AntPathRequestMatcher - Checking match of request : '/'; against '/images/**'
266511 [http-nio-8080-exec-3] DEBUG o.s.s.w.u.matcher.OrRequestMatcher - Trying to match using Ant [pattern='/webjars/**']
266511 [http-nio-8080-exec-3] DEBUG o.s.s.w.u.m.AntPathRequestMatcher - Checking match of request : '/'; against '/webjars/**'
266511 [http-nio-8080-exec-3] DEBUG o.s.s.w.u.matcher.OrRequestMatcher - Trying to match using Ant [pattern='/**/favicon.ico']
266511 [http-nio-8080-exec-3] DEBUG o.s.s.w.u.m.AntPathRequestMatcher - Checking match of request : '/'; against '/**/favicon.ico'
266511 [http-nio-8080-exec-3] DEBUG o.s.s.w.u.matcher.OrRequestMatcher - Trying to match using Ant [pattern='/error']
266511 [http-nio-8080-exec-3] DEBUG o.s.s.w.u.m.AntPathRequestMatcher - Checking match of request : '/'; against '/error'
266511 [http-nio-8080-exec-3] DEBUG o.s.s.w.u.matcher.OrRequestMatcher - No matches found
266511 [http-nio-8080-exec-3] DEBUG o.s.security.web.FilterChainProxy - / at position 1 of 12 in additional filter chain; firing Filter: 'WebAsyncManagerIntegrationFilter'
266511 [http-nio-8080-exec-3] DEBUG o.s.security.web.FilterChainProxy - / at position 2 of 12 in additional filter chain; firing Filter: 'SecurityContextPersistenceFilter'
266511 [http-nio-8080-exec-3] DEBUG o.s.s.w.c.HttpSessionSecurityContextRepository - HttpSession returned null object for SPRING_SECURITY_CONTEXT
266511 [http-nio-8080-exec-3] DEBUG o.s.s.w.c.HttpSessionSecurityContextRepository - No SecurityContext was available from the HttpSession: org.apache.catalina.session.StandardSessionFacade@7b39f03f. A new one will be created.
266511 [http-nio-8080-exec-3] DEBUG o.s.security.web.FilterChainProxy - / at position 3 of 12 in additional filter chain; firing Filter: 'HeaderWriterFilter'
266511 [http-nio-8080-exec-3] DEBUG o.s.s.w.h.writers.HstsHeaderWriter - Not injecting HSTS header since it did not match the requestMatcher org.springframework.security.web.header.writers.HstsHeaderWriter$SecureRequestMatcher@7f066b80
266511 [http-nio-8080-exec-3] DEBUG o.s.security.web.FilterChainProxy - / at position 4 of 12 in additional filter chain; firing Filter: 'CsrfFilter'
266511 [http-nio-8080-exec-3] DEBUG o.s.security.web.FilterChainProxy - / at position 5 of 12 in additional filter chain; firing Filter: 'LogoutFilter'
266511 [http-nio-8080-exec-3] DEBUG o.s.s.w.u.m.AntPathRequestMatcher - Request 'GET /' doesn't match 'POST /logout
266511 [http-nio-8080-exec-3] DEBUG o.s.security.web.FilterChainProxy - / at position 6 of 12 in additional filter chain; firing Filter: 'UsernamePasswordAuthenticationFilter'
266511 [http-nio-8080-exec-3] DEBUG o.s.s.w.u.m.AntPathRequestMatcher - Request 'GET /' doesn't match 'POST /login
266512 [http-nio-8080-exec-3] DEBUG o.s.security.web.FilterChainProxy - / at position 7 of 12 in additional filter chain; firing Filter: 'RequestCacheAwareFilter'
266512 [http-nio-8080-exec-3] DEBUG o.s.s.w.s.DefaultSavedRequest - pathInfo: both null (property equals)
266512 [http-nio-8080-exec-3] DEBUG o.s.s.w.s.DefaultSavedRequest - queryString: both null (property equals)
266512 [http-nio-8080-exec-3] DEBUG o.s.s.w.s.DefaultSavedRequest - requestURI: arg1=/logout; arg2=/ (property not equals)
266512 [http-nio-8080-exec-3] DEBUG o.s.s.w.s.HttpSessionRequestCache - saved request doesn't match
266513 [http-nio-8080-exec-3] DEBUG o.s.security.web.FilterChainProxy - / at position 8 of 12 in additional filter chain; firing Filter: 'SecurityContextHolderAwareRequestFilter'
266513 [http-nio-8080-exec-3] DEBUG o.s.security.web.FilterChainProxy - / at position 9 of 12 in additional filter chain; firing Filter: 'AnonymousAuthenticationFilter'
266513 [http-nio-8080-exec-3] DEBUG o.s.s.w.a.AnonymousAuthenticationFilter - Populated SecurityContextHolder with anonymous token: 'org.springframework.security.authentication.AnonymousAuthenticationToken@6faeba70: Principal: anonymousUser; Credentials: [PROTECTED]; Authenticated: true; Details: org.springframework.security.web.authentication.WebAuthenticationDetails@fffbcba8: RemoteIpAddress: 0:0:0:0:0:0:0:1; SessionId: 3804353C2C2C151F407CA4B277564A11; Granted Authorities: ROLE_ANONYMOUS'
266513 [http-nio-8080-exec-3] DEBUG o.s.security.web.FilterChainProxy - / at position 10 of 12 in additional filter chain; firing Filter: 'SessionManagementFilter'
266513 [http-nio-8080-exec-3] DEBUG o.s.security.web.FilterChainProxy - / at position 11 of 12 in additional filter chain; firing Filter: 'ExceptionTranslationFilter'
266513 [http-nio-8080-exec-3] DEBUG o.s.security.web.FilterChainProxy - / at position 12 of 12 in additional filter chain; firing Filter: 'FilterSecurityInterceptor'
266513 [http-nio-8080-exec-3] DEBUG o.s.s.w.u.m.AntPathRequestMatcher - Request 'GET /' doesn't match 'POST /logout
266513 [http-nio-8080-exec-3] DEBUG o.s.s.w.u.m.AntPathRequestMatcher - Checking match of request : '/'; against '/bootstrap/**'
266513 [http-nio-8080-exec-3] DEBUG o.s.s.w.u.m.AntPathRequestMatcher - Checking match of request : '/'; against '/error/**'
266513 [http-nio-8080-exec-3] DEBUG o.s.s.w.u.m.AntPathRequestMatcher - Checking match of request : '/'; against '/img/**'
266513 [http-nio-8080-exec-3] DEBUG o.s.s.w.u.m.AntPathRequestMatcher - Checking match of request : '/'; against '/jquery/**'
266513 [http-nio-8080-exec-3] DEBUG o.s.s.w.u.m.AntPathRequestMatcher - Checking match of request : '/'; against '/index.html'
266513 [http-nio-8080-exec-3] DEBUG o.s.s.w.u.m.AntPathRequestMatcher - Request '/' matched by universal pattern '/**'
266513 [http-nio-8080-exec-3] DEBUG o.s.s.w.a.i.FilterSecurityInterceptor - Secure object: FilterInvocation: URL: /; Attributes: [permitAll]
266513 [http-nio-8080-exec-3] DEBUG o.s.s.w.a.i.FilterSecurityInterceptor - Previously Authenticated: org.springframework.security.authentication.AnonymousAuthenticationToken@6faeba70: Principal: anonymousUser; Credentials: [PROTECTED]; Authenticated: true; Details: org.springframework.security.web.authentication.WebAuthenticationDetails@fffbcba8: RemoteIpAddress: 0:0:0:0:0:0:0:1; SessionId: 3804353C2C2C151F407CA4B277564A11; Granted Authorities: ROLE_ANONYMOUS
266513 [http-nio-8080-exec-3] DEBUG o.s.s.access.vote.AffirmativeBased - Voter: org.springframework.security.web.access.expression.WebExpressionVoter@4007c9ec, returned: 1
266513 [http-nio-8080-exec-3] DEBUG o.s.s.w.a.i.FilterSecurityInterceptor - Authorization successful
266513 [http-nio-8080-exec-3] DEBUG o.s.s.w.a.i.FilterSecurityInterceptor - RunAsManager did not change Authentication object
266514 [http-nio-8080-exec-3] DEBUG o.s.security.web.FilterChainProxy - / reached end of additional filter chain; proceeding with original chain
266517 [http-nio-8080-exec-3] DEBUG o.s.s.w.u.matcher.OrRequestMatcher - Trying to match using Ant [pattern='/css/**']
266517 [http-nio-8080-exec-3] DEBUG o.s.s.w.u.m.AntPathRequestMatcher - Checking match of request : '/index.html'; against '/css/**'
266517 [http-nio-8080-exec-3] DEBUG o.s.s.w.u.matcher.OrRequestMatcher - Trying to match using Ant [pattern='/js/**']
266517 [http-nio-8080-exec-3] DEBUG o.s.s.w.u.m.AntPathRequestMatcher - Checking match of request : '/index.html'; against '/js/**'
266517 [http-nio-8080-exec-3] DEBUG o.s.s.w.u.matcher.OrRequestMatcher - Trying to match using Ant [pattern='/images/**']
266517 [http-nio-8080-exec-3] DEBUG o.s.s.w.u.m.AntPathRequestMatcher - Checking match of request : '/index.html'; against '/images/**'
266517 [http-nio-8080-exec-3] DEBUG o.s.s.w.u.matcher.OrRequestMatcher - Trying to match using Ant [pattern='/webjars/**']
266517 [http-nio-8080-exec-3] DEBUG o.s.s.w.u.m.AntPathRequestMatcher - Checking match of request : '/index.html'; against '/webjars/**'
266517 [http-nio-8080-exec-3] DEBUG o.s.s.w.u.matcher.OrRequestMatcher - Trying to match using Ant [pattern='/**/favicon.ico']
266517 [http-nio-8080-exec-3] DEBUG o.s.s.w.u.m.AntPathRequestMatcher - Checking match of request : '/index.html'; against '/**/favicon.ico'
266517 [http-nio-8080-exec-3] DEBUG o.s.s.w.u.matcher.OrRequestMatcher - Trying to match using Ant [pattern='/error']
266517 [http-nio-8080-exec-3] DEBUG o.s.s.w.u.m.AntPathRequestMatcher - Checking match of request : '/index.html'; against '/error'
266517 [http-nio-8080-exec-3] DEBUG o.s.s.w.u.matcher.OrRequestMatcher - No matches found
266517 [http-nio-8080-exec-3] DEBUG o.s.security.web.FilterChainProxy - /index.html at position 1 of 12 in additional filter chain; firing Filter: 'WebAsyncManagerIntegrationFilter'
266517 [http-nio-8080-exec-3] DEBUG o.s.security.web.FilterChainProxy - /index.html at position 2 of 12 in additional filter chain; firing Filter: 'SecurityContextPersistenceFilter'
266517 [http-nio-8080-exec-3] DEBUG o.s.security.web.FilterChainProxy - /index.html at position 3 of 12 in additional filter chain; firing Filter: 'HeaderWriterFilter'
266517 [http-nio-8080-exec-3] DEBUG o.s.security.web.FilterChainProxy - /index.html at position 4 of 12 in additional filter chain; firing Filter: 'CsrfFilter'
266517 [http-nio-8080-exec-3] DEBUG o.s.security.web.FilterChainProxy - /index.html at position 5 of 12 in additional filter chain; firing Filter: 'LogoutFilter'
266517 [http-nio-8080-exec-3] DEBUG o.s.s.w.u.m.AntPathRequestMatcher - Request 'GET /index.html' doesn't match 'POST /logout
266517 [http-nio-8080-exec-3] DEBUG o.s.security.web.FilterChainProxy - /index.html at position 6 of 12 in additional filter chain; firing Filter: 'UsernamePasswordAuthenticationFilter'
266517 [http-nio-8080-exec-3] DEBUG o.s.s.w.u.m.AntPathRequestMatcher - Request 'GET /index.html' doesn't match 'POST /login
266517 [http-nio-8080-exec-3] DEBUG o.s.security.web.FilterChainProxy - /index.html at position 7 of 12 in additional filter chain; firing Filter: 'RequestCacheAwareFilter'
266517 [http-nio-8080-exec-3] DEBUG o.s.s.w.s.DefaultSavedRequest - pathInfo: both null (property equals)
266517 [http-nio-8080-exec-3] DEBUG o.s.s.w.s.DefaultSavedRequest - queryString: both null (property equals)
266517 [http-nio-8080-exec-3] DEBUG o.s.s.w.s.DefaultSavedRequest - requestURI: arg1=/logout; arg2=/index.html (property not equals)
266517 [http-nio-8080-exec-3] DEBUG o.s.s.w.s.HttpSessionRequestCache - saved request doesn't match
266517 [http-nio-8080-exec-3] DEBUG o.s.security.web.FilterChainProxy - /index.html at position 8 of 12 in additional filter chain; firing Filter: 'SecurityContextHolderAwareRequestFilter'
266517 [http-nio-8080-exec-3] DEBUG o.s.security.web.FilterChainProxy - /index.html at position 9 of 12 in additional filter chain; firing Filter: 'AnonymousAuthenticationFilter'
266520 [http-nio-8080-exec-3] DEBUG o.s.s.w.a.AnonymousAuthenticationFilter - SecurityContextHolder not populated with anonymous token, as it already contained: 'org.springframework.security.authentication.AnonymousAuthenticationToken@6faeba70: Principal: anonymousUser; Credentials: [PROTECTED]; Authenticated: true; Details: org.springframework.security.web.authentication.WebAuthenticationDetails@fffbcba8: RemoteIpAddress: 0:0:0:0:0:0:0:1; SessionId: 3804353C2C2C151F407CA4B277564A11; Granted Authorities: ROLE_ANONYMOUS'
266520 [http-nio-8080-exec-3] DEBUG o.s.security.web.FilterChainProxy - /index.html at position 10 of 12 in additional filter chain; firing Filter: 'SessionManagementFilter'
266520 [http-nio-8080-exec-3] DEBUG o.s.security.web.FilterChainProxy - /index.html at position 11 of 12 in additional filter chain; firing Filter: 'ExceptionTranslationFilter'
266520 [http-nio-8080-exec-3] DEBUG o.s.security.web.FilterChainProxy - /index.html at position 12 of 12 in additional filter chain; firing Filter: 'FilterSecurityInterceptor'
266520 [http-nio-8080-exec-3] DEBUG o.s.security.web.FilterChainProxy - /index.html reached end of additional filter chain; proceeding with original chain
266522 [http-nio-8080-exec-3] DEBUG o.s.s.w.c.HttpSessionSecurityContextRepository - SecurityContext is empty or contents are anonymous - context will not be stored in HttpSession.
266522 [http-nio-8080-exec-3] DEBUG o.s.s.w.a.ExceptionTranslationFilter - Chain processed normally
266523 [http-nio-8080-exec-3] DEBUG o.s.s.w.a.ExceptionTranslationFilter - Chain processed normally
266523 [http-nio-8080-exec-3] DEBUG o.s.s.w.c.SecurityContextPersistenceFilter - SecurityContextHolder now cleared, as request processing completed
266533 [http-nio-8080-exec-5] DEBUG o.s.s.w.u.matcher.OrRequestMatcher - Trying to match using Ant [pattern='/css/**']
266533 [http-nio-8080-exec-6] DEBUG o.s.s.w.u.matcher.OrRequestMatcher - Trying to match using Ant [pattern='/css/**']
266533 [http-nio-8080-exec-5] DEBUG o.s.s.w.u.m.AntPathRequestMatcher - Checking match of request : '/jquery/jquery-2.1.3.js'; against '/css/**'
266533 [http-nio-8080-exec-6] DEBUG o.s.s.w.u.m.AntPathRequestMatcher - Checking match of request : '/bootstrap/js/bootstrap.js'; against '/css/**'
266533 [http-nio-8080-exec-5] DEBUG o.s.s.w.u.matcher.OrRequestMatcher - Trying to match using Ant [pattern='/js/**']
266533 [http-nio-8080-exec-6] DEBUG o.s.s.w.u.matcher.OrRequestMatcher - Trying to match using Ant [pattern='/js/**']
266533 [http-nio-8080-exec-5] DEBUG o.s.s.w.u.m.AntPathRequestMatcher - Checking match of request : '/jquery/jquery-2.1.3.js'; against '/js/**'
266533 [http-nio-8080-exec-6] DEBUG o.s.s.w.u.m.AntPathRequestMatcher - Checking match of request : '/bootstrap/js/bootstrap.js'; against '/js/**'
266533 [http-nio-8080-exec-5] DEBUG o.s.s.w.u.matcher.OrRequestMatcher - Trying to match using Ant [pattern='/images/**']
266533 [http-nio-8080-exec-6] DEBUG o.s.s.w.u.matcher.OrRequestMatcher - Trying to match using Ant [pattern='/images/**']
266533 [http-nio-8080-exec-5] DEBUG o.s.s.w.u.m.AntPathRequestMatcher - Checking match of request : '/jquery/jquery-2.1.3.js'; against '/images/**'
266533 [http-nio-8080-exec-6] DEBUG o.s.s.w.u.m.AntPathRequestMatcher - Checking match of request : '/bootstrap/js/bootstrap.js'; against '/images/**'
266533 [http-nio-8080-exec-5] DEBUG o.s.s.w.u.matcher.OrRequestMatcher - Trying to match using Ant [pattern='/webjars/**']
266533 [http-nio-8080-exec-6] DEBUG o.s.s.w.u.matcher.OrRequestMatcher - Trying to match using Ant [pattern='/webjars/**']
266533 [http-nio-8080-exec-5] DEBUG o.s.s.w.u.m.AntPathRequestMatcher - Checking match of request : '/jquery/jquery-2.1.3.js'; against '/webjars/**'
266533 [http-nio-8080-exec-6] DEBUG o.s.s.w.u.m.AntPathRequestMatcher - Checking match of request : '/bootstrap/js/bootstrap.js'; against '/webjars/**'
266533 [http-nio-8080-exec-5] DEBUG o.s.s.w.u.matcher.OrRequestMatcher - Trying to match using Ant [pattern='/**/favicon.ico']
266533 [http-nio-8080-exec-6] DEBUG o.s.s.w.u.matcher.OrRequestMatcher - Trying to match using Ant [pattern='/**/favicon.ico']
266533 [http-nio-8080-exec-5] DEBUG o.s.s.w.u.m.AntPathRequestMatcher - Checking match of request : '/jquery/jquery-2.1.3.js'; against '/**/favicon.ico'
266533 [http-nio-8080-exec-6] DEBUG o.s.s.w.u.m.AntPathRequestMatcher - Checking match of request : '/bootstrap/js/bootstrap.js'; against '/**/favicon.ico'
266533 [http-nio-8080-exec-4] DEBUG o.s.s.w.u.matcher.OrRequestMatcher - Trying to match using Ant [pattern='/css/**']
266533 [http-nio-8080-exec-4] DEBUG o.s.s.w.u.m.AntPathRequestMatcher - Checking match of request : '/bootstrap/css/bootstrap.css'; against '/css/**'
266533 [http-nio-8080-exec-5] DEBUG o.s.s.w.u.matcher.OrRequestMatcher - Trying to match using Ant [pattern='/error']
266533 [http-nio-8080-exec-6] DEBUG o.s.s.w.u.matcher.OrRequestMatcher - Trying to match using Ant [pattern='/error']
266533 [http-nio-8080-exec-5] DEBUG o.s.s.w.u.m.AntPathRequestMatcher - Checking match of request : '/jquery/jquery-2.1.3.js'; against '/error'
266533 [http-nio-8080-exec-4] DEBUG o.s.s.w.u.matcher.OrRequestMatcher - Trying to match using Ant [pattern='/js/**']
266533 [http-nio-8080-exec-4] DEBUG o.s.s.w.u.m.AntPathRequestMatcher - Checking match of request : '/bootstrap/css/bootstrap.css'; against '/js/**'
266533 [http-nio-8080-exec-6] DEBUG o.s.s.w.u.m.AntPathRequestMatcher - Checking match of request : '/bootstrap/js/bootstrap.js'; against '/error'
266533 [http-nio-8080-exec-5] DEBUG o.s.s.w.u.matcher.OrRequestMatcher - No matches found
266534 [http-nio-8080-exec-5] DEBUG o.s.security.web.FilterChainProxy - /jquery/jquery-2.1.3.js at position 1 of 12 in additional filter chain; firing Filter: 'WebAsyncManagerIntegrationFilter'
266533 [http-nio-8080-exec-4] DEBUG o.s.s.w.u.matcher.OrRequestMatcher - Trying to match using Ant [pattern='/images/**']
266533 [http-nio-8080-exec-6] DEBUG o.s.s.w.u.matcher.OrRequestMatcher - No matches found
266535 [http-nio-8080-exec-5] DEBUG o.s.security.web.FilterChainProxy - /jquery/jquery-2.1.3.js at position 2 of 12 in additional filter chain; firing Filter: 'SecurityContextPersistenceFilter'
266535 [http-nio-8080-exec-4] DEBUG o.s.s.w.u.m.AntPathRequestMatcher - Checking match of request : '/bootstrap/css/bootstrap.css'; against '/images/**'
266535 [http-nio-8080-exec-6] DEBUG o.s.security.web.FilterChainProxy - /bootstrap/js/bootstrap.js at position 1 of 12 in additional filter chain; firing Filter: 'WebAsyncManagerIntegrationFilter'
266535 [http-nio-8080-exec-4] DEBUG o.s.s.w.u.matcher.OrRequestMatcher - Trying to match using Ant [pattern='/webjars/**']
266535 [http-nio-8080-exec-5] DEBUG o.s.s.w.c.HttpSessionSecurityContextRepository - HttpSession returned null object for SPRING_SECURITY_CONTEXT
266535 [http-nio-8080-exec-4] DEBUG o.s.s.w.u.m.AntPathRequestMatcher - Checking match of request : '/bootstrap/css/bootstrap.css'; against '/webjars/**'
266535 [http-nio-8080-exec-6] DEBUG o.s.security.web.FilterChainProxy - /bootstrap/js/bootstrap.js at position 2 of 12 in additional filter chain; firing Filter: 'SecurityContextPersistenceFilter'
266535 [http-nio-8080-exec-5] DEBUG o.s.s.w.c.HttpSessionSecurityContextRepository - No SecurityContext was available from the HttpSession: org.apache.catalina.session.StandardSessionFacade@7b39f03f. A new one will be created.
266535 [http-nio-8080-exec-4] DEBUG o.s.s.w.u.matcher.OrRequestMatcher - Trying to match using Ant [pattern='/**/favicon.ico']
266535 [http-nio-8080-exec-5] DEBUG o.s.security.web.FilterChainProxy - /jquery/jquery-2.1.3.js at position 3 of 12 in additional filter chain; firing Filter: 'HeaderWriterFilter'
266535 [http-nio-8080-exec-6] DEBUG o.s.s.w.c.HttpSessionSecurityContextRepository - HttpSession returned null object for SPRING_SECURITY_CONTEXT
266535 [http-nio-8080-exec-4] DEBUG o.s.s.w.u.m.AntPathRequestMatcher - Checking match of request : '/bootstrap/css/bootstrap.css'; against '/**/favicon.ico'
266535 [http-nio-8080-exec-6] DEBUG o.s.s.w.c.HttpSessionSecurityContextRepository - No SecurityContext was available from the HttpSession: org.apache.catalina.session.StandardSessionFacade@7b39f03f. A new one will be created.
266535 [http-nio-8080-exec-5] DEBUG o.s.s.w.h.writers.HstsHeaderWriter - Not injecting HSTS header since it did not match the requestMatcher org.springframework.security.web.header.writers.HstsHeaderWriter$SecureRequestMatcher@7f066b80
266535 [http-nio-8080-exec-4] DEBUG o.s.s.w.u.matcher.OrRequestMatcher - Trying to match using Ant [pattern='/error']
266535 [http-nio-8080-exec-6] DEBUG o.s.security.web.FilterChainProxy - /bootstrap/js/bootstrap.js at position 3 of 12 in additional filter chain; firing Filter: 'HeaderWriterFilter'
266535 [http-nio-8080-exec-5] DEBUG o.s.security.web.FilterChainProxy - /jquery/jquery-2.1.3.js at position 4 of 12 in additional filter chain; firing Filter: 'CsrfFilter'
266535 [http-nio-8080-exec-4] DEBUG o.s.s.w.u.m.AntPathRequestMatcher - Checking match of request : '/bootstrap/css/bootstrap.css'; against '/error'
266535 [http-nio-8080-exec-6] DEBUG o.s.s.w.h.writers.HstsHeaderWriter - Not injecting HSTS header since it did not match the requestMatcher org.springframework.security.web.header.writers.HstsHeaderWriter$SecureRequestMatcher@7f066b80
266535 [http-nio-8080-exec-4] DEBUG o.s.s.w.u.matcher.OrRequestMatcher - No matches found
266535 [http-nio-8080-exec-5] DEBUG o.s.security.web.FilterChainProxy - /jquery/jquery-2.1.3.js at position 5 of 12 in additional filter chain; firing Filter: 'LogoutFilter'
266535 [http-nio-8080-exec-4] DEBUG o.s.security.web.FilterChainProxy - /bootstrap/css/bootstrap.css at position 1 of 12 in additional filter chain; firing Filter: 'WebAsyncManagerIntegrationFilter'
266535 [http-nio-8080-exec-6] DEBUG o.s.security.web.FilterChainProxy - /bootstrap/js/bootstrap.js at position 4 of 12 in additional filter chain; firing Filter: 'CsrfFilter'
266535 [http-nio-8080-exec-5] DEBUG o.s.s.w.u.m.AntPathRequestMatcher - Request 'GET /jquery/jquery-2.1.3.js' doesn't match 'POST /logout
266535 [http-nio-8080-exec-4] DEBUG o.s.security.web.FilterChainProxy - /bootstrap/css/bootstrap.css at position 2 of 12 in additional filter chain; firing Filter: 'SecurityContextPersistenceFilter'
266535 [http-nio-8080-exec-5] DEBUG o.s.security.web.FilterChainProxy - /jquery/jquery-2.1.3.js at position 6 of 12 in additional filter chain; firing Filter: 'UsernamePasswordAuthenticationFilter'
266535 [http-nio-8080-exec-6] DEBUG o.s.security.web.FilterChainProxy - /bootstrap/js/bootstrap.js at position 5 of 12 in additional filter chain; firing Filter: 'LogoutFilter'
266535 [http-nio-8080-exec-5] DEBUG o.s.s.w.u.m.AntPathRequestMatcher - Request 'GET /jquery/jquery-2.1.3.js' doesn't match 'POST /login
266535 [http-nio-8080-exec-4] DEBUG o.s.s.w.c.HttpSessionSecurityContextRepository - HttpSession returned null object for SPRING_SECURITY_CONTEXT
266535 [http-nio-8080-exec-6] DEBUG o.s.s.w.u.m.AntPathRequestMatcher - Request 'GET /bootstrap/js/bootstrap.js' doesn't match 'POST /logout
266535 [http-nio-8080-exec-4] DEBUG o.s.s.w.c.HttpSessionSecurityContextRepository - No SecurityContext was available from the HttpSession: org.apache.catalina.session.StandardSessionFacade@7b39f03f. A new one will be created.
266535 [http-nio-8080-exec-5] DEBUG o.s.security.web.FilterChainProxy - /jquery/jquery-2.1.3.js at position 7 of 12 in additional filter chain; firing Filter: 'RequestCacheAwareFilter'
266535 [http-nio-8080-exec-4] DEBUG o.s.security.web.FilterChainProxy - /bootstrap/css/bootstrap.css at position 3 of 12 in additional filter chain; firing Filter: 'HeaderWriterFilter'
266535 [http-nio-8080-exec-6] DEBUG o.s.security.web.FilterChainProxy - /bootstrap/js/bootstrap.js at position 6 of 12 in additional filter chain; firing Filter: 'UsernamePasswordAuthenticationFilter'
266535 [http-nio-8080-exec-5] DEBUG o.s.s.w.s.DefaultSavedRequest - pathInfo: both null (property equals)
266535 [http-nio-8080-exec-5] DEBUG o.s.s.w.s.DefaultSavedRequest - queryString: both null (property equals)
266535 [http-nio-8080-exec-6] DEBUG o.s.s.w.u.m.AntPathRequestMatcher - Request 'GET /bootstrap/js/bootstrap.js' doesn't match 'POST /login
266535 [http-nio-8080-exec-4] DEBUG o.s.s.w.h.writers.HstsHeaderWriter - Not injecting HSTS header since it did not match the requestMatcher org.springframework.security.web.header.writers.HstsHeaderWriter$SecureRequestMatcher@7f066b80
266535 [http-nio-8080-exec-5] DEBUG o.s.s.w.s.DefaultSavedRequest - requestURI: arg1=/logout; arg2=/jquery/jquery-2.1.3.js (property not equals)
266535 [http-nio-8080-exec-6] DEBUG o.s.security.web.FilterChainProxy - /bootstrap/js/bootstrap.js at position 7 of 12 in additional filter chain; firing Filter: 'RequestCacheAwareFilter'
266535 [http-nio-8080-exec-5] DEBUG o.s.s.w.s.HttpSessionRequestCache - saved request doesn't match
266535 [http-nio-8080-exec-6] DEBUG o.s.s.w.s.DefaultSavedRequest - pathInfo: both null (property equals)
266535 [http-nio-8080-exec-4] DEBUG o.s.security.web.FilterChainProxy - /bootstrap/css/bootstrap.css at position 4 of 12 in additional filter chain; firing Filter: 'CsrfFilter'
266535 [http-nio-8080-exec-5] DEBUG o.s.security.web.FilterChainProxy - /jquery/jquery-2.1.3.js at position 8 of 12 in additional filter chain; firing Filter: 'SecurityContextHolderAwareRequestFilter'
266537 [http-nio-8080-exec-6] DEBUG o.s.s.w.s.DefaultSavedRequest - queryString: both null (property equals)
266537 [http-nio-8080-exec-5] DEBUG o.s.security.web.FilterChainProxy - /jquery/jquery-2.1.3.js at position 9 of 12 in additional filter chain; firing Filter: 'AnonymousAuthenticationFilter'
266537 [http-nio-8080-exec-6] DEBUG o.s.s.w.s.DefaultSavedRequest - requestURI: arg1=/logout; arg2=/bootstrap/js/bootstrap.js (property not equals)
266537 [http-nio-8080-exec-6] DEBUG o.s.s.w.s.HttpSessionRequestCache - saved request doesn't match
266537 [http-nio-8080-exec-6] DEBUG o.s.security.web.FilterChainProxy - /bootstrap/js/bootstrap.js at position 8 of 12 in additional filter chain; firing Filter: 'SecurityContextHolderAwareRequestFilter'
266537 [http-nio-8080-exec-4] DEBUG o.s.security.web.FilterChainProxy - /bootstrap/css/bootstrap.css at position 5 of 12 in additional filter chain; firing Filter: 'LogoutFilter'
266537 [http-nio-8080-exec-6] DEBUG o.s.security.web.FilterChainProxy - /bootstrap/js/bootstrap.js at position 9 of 12 in additional filter chain; firing Filter: 'AnonymousAuthenticationFilter'
266537 [http-nio-8080-exec-4] DEBUG o.s.s.w.u.m.AntPathRequestMatcher - Request 'GET /bootstrap/css/bootstrap.css' doesn't match 'POST /logout
266537 [http-nio-8080-exec-5] DEBUG o.s.s.w.a.AnonymousAuthenticationFilter - Populated SecurityContextHolder with anonymous token: 'org.springframework.security.authentication.AnonymousAuthenticationToken@6fa90ed4: Principal: anonymousUser; Credentials: [PROTECTED]; Authenticated: true; Details: org.springframework.security.web.authentication.WebAuthenticationDetails@fffc7f0c: RemoteIpAddress: 127.0.0.1; SessionId: 3804353C2C2C151F407CA4B277564A11; Granted Authorities: ROLE_ANONYMOUS'
266537 [http-nio-8080-exec-6] DEBUG o.s.s.w.a.AnonymousAuthenticationFilter - Populated SecurityContextHolder with anonymous token: 'org.springframework.security.authentication.AnonymousAuthenticationToken@6fa90ed4: Principal: anonymousUser; Credentials: [PROTECTED]; Authenticated: true; Details: org.springframework.security.web.authentication.WebAuthenticationDetails@fffc7f0c: RemoteIpAddress: 127.0.0.1; SessionId: 3804353C2C2C151F407CA4B277564A11; Granted Authorities: ROLE_ANONYMOUS'
266537 [http-nio-8080-exec-4] DEBUG o.s.security.web.FilterChainProxy - /bootstrap/css/bootstrap.css at position 6 of 12 in additional filter chain; firing Filter: 'UsernamePasswordAuthenticationFilter'
266537 [http-nio-8080-exec-4] DEBUG o.s.s.w.u.m.AntPathRequestMatcher - Request 'GET /bootstrap/css/bootstrap.css' doesn't match 'POST /login
266537 [http-nio-8080-exec-5] DEBUG o.s.security.web.FilterChainProxy - /jquery/jquery-2.1.3.js at position 10 of 12 in additional filter chain; firing Filter: 'SessionManagementFilter'
266537 [http-nio-8080-exec-6] DEBUG o.s.security.web.FilterChainProxy - /bootstrap/js/bootstrap.js at position 10 of 12 in additional filter chain; firing Filter: 'SessionManagementFilter'
266537 [http-nio-8080-exec-4] DEBUG o.s.security.web.FilterChainProxy - /bootstrap/css/bootstrap.css at position 7 of 12 in additional filter chain; firing Filter: 'RequestCacheAwareFilter'
266537 [http-nio-8080-exec-4] DEBUG o.s.s.w.s.DefaultSavedRequest - pathInfo: both null (property equals)
266537 [http-nio-8080-exec-4] DEBUG o.s.s.w.s.DefaultSavedRequest - queryString: both null (property equals)
266537 [http-nio-8080-exec-5] DEBUG o.s.security.web.FilterChainProxy - /jquery/jquery-2.1.3.js at position 11 of 12 in additional filter chain; firing Filter: 'ExceptionTranslationFilter'
266537 [http-nio-8080-exec-5] DEBUG o.s.security.web.FilterChainProxy - /jquery/jquery-2.1.3.js at position 12 of 12 in additional filter chain; firing Filter: 'FilterSecurityInterceptor'
266537 [http-nio-8080-exec-6] DEBUG o.s.security.web.FilterChainProxy - /bootstrap/js/bootstrap.js at position 11 of 12 in additional filter chain; firing Filter: 'ExceptionTranslationFilter'
266538 [http-nio-8080-exec-5] DEBUG o.s.s.w.u.m.AntPathRequestMatcher - Request 'GET /jquery/jquery-2.1.3.js' doesn't match 'POST /logout
266537 [http-nio-8080-exec-4] DEBUG o.s.s.w.s.DefaultSavedRequest - requestURI: arg1=/logout; arg2=/bootstrap/css/bootstrap.css (property not equals)
266538 [http-nio-8080-exec-6] DEBUG o.s.security.web.FilterChainProxy - /bootstrap/js/bootstrap.js at position 12 of 12 in additional filter chain; firing Filter: 'FilterSecurityInterceptor'
266538 [http-nio-8080-exec-5] DEBUG o.s.s.w.u.m.AntPathRequestMatcher - Checking match of request : '/jquery/jquery-2.1.3.js'; against '/bootstrap/**'
266538 [http-nio-8080-exec-4] DEBUG o.s.s.w.s.HttpSessionRequestCache - saved request doesn't match
266538 [http-nio-8080-exec-6] DEBUG o.s.s.w.u.m.AntPathRequestMatcher - Request 'GET /bootstrap/js/bootstrap.js' doesn't match 'POST /logout
266538 [http-nio-8080-exec-4] DEBUG o.s.security.web.FilterChainProxy - /bootstrap/css/bootstrap.css at position 8 of 12 in additional filter chain; firing Filter: 'SecurityContextHolderAwareRequestFilter'
266538 [http-nio-8080-exec-5] DEBUG o.s.s.w.u.m.AntPathRequestMatcher - Checking match of request : '/jquery/jquery-2.1.3.js'; against '/error/**'
266538 [http-nio-8080-exec-6] DEBUG o.s.s.w.u.m.AntPathRequestMatcher - Checking match of request : '/bootstrap/js/bootstrap.js'; against '/bootstrap/**'
266538 [http-nio-8080-exec-5] DEBUG o.s.s.w.u.m.AntPathRequestMatcher - Checking match of request : '/jquery/jquery-2.1.3.js'; against '/img/**'
266538 [http-nio-8080-exec-6] DEBUG o.s.s.w.a.i.FilterSecurityInterceptor - Secure object: FilterInvocation: URL: /bootstrap/js/bootstrap.js; Attributes: [permitAll]
266538 [http-nio-8080-exec-5] DEBUG o.s.s.w.u.m.AntPathRequestMatcher - Checking match of request : '/jquery/jquery-2.1.3.js'; against '/jquery/**'
266538 [http-nio-8080-exec-5] DEBUG o.s.s.w.a.i.FilterSecurityInterceptor - Secure object: FilterInvocation: URL: /jquery/jquery-2.1.3.js; Attributes: [permitAll]
266538 [http-nio-8080-exec-4] DEBUG o.s.security.web.FilterChainProxy - /bootstrap/css/bootstrap.css at position 9 of 12 in additional filter chain; firing Filter: 'AnonymousAuthenticationFilter'
266538 [http-nio-8080-exec-6] DEBUG o.s.s.w.a.i.FilterSecurityInterceptor - Previously Authenticated: org.springframework.security.authentication.AnonymousAuthenticationToken@6fa90ed4: Principal: anonymousUser; Credentials: [PROTECTED]; Authenticated: true; Details: org.springframework.security.web.authentication.WebAuthenticationDetails@fffc7f0c: RemoteIpAddress: 127.0.0.1; SessionId: 3804353C2C2C151F407CA4B277564A11; Granted Authorities: ROLE_ANONYMOUS
266538 [http-nio-8080-exec-5] DEBUG o.s.s.w.a.i.FilterSecurityInterceptor - Previously Authenticated: org.springframework.security.authentication.AnonymousAuthenticationToken@6fa90ed4: Principal: anonymousUser; Credentials: [PROTECTED]; Authenticated: true; Details: org.springframework.security.web.authentication.WebAuthenticationDetails@fffc7f0c: RemoteIpAddress: 127.0.0.1; SessionId: 3804353C2C2C151F407CA4B277564A11; Granted Authorities: ROLE_ANONYMOUS
266538 [http-nio-8080-exec-4] DEBUG o.s.s.w.a.AnonymousAuthenticationFilter - Populated SecurityContextHolder with anonymous token: 'org.springframework.security.authentication.AnonymousAuthenticationToken@6faeba70: Principal: anonymousUser; Credentials: [PROTECTED]; Authenticated: true; Details: org.springframework.security.web.authentication.WebAuthenticationDetails@fffbcba8: RemoteIpAddress: 0:0:0:0:0:0:0:1; SessionId: 3804353C2C2C151F407CA4B277564A11; Granted Authorities: ROLE_ANONYMOUS'
266539 [http-nio-8080-exec-4] DEBUG o.s.security.web.FilterChainProxy - /bootstrap/css/bootstrap.css at position 10 of 12 in additional filter chain; firing Filter: 'SessionManagementFilter'
266539 [http-nio-8080-exec-6] DEBUG o.s.s.access.vote.AffirmativeBased - Voter: org.springframework.security.web.access.expression.WebExpressionVoter@4007c9ec, returned: 1
266539 [http-nio-8080-exec-6] DEBUG o.s.s.w.a.i.FilterSecurityInterceptor - Authorization successful
266539 [http-nio-8080-exec-6] DEBUG o.s.s.w.a.i.FilterSecurityInterceptor - RunAsManager did not change Authentication object
266539 [http-nio-8080-exec-6] DEBUG o.s.security.web.FilterChainProxy - /bootstrap/js/bootstrap.js reached end of additional filter chain; proceeding with original chain
266539 [http-nio-8080-exec-4] DEBUG o.s.security.web.FilterChainProxy - /bootstrap/css/bootstrap.css at position 11 of 12 in additional filter chain; firing Filter: 'ExceptionTranslationFilter'
266539 [http-nio-8080-exec-5] DEBUG o.s.s.access.vote.AffirmativeBased - Voter: org.springframework.security.web.access.expression.WebExpressionVoter@4007c9ec, returned: 1
266540 [http-nio-8080-exec-4] DEBUG o.s.security.web.FilterChainProxy - /bootstrap/css/bootstrap.css at position 12 of 12 in additional filter chain; firing Filter: 'FilterSecurityInterceptor'
266540 [http-nio-8080-exec-5] DEBUG o.s.s.w.a.i.FilterSecurityInterceptor - Authorization successful
266540 [http-nio-8080-exec-5] DEBUG o.s.s.w.a.i.FilterSecurityInterceptor - RunAsManager did not change Authentication object
266540 [http-nio-8080-exec-4] DEBUG o.s.s.w.u.m.AntPathRequestMatcher - Request 'GET /bootstrap/css/bootstrap.css' doesn't match 'POST /logout
266540 [http-nio-8080-exec-5] DEBUG o.s.security.web.FilterChainProxy - /jquery/jquery-2.1.3.js reached end of additional filter chain; proceeding with original chain
266540 [http-nio-8080-exec-4] DEBUG o.s.s.w.u.m.AntPathRequestMatcher - Checking match of request : '/bootstrap/css/bootstrap.css'; against '/bootstrap/**'
266540 [http-nio-8080-exec-4] DEBUG o.s.s.w.a.i.FilterSecurityInterceptor - Secure object: FilterInvocation: URL: /bootstrap/css/bootstrap.css; Attributes: [permitAll]
266540 [http-nio-8080-exec-4] DEBUG o.s.s.w.a.i.FilterSecurityInterceptor - Previously Authenticated: org.springframework.security.authentication.AnonymousAuthenticationToken@6faeba70: Principal: anonymousUser; Credentials: [PROTECTED]; Authenticated: true; Details: org.springframework.security.web.authentication.WebAuthenticationDetails@fffbcba8: RemoteIpAddress: 0:0:0:0:0:0:0:1; SessionId: 3804353C2C2C151F407CA4B277564A11; Granted Authorities: ROLE_ANONYMOUS
266540 [http-nio-8080-exec-4] DEBUG o.s.s.access.vote.AffirmativeBased - Voter: org.springframework.security.web.access.expression.WebExpressionVoter@4007c9ec, returned: 1
266540 [http-nio-8080-exec-4] DEBUG o.s.s.w.a.i.FilterSecurityInterceptor - Authorization successful
266540 [http-nio-8080-exec-4] DEBUG o.s.s.w.a.i.FilterSecurityInterceptor - RunAsManager did not change Authentication object
266540 [http-nio-8080-exec-4] DEBUG o.s.security.web.FilterChainProxy - /bootstrap/css/bootstrap.css reached end of additional filter chain; proceeding with original chain
266541 [http-nio-8080-exec-6] DEBUG o.s.s.w.c.HttpSessionSecurityContextRepository - SecurityContext is empty or contents are anonymous - context will not be stored in HttpSession.
266541 [http-nio-8080-exec-4] DEBUG o.s.s.w.c.HttpSessionSecurityContextRepository - SecurityContext is empty or contents are anonymous - context will not be stored in HttpSession.
266542 [http-nio-8080-exec-5] DEBUG o.s.s.w.c.HttpSessionSecurityContextRepository - SecurityContext is empty or contents are anonymous - context will not be stored in HttpSession.
266543 [http-nio-8080-exec-6] DEBUG o.s.s.w.a.ExceptionTranslationFilter - Chain processed normally
266544 [http-nio-8080-exec-6] DEBUG o.s.s.w.c.SecurityContextPersistenceFilter - SecurityContextHolder now cleared, as request processing completed
266544 [http-nio-8080-exec-4] DEBUG o.s.s.w.a.ExceptionTranslationFilter - Chain processed normally
266544 [http-nio-8080-exec-4] DEBUG o.s.s.w.c.SecurityContextPersistenceFilter - SecurityContextHolder now cleared, as request processing completed
266548 [http-nio-8080-exec-7] DEBUG o.s.s.w.u.matcher.OrRequestMatcher - Trying to match using Ant [pattern='/css/**']
266548 [http-nio-8080-exec-7] DEBUG o.s.s.w.u.m.AntPathRequestMatcher - Checking match of request : '/img/1.JPG'; against '/css/**'
266548 [http-nio-8080-exec-7] DEBUG o.s.s.w.u.matcher.OrRequestMatcher - Trying to match using Ant [pattern='/js/**']
266548 [http-nio-8080-exec-7] DEBUG o.s.s.w.u.m.AntPathRequestMatcher - Checking match of request : '/img/1.JPG'; against '/js/**'
266548 [http-nio-8080-exec-7] DEBUG o.s.s.w.u.matcher.OrRequestMatcher - Trying to match using Ant [pattern='/images/**']
266548 [http-nio-8080-exec-7] DEBUG o.s.s.w.u.m.AntPathRequestMatcher - Checking match of request : '/img/1.JPG'; against '/images/**'
266548 [http-nio-8080-exec-7] DEBUG o.s.s.w.u.matcher.OrRequestMatcher - Trying to match using Ant [pattern='/webjars/**']
266548 [http-nio-8080-exec-7] DEBUG o.s.s.w.u.m.AntPathRequestMatcher - Checking match of request : '/img/1.JPG'; against '/webjars/**'
266548 [http-nio-8080-exec-7] DEBUG o.s.s.w.u.matcher.OrRequestMatcher - Trying to match using Ant [pattern='/**/favicon.ico']
266548 [http-nio-8080-exec-7] DEBUG o.s.s.w.u.m.AntPathRequestMatcher - Checking match of request : '/img/1.JPG'; against '/**/favicon.ico'
266548 [http-nio-8080-exec-7] DEBUG o.s.s.w.u.matcher.OrRequestMatcher - Trying to match using Ant [pattern='/error']
266548 [http-nio-8080-exec-7] DEBUG o.s.s.w.u.m.AntPathRequestMatcher - Checking match of request : '/img/1.JPG'; against '/error'
266548 [http-nio-8080-exec-7] DEBUG o.s.s.w.u.matcher.OrRequestMatcher - No matches found
266548 [http-nio-8080-exec-7] DEBUG o.s.security.web.FilterChainProxy - /img/1.JPG at position 1 of 12 in additional filter chain; firing Filter: 'WebAsyncManagerIntegrationFilter'
266549 [http-nio-8080-exec-7] DEBUG o.s.security.web.FilterChainProxy - /img/1.JPG at position 2 of 12 in additional filter chain; firing Filter: 'SecurityContextPersistenceFilter'
266549 [http-nio-8080-exec-7] DEBUG o.s.s.w.c.HttpSessionSecurityContextRepository - HttpSession returned null object for SPRING_SECURITY_CONTEXT
266549 [http-nio-8080-exec-7] DEBUG o.s.s.w.c.HttpSessionSecurityContextRepository - No SecurityContext was available from the HttpSession: org.apache.catalina.session.StandardSessionFacade@7b39f03f. A new one will be created.
266549 [http-nio-8080-exec-7] DEBUG o.s.security.web.FilterChainProxy - /img/1.JPG at position 3 of 12 in additional filter chain; firing Filter: 'HeaderWriterFilter'
266549 [http-nio-8080-exec-7] DEBUG o.s.s.w.h.writers.HstsHeaderWriter - Not injecting HSTS header since it did not match the requestMatcher org.springframework.security.web.header.writers.HstsHeaderWriter$SecureRequestMatcher@7f066b80
266549 [http-nio-8080-exec-7] DEBUG o.s.security.web.FilterChainProxy - /img/1.JPG at position 4 of 12 in additional filter chain; firing Filter: 'CsrfFilter'
266549 [http-nio-8080-exec-7] DEBUG o.s.security.web.FilterChainProxy - /img/1.JPG at position 5 of 12 in additional filter chain; firing Filter: 'LogoutFilter'
266549 [http-nio-8080-exec-7] DEBUG o.s.s.w.u.m.AntPathRequestMatcher - Request 'GET /img/1.JPG' doesn't match 'POST /logout
266549 [http-nio-8080-exec-7] DEBUG o.s.security.web.FilterChainProxy - /img/1.JPG at position 6 of 12 in additional filter chain; firing Filter: 'UsernamePasswordAuthenticationFilter'
266549 [http-nio-8080-exec-7] DEBUG o.s.s.w.u.m.AntPathRequestMatcher - Request 'GET /img/1.JPG' doesn't match 'POST /login
266549 [http-nio-8080-exec-7] DEBUG o.s.security.web.FilterChainProxy - /img/1.JPG at position 7 of 12 in additional filter chain; firing Filter: 'RequestCacheAwareFilter'
266549 [http-nio-8080-exec-7] DEBUG o.s.s.w.s.DefaultSavedRequest - pathInfo: both null (property equals)
266549 [http-nio-8080-exec-7] DEBUG o.s.s.w.s.DefaultSavedRequest - queryString: both null (property equals)
266549 [http-nio-8080-exec-7] DEBUG o.s.s.w.s.DefaultSavedRequest - requestURI: arg1=/logout; arg2=/img/1.JPG (property not equals)
266549 [http-nio-8080-exec-5] DEBUG o.s.s.w.a.ExceptionTranslationFilter - Chain processed normally
266553 [http-nio-8080-exec-7] DEBUG o.s.s.w.s.HttpSessionRequestCache - saved request doesn't match
266553 [http-nio-8080-exec-5] DEBUG o.s.s.w.c.SecurityContextPersistenceFilter - SecurityContextHolder now cleared, as request processing completed
266553 [http-nio-8080-exec-7] DEBUG o.s.security.web.FilterChainProxy - /img/1.JPG at position 8 of 12 in additional filter chain; firing Filter: 'SecurityContextHolderAwareRequestFilter'
266553 [http-nio-8080-exec-7] DEBUG o.s.security.web.FilterChainProxy - /img/1.JPG at position 9 of 12 in additional filter chain; firing Filter: 'AnonymousAuthenticationFilter'
266553 [http-nio-8080-exec-7] DEBUG o.s.s.w.a.AnonymousAuthenticationFilter - Populated SecurityContextHolder with anonymous token: 'org.springframework.security.authentication.AnonymousAuthenticationToken@6fa90ed4: Principal: anonymousUser; Credentials: [PROTECTED]; Authenticated: true; Details: org.springframework.security.web.authentication.WebAuthenticationDetails@fffc7f0c: RemoteIpAddress: 127.0.0.1; SessionId: 3804353C2C2C151F407CA4B277564A11; Granted Authorities: ROLE_ANONYMOUS'
266553 [http-nio-8080-exec-7] DEBUG o.s.security.web.FilterChainProxy - /img/1.JPG at position 10 of 12 in additional filter chain; firing Filter: 'SessionManagementFilter'
266553 [http-nio-8080-exec-7] DEBUG o.s.security.web.FilterChainProxy - /img/1.JPG at position 11 of 12 in additional filter chain; firing Filter: 'ExceptionTranslationFilter'
266553 [http-nio-8080-exec-7] DEBUG o.s.security.web.FilterChainProxy - /img/1.JPG at position 12 of 12 in additional filter chain; firing Filter: 'FilterSecurityInterceptor'
266553 [http-nio-8080-exec-7] DEBUG o.s.s.w.u.m.AntPathRequestMatcher - Request 'GET /img/1.JPG' doesn't match 'POST /logout
266553 [http-nio-8080-exec-7] DEBUG o.s.s.w.u.m.AntPathRequestMatcher - Checking match of request : '/img/1.JPG'; against '/bootstrap/**'
266553 [http-nio-8080-exec-7] DEBUG o.s.s.w.u.m.AntPathRequestMatcher - Checking match of request : '/img/1.JPG'; against '/error/**'
266553 [http-nio-8080-exec-7] DEBUG o.s.s.w.u.m.AntPathRequestMatcher - Checking match of request : '/img/1.JPG'; against '/img/**'
266553 [http-nio-8080-exec-7] DEBUG o.s.s.w.a.i.FilterSecurityInterceptor - Secure object: FilterInvocation: URL: /img/1.JPG; Attributes: [permitAll]
266553 [http-nio-8080-exec-7] DEBUG o.s.s.w.a.i.FilterSecurityInterceptor - Previously Authenticated: org.springframework.security.authentication.AnonymousAuthenticationToken@6fa90ed4: Principal: anonymousUser; Credentials: [PROTECTED]; Authenticated: true; Details: org.springframework.security.web.authentication.WebAuthenticationDetails@fffc7f0c: RemoteIpAddress: 127.0.0.1; SessionId: 3804353C2C2C151F407CA4B277564A11; Granted Authorities: ROLE_ANONYMOUS
266553 [http-nio-8080-exec-7] DEBUG o.s.s.access.vote.AffirmativeBased - Voter: org.springframework.security.web.access.expression.WebExpressionVoter@4007c9ec, returned: 1
266553 [http-nio-8080-exec-7] DEBUG o.s.s.w.a.i.FilterSecurityInterceptor - Authorization successful
266553 [http-nio-8080-exec-7] DEBUG o.s.s.w.a.i.FilterSecurityInterceptor - RunAsManager did not change Authentication object
266553 [http-nio-8080-exec-7] DEBUG o.s.security.web.FilterChainProxy - /img/1.JPG reached end of additional filter chain; proceeding with original chain
266556 [http-nio-8080-exec-7] DEBUG o.s.s.w.c.HttpSessionSecurityContextRepository - SecurityContext is empty or contents are anonymous - context will not be stored in HttpSession.
266558 [http-nio-8080-exec-7] DEBUG o.s.s.w.a.ExceptionTranslationFilter - Chain processed normally
266558 [http-nio-8080-exec-7] DEBUG o.s.s.w.c.SecurityContextPersistenceFilter - SecurityContextHolder now cleared, as request processing completed
266584 [http-nio-8080-exec-8] DEBUG o.s.s.w.u.matcher.OrRequestMatcher - Trying to match using Ant [pattern='/css/**']
266584 [http-nio-8080-exec-8] DEBUG o.s.s.w.u.m.AntPathRequestMatcher - Checking match of request : '/img/1.JPG'; against '/css/**'
266584 [http-nio-8080-exec-8] DEBUG o.s.s.w.u.matcher.OrRequestMatcher - Trying to match using Ant [pattern='/js/**']
266584 [http-nio-8080-exec-8] DEBUG o.s.s.w.u.m.AntPathRequestMatcher - Checking match of request : '/img/1.JPG'; against '/js/**'
266584 [http-nio-8080-exec-8] DEBUG o.s.s.w.u.matcher.OrRequestMatcher - Trying to match using Ant [pattern='/images/**']
266584 [http-nio-8080-exec-8] DEBUG o.s.s.w.u.m.AntPathRequestMatcher - Checking match of request : '/img/1.JPG'; against '/images/**'
266584 [http-nio-8080-exec-8] DEBUG o.s.s.w.u.matcher.OrRequestMatcher - Trying to match using Ant [pattern='/webjars/**']
266584 [http-nio-8080-exec-8] DEBUG o.s.s.w.u.m.AntPathRequestMatcher - Checking match of request : '/img/1.JPG'; against '/webjars/**'
266584 [http-nio-8080-exec-8] DEBUG o.s.s.w.u.matcher.OrRequestMatcher - Trying to match using Ant [pattern='/**/favicon.ico']
266584 [http-nio-8080-exec-8] DEBUG o.s.s.w.u.m.AntPathRequestMatcher - Checking match of request : '/img/1.JPG'; against '/**/favicon.ico'
266584 [http-nio-8080-exec-8] DEBUG o.s.s.w.u.matcher.OrRequestMatcher - Trying to match using Ant [pattern='/error']
266584 [http-nio-8080-exec-8] DEBUG o.s.s.w.u.m.AntPathRequestMatcher - Checking match of request : '/img/1.JPG'; against '/error'
266584 [http-nio-8080-exec-8] DEBUG o.s.s.w.u.matcher.OrRequestMatcher - No matches found
266584 [http-nio-8080-exec-8] DEBUG o.s.security.web.FilterChainProxy - /img/1.JPG at position 1 of 12 in additional filter chain; firing Filter: 'WebAsyncManagerIntegrationFilter'
266584 [http-nio-8080-exec-8] DEBUG o.s.security.web.FilterChainProxy - /img/1.JPG at position 2 of 12 in additional filter chain; firing Filter: 'SecurityContextPersistenceFilter'
266584 [http-nio-8080-exec-8] DEBUG o.s.s.w.c.HttpSessionSecurityContextRepository - HttpSession returned null object for SPRING_SECURITY_CONTEXT
266584 [http-nio-8080-exec-8] DEBUG o.s.s.w.c.HttpSessionSecurityContextRepository - No SecurityContext was available from the HttpSession: org.apache.catalina.session.StandardSessionFacade@7b39f03f. A new one will be created.
266584 [http-nio-8080-exec-8] DEBUG o.s.security.web.FilterChainProxy - /img/1.JPG at position 3 of 12 in additional filter chain; firing Filter: 'HeaderWriterFilter'
266584 [http-nio-8080-exec-8] DEBUG o.s.s.w.h.writers.HstsHeaderWriter - Not injecting HSTS header since it did not match the requestMatcher org.springframework.security.web.header.writers.HstsHeaderWriter$SecureRequestMatcher@7f066b80
266584 [http-nio-8080-exec-8] DEBUG o.s.security.web.FilterChainProxy - /img/1.JPG at position 4 of 12 in additional filter chain; firing Filter: 'CsrfFilter'
266584 [http-nio-8080-exec-8] DEBUG o.s.security.web.FilterChainProxy - /img/1.JPG at position 5 of 12 in additional filter chain; firing Filter: 'LogoutFilter'
266584 [http-nio-8080-exec-8] DEBUG o.s.s.w.u.m.AntPathRequestMatcher - Request 'GET /img/1.JPG' doesn't match 'POST /logout
266584 [http-nio-8080-exec-8] DEBUG o.s.security.web.FilterChainProxy - /img/1.JPG at position 6 of 12 in additional filter chain; firing Filter: 'UsernamePasswordAuthenticationFilter'
266584 [http-nio-8080-exec-8] DEBUG o.s.s.w.u.m.AntPathRequestMatcher - Request 'GET /img/1.JPG' doesn't match 'POST /login
266584 [http-nio-8080-exec-8] DEBUG o.s.security.web.FilterChainProxy - /img/1.JPG at position 7 of 12 in additional filter chain; firing Filter: 'RequestCacheAwareFilter'
266584 [http-nio-8080-exec-8] DEBUG o.s.s.w.s.DefaultSavedRequest - pathInfo: both null (property equals)
266584 [http-nio-8080-exec-8] DEBUG o.s.s.w.s.DefaultSavedRequest - queryString: both null (property equals)
266584 [http-nio-8080-exec-8] DEBUG o.s.s.w.s.DefaultSavedRequest - requestURI: arg1=/logout; arg2=/img/1.JPG (property not equals)
266586 [http-nio-8080-exec-8] DEBUG o.s.s.w.s.HttpSessionRequestCache - saved request doesn't match
266586 [http-nio-8080-exec-8] DEBUG o.s.security.web.FilterChainProxy - /img/1.JPG at position 8 of 12 in additional filter chain; firing Filter: 'SecurityContextHolderAwareRequestFilter'
266586 [http-nio-8080-exec-8] DEBUG o.s.security.web.FilterChainProxy - /img/1.JPG at position 9 of 12 in additional filter chain; firing Filter: 'AnonymousAuthenticationFilter'
266586 [http-nio-8080-exec-8] DEBUG o.s.s.w.a.AnonymousAuthenticationFilter - Populated SecurityContextHolder with anonymous token: 'org.springframework.security.authentication.AnonymousAuthenticationToken@6fa90ed4: Principal: anonymousUser; Credentials: [PROTECTED]; Authenticated: true; Details: org.springframework.security.web.authentication.WebAuthenticationDetails@fffc7f0c: RemoteIpAddress: 127.0.0.1; SessionId: 3804353C2C2C151F407CA4B277564A11; Granted Authorities: ROLE_ANONYMOUS'
266586 [http-nio-8080-exec-8] DEBUG o.s.security.web.FilterChainProxy - /img/1.JPG at position 10 of 12 in additional filter chain; firing Filter: 'SessionManagementFilter'
266586 [http-nio-8080-exec-8] DEBUG o.s.security.web.FilterChainProxy - /img/1.JPG at position 11 of 12 in additional filter chain; firing Filter: 'ExceptionTranslationFilter'
266586 [http-nio-8080-exec-8] DEBUG o.s.security.web.FilterChainProxy - /img/1.JPG at position 12 of 12 in additional filter chain; firing Filter: 'FilterSecurityInterceptor'
266586 [http-nio-8080-exec-8] DEBUG o.s.s.w.u.m.AntPathRequestMatcher - Request 'GET /img/1.JPG' doesn't match 'POST /logout
266586 [http-nio-8080-exec-8] DEBUG o.s.s.w.u.m.AntPathRequestMatcher - Checking match of request : '/img/1.JPG'; against '/bootstrap/**'
266586 [http-nio-8080-exec-8] DEBUG o.s.s.w.u.m.AntPathRequestMatcher - Checking match of request : '/img/1.JPG'; against '/error/**'
266586 [http-nio-8080-exec-8] DEBUG o.s.s.w.u.m.AntPathRequestMatcher - Checking match of request : '/img/1.JPG'; against '/img/**'
266586 [http-nio-8080-exec-8] DEBUG o.s.s.w.a.i.FilterSecurityInterceptor - Secure object: FilterInvocation: URL: /img/1.JPG; Attributes: [permitAll]
266586 [http-nio-8080-exec-8] DEBUG o.s.s.w.a.i.FilterSecurityInterceptor - Previously Authenticated: org.springframework.security.authentication.AnonymousAuthenticationToken@6fa90ed4: Principal: anonymousUser; Credentials: [PROTECTED]; Authenticated: true; Details: org.springframework.security.web.authentication.WebAuthenticationDetails@fffc7f0c: RemoteIpAddress: 127.0.0.1; SessionId: 3804353C2C2C151F407CA4B277564A11; Granted Authorities: ROLE_ANONYMOUS
266586 [http-nio-8080-exec-8] DEBUG o.s.s.access.vote.AffirmativeBased - Voter: org.springframework.security.web.access.expression.WebExpressionVoter@4007c9ec, returned: 1
266586 [http-nio-8080-exec-8] DEBUG o.s.s.w.a.i.FilterSecurityInterceptor - Authorization successful
266586 [http-nio-8080-exec-8] DEBUG o.s.s.w.a.i.FilterSecurityInterceptor - RunAsManager did not change Authentication object
266586 [http-nio-8080-exec-8] DEBUG o.s.security.web.FilterChainProxy - /img/1.JPG reached end of additional filter chain; proceeding with original chain
266588 [http-nio-8080-exec-9] DEBUG o.s.s.w.u.matcher.OrRequestMatcher - Trying to match using Ant [pattern='/css/**']
266588 [http-nio-8080-exec-9] DEBUG o.s.s.w.u.m.AntPathRequestMatcher - Checking match of request : '/bootstrap/fonts/glyphicons-halflings-regular.woff2'; against '/css/**'
266588 [http-nio-8080-exec-9] DEBUG o.s.s.w.u.matcher.OrRequestMatcher - Trying to match using Ant [pattern='/js/**']
266588 [http-nio-8080-exec-9] DEBUG o.s.s.w.u.m.AntPathRequestMatcher - Checking match of request : '/bootstrap/fonts/glyphicons-halflings-regular.woff2'; against '/js/**'
266588 [http-nio-8080-exec-9] DEBUG o.s.s.w.u.matcher.OrRequestMatcher - Trying to match using Ant [pattern='/images/**']
266588 [http-nio-8080-exec-9] DEBUG o.s.s.w.u.m.AntPathRequestMatcher - Checking match of request : '/bootstrap/fonts/glyphicons-halflings-regular.woff2'; against '/images/**'
266588 [http-nio-8080-exec-9] DEBUG o.s.s.w.u.matcher.OrRequestMatcher - Trying to match using Ant [pattern='/webjars/**']
266588 [http-nio-8080-exec-9] DEBUG o.s.s.w.u.m.AntPathRequestMatcher - Checking match of request : '/bootstrap/fonts/glyphicons-halflings-regular.woff2'; against '/webjars/**'
266588 [http-nio-8080-exec-9] DEBUG o.s.s.w.u.matcher.OrRequestMatcher - Trying to match using Ant [pattern='/**/favicon.ico']
266588 [http-nio-8080-exec-8] DEBUG o.s.s.w.c.HttpSessionSecurityContextRepository - SecurityContext is empty or contents are anonymous - context will not be stored in HttpSession.
266588 [http-nio-8080-exec-9] DEBUG o.s.s.w.u.m.AntPathRequestMatcher - Checking match of request : '/bootstrap/fonts/glyphicons-halflings-regular.woff2'; against '/**/favicon.ico'
266588 [http-nio-8080-exec-9] DEBUG o.s.s.w.u.matcher.OrRequestMatcher - Trying to match using Ant [pattern='/error']
266588 [http-nio-8080-exec-9] DEBUG o.s.s.w.u.m.AntPathRequestMatcher - Checking match of request : '/bootstrap/fonts/glyphicons-halflings-regular.woff2'; against '/error'
266588 [http-nio-8080-exec-9] DEBUG o.s.s.w.u.matcher.OrRequestMatcher - No matches found
266588 [http-nio-8080-exec-9] DEBUG o.s.security.web.FilterChainProxy - /bootstrap/fonts/glyphicons-halflings-regular.woff2 at position 1 of 12 in additional filter chain; firing Filter: 'WebAsyncManagerIntegrationFilter'
266588 [http-nio-8080-exec-9] DEBUG o.s.security.web.FilterChainProxy - /bootstrap/fonts/glyphicons-halflings-regular.woff2 at position 2 of 12 in additional filter chain; firing Filter: 'SecurityContextPersistenceFilter'
266588 [http-nio-8080-exec-9] DEBUG o.s.s.w.c.HttpSessionSecurityContextRepository - HttpSession returned null object for SPRING_SECURITY_CONTEXT
266588 [http-nio-8080-exec-9] DEBUG o.s.s.w.c.HttpSessionSecurityContextRepository - No SecurityContext was available from the HttpSession: org.apache.catalina.session.StandardSessionFacade@7b39f03f. A new one will be created.
266588 [http-nio-8080-exec-9] DEBUG o.s.security.web.FilterChainProxy - /bootstrap/fonts/glyphicons-halflings-regular.woff2 at position 3 of 12 in additional filter chain; firing Filter: 'HeaderWriterFilter'
266588 [http-nio-8080-exec-9] DEBUG o.s.s.w.h.writers.HstsHeaderWriter - Not injecting HSTS header since it did not match the requestMatcher org.springframework.security.web.header.writers.HstsHeaderWriter$SecureRequestMatcher@7f066b80
266588 [http-nio-8080-exec-9] DEBUG o.s.security.web.FilterChainProxy - /bootstrap/fonts/glyphicons-halflings-regular.woff2 at position 4 of 12 in additional filter chain; firing Filter: 'CsrfFilter'
266588 [http-nio-8080-exec-9] DEBUG o.s.security.web.FilterChainProxy - /bootstrap/fonts/glyphicons-halflings-regular.woff2 at position 5 of 12 in additional filter chain; firing Filter: 'LogoutFilter'
266588 [http-nio-8080-exec-9] DEBUG o.s.s.w.u.m.AntPathRequestMatcher - Request 'GET /bootstrap/fonts/glyphicons-halflings-regular.woff2' doesn't match 'POST /logout
266588 [http-nio-8080-exec-9] DEBUG o.s.security.web.FilterChainProxy - /bootstrap/fonts/glyphicons-halflings-regular.woff2 at position 6 of 12 in additional filter chain; firing Filter: 'UsernamePasswordAuthenticationFilter'
266590 [http-nio-8080-exec-8] DEBUG o.s.s.w.a.ExceptionTranslationFilter - Chain processed normally
266593 [http-nio-8080-exec-9] DEBUG o.s.s.w.u.m.AntPathRequestMatcher - Request 'GET /bootstrap/fonts/glyphicons-halflings-regular.woff2' doesn't match 'POST /login
266593 [http-nio-8080-exec-8] DEBUG o.s.s.w.c.SecurityContextPersistenceFilter - SecurityContextHolder now cleared, as request processing completed
266593 [http-nio-8080-exec-9] DEBUG o.s.security.web.FilterChainProxy - /bootstrap/fonts/glyphicons-halflings-regular.woff2 at position 7 of 12 in additional filter chain; firing Filter: 'RequestCacheAwareFilter'
266593 [http-nio-8080-exec-9] DEBUG o.s.s.w.s.DefaultSavedRequest - pathInfo: both null (property equals)
266593 [http-nio-8080-exec-9] DEBUG o.s.s.w.s.DefaultSavedRequest - queryString: both null (property equals)
266593 [http-nio-8080-exec-9] DEBUG o.s.s.w.s.DefaultSavedRequest - requestURI: arg1=/logout; arg2=/bootstrap/fonts/glyphicons-halflings-regular.woff2 (property not equals)
266593 [http-nio-8080-exec-9] DEBUG o.s.s.w.s.HttpSessionRequestCache - saved request doesn't match
266593 [http-nio-8080-exec-9] DEBUG o.s.security.web.FilterChainProxy - /bootstrap/fonts/glyphicons-halflings-regular.woff2 at position 8 of 12 in additional filter chain; firing Filter: 'SecurityContextHolderAwareRequestFilter'
266593 [http-nio-8080-exec-9] DEBUG o.s.security.web.FilterChainProxy - /bootstrap/fonts/glyphicons-halflings-regular.woff2 at position 9 of 12 in additional filter chain; firing Filter: 'AnonymousAuthenticationFilter'
266593 [http-nio-8080-exec-9] DEBUG o.s.s.w.a.AnonymousAuthenticationFilter - Populated SecurityContextHolder with anonymous token: 'org.springframework.security.authentication.AnonymousAuthenticationToken@6fa90ed4: Principal: anonymousUser; Credentials: [PROTECTED]; Authenticated: true; Details: org.springframework.security.web.authentication.WebAuthenticationDetails@fffc7f0c: RemoteIpAddress: 127.0.0.1; SessionId: 3804353C2C2C151F407CA4B277564A11; Granted Authorities: ROLE_ANONYMOUS'
266593 [http-nio-8080-exec-9] DEBUG o.s.security.web.FilterChainProxy - /bootstrap/fonts/glyphicons-halflings-regular.woff2 at position 10 of 12 in additional filter chain; firing Filter: 'SessionManagementFilter'
266593 [http-nio-8080-exec-9] DEBUG o.s.security.web.FilterChainProxy - /bootstrap/fonts/glyphicons-halflings-regular.woff2 at position 11 of 12 in additional filter chain; firing Filter: 'ExceptionTranslationFilter'
266593 [http-nio-8080-exec-9] DEBUG o.s.security.web.FilterChainProxy - /bootstrap/fonts/glyphicons-halflings-regular.woff2 at position 12 of 12 in additional filter chain; firing Filter: 'FilterSecurityInterceptor'
266593 [http-nio-8080-exec-9] DEBUG o.s.s.w.u.m.AntPathRequestMatcher - Request 'GET /bootstrap/fonts/glyphicons-halflings-regular.woff2' doesn't match 'POST /logout
266593 [http-nio-8080-exec-9] DEBUG o.s.s.w.u.m.AntPathRequestMatcher - Checking match of request : '/bootstrap/fonts/glyphicons-halflings-regular.woff2'; against '/bootstrap/**'
266593 [http-nio-8080-exec-9] DEBUG o.s.s.w.a.i.FilterSecurityInterceptor - Secure object: FilterInvocation: URL: /bootstrap/fonts/glyphicons-halflings-regular.woff2; Attributes: [permitAll]
266593 [http-nio-8080-exec-9] DEBUG o.s.s.w.a.i.FilterSecurityInterceptor - Previously Authenticated: org.springframework.security.authentication.AnonymousAuthenticationToken@6fa90ed4: Principal: anonymousUser; Credentials: [PROTECTED]; Authenticated: true; Details: org.springframework.security.web.authentication.WebAuthenticationDetails@fffc7f0c: RemoteIpAddress: 127.0.0.1; SessionId: 3804353C2C2C151F407CA4B277564A11; Granted Authorities: ROLE_ANONYMOUS
266593 [http-nio-8080-exec-9] DEBUG o.s.s.access.vote.AffirmativeBased - Voter: org.springframework.security.web.access.expression.WebExpressionVoter@4007c9ec, returned: 1
266593 [http-nio-8080-exec-9] DEBUG o.s.s.w.a.i.FilterSecurityInterceptor - Authorization successful
266593 [http-nio-8080-exec-9] DEBUG o.s.s.w.a.i.FilterSecurityInterceptor - RunAsManager did not change Authentication object
266595 [http-nio-8080-exec-9] DEBUG o.s.security.web.FilterChainProxy - /bootstrap/fonts/glyphicons-halflings-regular.woff2 reached end of additional filter chain; proceeding with original chain
266597 [http-nio-8080-exec-9] DEBUG o.s.s.w.c.HttpSessionSecurityContextRepository - SecurityContext is empty or contents are anonymous - context will not be stored in HttpSession.
266600 [http-nio-8080-exec-9] DEBUG o.s.s.w.a.ExceptionTranslationFilter - Chain processed normally
266600 [http-nio-8080-exec-9] DEBUG o.s.s.w.c.SecurityContextPersistenceFilter - SecurityContextHolder now cleared, as request processing completed
269460 [http-nio-8080-exec-10] DEBUG o.s.s.w.u.matcher.OrRequestMatcher - Trying to match using Ant [pattern='/css/**']
269461 [http-nio-8080-exec-10] DEBUG o.s.s.w.u.m.AntPathRequestMatcher - Checking match of request : '/'; against '/css/**'
269461 [http-nio-8080-exec-10] DEBUG o.s.s.w.u.matcher.OrRequestMatcher - Trying to match using Ant [pattern='/js/**']
269461 [http-nio-8080-exec-10] DEBUG o.s.s.w.u.m.AntPathRequestMatcher - Checking match of request : '/'; against '/js/**'
269461 [http-nio-8080-exec-10] DEBUG o.s.s.w.u.matcher.OrRequestMatcher - Trying to match using Ant [pattern='/images/**']
269461 [http-nio-8080-exec-10] DEBUG o.s.s.w.u.m.AntPathRequestMatcher - Checking match of request : '/'; against '/images/**'
269461 [http-nio-8080-exec-10] DEBUG o.s.s.w.u.matcher.OrRequestMatcher - Trying to match using Ant [pattern='/webjars/**']
269461 [http-nio-8080-exec-10] DEBUG o.s.s.w.u.m.AntPathRequestMatcher - Checking match of request : '/'; against '/webjars/**'
269461 [http-nio-8080-exec-10] DEBUG o.s.s.w.u.matcher.OrRequestMatcher - Trying to match using Ant [pattern='/**/favicon.ico']
269461 [http-nio-8080-exec-10] DEBUG o.s.s.w.u.m.AntPathRequestMatcher - Checking match of request : '/'; against '/**/favicon.ico'
269461 [http-nio-8080-exec-10] DEBUG o.s.s.w.u.matcher.OrRequestMatcher - Trying to match using Ant [pattern='/error']
269461 [http-nio-8080-exec-10] DEBUG o.s.s.w.u.m.AntPathRequestMatcher - Checking match of request : '/'; against '/error'
269461 [http-nio-8080-exec-10] DEBUG o.s.s.w.u.matcher.OrRequestMatcher - No matches found
269461 [http-nio-8080-exec-10] DEBUG o.s.security.web.FilterChainProxy - / at position 1 of 12 in additional filter chain; firing Filter: 'WebAsyncManagerIntegrationFilter'
269461 [http-nio-8080-exec-10] DEBUG o.s.security.web.FilterChainProxy - / at position 2 of 12 in additional filter chain; firing Filter: 'SecurityContextPersistenceFilter'
269461 [http-nio-8080-exec-10] DEBUG o.s.s.w.c.HttpSessionSecurityContextRepository - HttpSession returned null object for SPRING_SECURITY_CONTEXT
269461 [http-nio-8080-exec-10] DEBUG o.s.s.w.c.HttpSessionSecurityContextRepository - No SecurityContext was available from the HttpSession: org.apache.catalina.session.StandardSessionFacade@7b39f03f. A new one will be created.
269462 [http-nio-8080-exec-10] DEBUG o.s.security.web.FilterChainProxy - / at position 3 of 12 in additional filter chain; firing Filter: 'HeaderWriterFilter'
269462 [http-nio-8080-exec-10] DEBUG o.s.s.w.h.writers.HstsHeaderWriter - Not injecting HSTS header since it did not match the requestMatcher org.springframework.security.web.header.writers.HstsHeaderWriter$SecureRequestMatcher@7f066b80
269462 [http-nio-8080-exec-10] DEBUG o.s.security.web.FilterChainProxy - / at position 4 of 12 in additional filter chain; firing Filter: 'CsrfFilter'
269462 [http-nio-8080-exec-10] DEBUG o.s.security.web.FilterChainProxy - / at position 5 of 12 in additional filter chain; firing Filter: 'LogoutFilter'
269462 [http-nio-8080-exec-10] DEBUG o.s.s.w.u.m.AntPathRequestMatcher - Request 'GET /' doesn't match 'POST /logout
269462 [http-nio-8080-exec-10] DEBUG o.s.security.web.FilterChainProxy - / at position 6 of 12 in additional filter chain; firing Filter: 'UsernamePasswordAuthenticationFilter'
269462 [http-nio-8080-exec-10] DEBUG o.s.s.w.u.m.AntPathRequestMatcher - Request 'GET /' doesn't match 'POST /login
269462 [http-nio-8080-exec-10] DEBUG o.s.security.web.FilterChainProxy - / at position 7 of 12 in additional filter chain; firing Filter: 'RequestCacheAwareFilter'
269462 [http-nio-8080-exec-10] DEBUG o.s.s.w.s.DefaultSavedRequest - pathInfo: both null (property equals)
269462 [http-nio-8080-exec-10] DEBUG o.s.s.w.s.DefaultSavedRequest - queryString: both null (property equals)
269462 [http-nio-8080-exec-10] DEBUG o.s.s.w.s.DefaultSavedRequest - requestURI: arg1=/logout; arg2=/ (property not equals)
269462 [http-nio-8080-exec-10] DEBUG o.s.s.w.s.HttpSessionRequestCache - saved request doesn't match
269463 [http-nio-8080-exec-10] DEBUG o.s.security.web.FilterChainProxy - / at position 8 of 12 in additional filter chain; firing Filter: 'SecurityContextHolderAwareRequestFilter'
269463 [http-nio-8080-exec-10] DEBUG o.s.security.web.FilterChainProxy - / at position 9 of 12 in additional filter chain; firing Filter: 'AnonymousAuthenticationFilter'
269463 [http-nio-8080-exec-10] DEBUG o.s.s.w.a.AnonymousAuthenticationFilter - Populated SecurityContextHolder with anonymous token: 'org.springframework.security.authentication.AnonymousAuthenticationToken@6fa90ed4: Principal: anonymousUser; Credentials: [PROTECTED]; Authenticated: true; Details: org.springframework.security.web.authentication.WebAuthenticationDetails@fffc7f0c: RemoteIpAddress: 127.0.0.1; SessionId: 3804353C2C2C151F407CA4B277564A11; Granted Authorities: ROLE_ANONYMOUS'
269463 [http-nio-8080-exec-10] DEBUG o.s.security.web.FilterChainProxy - / at position 10 of 12 in additional filter chain; firing Filter: 'SessionManagementFilter'
269463 [http-nio-8080-exec-10] DEBUG o.s.security.web.FilterChainProxy - / at position 11 of 12 in additional filter chain; firing Filter: 'ExceptionTranslationFilter'
269463 [http-nio-8080-exec-10] DEBUG o.s.security.web.FilterChainProxy - / at position 12 of 12 in additional filter chain; firing Filter: 'FilterSecurityInterceptor'
269463 [http-nio-8080-exec-10] DEBUG o.s.s.w.u.m.AntPathRequestMatcher - Request 'GET /' doesn't match 'POST /logout
269463 [http-nio-8080-exec-10] DEBUG o.s.s.w.u.m.AntPathRequestMatcher - Checking match of request : '/'; against '/bootstrap/**'
269463 [http-nio-8080-exec-10] DEBUG o.s.s.w.u.m.AntPathRequestMatcher - Checking match of request : '/'; against '/error/**'
269463 [http-nio-8080-exec-10] DEBUG o.s.s.w.u.m.AntPathRequestMatcher - Checking match of request : '/'; against '/img/**'
269463 [http-nio-8080-exec-10] DEBUG o.s.s.w.u.m.AntPathRequestMatcher - Checking match of request : '/'; against '/jquery/**'
269463 [http-nio-8080-exec-10] DEBUG o.s.s.w.u.m.AntPathRequestMatcher - Checking match of request : '/'; against '/index.html'
269463 [http-nio-8080-exec-10] DEBUG o.s.s.w.u.m.AntPathRequestMatcher - Request '/' matched by universal pattern '/**'
269463 [http-nio-8080-exec-10] DEBUG o.s.s.w.a.i.FilterSecurityInterceptor - Secure object: FilterInvocation: URL: /; Attributes: [permitAll]
269464 [http-nio-8080-exec-10] DEBUG o.s.s.w.a.i.FilterSecurityInterceptor - Previously Authenticated: org.springframework.security.authentication.AnonymousAuthenticationToken@6fa90ed4: Principal: anonymousUser; Credentials: [PROTECTED]; Authenticated: true; Details: org.springframework.security.web.authentication.WebAuthenticationDetails@fffc7f0c: RemoteIpAddress: 127.0.0.1; SessionId: 3804353C2C2C151F407CA4B277564A11; Granted Authorities: ROLE_ANONYMOUS
269464 [http-nio-8080-exec-10] DEBUG o.s.s.access.vote.AffirmativeBased - Voter: org.springframework.security.web.access.expression.WebExpressionVoter@4007c9ec, returned: 1
269464 [http-nio-8080-exec-10] DEBUG o.s.s.w.a.i.FilterSecurityInterceptor - Authorization successful
269464 [http-nio-8080-exec-10] DEBUG o.s.s.w.a.i.FilterSecurityInterceptor - RunAsManager did not change Authentication object
269464 [http-nio-8080-exec-10] DEBUG o.s.security.web.FilterChainProxy - / reached end of additional filter chain; proceeding with original chain
269473 [http-nio-8080-exec-10] DEBUG o.s.s.w.u.matcher.OrRequestMatcher - Trying to match using Ant [pattern='/css/**']
269473 [http-nio-8080-exec-10] DEBUG o.s.s.w.u.m.AntPathRequestMatcher - Checking match of request : '/index.html'; against '/css/**'
269473 [http-nio-8080-exec-10] DEBUG o.s.s.w.u.matcher.OrRequestMatcher - Trying to match using Ant [pattern='/js/**']
269473 [http-nio-8080-exec-10] DEBUG o.s.s.w.u.m.AntPathRequestMatcher - Checking match of request : '/index.html'; against '/js/**'
269473 [http-nio-8080-exec-10] DEBUG o.s.s.w.u.matcher.OrRequestMatcher - Trying to match using Ant [pattern='/images/**']
269473 [http-nio-8080-exec-10] DEBUG o.s.s.w.u.m.AntPathRequestMatcher - Checking match of request : '/index.html'; against '/images/**'
269473 [http-nio-8080-exec-10] DEBUG o.s.s.w.u.matcher.OrRequestMatcher - Trying to match using Ant [pattern='/webjars/**']
269473 [http-nio-8080-exec-10] DEBUG o.s.s.w.u.m.AntPathRequestMatcher - Checking match of request : '/index.html'; against '/webjars/**'
269473 [http-nio-8080-exec-10] DEBUG o.s.s.w.u.matcher.OrRequestMatcher - Trying to match using Ant [pattern='/**/favicon.ico']
269473 [http-nio-8080-exec-10] DEBUG o.s.s.w.u.m.AntPathRequestMatcher - Checking match of request : '/index.html'; against '/**/favicon.ico'
269473 [http-nio-8080-exec-10] DEBUG o.s.s.w.u.matcher.OrRequestMatcher - Trying to match using Ant [pattern='/error']
269473 [http-nio-8080-exec-10] DEBUG o.s.s.w.u.m.AntPathRequestMatcher - Checking match of request : '/index.html'; against '/error'
269473 [http-nio-8080-exec-10] DEBUG o.s.s.w.u.matcher.OrRequestMatcher - No matches found
269473 [http-nio-8080-exec-10] DEBUG o.s.security.web.FilterChainProxy - /index.html at position 1 of 12 in additional filter chain; firing Filter: 'WebAsyncManagerIntegrationFilter'
269473 [http-nio-8080-exec-10] DEBUG o.s.security.web.FilterChainProxy - /index.html at position 2 of 12 in additional filter chain; firing Filter: 'SecurityContextPersistenceFilter'
269473 [http-nio-8080-exec-10] DEBUG o.s.security.web.FilterChainProxy - /index.html at position 3 of 12 in additional filter chain; firing Filter: 'HeaderWriterFilter'
269473 [http-nio-8080-exec-10] DEBUG o.s.security.web.FilterChainProxy - /index.html at position 4 of 12 in additional filter chain; firing Filter: 'CsrfFilter'
269473 [http-nio-8080-exec-10] DEBUG o.s.security.web.FilterChainProxy - /index.html at position 5 of 12 in additional filter chain; firing Filter: 'LogoutFilter'
269473 [http-nio-8080-exec-10] DEBUG o.s.s.w.u.m.AntPathRequestMatcher - Request 'GET /index.html' doesn't match 'POST /logout
269473 [http-nio-8080-exec-10] DEBUG o.s.security.web.FilterChainProxy - /index.html at position 6 of 12 in additional filter chain; firing Filter: 'UsernamePasswordAuthenticationFilter'
269473 [http-nio-8080-exec-10] DEBUG o.s.s.w.u.m.AntPathRequestMatcher - Request 'GET /index.html' doesn't match 'POST /login
269475 [http-nio-8080-exec-10] DEBUG o.s.security.web.FilterChainProxy - /index.html at position 7 of 12 in additional filter chain; firing Filter: 'RequestCacheAwareFilter'
269475 [http-nio-8080-exec-10] DEBUG o.s.s.w.s.DefaultSavedRequest - pathInfo: both null (property equals)
269475 [http-nio-8080-exec-10] DEBUG o.s.s.w.s.DefaultSavedRequest - queryString: both null (property equals)
269475 [http-nio-8080-exec-10] DEBUG o.s.s.w.s.DefaultSavedRequest - requestURI: arg1=/logout; arg2=/index.html (property not equals)
269475 [http-nio-8080-exec-10] DEBUG o.s.s.w.s.HttpSessionRequestCache - saved request doesn't match
269475 [http-nio-8080-exec-10] DEBUG o.s.security.web.FilterChainProxy - /index.html at position 8 of 12 in additional filter chain; firing Filter: 'SecurityContextHolderAwareRequestFilter'
269475 [http-nio-8080-exec-10] DEBUG o.s.security.web.FilterChainProxy - /index.html at position 9 of 12 in additional filter chain; firing Filter: 'AnonymousAuthenticationFilter'
269478 [http-nio-8080-exec-10] DEBUG o.s.s.w.a.AnonymousAuthenticationFilter - SecurityContextHolder not populated with anonymous token, as it already contained: 'org.springframework.security.authentication.AnonymousAuthenticationToken@6fa90ed4: Principal: anonymousUser; Credentials: [PROTECTED]; Authenticated: true; Details: org.springframework.security.web.authentication.WebAuthenticationDetails@fffc7f0c: RemoteIpAddress: 127.0.0.1; SessionId: 3804353C2C2C151F407CA4B277564A11; Granted Authorities: ROLE_ANONYMOUS'
269478 [http-nio-8080-exec-10] DEBUG o.s.security.web.FilterChainProxy - /index.html at position 10 of 12 in additional filter chain; firing Filter: 'SessionManagementFilter'
269478 [http-nio-8080-exec-10] DEBUG o.s.security.web.FilterChainProxy - /index.html at position 11 of 12 in additional filter chain; firing Filter: 'ExceptionTranslationFilter'
269478 [http-nio-8080-exec-10] DEBUG o.s.security.web.FilterChainProxy - /index.html at position 12 of 12 in additional filter chain; firing Filter: 'FilterSecurityInterceptor'
269478 [http-nio-8080-exec-10] DEBUG o.s.security.web.FilterChainProxy - /index.html reached end of additional filter chain; proceeding with original chain
269483 [http-nio-8080-exec-10] DEBUG o.s.s.w.c.HttpSessionSecurityContextRepository - SecurityContext is empty or contents are anonymous - context will not be stored in HttpSession.
269484 [http-nio-8080-exec-10] DEBUG o.s.s.w.a.ExceptionTranslationFilter - Chain processed normally
269486 [http-nio-8080-exec-10] DEBUG o.s.s.w.a.ExceptionTranslationFilter - Chain processed normally
269486 [http-nio-8080-exec-10] DEBUG o.s.s.w.c.SecurityContextPersistenceFilter - SecurityContextHolder now cleared, as request processing completed
269501 [http-nio-8080-exec-1] DEBUG o.s.s.w.u.matcher.OrRequestMatcher - Trying to match using Ant [pattern='/css/**']
269501 [http-nio-8080-exec-1] DEBUG o.s.s.w.u.m.AntPathRequestMatcher - Checking match of request : '/bootstrap/css/bootstrap.css'; against '/css/**'
269501 [http-nio-8080-exec-1] DEBUG o.s.s.w.u.matcher.OrRequestMatcher - Trying to match using Ant [pattern='/js/**']
269501 [http-nio-8080-exec-1] DEBUG o.s.s.w.u.m.AntPathRequestMatcher - Checking match of request : '/bootstrap/css/bootstrap.css'; against '/js/**'
269501 [http-nio-8080-exec-1] DEBUG o.s.s.w.u.matcher.OrRequestMatcher - Trying to match using Ant [pattern='/images/**']
269501 [http-nio-8080-exec-1] DEBUG o.s.s.w.u.m.AntPathRequestMatcher - Checking match of request : '/bootstrap/css/bootstrap.css'; against '/images/**'
269501 [http-nio-8080-exec-1] DEBUG o.s.s.w.u.matcher.OrRequestMatcher - Trying to match using Ant [pattern='/webjars/**']
269501 [http-nio-8080-exec-1] DEBUG o.s.s.w.u.m.AntPathRequestMatcher - Checking match of request : '/bootstrap/css/bootstrap.css'; against '/webjars/**'
269501 [http-nio-8080-exec-2] DEBUG o.s.s.w.u.matcher.OrRequestMatcher - Trying to match using Ant [pattern='/css/**']
269501 [http-nio-8080-exec-1] DEBUG o.s.s.w.u.matcher.OrRequestMatcher - Trying to match using Ant [pattern='/**/favicon.ico']
269501 [http-nio-8080-exec-1] DEBUG o.s.s.w.u.m.AntPathRequestMatcher - Checking match of request : '/bootstrap/css/bootstrap.css'; against '/**/favicon.ico'
269501 [http-nio-8080-exec-3] DEBUG o.s.s.w.u.matcher.OrRequestMatcher - Trying to match using Ant [pattern='/css/**']
269501 [http-nio-8080-exec-2] DEBUG o.s.s.w.u.m.AntPathRequestMatcher - Checking match of request : '/jquery/jquery-2.1.3.js'; against '/css/**'
269501 [http-nio-8080-exec-1] DEBUG o.s.s.w.u.matcher.OrRequestMatcher - Trying to match using Ant [pattern='/error']
269502 [http-nio-8080-exec-1] DEBUG o.s.s.w.u.m.AntPathRequestMatcher - Checking match of request : '/bootstrap/css/bootstrap.css'; against '/error'
269501 [http-nio-8080-exec-3] DEBUG o.s.s.w.u.m.AntPathRequestMatcher - Checking match of request : '/bootstrap/js/bootstrap.js'; against '/css/**'
269501 [http-nio-8080-exec-2] DEBUG o.s.s.w.u.matcher.OrRequestMatcher - Trying to match using Ant [pattern='/js/**']
269502 [http-nio-8080-exec-1] DEBUG o.s.s.w.u.matcher.OrRequestMatcher - No matches found
269502 [http-nio-8080-exec-3] DEBUG o.s.s.w.u.matcher.OrRequestMatcher - Trying to match using Ant [pattern='/js/**']
269502 [http-nio-8080-exec-2] DEBUG o.s.s.w.u.m.AntPathRequestMatcher - Checking match of request : '/jquery/jquery-2.1.3.js'; against '/js/**'
269502 [http-nio-8080-exec-1] DEBUG o.s.security.web.FilterChainProxy - /bootstrap/css/bootstrap.css at position 1 of 12 in additional filter chain; firing Filter: 'WebAsyncManagerIntegrationFilter'
269502 [http-nio-8080-exec-2] DEBUG o.s.s.w.u.matcher.OrRequestMatcher - Trying to match using Ant [pattern='/images/**']
269502 [http-nio-8080-exec-3] DEBUG o.s.s.w.u.m.AntPathRequestMatcher - Checking match of request : '/bootstrap/js/bootstrap.js'; against '/js/**'
269502 [http-nio-8080-exec-2] DEBUG o.s.s.w.u.m.AntPathRequestMatcher - Checking match of request : '/jquery/jquery-2.1.3.js'; against '/images/**'
269502 [http-nio-8080-exec-1] DEBUG o.s.security.web.FilterChainProxy - /bootstrap/css/bootstrap.css at position 2 of 12 in additional filter chain; firing Filter: 'SecurityContextPersistenceFilter'
269502 [http-nio-8080-exec-3] DEBUG o.s.s.w.u.matcher.OrRequestMatcher - Trying to match using Ant [pattern='/images/**']
269502 [http-nio-8080-exec-1] DEBUG o.s.s.w.c.HttpSessionSecurityContextRepository - HttpSession returned null object for SPRING_SECURITY_CONTEXT
269502 [http-nio-8080-exec-1] DEBUG o.s.s.w.c.HttpSessionSecurityContextRepository - No SecurityContext was available from the HttpSession: org.apache.catalina.session.StandardSessionFacade@7b39f03f. A new one will be created.
269502 [http-nio-8080-exec-2] DEBUG o.s.s.w.u.matcher.OrRequestMatcher - Trying to match using Ant [pattern='/webjars/**']
269502 [http-nio-8080-exec-3] DEBUG o.s.s.w.u.m.AntPathRequestMatcher - Checking match of request : '/bootstrap/js/bootstrap.js'; against '/images/**'
269504 [http-nio-8080-exec-1] DEBUG o.s.security.web.FilterChainProxy - /bootstrap/css/bootstrap.css at position 3 of 12 in additional filter chain; firing Filter: 'HeaderWriterFilter'
269504 [http-nio-8080-exec-2] DEBUG o.s.s.w.u.m.AntPathRequestMatcher - Checking match of request : '/jquery/jquery-2.1.3.js'; against '/webjars/**'
269504 [http-nio-8080-exec-3] DEBUG o.s.s.w.u.matcher.OrRequestMatcher - Trying to match using Ant [pattern='/webjars/**']
269504 [http-nio-8080-exec-3] DEBUG o.s.s.w.u.m.AntPathRequestMatcher - Checking match of request : '/bootstrap/js/bootstrap.js'; against '/webjars/**'
269504 [http-nio-8080-exec-2] DEBUG o.s.s.w.u.matcher.OrRequestMatcher - Trying to match using Ant [pattern='/**/favicon.ico']
269504 [http-nio-8080-exec-1] DEBUG o.s.s.w.h.writers.HstsHeaderWriter - Not injecting HSTS header since it did not match the requestMatcher org.springframework.security.web.header.writers.HstsHeaderWriter$SecureRequestMatcher@7f066b80
269504 [http-nio-8080-exec-2] DEBUG o.s.s.w.u.m.AntPathRequestMatcher - Checking match of request : '/jquery/jquery-2.1.3.js'; against '/**/favicon.ico'
269504 [http-nio-8080-exec-1] DEBUG o.s.security.web.FilterChainProxy - /bootstrap/css/bootstrap.css at position 4 of 12 in additional filter chain; firing Filter: 'CsrfFilter'
269504 [http-nio-8080-exec-2] DEBUG o.s.s.w.u.matcher.OrRequestMatcher - Trying to match using Ant [pattern='/error']
269504 [http-nio-8080-exec-3] DEBUG o.s.s.w.u.matcher.OrRequestMatcher - Trying to match using Ant [pattern='/**/favicon.ico']
269504 [http-nio-8080-exec-2] DEBUG o.s.s.w.u.m.AntPathRequestMatcher - Checking match of request : '/jquery/jquery-2.1.3.js'; against '/error'
269504 [http-nio-8080-exec-2] DEBUG o.s.s.w.u.matcher.OrRequestMatcher - No matches found
269504 [http-nio-8080-exec-1] DEBUG o.s.security.web.FilterChainProxy - /bootstrap/css/bootstrap.css at position 5 of 12 in additional filter chain; firing Filter: 'LogoutFilter'
269504 [http-nio-8080-exec-3] DEBUG o.s.s.w.u.m.AntPathRequestMatcher - Checking match of request : '/bootstrap/js/bootstrap.js'; against '/**/favicon.ico'
269504 [http-nio-8080-exec-2] DEBUG o.s.security.web.FilterChainProxy - /jquery/jquery-2.1.3.js at position 1 of 12 in additional filter chain; firing Filter: 'WebAsyncManagerIntegrationFilter'
269504 [http-nio-8080-exec-3] DEBUG o.s.s.w.u.matcher.OrRequestMatcher - Trying to match using Ant [pattern='/error']
269504 [http-nio-8080-exec-1] DEBUG o.s.s.w.u.m.AntPathRequestMatcher - Request 'GET /bootstrap/css/bootstrap.css' doesn't match 'POST /logout
269504 [http-nio-8080-exec-2] DEBUG o.s.security.web.FilterChainProxy - /jquery/jquery-2.1.3.js at position 2 of 12 in additional filter chain; firing Filter: 'SecurityContextPersistenceFilter'
269504 [http-nio-8080-exec-3] DEBUG o.s.s.w.u.m.AntPathRequestMatcher - Checking match of request : '/bootstrap/js/bootstrap.js'; against '/error'
269504 [http-nio-8080-exec-1] DEBUG o.s.security.web.FilterChainProxy - /bootstrap/css/bootstrap.css at position 6 of 12 in additional filter chain; firing Filter: 'UsernamePasswordAuthenticationFilter'
269505 [http-nio-8080-exec-2] DEBUG o.s.s.w.c.HttpSessionSecurityContextRepository - HttpSession returned null object for SPRING_SECURITY_CONTEXT
269505 [http-nio-8080-exec-3] DEBUG o.s.s.w.u.matcher.OrRequestMatcher - No matches found
269505 [http-nio-8080-exec-1] DEBUG o.s.s.w.u.m.AntPathRequestMatcher - Request 'GET /bootstrap/css/bootstrap.css' doesn't match 'POST /login
269505 [http-nio-8080-exec-2] DEBUG o.s.s.w.c.HttpSessionSecurityContextRepository - No SecurityContext was available from the HttpSession: org.apache.catalina.session.StandardSessionFacade@7b39f03f. A new one will be created.
269505 [http-nio-8080-exec-3] DEBUG o.s.security.web.FilterChainProxy - /bootstrap/js/bootstrap.js at position 1 of 12 in additional filter chain; firing Filter: 'WebAsyncManagerIntegrationFilter'
269505 [http-nio-8080-exec-1] DEBUG o.s.security.web.FilterChainProxy - /bootstrap/css/bootstrap.css at position 7 of 12 in additional filter chain; firing Filter: 'RequestCacheAwareFilter'
269505 [http-nio-8080-exec-2] DEBUG o.s.security.web.FilterChainProxy - /jquery/jquery-2.1.3.js at position 3 of 12 in additional filter chain; firing Filter: 'HeaderWriterFilter'
269505 [http-nio-8080-exec-3] DEBUG o.s.security.web.FilterChainProxy - /bootstrap/js/bootstrap.js at position 2 of 12 in additional filter chain; firing Filter: 'SecurityContextPersistenceFilter'
269505 [http-nio-8080-exec-1] DEBUG o.s.s.w.s.DefaultSavedRequest - pathInfo: both null (property equals)
269505 [http-nio-8080-exec-3] DEBUG o.s.s.w.c.HttpSessionSecurityContextRepository - HttpSession returned null object for SPRING_SECURITY_CONTEXT
269505 [http-nio-8080-exec-3] DEBUG o.s.s.w.c.HttpSessionSecurityContextRepository - No SecurityContext was available from the HttpSession: org.apache.catalina.session.StandardSessionFacade@7b39f03f. A new one will be created.
269505 [http-nio-8080-exec-2] DEBUG o.s.s.w.h.writers.HstsHeaderWriter - Not injecting HSTS header since it did not match the requestMatcher org.springframework.security.web.header.writers.HstsHeaderWriter$SecureRequestMatcher@7f066b80
269505 [http-nio-8080-exec-1] DEBUG o.s.s.w.s.DefaultSavedRequest - queryString: both null (property equals)
269505 [http-nio-8080-exec-1] DEBUG o.s.s.w.s.DefaultSavedRequest - requestURI: arg1=/logout; arg2=/bootstrap/css/bootstrap.css (property not equals)
269505 [http-nio-8080-exec-3] DEBUG o.s.security.web.FilterChainProxy - /bootstrap/js/bootstrap.js at position 3 of 12 in additional filter chain; firing Filter: 'HeaderWriterFilter'
269505 [http-nio-8080-exec-2] DEBUG o.s.security.web.FilterChainProxy - /jquery/jquery-2.1.3.js at position 4 of 12 in additional filter chain; firing Filter: 'CsrfFilter'
269505 [http-nio-8080-exec-1] DEBUG o.s.s.w.s.HttpSessionRequestCache - saved request doesn't match
269506 [http-nio-8080-exec-3] DEBUG o.s.s.w.h.writers.HstsHeaderWriter - Not injecting HSTS header since it did not match the requestMatcher org.springframework.security.web.header.writers.HstsHeaderWriter$SecureRequestMatcher@7f066b80
269506 [http-nio-8080-exec-2] DEBUG o.s.security.web.FilterChainProxy - /jquery/jquery-2.1.3.js at position 5 of 12 in additional filter chain; firing Filter: 'LogoutFilter'
269506 [http-nio-8080-exec-3] DEBUG o.s.security.web.FilterChainProxy - /bootstrap/js/bootstrap.js at position 4 of 12 in additional filter chain; firing Filter: 'CsrfFilter'
269506 [http-nio-8080-exec-2] DEBUG o.s.s.w.u.m.AntPathRequestMatcher - Request 'GET /jquery/jquery-2.1.3.js' doesn't match 'POST /logout
269506 [http-nio-8080-exec-1] DEBUG o.s.security.web.FilterChainProxy - /bootstrap/css/bootstrap.css at position 8 of 12 in additional filter chain; firing Filter: 'SecurityContextHolderAwareRequestFilter'
269506 [http-nio-8080-exec-2] DEBUG o.s.security.web.FilterChainProxy - /jquery/jquery-2.1.3.js at position 6 of 12 in additional filter chain; firing Filter: 'UsernamePasswordAuthenticationFilter'
269506 [http-nio-8080-exec-3] DEBUG o.s.security.web.FilterChainProxy - /bootstrap/js/bootstrap.js at position 5 of 12 in additional filter chain; firing Filter: 'LogoutFilter'
269506 [http-nio-8080-exec-1] DEBUG o.s.security.web.FilterChainProxy - /bootstrap/css/bootstrap.css at position 9 of 12 in additional filter chain; firing Filter: 'AnonymousAuthenticationFilter'
269506 [http-nio-8080-exec-2] DEBUG o.s.s.w.u.m.AntPathRequestMatcher - Request 'GET /jquery/jquery-2.1.3.js' doesn't match 'POST /login
269506 [http-nio-8080-exec-3] DEBUG o.s.s.w.u.m.AntPathRequestMatcher - Request 'GET /bootstrap/js/bootstrap.js' doesn't match 'POST /logout
269506 [http-nio-8080-exec-1] DEBUG o.s.s.w.a.AnonymousAuthenticationFilter - Populated SecurityContextHolder with anonymous token: 'org.springframework.security.authentication.AnonymousAuthenticationToken@6fa90ed4: Principal: anonymousUser; Credentials: [PROTECTED]; Authenticated: true; Details: org.springframework.security.web.authentication.WebAuthenticationDetails@fffc7f0c: RemoteIpAddress: 127.0.0.1; SessionId: 3804353C2C2C151F407CA4B277564A11; Granted Authorities: ROLE_ANONYMOUS'
269506 [http-nio-8080-exec-3] DEBUG o.s.security.web.FilterChainProxy - /bootstrap/js/bootstrap.js at position 6 of 12 in additional filter chain; firing Filter: 'UsernamePasswordAuthenticationFilter'
269506 [http-nio-8080-exec-2] DEBUG o.s.security.web.FilterChainProxy - /jquery/jquery-2.1.3.js at position 7 of 12 in additional filter chain; firing Filter: 'RequestCacheAwareFilter'
269506 [http-nio-8080-exec-1] DEBUG o.s.security.web.FilterChainProxy - /bootstrap/css/bootstrap.css at position 10 of 12 in additional filter chain; firing Filter: 'SessionManagementFilter'
269506 [http-nio-8080-exec-1] DEBUG o.s.security.web.FilterChainProxy - /bootstrap/css/bootstrap.css at position 11 of 12 in additional filter chain; firing Filter: 'ExceptionTranslationFilter'
269506 [http-nio-8080-exec-1] DEBUG o.s.security.web.FilterChainProxy - /bootstrap/css/bootstrap.css at position 12 of 12 in additional filter chain; firing Filter: 'FilterSecurityInterceptor'
269506 [http-nio-8080-exec-3] DEBUG o.s.s.w.u.m.AntPathRequestMatcher - Request 'GET /bootstrap/js/bootstrap.js' doesn't match 'POST /login
269507 [http-nio-8080-exec-3] DEBUG o.s.security.web.FilterChainProxy - /bootstrap/js/bootstrap.js at position 7 of 12 in additional filter chain; firing Filter: 'RequestCacheAwareFilter'
269506 [http-nio-8080-exec-2] DEBUG o.s.s.w.s.DefaultSavedRequest - pathInfo: both null (property equals)
269506 [http-nio-8080-exec-1] DEBUG o.s.s.w.u.m.AntPathRequestMatcher - Request 'GET /bootstrap/css/bootstrap.css' doesn't match 'POST /logout
269507 [http-nio-8080-exec-3] DEBUG o.s.s.w.s.DefaultSavedRequest - pathInfo: both null (property equals)
269507 [http-nio-8080-exec-2] DEBUG o.s.s.w.s.DefaultSavedRequest - queryString: both null (property equals)
269507 [http-nio-8080-exec-2] DEBUG o.s.s.w.s.DefaultSavedRequest - requestURI: arg1=/logout; arg2=/jquery/jquery-2.1.3.js (property not equals)
269507 [http-nio-8080-exec-2] DEBUG o.s.s.w.s.HttpSessionRequestCache - saved request doesn't match
269507 [http-nio-8080-exec-1] DEBUG o.s.s.w.u.m.AntPathRequestMatcher - Checking match of request : '/bootstrap/css/bootstrap.css'; against '/bootstrap/**'
269507 [http-nio-8080-exec-1] DEBUG o.s.s.w.a.i.FilterSecurityInterceptor - Secure object: FilterInvocation: URL: /bootstrap/css/bootstrap.css; Attributes: [permitAll]
269507 [http-nio-8080-exec-3] DEBUG o.s.s.w.s.DefaultSavedRequest - queryString: both null (property equals)
269507 [http-nio-8080-exec-2] DEBUG o.s.security.web.FilterChainProxy - /jquery/jquery-2.1.3.js at position 8 of 12 in additional filter chain; firing Filter: 'SecurityContextHolderAwareRequestFilter'
269507 [http-nio-8080-exec-1] DEBUG o.s.s.w.a.i.FilterSecurityInterceptor - Previously Authenticated: org.springframework.security.authentication.AnonymousAuthenticationToken@6fa90ed4: Principal: anonymousUser; Credentials: [PROTECTED]; Authenticated: true; Details: org.springframework.security.web.authentication.WebAuthenticationDetails@fffc7f0c: RemoteIpAddress: 127.0.0.1; SessionId: 3804353C2C2C151F407CA4B277564A11; Granted Authorities: ROLE_ANONYMOUS
269507 [http-nio-8080-exec-3] DEBUG o.s.s.w.s.DefaultSavedRequest - requestURI: arg1=/logout; arg2=/bootstrap/js/bootstrap.js (property not equals)
269507 [http-nio-8080-exec-2] DEBUG o.s.security.web.FilterChainProxy - /jquery/jquery-2.1.3.js at position 9 of 12 in additional filter chain; firing Filter: 'AnonymousAuthenticationFilter'
269507 [http-nio-8080-exec-3] DEBUG o.s.s.w.s.HttpSessionRequestCache - saved request doesn't match
269507 [http-nio-8080-exec-1] DEBUG o.s.s.access.vote.AffirmativeBased - Voter: org.springframework.security.web.access.expression.WebExpressionVoter@4007c9ec, returned: 1
269507 [http-nio-8080-exec-3] DEBUG o.s.security.web.FilterChainProxy - /bootstrap/js/bootstrap.js at position 8 of 12 in additional filter chain; firing Filter: 'SecurityContextHolderAwareRequestFilter'
269507 [http-nio-8080-exec-2] DEBUG o.s.s.w.a.AnonymousAuthenticationFilter - Populated SecurityContextHolder with anonymous token: 'org.springframework.security.authentication.AnonymousAuthenticationToken@6fa90ed4: Principal: anonymousUser; Credentials: [PROTECTED]; Authenticated: true; Details: org.springframework.security.web.authentication.WebAuthenticationDetails@fffc7f0c: RemoteIpAddress: 127.0.0.1; SessionId: 3804353C2C2C151F407CA4B277564A11; Granted Authorities: ROLE_ANONYMOUS'
269508 [http-nio-8080-exec-2] DEBUG o.s.security.web.FilterChainProxy - /jquery/jquery-2.1.3.js at position 10 of 12 in additional filter chain; firing Filter: 'SessionManagementFilter'
269507 [http-nio-8080-exec-1] DEBUG o.s.s.w.a.i.FilterSecurityInterceptor - Authorization successful
269508 [http-nio-8080-exec-3] DEBUG o.s.security.web.FilterChainProxy - /bootstrap/js/bootstrap.js at position 9 of 12 in additional filter chain; firing Filter: 'AnonymousAuthenticationFilter'
269508 [http-nio-8080-exec-2] DEBUG o.s.security.web.FilterChainProxy - /jquery/jquery-2.1.3.js at position 11 of 12 in additional filter chain; firing Filter: 'ExceptionTranslationFilter'
269508 [http-nio-8080-exec-3] DEBUG o.s.s.w.a.AnonymousAuthenticationFilter - Populated SecurityContextHolder with anonymous token: 'org.springframework.security.authentication.AnonymousAuthenticationToken@6faeba70: Principal: anonymousUser; Credentials: [PROTECTED]; Authenticated: true; Details: org.springframework.security.web.authentication.WebAuthenticationDetails@fffbcba8: RemoteIpAddress: 0:0:0:0:0:0:0:1; SessionId: 3804353C2C2C151F407CA4B277564A11; Granted Authorities: ROLE_ANONYMOUS'
269508 [http-nio-8080-exec-1] DEBUG o.s.s.w.a.i.FilterSecurityInterceptor - RunAsManager did not change Authentication object
269508 [http-nio-8080-exec-2] DEBUG o.s.security.web.FilterChainProxy - /jquery/jquery-2.1.3.js at position 12 of 12 in additional filter chain; firing Filter: 'FilterSecurityInterceptor'
269509 [http-nio-8080-exec-3] DEBUG o.s.security.web.FilterChainProxy - /bootstrap/js/bootstrap.js at position 10 of 12 in additional filter chain; firing Filter: 'SessionManagementFilter'
269509 [http-nio-8080-exec-1] DEBUG o.s.security.web.FilterChainProxy - /bootstrap/css/bootstrap.css reached end of additional filter chain; proceeding with original chain
269509 [http-nio-8080-exec-2] DEBUG o.s.s.w.u.m.AntPathRequestMatcher - Request 'GET /jquery/jquery-2.1.3.js' doesn't match 'POST /logout
269509 [http-nio-8080-exec-3] DEBUG o.s.security.web.FilterChainProxy - /bootstrap/js/bootstrap.js at position 11 of 12 in additional filter chain; firing Filter: 'ExceptionTranslationFilter'
269509 [http-nio-8080-exec-2] DEBUG o.s.s.w.u.m.AntPathRequestMatcher - Checking match of request : '/jquery/jquery-2.1.3.js'; against '/bootstrap/**'
269509 [http-nio-8080-exec-3] DEBUG o.s.security.web.FilterChainProxy - /bootstrap/js/bootstrap.js at position 12 of 12 in additional filter chain; firing Filter: 'FilterSecurityInterceptor'
269509 [http-nio-8080-exec-2] DEBUG o.s.s.w.u.m.AntPathRequestMatcher - Checking match of request : '/jquery/jquery-2.1.3.js'; against '/error/**'
269509 [http-nio-8080-exec-3] DEBUG o.s.s.w.u.m.AntPathRequestMatcher - Request 'GET /bootstrap/js/bootstrap.js' doesn't match 'POST /logout
269509 [http-nio-8080-exec-2] DEBUG o.s.s.w.u.m.AntPathRequestMatcher - Checking match of request : '/jquery/jquery-2.1.3.js'; against '/img/**'
269509 [http-nio-8080-exec-3] DEBUG o.s.s.w.u.m.AntPathRequestMatcher - Checking match of request : '/bootstrap/js/bootstrap.js'; against '/bootstrap/**'
269510 [http-nio-8080-exec-2] DEBUG o.s.s.w.u.m.AntPathRequestMatcher - Checking match of request : '/jquery/jquery-2.1.3.js'; against '/jquery/**'
269510 [http-nio-8080-exec-3] DEBUG o.s.s.w.a.i.FilterSecurityInterceptor - Secure object: FilterInvocation: URL: /bootstrap/js/bootstrap.js; Attributes: [permitAll]
269510 [http-nio-8080-exec-2] DEBUG o.s.s.w.a.i.FilterSecurityInterceptor - Secure object: FilterInvocation: URL: /jquery/jquery-2.1.3.js; Attributes: [permitAll]
269510 [http-nio-8080-exec-3] DEBUG o.s.s.w.a.i.FilterSecurityInterceptor - Previously Authenticated: org.springframework.security.authentication.AnonymousAuthenticationToken@6faeba70: Principal: anonymousUser; Credentials: [PROTECTED]; Authenticated: true; Details: org.springframework.security.web.authentication.WebAuthenticationDetails@fffbcba8: RemoteIpAddress: 0:0:0:0:0:0:0:1; SessionId: 3804353C2C2C151F407CA4B277564A11; Granted Authorities: ROLE_ANONYMOUS
269510 [http-nio-8080-exec-2] DEBUG o.s.s.w.a.i.FilterSecurityInterceptor - Previously Authenticated: org.springframework.security.authentication.AnonymousAuthenticationToken@6fa90ed4: Principal: anonymousUser; Credentials: [PROTECTED]; Authenticated: true; Details: org.springframework.security.web.authentication.WebAuthenticationDetails@fffc7f0c: RemoteIpAddress: 127.0.0.1; SessionId: 3804353C2C2C151F407CA4B277564A11; Granted Authorities: ROLE_ANONYMOUS
269510 [http-nio-8080-exec-2] DEBUG o.s.s.access.vote.AffirmativeBased - Voter: org.springframework.security.web.access.expression.WebExpressionVoter@4007c9ec, returned: 1
269510 [http-nio-8080-exec-3] DEBUG o.s.s.access.vote.AffirmativeBased - Voter: org.springframework.security.web.access.expression.WebExpressionVoter@4007c9ec, returned: 1
269510 [http-nio-8080-exec-2] DEBUG o.s.s.w.a.i.FilterSecurityInterceptor - Authorization successful
269510 [http-nio-8080-exec-2] DEBUG o.s.s.w.a.i.FilterSecurityInterceptor - RunAsManager did not change Authentication object
269510 [http-nio-8080-exec-3] DEBUG o.s.s.w.a.i.FilterSecurityInterceptor - Authorization successful
269510 [http-nio-8080-exec-2] DEBUG o.s.security.web.FilterChainProxy - /jquery/jquery-2.1.3.js reached end of additional filter chain; proceeding with original chain
269510 [http-nio-8080-exec-3] DEBUG o.s.s.w.a.i.FilterSecurityInterceptor - RunAsManager did not change Authentication object
269511 [http-nio-8080-exec-3] DEBUG o.s.security.web.FilterChainProxy - /bootstrap/js/bootstrap.js reached end of additional filter chain; proceeding with original chain
269511 [http-nio-8080-exec-1] DEBUG o.s.s.w.c.HttpSessionSecurityContextRepository - SecurityContext is empty or contents are anonymous - context will not be stored in HttpSession.
269513 [http-nio-8080-exec-2] DEBUG o.s.s.w.c.HttpSessionSecurityContextRepository - SecurityContext is empty or contents are anonymous - context will not be stored in HttpSession.
269514 [http-nio-8080-exec-3] DEBUG o.s.s.w.c.HttpSessionSecurityContextRepository - SecurityContext is empty or contents are anonymous - context will not be stored in HttpSession.
269516 [http-nio-8080-exec-3] DEBUG o.s.s.w.a.ExceptionTranslationFilter - Chain processed normally
269516 [http-nio-8080-exec-3] DEBUG o.s.s.w.c.SecurityContextPersistenceFilter - SecurityContextHolder now cleared, as request processing completed
269519 [http-nio-8080-exec-1] DEBUG o.s.s.w.a.ExceptionTranslationFilter - Chain processed normally
269519 [http-nio-8080-exec-1] DEBUG o.s.s.w.c.SecurityContextPersistenceFilter - SecurityContextHolder now cleared, as request processing completed
269523 [http-nio-8080-exec-2] DEBUG o.s.s.w.a.ExceptionTranslationFilter - Chain processed normally
269523 [http-nio-8080-exec-2] DEBUG o.s.s.w.c.SecurityContextPersistenceFilter - SecurityContextHolder now cleared, as request processing completed
269523 [http-nio-8080-exec-6] DEBUG o.s.s.w.u.matcher.OrRequestMatcher - Trying to match using Ant [pattern='/css/**']
269523 [http-nio-8080-exec-6] DEBUG o.s.s.w.u.m.AntPathRequestMatcher - Checking match of request : '/img/1.JPG'; against '/css/**'
269523 [http-nio-8080-exec-6] DEBUG o.s.s.w.u.matcher.OrRequestMatcher - Trying to match using Ant [pattern='/js/**']
269523 [http-nio-8080-exec-6] DEBUG o.s.s.w.u.m.AntPathRequestMatcher - Checking match of request : '/img/1.JPG'; against '/js/**'
269523 [http-nio-8080-exec-6] DEBUG o.s.s.w.u.matcher.OrRequestMatcher - Trying to match using Ant [pattern='/images/**']
269523 [http-nio-8080-exec-6] DEBUG o.s.s.w.u.m.AntPathRequestMatcher - Checking match of request : '/img/1.JPG'; against '/images/**'
269523 [http-nio-8080-exec-6] DEBUG o.s.s.w.u.matcher.OrRequestMatcher - Trying to match using Ant [pattern='/webjars/**']
269523 [http-nio-8080-exec-6] DEBUG o.s.s.w.u.m.AntPathRequestMatcher - Checking match of request : '/img/1.JPG'; against '/webjars/**'
269523 [http-nio-8080-exec-6] DEBUG o.s.s.w.u.matcher.OrRequestMatcher - Trying to match using Ant [pattern='/**/favicon.ico']
269523 [http-nio-8080-exec-6] DEBUG o.s.s.w.u.m.AntPathRequestMatcher - Checking match of request : '/img/1.JPG'; against '/**/favicon.ico'
269523 [http-nio-8080-exec-6] DEBUG o.s.s.w.u.matcher.OrRequestMatcher - Trying to match using Ant [pattern='/error']
269523 [http-nio-8080-exec-6] DEBUG o.s.s.w.u.m.AntPathRequestMatcher - Checking match of request : '/img/1.JPG'; against '/error'
269523 [http-nio-8080-exec-6] DEBUG o.s.s.w.u.matcher.OrRequestMatcher - No matches found
269523 [http-nio-8080-exec-6] DEBUG o.s.security.web.FilterChainProxy - /img/1.JPG at position 1 of 12 in additional filter chain; firing Filter: 'WebAsyncManagerIntegrationFilter'
269523 [http-nio-8080-exec-6] DEBUG o.s.security.web.FilterChainProxy - /img/1.JPG at position 2 of 12 in additional filter chain; firing Filter: 'SecurityContextPersistenceFilter'
269523 [http-nio-8080-exec-6] DEBUG o.s.s.w.c.HttpSessionSecurityContextRepository - HttpSession returned null object for SPRING_SECURITY_CONTEXT
269523 [http-nio-8080-exec-6] DEBUG o.s.s.w.c.HttpSessionSecurityContextRepository - No SecurityContext was available from the HttpSession: org.apache.catalina.session.StandardSessionFacade@7b39f03f. A new one will be created.
269523 [http-nio-8080-exec-6] DEBUG o.s.security.web.FilterChainProxy - /img/1.JPG at position 3 of 12 in additional filter chain; firing Filter: 'HeaderWriterFilter'
269524 [http-nio-8080-exec-6] DEBUG o.s.s.w.h.writers.HstsHeaderWriter - Not injecting HSTS header since it did not match the requestMatcher org.springframework.security.web.header.writers.HstsHeaderWriter$SecureRequestMatcher@7f066b80
269524 [http-nio-8080-exec-6] DEBUG o.s.security.web.FilterChainProxy - /img/1.JPG at position 4 of 12 in additional filter chain; firing Filter: 'CsrfFilter'
269524 [http-nio-8080-exec-6] DEBUG o.s.security.web.FilterChainProxy - /img/1.JPG at position 5 of 12 in additional filter chain; firing Filter: 'LogoutFilter'
269524 [http-nio-8080-exec-6] DEBUG o.s.s.w.u.m.AntPathRequestMatcher - Request 'GET /img/1.JPG' doesn't match 'POST /logout
269524 [http-nio-8080-exec-6] DEBUG o.s.security.web.FilterChainProxy - /img/1.JPG at position 6 of 12 in additional filter chain; firing Filter: 'UsernamePasswordAuthenticationFilter'
269524 [http-nio-8080-exec-6] DEBUG o.s.s.w.u.m.AntPathRequestMatcher - Request 'GET /img/1.JPG' doesn't match 'POST /login
269524 [http-nio-8080-exec-6] DEBUG o.s.security.web.FilterChainProxy - /img/1.JPG at position 7 of 12 in additional filter chain; firing Filter: 'RequestCacheAwareFilter'
269524 [http-nio-8080-exec-6] DEBUG o.s.s.w.s.DefaultSavedRequest - pathInfo: both null (property equals)
269524 [http-nio-8080-exec-6] DEBUG o.s.s.w.s.DefaultSavedRequest - queryString: both null (property equals)
269524 [http-nio-8080-exec-6] DEBUG o.s.s.w.s.DefaultSavedRequest - requestURI: arg1=/logout; arg2=/img/1.JPG (property not equals)
269524 [http-nio-8080-exec-6] DEBUG o.s.s.w.s.HttpSessionRequestCache - saved request doesn't match
269524 [http-nio-8080-exec-6] DEBUG o.s.security.web.FilterChainProxy - /img/1.JPG at position 8 of 12 in additional filter chain; firing Filter: 'SecurityContextHolderAwareRequestFilter'
269524 [http-nio-8080-exec-6] DEBUG o.s.security.web.FilterChainProxy - /img/1.JPG at position 9 of 12 in additional filter chain; firing Filter: 'AnonymousAuthenticationFilter'
269524 [http-nio-8080-exec-6] DEBUG o.s.s.w.a.AnonymousAuthenticationFilter - Populated SecurityContextHolder with anonymous token: 'org.springframework.security.authentication.AnonymousAuthenticationToken@6fa90ed4: Principal: anonymousUser; Credentials: [PROTECTED]; Authenticated: true; Details: org.springframework.security.web.authentication.WebAuthenticationDetails@fffc7f0c: RemoteIpAddress: 127.0.0.1; SessionId: 3804353C2C2C151F407CA4B277564A11; Granted Authorities: ROLE_ANONYMOUS'
269524 [http-nio-8080-exec-6] DEBUG o.s.security.web.FilterChainProxy - /img/1.JPG at position 10 of 12 in additional filter chain; firing Filter: 'SessionManagementFilter'
269524 [http-nio-8080-exec-6] DEBUG o.s.security.web.FilterChainProxy - /img/1.JPG at position 11 of 12 in additional filter chain; firing Filter: 'ExceptionTranslationFilter'
269524 [http-nio-8080-exec-6] DEBUG o.s.security.web.FilterChainProxy - /img/1.JPG at position 12 of 12 in additional filter chain; firing Filter: 'FilterSecurityInterceptor'
269524 [http-nio-8080-exec-6] DEBUG o.s.s.w.u.m.AntPathRequestMatcher - Request 'GET /img/1.JPG' doesn't match 'POST /logout
269524 [http-nio-8080-exec-6] DEBUG o.s.s.w.u.m.AntPathRequestMatcher - Checking match of request : '/img/1.JPG'; against '/bootstrap/**'
269524 [http-nio-8080-exec-6] DEBUG o.s.s.w.u.m.AntPathRequestMatcher - Checking match of request : '/img/1.JPG'; against '/error/**'
269524 [http-nio-8080-exec-6] DEBUG o.s.s.w.u.m.AntPathRequestMatcher - Checking match of request : '/img/1.JPG'; against '/img/**'
269524 [http-nio-8080-exec-6] DEBUG o.s.s.w.a.i.FilterSecurityInterceptor - Secure object: FilterInvocation: URL: /img/1.JPG; Attributes: [permitAll]
269524 [http-nio-8080-exec-6] DEBUG o.s.s.w.a.i.FilterSecurityInterceptor - Previously Authenticated: org.springframework.security.authentication.AnonymousAuthenticationToken@6fa90ed4: Principal: anonymousUser; Credentials: [PROTECTED]; Authenticated: true; Details: org.springframework.security.web.authentication.WebAuthenticationDetails@fffc7f0c: RemoteIpAddress: 127.0.0.1; SessionId: 3804353C2C2C151F407CA4B277564A11; Granted Authorities: ROLE_ANONYMOUS
269525 [http-nio-8080-exec-6] DEBUG o.s.s.access.vote.AffirmativeBased - Voter: org.springframework.security.web.access.expression.WebExpressionVoter@4007c9ec, returned: 1
269525 [http-nio-8080-exec-6] DEBUG o.s.s.w.a.i.FilterSecurityInterceptor - Authorization successful
269525 [http-nio-8080-exec-6] DEBUG o.s.s.w.a.i.FilterSecurityInterceptor - RunAsManager did not change Authentication object
269525 [http-nio-8080-exec-6] DEBUG o.s.security.web.FilterChainProxy - /img/1.JPG reached end of additional filter chain; proceeding with original chain
269526 [http-nio-8080-exec-6] DEBUG o.s.s.w.c.HttpSessionSecurityContextRepository - SecurityContext is empty or contents are anonymous - context will not be stored in HttpSession.
269529 [http-nio-8080-exec-6] DEBUG o.s.s.w.a.ExceptionTranslationFilter - Chain processed normally
269529 [http-nio-8080-exec-6] DEBUG o.s.s.w.c.SecurityContextPersistenceFilter - SecurityContextHolder now cleared, as request processing completed
269556 [http-nio-8080-exec-4] DEBUG o.s.s.w.u.matcher.OrRequestMatcher - Trying to match using Ant [pattern='/css/**']
269556 [http-nio-8080-exec-4] DEBUG o.s.s.w.u.m.AntPathRequestMatcher - Checking match of request : '/img/1.JPG'; against '/css/**'
269556 [http-nio-8080-exec-4] DEBUG o.s.s.w.u.matcher.OrRequestMatcher - Trying to match using Ant [pattern='/js/**']
269556 [http-nio-8080-exec-4] DEBUG o.s.s.w.u.m.AntPathRequestMatcher - Checking match of request : '/img/1.JPG'; against '/js/**'
269556 [http-nio-8080-exec-4] DEBUG o.s.s.w.u.matcher.OrRequestMatcher - Trying to match using Ant [pattern='/images/**']
269556 [http-nio-8080-exec-4] DEBUG o.s.s.w.u.m.AntPathRequestMatcher - Checking match of request : '/img/1.JPG'; against '/images/**'
269556 [http-nio-8080-exec-4] DEBUG o.s.s.w.u.matcher.OrRequestMatcher - Trying to match using Ant [pattern='/webjars/**']
269556 [http-nio-8080-exec-4] DEBUG o.s.s.w.u.m.AntPathRequestMatcher - Checking match of request : '/img/1.JPG'; against '/webjars/**'
269556 [http-nio-8080-exec-4] DEBUG o.s.s.w.u.matcher.OrRequestMatcher - Trying to match using Ant [pattern='/**/favicon.ico']
269556 [http-nio-8080-exec-4] DEBUG o.s.s.w.u.m.AntPathRequestMatcher - Checking match of request : '/img/1.JPG'; against '/**/favicon.ico'
269556 [http-nio-8080-exec-4] DEBUG o.s.s.w.u.matcher.OrRequestMatcher - Trying to match using Ant [pattern='/error']
269556 [http-nio-8080-exec-4] DEBUG o.s.s.w.u.m.AntPathRequestMatcher - Checking match of request : '/img/1.JPG'; against '/error'
269556 [http-nio-8080-exec-4] DEBUG o.s.s.w.u.matcher.OrRequestMatcher - No matches found
269556 [http-nio-8080-exec-4] DEBUG o.s.security.web.FilterChainProxy - /img/1.JPG at position 1 of 12 in additional filter chain; firing Filter: 'WebAsyncManagerIntegrationFilter'
269556 [http-nio-8080-exec-4] DEBUG o.s.security.web.FilterChainProxy - /img/1.JPG at position 2 of 12 in additional filter chain; firing Filter: 'SecurityContextPersistenceFilter'
269556 [http-nio-8080-exec-4] DEBUG o.s.s.w.c.HttpSessionSecurityContextRepository - HttpSession returned null object for SPRING_SECURITY_CONTEXT
269556 [http-nio-8080-exec-4] DEBUG o.s.s.w.c.HttpSessionSecurityContextRepository - No SecurityContext was available from the HttpSession: org.apache.catalina.session.StandardSessionFacade@7b39f03f. A new one will be created.
269556 [http-nio-8080-exec-4] DEBUG o.s.security.web.FilterChainProxy - /img/1.JPG at position 3 of 12 in additional filter chain; firing Filter: 'HeaderWriterFilter'
269556 [http-nio-8080-exec-4] DEBUG o.s.s.w.h.writers.HstsHeaderWriter - Not injecting HSTS header since it did not match the requestMatcher org.springframework.security.web.header.writers.HstsHeaderWriter$SecureRequestMatcher@7f066b80
269556 [http-nio-8080-exec-4] DEBUG o.s.security.web.FilterChainProxy - /img/1.JPG at position 4 of 12 in additional filter chain; firing Filter: 'CsrfFilter'
269556 [http-nio-8080-exec-4] DEBUG o.s.security.web.FilterChainProxy - /img/1.JPG at position 5 of 12 in additional filter chain; firing Filter: 'LogoutFilter'
269557 [http-nio-8080-exec-4] DEBUG o.s.s.w.u.m.AntPathRequestMatcher - Request 'GET /img/1.JPG' doesn't match 'POST /logout
269557 [http-nio-8080-exec-4] DEBUG o.s.security.web.FilterChainProxy - /img/1.JPG at position 6 of 12 in additional filter chain; firing Filter: 'UsernamePasswordAuthenticationFilter'
269557 [http-nio-8080-exec-4] DEBUG o.s.s.w.u.m.AntPathRequestMatcher - Request 'GET /img/1.JPG' doesn't match 'POST /login
269557 [http-nio-8080-exec-4] DEBUG o.s.security.web.FilterChainProxy - /img/1.JPG at position 7 of 12 in additional filter chain; firing Filter: 'RequestCacheAwareFilter'
269557 [http-nio-8080-exec-4] DEBUG o.s.s.w.s.DefaultSavedRequest - pathInfo: both null (property equals)
269557 [http-nio-8080-exec-4] DEBUG o.s.s.w.s.DefaultSavedRequest - queryString: both null (property equals)
269557 [http-nio-8080-exec-4] DEBUG o.s.s.w.s.DefaultSavedRequest - requestURI: arg1=/logout; arg2=/img/1.JPG (property not equals)
269558 [http-nio-8080-exec-4] DEBUG o.s.s.w.s.HttpSessionRequestCache - saved request doesn't match
269558 [http-nio-8080-exec-4] DEBUG o.s.security.web.FilterChainProxy - /img/1.JPG at position 8 of 12 in additional filter chain; firing Filter: 'SecurityContextHolderAwareRequestFilter'
269558 [http-nio-8080-exec-4] DEBUG o.s.security.web.FilterChainProxy - /img/1.JPG at position 9 of 12 in additional filter chain; firing Filter: 'AnonymousAuthenticationFilter'
269558 [http-nio-8080-exec-4] DEBUG o.s.s.w.a.AnonymousAuthenticationFilter - Populated SecurityContextHolder with anonymous token: 'org.springframework.security.authentication.AnonymousAuthenticationToken@6fa90ed4: Principal: anonymousUser; Credentials: [PROTECTED]; Authenticated: true; Details: org.springframework.security.web.authentication.WebAuthenticationDetails@fffc7f0c: RemoteIpAddress: 127.0.0.1; SessionId: 3804353C2C2C151F407CA4B277564A11; Granted Authorities: ROLE_ANONYMOUS'
269558 [http-nio-8080-exec-4] DEBUG o.s.security.web.FilterChainProxy - /img/1.JPG at position 10 of 12 in additional filter chain; firing Filter: 'SessionManagementFilter'
269558 [http-nio-8080-exec-4] DEBUG o.s.security.web.FilterChainProxy - /img/1.JPG at position 11 of 12 in additional filter chain; firing Filter: 'ExceptionTranslationFilter'
269558 [http-nio-8080-exec-4] DEBUG o.s.security.web.FilterChainProxy - /img/1.JPG at position 12 of 12 in additional filter chain; firing Filter: 'FilterSecurityInterceptor'
269558 [http-nio-8080-exec-4] DEBUG o.s.s.w.u.m.AntPathRequestMatcher - Request 'GET /img/1.JPG' doesn't match 'POST /logout
269558 [http-nio-8080-exec-4] DEBUG o.s.s.w.u.m.AntPathRequestMatcher - Checking match of request : '/img/1.JPG'; against '/bootstrap/**'
269558 [http-nio-8080-exec-4] DEBUG o.s.s.w.u.m.AntPathRequestMatcher - Checking match of request : '/img/1.JPG'; against '/error/**'
269558 [http-nio-8080-exec-4] DEBUG o.s.s.w.u.m.AntPathRequestMatcher - Checking match of request : '/img/1.JPG'; against '/img/**'
269558 [http-nio-8080-exec-4] DEBUG o.s.s.w.a.i.FilterSecurityInterceptor - Secure object: FilterInvocation: URL: /img/1.JPG; Attributes: [permitAll]
269558 [http-nio-8080-exec-4] DEBUG o.s.s.w.a.i.FilterSecurityInterceptor - Previously Authenticated: org.springframework.security.authentication.AnonymousAuthenticationToken@6fa90ed4: Principal: anonymousUser; Credentials: [PROTECTED]; Authenticated: true; Details: org.springframework.security.web.authentication.WebAuthenticationDetails@fffc7f0c: RemoteIpAddress: 127.0.0.1; SessionId: 3804353C2C2C151F407CA4B277564A11; Granted Authorities: ROLE_ANONYMOUS
269558 [http-nio-8080-exec-4] DEBUG o.s.s.access.vote.AffirmativeBased - Voter: org.springframework.security.web.access.expression.WebExpressionVoter@4007c9ec, returned: 1
269558 [http-nio-8080-exec-4] DEBUG o.s.s.w.a.i.FilterSecurityInterceptor - Authorization successful
269558 [http-nio-8080-exec-4] DEBUG o.s.s.w.a.i.FilterSecurityInterceptor - RunAsManager did not change Authentication object
269558 [http-nio-8080-exec-4] DEBUG o.s.security.web.FilterChainProxy - /img/1.JPG reached end of additional filter chain; proceeding with original chain
269559 [http-nio-8080-exec-4] DEBUG o.s.s.w.c.HttpSessionSecurityContextRepository - SecurityContext is empty or contents are anonymous - context will not be stored in HttpSession.
269560 [http-nio-8080-exec-5] DEBUG o.s.s.w.u.matcher.OrRequestMatcher - Trying to match using Ant [pattern='/css/**']
269560 [http-nio-8080-exec-5] DEBUG o.s.s.w.u.m.AntPathRequestMatcher - Checking match of request : '/bootstrap/fonts/glyphicons-halflings-regular.woff2'; against '/css/**'
269560 [http-nio-8080-exec-5] DEBUG o.s.s.w.u.matcher.OrRequestMatcher - Trying to match using Ant [pattern='/js/**']
269560 [http-nio-8080-exec-5] DEBUG o.s.s.w.u.m.AntPathRequestMatcher - Checking match of request : '/bootstrap/fonts/glyphicons-halflings-regular.woff2'; against '/js/**'
269560 [http-nio-8080-exec-5] DEBUG o.s.s.w.u.matcher.OrRequestMatcher - Trying to match using Ant [pattern='/images/**']
269560 [http-nio-8080-exec-5] DEBUG o.s.s.w.u.m.AntPathRequestMatcher - Checking match of request : '/bootstrap/fonts/glyphicons-halflings-regular.woff2'; against '/images/**'
269560 [http-nio-8080-exec-5] DEBUG o.s.s.w.u.matcher.OrRequestMatcher - Trying to match using Ant [pattern='/webjars/**']
269560 [http-nio-8080-exec-5] DEBUG o.s.s.w.u.m.AntPathRequestMatcher - Checking match of request : '/bootstrap/fonts/glyphicons-halflings-regular.woff2'; against '/webjars/**'
269560 [http-nio-8080-exec-5] DEBUG o.s.s.w.u.matcher.OrRequestMatcher - Trying to match using Ant [pattern='/**/favicon.ico']
269560 [http-nio-8080-exec-5] DEBUG o.s.s.w.u.m.AntPathRequestMatcher - Checking match of request : '/bootstrap/fonts/glyphicons-halflings-regular.woff2'; against '/**/favicon.ico'
269560 [http-nio-8080-exec-5] DEBUG o.s.s.w.u.matcher.OrRequestMatcher - Trying to match using Ant [pattern='/error']
269560 [http-nio-8080-exec-5] DEBUG o.s.s.w.u.m.AntPathRequestMatcher - Checking match of request : '/bootstrap/fonts/glyphicons-halflings-regular.woff2'; against '/error'
269560 [http-nio-8080-exec-5] DEBUG o.s.s.w.u.matcher.OrRequestMatcher - No matches found
269560 [http-nio-8080-exec-5] DEBUG o.s.security.web.FilterChainProxy - /bootstrap/fonts/glyphicons-halflings-regular.woff2 at position 1 of 12 in additional filter chain; firing Filter: 'WebAsyncManagerIntegrationFilter'
269560 [http-nio-8080-exec-5] DEBUG o.s.security.web.FilterChainProxy - /bootstrap/fonts/glyphicons-halflings-regular.woff2 at position 2 of 12 in additional filter chain; firing Filter: 'SecurityContextPersistenceFilter'
269560 [http-nio-8080-exec-5] DEBUG o.s.s.w.c.HttpSessionSecurityContextRepository - HttpSession returned null object for SPRING_SECURITY_CONTEXT
269560 [http-nio-8080-exec-5] DEBUG o.s.s.w.c.HttpSessionSecurityContextRepository - No SecurityContext was available from the HttpSession: org.apache.catalina.session.StandardSessionFacade@7b39f03f. A new one will be created.
269560 [http-nio-8080-exec-5] DEBUG o.s.security.web.FilterChainProxy - /bootstrap/fonts/glyphicons-halflings-regular.woff2 at position 3 of 12 in additional filter chain; firing Filter: 'HeaderWriterFilter'
269560 [http-nio-8080-exec-5] DEBUG o.s.s.w.h.writers.HstsHeaderWriter - Not injecting HSTS header since it did not match the requestMatcher org.springframework.security.web.header.writers.HstsHeaderWriter$SecureRequestMatcher@7f066b80
269560 [http-nio-8080-exec-5] DEBUG o.s.security.web.FilterChainProxy - /bootstrap/fonts/glyphicons-halflings-regular.woff2 at position 4 of 12 in additional filter chain; firing Filter: 'CsrfFilter'
269560 [http-nio-8080-exec-5] DEBUG o.s.security.web.FilterChainProxy - /bootstrap/fonts/glyphicons-halflings-regular.woff2 at position 5 of 12 in additional filter chain; firing Filter: 'LogoutFilter'
269560 [http-nio-8080-exec-5] DEBUG o.s.s.w.u.m.AntPathRequestMatcher - Request 'GET /bootstrap/fonts/glyphicons-halflings-regular.woff2' doesn't match 'POST /logout
269560 [http-nio-8080-exec-5] DEBUG o.s.security.web.FilterChainProxy - /bootstrap/fonts/glyphicons-halflings-regular.woff2 at position 6 of 12 in additional filter chain; firing Filter: 'UsernamePasswordAuthenticationFilter'
269560 [http-nio-8080-exec-5] DEBUG o.s.s.w.u.m.AntPathRequestMatcher - Request 'GET /bootstrap/fonts/glyphicons-halflings-regular.woff2' doesn't match 'POST /login
269561 [http-nio-8080-exec-5] DEBUG o.s.security.web.FilterChainProxy - /bootstrap/fonts/glyphicons-halflings-regular.woff2 at position 7 of 12 in additional filter chain; firing Filter: 'RequestCacheAwareFilter'
269561 [http-nio-8080-exec-5] DEBUG o.s.s.w.s.DefaultSavedRequest - pathInfo: both null (property equals)
269561 [http-nio-8080-exec-5] DEBUG o.s.s.w.s.DefaultSavedRequest - queryString: both null (property equals)
269561 [http-nio-8080-exec-5] DEBUG o.s.s.w.s.DefaultSavedRequest - requestURI: arg1=/logout; arg2=/bootstrap/fonts/glyphicons-halflings-regular.woff2 (property not equals)
269561 [http-nio-8080-exec-5] DEBUG o.s.s.w.s.HttpSessionRequestCache - saved request doesn't match
269561 [http-nio-8080-exec-5] DEBUG o.s.security.web.FilterChainProxy - /bootstrap/fonts/glyphicons-halflings-regular.woff2 at position 8 of 12 in additional filter chain; firing Filter: 'SecurityContextHolderAwareRequestFilter'
269561 [http-nio-8080-exec-5] DEBUG o.s.security.web.FilterChainProxy - /bootstrap/fonts/glyphicons-halflings-regular.woff2 at position 9 of 12 in additional filter chain; firing Filter: 'AnonymousAuthenticationFilter'
269561 [http-nio-8080-exec-5] DEBUG o.s.s.w.a.AnonymousAuthenticationFilter - Populated SecurityContextHolder with anonymous token: 'org.springframework.security.authentication.AnonymousAuthenticationToken@6fa90ed4: Principal: anonymousUser; Credentials: [PROTECTED]; Authenticated: true; Details: org.springframework.security.web.authentication.WebAuthenticationDetails@fffc7f0c: RemoteIpAddress: 127.0.0.1; SessionId: 3804353C2C2C151F407CA4B277564A11; Granted Authorities: ROLE_ANONYMOUS'
269561 [http-nio-8080-exec-5] DEBUG o.s.security.web.FilterChainProxy - /bootstrap/fonts/glyphicons-halflings-regular.woff2 at position 10 of 12 in additional filter chain; firing Filter: 'SessionManagementFilter'
269561 [http-nio-8080-exec-5] DEBUG o.s.security.web.FilterChainProxy - /bootstrap/fonts/glyphicons-halflings-regular.woff2 at position 11 of 12 in additional filter chain; firing Filter: 'ExceptionTranslationFilter'
269561 [http-nio-8080-exec-5] DEBUG o.s.security.web.FilterChainProxy - /bootstrap/fonts/glyphicons-halflings-regular.woff2 at position 12 of 12 in additional filter chain; firing Filter: 'FilterSecurityInterceptor'
269561 [http-nio-8080-exec-5] DEBUG o.s.s.w.u.m.AntPathRequestMatcher - Request 'GET /bootstrap/fonts/glyphicons-halflings-regular.woff2' doesn't match 'POST /logout
269561 [http-nio-8080-exec-5] DEBUG o.s.s.w.u.m.AntPathRequestMatcher - Checking match of request : '/bootstrap/fonts/glyphicons-halflings-regular.woff2'; against '/bootstrap/**'
269561 [http-nio-8080-exec-5] DEBUG o.s.s.w.a.i.FilterSecurityInterceptor - Secure object: FilterInvocation: URL: /bootstrap/fonts/glyphicons-halflings-regular.woff2; Attributes: [permitAll]
269561 [http-nio-8080-exec-5] DEBUG o.s.s.w.a.i.FilterSecurityInterceptor - Previously Authenticated: org.springframework.security.authentication.AnonymousAuthenticationToken@6fa90ed4: Principal: anonymousUser; Credentials: [PROTECTED]; Authenticated: true; Details: org.springframework.security.web.authentication.WebAuthenticationDetails@fffc7f0c: RemoteIpAddress: 127.0.0.1; SessionId: 3804353C2C2C151F407CA4B277564A11; Granted Authorities: ROLE_ANONYMOUS
269561 [http-nio-8080-exec-5] DEBUG o.s.s.access.vote.AffirmativeBased - Voter: org.springframework.security.web.access.expression.WebExpressionVoter@4007c9ec, returned: 1
269561 [http-nio-8080-exec-5] DEBUG o.s.s.w.a.i.FilterSecurityInterceptor - Authorization successful
269561 [http-nio-8080-exec-5] DEBUG o.s.s.w.a.i.FilterSecurityInterceptor - RunAsManager did not change Authentication object
269561 [http-nio-8080-exec-5] DEBUG o.s.security.web.FilterChainProxy - /bootstrap/fonts/glyphicons-halflings-regular.woff2 reached end of additional filter chain; proceeding with original chain
269562 [http-nio-8080-exec-4] DEBUG o.s.s.w.a.ExceptionTranslationFilter - Chain processed normally
269562 [http-nio-8080-exec-4] DEBUG o.s.s.w.c.SecurityContextPersistenceFilter - SecurityContextHolder now cleared, as request processing completed
269563 [http-nio-8080-exec-5] DEBUG o.s.s.w.c.HttpSessionSecurityContextRepository - SecurityContext is empty or contents are anonymous - context will not be stored in HttpSession.
269564 [http-nio-8080-exec-5] DEBUG o.s.s.w.a.ExceptionTranslationFilter - Chain processed normally
269564 [http-nio-8080-exec-5] DEBUG o.s.s.w.c.SecurityContextPersistenceFilter - SecurityContextHolder now cleared, as request processing completed
269595 [http-nio-8080-exec-7] DEBUG o.s.s.w.u.matcher.OrRequestMatcher - Trying to match using Ant [pattern='/css/**']
269595 [http-nio-8080-exec-7] DEBUG o.s.s.w.u.m.AntPathRequestMatcher - Checking match of request : '/favicon.ico'; against '/css/**'
269595 [http-nio-8080-exec-7] DEBUG o.s.s.w.u.matcher.OrRequestMatcher - Trying to match using Ant [pattern='/js/**']
269595 [http-nio-8080-exec-7] DEBUG o.s.s.w.u.m.AntPathRequestMatcher - Checking match of request : '/favicon.ico'; against '/js/**'
269595 [http-nio-8080-exec-7] DEBUG o.s.s.w.u.matcher.OrRequestMatcher - Trying to match using Ant [pattern='/images/**']
269595 [http-nio-8080-exec-7] DEBUG o.s.s.w.u.m.AntPathRequestMatcher - Checking match of request : '/favicon.ico'; against '/images/**'
269595 [http-nio-8080-exec-7] DEBUG o.s.s.w.u.matcher.OrRequestMatcher - Trying to match using Ant [pattern='/webjars/**']
269595 [http-nio-8080-exec-7] DEBUG o.s.s.w.u.m.AntPathRequestMatcher - Checking match of request : '/favicon.ico'; against '/webjars/**'
269595 [http-nio-8080-exec-7] DEBUG o.s.s.w.u.matcher.OrRequestMatcher - Trying to match using Ant [pattern='/**/favicon.ico']
269595 [http-nio-8080-exec-7] DEBUG o.s.s.w.u.m.AntPathRequestMatcher - Checking match of request : '/favicon.ico'; against '/**/favicon.ico'
269595 [http-nio-8080-exec-7] DEBUG o.s.s.w.u.matcher.OrRequestMatcher - matched
269595 [http-nio-8080-exec-7] DEBUG o.s.security.web.FilterChainProxy - /favicon.ico has an empty filter list
270062 [http-nio-8080-exec-8] DEBUG o.s.s.w.u.matcher.OrRequestMatcher - Trying to match using Ant [pattern='/css/**']
270062 [http-nio-8080-exec-8] DEBUG o.s.s.w.u.m.AntPathRequestMatcher - Checking match of request : '/'; against '/css/**'
270062 [http-nio-8080-exec-8] DEBUG o.s.s.w.u.matcher.OrRequestMatcher - Trying to match using Ant [pattern='/js/**']
270062 [http-nio-8080-exec-8] DEBUG o.s.s.w.u.m.AntPathRequestMatcher - Checking match of request : '/'; against '/js/**'
270062 [http-nio-8080-exec-8] DEBUG o.s.s.w.u.matcher.OrRequestMatcher - Trying to match using Ant [pattern='/images/**']
270062 [http-nio-8080-exec-8] DEBUG o.s.s.w.u.m.AntPathRequestMatcher - Checking match of request : '/'; against '/images/**'
270062 [http-nio-8080-exec-8] DEBUG o.s.s.w.u.matcher.OrRequestMatcher - Trying to match using Ant [pattern='/webjars/**']
270062 [http-nio-8080-exec-8] DEBUG o.s.s.w.u.m.AntPathRequestMatcher - Checking match of request : '/'; against '/webjars/**'
270062 [http-nio-8080-exec-8] DEBUG o.s.s.w.u.matcher.OrRequestMatcher - Trying to match using Ant [pattern='/**/favicon.ico']
270062 [http-nio-8080-exec-8] DEBUG o.s.s.w.u.m.AntPathRequestMatcher - Checking match of request : '/'; against '/**/favicon.ico'
270062 [http-nio-8080-exec-8] DEBUG o.s.s.w.u.matcher.OrRequestMatcher - Trying to match using Ant [pattern='/error']
270062 [http-nio-8080-exec-8] DEBUG o.s.s.w.u.m.AntPathRequestMatcher - Checking match of request : '/'; against '/error'
270062 [http-nio-8080-exec-8] DEBUG o.s.s.w.u.matcher.OrRequestMatcher - No matches found
270062 [http-nio-8080-exec-8] DEBUG o.s.security.web.FilterChainProxy - / at position 1 of 12 in additional filter chain; firing Filter: 'WebAsyncManagerIntegrationFilter'
270063 [http-nio-8080-exec-8] DEBUG o.s.security.web.FilterChainProxy - / at position 2 of 12 in additional filter chain; firing Filter: 'SecurityContextPersistenceFilter'
270063 [http-nio-8080-exec-8] DEBUG o.s.s.w.c.HttpSessionSecurityContextRepository - HttpSession returned null object for SPRING_SECURITY_CONTEXT
270063 [http-nio-8080-exec-8] DEBUG o.s.s.w.c.HttpSessionSecurityContextRepository - No SecurityContext was available from the HttpSession: org.apache.catalina.session.StandardSessionFacade@7b39f03f. A new one will be created.
270063 [http-nio-8080-exec-8] DEBUG o.s.security.web.FilterChainProxy - / at position 3 of 12 in additional filter chain; firing Filter: 'HeaderWriterFilter'
270063 [http-nio-8080-exec-8] DEBUG o.s.s.w.h.writers.HstsHeaderWriter - Not injecting HSTS header since it did not match the requestMatcher org.springframework.security.web.header.writers.HstsHeaderWriter$SecureRequestMatcher@7f066b80
270063 [http-nio-8080-exec-8] DEBUG o.s.security.web.FilterChainProxy - / at position 4 of 12 in additional filter chain; firing Filter: 'CsrfFilter'
270063 [http-nio-8080-exec-8] DEBUG o.s.security.web.FilterChainProxy - / at position 5 of 12 in additional filter chain; firing Filter: 'LogoutFilter'
270063 [http-nio-8080-exec-8] DEBUG o.s.s.w.u.m.AntPathRequestMatcher - Request 'GET /' doesn't match 'POST /logout
270063 [http-nio-8080-exec-8] DEBUG o.s.security.web.FilterChainProxy - / at position 6 of 12 in additional filter chain; firing Filter: 'UsernamePasswordAuthenticationFilter'
270063 [http-nio-8080-exec-8] DEBUG o.s.s.w.u.m.AntPathRequestMatcher - Request 'GET /' doesn't match 'POST /login
270063 [http-nio-8080-exec-8] DEBUG o.s.security.web.FilterChainProxy - / at position 7 of 12 in additional filter chain; firing Filter: 'RequestCacheAwareFilter'
270063 [http-nio-8080-exec-8] DEBUG o.s.s.w.s.DefaultSavedRequest - pathInfo: both null (property equals)
270063 [http-nio-8080-exec-8] DEBUG o.s.s.w.s.DefaultSavedRequest - queryString: both null (property equals)
270063 [http-nio-8080-exec-8] DEBUG o.s.s.w.s.DefaultSavedRequest - requestURI: arg1=/logout; arg2=/ (property not equals)
270063 [http-nio-8080-exec-8] DEBUG o.s.s.w.s.HttpSessionRequestCache - saved request doesn't match
270067 [http-nio-8080-exec-8] DEBUG o.s.security.web.FilterChainProxy - / at position 8 of 12 in additional filter chain; firing Filter: 'SecurityContextHolderAwareRequestFilter'
270067 [http-nio-8080-exec-8] DEBUG o.s.security.web.FilterChainProxy - / at position 9 of 12 in additional filter chain; firing Filter: 'AnonymousAuthenticationFilter'
270067 [http-nio-8080-exec-8] DEBUG o.s.s.w.a.AnonymousAuthenticationFilter - Populated SecurityContextHolder with anonymous token: 'org.springframework.security.authentication.AnonymousAuthenticationToken@6fa90ed4: Principal: anonymousUser; Credentials: [PROTECTED]; Authenticated: true; Details: org.springframework.security.web.authentication.WebAuthenticationDetails@fffc7f0c: RemoteIpAddress: 127.0.0.1; SessionId: 3804353C2C2C151F407CA4B277564A11; Granted Authorities: ROLE_ANONYMOUS'
270067 [http-nio-8080-exec-8] DEBUG o.s.security.web.FilterChainProxy - / at position 10 of 12 in additional filter chain; firing Filter: 'SessionManagementFilter'
270067 [http-nio-8080-exec-8] DEBUG o.s.security.web.FilterChainProxy - / at position 11 of 12 in additional filter chain; firing Filter: 'ExceptionTranslationFilter'
270067 [http-nio-8080-exec-8] DEBUG o.s.security.web.FilterChainProxy - / at position 12 of 12 in additional filter chain; firing Filter: 'FilterSecurityInterceptor'
270067 [http-nio-8080-exec-8] DEBUG o.s.s.w.u.m.AntPathRequestMatcher - Request 'GET /' doesn't match 'POST /logout
270067 [http-nio-8080-exec-8] DEBUG o.s.s.w.u.m.AntPathRequestMatcher - Checking match of request : '/'; against '/bootstrap/**'
270067 [http-nio-8080-exec-8] DEBUG o.s.s.w.u.m.AntPathRequestMatcher - Checking match of request : '/'; against '/error/**'
270067 [http-nio-8080-exec-8] DEBUG o.s.s.w.u.m.AntPathRequestMatcher - Checking match of request : '/'; against '/img/**'
270068 [http-nio-8080-exec-8] DEBUG o.s.s.w.u.m.AntPathRequestMatcher - Checking match of request : '/'; against '/jquery/**'
270068 [http-nio-8080-exec-8] DEBUG o.s.s.w.u.m.AntPathRequestMatcher - Checking match of request : '/'; against '/index.html'
270068 [http-nio-8080-exec-8] DEBUG o.s.s.w.u.m.AntPathRequestMatcher - Request '/' matched by universal pattern '/**'
270068 [http-nio-8080-exec-8] DEBUG o.s.s.w.a.i.FilterSecurityInterceptor - Secure object: FilterInvocation: URL: /; Attributes: [permitAll]
270068 [http-nio-8080-exec-8] DEBUG o.s.s.w.a.i.FilterSecurityInterceptor - Previously Authenticated: org.springframework.security.authentication.AnonymousAuthenticationToken@6fa90ed4: Principal: anonymousUser; Credentials: [PROTECTED]; Authenticated: true; Details: org.springframework.security.web.authentication.WebAuthenticationDetails@fffc7f0c: RemoteIpAddress: 127.0.0.1; SessionId: 3804353C2C2C151F407CA4B277564A11; Granted Authorities: ROLE_ANONYMOUS
270068 [http-nio-8080-exec-8] DEBUG o.s.s.access.vote.AffirmativeBased - Voter: org.springframework.security.web.access.expression.WebExpressionVoter@4007c9ec, returned: 1
270068 [http-nio-8080-exec-8] DEBUG o.s.s.w.a.i.FilterSecurityInterceptor - Authorization successful
270068 [http-nio-8080-exec-8] DEBUG o.s.s.w.a.i.FilterSecurityInterceptor - RunAsManager did not change Authentication object
270068 [http-nio-8080-exec-8] DEBUG o.s.security.web.FilterChainProxy - / reached end of additional filter chain; proceeding with original chain
270074 [http-nio-8080-exec-8] DEBUG o.s.s.w.u.matcher.OrRequestMatcher - Trying to match using Ant [pattern='/css/**']
270074 [http-nio-8080-exec-8] DEBUG o.s.s.w.u.m.AntPathRequestMatcher - Checking match of request : '/index.html'; against '/css/**'
270074 [http-nio-8080-exec-8] DEBUG o.s.s.w.u.matcher.OrRequestMatcher - Trying to match using Ant [pattern='/js/**']
270074 [http-nio-8080-exec-8] DEBUG o.s.s.w.u.m.AntPathRequestMatcher - Checking match of request : '/index.html'; against '/js/**'
270074 [http-nio-8080-exec-8] DEBUG o.s.s.w.u.matcher.OrRequestMatcher - Trying to match using Ant [pattern='/images/**']
270074 [http-nio-8080-exec-8] DEBUG o.s.s.w.u.m.AntPathRequestMatcher - Checking match of request : '/index.html'; against '/images/**'
270074 [http-nio-8080-exec-8] DEBUG o.s.s.w.u.matcher.OrRequestMatcher - Trying to match using Ant [pattern='/webjars/**']
270074 [http-nio-8080-exec-8] DEBUG o.s.s.w.u.m.AntPathRequestMatcher - Checking match of request : '/index.html'; against '/webjars/**'
270074 [http-nio-8080-exec-8] DEBUG o.s.s.w.u.matcher.OrRequestMatcher - Trying to match using Ant [pattern='/**/favicon.ico']
270074 [http-nio-8080-exec-8] DEBUG o.s.s.w.u.m.AntPathRequestMatcher - Checking match of request : '/index.html'; against '/**/favicon.ico'
270074 [http-nio-8080-exec-8] DEBUG o.s.s.w.u.matcher.OrRequestMatcher - Trying to match using Ant [pattern='/error']
270074 [http-nio-8080-exec-8] DEBUG o.s.s.w.u.m.AntPathRequestMatcher - Checking match of request : '/index.html'; against '/error'
270074 [http-nio-8080-exec-8] DEBUG o.s.s.w.u.matcher.OrRequestMatcher - No matches found
270074 [http-nio-8080-exec-8] DEBUG o.s.security.web.FilterChainProxy - /index.html at position 1 of 12 in additional filter chain; firing Filter: 'WebAsyncManagerIntegrationFilter'
270074 [http-nio-8080-exec-8] DEBUG o.s.security.web.FilterChainProxy - /index.html at position 2 of 12 in additional filter chain; firing Filter: 'SecurityContextPersistenceFilter'
270075 [http-nio-8080-exec-8] DEBUG o.s.security.web.FilterChainProxy - /index.html at position 3 of 12 in additional filter chain; firing Filter: 'HeaderWriterFilter'
270075 [http-nio-8080-exec-8] DEBUG o.s.security.web.FilterChainProxy - /index.html at position 4 of 12 in additional filter chain; firing Filter: 'CsrfFilter'
270075 [http-nio-8080-exec-8] DEBUG o.s.security.web.FilterChainProxy - /index.html at position 5 of 12 in additional filter chain; firing Filter: 'LogoutFilter'
270075 [http-nio-8080-exec-8] DEBUG o.s.s.w.u.m.AntPathRequestMatcher - Request 'GET /index.html' doesn't match 'POST /logout
270075 [http-nio-8080-exec-8] DEBUG o.s.security.web.FilterChainProxy - /index.html at position 6 of 12 in additional filter chain; firing Filter: 'UsernamePasswordAuthenticationFilter'
270075 [http-nio-8080-exec-8] DEBUG o.s.s.w.u.m.AntPathRequestMatcher - Request 'GET /index.html' doesn't match 'POST /login
270075 [http-nio-8080-exec-8] DEBUG o.s.security.web.FilterChainProxy - /index.html at position 7 of 12 in additional filter chain; firing Filter: 'RequestCacheAwareFilter'
270075 [http-nio-8080-exec-8] DEBUG o.s.s.w.s.DefaultSavedRequest - pathInfo: both null (property equals)
270075 [http-nio-8080-exec-8] DEBUG o.s.s.w.s.DefaultSavedRequest - queryString: both null (property equals)
270075 [http-nio-8080-exec-8] DEBUG o.s.s.w.s.DefaultSavedRequest - requestURI: arg1=/logout; arg2=/index.html (property not equals)
270075 [http-nio-8080-exec-8] DEBUG o.s.s.w.s.HttpSessionRequestCache - saved request doesn't match
270075 [http-nio-8080-exec-8] DEBUG o.s.security.web.FilterChainProxy - /index.html at position 8 of 12 in additional filter chain; firing Filter: 'SecurityContextHolderAwareRequestFilter'
270075 [http-nio-8080-exec-8] DEBUG o.s.security.web.FilterChainProxy - /index.html at position 9 of 12 in additional filter chain; firing Filter: 'AnonymousAuthenticationFilter'
270075 [http-nio-8080-exec-8] DEBUG o.s.s.w.a.AnonymousAuthenticationFilter - SecurityContextHolder not populated with anonymous token, as it already contained: 'org.springframework.security.authentication.AnonymousAuthenticationToken@6fa90ed4: Principal: anonymousUser; Credentials: [PROTECTED]; Authenticated: true; Details: org.springframework.security.web.authentication.WebAuthenticationDetails@fffc7f0c: RemoteIpAddress: 127.0.0.1; SessionId: 3804353C2C2C151F407CA4B277564A11; Granted Authorities: ROLE_ANONYMOUS'
270075 [http-nio-8080-exec-8] DEBUG o.s.security.web.FilterChainProxy - /index.html at position 10 of 12 in additional filter chain; firing Filter: 'SessionManagementFilter'
270075 [http-nio-8080-exec-8] DEBUG o.s.security.web.FilterChainProxy - /index.html at position 11 of 12 in additional filter chain; firing Filter: 'ExceptionTranslationFilter'
270075 [http-nio-8080-exec-8] DEBUG o.s.security.web.FilterChainProxy - /index.html at position 12 of 12 in additional filter chain; firing Filter: 'FilterSecurityInterceptor'
270076 [http-nio-8080-exec-8] DEBUG o.s.security.web.FilterChainProxy - /index.html reached end of additional filter chain; proceeding with original chain
270079 [http-nio-8080-exec-8] DEBUG o.s.s.w.c.HttpSessionSecurityContextRepository - SecurityContext is empty or contents are anonymous - context will not be stored in HttpSession.
270081 [http-nio-8080-exec-8] DEBUG o.s.s.w.a.ExceptionTranslationFilter - Chain processed normally
270081 [http-nio-8080-exec-8] DEBUG o.s.s.w.a.ExceptionTranslationFilter - Chain processed normally
270081 [http-nio-8080-exec-8] DEBUG o.s.s.w.c.SecurityContextPersistenceFilter - SecurityContextHolder now cleared, as request processing completed
270103 [http-nio-8080-exec-9] DEBUG o.s.s.w.u.matcher.OrRequestMatcher - Trying to match using Ant [pattern='/css/**']
270104 [http-nio-8080-exec-9] DEBUG o.s.s.w.u.m.AntPathRequestMatcher - Checking match of request : '/bootstrap/css/bootstrap.css'; against '/css/**'
270104 [http-nio-8080-exec-9] DEBUG o.s.s.w.u.matcher.OrRequestMatcher - Trying to match using Ant [pattern='/js/**']
270104 [http-nio-8080-exec-9] DEBUG o.s.s.w.u.m.AntPathRequestMatcher - Checking match of request : '/bootstrap/css/bootstrap.css'; against '/js/**'
270104 [http-nio-8080-exec-9] DEBUG o.s.s.w.u.matcher.OrRequestMatcher - Trying to match using Ant [pattern='/images/**']
270104 [http-nio-8080-exec-9] DEBUG o.s.s.w.u.m.AntPathRequestMatcher - Checking match of request : '/bootstrap/css/bootstrap.css'; against '/images/**'
270104 [http-nio-8080-exec-9] DEBUG o.s.s.w.u.matcher.OrRequestMatcher - Trying to match using Ant [pattern='/webjars/**']
270104 [http-nio-8080-exec-10] DEBUG o.s.s.w.u.matcher.OrRequestMatcher - Trying to match using Ant [pattern='/css/**']
270104 [http-nio-8080-exec-10] DEBUG o.s.s.w.u.m.AntPathRequestMatcher - Checking match of request : '/jquery/jquery-2.1.3.js'; against '/css/**'
270104 [http-nio-8080-exec-9] DEBUG o.s.s.w.u.m.AntPathRequestMatcher - Checking match of request : '/bootstrap/css/bootstrap.css'; against '/webjars/**'
270104 [http-nio-8080-exec-10] DEBUG o.s.s.w.u.matcher.OrRequestMatcher - Trying to match using Ant [pattern='/js/**']
270104 [http-nio-8080-exec-9] DEBUG o.s.s.w.u.matcher.OrRequestMatcher - Trying to match using Ant [pattern='/**/favicon.ico']
270104 [http-nio-8080-exec-10] DEBUG o.s.s.w.u.m.AntPathRequestMatcher - Checking match of request : '/jquery/jquery-2.1.3.js'; against '/js/**'
270104 [http-nio-8080-exec-3] DEBUG o.s.s.w.u.matcher.OrRequestMatcher - Trying to match using Ant [pattern='/css/**']
270104 [http-nio-8080-exec-9] DEBUG o.s.s.w.u.m.AntPathRequestMatcher - Checking match of request : '/bootstrap/css/bootstrap.css'; against '/**/favicon.ico'
270104 [http-nio-8080-exec-10] DEBUG o.s.s.w.u.matcher.OrRequestMatcher - Trying to match using Ant [pattern='/images/**']
270104 [http-nio-8080-exec-9] DEBUG o.s.s.w.u.matcher.OrRequestMatcher - Trying to match using Ant [pattern='/error']
270104 [http-nio-8080-exec-10] DEBUG o.s.s.w.u.m.AntPathRequestMatcher - Checking match of request : '/jquery/jquery-2.1.3.js'; against '/images/**'
270104 [http-nio-8080-exec-9] DEBUG o.s.s.w.u.m.AntPathRequestMatcher - Checking match of request : '/bootstrap/css/bootstrap.css'; against '/error'
270104 [http-nio-8080-exec-10] DEBUG o.s.s.w.u.matcher.OrRequestMatcher - Trying to match using Ant [pattern='/webjars/**']
270104 [http-nio-8080-exec-3] DEBUG o.s.s.w.u.m.AntPathRequestMatcher - Checking match of request : '/bootstrap/js/bootstrap.js'; against '/css/**'
270104 [http-nio-8080-exec-9] DEBUG o.s.s.w.u.matcher.OrRequestMatcher - No matches found
270104 [http-nio-8080-exec-10] DEBUG o.s.s.w.u.m.AntPathRequestMatcher - Checking match of request : '/jquery/jquery-2.1.3.js'; against '/webjars/**'
270104 [http-nio-8080-exec-9] DEBUG o.s.security.web.FilterChainProxy - /bootstrap/css/bootstrap.css at position 1 of 12 in additional filter chain; firing Filter: 'WebAsyncManagerIntegrationFilter'
270104 [http-nio-8080-exec-3] DEBUG o.s.s.w.u.matcher.OrRequestMatcher - Trying to match using Ant [pattern='/js/**']
270105 [http-nio-8080-exec-9] DEBUG o.s.security.web.FilterChainProxy - /bootstrap/css/bootstrap.css at position 2 of 12 in additional filter chain; firing Filter: 'SecurityContextPersistenceFilter'
270105 [http-nio-8080-exec-10] DEBUG o.s.s.w.u.matcher.OrRequestMatcher - Trying to match using Ant [pattern='/**/favicon.ico']
270105 [http-nio-8080-exec-3] DEBUG o.s.s.w.u.m.AntPathRequestMatcher - Checking match of request : '/bootstrap/js/bootstrap.js'; against '/js/**'
270105 [http-nio-8080-exec-9] DEBUG o.s.s.w.c.HttpSessionSecurityContextRepository - HttpSession returned null object for SPRING_SECURITY_CONTEXT
270105 [http-nio-8080-exec-3] DEBUG o.s.s.w.u.matcher.OrRequestMatcher - Trying to match using Ant [pattern='/images/**']
270105 [http-nio-8080-exec-10] DEBUG o.s.s.w.u.m.AntPathRequestMatcher - Checking match of request : '/jquery/jquery-2.1.3.js'; against '/**/favicon.ico'
270106 [http-nio-8080-exec-3] DEBUG o.s.s.w.u.m.AntPathRequestMatcher - Checking match of request : '/bootstrap/js/bootstrap.js'; against '/images/**'
270106 [http-nio-8080-exec-9] DEBUG o.s.s.w.c.HttpSessionSecurityContextRepository - No SecurityContext was available from the HttpSession: org.apache.catalina.session.StandardSessionFacade@7b39f03f. A new one will be created.
270106 [http-nio-8080-exec-3] DEBUG o.s.s.w.u.matcher.OrRequestMatcher - Trying to match using Ant [pattern='/webjars/**']
270106 [http-nio-8080-exec-3] DEBUG o.s.s.w.u.m.AntPathRequestMatcher - Checking match of request : '/bootstrap/js/bootstrap.js'; against '/webjars/**'
270106 [http-nio-8080-exec-9] DEBUG o.s.security.web.FilterChainProxy - /bootstrap/css/bootstrap.css at position 3 of 12 in additional filter chain; firing Filter: 'HeaderWriterFilter'
270106 [http-nio-8080-exec-10] DEBUG o.s.s.w.u.matcher.OrRequestMatcher - Trying to match using Ant [pattern='/error']
270106 [http-nio-8080-exec-3] DEBUG o.s.s.w.u.matcher.OrRequestMatcher - Trying to match using Ant [pattern='/**/favicon.ico']
270106 [http-nio-8080-exec-10] DEBUG o.s.s.w.u.m.AntPathRequestMatcher - Checking match of request : '/jquery/jquery-2.1.3.js'; against '/error'
270106 [http-nio-8080-exec-3] DEBUG o.s.s.w.u.m.AntPathRequestMatcher - Checking match of request : '/bootstrap/js/bootstrap.js'; against '/**/favicon.ico'
270106 [http-nio-8080-exec-10] DEBUG o.s.s.w.u.matcher.OrRequestMatcher - No matches found
270106 [http-nio-8080-exec-9] DEBUG o.s.s.w.h.writers.HstsHeaderWriter - Not injecting HSTS header since it did not match the requestMatcher org.springframework.security.web.header.writers.HstsHeaderWriter$SecureRequestMatcher@7f066b80
270106 [http-nio-8080-exec-3] DEBUG o.s.s.w.u.matcher.OrRequestMatcher - Trying to match using Ant [pattern='/error']
270106 [http-nio-8080-exec-10] DEBUG o.s.security.web.FilterChainProxy - /jquery/jquery-2.1.3.js at position 1 of 12 in additional filter chain; firing Filter: 'WebAsyncManagerIntegrationFilter'
270106 [http-nio-8080-exec-3] DEBUG o.s.s.w.u.m.AntPathRequestMatcher - Checking match of request : '/bootstrap/js/bootstrap.js'; against '/error'
270106 [http-nio-8080-exec-9] DEBUG o.s.security.web.FilterChainProxy - /bootstrap/css/bootstrap.css at position 4 of 12 in additional filter chain; firing Filter: 'CsrfFilter'
270107 [http-nio-8080-exec-10] DEBUG o.s.security.web.FilterChainProxy - /jquery/jquery-2.1.3.js at position 2 of 12 in additional filter chain; firing Filter: 'SecurityContextPersistenceFilter'
270107 [http-nio-8080-exec-9] DEBUG o.s.security.web.FilterChainProxy - /bootstrap/css/bootstrap.css at position 5 of 12 in additional filter chain; firing Filter: 'LogoutFilter'
270107 [http-nio-8080-exec-3] DEBUG o.s.s.w.u.matcher.OrRequestMatcher - No matches found
270107 [http-nio-8080-exec-10] DEBUG o.s.s.w.c.HttpSessionSecurityContextRepository - HttpSession returned null object for SPRING_SECURITY_CONTEXT
270107 [http-nio-8080-exec-10] DEBUG o.s.s.w.c.HttpSessionSecurityContextRepository - No SecurityContext was available from the HttpSession: org.apache.catalina.session.StandardSessionFacade@7b39f03f. A new one will be created.
270107 [http-nio-8080-exec-9] DEBUG o.s.s.w.u.m.AntPathRequestMatcher - Request 'GET /bootstrap/css/bootstrap.css' doesn't match 'POST /logout
270107 [http-nio-8080-exec-9] DEBUG o.s.security.web.FilterChainProxy - /bootstrap/css/bootstrap.css at position 6 of 12 in additional filter chain; firing Filter: 'UsernamePasswordAuthenticationFilter'
270107 [http-nio-8080-exec-3] DEBUG o.s.security.web.FilterChainProxy - /bootstrap/js/bootstrap.js at position 1 of 12 in additional filter chain; firing Filter: 'WebAsyncManagerIntegrationFilter'
270107 [http-nio-8080-exec-9] DEBUG o.s.s.w.u.m.AntPathRequestMatcher - Request 'GET /bootstrap/css/bootstrap.css' doesn't match 'POST /login
270107 [http-nio-8080-exec-10] DEBUG o.s.security.web.FilterChainProxy - /jquery/jquery-2.1.3.js at position 3 of 12 in additional filter chain; firing Filter: 'HeaderWriterFilter'
270107 [http-nio-8080-exec-3] DEBUG o.s.security.web.FilterChainProxy - /bootstrap/js/bootstrap.js at position 2 of 12 in additional filter chain; firing Filter: 'SecurityContextPersistenceFilter'
270107 [http-nio-8080-exec-9] DEBUG o.s.security.web.FilterChainProxy - /bootstrap/css/bootstrap.css at position 7 of 12 in additional filter chain; firing Filter: 'RequestCacheAwareFilter'
270107 [http-nio-8080-exec-3] DEBUG o.s.s.w.c.HttpSessionSecurityContextRepository - HttpSession returned null object for SPRING_SECURITY_CONTEXT
270107 [http-nio-8080-exec-10] DEBUG o.s.s.w.h.writers.HstsHeaderWriter - Not injecting HSTS header since it did not match the requestMatcher org.springframework.security.web.header.writers.HstsHeaderWriter$SecureRequestMatcher@7f066b80
270108 [http-nio-8080-exec-9] DEBUG o.s.s.w.s.DefaultSavedRequest - pathInfo: both null (property equals)
270108 [http-nio-8080-exec-3] DEBUG o.s.s.w.c.HttpSessionSecurityContextRepository - No SecurityContext was available from the HttpSession: org.apache.catalina.session.StandardSessionFacade@7b39f03f. A new one will be created.
270108 [http-nio-8080-exec-10] DEBUG o.s.security.web.FilterChainProxy - /jquery/jquery-2.1.3.js at position 4 of 12 in additional filter chain; firing Filter: 'CsrfFilter'
270108 [http-nio-8080-exec-3] DEBUG o.s.security.web.FilterChainProxy - /bootstrap/js/bootstrap.js at position 3 of 12 in additional filter chain; firing Filter: 'HeaderWriterFilter'
270108 [http-nio-8080-exec-10] DEBUG o.s.security.web.FilterChainProxy - /jquery/jquery-2.1.3.js at position 5 of 12 in additional filter chain; firing Filter: 'LogoutFilter'
270108 [http-nio-8080-exec-10] DEBUG o.s.s.w.u.m.AntPathRequestMatcher - Request 'GET /jquery/jquery-2.1.3.js' doesn't match 'POST /logout
270108 [http-nio-8080-exec-9] DEBUG o.s.s.w.s.DefaultSavedRequest - queryString: both null (property equals)
270108 [http-nio-8080-exec-10] DEBUG o.s.security.web.FilterChainProxy - /jquery/jquery-2.1.3.js at position 6 of 12 in additional filter chain; firing Filter: 'UsernamePasswordAuthenticationFilter'
270108 [http-nio-8080-exec-3] DEBUG o.s.s.w.h.writers.HstsHeaderWriter - Not injecting HSTS header since it did not match the requestMatcher org.springframework.security.web.header.writers.HstsHeaderWriter$SecureRequestMatcher@7f066b80
270108 [http-nio-8080-exec-3] DEBUG o.s.security.web.FilterChainProxy - /bootstrap/js/bootstrap.js at position 4 of 12 in additional filter chain; firing Filter: 'CsrfFilter'
270108 [http-nio-8080-exec-9] DEBUG o.s.s.w.s.DefaultSavedRequest - requestURI: arg1=/logout; arg2=/bootstrap/css/bootstrap.css (property not equals)
270108 [http-nio-8080-exec-9] DEBUG o.s.s.w.s.HttpSessionRequestCache - saved request doesn't match
270108 [http-nio-8080-exec-10] DEBUG o.s.s.w.u.m.AntPathRequestMatcher - Request 'GET /jquery/jquery-2.1.3.js' doesn't match 'POST /login
270108 [http-nio-8080-exec-3] DEBUG o.s.security.web.FilterChainProxy - /bootstrap/js/bootstrap.js at position 5 of 12 in additional filter chain; firing Filter: 'LogoutFilter'
270108 [http-nio-8080-exec-10] DEBUG o.s.security.web.FilterChainProxy - /jquery/jquery-2.1.3.js at position 7 of 12 in additional filter chain; firing Filter: 'RequestCacheAwareFilter'
270108 [http-nio-8080-exec-9] DEBUG o.s.security.web.FilterChainProxy - /bootstrap/css/bootstrap.css at position 8 of 12 in additional filter chain; firing Filter: 'SecurityContextHolderAwareRequestFilter'
270108 [http-nio-8080-exec-3] DEBUG o.s.s.w.u.m.AntPathRequestMatcher - Request 'GET /bootstrap/js/bootstrap.js' doesn't match 'POST /logout
270108 [http-nio-8080-exec-10] DEBUG o.s.s.w.s.DefaultSavedRequest - pathInfo: both null (property equals)
270108 [http-nio-8080-exec-9] DEBUG o.s.security.web.FilterChainProxy - /bootstrap/css/bootstrap.css at position 9 of 12 in additional filter chain; firing Filter: 'AnonymousAuthenticationFilter'
270109 [http-nio-8080-exec-10] DEBUG o.s.s.w.s.DefaultSavedRequest - queryString: both null (property equals)
270109 [http-nio-8080-exec-3] DEBUG o.s.security.web.FilterChainProxy - /bootstrap/js/bootstrap.js at position 6 of 12 in additional filter chain; firing Filter: 'UsernamePasswordAuthenticationFilter'
270109 [http-nio-8080-exec-9] DEBUG o.s.s.w.a.AnonymousAuthenticationFilter - Populated SecurityContextHolder with anonymous token: 'org.springframework.security.authentication.AnonymousAuthenticationToken@6fa90ed4: Principal: anonymousUser; Credentials: [PROTECTED]; Authenticated: true; Details: org.springframework.security.web.authentication.WebAuthenticationDetails@fffc7f0c: RemoteIpAddress: 127.0.0.1; SessionId: 3804353C2C2C151F407CA4B277564A11; Granted Authorities: ROLE_ANONYMOUS'
270109 [http-nio-8080-exec-3] DEBUG o.s.s.w.u.m.AntPathRequestMatcher - Request 'GET /bootstrap/js/bootstrap.js' doesn't match 'POST /login
270109 [http-nio-8080-exec-9] DEBUG o.s.security.web.FilterChainProxy - /bootstrap/css/bootstrap.css at position 10 of 12 in additional filter chain; firing Filter: 'SessionManagementFilter'
270109 [http-nio-8080-exec-10] DEBUG o.s.s.w.s.DefaultSavedRequest - requestURI: arg1=/logout; arg2=/jquery/jquery-2.1.3.js (property not equals)
270109 [http-nio-8080-exec-3] DEBUG o.s.security.web.FilterChainProxy - /bootstrap/js/bootstrap.js at position 7 of 12 in additional filter chain; firing Filter: 'RequestCacheAwareFilter'
270109 [http-nio-8080-exec-9] DEBUG o.s.security.web.FilterChainProxy - /bootstrap/css/bootstrap.css at position 11 of 12 in additional filter chain; firing Filter: 'ExceptionTranslationFilter'
270109 [http-nio-8080-exec-3] DEBUG o.s.s.w.s.DefaultSavedRequest - pathInfo: both null (property equals)
270109 [http-nio-8080-exec-10] DEBUG o.s.s.w.s.HttpSessionRequestCache - saved request doesn't match
270109 [http-nio-8080-exec-3] DEBUG o.s.s.w.s.DefaultSavedRequest - queryString: both null (property equals)
270109 [http-nio-8080-exec-9] DEBUG o.s.security.web.FilterChainProxy - /bootstrap/css/bootstrap.css at position 12 of 12 in additional filter chain; firing Filter: 'FilterSecurityInterceptor'
270109 [http-nio-8080-exec-10] DEBUG o.s.security.web.FilterChainProxy - /jquery/jquery-2.1.3.js at position 8 of 12 in additional filter chain; firing Filter: 'SecurityContextHolderAwareRequestFilter'
270109 [http-nio-8080-exec-3] DEBUG o.s.s.w.s.DefaultSavedRequest - requestURI: arg1=/logout; arg2=/bootstrap/js/bootstrap.js (property not equals)
270109 [http-nio-8080-exec-10] DEBUG o.s.security.web.FilterChainProxy - /jquery/jquery-2.1.3.js at position 9 of 12 in additional filter chain; firing Filter: 'AnonymousAuthenticationFilter'
270109 [http-nio-8080-exec-3] DEBUG o.s.s.w.s.HttpSessionRequestCache - saved request doesn't match
270109 [http-nio-8080-exec-9] DEBUG o.s.s.w.u.m.AntPathRequestMatcher - Request 'GET /bootstrap/css/bootstrap.css' doesn't match 'POST /logout
270109 [http-nio-8080-exec-10] DEBUG o.s.s.w.a.AnonymousAuthenticationFilter - Populated SecurityContextHolder with anonymous token: 'org.springframework.security.authentication.AnonymousAuthenticationToken@6fa90ed4: Principal: anonymousUser; Credentials: [PROTECTED]; Authenticated: true; Details: org.springframework.security.web.authentication.WebAuthenticationDetails@fffc7f0c: RemoteIpAddress: 127.0.0.1; SessionId: 3804353C2C2C151F407CA4B277564A11; Granted Authorities: ROLE_ANONYMOUS'
270109 [http-nio-8080-exec-9] DEBUG o.s.s.w.u.m.AntPathRequestMatcher - Checking match of request : '/bootstrap/css/bootstrap.css'; against '/bootstrap/**'
270109 [http-nio-8080-exec-3] DEBUG o.s.security.web.FilterChainProxy - /bootstrap/js/bootstrap.js at position 8 of 12 in additional filter chain; firing Filter: 'SecurityContextHolderAwareRequestFilter'
270109 [http-nio-8080-exec-9] DEBUG o.s.s.w.a.i.FilterSecurityInterceptor - Secure object: FilterInvocation: URL: /bootstrap/css/bootstrap.css; Attributes: [permitAll]
270109 [http-nio-8080-exec-3] DEBUG o.s.security.web.FilterChainProxy - /bootstrap/js/bootstrap.js at position 9 of 12 in additional filter chain; firing Filter: 'AnonymousAuthenticationFilter'
270109 [http-nio-8080-exec-10] DEBUG o.s.security.web.FilterChainProxy - /jquery/jquery-2.1.3.js at position 10 of 12 in additional filter chain; firing Filter: 'SessionManagementFilter'
270109 [http-nio-8080-exec-3] DEBUG o.s.s.w.a.AnonymousAuthenticationFilter - Populated SecurityContextHolder with anonymous token: 'org.springframework.security.authentication.AnonymousAuthenticationToken@6faeba70: Principal: anonymousUser; Credentials: [PROTECTED]; Authenticated: true; Details: org.springframework.security.web.authentication.WebAuthenticationDetails@fffbcba8: RemoteIpAddress: 0:0:0:0:0:0:0:1; SessionId: 3804353C2C2C151F407CA4B277564A11; Granted Authorities: ROLE_ANONYMOUS'
270109 [http-nio-8080-exec-9] DEBUG o.s.s.w.a.i.FilterSecurityInterceptor - Previously Authenticated: org.springframework.security.authentication.AnonymousAuthenticationToken@6fa90ed4: Principal: anonymousUser; Credentials: [PROTECTED]; Authenticated: true; Details: org.springframework.security.web.authentication.WebAuthenticationDetails@fffc7f0c: RemoteIpAddress: 127.0.0.1; SessionId: 3804353C2C2C151F407CA4B277564A11; Granted Authorities: ROLE_ANONYMOUS
270109 [http-nio-8080-exec-3] DEBUG o.s.security.web.FilterChainProxy - /bootstrap/js/bootstrap.js at position 10 of 12 in additional filter chain; firing Filter: 'SessionManagementFilter'
270110 [http-nio-8080-exec-3] DEBUG o.s.security.web.FilterChainProxy - /bootstrap/js/bootstrap.js at position 11 of 12 in additional filter chain; firing Filter: 'ExceptionTranslationFilter'
270109 [http-nio-8080-exec-10] DEBUG o.s.security.web.FilterChainProxy - /jquery/jquery-2.1.3.js at position 11 of 12 in additional filter chain; firing Filter: 'ExceptionTranslationFilter'
270110 [http-nio-8080-exec-3] DEBUG o.s.security.web.FilterChainProxy - /bootstrap/js/bootstrap.js at position 12 of 12 in additional filter chain; firing Filter: 'FilterSecurityInterceptor'
270110 [http-nio-8080-exec-10] DEBUG o.s.security.web.FilterChainProxy - /jquery/jquery-2.1.3.js at position 12 of 12 in additional filter chain; firing Filter: 'FilterSecurityInterceptor'
270110 [http-nio-8080-exec-9] DEBUG o.s.s.access.vote.AffirmativeBased - Voter: org.springframework.security.web.access.expression.WebExpressionVoter@4007c9ec, returned: 1
270110 [http-nio-8080-exec-3] DEBUG o.s.s.w.u.m.AntPathRequestMatcher - Request 'GET /bootstrap/js/bootstrap.js' doesn't match 'POST /logout
270110 [http-nio-8080-exec-10] DEBUG o.s.s.w.u.m.AntPathRequestMatcher - Request 'GET /jquery/jquery-2.1.3.js' doesn't match 'POST /logout
270110 [http-nio-8080-exec-9] DEBUG o.s.s.w.a.i.FilterSecurityInterceptor - Authorization successful
270110 [http-nio-8080-exec-9] DEBUG o.s.s.w.a.i.FilterSecurityInterceptor - RunAsManager did not change Authentication object
270110 [http-nio-8080-exec-10] DEBUG o.s.s.w.u.m.AntPathRequestMatcher - Checking match of request : '/jquery/jquery-2.1.3.js'; against '/bootstrap/**'
270110 [http-nio-8080-exec-9] DEBUG o.s.security.web.FilterChainProxy - /bootstrap/css/bootstrap.css reached end of additional filter chain; proceeding with original chain
270110 [http-nio-8080-exec-3] DEBUG o.s.s.w.u.m.AntPathRequestMatcher - Checking match of request : '/bootstrap/js/bootstrap.js'; against '/bootstrap/**'
270110 [http-nio-8080-exec-10] DEBUG o.s.s.w.u.m.AntPathRequestMatcher - Checking match of request : '/jquery/jquery-2.1.3.js'; against '/error/**'
270110 [http-nio-8080-exec-3] DEBUG o.s.s.w.a.i.FilterSecurityInterceptor - Secure object: FilterInvocation: URL: /bootstrap/js/bootstrap.js; Attributes: [permitAll]
270110 [http-nio-8080-exec-10] DEBUG o.s.s.w.u.m.AntPathRequestMatcher - Checking match of request : '/jquery/jquery-2.1.3.js'; against '/img/**'
270110 [http-nio-8080-exec-3] DEBUG o.s.s.w.a.i.FilterSecurityInterceptor - Previously Authenticated: org.springframework.security.authentication.AnonymousAuthenticationToken@6faeba70: Principal: anonymousUser; Credentials: [PROTECTED]; Authenticated: true; Details: org.springframework.security.web.authentication.WebAuthenticationDetails@fffbcba8: RemoteIpAddress: 0:0:0:0:0:0:0:1; SessionId: 3804353C2C2C151F407CA4B277564A11; Granted Authorities: ROLE_ANONYMOUS
270110 [http-nio-8080-exec-10] DEBUG o.s.s.w.u.m.AntPathRequestMatcher - Checking match of request : '/jquery/jquery-2.1.3.js'; against '/jquery/**'
270110 [http-nio-8080-exec-10] DEBUG o.s.s.w.a.i.FilterSecurityInterceptor - Secure object: FilterInvocation: URL: /jquery/jquery-2.1.3.js; Attributes: [permitAll]
270111 [http-nio-8080-exec-10] DEBUG o.s.s.w.a.i.FilterSecurityInterceptor - Previously Authenticated: org.springframework.security.authentication.AnonymousAuthenticationToken@6fa90ed4: Principal: anonymousUser; Credentials: [PROTECTED]; Authenticated: true; Details: org.springframework.security.web.authentication.WebAuthenticationDetails@fffc7f0c: RemoteIpAddress: 127.0.0.1; SessionId: 3804353C2C2C151F407CA4B277564A11; Granted Authorities: ROLE_ANONYMOUS
270111 [http-nio-8080-exec-3] DEBUG o.s.s.access.vote.AffirmativeBased - Voter: org.springframework.security.web.access.expression.WebExpressionVoter@4007c9ec, returned: 1
270111 [http-nio-8080-exec-3] DEBUG o.s.s.w.a.i.FilterSecurityInterceptor - Authorization successful
270111 [http-nio-8080-exec-3] DEBUG o.s.s.w.a.i.FilterSecurityInterceptor - RunAsManager did not change Authentication object
270111 [http-nio-8080-exec-3] DEBUG o.s.security.web.FilterChainProxy - /bootstrap/js/bootstrap.js reached end of additional filter chain; proceeding with original chain
270111 [http-nio-8080-exec-10] DEBUG o.s.s.access.vote.AffirmativeBased - Voter: org.springframework.security.web.access.expression.WebExpressionVoter@4007c9ec, returned: 1
270111 [http-nio-8080-exec-10] DEBUG o.s.s.w.a.i.FilterSecurityInterceptor - Authorization successful
270111 [http-nio-8080-exec-10] DEBUG o.s.s.w.a.i.FilterSecurityInterceptor - RunAsManager did not change Authentication object
270111 [http-nio-8080-exec-10] DEBUG o.s.security.web.FilterChainProxy - /jquery/jquery-2.1.3.js reached end of additional filter chain; proceeding with original chain
270113 [http-nio-8080-exec-9] DEBUG o.s.s.w.c.HttpSessionSecurityContextRepository - SecurityContext is empty or contents are anonymous - context will not be stored in HttpSession.
270113 [http-nio-8080-exec-3] DEBUG o.s.s.w.c.HttpSessionSecurityContextRepository - SecurityContext is empty or contents are anonymous - context will not be stored in HttpSession.
270114 [http-nio-8080-exec-10] DEBUG o.s.s.w.c.HttpSessionSecurityContextRepository - SecurityContext is empty or contents are anonymous - context will not be stored in HttpSession.
270115 [http-nio-8080-exec-3] DEBUG o.s.s.w.a.ExceptionTranslationFilter - Chain processed normally
270115 [http-nio-8080-exec-3] DEBUG o.s.s.w.c.SecurityContextPersistenceFilter - SecurityContextHolder now cleared, as request processing completed
270121 [http-nio-8080-exec-9] DEBUG o.s.s.w.a.ExceptionTranslationFilter - Chain processed normally
270121 [http-nio-8080-exec-9] DEBUG o.s.s.w.c.SecurityContextPersistenceFilter - SecurityContextHolder now cleared, as request processing completed
270124 [http-nio-8080-exec-10] DEBUG o.s.s.w.a.ExceptionTranslationFilter - Chain processed normally
270124 [http-nio-8080-exec-10] DEBUG o.s.s.w.c.SecurityContextPersistenceFilter - SecurityContextHolder now cleared, as request processing completed
270125 [http-nio-8080-exec-1] DEBUG o.s.s.w.u.matcher.OrRequestMatcher - Trying to match using Ant [pattern='/css/**']
270125 [http-nio-8080-exec-1] DEBUG o.s.s.w.u.m.AntPathRequestMatcher - Checking match of request : '/img/1.JPG'; against '/css/**'
270125 [http-nio-8080-exec-1] DEBUG o.s.s.w.u.matcher.OrRequestMatcher - Trying to match using Ant [pattern='/js/**']
270125 [http-nio-8080-exec-1] DEBUG o.s.s.w.u.m.AntPathRequestMatcher - Checking match of request : '/img/1.JPG'; against '/js/**'
270125 [http-nio-8080-exec-1] DEBUG o.s.s.w.u.matcher.OrRequestMatcher - Trying to match using Ant [pattern='/images/**']
270125 [http-nio-8080-exec-1] DEBUG o.s.s.w.u.m.AntPathRequestMatcher - Checking match of request : '/img/1.JPG'; against '/images/**'
270125 [http-nio-8080-exec-1] DEBUG o.s.s.w.u.matcher.OrRequestMatcher - Trying to match using Ant [pattern='/webjars/**']
270125 [http-nio-8080-exec-1] DEBUG o.s.s.w.u.m.AntPathRequestMatcher - Checking match of request : '/img/1.JPG'; against '/webjars/**'
270125 [http-nio-8080-exec-1] DEBUG o.s.s.w.u.matcher.OrRequestMatcher - Trying to match using Ant [pattern='/**/favicon.ico']
270125 [http-nio-8080-exec-1] DEBUG o.s.s.w.u.m.AntPathRequestMatcher - Checking match of request : '/img/1.JPG'; against '/**/favicon.ico'
270125 [http-nio-8080-exec-1] DEBUG o.s.s.w.u.matcher.OrRequestMatcher - Trying to match using Ant [pattern='/error']
270125 [http-nio-8080-exec-1] DEBUG o.s.s.w.u.m.AntPathRequestMatcher - Checking match of request : '/img/1.JPG'; against '/error'
270126 [http-nio-8080-exec-1] DEBUG o.s.s.w.u.matcher.OrRequestMatcher - No matches found
270126 [http-nio-8080-exec-1] DEBUG o.s.security.web.FilterChainProxy - /img/1.JPG at position 1 of 12 in additional filter chain; firing Filter: 'WebAsyncManagerIntegrationFilter'
270126 [http-nio-8080-exec-1] DEBUG o.s.security.web.FilterChainProxy - /img/1.JPG at position 2 of 12 in additional filter chain; firing Filter: 'SecurityContextPersistenceFilter'
270126 [http-nio-8080-exec-1] DEBUG o.s.s.w.c.HttpSessionSecurityContextRepository - HttpSession returned null object for SPRING_SECURITY_CONTEXT
270126 [http-nio-8080-exec-1] DEBUG o.s.s.w.c.HttpSessionSecurityContextRepository - No SecurityContext was available from the HttpSession: org.apache.catalina.session.StandardSessionFacade@7b39f03f. A new one will be created.
270126 [http-nio-8080-exec-1] DEBUG o.s.security.web.FilterChainProxy - /img/1.JPG at position 3 of 12 in additional filter chain; firing Filter: 'HeaderWriterFilter'
270126 [http-nio-8080-exec-1] DEBUG o.s.s.w.h.writers.HstsHeaderWriter - Not injecting HSTS header since it did not match the requestMatcher org.springframework.security.web.header.writers.HstsHeaderWriter$SecureRequestMatcher@7f066b80
270126 [http-nio-8080-exec-1] DEBUG o.s.security.web.FilterChainProxy - /img/1.JPG at position 4 of 12 in additional filter chain; firing Filter: 'CsrfFilter'
270126 [http-nio-8080-exec-1] DEBUG o.s.security.web.FilterChainProxy - /img/1.JPG at position 5 of 12 in additional filter chain; firing Filter: 'LogoutFilter'
270126 [http-nio-8080-exec-1] DEBUG o.s.s.w.u.m.AntPathRequestMatcher - Request 'GET /img/1.JPG' doesn't match 'POST /logout
270126 [http-nio-8080-exec-1] DEBUG o.s.security.web.FilterChainProxy - /img/1.JPG at position 6 of 12 in additional filter chain; firing Filter: 'UsernamePasswordAuthenticationFilter'
270126 [http-nio-8080-exec-1] DEBUG o.s.s.w.u.m.AntPathRequestMatcher - Request 'GET /img/1.JPG' doesn't match 'POST /login
270126 [http-nio-8080-exec-1] DEBUG o.s.security.web.FilterChainProxy - /img/1.JPG at position 7 of 12 in additional filter chain; firing Filter: 'RequestCacheAwareFilter'
270128 [http-nio-8080-exec-1] DEBUG o.s.s.w.s.DefaultSavedRequest - pathInfo: both null (property equals)
270128 [http-nio-8080-exec-1] DEBUG o.s.s.w.s.DefaultSavedRequest - queryString: both null (property equals)
270128 [http-nio-8080-exec-1] DEBUG o.s.s.w.s.DefaultSavedRequest - requestURI: arg1=/logout; arg2=/img/1.JPG (property not equals)
270128 [http-nio-8080-exec-1] DEBUG o.s.s.w.s.HttpSessionRequestCache - saved request doesn't match
270128 [http-nio-8080-exec-1] DEBUG o.s.security.web.FilterChainProxy - /img/1.JPG at position 8 of 12 in additional filter chain; firing Filter: 'SecurityContextHolderAwareRequestFilter'
270128 [http-nio-8080-exec-1] DEBUG o.s.security.web.FilterChainProxy - /img/1.JPG at position 9 of 12 in additional filter chain; firing Filter: 'AnonymousAuthenticationFilter'
270128 [http-nio-8080-exec-1] DEBUG o.s.s.w.a.AnonymousAuthenticationFilter - Populated SecurityContextHolder with anonymous token: 'org.springframework.security.authentication.AnonymousAuthenticationToken@6fa90ed4: Principal: anonymousUser; Credentials: [PROTECTED]; Authenticated: true; Details: org.springframework.security.web.authentication.WebAuthenticationDetails@fffc7f0c: RemoteIpAddress: 127.0.0.1; SessionId: 3804353C2C2C151F407CA4B277564A11; Granted Authorities: ROLE_ANONYMOUS'
270128 [http-nio-8080-exec-1] DEBUG o.s.security.web.FilterChainProxy - /img/1.JPG at position 10 of 12 in additional filter chain; firing Filter: 'SessionManagementFilter'
270128 [http-nio-8080-exec-1] DEBUG o.s.security.web.FilterChainProxy - /img/1.JPG at position 11 of 12 in additional filter chain; firing Filter: 'ExceptionTranslationFilter'
270128 [http-nio-8080-exec-1] DEBUG o.s.security.web.FilterChainProxy - /img/1.JPG at position 12 of 12 in additional filter chain; firing Filter: 'FilterSecurityInterceptor'
270128 [http-nio-8080-exec-1] DEBUG o.s.s.w.u.m.AntPathRequestMatcher - Request 'GET /img/1.JPG' doesn't match 'POST /logout
270128 [http-nio-8080-exec-1] DEBUG o.s.s.w.u.m.AntPathRequestMatcher - Checking match of request : '/img/1.JPG'; against '/bootstrap/**'
270128 [http-nio-8080-exec-1] DEBUG o.s.s.w.u.m.AntPathRequestMatcher - Checking match of request : '/img/1.JPG'; against '/error/**'
270128 [http-nio-8080-exec-1] DEBUG o.s.s.w.u.m.AntPathRequestMatcher - Checking match of request : '/img/1.JPG'; against '/img/**'
270128 [http-nio-8080-exec-1] DEBUG o.s.s.w.a.i.FilterSecurityInterceptor - Secure object: FilterInvocation: URL: /img/1.JPG; Attributes: [permitAll]
270128 [http-nio-8080-exec-1] DEBUG o.s.s.w.a.i.FilterSecurityInterceptor - Previously Authenticated: org.springframework.security.authentication.AnonymousAuthenticationToken@6fa90ed4: Principal: anonymousUser; Credentials: [PROTECTED]; Authenticated: true; Details: org.springframework.security.web.authentication.WebAuthenticationDetails@fffc7f0c: RemoteIpAddress: 127.0.0.1; SessionId: 3804353C2C2C151F407CA4B277564A11; Granted Authorities: ROLE_ANONYMOUS
270128 [http-nio-8080-exec-1] DEBUG o.s.s.access.vote.AffirmativeBased - Voter: org.springframework.security.web.access.expression.WebExpressionVoter@4007c9ec, returned: 1
270128 [http-nio-8080-exec-1] DEBUG o.s.s.w.a.i.FilterSecurityInterceptor - Authorization successful
270128 [http-nio-8080-exec-1] DEBUG o.s.s.w.a.i.FilterSecurityInterceptor - RunAsManager did not change Authentication object
270128 [http-nio-8080-exec-1] DEBUG o.s.security.web.FilterChainProxy - /img/1.JPG reached end of additional filter chain; proceeding with original chain
270130 [http-nio-8080-exec-1] DEBUG o.s.s.w.c.HttpSessionSecurityContextRepository - SecurityContext is empty or contents are anonymous - context will not be stored in HttpSession.
270132 [http-nio-8080-exec-1] DEBUG o.s.s.w.a.ExceptionTranslationFilter - Chain processed normally
270132 [http-nio-8080-exec-1] DEBUG o.s.s.w.c.SecurityContextPersistenceFilter - SecurityContextHolder now cleared, as request processing completed
270157 [http-nio-8080-exec-2] DEBUG o.s.s.w.u.matcher.OrRequestMatcher - Trying to match using Ant [pattern='/css/**']
270157 [http-nio-8080-exec-2] DEBUG o.s.s.w.u.m.AntPathRequestMatcher - Checking match of request : '/img/1.JPG'; against '/css/**'
270157 [http-nio-8080-exec-2] DEBUG o.s.s.w.u.matcher.OrRequestMatcher - Trying to match using Ant [pattern='/js/**']
270157 [http-nio-8080-exec-2] DEBUG o.s.s.w.u.m.AntPathRequestMatcher - Checking match of request : '/img/1.JPG'; against '/js/**'
270157 [http-nio-8080-exec-2] DEBUG o.s.s.w.u.matcher.OrRequestMatcher - Trying to match using Ant [pattern='/images/**']
270157 [http-nio-8080-exec-2] DEBUG o.s.s.w.u.m.AntPathRequestMatcher - Checking match of request : '/img/1.JPG'; against '/images/**'
270157 [http-nio-8080-exec-2] DEBUG o.s.s.w.u.matcher.OrRequestMatcher - Trying to match using Ant [pattern='/webjars/**']
270157 [http-nio-8080-exec-2] DEBUG o.s.s.w.u.m.AntPathRequestMatcher - Checking match of request : '/img/1.JPG'; against '/webjars/**'
270157 [http-nio-8080-exec-2] DEBUG o.s.s.w.u.matcher.OrRequestMatcher - Trying to match using Ant [pattern='/**/favicon.ico']
270157 [http-nio-8080-exec-2] DEBUG o.s.s.w.u.m.AntPathRequestMatcher - Checking match of request : '/img/1.JPG'; against '/**/favicon.ico'
270157 [http-nio-8080-exec-2] DEBUG o.s.s.w.u.matcher.OrRequestMatcher - Trying to match using Ant [pattern='/error']
270157 [http-nio-8080-exec-2] DEBUG o.s.s.w.u.m.AntPathRequestMatcher - Checking match of request : '/img/1.JPG'; against '/error'
270157 [http-nio-8080-exec-2] DEBUG o.s.s.w.u.matcher.OrRequestMatcher - No matches found
270157 [http-nio-8080-exec-2] DEBUG o.s.security.web.FilterChainProxy - /img/1.JPG at position 1 of 12 in additional filter chain; firing Filter: 'WebAsyncManagerIntegrationFilter'
270157 [http-nio-8080-exec-2] DEBUG o.s.security.web.FilterChainProxy - /img/1.JPG at position 2 of 12 in additional filter chain; firing Filter: 'SecurityContextPersistenceFilter'
270157 [http-nio-8080-exec-2] DEBUG o.s.s.w.c.HttpSessionSecurityContextRepository - HttpSession returned null object for SPRING_SECURITY_CONTEXT
270157 [http-nio-8080-exec-2] DEBUG o.s.s.w.c.HttpSessionSecurityContextRepository - No SecurityContext was available from the HttpSession: org.apache.catalina.session.StandardSessionFacade@7b39f03f. A new one will be created.
270157 [http-nio-8080-exec-2] DEBUG o.s.security.web.FilterChainProxy - /img/1.JPG at position 3 of 12 in additional filter chain; firing Filter: 'HeaderWriterFilter'
270157 [http-nio-8080-exec-2] DEBUG o.s.s.w.h.writers.HstsHeaderWriter - Not injecting HSTS header since it did not match the requestMatcher org.springframework.security.web.header.writers.HstsHeaderWriter$SecureRequestMatcher@7f066b80
270157 [http-nio-8080-exec-2] DEBUG o.s.security.web.FilterChainProxy - /img/1.JPG at position 4 of 12 in additional filter chain; firing Filter: 'CsrfFilter'
270157 [http-nio-8080-exec-2] DEBUG o.s.security.web.FilterChainProxy - /img/1.JPG at position 5 of 12 in additional filter chain; firing Filter: 'LogoutFilter'
270157 [http-nio-8080-exec-2] DEBUG o.s.s.w.u.m.AntPathRequestMatcher - Request 'GET /img/1.JPG' doesn't match 'POST /logout
270157 [http-nio-8080-exec-2] DEBUG o.s.security.web.FilterChainProxy - /img/1.JPG at position 6 of 12 in additional filter chain; firing Filter: 'UsernamePasswordAuthenticationFilter'
270157 [http-nio-8080-exec-2] DEBUG o.s.s.w.u.m.AntPathRequestMatcher - Request 'GET /img/1.JPG' doesn't match 'POST /login
270157 [http-nio-8080-exec-2] DEBUG o.s.security.web.FilterChainProxy - /img/1.JPG at position 7 of 12 in additional filter chain; firing Filter: 'RequestCacheAwareFilter'
270157 [http-nio-8080-exec-2] DEBUG o.s.s.w.s.DefaultSavedRequest - pathInfo: both null (property equals)
270157 [http-nio-8080-exec-2] DEBUG o.s.s.w.s.DefaultSavedRequest - queryString: both null (property equals)
270157 [http-nio-8080-exec-2] DEBUG o.s.s.w.s.DefaultSavedRequest - requestURI: arg1=/logout; arg2=/img/1.JPG (property not equals)
270160 [http-nio-8080-exec-6] DEBUG o.s.s.w.u.matcher.OrRequestMatcher - Trying to match using Ant [pattern='/css/**']
270161 [http-nio-8080-exec-2] DEBUG o.s.s.w.s.HttpSessionRequestCache - saved request doesn't match
270161 [http-nio-8080-exec-6] DEBUG o.s.s.w.u.m.AntPathRequestMatcher - Checking match of request : '/bootstrap/fonts/glyphicons-halflings-regular.woff2'; against '/css/**'
270161 [http-nio-8080-exec-2] DEBUG o.s.security.web.FilterChainProxy - /img/1.JPG at position 8 of 12 in additional filter chain; firing Filter: 'SecurityContextHolderAwareRequestFilter'
270161 [http-nio-8080-exec-6] DEBUG o.s.s.w.u.matcher.OrRequestMatcher - Trying to match using Ant [pattern='/js/**']
270161 [http-nio-8080-exec-2] DEBUG o.s.security.web.FilterChainProxy - /img/1.JPG at position 9 of 12 in additional filter chain; firing Filter: 'AnonymousAuthenticationFilter'
270161 [http-nio-8080-exec-6] DEBUG o.s.s.w.u.m.AntPathRequestMatcher - Checking match of request : '/bootstrap/fonts/glyphicons-halflings-regular.woff2'; against '/js/**'
270161 [http-nio-8080-exec-6] DEBUG o.s.s.w.u.matcher.OrRequestMatcher - Trying to match using Ant [pattern='/images/**']
270161 [http-nio-8080-exec-6] DEBUG o.s.s.w.u.m.AntPathRequestMatcher - Checking match of request : '/bootstrap/fonts/glyphicons-halflings-regular.woff2'; against '/images/**'
270161 [http-nio-8080-exec-6] DEBUG o.s.s.w.u.matcher.OrRequestMatcher - Trying to match using Ant [pattern='/webjars/**']
270161 [http-nio-8080-exec-6] DEBUG o.s.s.w.u.m.AntPathRequestMatcher - Checking match of request : '/bootstrap/fonts/glyphicons-halflings-regular.woff2'; against '/webjars/**'
270161 [http-nio-8080-exec-6] DEBUG o.s.s.w.u.matcher.OrRequestMatcher - Trying to match using Ant [pattern='/**/favicon.ico']
270161 [http-nio-8080-exec-6] DEBUG o.s.s.w.u.m.AntPathRequestMatcher - Checking match of request : '/bootstrap/fonts/glyphicons-halflings-regular.woff2'; against '/**/favicon.ico'
270161 [http-nio-8080-exec-2] DEBUG o.s.s.w.a.AnonymousAuthenticationFilter - Populated SecurityContextHolder with anonymous token: 'org.springframework.security.authentication.AnonymousAuthenticationToken@6fa90ed4: Principal: anonymousUser; Credentials: [PROTECTED]; Authenticated: true; Details: org.springframework.security.web.authentication.WebAuthenticationDetails@fffc7f0c: RemoteIpAddress: 127.0.0.1; SessionId: 3804353C2C2C151F407CA4B277564A11; Granted Authorities: ROLE_ANONYMOUS'
270161 [http-nio-8080-exec-6] DEBUG o.s.s.w.u.matcher.OrRequestMatcher - Trying to match using Ant [pattern='/error']
270161 [http-nio-8080-exec-2] DEBUG o.s.security.web.FilterChainProxy - /img/1.JPG at position 10 of 12 in additional filter chain; firing Filter: 'SessionManagementFilter'
270161 [http-nio-8080-exec-6] DEBUG o.s.s.w.u.m.AntPathRequestMatcher - Checking match of request : '/bootstrap/fonts/glyphicons-halflings-regular.woff2'; against '/error'
270161 [http-nio-8080-exec-6] DEBUG o.s.s.w.u.matcher.OrRequestMatcher - No matches found
270161 [http-nio-8080-exec-6] DEBUG o.s.security.web.FilterChainProxy - /bootstrap/fonts/glyphicons-halflings-regular.woff2 at position 1 of 12 in additional filter chain; firing Filter: 'WebAsyncManagerIntegrationFilter'
270161 [http-nio-8080-exec-2] DEBUG o.s.security.web.FilterChainProxy - /img/1.JPG at position 11 of 12 in additional filter chain; firing Filter: 'ExceptionTranslationFilter'
270161 [http-nio-8080-exec-6] DEBUG o.s.security.web.FilterChainProxy - /bootstrap/fonts/glyphicons-halflings-regular.woff2 at position 2 of 12 in additional filter chain; firing Filter: 'SecurityContextPersistenceFilter'
270161 [http-nio-8080-exec-2] DEBUG o.s.security.web.FilterChainProxy - /img/1.JPG at position 12 of 12 in additional filter chain; firing Filter: 'FilterSecurityInterceptor'
270161 [http-nio-8080-exec-6] DEBUG o.s.s.w.c.HttpSessionSecurityContextRepository - HttpSession returned null object for SPRING_SECURITY_CONTEXT
270161 [http-nio-8080-exec-6] DEBUG o.s.s.w.c.HttpSessionSecurityContextRepository - No SecurityContext was available from the HttpSession: org.apache.catalina.session.StandardSessionFacade@7b39f03f. A new one will be created.
270161 [http-nio-8080-exec-2] DEBUG o.s.s.w.u.m.AntPathRequestMatcher - Request 'GET /img/1.JPG' doesn't match 'POST /logout
270161 [http-nio-8080-exec-2] DEBUG o.s.s.w.u.m.AntPathRequestMatcher - Checking match of request : '/img/1.JPG'; against '/bootstrap/**'
270161 [http-nio-8080-exec-2] DEBUG o.s.s.w.u.m.AntPathRequestMatcher - Checking match of request : '/img/1.JPG'; against '/error/**'
270161 [http-nio-8080-exec-2] DEBUG o.s.s.w.u.m.AntPathRequestMatcher - Checking match of request : '/img/1.JPG'; against '/img/**'
270161 [http-nio-8080-exec-6] DEBUG o.s.security.web.FilterChainProxy - /bootstrap/fonts/glyphicons-halflings-regular.woff2 at position 3 of 12 in additional filter chain; firing Filter: 'HeaderWriterFilter'
270161 [http-nio-8080-exec-2] DEBUG o.s.s.w.a.i.FilterSecurityInterceptor - Secure object: FilterInvocation: URL: /img/1.JPG; Attributes: [permitAll]
270161 [http-nio-8080-exec-2] DEBUG o.s.s.w.a.i.FilterSecurityInterceptor - Previously Authenticated: org.springframework.security.authentication.AnonymousAuthenticationToken@6fa90ed4: Principal: anonymousUser; Credentials: [PROTECTED]; Authenticated: true; Details: org.springframework.security.web.authentication.WebAuthenticationDetails@fffc7f0c: RemoteIpAddress: 127.0.0.1; SessionId: 3804353C2C2C151F407CA4B277564A11; Granted Authorities: ROLE_ANONYMOUS
270161 [http-nio-8080-exec-6] DEBUG o.s.s.w.h.writers.HstsHeaderWriter - Not injecting HSTS header since it did not match the requestMatcher org.springframework.security.web.header.writers.HstsHeaderWriter$SecureRequestMatcher@7f066b80
270161 [http-nio-8080-exec-6] DEBUG o.s.security.web.FilterChainProxy - /bootstrap/fonts/glyphicons-halflings-regular.woff2 at position 4 of 12 in additional filter chain; firing Filter: 'CsrfFilter'
270161 [http-nio-8080-exec-6] DEBUG o.s.security.web.FilterChainProxy - /bootstrap/fonts/glyphicons-halflings-regular.woff2 at position 5 of 12 in additional filter chain; firing Filter: 'LogoutFilter'
270161 [http-nio-8080-exec-6] DEBUG o.s.s.w.u.m.AntPathRequestMatcher - Request 'GET /bootstrap/fonts/glyphicons-halflings-regular.woff2' doesn't match 'POST /logout
270161 [http-nio-8080-exec-6] DEBUG o.s.security.web.FilterChainProxy - /bootstrap/fonts/glyphicons-halflings-regular.woff2 at position 6 of 12 in additional filter chain; firing Filter: 'UsernamePasswordAuthenticationFilter'
270161 [http-nio-8080-exec-6] DEBUG o.s.s.w.u.m.AntPathRequestMatcher - Request 'GET /bootstrap/fonts/glyphicons-halflings-regular.woff2' doesn't match 'POST /login
270161 [http-nio-8080-exec-6] DEBUG o.s.security.web.FilterChainProxy - /bootstrap/fonts/glyphicons-halflings-regular.woff2 at position 7 of 12 in additional filter chain; firing Filter: 'RequestCacheAwareFilter'
270161 [http-nio-8080-exec-2] DEBUG o.s.s.access.vote.AffirmativeBased - Voter: org.springframework.security.web.access.expression.WebExpressionVoter@4007c9ec, returned: 1
270161 [http-nio-8080-exec-6] DEBUG o.s.s.w.s.DefaultSavedRequest - pathInfo: both null (property equals)
270162 [http-nio-8080-exec-2] DEBUG o.s.s.w.a.i.FilterSecurityInterceptor - Authorization successful
270162 [http-nio-8080-exec-6] DEBUG o.s.s.w.s.DefaultSavedRequest - queryString: both null (property equals)
270162 [http-nio-8080-exec-2] DEBUG o.s.s.w.a.i.FilterSecurityInterceptor - RunAsManager did not change Authentication object
270162 [http-nio-8080-exec-2] DEBUG o.s.security.web.FilterChainProxy - /img/1.JPG reached end of additional filter chain; proceeding with original chain
270162 [http-nio-8080-exec-6] DEBUG o.s.s.w.s.DefaultSavedRequest - requestURI: arg1=/logout; arg2=/bootstrap/fonts/glyphicons-halflings-regular.woff2 (property not equals)
270162 [http-nio-8080-exec-6] DEBUG o.s.s.w.s.HttpSessionRequestCache - saved request doesn't match
270162 [http-nio-8080-exec-6] DEBUG o.s.security.web.FilterChainProxy - /bootstrap/fonts/glyphicons-halflings-regular.woff2 at position 8 of 12 in additional filter chain; firing Filter: 'SecurityContextHolderAwareRequestFilter'
270162 [http-nio-8080-exec-6] DEBUG o.s.security.web.FilterChainProxy - /bootstrap/fonts/glyphicons-halflings-regular.woff2 at position 9 of 12 in additional filter chain; firing Filter: 'AnonymousAuthenticationFilter'
270162 [http-nio-8080-exec-6] DEBUG o.s.s.w.a.AnonymousAuthenticationFilter - Populated SecurityContextHolder with anonymous token: 'org.springframework.security.authentication.AnonymousAuthenticationToken@6fa90ed4: Principal: anonymousUser; Credentials: [PROTECTED]; Authenticated: true; Details: org.springframework.security.web.authentication.WebAuthenticationDetails@fffc7f0c: RemoteIpAddress: 127.0.0.1; SessionId: 3804353C2C2C151F407CA4B277564A11; Granted Authorities: ROLE_ANONYMOUS'
270162 [http-nio-8080-exec-6] DEBUG o.s.security.web.FilterChainProxy - /bootstrap/fonts/glyphicons-halflings-regular.woff2 at position 10 of 12 in additional filter chain; firing Filter: 'SessionManagementFilter'
270162 [http-nio-8080-exec-6] DEBUG o.s.security.web.FilterChainProxy - /bootstrap/fonts/glyphicons-halflings-regular.woff2 at position 11 of 12 in additional filter chain; firing Filter: 'ExceptionTranslationFilter'
270162 [http-nio-8080-exec-6] DEBUG o.s.security.web.FilterChainProxy - /bootstrap/fonts/glyphicons-halflings-regular.woff2 at position 12 of 12 in additional filter chain; firing Filter: 'FilterSecurityInterceptor'
270162 [http-nio-8080-exec-6] DEBUG o.s.s.w.u.m.AntPathRequestMatcher - Request 'GET /bootstrap/fonts/glyphicons-halflings-regular.woff2' doesn't match 'POST /logout
270162 [http-nio-8080-exec-6] DEBUG o.s.s.w.u.m.AntPathRequestMatcher - Checking match of request : '/bootstrap/fonts/glyphicons-halflings-regular.woff2'; against '/bootstrap/**'
270162 [http-nio-8080-exec-6] DEBUG o.s.s.w.a.i.FilterSecurityInterceptor - Secure object: FilterInvocation: URL: /bootstrap/fonts/glyphicons-halflings-regular.woff2; Attributes: [permitAll]
270162 [http-nio-8080-exec-6] DEBUG o.s.s.w.a.i.FilterSecurityInterceptor - Previously Authenticated: org.springframework.security.authentication.AnonymousAuthenticationToken@6fa90ed4: Principal: anonymousUser; Credentials: [PROTECTED]; Authenticated: true; Details: org.springframework.security.web.authentication.WebAuthenticationDetails@fffc7f0c: RemoteIpAddress: 127.0.0.1; SessionId: 3804353C2C2C151F407CA4B277564A11; Granted Authorities: ROLE_ANONYMOUS
270162 [http-nio-8080-exec-6] DEBUG o.s.s.access.vote.AffirmativeBased - Voter: org.springframework.security.web.access.expression.WebExpressionVoter@4007c9ec, returned: 1
270162 [http-nio-8080-exec-6] DEBUG o.s.s.w.a.i.FilterSecurityInterceptor - Authorization successful
270162 [http-nio-8080-exec-6] DEBUG o.s.s.w.a.i.FilterSecurityInterceptor - RunAsManager did not change Authentication object
270162 [http-nio-8080-exec-6] DEBUG o.s.security.web.FilterChainProxy - /bootstrap/fonts/glyphicons-halflings-regular.woff2 reached end of additional filter chain; proceeding with original chain
270163 [http-nio-8080-exec-2] DEBUG o.s.s.w.c.HttpSessionSecurityContextRepository - SecurityContext is empty or contents are anonymous - context will not be stored in HttpSession.
270163 [http-nio-8080-exec-6] DEBUG o.s.s.w.c.HttpSessionSecurityContextRepository - SecurityContext is empty or contents are anonymous - context will not be stored in HttpSession.
270164 [http-nio-8080-exec-6] DEBUG o.s.s.w.a.ExceptionTranslationFilter - Chain processed normally
270164 [http-nio-8080-exec-2] DEBUG o.s.s.w.a.ExceptionTranslationFilter - Chain processed normally
270164 [http-nio-8080-exec-6] DEBUG o.s.s.w.c.SecurityContextPersistenceFilter - SecurityContextHolder now cleared, as request processing completed
270164 [http-nio-8080-exec-2] DEBUG o.s.s.w.c.SecurityContextPersistenceFilter - SecurityContextHolder now cleared, as request processing completed
270187 [http-nio-8080-exec-4] DEBUG o.s.s.w.u.matcher.OrRequestMatcher - Trying to match using Ant [pattern='/css/**']
270187 [http-nio-8080-exec-4] DEBUG o.s.s.w.u.m.AntPathRequestMatcher - Checking match of request : '/favicon.ico'; against '/css/**'
270187 [http-nio-8080-exec-4] DEBUG o.s.s.w.u.matcher.OrRequestMatcher - Trying to match using Ant [pattern='/js/**']
270187 [http-nio-8080-exec-4] DEBUG o.s.s.w.u.m.AntPathRequestMatcher - Checking match of request : '/favicon.ico'; against '/js/**'
270188 [http-nio-8080-exec-4] DEBUG o.s.s.w.u.matcher.OrRequestMatcher - Trying to match using Ant [pattern='/images/**']
270188 [http-nio-8080-exec-4] DEBUG o.s.s.w.u.m.AntPathRequestMatcher - Checking match of request : '/favicon.ico'; against '/images/**'
270188 [http-nio-8080-exec-4] DEBUG o.s.s.w.u.matcher.OrRequestMatcher - Trying to match using Ant [pattern='/webjars/**']
270188 [http-nio-8080-exec-4] DEBUG o.s.s.w.u.m.AntPathRequestMatcher - Checking match of request : '/favicon.ico'; against '/webjars/**'
270188 [http-nio-8080-exec-4] DEBUG o.s.s.w.u.matcher.OrRequestMatcher - Trying to match using Ant [pattern='/**/favicon.ico']
270188 [http-nio-8080-exec-4] DEBUG o.s.s.w.u.m.AntPathRequestMatcher - Checking match of request : '/favicon.ico'; against '/**/favicon.ico'
270188 [http-nio-8080-exec-4] DEBUG o.s.s.w.u.matcher.OrRequestMatcher - matched
270188 [http-nio-8080-exec-4] DEBUG o.s.security.web.FilterChainProxy - /favicon.ico has an empty filter list
284808 [http-nio-8080-exec-3] DEBUG o.s.s.w.u.matcher.OrRequestMatcher - Trying to match using Ant [pattern='/css/**']
284808 [http-nio-8080-exec-3] DEBUG o.s.s.w.u.m.AntPathRequestMatcher - Checking match of request : '/login'; against '/css/**'
284808 [http-nio-8080-exec-3] DEBUG o.s.s.w.u.matcher.OrRequestMatcher - Trying to match using Ant [pattern='/js/**']
284808 [http-nio-8080-exec-3] DEBUG o.s.s.w.u.m.AntPathRequestMatcher - Checking match of request : '/login'; against '/js/**'
284808 [http-nio-8080-exec-3] DEBUG o.s.s.w.u.matcher.OrRequestMatcher - Trying to match using Ant [pattern='/images/**']
284808 [http-nio-8080-exec-3] DEBUG o.s.s.w.u.m.AntPathRequestMatcher - Checking match of request : '/login'; against '/images/**'
284808 [http-nio-8080-exec-3] DEBUG o.s.s.w.u.matcher.OrRequestMatcher - Trying to match using Ant [pattern='/webjars/**']
284808 [http-nio-8080-exec-3] DEBUG o.s.s.w.u.m.AntPathRequestMatcher - Checking match of request : '/login'; against '/webjars/**'
284808 [http-nio-8080-exec-3] DEBUG o.s.s.w.u.matcher.OrRequestMatcher - Trying to match using Ant [pattern='/**/favicon.ico']
284808 [http-nio-8080-exec-3] DEBUG o.s.s.w.u.m.AntPathRequestMatcher - Checking match of request : '/login'; against '/**/favicon.ico'
284808 [http-nio-8080-exec-3] DEBUG o.s.s.w.u.matcher.OrRequestMatcher - Trying to match using Ant [pattern='/error']
284808 [http-nio-8080-exec-3] DEBUG o.s.s.w.u.m.AntPathRequestMatcher - Checking match of request : '/login'; against '/error'
284808 [http-nio-8080-exec-3] DEBUG o.s.s.w.u.matcher.OrRequestMatcher - No matches found
284808 [http-nio-8080-exec-3] DEBUG o.s.security.web.FilterChainProxy - /login at position 1 of 12 in additional filter chain; firing Filter: 'WebAsyncManagerIntegrationFilter'
284808 [http-nio-8080-exec-3] DEBUG o.s.security.web.FilterChainProxy - /login at position 2 of 12 in additional filter chain; firing Filter: 'SecurityContextPersistenceFilter'
284808 [http-nio-8080-exec-3] DEBUG o.s.s.w.c.HttpSessionSecurityContextRepository - HttpSession returned null object for SPRING_SECURITY_CONTEXT
284808 [http-nio-8080-exec-3] DEBUG o.s.s.w.c.HttpSessionSecurityContextRepository - No SecurityContext was available from the HttpSession: org.apache.catalina.session.StandardSessionFacade@7b39f03f. A new one will be created.
284808 [http-nio-8080-exec-3] DEBUG o.s.security.web.FilterChainProxy - /login at position 3 of 12 in additional filter chain; firing Filter: 'HeaderWriterFilter'
284808 [http-nio-8080-exec-3] DEBUG o.s.s.w.h.writers.HstsHeaderWriter - Not injecting HSTS header since it did not match the requestMatcher org.springframework.security.web.header.writers.HstsHeaderWriter$SecureRequestMatcher@7f066b80
284808 [http-nio-8080-exec-3] DEBUG o.s.security.web.FilterChainProxy - /login at position 4 of 12 in additional filter chain; firing Filter: 'CsrfFilter'
284809 [http-nio-8080-exec-3] DEBUG o.s.security.web.FilterChainProxy - /login at position 5 of 12 in additional filter chain; firing Filter: 'LogoutFilter'
284809 [http-nio-8080-exec-3] DEBUG o.s.s.w.u.m.AntPathRequestMatcher - Request 'GET /login' doesn't match 'POST /logout
284809 [http-nio-8080-exec-3] DEBUG o.s.security.web.FilterChainProxy - /login at position 6 of 12 in additional filter chain; firing Filter: 'UsernamePasswordAuthenticationFilter'
284809 [http-nio-8080-exec-3] DEBUG o.s.s.w.u.m.AntPathRequestMatcher - Request 'GET /login' doesn't match 'POST /login
284809 [http-nio-8080-exec-3] DEBUG o.s.security.web.FilterChainProxy - /login at position 7 of 12 in additional filter chain; firing Filter: 'RequestCacheAwareFilter'
284809 [http-nio-8080-exec-3] DEBUG o.s.s.w.s.DefaultSavedRequest - pathInfo: both null (property equals)
284809 [http-nio-8080-exec-3] DEBUG o.s.s.w.s.DefaultSavedRequest - queryString: both null (property equals)
284809 [http-nio-8080-exec-3] DEBUG o.s.s.w.s.DefaultSavedRequest - requestURI: arg1=/logout; arg2=/login (property not equals)
284813 [http-nio-8080-exec-3] DEBUG o.s.s.w.s.HttpSessionRequestCache - saved request doesn't match
284813 [http-nio-8080-exec-3] DEBUG o.s.security.web.FilterChainProxy - /login at position 8 of 12 in additional filter chain; firing Filter: 'SecurityContextHolderAwareRequestFilter'
284813 [http-nio-8080-exec-3] DEBUG o.s.security.web.FilterChainProxy - /login at position 9 of 12 in additional filter chain; firing Filter: 'AnonymousAuthenticationFilter'
284813 [http-nio-8080-exec-3] DEBUG o.s.s.w.a.AnonymousAuthenticationFilter - Populated SecurityContextHolder with anonymous token: 'org.springframework.security.authentication.AnonymousAuthenticationToken@6fa90ed4: Principal: anonymousUser; Credentials: [PROTECTED]; Authenticated: true; Details: org.springframework.security.web.authentication.WebAuthenticationDetails@fffc7f0c: RemoteIpAddress: 127.0.0.1; SessionId: 3804353C2C2C151F407CA4B277564A11; Granted Authorities: ROLE_ANONYMOUS'
284813 [http-nio-8080-exec-3] DEBUG o.s.security.web.FilterChainProxy - /login at position 10 of 12 in additional filter chain; firing Filter: 'SessionManagementFilter'
284813 [http-nio-8080-exec-3] DEBUG o.s.security.web.FilterChainProxy - /login at position 11 of 12 in additional filter chain; firing Filter: 'ExceptionTranslationFilter'
284813 [http-nio-8080-exec-3] DEBUG o.s.security.web.FilterChainProxy - /login at position 12 of 12 in additional filter chain; firing Filter: 'FilterSecurityInterceptor'
284813 [http-nio-8080-exec-3] DEBUG o.s.s.w.a.i.FilterSecurityInterceptor - Secure object: FilterInvocation: URL: /login; Attributes: [permitAll]
284813 [http-nio-8080-exec-3] DEBUG o.s.s.w.a.i.FilterSecurityInterceptor - Previously Authenticated: org.springframework.security.authentication.AnonymousAuthenticationToken@6fa90ed4: Principal: anonymousUser; Credentials: [PROTECTED]; Authenticated: true; Details: org.springframework.security.web.authentication.WebAuthenticationDetails@fffc7f0c: RemoteIpAddress: 127.0.0.1; SessionId: 3804353C2C2C151F407CA4B277564A11; Granted Authorities: ROLE_ANONYMOUS
284813 [http-nio-8080-exec-3] DEBUG o.s.s.access.vote.AffirmativeBased - Voter: org.springframework.security.web.access.expression.WebExpressionVoter@4007c9ec, returned: 1
284813 [http-nio-8080-exec-3] DEBUG o.s.s.w.a.i.FilterSecurityInterceptor - Authorization successful
284813 [http-nio-8080-exec-3] DEBUG o.s.s.w.a.i.FilterSecurityInterceptor - RunAsManager did not change Authentication object
284813 [http-nio-8080-exec-3] DEBUG o.s.security.web.FilterChainProxy - /login reached end of additional filter chain; proceeding with original chain
284818 [http-nio-8080-exec-3] DEBUG o.s.s.w.c.HttpSessionSecurityContextRepository - SecurityContext is empty or contents are anonymous - context will not be stored in HttpSession.
284819 [http-nio-8080-exec-3] DEBUG o.s.s.w.a.ExceptionTranslationFilter - Chain processed normally
284819 [http-nio-8080-exec-3] DEBUG o.s.s.w.c.SecurityContextPersistenceFilter - SecurityContextHolder now cleared, as request processing completed
284827 [http-nio-8080-exec-10] DEBUG o.s.s.w.u.matcher.OrRequestMatcher - Trying to match using Ant [pattern='/css/**']
284827 [http-nio-8080-exec-1] DEBUG o.s.s.w.u.matcher.OrRequestMatcher - Trying to match using Ant [pattern='/css/**']
284827 [http-nio-8080-exec-9] DEBUG o.s.s.w.u.matcher.OrRequestMatcher - Trying to match using Ant [pattern='/css/**']
284827 [http-nio-8080-exec-10] DEBUG o.s.s.w.u.m.AntPathRequestMatcher - Checking match of request : '/jquery/jquery-2.1.3.js'; against '/css/**'
284827 [http-nio-8080-exec-1] DEBUG o.s.s.w.u.m.AntPathRequestMatcher - Checking match of request : '/bootstrap/js/bootstrap.js'; against '/css/**'
284827 [http-nio-8080-exec-9] DEBUG o.s.s.w.u.m.AntPathRequestMatcher - Checking match of request : '/bootstrap/css/bootstrap.css'; against '/css/**'
284827 [http-nio-8080-exec-10] DEBUG o.s.s.w.u.matcher.OrRequestMatcher - Trying to match using Ant [pattern='/js/**']
284827 [http-nio-8080-exec-1] DEBUG o.s.s.w.u.matcher.OrRequestMatcher - Trying to match using Ant [pattern='/js/**']
284827 [http-nio-8080-exec-1] DEBUG o.s.s.w.u.m.AntPathRequestMatcher - Checking match of request : '/bootstrap/js/bootstrap.js'; against '/js/**'
284827 [http-nio-8080-exec-9] DEBUG o.s.s.w.u.matcher.OrRequestMatcher - Trying to match using Ant [pattern='/js/**']
284827 [http-nio-8080-exec-10] DEBUG o.s.s.w.u.m.AntPathRequestMatcher - Checking match of request : '/jquery/jquery-2.1.3.js'; against '/js/**'
284827 [http-nio-8080-exec-10] DEBUG o.s.s.w.u.matcher.OrRequestMatcher - Trying to match using Ant [pattern='/images/**']
284827 [http-nio-8080-exec-1] DEBUG o.s.s.w.u.matcher.OrRequestMatcher - Trying to match using Ant [pattern='/images/**']
284827 [http-nio-8080-exec-9] DEBUG o.s.s.w.u.m.AntPathRequestMatcher - Checking match of request : '/bootstrap/css/bootstrap.css'; against '/js/**'
284828 [http-nio-8080-exec-10] DEBUG o.s.s.w.u.m.AntPathRequestMatcher - Checking match of request : '/jquery/jquery-2.1.3.js'; against '/images/**'
284828 [http-nio-8080-exec-1] DEBUG o.s.s.w.u.m.AntPathRequestMatcher - Checking match of request : '/bootstrap/js/bootstrap.js'; against '/images/**'
284828 [http-nio-8080-exec-9] DEBUG o.s.s.w.u.matcher.OrRequestMatcher - Trying to match using Ant [pattern='/images/**']
284828 [http-nio-8080-exec-10] DEBUG o.s.s.w.u.matcher.OrRequestMatcher - Trying to match using Ant [pattern='/webjars/**']
284828 [http-nio-8080-exec-1] DEBUG o.s.s.w.u.matcher.OrRequestMatcher - Trying to match using Ant [pattern='/webjars/**']
284828 [http-nio-8080-exec-1] DEBUG o.s.s.w.u.m.AntPathRequestMatcher - Checking match of request : '/bootstrap/js/bootstrap.js'; against '/webjars/**'
284828 [http-nio-8080-exec-1] DEBUG o.s.s.w.u.matcher.OrRequestMatcher - Trying to match using Ant [pattern='/**/favicon.ico']
284828 [http-nio-8080-exec-1] DEBUG o.s.s.w.u.m.AntPathRequestMatcher - Checking match of request : '/bootstrap/js/bootstrap.js'; against '/**/favicon.ico'
284828 [http-nio-8080-exec-9] DEBUG o.s.s.w.u.m.AntPathRequestMatcher - Checking match of request : '/bootstrap/css/bootstrap.css'; against '/images/**'
284828 [http-nio-8080-exec-1] DEBUG o.s.s.w.u.matcher.OrRequestMatcher - Trying to match using Ant [pattern='/error']
284828 [http-nio-8080-exec-9] DEBUG o.s.s.w.u.matcher.OrRequestMatcher - Trying to match using Ant [pattern='/webjars/**']
284828 [http-nio-8080-exec-1] DEBUG o.s.s.w.u.m.AntPathRequestMatcher - Checking match of request : '/bootstrap/js/bootstrap.js'; against '/error'
284828 [http-nio-8080-exec-9] DEBUG o.s.s.w.u.m.AntPathRequestMatcher - Checking match of request : '/bootstrap/css/bootstrap.css'; against '/webjars/**'
284828 [http-nio-8080-exec-1] DEBUG o.s.s.w.u.matcher.OrRequestMatcher - No matches found
284828 [http-nio-8080-exec-9] DEBUG o.s.s.w.u.matcher.OrRequestMatcher - Trying to match using Ant [pattern='/**/favicon.ico']
284828 [http-nio-8080-exec-10] DEBUG o.s.s.w.u.m.AntPathRequestMatcher - Checking match of request : '/jquery/jquery-2.1.3.js'; against '/webjars/**'
284828 [http-nio-8080-exec-9] DEBUG o.s.s.w.u.m.AntPathRequestMatcher - Checking match of request : '/bootstrap/css/bootstrap.css'; against '/**/favicon.ico'
284828 [http-nio-8080-exec-1] DEBUG o.s.security.web.FilterChainProxy - /bootstrap/js/bootstrap.js at position 1 of 12 in additional filter chain; firing Filter: 'WebAsyncManagerIntegrationFilter'
284832 [http-nio-8080-exec-10] DEBUG o.s.s.w.u.matcher.OrRequestMatcher - Trying to match using Ant [pattern='/**/favicon.ico']
284832 [http-nio-8080-exec-9] DEBUG o.s.s.w.u.matcher.OrRequestMatcher - Trying to match using Ant [pattern='/error']
284832 [http-nio-8080-exec-10] DEBUG o.s.s.w.u.m.AntPathRequestMatcher - Checking match of request : '/jquery/jquery-2.1.3.js'; against '/**/favicon.ico'
284832 [http-nio-8080-exec-9] DEBUG o.s.s.w.u.m.AntPathRequestMatcher - Checking match of request : '/bootstrap/css/bootstrap.css'; against '/error'
284832 [http-nio-8080-exec-10] DEBUG o.s.s.w.u.matcher.OrRequestMatcher - Trying to match using Ant [pattern='/error']
284832 [http-nio-8080-exec-9] DEBUG o.s.s.w.u.matcher.OrRequestMatcher - No matches found
284832 [http-nio-8080-exec-1] DEBUG o.s.security.web.FilterChainProxy - /bootstrap/js/bootstrap.js at position 2 of 12 in additional filter chain; firing Filter: 'SecurityContextPersistenceFilter'
284832 [http-nio-8080-exec-9] DEBUG o.s.security.web.FilterChainProxy - /bootstrap/css/bootstrap.css at position 1 of 12 in additional filter chain; firing Filter: 'WebAsyncManagerIntegrationFilter'
284832 [http-nio-8080-exec-10] DEBUG o.s.s.w.u.m.AntPathRequestMatcher - Checking match of request : '/jquery/jquery-2.1.3.js'; against '/error'
284832 [http-nio-8080-exec-1] DEBUG o.s.s.w.c.HttpSessionSecurityContextRepository - HttpSession returned null object for SPRING_SECURITY_CONTEXT
284832 [http-nio-8080-exec-10] DEBUG o.s.s.w.u.matcher.OrRequestMatcher - No matches found
284832 [http-nio-8080-exec-9] DEBUG o.s.security.web.FilterChainProxy - /bootstrap/css/bootstrap.css at position 2 of 12 in additional filter chain; firing Filter: 'SecurityContextPersistenceFilter'
284832 [http-nio-8080-exec-10] DEBUG o.s.security.web.FilterChainProxy - /jquery/jquery-2.1.3.js at position 1 of 12 in additional filter chain; firing Filter: 'WebAsyncManagerIntegrationFilter'
284832 [http-nio-8080-exec-9] DEBUG o.s.s.w.c.HttpSessionSecurityContextRepository - HttpSession returned null object for SPRING_SECURITY_CONTEXT
284832 [http-nio-8080-exec-10] DEBUG o.s.security.web.FilterChainProxy - /jquery/jquery-2.1.3.js at position 2 of 12 in additional filter chain; firing Filter: 'SecurityContextPersistenceFilter'
284832 [http-nio-8080-exec-9] DEBUG o.s.s.w.c.HttpSessionSecurityContextRepository - No SecurityContext was available from the HttpSession: org.apache.catalina.session.StandardSessionFacade@7b39f03f. A new one will be created.
284832 [http-nio-8080-exec-1] DEBUG o.s.s.w.c.HttpSessionSecurityContextRepository - No SecurityContext was available from the HttpSession: org.apache.catalina.session.StandardSessionFacade@7b39f03f. A new one will be created.
284832 [http-nio-8080-exec-10] DEBUG o.s.s.w.c.HttpSessionSecurityContextRepository - HttpSession returned null object for SPRING_SECURITY_CONTEXT
284832 [http-nio-8080-exec-9] DEBUG o.s.security.web.FilterChainProxy - /bootstrap/css/bootstrap.css at position 3 of 12 in additional filter chain; firing Filter: 'HeaderWriterFilter'
284832 [http-nio-8080-exec-10] DEBUG o.s.s.w.c.HttpSessionSecurityContextRepository - No SecurityContext was available from the HttpSession: org.apache.catalina.session.StandardSessionFacade@7b39f03f. A new one will be created.
284832 [http-nio-8080-exec-10] DEBUG o.s.security.web.FilterChainProxy - /jquery/jquery-2.1.3.js at position 3 of 12 in additional filter chain; firing Filter: 'HeaderWriterFilter'
284832 [http-nio-8080-exec-1] DEBUG o.s.security.web.FilterChainProxy - /bootstrap/js/bootstrap.js at position 3 of 12 in additional filter chain; firing Filter: 'HeaderWriterFilter'
284832 [http-nio-8080-exec-10] DEBUG o.s.s.w.h.writers.HstsHeaderWriter - Not injecting HSTS header since it did not match the requestMatcher org.springframework.security.web.header.writers.HstsHeaderWriter$SecureRequestMatcher@7f066b80
284832 [http-nio-8080-exec-1] DEBUG o.s.s.w.h.writers.HstsHeaderWriter - Not injecting HSTS header since it did not match the requestMatcher org.springframework.security.web.header.writers.HstsHeaderWriter$SecureRequestMatcher@7f066b80
284832 [http-nio-8080-exec-9] DEBUG o.s.s.w.h.writers.HstsHeaderWriter - Not injecting HSTS header since it did not match the requestMatcher org.springframework.security.web.header.writers.HstsHeaderWriter$SecureRequestMatcher@7f066b80
284832 [http-nio-8080-exec-10] DEBUG o.s.security.web.FilterChainProxy - /jquery/jquery-2.1.3.js at position 4 of 12 in additional filter chain; firing Filter: 'CsrfFilter'
284834 [http-nio-8080-exec-1] DEBUG o.s.security.web.FilterChainProxy - /bootstrap/js/bootstrap.js at position 4 of 12 in additional filter chain; firing Filter: 'CsrfFilter'
284834 [http-nio-8080-exec-9] DEBUG o.s.security.web.FilterChainProxy - /bootstrap/css/bootstrap.css at position 4 of 12 in additional filter chain; firing Filter: 'CsrfFilter'
284834 [http-nio-8080-exec-10] DEBUG o.s.security.web.FilterChainProxy - /jquery/jquery-2.1.3.js at position 5 of 12 in additional filter chain; firing Filter: 'LogoutFilter'
284834 [http-nio-8080-exec-9] DEBUG o.s.security.web.FilterChainProxy - /bootstrap/css/bootstrap.css at position 5 of 12 in additional filter chain; firing Filter: 'LogoutFilter'
284834 [http-nio-8080-exec-1] DEBUG o.s.security.web.FilterChainProxy - /bootstrap/js/bootstrap.js at position 5 of 12 in additional filter chain; firing Filter: 'LogoutFilter'
284834 [http-nio-8080-exec-9] DEBUG o.s.s.w.u.m.AntPathRequestMatcher - Request 'GET /bootstrap/css/bootstrap.css' doesn't match 'POST /logout
284834 [http-nio-8080-exec-10] DEBUG o.s.s.w.u.m.AntPathRequestMatcher - Request 'GET /jquery/jquery-2.1.3.js' doesn't match 'POST /logout
284834 [http-nio-8080-exec-10] DEBUG o.s.security.web.FilterChainProxy - /jquery/jquery-2.1.3.js at position 6 of 12 in additional filter chain; firing Filter: 'UsernamePasswordAuthenticationFilter'
284834 [http-nio-8080-exec-10] DEBUG o.s.s.w.u.m.AntPathRequestMatcher - Request 'GET /jquery/jquery-2.1.3.js' doesn't match 'POST /login
284834 [http-nio-8080-exec-1] DEBUG o.s.s.w.u.m.AntPathRequestMatcher - Request 'GET /bootstrap/js/bootstrap.js' doesn't match 'POST /logout
284834 [http-nio-8080-exec-1] DEBUG o.s.security.web.FilterChainProxy - /bootstrap/js/bootstrap.js at position 6 of 12 in additional filter chain; firing Filter: 'UsernamePasswordAuthenticationFilter'
284834 [http-nio-8080-exec-1] DEBUG o.s.s.w.u.m.AntPathRequestMatcher - Request 'GET /bootstrap/js/bootstrap.js' doesn't match 'POST /login
284834 [http-nio-8080-exec-1] DEBUG o.s.security.web.FilterChainProxy - /bootstrap/js/bootstrap.js at position 7 of 12 in additional filter chain; firing Filter: 'RequestCacheAwareFilter'
284834 [http-nio-8080-exec-1] DEBUG o.s.s.w.s.DefaultSavedRequest - pathInfo: both null (property equals)
284834 [http-nio-8080-exec-1] DEBUG o.s.s.w.s.DefaultSavedRequest - queryString: both null (property equals)
284834 [http-nio-8080-exec-1] DEBUG o.s.s.w.s.DefaultSavedRequest - requestURI: arg1=/logout; arg2=/bootstrap/js/bootstrap.js (property not equals)
284834 [http-nio-8080-exec-1] DEBUG o.s.s.w.s.HttpSessionRequestCache - saved request doesn't match
284834 [http-nio-8080-exec-1] DEBUG o.s.security.web.FilterChainProxy - /bootstrap/js/bootstrap.js at position 8 of 12 in additional filter chain; firing Filter: 'SecurityContextHolderAwareRequestFilter'
284834 [http-nio-8080-exec-9] DEBUG o.s.security.web.FilterChainProxy - /bootstrap/css/bootstrap.css at position 6 of 12 in additional filter chain; firing Filter: 'UsernamePasswordAuthenticationFilter'
284834 [http-nio-8080-exec-9] DEBUG o.s.s.w.u.m.AntPathRequestMatcher - Request 'GET /bootstrap/css/bootstrap.css' doesn't match 'POST /login
284834 [http-nio-8080-exec-10] DEBUG o.s.security.web.FilterChainProxy - /jquery/jquery-2.1.3.js at position 7 of 12 in additional filter chain; firing Filter: 'RequestCacheAwareFilter'
284834 [http-nio-8080-exec-10] DEBUG o.s.s.w.s.DefaultSavedRequest - pathInfo: both null (property equals)
284834 [http-nio-8080-exec-10] DEBUG o.s.s.w.s.DefaultSavedRequest - queryString: both null (property equals)
284834 [http-nio-8080-exec-10] DEBUG o.s.s.w.s.DefaultSavedRequest - requestURI: arg1=/logout; arg2=/jquery/jquery-2.1.3.js (property not equals)
284834 [http-nio-8080-exec-10] DEBUG o.s.s.w.s.HttpSessionRequestCache - saved request doesn't match
284834 [http-nio-8080-exec-1] DEBUG o.s.security.web.FilterChainProxy - /bootstrap/js/bootstrap.js at position 9 of 12 in additional filter chain; firing Filter: 'AnonymousAuthenticationFilter'
284834 [http-nio-8080-exec-9] DEBUG o.s.security.web.FilterChainProxy - /bootstrap/css/bootstrap.css at position 7 of 12 in additional filter chain; firing Filter: 'RequestCacheAwareFilter'
284835 [http-nio-8080-exec-10] DEBUG o.s.security.web.FilterChainProxy - /jquery/jquery-2.1.3.js at position 8 of 12 in additional filter chain; firing Filter: 'SecurityContextHolderAwareRequestFilter'
284835 [http-nio-8080-exec-10] DEBUG o.s.security.web.FilterChainProxy - /jquery/jquery-2.1.3.js at position 9 of 12 in additional filter chain; firing Filter: 'AnonymousAuthenticationFilter'
284835 [http-nio-8080-exec-1] DEBUG o.s.s.w.a.AnonymousAuthenticationFilter - Populated SecurityContextHolder with anonymous token: 'org.springframework.security.authentication.AnonymousAuthenticationToken@6faeba70: Principal: anonymousUser; Credentials: [PROTECTED]; Authenticated: true; Details: org.springframework.security.web.authentication.WebAuthenticationDetails@fffbcba8: RemoteIpAddress: 0:0:0:0:0:0:0:1; SessionId: 3804353C2C2C151F407CA4B277564A11; Granted Authorities: ROLE_ANONYMOUS'
284835 [http-nio-8080-exec-9] DEBUG o.s.s.w.s.DefaultSavedRequest - pathInfo: both null (property equals)
284835 [http-nio-8080-exec-1] DEBUG o.s.security.web.FilterChainProxy - /bootstrap/js/bootstrap.js at position 10 of 12 in additional filter chain; firing Filter: 'SessionManagementFilter'
284835 [http-nio-8080-exec-1] DEBUG o.s.security.web.FilterChainProxy - /bootstrap/js/bootstrap.js at position 11 of 12 in additional filter chain; firing Filter: 'ExceptionTranslationFilter'
284835 [http-nio-8080-exec-1] DEBUG o.s.security.web.FilterChainProxy - /bootstrap/js/bootstrap.js at position 12 of 12 in additional filter chain; firing Filter: 'FilterSecurityInterceptor'
284835 [http-nio-8080-exec-10] DEBUG o.s.s.w.a.AnonymousAuthenticationFilter - Populated SecurityContextHolder with anonymous token: 'org.springframework.security.authentication.AnonymousAuthenticationToken@6fa90ed4: Principal: anonymousUser; Credentials: [PROTECTED]; Authenticated: true; Details: org.springframework.security.web.authentication.WebAuthenticationDetails@fffc7f0c: RemoteIpAddress: 127.0.0.1; SessionId: 3804353C2C2C151F407CA4B277564A11; Granted Authorities: ROLE_ANONYMOUS'
284835 [http-nio-8080-exec-9] DEBUG o.s.s.w.s.DefaultSavedRequest - queryString: both null (property equals)
284835 [http-nio-8080-exec-10] DEBUG o.s.security.web.FilterChainProxy - /jquery/jquery-2.1.3.js at position 10 of 12 in additional filter chain; firing Filter: 'SessionManagementFilter'
284835 [http-nio-8080-exec-10] DEBUG o.s.security.web.FilterChainProxy - /jquery/jquery-2.1.3.js at position 11 of 12 in additional filter chain; firing Filter: 'ExceptionTranslationFilter'
284835 [http-nio-8080-exec-1] DEBUG o.s.s.w.u.m.AntPathRequestMatcher - Request 'GET /bootstrap/js/bootstrap.js' doesn't match 'POST /logout
284835 [http-nio-8080-exec-9] DEBUG o.s.s.w.s.DefaultSavedRequest - requestURI: arg1=/logout; arg2=/bootstrap/css/bootstrap.css (property not equals)
284835 [http-nio-8080-exec-1] DEBUG o.s.s.w.u.m.AntPathRequestMatcher - Checking match of request : '/bootstrap/js/bootstrap.js'; against '/bootstrap/**'
284835 [http-nio-8080-exec-1] DEBUG o.s.s.w.a.i.FilterSecurityInterceptor - Secure object: FilterInvocation: URL: /bootstrap/js/bootstrap.js; Attributes: [permitAll]
284835 [http-nio-8080-exec-10] DEBUG o.s.security.web.FilterChainProxy - /jquery/jquery-2.1.3.js at position 12 of 12 in additional filter chain; firing Filter: 'FilterSecurityInterceptor'
284835 [http-nio-8080-exec-10] DEBUG o.s.s.w.u.m.AntPathRequestMatcher - Request 'GET /jquery/jquery-2.1.3.js' doesn't match 'POST /logout
284835 [http-nio-8080-exec-10] DEBUG o.s.s.w.u.m.AntPathRequestMatcher - Checking match of request : '/jquery/jquery-2.1.3.js'; against '/bootstrap/**'
284835 [http-nio-8080-exec-9] DEBUG o.s.s.w.s.HttpSessionRequestCache - saved request doesn't match
284835 [http-nio-8080-exec-1] DEBUG o.s.s.w.a.i.FilterSecurityInterceptor - Previously Authenticated: org.springframework.security.authentication.AnonymousAuthenticationToken@6faeba70: Principal: anonymousUser; Credentials: [PROTECTED]; Authenticated: true; Details: org.springframework.security.web.authentication.WebAuthenticationDetails@fffbcba8: RemoteIpAddress: 0:0:0:0:0:0:0:1; SessionId: 3804353C2C2C151F407CA4B277564A11; Granted Authorities: ROLE_ANONYMOUS
284835 [http-nio-8080-exec-9] DEBUG o.s.security.web.FilterChainProxy - /bootstrap/css/bootstrap.css at position 8 of 12 in additional filter chain; firing Filter: 'SecurityContextHolderAwareRequestFilter'
284835 [http-nio-8080-exec-10] DEBUG o.s.s.w.u.m.AntPathRequestMatcher - Checking match of request : '/jquery/jquery-2.1.3.js'; against '/error/**'
284836 [http-nio-8080-exec-9] DEBUG o.s.security.web.FilterChainProxy - /bootstrap/css/bootstrap.css at position 9 of 12 in additional filter chain; firing Filter: 'AnonymousAuthenticationFilter'
284836 [http-nio-8080-exec-9] DEBUG o.s.s.w.a.AnonymousAuthenticationFilter - Populated SecurityContextHolder with anonymous token: 'org.springframework.security.authentication.AnonymousAuthenticationToken@6fa90ed4: Principal: anonymousUser; Credentials: [PROTECTED]; Authenticated: true; Details: org.springframework.security.web.authentication.WebAuthenticationDetails@fffc7f0c: RemoteIpAddress: 127.0.0.1; SessionId: 3804353C2C2C151F407CA4B277564A11; Granted Authorities: ROLE_ANONYMOUS'
284836 [http-nio-8080-exec-9] DEBUG o.s.security.web.FilterChainProxy - /bootstrap/css/bootstrap.css at position 10 of 12 in additional filter chain; firing Filter: 'SessionManagementFilter'
284836 [http-nio-8080-exec-10] DEBUG o.s.s.w.u.m.AntPathRequestMatcher - Checking match of request : '/jquery/jquery-2.1.3.js'; against '/img/**'
284836 [http-nio-8080-exec-1] DEBUG o.s.s.access.vote.AffirmativeBased - Voter: org.springframework.security.web.access.expression.WebExpressionVoter@4007c9ec, returned: 1
284836 [http-nio-8080-exec-10] DEBUG o.s.s.w.u.m.AntPathRequestMatcher - Checking match of request : '/jquery/jquery-2.1.3.js'; against '/jquery/**'
284836 [http-nio-8080-exec-1] DEBUG o.s.s.w.a.i.FilterSecurityInterceptor - Authorization successful
284836 [http-nio-8080-exec-9] DEBUG o.s.security.web.FilterChainProxy - /bootstrap/css/bootstrap.css at position 11 of 12 in additional filter chain; firing Filter: 'ExceptionTranslationFilter'
284836 [http-nio-8080-exec-9] DEBUG o.s.security.web.FilterChainProxy - /bootstrap/css/bootstrap.css at position 12 of 12 in additional filter chain; firing Filter: 'FilterSecurityInterceptor'
284836 [http-nio-8080-exec-9] DEBUG o.s.s.w.u.m.AntPathRequestMatcher - Request 'GET /bootstrap/css/bootstrap.css' doesn't match 'POST /logout
284836 [http-nio-8080-exec-9] DEBUG o.s.s.w.u.m.AntPathRequestMatcher - Checking match of request : '/bootstrap/css/bootstrap.css'; against '/bootstrap/**'
284836 [http-nio-8080-exec-10] DEBUG o.s.s.w.a.i.FilterSecurityInterceptor - Secure object: FilterInvocation: URL: /jquery/jquery-2.1.3.js; Attributes: [permitAll]
284836 [http-nio-8080-exec-10] DEBUG o.s.s.w.a.i.FilterSecurityInterceptor - Previously Authenticated: org.springframework.security.authentication.AnonymousAuthenticationToken@6fa90ed4: Principal: anonymousUser; Credentials: [PROTECTED]; Authenticated: true; Details: org.springframework.security.web.authentication.WebAuthenticationDetails@fffc7f0c: RemoteIpAddress: 127.0.0.1; SessionId: 3804353C2C2C151F407CA4B277564A11; Granted Authorities: ROLE_ANONYMOUS
284836 [http-nio-8080-exec-1] DEBUG o.s.s.w.a.i.FilterSecurityInterceptor - RunAsManager did not change Authentication object
284836 [http-nio-8080-exec-9] DEBUG o.s.s.w.a.i.FilterSecurityInterceptor - Secure object: FilterInvocation: URL: /bootstrap/css/bootstrap.css; Attributes: [permitAll]
284836 [http-nio-8080-exec-1] DEBUG o.s.security.web.FilterChainProxy - /bootstrap/js/bootstrap.js reached end of additional filter chain; proceeding with original chain
284836 [http-nio-8080-exec-9] DEBUG o.s.s.w.a.i.FilterSecurityInterceptor - Previously Authenticated: org.springframework.security.authentication.AnonymousAuthenticationToken@6fa90ed4: Principal: anonymousUser; Credentials: [PROTECTED]; Authenticated: true; Details: org.springframework.security.web.authentication.WebAuthenticationDetails@fffc7f0c: RemoteIpAddress: 127.0.0.1; SessionId: 3804353C2C2C151F407CA4B277564A11; Granted Authorities: ROLE_ANONYMOUS
284836 [http-nio-8080-exec-10] DEBUG o.s.s.access.vote.AffirmativeBased - Voter: org.springframework.security.web.access.expression.WebExpressionVoter@4007c9ec, returned: 1
284836 [http-nio-8080-exec-10] DEBUG o.s.s.w.a.i.FilterSecurityInterceptor - Authorization successful
284836 [http-nio-8080-exec-10] DEBUG o.s.s.w.a.i.FilterSecurityInterceptor - RunAsManager did not change Authentication object
284836 [http-nio-8080-exec-9] DEBUG o.s.s.access.vote.AffirmativeBased - Voter: org.springframework.security.web.access.expression.WebExpressionVoter@4007c9ec, returned: 1
284837 [http-nio-8080-exec-1] DEBUG o.s.s.w.c.HttpSessionSecurityContextRepository - SecurityContext is empty or contents are anonymous - context will not be stored in HttpSession.
284838 [http-nio-8080-exec-10] DEBUG o.s.security.web.FilterChainProxy - /jquery/jquery-2.1.3.js reached end of additional filter chain; proceeding with original chain
284838 [http-nio-8080-exec-9] DEBUG o.s.s.w.a.i.FilterSecurityInterceptor - Authorization successful
284838 [http-nio-8080-exec-9] DEBUG o.s.s.w.a.i.FilterSecurityInterceptor - RunAsManager did not change Authentication object
284838 [http-nio-8080-exec-9] DEBUG o.s.security.web.FilterChainProxy - /bootstrap/css/bootstrap.css reached end of additional filter chain; proceeding with original chain
284839 [http-nio-8080-exec-10] DEBUG o.s.s.w.c.HttpSessionSecurityContextRepository - SecurityContext is empty or contents are anonymous - context will not be stored in HttpSession.
284839 [http-nio-8080-exec-9] DEBUG o.s.s.w.c.HttpSessionSecurityContextRepository - SecurityContext is empty or contents are anonymous - context will not be stored in HttpSession.
284840 [http-nio-8080-exec-1] DEBUG o.s.s.w.a.ExceptionTranslationFilter - Chain processed normally
284840 [http-nio-8080-exec-1] DEBUG o.s.s.w.c.SecurityContextPersistenceFilter - SecurityContextHolder now cleared, as request processing completed
284843 [http-nio-8080-exec-9] DEBUG o.s.s.w.a.ExceptionTranslationFilter - Chain processed normally
284844 [http-nio-8080-exec-9] DEBUG o.s.s.w.c.SecurityContextPersistenceFilter - SecurityContextHolder now cleared, as request processing completed
284845 [http-nio-8080-exec-10] DEBUG o.s.s.w.a.ExceptionTranslationFilter - Chain processed normally
284845 [http-nio-8080-exec-10] DEBUG o.s.s.w.c.SecurityContextPersistenceFilter - SecurityContextHolder now cleared, as request processing completed
299751 [Thread-32] WARN  o.s.b.f.s.DisposableBeanAdapter - Invocation of destroy method failed on bean with name 'classPathFileSystemWatcher': java.lang.NullPointerException
301464 [restartedMain] DEBUG o.s.s.c.a.a.c.AuthenticationConfiguration$EnableGlobalAuthenticationAutowiredConfigurer - Eagerly initializing {org.springframework.boot.autoconfigure.security.SpringBootWebSecurityConfiguration=org.springframework.boot.autoconfigure.security.SpringBootWebSecurityConfiguration$$EnhancerBySpringCGLIB$$47aa4518@70f03f6}
301473 [restartedMain] INFO  o.s.s.w.DefaultSecurityFilterChain - Creating filter chain: OrRequestMatcher [requestMatchers=[Ant [pattern='/css/**'], Ant [pattern='/js/**'], Ant [pattern='/images/**'], Ant [pattern='/webjars/**'], Ant [pattern='/**/favicon.ico'], Ant [pattern='/error']]], []
301478 [restartedMain] DEBUG o.s.s.w.a.e.ExpressionBasedFilterInvocationSecurityMetadataSource - Adding web access control expression 'permitAll', for ExactUrl [processUrl='/login?error']
301479 [restartedMain] DEBUG o.s.s.w.a.e.ExpressionBasedFilterInvocationSecurityMetadataSource - Adding web access control expression 'permitAll', for ExactUrl [processUrl='/login']
301479 [restartedMain] DEBUG o.s.s.w.a.e.ExpressionBasedFilterInvocationSecurityMetadataSource - Adding web access control expression 'permitAll', for ExactUrl [processUrl='/login']
301479 [restartedMain] DEBUG o.s.s.w.a.e.ExpressionBasedFilterInvocationSecurityMetadataSource - Adding web access control expression 'permitAll', for Ant [pattern='/logout', POST]
301479 [restartedMain] DEBUG o.s.s.w.a.e.ExpressionBasedFilterInvocationSecurityMetadataSource - Adding web access control expression 'permitAll', for ExactUrl [processUrl='/login?logout']
301479 [restartedMain] DEBUG o.s.s.w.a.e.ExpressionBasedFilterInvocationSecurityMetadataSource - Adding web access control expression 'permitAll', for Ant [pattern='/bootstrap/**']
301479 [restartedMain] DEBUG o.s.s.w.a.e.ExpressionBasedFilterInvocationSecurityMetadataSource - Adding web access control expression 'permitAll', for Ant [pattern='/error/**']
301479 [restartedMain] DEBUG o.s.s.w.a.e.ExpressionBasedFilterInvocationSecurityMetadataSource - Adding web access control expression 'permitAll', for Ant [pattern='/img/**']
301479 [restartedMain] DEBUG o.s.s.w.a.e.ExpressionBasedFilterInvocationSecurityMetadataSource - Adding web access control expression 'permitAll', for Ant [pattern='/jquery/**']
301479 [restartedMain] DEBUG o.s.s.w.a.e.ExpressionBasedFilterInvocationSecurityMetadataSource - Adding web access control expression 'permitAll', for Ant [pattern='/index.html']
301479 [restartedMain] DEBUG o.s.s.w.a.e.ExpressionBasedFilterInvocationSecurityMetadataSource - Adding web access control expression 'permitAll', for Ant [pattern='/**']
301479 [restartedMain] DEBUG o.s.s.w.a.e.ExpressionBasedFilterInvocationSecurityMetadataSource - Adding web access control expression 'authenticated', for org.springframework.security.web.util.matcher.AnyRequestMatcher@1
301479 [restartedMain] DEBUG o.s.s.w.a.i.FilterSecurityInterceptor - Validated configuration attributes
301479 [restartedMain] DEBUG o.s.s.w.a.i.FilterSecurityInterceptor - Validated configuration attributes
301482 [restartedMain] INFO  o.s.s.w.DefaultSecurityFilterChain - Creating filter chain: org.springframework.security.web.util.matcher.AnyRequestMatcher@1, [org.springframework.security.web.context.request.async.WebAsyncManagerIntegrationFilter@e456874, org.springframework.security.web.context.SecurityContextPersistenceFilter@4d1e9d2, org.springframework.security.web.header.HeaderWriterFilter@627fb20, org.springframework.security.web.csrf.CsrfFilter@114938c2, org.springframework.security.web.authentication.logout.LogoutFilter@2afa0575, org.springframework.security.web.authentication.UsernamePasswordAuthenticationFilter@7c0a1d5e, org.springframework.security.web.savedrequest.RequestCacheAwareFilter@7df8392b, org.springframework.security.web.servletapi.SecurityContextHolderAwareRequestFilter@443f334f, org.springframework.security.web.authentication.AnonymousAuthenticationFilter@386a9346, org.springframework.security.web.session.SessionManagementFilter@5c8655a8, org.springframework.security.web.access.ExceptionTranslationFilter@459798e3, org.springframework.security.web.access.intercept.FilterSecurityInterceptor@45859a87]
301484 [restartedMain] DEBUG o.s.s.w.a.e.ExpressionBasedFilterInvocationSecurityMetadataSource - Adding web access control expression 'hasAnyRole('ROLE_USER')', for org.springframework.security.web.util.matcher.AnyRequestMatcher@1
301484 [restartedMain] DEBUG o.s.s.w.a.i.FilterSecurityInterceptor - Validated configuration attributes
301484 [restartedMain] DEBUG o.s.s.w.a.i.FilterSecurityInterceptor - Validated configuration attributes
301484 [restartedMain] INFO  o.s.s.w.DefaultSecurityFilterChain - Creating filter chain: OrRequestMatcher [requestMatchers=[Ant [pattern='/**']]], [org.springframework.security.web.context.request.async.WebAsyncManagerIntegrationFilter@5ddf4fa3, org.springframework.security.web.context.SecurityContextPersistenceFilter@46101816, org.springframework.security.web.header.HeaderWriterFilter@7648cb93, org.springframework.security.web.authentication.logout.LogoutFilter@402fafd4, org.springframework.security.web.authentication.www.BasicAuthenticationFilter@6b9cf6f, org.springframework.security.web.savedrequest.RequestCacheAwareFilter@5f0380cd, org.springframework.security.web.servletapi.SecurityContextHolderAwareRequestFilter@6f27cced, org.springframework.security.web.authentication.AnonymousAuthenticationFilter@3fa04fe5, org.springframework.security.web.session.SessionManagementFilter@54ef6914, org.springframework.security.web.access.ExceptionTranslationFilter@4d1a9213, org.springframework.security.web.access.intercept.FilterSecurityInterceptor@6188f2d5]
451221 [Thread-38] WARN  o.s.b.f.s.DisposableBeanAdapter - Invocation of destroy method failed on bean with name 'classPathFileSystemWatcher': java.lang.NullPointerException
453031 [restartedMain] DEBUG o.s.s.c.a.a.c.AuthenticationConfiguration$EnableGlobalAuthenticationAutowiredConfigurer - Eagerly initializing {org.springframework.boot.autoconfigure.security.SpringBootWebSecurityConfiguration=org.springframework.boot.autoconfigure.security.SpringBootWebSecurityConfiguration$$EnhancerBySpringCGLIB$$47aa4518@5aa39c4c}
453037 [restartedMain] INFO  o.s.s.w.DefaultSecurityFilterChain - Creating filter chain: OrRequestMatcher [requestMatchers=[Ant [pattern='/css/**'], Ant [pattern='/js/**'], Ant [pattern='/images/**'], Ant [pattern='/webjars/**'], Ant [pattern='/**/favicon.ico'], Ant [pattern='/error']]], []
453042 [restartedMain] DEBUG o.s.s.w.a.e.ExpressionBasedFilterInvocationSecurityMetadataSource - Adding web access control expression 'permitAll', for ExactUrl [processUrl='/login?error']
453043 [restartedMain] DEBUG o.s.s.w.a.e.ExpressionBasedFilterInvocationSecurityMetadataSource - Adding web access control expression 'permitAll', for ExactUrl [processUrl='/login']
453043 [restartedMain] DEBUG o.s.s.w.a.e.ExpressionBasedFilterInvocationSecurityMetadataSource - Adding web access control expression 'permitAll', for ExactUrl [processUrl='/login']
453043 [restartedMain] DEBUG o.s.s.w.a.e.ExpressionBasedFilterInvocationSecurityMetadataSource - Adding web access control expression 'permitAll', for Ant [pattern='/logout', POST]
453043 [restartedMain] DEBUG o.s.s.w.a.e.ExpressionBasedFilterInvocationSecurityMetadataSource - Adding web access control expression 'permitAll', for ExactUrl [processUrl='/login?logout']
453043 [restartedMain] DEBUG o.s.s.w.a.e.ExpressionBasedFilterInvocationSecurityMetadataSource - Adding web access control expression 'permitAll', for Ant [pattern='/bootstrap/**']
453043 [restartedMain] DEBUG o.s.s.w.a.e.ExpressionBasedFilterInvocationSecurityMetadataSource - Adding web access control expression 'permitAll', for Ant [pattern='/error/**']
453043 [restartedMain] DEBUG o.s.s.w.a.e.ExpressionBasedFilterInvocationSecurityMetadataSource - Adding web access control expression 'permitAll', for Ant [pattern='/img/**']
453043 [restartedMain] DEBUG o.s.s.w.a.e.ExpressionBasedFilterInvocationSecurityMetadataSource - Adding web access control expression 'permitAll', for Ant [pattern='/jquery/**']
453043 [restartedMain] DEBUG o.s.s.w.a.e.ExpressionBasedFilterInvocationSecurityMetadataSource - Adding web access control expression 'permitAll', for Ant [pattern='/index.html']
453043 [restartedMain] DEBUG o.s.s.w.a.e.ExpressionBasedFilterInvocationSecurityMetadataSource - Adding web access control expression 'permitAll', for Ant [pattern='/temp.ftl']
453043 [restartedMain] DEBUG o.s.s.w.a.e.ExpressionBasedFilterInvocationSecurityMetadataSource - Adding web access control expression 'authenticated', for org.springframework.security.web.util.matcher.AnyRequestMatcher@1
453043 [restartedMain] DEBUG o.s.s.w.a.i.FilterSecurityInterceptor - Validated configuration attributes
453043 [restartedMain] DEBUG o.s.s.w.a.i.FilterSecurityInterceptor - Validated configuration attributes
453046 [restartedMain] INFO  o.s.s.w.DefaultSecurityFilterChain - Creating filter chain: org.springframework.security.web.util.matcher.AnyRequestMatcher@1, [org.springframework.security.web.context.request.async.WebAsyncManagerIntegrationFilter@1e4790c7, org.springframework.security.web.context.SecurityContextPersistenceFilter@52a519af, org.springframework.security.web.header.HeaderWriterFilter@550bb11d, org.springframework.security.web.csrf.CsrfFilter@337a44b7, org.springframework.security.web.authentication.logout.LogoutFilter@576871e1, org.springframework.security.web.authentication.UsernamePasswordAuthenticationFilter@3244ec7a, org.springframework.security.web.savedrequest.RequestCacheAwareFilter@31f2d1b7, org.springframework.security.web.servletapi.SecurityContextHolderAwareRequestFilter@39791dcd, org.springframework.security.web.authentication.AnonymousAuthenticationFilter@44416671, org.springframework.security.web.session.SessionManagementFilter@331bbc87, org.springframework.security.web.access.ExceptionTranslationFilter@6e81b6aa, org.springframework.security.web.access.intercept.FilterSecurityInterceptor@3450b9e0]
453047 [restartedMain] DEBUG o.s.s.w.a.e.ExpressionBasedFilterInvocationSecurityMetadataSource - Adding web access control expression 'hasAnyRole('ROLE_USER')', for org.springframework.security.web.util.matcher.AnyRequestMatcher@1
453047 [restartedMain] DEBUG o.s.s.w.a.i.FilterSecurityInterceptor - Validated configuration attributes
453048 [restartedMain] DEBUG o.s.s.w.a.i.FilterSecurityInterceptor - Validated configuration attributes
453048 [restartedMain] INFO  o.s.s.w.DefaultSecurityFilterChain - Creating filter chain: OrRequestMatcher [requestMatchers=[Ant [pattern='/**']]], [org.springframework.security.web.context.request.async.WebAsyncManagerIntegrationFilter@2e647fcd, org.springframework.security.web.context.SecurityContextPersistenceFilter@4c69ed25, org.springframework.security.web.header.HeaderWriterFilter@2ba3b450, org.springframework.security.web.authentication.logout.LogoutFilter@24e0959, org.springframework.security.web.authentication.www.BasicAuthenticationFilter@1cdccf0, org.springframework.security.web.savedrequest.RequestCacheAwareFilter@4921b2fa, org.springframework.security.web.servletapi.SecurityContextHolderAwareRequestFilter@7f969eba, org.springframework.security.web.authentication.AnonymousAuthenticationFilter@192ca8ae, org.springframework.security.web.session.SessionManagementFilter@1f4c5d2c, org.springframework.security.web.access.ExceptionTranslationFilter@3b57c359, org.springframework.security.web.access.intercept.FilterSecurityInterceptor@13240078]
454099 [http-nio-8080-exec-1] DEBUG o.s.s.w.u.matcher.OrRequestMatcher - Trying to match using Ant [pattern='/css/**']
454101 [http-nio-8080-exec-1] DEBUG o.s.s.w.u.m.AntPathRequestMatcher - Checking match of request : '/login'; against '/css/**'
454102 [http-nio-8080-exec-1] DEBUG o.s.s.w.u.matcher.OrRequestMatcher - Trying to match using Ant [pattern='/js/**']
454102 [http-nio-8080-exec-1] DEBUG o.s.s.w.u.m.AntPathRequestMatcher - Checking match of request : '/login'; against '/js/**'
454102 [http-nio-8080-exec-1] DEBUG o.s.s.w.u.matcher.OrRequestMatcher - Trying to match using Ant [pattern='/images/**']
454102 [http-nio-8080-exec-1] DEBUG o.s.s.w.u.m.AntPathRequestMatcher - Checking match of request : '/login'; against '/images/**'
454102 [http-nio-8080-exec-1] DEBUG o.s.s.w.u.matcher.OrRequestMatcher - Trying to match using Ant [pattern='/webjars/**']
454102 [http-nio-8080-exec-1] DEBUG o.s.s.w.u.m.AntPathRequestMatcher - Checking match of request : '/login'; against '/webjars/**'
454102 [http-nio-8080-exec-1] DEBUG o.s.s.w.u.matcher.OrRequestMatcher - Trying to match using Ant [pattern='/**/favicon.ico']
454102 [http-nio-8080-exec-1] DEBUG o.s.s.w.u.m.AntPathRequestMatcher - Checking match of request : '/login'; against '/**/favicon.ico'
454102 [http-nio-8080-exec-1] DEBUG o.s.s.w.u.matcher.OrRequestMatcher - Trying to match using Ant [pattern='/error']
454102 [http-nio-8080-exec-1] DEBUG o.s.s.w.u.m.AntPathRequestMatcher - Checking match of request : '/login'; against '/error'
454102 [http-nio-8080-exec-1] DEBUG o.s.s.w.u.matcher.OrRequestMatcher - No matches found
454103 [http-nio-8080-exec-1] DEBUG o.s.security.web.FilterChainProxy - /login at position 1 of 12 in additional filter chain; firing Filter: 'WebAsyncManagerIntegrationFilter'
454103 [http-nio-8080-exec-1] DEBUG o.s.security.web.FilterChainProxy - /login at position 2 of 12 in additional filter chain; firing Filter: 'SecurityContextPersistenceFilter'
454103 [http-nio-8080-exec-1] DEBUG o.s.s.w.c.HttpSessionSecurityContextRepository - HttpSession returned null object for SPRING_SECURITY_CONTEXT
454103 [http-nio-8080-exec-1] DEBUG o.s.s.w.c.HttpSessionSecurityContextRepository - No SecurityContext was available from the HttpSession: org.apache.catalina.session.StandardSessionFacade@6bff5e46. A new one will be created.
454103 [http-nio-8080-exec-1] DEBUG o.s.security.web.FilterChainProxy - /login at position 3 of 12 in additional filter chain; firing Filter: 'HeaderWriterFilter'
454104 [http-nio-8080-exec-1] DEBUG o.s.s.w.h.writers.HstsHeaderWriter - Not injecting HSTS header since it did not match the requestMatcher org.springframework.security.web.header.writers.HstsHeaderWriter$SecureRequestMatcher@6fc0c7e1
454104 [http-nio-8080-exec-1] DEBUG o.s.security.web.FilterChainProxy - /login at position 4 of 12 in additional filter chain; firing Filter: 'CsrfFilter'
454104 [http-nio-8080-exec-1] DEBUG o.s.security.web.FilterChainProxy - /login at position 5 of 12 in additional filter chain; firing Filter: 'LogoutFilter'
454105 [http-nio-8080-exec-1] DEBUG o.s.s.w.u.m.AntPathRequestMatcher - Request 'GET /login' doesn't match 'POST /logout
454105 [http-nio-8080-exec-1] DEBUG o.s.security.web.FilterChainProxy - /login at position 6 of 12 in additional filter chain; firing Filter: 'UsernamePasswordAuthenticationFilter'
454105 [http-nio-8080-exec-1] DEBUG o.s.s.w.u.m.AntPathRequestMatcher - Request 'GET /login' doesn't match 'POST /login
454105 [http-nio-8080-exec-1] DEBUG o.s.security.web.FilterChainProxy - /login at position 7 of 12 in additional filter chain; firing Filter: 'RequestCacheAwareFilter'
454105 [http-nio-8080-exec-1] DEBUG o.s.s.w.s.DefaultSavedRequest - pathInfo: both null (property equals)
454106 [http-nio-8080-exec-1] DEBUG o.s.s.w.s.DefaultSavedRequest - queryString: both null (property equals)
454106 [http-nio-8080-exec-1] DEBUG o.s.s.w.s.DefaultSavedRequest - requestURI: arg1=/logout; arg2=/login (property not equals)
454106 [http-nio-8080-exec-1] DEBUG o.s.s.w.s.HttpSessionRequestCache - saved request doesn't match
454106 [http-nio-8080-exec-1] DEBUG o.s.security.web.FilterChainProxy - /login at position 8 of 12 in additional filter chain; firing Filter: 'SecurityContextHolderAwareRequestFilter'
454106 [http-nio-8080-exec-1] DEBUG o.s.security.web.FilterChainProxy - /login at position 9 of 12 in additional filter chain; firing Filter: 'AnonymousAuthenticationFilter'
454106 [http-nio-8080-exec-1] DEBUG o.s.s.w.a.AnonymousAuthenticationFilter - Populated SecurityContextHolder with anonymous token: 'org.springframework.security.authentication.AnonymousAuthenticationToken@6faeba70: Principal: anonymousUser; Credentials: [PROTECTED]; Authenticated: true; Details: org.springframework.security.web.authentication.WebAuthenticationDetails@fffbcba8: RemoteIpAddress: 0:0:0:0:0:0:0:1; SessionId: 3804353C2C2C151F407CA4B277564A11; Granted Authorities: ROLE_ANONYMOUS'
454106 [http-nio-8080-exec-1] DEBUG o.s.security.web.FilterChainProxy - /login at position 10 of 12 in additional filter chain; firing Filter: 'SessionManagementFilter'
454107 [http-nio-8080-exec-1] DEBUG o.s.security.web.FilterChainProxy - /login at position 11 of 12 in additional filter chain; firing Filter: 'ExceptionTranslationFilter'
454107 [http-nio-8080-exec-1] DEBUG o.s.security.web.FilterChainProxy - /login at position 12 of 12 in additional filter chain; firing Filter: 'FilterSecurityInterceptor'
454107 [http-nio-8080-exec-1] DEBUG o.s.s.w.a.i.FilterSecurityInterceptor - Secure object: FilterInvocation: URL: /login; Attributes: [permitAll]
454107 [http-nio-8080-exec-1] DEBUG o.s.s.w.a.i.FilterSecurityInterceptor - Previously Authenticated: org.springframework.security.authentication.AnonymousAuthenticationToken@6faeba70: Principal: anonymousUser; Credentials: [PROTECTED]; Authenticated: true; Details: org.springframework.security.web.authentication.WebAuthenticationDetails@fffbcba8: RemoteIpAddress: 0:0:0:0:0:0:0:1; SessionId: 3804353C2C2C151F407CA4B277564A11; Granted Authorities: ROLE_ANONYMOUS
454108 [http-nio-8080-exec-1] DEBUG o.s.s.access.vote.AffirmativeBased - Voter: org.springframework.security.web.access.expression.WebExpressionVoter@2ac2547d, returned: 1
454108 [http-nio-8080-exec-1] DEBUG o.s.s.w.a.i.FilterSecurityInterceptor - Authorization successful
454108 [http-nio-8080-exec-1] DEBUG o.s.s.w.a.i.FilterSecurityInterceptor - RunAsManager did not change Authentication object
454108 [http-nio-8080-exec-1] DEBUG o.s.security.web.FilterChainProxy - /login reached end of additional filter chain; proceeding with original chain
454120 [http-nio-8080-exec-1] DEBUG o.s.s.w.c.HttpSessionSecurityContextRepository - SecurityContext is empty or contents are anonymous - context will not be stored in HttpSession.
454122 [http-nio-8080-exec-1] DEBUG o.s.s.w.a.ExceptionTranslationFilter - Chain processed normally
454123 [http-nio-8080-exec-1] DEBUG o.s.s.w.c.SecurityContextPersistenceFilter - SecurityContextHolder now cleared, as request processing completed
454137 [http-nio-8080-exec-2] DEBUG o.s.s.w.u.matcher.OrRequestMatcher - Trying to match using Ant [pattern='/css/**']
454137 [http-nio-8080-exec-2] DEBUG o.s.s.w.u.m.AntPathRequestMatcher - Checking match of request : '/bootstrap/css/bootstrap.css'; against '/css/**'
454137 [http-nio-8080-exec-2] DEBUG o.s.s.w.u.matcher.OrRequestMatcher - Trying to match using Ant [pattern='/js/**']
454137 [http-nio-8080-exec-2] DEBUG o.s.s.w.u.m.AntPathRequestMatcher - Checking match of request : '/bootstrap/css/bootstrap.css'; against '/js/**'
454137 [http-nio-8080-exec-2] DEBUG o.s.s.w.u.matcher.OrRequestMatcher - Trying to match using Ant [pattern='/images/**']
454137 [http-nio-8080-exec-2] DEBUG o.s.s.w.u.m.AntPathRequestMatcher - Checking match of request : '/bootstrap/css/bootstrap.css'; against '/images/**'
454137 [http-nio-8080-exec-2] DEBUG o.s.s.w.u.matcher.OrRequestMatcher - Trying to match using Ant [pattern='/webjars/**']
454137 [http-nio-8080-exec-2] DEBUG o.s.s.w.u.m.AntPathRequestMatcher - Checking match of request : '/bootstrap/css/bootstrap.css'; against '/webjars/**'
454137 [http-nio-8080-exec-2] DEBUG o.s.s.w.u.matcher.OrRequestMatcher - Trying to match using Ant [pattern='/**/favicon.ico']
454138 [http-nio-8080-exec-2] DEBUG o.s.s.w.u.m.AntPathRequestMatcher - Checking match of request : '/bootstrap/css/bootstrap.css'; against '/**/favicon.ico'
454138 [http-nio-8080-exec-2] DEBUG o.s.s.w.u.matcher.OrRequestMatcher - Trying to match using Ant [pattern='/error']
454138 [http-nio-8080-exec-2] DEBUG o.s.s.w.u.m.AntPathRequestMatcher - Checking match of request : '/bootstrap/css/bootstrap.css'; against '/error'
454138 [http-nio-8080-exec-2] DEBUG o.s.s.w.u.matcher.OrRequestMatcher - No matches found
454138 [http-nio-8080-exec-3] DEBUG o.s.s.w.u.matcher.OrRequestMatcher - Trying to match using Ant [pattern='/css/**']
454138 [http-nio-8080-exec-5] DEBUG o.s.s.w.u.matcher.OrRequestMatcher - Trying to match using Ant [pattern='/css/**']
454138 [http-nio-8080-exec-3] DEBUG o.s.s.w.u.m.AntPathRequestMatcher - Checking match of request : '/bootstrap/js/bootstrap.js'; against '/css/**'
454138 [http-nio-8080-exec-2] DEBUG o.s.security.web.FilterChainProxy - /bootstrap/css/bootstrap.css at position 1 of 12 in additional filter chain; firing Filter: 'WebAsyncManagerIntegrationFilter'
454138 [http-nio-8080-exec-5] DEBUG o.s.s.w.u.m.AntPathRequestMatcher - Checking match of request : '/jquery/jquery-2.1.3.js'; against '/css/**'
454138 [http-nio-8080-exec-2] DEBUG o.s.security.web.FilterChainProxy - /bootstrap/css/bootstrap.css at position 2 of 12 in additional filter chain; firing Filter: 'SecurityContextPersistenceFilter'
454138 [http-nio-8080-exec-5] DEBUG o.s.s.w.u.matcher.OrRequestMatcher - Trying to match using Ant [pattern='/js/**']
454138 [http-nio-8080-exec-3] DEBUG o.s.s.w.u.matcher.OrRequestMatcher - Trying to match using Ant [pattern='/js/**']
454138 [http-nio-8080-exec-3] DEBUG o.s.s.w.u.m.AntPathRequestMatcher - Checking match of request : '/bootstrap/js/bootstrap.js'; against '/js/**'
454138 [http-nio-8080-exec-2] DEBUG o.s.s.w.c.HttpSessionSecurityContextRepository - HttpSession returned null object for SPRING_SECURITY_CONTEXT
454138 [http-nio-8080-exec-5] DEBUG o.s.s.w.u.m.AntPathRequestMatcher - Checking match of request : '/jquery/jquery-2.1.3.js'; against '/js/**'
454138 [http-nio-8080-exec-5] DEBUG o.s.s.w.u.matcher.OrRequestMatcher - Trying to match using Ant [pattern='/images/**']
454138 [http-nio-8080-exec-5] DEBUG o.s.s.w.u.m.AntPathRequestMatcher - Checking match of request : '/jquery/jquery-2.1.3.js'; against '/images/**'
454138 [http-nio-8080-exec-3] DEBUG o.s.s.w.u.matcher.OrRequestMatcher - Trying to match using Ant [pattern='/images/**']
454138 [http-nio-8080-exec-2] DEBUG o.s.s.w.c.HttpSessionSecurityContextRepository - No SecurityContext was available from the HttpSession: org.apache.catalina.session.StandardSessionFacade@6bff5e46. A new one will be created.
454138 [http-nio-8080-exec-5] DEBUG o.s.s.w.u.matcher.OrRequestMatcher - Trying to match using Ant [pattern='/webjars/**']
454139 [http-nio-8080-exec-2] DEBUG o.s.security.web.FilterChainProxy - /bootstrap/css/bootstrap.css at position 3 of 12 in additional filter chain; firing Filter: 'HeaderWriterFilter'
454138 [http-nio-8080-exec-3] DEBUG o.s.s.w.u.m.AntPathRequestMatcher - Checking match of request : '/bootstrap/js/bootstrap.js'; against '/images/**'
454139 [http-nio-8080-exec-5] DEBUG o.s.s.w.u.m.AntPathRequestMatcher - Checking match of request : '/jquery/jquery-2.1.3.js'; against '/webjars/**'
454139 [http-nio-8080-exec-3] DEBUG o.s.s.w.u.matcher.OrRequestMatcher - Trying to match using Ant [pattern='/webjars/**']
454139 [http-nio-8080-exec-5] DEBUG o.s.s.w.u.matcher.OrRequestMatcher - Trying to match using Ant [pattern='/**/favicon.ico']
454139 [http-nio-8080-exec-3] DEBUG o.s.s.w.u.m.AntPathRequestMatcher - Checking match of request : '/bootstrap/js/bootstrap.js'; against '/webjars/**'
454139 [http-nio-8080-exec-5] DEBUG o.s.s.w.u.m.AntPathRequestMatcher - Checking match of request : '/jquery/jquery-2.1.3.js'; against '/**/favicon.ico'
454139 [http-nio-8080-exec-2] DEBUG o.s.s.w.h.writers.HstsHeaderWriter - Not injecting HSTS header since it did not match the requestMatcher org.springframework.security.web.header.writers.HstsHeaderWriter$SecureRequestMatcher@6fc0c7e1
454139 [http-nio-8080-exec-3] DEBUG o.s.s.w.u.matcher.OrRequestMatcher - Trying to match using Ant [pattern='/**/favicon.ico']
454139 [http-nio-8080-exec-2] DEBUG o.s.security.web.FilterChainProxy - /bootstrap/css/bootstrap.css at position 4 of 12 in additional filter chain; firing Filter: 'CsrfFilter'
454139 [http-nio-8080-exec-3] DEBUG o.s.s.w.u.m.AntPathRequestMatcher - Checking match of request : '/bootstrap/js/bootstrap.js'; against '/**/favicon.ico'
454139 [http-nio-8080-exec-5] DEBUG o.s.s.w.u.matcher.OrRequestMatcher - Trying to match using Ant [pattern='/error']
454139 [http-nio-8080-exec-3] DEBUG o.s.s.w.u.matcher.OrRequestMatcher - Trying to match using Ant [pattern='/error']
454139 [http-nio-8080-exec-5] DEBUG o.s.s.w.u.m.AntPathRequestMatcher - Checking match of request : '/jquery/jquery-2.1.3.js'; against '/error'
454139 [http-nio-8080-exec-3] DEBUG o.s.s.w.u.m.AntPathRequestMatcher - Checking match of request : '/bootstrap/js/bootstrap.js'; against '/error'
454139 [http-nio-8080-exec-5] DEBUG o.s.s.w.u.matcher.OrRequestMatcher - No matches found
454139 [http-nio-8080-exec-2] DEBUG o.s.security.web.FilterChainProxy - /bootstrap/css/bootstrap.css at position 5 of 12 in additional filter chain; firing Filter: 'LogoutFilter'
454139 [http-nio-8080-exec-5] DEBUG o.s.security.web.FilterChainProxy - /jquery/jquery-2.1.3.js at position 1 of 12 in additional filter chain; firing Filter: 'WebAsyncManagerIntegrationFilter'
454139 [http-nio-8080-exec-2] DEBUG o.s.s.w.u.m.AntPathRequestMatcher - Request 'GET /bootstrap/css/bootstrap.css' doesn't match 'POST /logout
454139 [http-nio-8080-exec-3] DEBUG o.s.s.w.u.matcher.OrRequestMatcher - No matches found
454139 [http-nio-8080-exec-5] DEBUG o.s.security.web.FilterChainProxy - /jquery/jquery-2.1.3.js at position 2 of 12 in additional filter chain; firing Filter: 'SecurityContextPersistenceFilter'
454139 [http-nio-8080-exec-2] DEBUG o.s.security.web.FilterChainProxy - /bootstrap/css/bootstrap.css at position 6 of 12 in additional filter chain; firing Filter: 'UsernamePasswordAuthenticationFilter'
454139 [http-nio-8080-exec-5] DEBUG o.s.s.w.c.HttpSessionSecurityContextRepository - HttpSession returned null object for SPRING_SECURITY_CONTEXT
454139 [http-nio-8080-exec-2] DEBUG o.s.s.w.u.m.AntPathRequestMatcher - Request 'GET /bootstrap/css/bootstrap.css' doesn't match 'POST /login
454139 [http-nio-8080-exec-5] DEBUG o.s.s.w.c.HttpSessionSecurityContextRepository - No SecurityContext was available from the HttpSession: org.apache.catalina.session.StandardSessionFacade@6bff5e46. A new one will be created.
454139 [http-nio-8080-exec-3] DEBUG o.s.security.web.FilterChainProxy - /bootstrap/js/bootstrap.js at position 1 of 12 in additional filter chain; firing Filter: 'WebAsyncManagerIntegrationFilter'
454139 [http-nio-8080-exec-2] DEBUG o.s.security.web.FilterChainProxy - /bootstrap/css/bootstrap.css at position 7 of 12 in additional filter chain; firing Filter: 'RequestCacheAwareFilter'
454139 [http-nio-8080-exec-3] DEBUG o.s.security.web.FilterChainProxy - /bootstrap/js/bootstrap.js at position 2 of 12 in additional filter chain; firing Filter: 'SecurityContextPersistenceFilter'
454139 [http-nio-8080-exec-2] DEBUG o.s.s.w.s.DefaultSavedRequest - pathInfo: both null (property equals)
454139 [http-nio-8080-exec-5] DEBUG o.s.security.web.FilterChainProxy - /jquery/jquery-2.1.3.js at position 3 of 12 in additional filter chain; firing Filter: 'HeaderWriterFilter'
454139 [http-nio-8080-exec-3] DEBUG o.s.s.w.c.HttpSessionSecurityContextRepository - HttpSession returned null object for SPRING_SECURITY_CONTEXT
454139 [http-nio-8080-exec-2] DEBUG o.s.s.w.s.DefaultSavedRequest - queryString: both null (property equals)
454139 [http-nio-8080-exec-3] DEBUG o.s.s.w.c.HttpSessionSecurityContextRepository - No SecurityContext was available from the HttpSession: org.apache.catalina.session.StandardSessionFacade@6bff5e46. A new one will be created.
454139 [http-nio-8080-exec-2] DEBUG o.s.s.w.s.DefaultSavedRequest - requestURI: arg1=/logout; arg2=/bootstrap/css/bootstrap.css (property not equals)
454139 [http-nio-8080-exec-3] DEBUG o.s.security.web.FilterChainProxy - /bootstrap/js/bootstrap.js at position 3 of 12 in additional filter chain; firing Filter: 'HeaderWriterFilter'
454139 [http-nio-8080-exec-5] DEBUG o.s.s.w.h.writers.HstsHeaderWriter - Not injecting HSTS header since it did not match the requestMatcher org.springframework.security.web.header.writers.HstsHeaderWriter$SecureRequestMatcher@6fc0c7e1
454139 [http-nio-8080-exec-2] DEBUG o.s.s.w.s.HttpSessionRequestCache - saved request doesn't match
454139 [http-nio-8080-exec-5] DEBUG o.s.security.web.FilterChainProxy - /jquery/jquery-2.1.3.js at position 4 of 12 in additional filter chain; firing Filter: 'CsrfFilter'
454139 [http-nio-8080-exec-3] DEBUG o.s.s.w.h.writers.HstsHeaderWriter - Not injecting HSTS header since it did not match the requestMatcher org.springframework.security.web.header.writers.HstsHeaderWriter$SecureRequestMatcher@6fc0c7e1
454139 [http-nio-8080-exec-2] DEBUG o.s.security.web.FilterChainProxy - /bootstrap/css/bootstrap.css at position 8 of 12 in additional filter chain; firing Filter: 'SecurityContextHolderAwareRequestFilter'
454139 [http-nio-8080-exec-5] DEBUG o.s.security.web.FilterChainProxy - /jquery/jquery-2.1.3.js at position 5 of 12 in additional filter chain; firing Filter: 'LogoutFilter'
454139 [http-nio-8080-exec-2] DEBUG o.s.security.web.FilterChainProxy - /bootstrap/css/bootstrap.css at position 9 of 12 in additional filter chain; firing Filter: 'AnonymousAuthenticationFilter'
454139 [http-nio-8080-exec-3] DEBUG o.s.security.web.FilterChainProxy - /bootstrap/js/bootstrap.js at position 4 of 12 in additional filter chain; firing Filter: 'CsrfFilter'
454139 [http-nio-8080-exec-5] DEBUG o.s.s.w.u.m.AntPathRequestMatcher - Request 'GET /jquery/jquery-2.1.3.js' doesn't match 'POST /logout
454139 [http-nio-8080-exec-2] DEBUG o.s.s.w.a.AnonymousAuthenticationFilter - Populated SecurityContextHolder with anonymous token: 'org.springframework.security.authentication.AnonymousAuthenticationToken@6faeba70: Principal: anonymousUser; Credentials: [PROTECTED]; Authenticated: true; Details: org.springframework.security.web.authentication.WebAuthenticationDetails@fffbcba8: RemoteIpAddress: 0:0:0:0:0:0:0:1; SessionId: 3804353C2C2C151F407CA4B277564A11; Granted Authorities: ROLE_ANONYMOUS'
454139 [http-nio-8080-exec-3] DEBUG o.s.security.web.FilterChainProxy - /bootstrap/js/bootstrap.js at position 5 of 12 in additional filter chain; firing Filter: 'LogoutFilter'
454139 [http-nio-8080-exec-5] DEBUG o.s.security.web.FilterChainProxy - /jquery/jquery-2.1.3.js at position 6 of 12 in additional filter chain; firing Filter: 'UsernamePasswordAuthenticationFilter'
454139 [http-nio-8080-exec-2] DEBUG o.s.security.web.FilterChainProxy - /bootstrap/css/bootstrap.css at position 10 of 12 in additional filter chain; firing Filter: 'SessionManagementFilter'
454139 [http-nio-8080-exec-3] DEBUG o.s.s.w.u.m.AntPathRequestMatcher - Request 'GET /bootstrap/js/bootstrap.js' doesn't match 'POST /logout
454139 [http-nio-8080-exec-5] DEBUG o.s.s.w.u.m.AntPathRequestMatcher - Request 'GET /jquery/jquery-2.1.3.js' doesn't match 'POST /login
454139 [http-nio-8080-exec-3] DEBUG o.s.security.web.FilterChainProxy - /bootstrap/js/bootstrap.js at position 6 of 12 in additional filter chain; firing Filter: 'UsernamePasswordAuthenticationFilter'
454139 [http-nio-8080-exec-2] DEBUG o.s.security.web.FilterChainProxy - /bootstrap/css/bootstrap.css at position 11 of 12 in additional filter chain; firing Filter: 'ExceptionTranslationFilter'
454139 [http-nio-8080-exec-5] DEBUG o.s.security.web.FilterChainProxy - /jquery/jquery-2.1.3.js at position 7 of 12 in additional filter chain; firing Filter: 'RequestCacheAwareFilter'
454139 [http-nio-8080-exec-3] DEBUG o.s.s.w.u.m.AntPathRequestMatcher - Request 'GET /bootstrap/js/bootstrap.js' doesn't match 'POST /login
454140 [http-nio-8080-exec-5] DEBUG o.s.s.w.s.DefaultSavedRequest - pathInfo: both null (property equals)
454139 [http-nio-8080-exec-2] DEBUG o.s.security.web.FilterChainProxy - /bootstrap/css/bootstrap.css at position 12 of 12 in additional filter chain; firing Filter: 'FilterSecurityInterceptor'
454140 [http-nio-8080-exec-3] DEBUG o.s.security.web.FilterChainProxy - /bootstrap/js/bootstrap.js at position 7 of 12 in additional filter chain; firing Filter: 'RequestCacheAwareFilter'
454140 [http-nio-8080-exec-5] DEBUG o.s.s.w.s.DefaultSavedRequest - queryString: both null (property equals)
454140 [http-nio-8080-exec-3] DEBUG o.s.s.w.s.DefaultSavedRequest - pathInfo: both null (property equals)
454140 [http-nio-8080-exec-2] DEBUG o.s.s.w.u.m.AntPathRequestMatcher - Request 'GET /bootstrap/css/bootstrap.css' doesn't match 'POST /logout
454140 [http-nio-8080-exec-5] DEBUG o.s.s.w.s.DefaultSavedRequest - requestURI: arg1=/logout; arg2=/jquery/jquery-2.1.3.js (property not equals)
454140 [http-nio-8080-exec-3] DEBUG o.s.s.w.s.DefaultSavedRequest - queryString: both null (property equals)
454140 [http-nio-8080-exec-2] DEBUG o.s.s.w.u.m.AntPathRequestMatcher - Checking match of request : '/bootstrap/css/bootstrap.css'; against '/bootstrap/**'
454140 [http-nio-8080-exec-3] DEBUG o.s.s.w.s.DefaultSavedRequest - requestURI: arg1=/logout; arg2=/bootstrap/js/bootstrap.js (property not equals)
454140 [http-nio-8080-exec-5] DEBUG o.s.s.w.s.HttpSessionRequestCache - saved request doesn't match
454140 [http-nio-8080-exec-5] DEBUG o.s.security.web.FilterChainProxy - /jquery/jquery-2.1.3.js at position 8 of 12 in additional filter chain; firing Filter: 'SecurityContextHolderAwareRequestFilter'
454140 [http-nio-8080-exec-5] DEBUG o.s.security.web.FilterChainProxy - /jquery/jquery-2.1.3.js at position 9 of 12 in additional filter chain; firing Filter: 'AnonymousAuthenticationFilter'
454140 [http-nio-8080-exec-3] DEBUG o.s.s.w.s.HttpSessionRequestCache - saved request doesn't match
454140 [http-nio-8080-exec-2] DEBUG o.s.s.w.a.i.FilterSecurityInterceptor - Secure object: FilterInvocation: URL: /bootstrap/css/bootstrap.css; Attributes: [permitAll]
454140 [http-nio-8080-exec-5] DEBUG o.s.s.w.a.AnonymousAuthenticationFilter - Populated SecurityContextHolder with anonymous token: 'org.springframework.security.authentication.AnonymousAuthenticationToken@6faeba70: Principal: anonymousUser; Credentials: [PROTECTED]; Authenticated: true; Details: org.springframework.security.web.authentication.WebAuthenticationDetails@fffbcba8: RemoteIpAddress: 0:0:0:0:0:0:0:1; SessionId: 3804353C2C2C151F407CA4B277564A11; Granted Authorities: ROLE_ANONYMOUS'
454140 [http-nio-8080-exec-3] DEBUG o.s.security.web.FilterChainProxy - /bootstrap/js/bootstrap.js at position 8 of 12 in additional filter chain; firing Filter: 'SecurityContextHolderAwareRequestFilter'
454140 [http-nio-8080-exec-2] DEBUG o.s.s.w.a.i.FilterSecurityInterceptor - Previously Authenticated: org.springframework.security.authentication.AnonymousAuthenticationToken@6faeba70: Principal: anonymousUser; Credentials: [PROTECTED]; Authenticated: true; Details: org.springframework.security.web.authentication.WebAuthenticationDetails@fffbcba8: RemoteIpAddress: 0:0:0:0:0:0:0:1; SessionId: 3804353C2C2C151F407CA4B277564A11; Granted Authorities: ROLE_ANONYMOUS
454140 [http-nio-8080-exec-5] DEBUG o.s.security.web.FilterChainProxy - /jquery/jquery-2.1.3.js at position 10 of 12 in additional filter chain; firing Filter: 'SessionManagementFilter'
454140 [http-nio-8080-exec-3] DEBUG o.s.security.web.FilterChainProxy - /bootstrap/js/bootstrap.js at position 9 of 12 in additional filter chain; firing Filter: 'AnonymousAuthenticationFilter'
454140 [http-nio-8080-exec-5] DEBUG o.s.security.web.FilterChainProxy - /jquery/jquery-2.1.3.js at position 11 of 12 in additional filter chain; firing Filter: 'ExceptionTranslationFilter'
454140 [http-nio-8080-exec-5] DEBUG o.s.security.web.FilterChainProxy - /jquery/jquery-2.1.3.js at position 12 of 12 in additional filter chain; firing Filter: 'FilterSecurityInterceptor'
454140 [http-nio-8080-exec-3] DEBUG o.s.s.w.a.AnonymousAuthenticationFilter - Populated SecurityContextHolder with anonymous token: 'org.springframework.security.authentication.AnonymousAuthenticationToken@6faeba70: Principal: anonymousUser; Credentials: [PROTECTED]; Authenticated: true; Details: org.springframework.security.web.authentication.WebAuthenticationDetails@fffbcba8: RemoteIpAddress: 0:0:0:0:0:0:0:1; SessionId: 3804353C2C2C151F407CA4B277564A11; Granted Authorities: ROLE_ANONYMOUS'
454140 [http-nio-8080-exec-2] DEBUG o.s.s.access.vote.AffirmativeBased - Voter: org.springframework.security.web.access.expression.WebExpressionVoter@2ac2547d, returned: 1
454141 [http-nio-8080-exec-5] DEBUG o.s.s.w.u.m.AntPathRequestMatcher - Request 'GET /jquery/jquery-2.1.3.js' doesn't match 'POST /logout
454141 [http-nio-8080-exec-3] DEBUG o.s.security.web.FilterChainProxy - /bootstrap/js/bootstrap.js at position 10 of 12 in additional filter chain; firing Filter: 'SessionManagementFilter'
454141 [http-nio-8080-exec-5] DEBUG o.s.s.w.u.m.AntPathRequestMatcher - Checking match of request : '/jquery/jquery-2.1.3.js'; against '/bootstrap/**'
454141 [http-nio-8080-exec-2] DEBUG o.s.s.w.a.i.FilterSecurityInterceptor - Authorization successful
454141 [http-nio-8080-exec-5] DEBUG o.s.s.w.u.m.AntPathRequestMatcher - Checking match of request : '/jquery/jquery-2.1.3.js'; against '/error/**'
454141 [http-nio-8080-exec-5] DEBUG o.s.s.w.u.m.AntPathRequestMatcher - Checking match of request : '/jquery/jquery-2.1.3.js'; against '/img/**'
454141 [http-nio-8080-exec-5] DEBUG o.s.s.w.u.m.AntPathRequestMatcher - Checking match of request : '/jquery/jquery-2.1.3.js'; against '/jquery/**'
454141 [http-nio-8080-exec-3] DEBUG o.s.security.web.FilterChainProxy - /bootstrap/js/bootstrap.js at position 11 of 12 in additional filter chain; firing Filter: 'ExceptionTranslationFilter'
454141 [http-nio-8080-exec-2] DEBUG o.s.s.w.a.i.FilterSecurityInterceptor - RunAsManager did not change Authentication object
454141 [http-nio-8080-exec-3] DEBUG o.s.security.web.FilterChainProxy - /bootstrap/js/bootstrap.js at position 12 of 12 in additional filter chain; firing Filter: 'FilterSecurityInterceptor'
454141 [http-nio-8080-exec-5] DEBUG o.s.s.w.a.i.FilterSecurityInterceptor - Secure object: FilterInvocation: URL: /jquery/jquery-2.1.3.js; Attributes: [permitAll]
454141 [http-nio-8080-exec-2] DEBUG o.s.security.web.FilterChainProxy - /bootstrap/css/bootstrap.css reached end of additional filter chain; proceeding with original chain
454141 [http-nio-8080-exec-3] DEBUG o.s.s.w.u.m.AntPathRequestMatcher - Request 'GET /bootstrap/js/bootstrap.js' doesn't match 'POST /logout
454141 [http-nio-8080-exec-5] DEBUG o.s.s.w.a.i.FilterSecurityInterceptor - Previously Authenticated: org.springframework.security.authentication.AnonymousAuthenticationToken@6faeba70: Principal: anonymousUser; Credentials: [PROTECTED]; Authenticated: true; Details: org.springframework.security.web.authentication.WebAuthenticationDetails@fffbcba8: RemoteIpAddress: 0:0:0:0:0:0:0:1; SessionId: 3804353C2C2C151F407CA4B277564A11; Granted Authorities: ROLE_ANONYMOUS
454141 [http-nio-8080-exec-3] DEBUG o.s.s.w.u.m.AntPathRequestMatcher - Checking match of request : '/bootstrap/js/bootstrap.js'; against '/bootstrap/**'
454141 [http-nio-8080-exec-3] DEBUG o.s.s.w.a.i.FilterSecurityInterceptor - Secure object: FilterInvocation: URL: /bootstrap/js/bootstrap.js; Attributes: [permitAll]
454141 [http-nio-8080-exec-3] DEBUG o.s.s.w.a.i.FilterSecurityInterceptor - Previously Authenticated: org.springframework.security.authentication.AnonymousAuthenticationToken@6faeba70: Principal: anonymousUser; Credentials: [PROTECTED]; Authenticated: true; Details: org.springframework.security.web.authentication.WebAuthenticationDetails@fffbcba8: RemoteIpAddress: 0:0:0:0:0:0:0:1; SessionId: 3804353C2C2C151F407CA4B277564A11; Granted Authorities: ROLE_ANONYMOUS
454141 [http-nio-8080-exec-5] DEBUG o.s.s.access.vote.AffirmativeBased - Voter: org.springframework.security.web.access.expression.WebExpressionVoter@2ac2547d, returned: 1
454141 [http-nio-8080-exec-3] DEBUG o.s.s.access.vote.AffirmativeBased - Voter: org.springframework.security.web.access.expression.WebExpressionVoter@2ac2547d, returned: 1
454141 [http-nio-8080-exec-5] DEBUG o.s.s.w.a.i.FilterSecurityInterceptor - Authorization successful
454141 [http-nio-8080-exec-3] DEBUG o.s.s.w.a.i.FilterSecurityInterceptor - Authorization successful
454141 [http-nio-8080-exec-5] DEBUG o.s.s.w.a.i.FilterSecurityInterceptor - RunAsManager did not change Authentication object
454141 [http-nio-8080-exec-3] DEBUG o.s.s.w.a.i.FilterSecurityInterceptor - RunAsManager did not change Authentication object
454141 [http-nio-8080-exec-5] DEBUG o.s.security.web.FilterChainProxy - /jquery/jquery-2.1.3.js reached end of additional filter chain; proceeding with original chain
454141 [http-nio-8080-exec-3] DEBUG o.s.security.web.FilterChainProxy - /bootstrap/js/bootstrap.js reached end of additional filter chain; proceeding with original chain
454143 [http-nio-8080-exec-3] DEBUG o.s.s.w.c.HttpSessionSecurityContextRepository - SecurityContext is empty or contents are anonymous - context will not be stored in HttpSession.
454143 [http-nio-8080-exec-5] DEBUG o.s.s.w.c.HttpSessionSecurityContextRepository - SecurityContext is empty or contents are anonymous - context will not be stored in HttpSession.
454143 [http-nio-8080-exec-2] DEBUG o.s.s.w.c.HttpSessionSecurityContextRepository - SecurityContext is empty or contents are anonymous - context will not be stored in HttpSession.
454145 [http-nio-8080-exec-3] DEBUG o.s.s.w.a.ExceptionTranslationFilter - Chain processed normally
454145 [http-nio-8080-exec-3] DEBUG o.s.s.w.c.SecurityContextPersistenceFilter - SecurityContextHolder now cleared, as request processing completed
454146 [http-nio-8080-exec-2] DEBUG o.s.s.w.a.ExceptionTranslationFilter - Chain processed normally
454146 [http-nio-8080-exec-2] DEBUG o.s.s.w.c.SecurityContextPersistenceFilter - SecurityContextHolder now cleared, as request processing completed
454148 [http-nio-8080-exec-5] DEBUG o.s.s.w.a.ExceptionTranslationFilter - Chain processed normally
454148 [http-nio-8080-exec-5] DEBUG o.s.s.w.c.SecurityContextPersistenceFilter - SecurityContextHolder now cleared, as request processing completed
454196 [http-nio-8080-exec-9] DEBUG o.s.s.w.u.matcher.OrRequestMatcher - Trying to match using Ant [pattern='/css/**']
454196 [http-nio-8080-exec-9] DEBUG o.s.s.w.u.m.AntPathRequestMatcher - Checking match of request : '/favicon.ico'; against '/css/**'
454196 [http-nio-8080-exec-9] DEBUG o.s.s.w.u.matcher.OrRequestMatcher - Trying to match using Ant [pattern='/js/**']
454196 [http-nio-8080-exec-9] DEBUG o.s.s.w.u.m.AntPathRequestMatcher - Checking match of request : '/favicon.ico'; against '/js/**'
454196 [http-nio-8080-exec-9] DEBUG o.s.s.w.u.matcher.OrRequestMatcher - Trying to match using Ant [pattern='/images/**']
454196 [http-nio-8080-exec-9] DEBUG o.s.s.w.u.m.AntPathRequestMatcher - Checking match of request : '/favicon.ico'; against '/images/**'
454196 [http-nio-8080-exec-9] DEBUG o.s.s.w.u.matcher.OrRequestMatcher - Trying to match using Ant [pattern='/webjars/**']
454196 [http-nio-8080-exec-9] DEBUG o.s.s.w.u.m.AntPathRequestMatcher - Checking match of request : '/favicon.ico'; against '/webjars/**'
454196 [http-nio-8080-exec-9] DEBUG o.s.s.w.u.matcher.OrRequestMatcher - Trying to match using Ant [pattern='/**/favicon.ico']
454196 [http-nio-8080-exec-9] DEBUG o.s.s.w.u.m.AntPathRequestMatcher - Checking match of request : '/favicon.ico'; against '/**/favicon.ico'
454196 [http-nio-8080-exec-9] DEBUG o.s.s.w.u.matcher.OrRequestMatcher - matched
454196 [http-nio-8080-exec-9] DEBUG o.s.security.web.FilterChainProxy - /favicon.ico has an empty filter list
455535 [http-nio-8080-exec-6] DEBUG o.s.s.w.u.matcher.OrRequestMatcher - Trying to match using Ant [pattern='/css/**']
455536 [http-nio-8080-exec-6] DEBUG o.s.s.w.u.m.AntPathRequestMatcher - Checking match of request : '/login'; against '/css/**'
455536 [http-nio-8080-exec-6] DEBUG o.s.s.w.u.matcher.OrRequestMatcher - Trying to match using Ant [pattern='/js/**']
455536 [http-nio-8080-exec-6] DEBUG o.s.s.w.u.m.AntPathRequestMatcher - Checking match of request : '/login'; against '/js/**'
455536 [http-nio-8080-exec-6] DEBUG o.s.s.w.u.matcher.OrRequestMatcher - Trying to match using Ant [pattern='/images/**']
455536 [http-nio-8080-exec-6] DEBUG o.s.s.w.u.m.AntPathRequestMatcher - Checking match of request : '/login'; against '/images/**'
455536 [http-nio-8080-exec-6] DEBUG o.s.s.w.u.matcher.OrRequestMatcher - Trying to match using Ant [pattern='/webjars/**']
455536 [http-nio-8080-exec-6] DEBUG o.s.s.w.u.m.AntPathRequestMatcher - Checking match of request : '/login'; against '/webjars/**'
455536 [http-nio-8080-exec-6] DEBUG o.s.s.w.u.matcher.OrRequestMatcher - Trying to match using Ant [pattern='/**/favicon.ico']
455536 [http-nio-8080-exec-6] DEBUG o.s.s.w.u.m.AntPathRequestMatcher - Checking match of request : '/login'; against '/**/favicon.ico'
455536 [http-nio-8080-exec-6] DEBUG o.s.s.w.u.matcher.OrRequestMatcher - Trying to match using Ant [pattern='/error']
455536 [http-nio-8080-exec-6] DEBUG o.s.s.w.u.m.AntPathRequestMatcher - Checking match of request : '/login'; against '/error'
455536 [http-nio-8080-exec-6] DEBUG o.s.s.w.u.matcher.OrRequestMatcher - No matches found
455536 [http-nio-8080-exec-6] DEBUG o.s.security.web.FilterChainProxy - /login at position 1 of 12 in additional filter chain; firing Filter: 'WebAsyncManagerIntegrationFilter'
455536 [http-nio-8080-exec-6] DEBUG o.s.security.web.FilterChainProxy - /login at position 2 of 12 in additional filter chain; firing Filter: 'SecurityContextPersistenceFilter'
455536 [http-nio-8080-exec-6] DEBUG o.s.s.w.c.HttpSessionSecurityContextRepository - HttpSession returned null object for SPRING_SECURITY_CONTEXT
455536 [http-nio-8080-exec-6] DEBUG o.s.s.w.c.HttpSessionSecurityContextRepository - No SecurityContext was available from the HttpSession: org.apache.catalina.session.StandardSessionFacade@6bff5e46. A new one will be created.
455536 [http-nio-8080-exec-6] DEBUG o.s.security.web.FilterChainProxy - /login at position 3 of 12 in additional filter chain; firing Filter: 'HeaderWriterFilter'
455536 [http-nio-8080-exec-6] DEBUG o.s.s.w.h.writers.HstsHeaderWriter - Not injecting HSTS header since it did not match the requestMatcher org.springframework.security.web.header.writers.HstsHeaderWriter$SecureRequestMatcher@6fc0c7e1
455536 [http-nio-8080-exec-6] DEBUG o.s.security.web.FilterChainProxy - /login at position 4 of 12 in additional filter chain; firing Filter: 'CsrfFilter'
455536 [http-nio-8080-exec-6] DEBUG o.s.security.web.FilterChainProxy - /login at position 5 of 12 in additional filter chain; firing Filter: 'LogoutFilter'
455536 [http-nio-8080-exec-6] DEBUG o.s.s.w.u.m.AntPathRequestMatcher - Request 'GET /login' doesn't match 'POST /logout
455537 [http-nio-8080-exec-6] DEBUG o.s.security.web.FilterChainProxy - /login at position 6 of 12 in additional filter chain; firing Filter: 'UsernamePasswordAuthenticationFilter'
455537 [http-nio-8080-exec-6] DEBUG o.s.s.w.u.m.AntPathRequestMatcher - Request 'GET /login' doesn't match 'POST /login
455537 [http-nio-8080-exec-6] DEBUG o.s.security.web.FilterChainProxy - /login at position 7 of 12 in additional filter chain; firing Filter: 'RequestCacheAwareFilter'
455537 [http-nio-8080-exec-6] DEBUG o.s.s.w.s.DefaultSavedRequest - pathInfo: both null (property equals)
455537 [http-nio-8080-exec-6] DEBUG o.s.s.w.s.DefaultSavedRequest - queryString: both null (property equals)
455537 [http-nio-8080-exec-6] DEBUG o.s.s.w.s.DefaultSavedRequest - requestURI: arg1=/logout; arg2=/login (property not equals)
455541 [http-nio-8080-exec-6] DEBUG o.s.s.w.s.HttpSessionRequestCache - saved request doesn't match
455541 [http-nio-8080-exec-6] DEBUG o.s.security.web.FilterChainProxy - /login at position 8 of 12 in additional filter chain; firing Filter: 'SecurityContextHolderAwareRequestFilter'
455541 [http-nio-8080-exec-6] DEBUG o.s.security.web.FilterChainProxy - /login at position 9 of 12 in additional filter chain; firing Filter: 'AnonymousAuthenticationFilter'
455541 [http-nio-8080-exec-6] DEBUG o.s.s.w.a.AnonymousAuthenticationFilter - Populated SecurityContextHolder with anonymous token: 'org.springframework.security.authentication.AnonymousAuthenticationToken@6faeba70: Principal: anonymousUser; Credentials: [PROTECTED]; Authenticated: true; Details: org.springframework.security.web.authentication.WebAuthenticationDetails@fffbcba8: RemoteIpAddress: 0:0:0:0:0:0:0:1; SessionId: 3804353C2C2C151F407CA4B277564A11; Granted Authorities: ROLE_ANONYMOUS'
455541 [http-nio-8080-exec-6] DEBUG o.s.security.web.FilterChainProxy - /login at position 10 of 12 in additional filter chain; firing Filter: 'SessionManagementFilter'
455541 [http-nio-8080-exec-6] DEBUG o.s.security.web.FilterChainProxy - /login at position 11 of 12 in additional filter chain; firing Filter: 'ExceptionTranslationFilter'
455541 [http-nio-8080-exec-6] DEBUG o.s.security.web.FilterChainProxy - /login at position 12 of 12 in additional filter chain; firing Filter: 'FilterSecurityInterceptor'
455541 [http-nio-8080-exec-6] DEBUG o.s.s.w.a.i.FilterSecurityInterceptor - Secure object: FilterInvocation: URL: /login; Attributes: [permitAll]
455541 [http-nio-8080-exec-6] DEBUG o.s.s.w.a.i.FilterSecurityInterceptor - Previously Authenticated: org.springframework.security.authentication.AnonymousAuthenticationToken@6faeba70: Principal: anonymousUser; Credentials: [PROTECTED]; Authenticated: true; Details: org.springframework.security.web.authentication.WebAuthenticationDetails@fffbcba8: RemoteIpAddress: 0:0:0:0:0:0:0:1; SessionId: 3804353C2C2C151F407CA4B277564A11; Granted Authorities: ROLE_ANONYMOUS
455542 [http-nio-8080-exec-6] DEBUG o.s.s.access.vote.AffirmativeBased - Voter: org.springframework.security.web.access.expression.WebExpressionVoter@2ac2547d, returned: 1
455542 [http-nio-8080-exec-6] DEBUG o.s.s.w.a.i.FilterSecurityInterceptor - Authorization successful
455542 [http-nio-8080-exec-6] DEBUG o.s.s.w.a.i.FilterSecurityInterceptor - RunAsManager did not change Authentication object
455542 [http-nio-8080-exec-6] DEBUG o.s.security.web.FilterChainProxy - /login reached end of additional filter chain; proceeding with original chain
455544 [http-nio-8080-exec-6] DEBUG o.s.s.w.c.HttpSessionSecurityContextRepository - SecurityContext is empty or contents are anonymous - context will not be stored in HttpSession.
455545 [http-nio-8080-exec-6] DEBUG o.s.s.w.a.ExceptionTranslationFilter - Chain processed normally
455545 [http-nio-8080-exec-6] DEBUG o.s.s.w.c.SecurityContextPersistenceFilter - SecurityContextHolder now cleared, as request processing completed
455562 [http-nio-8080-exec-7] DEBUG o.s.s.w.u.matcher.OrRequestMatcher - Trying to match using Ant [pattern='/css/**']
455562 [http-nio-8080-exec-7] DEBUG o.s.s.w.u.m.AntPathRequestMatcher - Checking match of request : '/bootstrap/css/bootstrap.css'; against '/css/**'
455562 [http-nio-8080-exec-8] DEBUG o.s.s.w.u.matcher.OrRequestMatcher - Trying to match using Ant [pattern='/css/**']
455562 [http-nio-8080-exec-7] DEBUG o.s.s.w.u.matcher.OrRequestMatcher - Trying to match using Ant [pattern='/js/**']
455562 [http-nio-8080-exec-8] DEBUG o.s.s.w.u.m.AntPathRequestMatcher - Checking match of request : '/jquery/jquery-2.1.3.js'; against '/css/**'
455562 [http-nio-8080-exec-7] DEBUG o.s.s.w.u.m.AntPathRequestMatcher - Checking match of request : '/bootstrap/css/bootstrap.css'; against '/js/**'
455562 [http-nio-8080-exec-8] DEBUG o.s.s.w.u.matcher.OrRequestMatcher - Trying to match using Ant [pattern='/js/**']
455562 [http-nio-8080-exec-7] DEBUG o.s.s.w.u.matcher.OrRequestMatcher - Trying to match using Ant [pattern='/images/**']
455562 [http-nio-8080-exec-10] DEBUG o.s.s.w.u.matcher.OrRequestMatcher - Trying to match using Ant [pattern='/css/**']
455562 [http-nio-8080-exec-10] DEBUG o.s.s.w.u.m.AntPathRequestMatcher - Checking match of request : '/bootstrap/js/bootstrap.js'; against '/css/**'
455562 [http-nio-8080-exec-8] DEBUG o.s.s.w.u.m.AntPathRequestMatcher - Checking match of request : '/jquery/jquery-2.1.3.js'; against '/js/**'
455562 [http-nio-8080-exec-7] DEBUG o.s.s.w.u.m.AntPathRequestMatcher - Checking match of request : '/bootstrap/css/bootstrap.css'; against '/images/**'
455563 [http-nio-8080-exec-10] DEBUG o.s.s.w.u.matcher.OrRequestMatcher - Trying to match using Ant [pattern='/js/**']
455563 [http-nio-8080-exec-8] DEBUG o.s.s.w.u.matcher.OrRequestMatcher - Trying to match using Ant [pattern='/images/**']
455563 [http-nio-8080-exec-8] DEBUG o.s.s.w.u.m.AntPathRequestMatcher - Checking match of request : '/jquery/jquery-2.1.3.js'; against '/images/**'
455563 [http-nio-8080-exec-8] DEBUG o.s.s.w.u.matcher.OrRequestMatcher - Trying to match using Ant [pattern='/webjars/**']
455563 [http-nio-8080-exec-8] DEBUG o.s.s.w.u.m.AntPathRequestMatcher - Checking match of request : '/jquery/jquery-2.1.3.js'; against '/webjars/**'
455563 [http-nio-8080-exec-8] DEBUG o.s.s.w.u.matcher.OrRequestMatcher - Trying to match using Ant [pattern='/**/favicon.ico']
455563 [http-nio-8080-exec-7] DEBUG o.s.s.w.u.matcher.OrRequestMatcher - Trying to match using Ant [pattern='/webjars/**']
455563 [http-nio-8080-exec-7] DEBUG o.s.s.w.u.m.AntPathRequestMatcher - Checking match of request : '/bootstrap/css/bootstrap.css'; against '/webjars/**'
455563 [http-nio-8080-exec-10] DEBUG o.s.s.w.u.m.AntPathRequestMatcher - Checking match of request : '/bootstrap/js/bootstrap.js'; against '/js/**'
455563 [http-nio-8080-exec-10] DEBUG o.s.s.w.u.matcher.OrRequestMatcher - Trying to match using Ant [pattern='/images/**']
455563 [http-nio-8080-exec-10] DEBUG o.s.s.w.u.m.AntPathRequestMatcher - Checking match of request : '/bootstrap/js/bootstrap.js'; against '/images/**'
455563 [http-nio-8080-exec-10] DEBUG o.s.s.w.u.matcher.OrRequestMatcher - Trying to match using Ant [pattern='/webjars/**']
455563 [http-nio-8080-exec-10] DEBUG o.s.s.w.u.m.AntPathRequestMatcher - Checking match of request : '/bootstrap/js/bootstrap.js'; against '/webjars/**'
455563 [http-nio-8080-exec-8] DEBUG o.s.s.w.u.m.AntPathRequestMatcher - Checking match of request : '/jquery/jquery-2.1.3.js'; against '/**/favicon.ico'
455563 [http-nio-8080-exec-7] DEBUG o.s.s.w.u.matcher.OrRequestMatcher - Trying to match using Ant [pattern='/**/favicon.ico']
455563 [http-nio-8080-exec-7] DEBUG o.s.s.w.u.m.AntPathRequestMatcher - Checking match of request : '/bootstrap/css/bootstrap.css'; against '/**/favicon.ico'
455563 [http-nio-8080-exec-10] DEBUG o.s.s.w.u.matcher.OrRequestMatcher - Trying to match using Ant [pattern='/**/favicon.ico']
455563 [http-nio-8080-exec-8] DEBUG o.s.s.w.u.matcher.OrRequestMatcher - Trying to match using Ant [pattern='/error']
455564 [http-nio-8080-exec-7] DEBUG o.s.s.w.u.matcher.OrRequestMatcher - Trying to match using Ant [pattern='/error']
455567 [http-nio-8080-exec-10] DEBUG o.s.s.w.u.m.AntPathRequestMatcher - Checking match of request : '/bootstrap/js/bootstrap.js'; against '/**/favicon.ico'
455567 [http-nio-8080-exec-8] DEBUG o.s.s.w.u.m.AntPathRequestMatcher - Checking match of request : '/jquery/jquery-2.1.3.js'; against '/error'
455567 [http-nio-8080-exec-10] DEBUG o.s.s.w.u.matcher.OrRequestMatcher - Trying to match using Ant [pattern='/error']
455567 [http-nio-8080-exec-10] DEBUG o.s.s.w.u.m.AntPathRequestMatcher - Checking match of request : '/bootstrap/js/bootstrap.js'; against '/error'
455567 [http-nio-8080-exec-8] DEBUG o.s.s.w.u.matcher.OrRequestMatcher - No matches found
455567 [http-nio-8080-exec-10] DEBUG o.s.s.w.u.matcher.OrRequestMatcher - No matches found
455567 [http-nio-8080-exec-7] DEBUG o.s.s.w.u.m.AntPathRequestMatcher - Checking match of request : '/bootstrap/css/bootstrap.css'; against '/error'
455567 [http-nio-8080-exec-10] DEBUG o.s.security.web.FilterChainProxy - /bootstrap/js/bootstrap.js at position 1 of 12 in additional filter chain; firing Filter: 'WebAsyncManagerIntegrationFilter'
455567 [http-nio-8080-exec-7] DEBUG o.s.s.w.u.matcher.OrRequestMatcher - No matches found
455567 [http-nio-8080-exec-8] DEBUG o.s.security.web.FilterChainProxy - /jquery/jquery-2.1.3.js at position 1 of 12 in additional filter chain; firing Filter: 'WebAsyncManagerIntegrationFilter'
455567 [http-nio-8080-exec-7] DEBUG o.s.security.web.FilterChainProxy - /bootstrap/css/bootstrap.css at position 1 of 12 in additional filter chain; firing Filter: 'WebAsyncManagerIntegrationFilter'
455567 [http-nio-8080-exec-10] DEBUG o.s.security.web.FilterChainProxy - /bootstrap/js/bootstrap.js at position 2 of 12 in additional filter chain; firing Filter: 'SecurityContextPersistenceFilter'
455567 [http-nio-8080-exec-7] DEBUG o.s.security.web.FilterChainProxy - /bootstrap/css/bootstrap.css at position 2 of 12 in additional filter chain; firing Filter: 'SecurityContextPersistenceFilter'
455567 [http-nio-8080-exec-8] DEBUG o.s.security.web.FilterChainProxy - /jquery/jquery-2.1.3.js at position 2 of 12 in additional filter chain; firing Filter: 'SecurityContextPersistenceFilter'
455567 [http-nio-8080-exec-8] DEBUG o.s.s.w.c.HttpSessionSecurityContextRepository - HttpSession returned null object for SPRING_SECURITY_CONTEXT
455568 [http-nio-8080-exec-8] DEBUG o.s.s.w.c.HttpSessionSecurityContextRepository - No SecurityContext was available from the HttpSession: org.apache.catalina.session.StandardSessionFacade@6bff5e46. A new one will be created.
455567 [http-nio-8080-exec-10] DEBUG o.s.s.w.c.HttpSessionSecurityContextRepository - HttpSession returned null object for SPRING_SECURITY_CONTEXT
455567 [http-nio-8080-exec-7] DEBUG o.s.s.w.c.HttpSessionSecurityContextRepository - HttpSession returned null object for SPRING_SECURITY_CONTEXT
455568 [http-nio-8080-exec-8] DEBUG o.s.security.web.FilterChainProxy - /jquery/jquery-2.1.3.js at position 3 of 12 in additional filter chain; firing Filter: 'HeaderWriterFilter'
455568 [http-nio-8080-exec-10] DEBUG o.s.s.w.c.HttpSessionSecurityContextRepository - No SecurityContext was available from the HttpSession: org.apache.catalina.session.StandardSessionFacade@6bff5e46. A new one will be created.
455568 [http-nio-8080-exec-10] DEBUG o.s.security.web.FilterChainProxy - /bootstrap/js/bootstrap.js at position 3 of 12 in additional filter chain; firing Filter: 'HeaderWriterFilter'
455568 [http-nio-8080-exec-7] DEBUG o.s.s.w.c.HttpSessionSecurityContextRepository - No SecurityContext was available from the HttpSession: org.apache.catalina.session.StandardSessionFacade@6bff5e46. A new one will be created.
455568 [http-nio-8080-exec-10] DEBUG o.s.s.w.h.writers.HstsHeaderWriter - Not injecting HSTS header since it did not match the requestMatcher org.springframework.security.web.header.writers.HstsHeaderWriter$SecureRequestMatcher@6fc0c7e1
455568 [http-nio-8080-exec-8] DEBUG o.s.s.w.h.writers.HstsHeaderWriter - Not injecting HSTS header since it did not match the requestMatcher org.springframework.security.web.header.writers.HstsHeaderWriter$SecureRequestMatcher@6fc0c7e1
455568 [http-nio-8080-exec-8] DEBUG o.s.security.web.FilterChainProxy - /jquery/jquery-2.1.3.js at position 4 of 12 in additional filter chain; firing Filter: 'CsrfFilter'
455568 [http-nio-8080-exec-8] DEBUG o.s.security.web.FilterChainProxy - /jquery/jquery-2.1.3.js at position 5 of 12 in additional filter chain; firing Filter: 'LogoutFilter'
455568 [http-nio-8080-exec-7] DEBUG o.s.security.web.FilterChainProxy - /bootstrap/css/bootstrap.css at position 3 of 12 in additional filter chain; firing Filter: 'HeaderWriterFilter'
455568 [http-nio-8080-exec-10] DEBUG o.s.security.web.FilterChainProxy - /bootstrap/js/bootstrap.js at position 4 of 12 in additional filter chain; firing Filter: 'CsrfFilter'
455568 [http-nio-8080-exec-7] DEBUG o.s.s.w.h.writers.HstsHeaderWriter - Not injecting HSTS header since it did not match the requestMatcher org.springframework.security.web.header.writers.HstsHeaderWriter$SecureRequestMatcher@6fc0c7e1
455568 [http-nio-8080-exec-8] DEBUG o.s.s.w.u.m.AntPathRequestMatcher - Request 'GET /jquery/jquery-2.1.3.js' doesn't match 'POST /logout
455569 [http-nio-8080-exec-8] DEBUG o.s.security.web.FilterChainProxy - /jquery/jquery-2.1.3.js at position 6 of 12 in additional filter chain; firing Filter: 'UsernamePasswordAuthenticationFilter'
455569 [http-nio-8080-exec-8] DEBUG o.s.s.w.u.m.AntPathRequestMatcher - Request 'GET /jquery/jquery-2.1.3.js' doesn't match 'POST /login
455568 [http-nio-8080-exec-10] DEBUG o.s.security.web.FilterChainProxy - /bootstrap/js/bootstrap.js at position 5 of 12 in additional filter chain; firing Filter: 'LogoutFilter'
455569 [http-nio-8080-exec-7] DEBUG o.s.security.web.FilterChainProxy - /bootstrap/css/bootstrap.css at position 4 of 12 in additional filter chain; firing Filter: 'CsrfFilter'
455569 [http-nio-8080-exec-8] DEBUG o.s.security.web.FilterChainProxy - /jquery/jquery-2.1.3.js at position 7 of 12 in additional filter chain; firing Filter: 'RequestCacheAwareFilter'
455569 [http-nio-8080-exec-10] DEBUG o.s.s.w.u.m.AntPathRequestMatcher - Request 'GET /bootstrap/js/bootstrap.js' doesn't match 'POST /logout
455569 [http-nio-8080-exec-10] DEBUG o.s.security.web.FilterChainProxy - /bootstrap/js/bootstrap.js at position 6 of 12 in additional filter chain; firing Filter: 'UsernamePasswordAuthenticationFilter'
455569 [http-nio-8080-exec-10] DEBUG o.s.s.w.u.m.AntPathRequestMatcher - Request 'GET /bootstrap/js/bootstrap.js' doesn't match 'POST /login
455569 [http-nio-8080-exec-7] DEBUG o.s.security.web.FilterChainProxy - /bootstrap/css/bootstrap.css at position 5 of 12 in additional filter chain; firing Filter: 'LogoutFilter'
455569 [http-nio-8080-exec-7] DEBUG o.s.s.w.u.m.AntPathRequestMatcher - Request 'GET /bootstrap/css/bootstrap.css' doesn't match 'POST /logout
455569 [http-nio-8080-exec-8] DEBUG o.s.s.w.s.DefaultSavedRequest - pathInfo: both null (property equals)
455569 [http-nio-8080-exec-8] DEBUG o.s.s.w.s.DefaultSavedRequest - queryString: both null (property equals)
455569 [http-nio-8080-exec-10] DEBUG o.s.security.web.FilterChainProxy - /bootstrap/js/bootstrap.js at position 7 of 12 in additional filter chain; firing Filter: 'RequestCacheAwareFilter'
455569 [http-nio-8080-exec-10] DEBUG o.s.s.w.s.DefaultSavedRequest - pathInfo: both null (property equals)
455569 [http-nio-8080-exec-10] DEBUG o.s.s.w.s.DefaultSavedRequest - queryString: both null (property equals)
455569 [http-nio-8080-exec-7] DEBUG o.s.security.web.FilterChainProxy - /bootstrap/css/bootstrap.css at position 6 of 12 in additional filter chain; firing Filter: 'UsernamePasswordAuthenticationFilter'
455569 [http-nio-8080-exec-8] DEBUG o.s.s.w.s.DefaultSavedRequest - requestURI: arg1=/logout; arg2=/jquery/jquery-2.1.3.js (property not equals)
455570 [http-nio-8080-exec-10] DEBUG o.s.s.w.s.DefaultSavedRequest - requestURI: arg1=/logout; arg2=/bootstrap/js/bootstrap.js (property not equals)
455570 [http-nio-8080-exec-7] DEBUG o.s.s.w.u.m.AntPathRequestMatcher - Request 'GET /bootstrap/css/bootstrap.css' doesn't match 'POST /login
455570 [http-nio-8080-exec-8] DEBUG o.s.s.w.s.HttpSessionRequestCache - saved request doesn't match
455570 [http-nio-8080-exec-10] DEBUG o.s.s.w.s.HttpSessionRequestCache - saved request doesn't match
455570 [http-nio-8080-exec-7] DEBUG o.s.security.web.FilterChainProxy - /bootstrap/css/bootstrap.css at position 7 of 12 in additional filter chain; firing Filter: 'RequestCacheAwareFilter'
455570 [http-nio-8080-exec-8] DEBUG o.s.security.web.FilterChainProxy - /jquery/jquery-2.1.3.js at position 8 of 12 in additional filter chain; firing Filter: 'SecurityContextHolderAwareRequestFilter'
455570 [http-nio-8080-exec-7] DEBUG o.s.s.w.s.DefaultSavedRequest - pathInfo: both null (property equals)
455570 [http-nio-8080-exec-10] DEBUG o.s.security.web.FilterChainProxy - /bootstrap/js/bootstrap.js at position 8 of 12 in additional filter chain; firing Filter: 'SecurityContextHolderAwareRequestFilter'
455570 [http-nio-8080-exec-10] DEBUG o.s.security.web.FilterChainProxy - /bootstrap/js/bootstrap.js at position 9 of 12 in additional filter chain; firing Filter: 'AnonymousAuthenticationFilter'
455570 [http-nio-8080-exec-7] DEBUG o.s.s.w.s.DefaultSavedRequest - queryString: both null (property equals)
455570 [http-nio-8080-exec-10] DEBUG o.s.s.w.a.AnonymousAuthenticationFilter - Populated SecurityContextHolder with anonymous token: 'org.springframework.security.authentication.AnonymousAuthenticationToken@6faeba70: Principal: anonymousUser; Credentials: [PROTECTED]; Authenticated: true; Details: org.springframework.security.web.authentication.WebAuthenticationDetails@fffbcba8: RemoteIpAddress: 0:0:0:0:0:0:0:1; SessionId: 3804353C2C2C151F407CA4B277564A11; Granted Authorities: ROLE_ANONYMOUS'
455570 [http-nio-8080-exec-8] DEBUG o.s.security.web.FilterChainProxy - /jquery/jquery-2.1.3.js at position 9 of 12 in additional filter chain; firing Filter: 'AnonymousAuthenticationFilter'
455570 [http-nio-8080-exec-7] DEBUG o.s.s.w.s.DefaultSavedRequest - requestURI: arg1=/logout; arg2=/bootstrap/css/bootstrap.css (property not equals)
455570 [http-nio-8080-exec-10] DEBUG o.s.security.web.FilterChainProxy - /bootstrap/js/bootstrap.js at position 10 of 12 in additional filter chain; firing Filter: 'SessionManagementFilter'
455570 [http-nio-8080-exec-8] DEBUG o.s.s.w.a.AnonymousAuthenticationFilter - Populated SecurityContextHolder with anonymous token: 'org.springframework.security.authentication.AnonymousAuthenticationToken@6faeba70: Principal: anonymousUser; Credentials: [PROTECTED]; Authenticated: true; Details: org.springframework.security.web.authentication.WebAuthenticationDetails@fffbcba8: RemoteIpAddress: 0:0:0:0:0:0:0:1; SessionId: 3804353C2C2C151F407CA4B277564A11; Granted Authorities: ROLE_ANONYMOUS'
455570 [http-nio-8080-exec-10] DEBUG o.s.security.web.FilterChainProxy - /bootstrap/js/bootstrap.js at position 11 of 12 in additional filter chain; firing Filter: 'ExceptionTranslationFilter'
455571 [http-nio-8080-exec-8] DEBUG o.s.security.web.FilterChainProxy - /jquery/jquery-2.1.3.js at position 10 of 12 in additional filter chain; firing Filter: 'SessionManagementFilter'
455570 [http-nio-8080-exec-7] DEBUG o.s.s.w.s.HttpSessionRequestCache - saved request doesn't match
455571 [http-nio-8080-exec-8] DEBUG o.s.security.web.FilterChainProxy - /jquery/jquery-2.1.3.js at position 11 of 12 in additional filter chain; firing Filter: 'ExceptionTranslationFilter'
455571 [http-nio-8080-exec-10] DEBUG o.s.security.web.FilterChainProxy - /bootstrap/js/bootstrap.js at position 12 of 12 in additional filter chain; firing Filter: 'FilterSecurityInterceptor'
455571 [http-nio-8080-exec-7] DEBUG o.s.security.web.FilterChainProxy - /bootstrap/css/bootstrap.css at position 8 of 12 in additional filter chain; firing Filter: 'SecurityContextHolderAwareRequestFilter'
455571 [http-nio-8080-exec-8] DEBUG o.s.security.web.FilterChainProxy - /jquery/jquery-2.1.3.js at position 12 of 12 in additional filter chain; firing Filter: 'FilterSecurityInterceptor'
455571 [http-nio-8080-exec-8] DEBUG o.s.s.w.u.m.AntPathRequestMatcher - Request 'GET /jquery/jquery-2.1.3.js' doesn't match 'POST /logout
455571 [http-nio-8080-exec-8] DEBUG o.s.s.w.u.m.AntPathRequestMatcher - Checking match of request : '/jquery/jquery-2.1.3.js'; against '/bootstrap/**'
455571 [http-nio-8080-exec-10] DEBUG o.s.s.w.u.m.AntPathRequestMatcher - Request 'GET /bootstrap/js/bootstrap.js' doesn't match 'POST /logout
455571 [http-nio-8080-exec-7] DEBUG o.s.security.web.FilterChainProxy - /bootstrap/css/bootstrap.css at position 9 of 12 in additional filter chain; firing Filter: 'AnonymousAuthenticationFilter'
455572 [http-nio-8080-exec-8] DEBUG o.s.s.w.u.m.AntPathRequestMatcher - Checking match of request : '/jquery/jquery-2.1.3.js'; against '/error/**'
455572 [http-nio-8080-exec-10] DEBUG o.s.s.w.u.m.AntPathRequestMatcher - Checking match of request : '/bootstrap/js/bootstrap.js'; against '/bootstrap/**'
455572 [http-nio-8080-exec-8] DEBUG o.s.s.w.u.m.AntPathRequestMatcher - Checking match of request : '/jquery/jquery-2.1.3.js'; against '/img/**'
455572 [http-nio-8080-exec-7] DEBUG o.s.s.w.a.AnonymousAuthenticationFilter - Populated SecurityContextHolder with anonymous token: 'org.springframework.security.authentication.AnonymousAuthenticationToken@6faeba70: Principal: anonymousUser; Credentials: [PROTECTED]; Authenticated: true; Details: org.springframework.security.web.authentication.WebAuthenticationDetails@fffbcba8: RemoteIpAddress: 0:0:0:0:0:0:0:1; SessionId: 3804353C2C2C151F407CA4B277564A11; Granted Authorities: ROLE_ANONYMOUS'
455572 [http-nio-8080-exec-10] DEBUG o.s.s.w.a.i.FilterSecurityInterceptor - Secure object: FilterInvocation: URL: /bootstrap/js/bootstrap.js; Attributes: [permitAll]
455572 [http-nio-8080-exec-8] DEBUG o.s.s.w.u.m.AntPathRequestMatcher - Checking match of request : '/jquery/jquery-2.1.3.js'; against '/jquery/**'
455572 [http-nio-8080-exec-7] DEBUG o.s.security.web.FilterChainProxy - /bootstrap/css/bootstrap.css at position 10 of 12 in additional filter chain; firing Filter: 'SessionManagementFilter'
455572 [http-nio-8080-exec-10] DEBUG o.s.s.w.a.i.FilterSecurityInterceptor - Previously Authenticated: org.springframework.security.authentication.AnonymousAuthenticationToken@6faeba70: Principal: anonymousUser; Credentials: [PROTECTED]; Authenticated: true; Details: org.springframework.security.web.authentication.WebAuthenticationDetails@fffbcba8: RemoteIpAddress: 0:0:0:0:0:0:0:1; SessionId: 3804353C2C2C151F407CA4B277564A11; Granted Authorities: ROLE_ANONYMOUS
455572 [http-nio-8080-exec-8] DEBUG o.s.s.w.a.i.FilterSecurityInterceptor - Secure object: FilterInvocation: URL: /jquery/jquery-2.1.3.js; Attributes: [permitAll]
455572 [http-nio-8080-exec-7] DEBUG o.s.security.web.FilterChainProxy - /bootstrap/css/bootstrap.css at position 11 of 12 in additional filter chain; firing Filter: 'ExceptionTranslationFilter'
455573 [http-nio-8080-exec-8] DEBUG o.s.s.w.a.i.FilterSecurityInterceptor - Previously Authenticated: org.springframework.security.authentication.AnonymousAuthenticationToken@6faeba70: Principal: anonymousUser; Credentials: [PROTECTED]; Authenticated: true; Details: org.springframework.security.web.authentication.WebAuthenticationDetails@fffbcba8: RemoteIpAddress: 0:0:0:0:0:0:0:1; SessionId: 3804353C2C2C151F407CA4B277564A11; Granted Authorities: ROLE_ANONYMOUS
455573 [http-nio-8080-exec-7] DEBUG o.s.security.web.FilterChainProxy - /bootstrap/css/bootstrap.css at position 12 of 12 in additional filter chain; firing Filter: 'FilterSecurityInterceptor'
455573 [http-nio-8080-exec-7] DEBUG o.s.s.w.u.m.AntPathRequestMatcher - Request 'GET /bootstrap/css/bootstrap.css' doesn't match 'POST /logout
455573 [http-nio-8080-exec-7] DEBUG o.s.s.w.u.m.AntPathRequestMatcher - Checking match of request : '/bootstrap/css/bootstrap.css'; against '/bootstrap/**'
455573 [http-nio-8080-exec-10] DEBUG o.s.s.access.vote.AffirmativeBased - Voter: org.springframework.security.web.access.expression.WebExpressionVoter@2ac2547d, returned: 1
455573 [http-nio-8080-exec-7] DEBUG o.s.s.w.a.i.FilterSecurityInterceptor - Secure object: FilterInvocation: URL: /bootstrap/css/bootstrap.css; Attributes: [permitAll]
455573 [http-nio-8080-exec-10] DEBUG o.s.s.w.a.i.FilterSecurityInterceptor - Authorization successful
455573 [http-nio-8080-exec-7] DEBUG o.s.s.w.a.i.FilterSecurityInterceptor - Previously Authenticated: org.springframework.security.authentication.AnonymousAuthenticationToken@6faeba70: Principal: anonymousUser; Credentials: [PROTECTED]; Authenticated: true; Details: org.springframework.security.web.authentication.WebAuthenticationDetails@fffbcba8: RemoteIpAddress: 0:0:0:0:0:0:0:1; SessionId: 3804353C2C2C151F407CA4B277564A11; Granted Authorities: ROLE_ANONYMOUS
455573 [http-nio-8080-exec-10] DEBUG o.s.s.w.a.i.FilterSecurityInterceptor - RunAsManager did not change Authentication object
455573 [http-nio-8080-exec-10] DEBUG o.s.security.web.FilterChainProxy - /bootstrap/js/bootstrap.js reached end of additional filter chain; proceeding with original chain
455573 [http-nio-8080-exec-8] DEBUG o.s.s.access.vote.AffirmativeBased - Voter: org.springframework.security.web.access.expression.WebExpressionVoter@2ac2547d, returned: 1
455573 [http-nio-8080-exec-8] DEBUG o.s.s.w.a.i.FilterSecurityInterceptor - Authorization successful
455573 [http-nio-8080-exec-8] DEBUG o.s.s.w.a.i.FilterSecurityInterceptor - RunAsManager did not change Authentication object
455573 [http-nio-8080-exec-7] DEBUG o.s.s.access.vote.AffirmativeBased - Voter: org.springframework.security.web.access.expression.WebExpressionVoter@2ac2547d, returned: 1
455573 [http-nio-8080-exec-8] DEBUG o.s.security.web.FilterChainProxy - /jquery/jquery-2.1.3.js reached end of additional filter chain; proceeding with original chain
455574 [http-nio-8080-exec-7] DEBUG o.s.s.w.a.i.FilterSecurityInterceptor - Authorization successful
455574 [http-nio-8080-exec-7] DEBUG o.s.s.w.a.i.FilterSecurityInterceptor - RunAsManager did not change Authentication object
455574 [http-nio-8080-exec-7] DEBUG o.s.security.web.FilterChainProxy - /bootstrap/css/bootstrap.css reached end of additional filter chain; proceeding with original chain
455576 [http-nio-8080-exec-8] DEBUG o.s.s.w.c.HttpSessionSecurityContextRepository - SecurityContext is empty or contents are anonymous - context will not be stored in HttpSession.
455577 [http-nio-8080-exec-10] DEBUG o.s.s.w.c.HttpSessionSecurityContextRepository - SecurityContext is empty or contents are anonymous - context will not be stored in HttpSession.
455577 [http-nio-8080-exec-7] DEBUG o.s.s.w.c.HttpSessionSecurityContextRepository - SecurityContext is empty or contents are anonymous - context will not be stored in HttpSession.
455579 [http-nio-8080-exec-10] DEBUG o.s.s.w.a.ExceptionTranslationFilter - Chain processed normally
455579 [http-nio-8080-exec-10] DEBUG o.s.s.w.c.SecurityContextPersistenceFilter - SecurityContextHolder now cleared, as request processing completed
455580 [http-nio-8080-exec-7] DEBUG o.s.s.w.a.ExceptionTranslationFilter - Chain processed normally
455580 [http-nio-8080-exec-7] DEBUG o.s.s.w.c.SecurityContextPersistenceFilter - SecurityContextHolder now cleared, as request processing completed
455581 [http-nio-8080-exec-8] DEBUG o.s.s.w.a.ExceptionTranslationFilter - Chain processed normally
455582 [http-nio-8080-exec-8] DEBUG o.s.s.w.c.SecurityContextPersistenceFilter - SecurityContextHolder now cleared, as request processing completed
455636 [http-nio-8080-exec-4] DEBUG o.s.s.w.u.matcher.OrRequestMatcher - Trying to match using Ant [pattern='/css/**']
455636 [http-nio-8080-exec-4] DEBUG o.s.s.w.u.m.AntPathRequestMatcher - Checking match of request : '/favicon.ico'; against '/css/**'
455636 [http-nio-8080-exec-4] DEBUG o.s.s.w.u.matcher.OrRequestMatcher - Trying to match using Ant [pattern='/js/**']
455636 [http-nio-8080-exec-4] DEBUG o.s.s.w.u.m.AntPathRequestMatcher - Checking match of request : '/favicon.ico'; against '/js/**'
455636 [http-nio-8080-exec-4] DEBUG o.s.s.w.u.matcher.OrRequestMatcher - Trying to match using Ant [pattern='/images/**']
455636 [http-nio-8080-exec-4] DEBUG o.s.s.w.u.m.AntPathRequestMatcher - Checking match of request : '/favicon.ico'; against '/images/**'
455636 [http-nio-8080-exec-4] DEBUG o.s.s.w.u.matcher.OrRequestMatcher - Trying to match using Ant [pattern='/webjars/**']
455636 [http-nio-8080-exec-4] DEBUG o.s.s.w.u.m.AntPathRequestMatcher - Checking match of request : '/favicon.ico'; against '/webjars/**'
455636 [http-nio-8080-exec-4] DEBUG o.s.s.w.u.matcher.OrRequestMatcher - Trying to match using Ant [pattern='/**/favicon.ico']
455636 [http-nio-8080-exec-4] DEBUG o.s.s.w.u.m.AntPathRequestMatcher - Checking match of request : '/favicon.ico'; against '/**/favicon.ico'
455636 [http-nio-8080-exec-4] DEBUG o.s.s.w.u.matcher.OrRequestMatcher - matched
455636 [http-nio-8080-exec-4] DEBUG o.s.security.web.FilterChainProxy - /favicon.ico has an empty filter list
461282 [http-nio-8080-exec-1] DEBUG o.s.s.w.u.matcher.OrRequestMatcher - Trying to match using Ant [pattern='/css/**']
461282 [http-nio-8080-exec-1] DEBUG o.s.s.w.u.m.AntPathRequestMatcher - Checking match of request : '/'; against '/css/**'
461282 [http-nio-8080-exec-1] DEBUG o.s.s.w.u.matcher.OrRequestMatcher - Trying to match using Ant [pattern='/js/**']
461282 [http-nio-8080-exec-1] DEBUG o.s.s.w.u.m.AntPathRequestMatcher - Checking match of request : '/'; against '/js/**'
461282 [http-nio-8080-exec-1] DEBUG o.s.s.w.u.matcher.OrRequestMatcher - Trying to match using Ant [pattern='/images/**']
461282 [http-nio-8080-exec-1] DEBUG o.s.s.w.u.m.AntPathRequestMatcher - Checking match of request : '/'; against '/images/**'
461282 [http-nio-8080-exec-1] DEBUG o.s.s.w.u.matcher.OrRequestMatcher - Trying to match using Ant [pattern='/webjars/**']
461282 [http-nio-8080-exec-1] DEBUG o.s.s.w.u.m.AntPathRequestMatcher - Checking match of request : '/'; against '/webjars/**'
461282 [http-nio-8080-exec-1] DEBUG o.s.s.w.u.matcher.OrRequestMatcher - Trying to match using Ant [pattern='/**/favicon.ico']
461282 [http-nio-8080-exec-1] DEBUG o.s.s.w.u.m.AntPathRequestMatcher - Checking match of request : '/'; against '/**/favicon.ico'
461282 [http-nio-8080-exec-1] DEBUG o.s.s.w.u.matcher.OrRequestMatcher - Trying to match using Ant [pattern='/error']
461282 [http-nio-8080-exec-1] DEBUG o.s.s.w.u.m.AntPathRequestMatcher - Checking match of request : '/'; against '/error'
461282 [http-nio-8080-exec-1] DEBUG o.s.s.w.u.matcher.OrRequestMatcher - No matches found
461283 [http-nio-8080-exec-1] DEBUG o.s.security.web.FilterChainProxy - / at position 1 of 12 in additional filter chain; firing Filter: 'WebAsyncManagerIntegrationFilter'
461283 [http-nio-8080-exec-1] DEBUG o.s.security.web.FilterChainProxy - / at position 2 of 12 in additional filter chain; firing Filter: 'SecurityContextPersistenceFilter'
461283 [http-nio-8080-exec-1] DEBUG o.s.s.w.c.HttpSessionSecurityContextRepository - HttpSession returned null object for SPRING_SECURITY_CONTEXT
461283 [http-nio-8080-exec-1] DEBUG o.s.s.w.c.HttpSessionSecurityContextRepository - No SecurityContext was available from the HttpSession: org.apache.catalina.session.StandardSessionFacade@6bff5e46. A new one will be created.
461283 [http-nio-8080-exec-1] DEBUG o.s.security.web.FilterChainProxy - / at position 3 of 12 in additional filter chain; firing Filter: 'HeaderWriterFilter'
461283 [http-nio-8080-exec-1] DEBUG o.s.s.w.h.writers.HstsHeaderWriter - Not injecting HSTS header since it did not match the requestMatcher org.springframework.security.web.header.writers.HstsHeaderWriter$SecureRequestMatcher@6fc0c7e1
461283 [http-nio-8080-exec-1] DEBUG o.s.security.web.FilterChainProxy - / at position 4 of 12 in additional filter chain; firing Filter: 'CsrfFilter'
461283 [http-nio-8080-exec-1] DEBUG o.s.security.web.csrf.CsrfFilter - Invalid CSRF token found for http://localhost:8080/
461283 [http-nio-8080-exec-1] DEBUG o.s.s.w.c.HttpSessionSecurityContextRepository - SecurityContext is empty or contents are anonymous - context will not be stored in HttpSession.
461283 [http-nio-8080-exec-1] DEBUG o.s.s.w.c.SecurityContextPersistenceFilter - SecurityContextHolder now cleared, as request processing completed
475386 [http-nio-8080-exec-9] DEBUG o.s.s.w.u.matcher.OrRequestMatcher - Trying to match using Ant [pattern='/css/**']
475386 [http-nio-8080-exec-9] DEBUG o.s.s.w.u.m.AntPathRequestMatcher - Checking match of request : '/'; against '/css/**'
475386 [http-nio-8080-exec-9] DEBUG o.s.s.w.u.matcher.OrRequestMatcher - Trying to match using Ant [pattern='/js/**']
475386 [http-nio-8080-exec-9] DEBUG o.s.s.w.u.m.AntPathRequestMatcher - Checking match of request : '/'; against '/js/**'
475386 [http-nio-8080-exec-9] DEBUG o.s.s.w.u.matcher.OrRequestMatcher - Trying to match using Ant [pattern='/images/**']
475386 [http-nio-8080-exec-9] DEBUG o.s.s.w.u.m.AntPathRequestMatcher - Checking match of request : '/'; against '/images/**'
475386 [http-nio-8080-exec-9] DEBUG o.s.s.w.u.matcher.OrRequestMatcher - Trying to match using Ant [pattern='/webjars/**']
475386 [http-nio-8080-exec-9] DEBUG o.s.s.w.u.m.AntPathRequestMatcher - Checking match of request : '/'; against '/webjars/**'
475386 [http-nio-8080-exec-9] DEBUG o.s.s.w.u.matcher.OrRequestMatcher - Trying to match using Ant [pattern='/**/favicon.ico']
475386 [http-nio-8080-exec-9] DEBUG o.s.s.w.u.m.AntPathRequestMatcher - Checking match of request : '/'; against '/**/favicon.ico'
475386 [http-nio-8080-exec-9] DEBUG o.s.s.w.u.matcher.OrRequestMatcher - Trying to match using Ant [pattern='/error']
475386 [http-nio-8080-exec-9] DEBUG o.s.s.w.u.m.AntPathRequestMatcher - Checking match of request : '/'; against '/error'
475386 [http-nio-8080-exec-9] DEBUG o.s.s.w.u.matcher.OrRequestMatcher - No matches found
475386 [http-nio-8080-exec-9] DEBUG o.s.security.web.FilterChainProxy - / at position 1 of 12 in additional filter chain; firing Filter: 'WebAsyncManagerIntegrationFilter'
475386 [http-nio-8080-exec-9] DEBUG o.s.security.web.FilterChainProxy - / at position 2 of 12 in additional filter chain; firing Filter: 'SecurityContextPersistenceFilter'
475386 [http-nio-8080-exec-9] DEBUG o.s.s.w.c.HttpSessionSecurityContextRepository - HttpSession returned null object for SPRING_SECURITY_CONTEXT
475386 [http-nio-8080-exec-9] DEBUG o.s.s.w.c.HttpSessionSecurityContextRepository - No SecurityContext was available from the HttpSession: org.apache.catalina.session.StandardSessionFacade@6bff5e46. A new one will be created.
475386 [http-nio-8080-exec-9] DEBUG o.s.security.web.FilterChainProxy - / at position 3 of 12 in additional filter chain; firing Filter: 'HeaderWriterFilter'
475386 [http-nio-8080-exec-9] DEBUG o.s.s.w.h.writers.HstsHeaderWriter - Not injecting HSTS header since it did not match the requestMatcher org.springframework.security.web.header.writers.HstsHeaderWriter$SecureRequestMatcher@6fc0c7e1
475386 [http-nio-8080-exec-9] DEBUG o.s.security.web.FilterChainProxy - / at position 4 of 12 in additional filter chain; firing Filter: 'CsrfFilter'
475386 [http-nio-8080-exec-9] DEBUG o.s.security.web.csrf.CsrfFilter - Invalid CSRF token found for http://localhost:8080/
475386 [http-nio-8080-exec-9] DEBUG o.s.s.w.c.HttpSessionSecurityContextRepository - SecurityContext is empty or contents are anonymous - context will not be stored in HttpSession.
475386 [http-nio-8080-exec-9] DEBUG o.s.s.w.c.SecurityContextPersistenceFilter - SecurityContextHolder now cleared, as request processing completed
475419 [http-nio-8080-exec-6] DEBUG o.s.s.w.u.matcher.OrRequestMatcher - Trying to match using Ant [pattern='/css/**']
475419 [http-nio-8080-exec-6] DEBUG o.s.s.w.u.m.AntPathRequestMatcher - Checking match of request : '/favicon.ico'; against '/css/**'
475419 [http-nio-8080-exec-6] DEBUG o.s.s.w.u.matcher.OrRequestMatcher - Trying to match using Ant [pattern='/js/**']
475419 [http-nio-8080-exec-6] DEBUG o.s.s.w.u.m.AntPathRequestMatcher - Checking match of request : '/favicon.ico'; against '/js/**'
475419 [http-nio-8080-exec-6] DEBUG o.s.s.w.u.matcher.OrRequestMatcher - Trying to match using Ant [pattern='/images/**']
475419 [http-nio-8080-exec-6] DEBUG o.s.s.w.u.m.AntPathRequestMatcher - Checking match of request : '/favicon.ico'; against '/images/**'
475419 [http-nio-8080-exec-6] DEBUG o.s.s.w.u.matcher.OrRequestMatcher - Trying to match using Ant [pattern='/webjars/**']
475419 [http-nio-8080-exec-6] DEBUG o.s.s.w.u.m.AntPathRequestMatcher - Checking match of request : '/favicon.ico'; against '/webjars/**'
475419 [http-nio-8080-exec-6] DEBUG o.s.s.w.u.matcher.OrRequestMatcher - Trying to match using Ant [pattern='/**/favicon.ico']
475419 [http-nio-8080-exec-6] DEBUG o.s.s.w.u.m.AntPathRequestMatcher - Checking match of request : '/favicon.ico'; against '/**/favicon.ico'
475419 [http-nio-8080-exec-6] DEBUG o.s.s.w.u.matcher.OrRequestMatcher - matched
475419 [http-nio-8080-exec-6] DEBUG o.s.security.web.FilterChainProxy - /favicon.ico has an empty filter list
479098 [http-nio-8080-exec-10] DEBUG o.s.s.w.u.matcher.OrRequestMatcher - Trying to match using Ant [pattern='/css/**']
479099 [http-nio-8080-exec-10] DEBUG o.s.s.w.u.m.AntPathRequestMatcher - Checking match of request : '/'; against '/css/**'
479099 [http-nio-8080-exec-10] DEBUG o.s.s.w.u.matcher.OrRequestMatcher - Trying to match using Ant [pattern='/js/**']
479099 [http-nio-8080-exec-10] DEBUG o.s.s.w.u.m.AntPathRequestMatcher - Checking match of request : '/'; against '/js/**'
479099 [http-nio-8080-exec-10] DEBUG o.s.s.w.u.matcher.OrRequestMatcher - Trying to match using Ant [pattern='/images/**']
479099 [http-nio-8080-exec-10] DEBUG o.s.s.w.u.m.AntPathRequestMatcher - Checking match of request : '/'; against '/images/**'
479099 [http-nio-8080-exec-10] DEBUG o.s.s.w.u.matcher.OrRequestMatcher - Trying to match using Ant [pattern='/webjars/**']
479099 [http-nio-8080-exec-10] DEBUG o.s.s.w.u.m.AntPathRequestMatcher - Checking match of request : '/'; against '/webjars/**'
479099 [http-nio-8080-exec-10] DEBUG o.s.s.w.u.matcher.OrRequestMatcher - Trying to match using Ant [pattern='/**/favicon.ico']
479099 [http-nio-8080-exec-10] DEBUG o.s.s.w.u.m.AntPathRequestMatcher - Checking match of request : '/'; against '/**/favicon.ico'
479099 [http-nio-8080-exec-10] DEBUG o.s.s.w.u.matcher.OrRequestMatcher - Trying to match using Ant [pattern='/error']
479099 [http-nio-8080-exec-10] DEBUG o.s.s.w.u.m.AntPathRequestMatcher - Checking match of request : '/'; against '/error'
479099 [http-nio-8080-exec-10] DEBUG o.s.s.w.u.matcher.OrRequestMatcher - No matches found
479099 [http-nio-8080-exec-10] DEBUG o.s.security.web.FilterChainProxy - / at position 1 of 12 in additional filter chain; firing Filter: 'WebAsyncManagerIntegrationFilter'
479099 [http-nio-8080-exec-10] DEBUG o.s.security.web.FilterChainProxy - / at position 2 of 12 in additional filter chain; firing Filter: 'SecurityContextPersistenceFilter'
479099 [http-nio-8080-exec-10] DEBUG o.s.s.w.c.HttpSessionSecurityContextRepository - HttpSession returned null object for SPRING_SECURITY_CONTEXT
479099 [http-nio-8080-exec-10] DEBUG o.s.s.w.c.HttpSessionSecurityContextRepository - No SecurityContext was available from the HttpSession: org.apache.catalina.session.StandardSessionFacade@6bff5e46. A new one will be created.
479099 [http-nio-8080-exec-10] DEBUG o.s.security.web.FilterChainProxy - / at position 3 of 12 in additional filter chain; firing Filter: 'HeaderWriterFilter'
479099 [http-nio-8080-exec-10] DEBUG o.s.s.w.h.writers.HstsHeaderWriter - Not injecting HSTS header since it did not match the requestMatcher org.springframework.security.web.header.writers.HstsHeaderWriter$SecureRequestMatcher@6fc0c7e1
479099 [http-nio-8080-exec-10] DEBUG o.s.security.web.FilterChainProxy - / at position 4 of 12 in additional filter chain; firing Filter: 'CsrfFilter'
479099 [http-nio-8080-exec-10] DEBUG o.s.security.web.csrf.CsrfFilter - Invalid CSRF token found for http://localhost:8080/
479099 [http-nio-8080-exec-10] DEBUG o.s.s.w.c.HttpSessionSecurityContextRepository - SecurityContext is empty or contents are anonymous - context will not be stored in HttpSession.
479099 [http-nio-8080-exec-10] DEBUG o.s.s.w.c.SecurityContextPersistenceFilter - SecurityContextHolder now cleared, as request processing completed
479147 [http-nio-8080-exec-7] DEBUG o.s.s.w.u.matcher.OrRequestMatcher - Trying to match using Ant [pattern='/css/**']
479147 [http-nio-8080-exec-7] DEBUG o.s.s.w.u.m.AntPathRequestMatcher - Checking match of request : '/favicon.ico'; against '/css/**'
479147 [http-nio-8080-exec-7] DEBUG o.s.s.w.u.matcher.OrRequestMatcher - Trying to match using Ant [pattern='/js/**']
479147 [http-nio-8080-exec-7] DEBUG o.s.s.w.u.m.AntPathRequestMatcher - Checking match of request : '/favicon.ico'; against '/js/**'
479147 [http-nio-8080-exec-7] DEBUG o.s.s.w.u.matcher.OrRequestMatcher - Trying to match using Ant [pattern='/images/**']
479147 [http-nio-8080-exec-7] DEBUG o.s.s.w.u.m.AntPathRequestMatcher - Checking match of request : '/favicon.ico'; against '/images/**'
479147 [http-nio-8080-exec-7] DEBUG o.s.s.w.u.matcher.OrRequestMatcher - Trying to match using Ant [pattern='/webjars/**']
479147 [http-nio-8080-exec-7] DEBUG o.s.s.w.u.m.AntPathRequestMatcher - Checking match of request : '/favicon.ico'; against '/webjars/**'
479147 [http-nio-8080-exec-7] DEBUG o.s.s.w.u.matcher.OrRequestMatcher - Trying to match using Ant [pattern='/**/favicon.ico']
479147 [http-nio-8080-exec-7] DEBUG o.s.s.w.u.m.AntPathRequestMatcher - Checking match of request : '/favicon.ico'; against '/**/favicon.ico'
479148 [http-nio-8080-exec-7] DEBUG o.s.s.w.u.matcher.OrRequestMatcher - matched
479148 [http-nio-8080-exec-7] DEBUG o.s.security.web.FilterChainProxy - /favicon.ico has an empty filter list
481133 [http-nio-8080-exec-8] DEBUG o.s.s.w.u.matcher.OrRequestMatcher - Trying to match using Ant [pattern='/css/**']
481133 [http-nio-8080-exec-8] DEBUG o.s.s.w.u.m.AntPathRequestMatcher - Checking match of request : '/'; against '/css/**'
481133 [http-nio-8080-exec-8] DEBUG o.s.s.w.u.matcher.OrRequestMatcher - Trying to match using Ant [pattern='/js/**']
481133 [http-nio-8080-exec-8] DEBUG o.s.s.w.u.m.AntPathRequestMatcher - Checking match of request : '/'; against '/js/**'
481133 [http-nio-8080-exec-8] DEBUG o.s.s.w.u.matcher.OrRequestMatcher - Trying to match using Ant [pattern='/images/**']
481133 [http-nio-8080-exec-8] DEBUG o.s.s.w.u.m.AntPathRequestMatcher - Checking match of request : '/'; against '/images/**'
481133 [http-nio-8080-exec-8] DEBUG o.s.s.w.u.matcher.OrRequestMatcher - Trying to match using Ant [pattern='/webjars/**']
481133 [http-nio-8080-exec-8] DEBUG o.s.s.w.u.m.AntPathRequestMatcher - Checking match of request : '/'; against '/webjars/**'
481133 [http-nio-8080-exec-8] DEBUG o.s.s.w.u.matcher.OrRequestMatcher - Trying to match using Ant [pattern='/**/favicon.ico']
481133 [http-nio-8080-exec-8] DEBUG o.s.s.w.u.m.AntPathRequestMatcher - Checking match of request : '/'; against '/**/favicon.ico'
481133 [http-nio-8080-exec-8] DEBUG o.s.s.w.u.matcher.OrRequestMatcher - Trying to match using Ant [pattern='/error']
481133 [http-nio-8080-exec-8] DEBUG o.s.s.w.u.m.AntPathRequestMatcher - Checking match of request : '/'; against '/error'
481133 [http-nio-8080-exec-8] DEBUG o.s.s.w.u.matcher.OrRequestMatcher - No matches found
481133 [http-nio-8080-exec-8] DEBUG o.s.security.web.FilterChainProxy - / at position 1 of 12 in additional filter chain; firing Filter: 'WebAsyncManagerIntegrationFilter'
481133 [http-nio-8080-exec-8] DEBUG o.s.security.web.FilterChainProxy - / at position 2 of 12 in additional filter chain; firing Filter: 'SecurityContextPersistenceFilter'
481133 [http-nio-8080-exec-8] DEBUG o.s.s.w.c.HttpSessionSecurityContextRepository - HttpSession returned null object for SPRING_SECURITY_CONTEXT
481133 [http-nio-8080-exec-8] DEBUG o.s.s.w.c.HttpSessionSecurityContextRepository - No SecurityContext was available from the HttpSession: org.apache.catalina.session.StandardSessionFacade@6bff5e46. A new one will be created.
481133 [http-nio-8080-exec-8] DEBUG o.s.security.web.FilterChainProxy - / at position 3 of 12 in additional filter chain; firing Filter: 'HeaderWriterFilter'
481133 [http-nio-8080-exec-8] DEBUG o.s.s.w.h.writers.HstsHeaderWriter - Not injecting HSTS header since it did not match the requestMatcher org.springframework.security.web.header.writers.HstsHeaderWriter$SecureRequestMatcher@6fc0c7e1
481133 [http-nio-8080-exec-8] DEBUG o.s.security.web.FilterChainProxy - / at position 4 of 12 in additional filter chain; firing Filter: 'CsrfFilter'
481133 [http-nio-8080-exec-8] DEBUG o.s.security.web.FilterChainProxy - / at position 5 of 12 in additional filter chain; firing Filter: 'LogoutFilter'
481133 [http-nio-8080-exec-8] DEBUG o.s.s.w.u.m.AntPathRequestMatcher - Request 'GET /' doesn't match 'POST /logout
481133 [http-nio-8080-exec-8] DEBUG o.s.security.web.FilterChainProxy - / at position 6 of 12 in additional filter chain; firing Filter: 'UsernamePasswordAuthenticationFilter'
481133 [http-nio-8080-exec-8] DEBUG o.s.s.w.u.m.AntPathRequestMatcher - Request 'GET /' doesn't match 'POST /login
481133 [http-nio-8080-exec-8] DEBUG o.s.security.web.FilterChainProxy - / at position 7 of 12 in additional filter chain; firing Filter: 'RequestCacheAwareFilter'
481133 [http-nio-8080-exec-8] DEBUG o.s.s.w.s.DefaultSavedRequest - pathInfo: both null (property equals)
481133 [http-nio-8080-exec-8] DEBUG o.s.s.w.s.DefaultSavedRequest - queryString: both null (property equals)
481133 [http-nio-8080-exec-8] DEBUG o.s.s.w.s.DefaultSavedRequest - requestURI: arg1=/logout; arg2=/ (property not equals)
481133 [http-nio-8080-exec-8] DEBUG o.s.s.w.s.HttpSessionRequestCache - saved request doesn't match
481136 [http-nio-8080-exec-8] DEBUG o.s.security.web.FilterChainProxy - / at position 8 of 12 in additional filter chain; firing Filter: 'SecurityContextHolderAwareRequestFilter'
481136 [http-nio-8080-exec-8] DEBUG o.s.security.web.FilterChainProxy - / at position 9 of 12 in additional filter chain; firing Filter: 'AnonymousAuthenticationFilter'
481136 [http-nio-8080-exec-8] DEBUG o.s.s.w.a.AnonymousAuthenticationFilter - Populated SecurityContextHolder with anonymous token: 'org.springframework.security.authentication.AnonymousAuthenticationToken@6faeba70: Principal: anonymousUser; Credentials: [PROTECTED]; Authenticated: true; Details: org.springframework.security.web.authentication.WebAuthenticationDetails@fffbcba8: RemoteIpAddress: 0:0:0:0:0:0:0:1; SessionId: 3804353C2C2C151F407CA4B277564A11; Granted Authorities: ROLE_ANONYMOUS'
481136 [http-nio-8080-exec-8] DEBUG o.s.security.web.FilterChainProxy - / at position 10 of 12 in additional filter chain; firing Filter: 'SessionManagementFilter'
481136 [http-nio-8080-exec-8] DEBUG o.s.security.web.FilterChainProxy - / at position 11 of 12 in additional filter chain; firing Filter: 'ExceptionTranslationFilter'
481136 [http-nio-8080-exec-8] DEBUG o.s.security.web.FilterChainProxy - / at position 12 of 12 in additional filter chain; firing Filter: 'FilterSecurityInterceptor'
481136 [http-nio-8080-exec-8] DEBUG o.s.s.w.u.m.AntPathRequestMatcher - Request 'GET /' doesn't match 'POST /logout
481136 [http-nio-8080-exec-8] DEBUG o.s.s.w.u.m.AntPathRequestMatcher - Checking match of request : '/'; against '/bootstrap/**'
481136 [http-nio-8080-exec-8] DEBUG o.s.s.w.u.m.AntPathRequestMatcher - Checking match of request : '/'; against '/error/**'
481136 [http-nio-8080-exec-8] DEBUG o.s.s.w.u.m.AntPathRequestMatcher - Checking match of request : '/'; against '/img/**'
481136 [http-nio-8080-exec-8] DEBUG o.s.s.w.u.m.AntPathRequestMatcher - Checking match of request : '/'; against '/jquery/**'
481136 [http-nio-8080-exec-8] DEBUG o.s.s.w.u.m.AntPathRequestMatcher - Checking match of request : '/'; against '/index.html'
481136 [http-nio-8080-exec-8] DEBUG o.s.s.w.u.m.AntPathRequestMatcher - Checking match of request : '/'; against '/temp.ftl'
481136 [http-nio-8080-exec-8] DEBUG o.s.s.w.a.i.FilterSecurityInterceptor - Secure object: FilterInvocation: URL: /; Attributes: [authenticated]
481136 [http-nio-8080-exec-8] DEBUG o.s.s.w.a.i.FilterSecurityInterceptor - Previously Authenticated: org.springframework.security.authentication.AnonymousAuthenticationToken@6faeba70: Principal: anonymousUser; Credentials: [PROTECTED]; Authenticated: true; Details: org.springframework.security.web.authentication.WebAuthenticationDetails@fffbcba8: RemoteIpAddress: 0:0:0:0:0:0:0:1; SessionId: 3804353C2C2C151F407CA4B277564A11; Granted Authorities: ROLE_ANONYMOUS
481136 [http-nio-8080-exec-8] DEBUG o.s.s.access.vote.AffirmativeBased - Voter: org.springframework.security.web.access.expression.WebExpressionVoter@2ac2547d, returned: -1
481137 [http-nio-8080-exec-8] DEBUG o.s.s.w.a.ExceptionTranslationFilter - Access is denied (user is anonymous); redirecting to authentication entry point
org.springframework.security.access.AccessDeniedException: Access is denied
	at org.springframework.security.access.vote.AffirmativeBased.decide(AffirmativeBased.java:84)
	at org.springframework.security.access.intercept.AbstractSecurityInterceptor.beforeInvocation(AbstractSecurityInterceptor.java:233)
	at org.springframework.security.web.access.intercept.FilterSecurityInterceptor.invoke(FilterSecurityInterceptor.java:124)
	at org.springframework.security.web.access.intercept.FilterSecurityInterceptor.doFilter(FilterSecurityInterceptor.java:91)
	at org.springframework.security.web.FilterChainProxy$VirtualFilterChain.doFilter(FilterChainProxy.java:331)
	at org.springframework.security.web.access.ExceptionTranslationFilter.doFilter(ExceptionTranslationFilter.java:114)
	at org.springframework.security.web.FilterChainProxy$VirtualFilterChain.doFilter(FilterChainProxy.java:331)
	at org.springframework.security.web.session.SessionManagementFilter.doFilter(SessionManagementFilter.java:137)
	at org.springframework.security.web.FilterChainProxy$VirtualFilterChain.doFilter(FilterChainProxy.java:331)
	at org.springframework.security.web.authentication.AnonymousAuthenticationFilter.doFilter(AnonymousAuthenticationFilter.java:111)
	at org.springframework.security.web.FilterChainProxy$VirtualFilterChain.doFilter(FilterChainProxy.java:331)
	at org.springframework.security.web.servletapi.SecurityContextHolderAwareRequestFilter.doFilter(SecurityContextHolderAwareRequestFilter.java:170)
	at org.springframework.security.web.FilterChainProxy$VirtualFilterChain.doFilter(FilterChainProxy.java:331)
	at org.springframework.security.web.savedrequest.RequestCacheAwareFilter.doFilter(RequestCacheAwareFilter.java:63)
	at org.springframework.security.web.FilterChainProxy$VirtualFilterChain.doFilter(FilterChainProxy.java:331)
	at org.springframework.security.web.authentication.AbstractAuthenticationProcessingFilter.doFilter(AbstractAuthenticationProcessingFilter.java:200)
	at org.springframework.security.web.FilterChainProxy$VirtualFilterChain.doFilter(FilterChainProxy.java:331)
	at org.springframework.security.web.authentication.logout.LogoutFilter.doFilter(LogoutFilter.java:116)
	at org.springframework.security.web.FilterChainProxy$VirtualFilterChain.doFilter(FilterChainProxy.java:331)
	at org.springframework.security.web.csrf.CsrfFilter.doFilterInternal(CsrfFilter.java:100)
	at org.springframework.web.filter.OncePerRequestFilter.doFilter(OncePerRequestFilter.java:107)
	at org.springframework.security.web.FilterChainProxy$VirtualFilterChain.doFilter(FilterChainProxy.java:331)
	at org.springframework.security.web.header.HeaderWriterFilter.doFilterInternal(HeaderWriterFilter.java:64)
	at org.springframework.web.filter.OncePerRequestFilter.doFilter(OncePerRequestFilter.java:107)
	at org.springframework.security.web.FilterChainProxy$VirtualFilterChain.doFilter(FilterChainProxy.java:331)
	at org.springframework.security.web.context.SecurityContextPersistenceFilter.doFilter(SecurityContextPersistenceFilter.java:105)
	at org.springframework.security.web.FilterChainProxy$VirtualFilterChain.doFilter(FilterChainProxy.java:331)
	at org.springframework.security.web.context.request.async.WebAsyncManagerIntegrationFilter.doFilterInternal(WebAsyncManagerIntegrationFilter.java:56)
	at org.springframework.web.filter.OncePerRequestFilter.doFilter(OncePerRequestFilter.java:107)
	at org.springframework.security.web.FilterChainProxy$VirtualFilterChain.doFilter(FilterChainProxy.java:331)
	at org.springframework.security.web.FilterChainProxy.doFilterInternal(FilterChainProxy.java:214)
	at org.springframework.security.web.FilterChainProxy.doFilter(FilterChainProxy.java:177)
	at org.springframework.web.filter.DelegatingFilterProxy.invokeDelegate(DelegatingFilterProxy.java:347)
	at org.springframework.web.filter.DelegatingFilterProxy.doFilter(DelegatingFilterProxy.java:263)
	at org.apache.catalina.core.ApplicationFilterChain.internalDoFilter(ApplicationFilterChain.java:193)
	at org.apache.catalina.core.ApplicationFilterChain.doFilter(ApplicationFilterChain.java:166)
	at org.springframework.web.filter.RequestContextFilter.doFilterInternal(RequestContextFilter.java:99)
	at org.springframework.web.filter.OncePerRequestFilter.doFilter(OncePerRequestFilter.java:107)
	at org.apache.catalina.core.ApplicationFilterChain.internalDoFilter(ApplicationFilterChain.java:193)
	at org.apache.catalina.core.ApplicationFilterChain.doFilter(ApplicationFilterChain.java:166)
	at org.springframework.web.filter.HttpPutFormContentFilter.doFilterInternal(HttpPutFormContentFilter.java:108)
	at org.springframework.web.filter.OncePerRequestFilter.doFilter(OncePerRequestFilter.java:107)
	at org.apache.catalina.core.ApplicationFilterChain.internalDoFilter(ApplicationFilterChain.java:193)
	at org.apache.catalina.core.ApplicationFilterChain.doFilter(ApplicationFilterChain.java:166)
	at org.springframework.web.filter.HiddenHttpMethodFilter.doFilterInternal(HiddenHttpMethodFilter.java:81)
	at org.springframework.web.filter.OncePerRequestFilter.doFilter(OncePerRequestFilter.java:107)
	at org.apache.catalina.core.ApplicationFilterChain.internalDoFilter(ApplicationFilterChain.java:193)
	at org.apache.catalina.core.ApplicationFilterChain.doFilter(ApplicationFilterChain.java:166)
	at org.springframework.web.filter.CharacterEncodingFilter.doFilterInternal(CharacterEncodingFilter.java:197)
	at org.springframework.web.filter.OncePerRequestFilter.doFilter(OncePerRequestFilter.java:107)
	at org.apache.catalina.core.ApplicationFilterChain.internalDoFilter(ApplicationFilterChain.java:193)
	at org.apache.catalina.core.ApplicationFilterChain.doFilter(ApplicationFilterChain.java:166)
	at org.apache.catalina.core.StandardWrapperValve.invoke(StandardWrapperValve.java:199)
	at org.apache.catalina.core.StandardContextValve.invoke(StandardContextValve.java:96)
	at org.apache.catalina.authenticator.AuthenticatorBase.invoke(AuthenticatorBase.java:478)
	at org.apache.catalina.core.StandardHostValve.invoke(StandardHostValve.java:140)
	at org.apache.catalina.valves.ErrorReportValve.invoke(ErrorReportValve.java:81)
	at org.apache.catalina.core.StandardEngineValve.invoke(StandardEngineValve.java:87)
	at org.apache.catalina.connector.CoyoteAdapter.service(CoyoteAdapter.java:342)
	at org.apache.coyote.http11.Http11Processor.service(Http11Processor.java:803)
	at org.apache.coyote.AbstractProcessorLight.process(AbstractProcessorLight.java:66)
	at org.apache.coyote.AbstractProtocol$ConnectionHandler.process(AbstractProtocol.java:868)
	at org.apache.tomcat.util.net.NioEndpoint$SocketProcessor.doRun(NioEndpoint.java:1459)
	at org.apache.tomcat.util.net.SocketProcessorBase.run(SocketProcessorBase.java:49)
	at java.util.concurrent.ThreadPoolExecutor.runWorker(ThreadPoolExecutor.java:1149)
	at java.util.concurrent.ThreadPoolExecutor$Worker.run(ThreadPoolExecutor.java:624)
	at org.apache.tomcat.util.threads.TaskThread$WrappingRunnable.run(TaskThread.java:61)
	at java.lang.Thread.run(Thread.java:748)
481138 [http-nio-8080-exec-8] DEBUG o.s.s.w.u.matcher.AndRequestMatcher - Trying to match using Ant [pattern='/**', GET]
481138 [http-nio-8080-exec-8] DEBUG o.s.s.w.u.m.AntPathRequestMatcher - Request '/' matched by universal pattern '/**'
481138 [http-nio-8080-exec-8] DEBUG o.s.s.w.u.matcher.AndRequestMatcher - Trying to match using NegatedRequestMatcher [requestMatcher=Ant [pattern='/**/favicon.ico']]
481138 [http-nio-8080-exec-8] DEBUG o.s.s.w.u.m.AntPathRequestMatcher - Checking match of request : '/'; against '/**/favicon.ico'
481138 [http-nio-8080-exec-8] DEBUG o.s.s.w.u.m.NegatedRequestMatcher - matches = true
481138 [http-nio-8080-exec-8] DEBUG o.s.s.w.u.matcher.AndRequestMatcher - Trying to match using NegatedRequestMatcher [requestMatcher=MediaTypeRequestMatcher [contentNegotiationStrategy=org.springframework.web.accept.ContentNegotiationManager@1fb8b25c, matchingMediaTypes=[application/json], useEquals=false, ignoredMediaTypes=[*/*]]]
481138 [http-nio-8080-exec-8] DEBUG o.s.s.w.u.m.MediaTypeRequestMatcher - httpRequestMediaTypes=[text/html, application/xhtml+xml, image/webp, image/apng, application/xml;q=0.9, */*;q=0.8]
481138 [http-nio-8080-exec-8] DEBUG o.s.s.w.u.m.MediaTypeRequestMatcher - Processing text/html
481138 [http-nio-8080-exec-8] DEBUG o.s.s.w.u.m.MediaTypeRequestMatcher - application/json .isCompatibleWith text/html = false
481138 [http-nio-8080-exec-8] DEBUG o.s.s.w.u.m.MediaTypeRequestMatcher - Processing application/xhtml+xml
481138 [http-nio-8080-exec-8] DEBUG o.s.s.w.u.m.MediaTypeRequestMatcher - application/json .isCompatibleWith application/xhtml+xml = false
481138 [http-nio-8080-exec-8] DEBUG o.s.s.w.u.m.MediaTypeRequestMatcher - Processing image/webp
481138 [http-nio-8080-exec-8] DEBUG o.s.s.w.u.m.MediaTypeRequestMatcher - application/json .isCompatibleWith image/webp = false
481138 [http-nio-8080-exec-8] DEBUG o.s.s.w.u.m.MediaTypeRequestMatcher - Processing image/apng
481138 [http-nio-8080-exec-8] DEBUG o.s.s.w.u.m.MediaTypeRequestMatcher - application/json .isCompatibleWith image/apng = false
481138 [http-nio-8080-exec-8] DEBUG o.s.s.w.u.m.MediaTypeRequestMatcher - Processing application/xml;q=0.9
481138 [http-nio-8080-exec-8] DEBUG o.s.s.w.u.m.MediaTypeRequestMatcher - application/json .isCompatibleWith application/xml;q=0.9 = false
481138 [http-nio-8080-exec-8] DEBUG o.s.s.w.u.m.MediaTypeRequestMatcher - Processing */*;q=0.8
481138 [http-nio-8080-exec-8] DEBUG o.s.s.w.u.m.MediaTypeRequestMatcher - Ignoring
481138 [http-nio-8080-exec-8] DEBUG o.s.s.w.u.m.MediaTypeRequestMatcher - Did not match any media types
481138 [http-nio-8080-exec-8] DEBUG o.s.s.w.u.m.NegatedRequestMatcher - matches = true
481138 [http-nio-8080-exec-8] DEBUG o.s.s.w.u.matcher.AndRequestMatcher - Trying to match using NegatedRequestMatcher [requestMatcher=RequestHeaderRequestMatcher [expectedHeaderName=X-Requested-With, expectedHeaderValue=XMLHttpRequest]]
481138 [http-nio-8080-exec-8] DEBUG o.s.s.w.u.m.NegatedRequestMatcher - matches = true
481138 [http-nio-8080-exec-8] DEBUG o.s.s.w.u.matcher.AndRequestMatcher - All requestMatchers returned true
481138 [http-nio-8080-exec-8] DEBUG o.s.s.w.s.HttpSessionRequestCache - DefaultSavedRequest added to Session: DefaultSavedRequest[http://localhost:8080/]
481138 [http-nio-8080-exec-8] DEBUG o.s.s.w.a.ExceptionTranslationFilter - Calling Authentication entry point.
481138 [http-nio-8080-exec-8] DEBUG o.s.s.web.DefaultRedirectStrategy - Redirecting to 'http://localhost:8080/login'
481138 [http-nio-8080-exec-8] DEBUG o.s.s.w.c.HttpSessionSecurityContextRepository - SecurityContext is empty or contents are anonymous - context will not be stored in HttpSession.
481138 [http-nio-8080-exec-8] DEBUG o.s.s.w.c.SecurityContextPersistenceFilter - SecurityContextHolder now cleared, as request processing completed
481141 [http-nio-8080-exec-4] DEBUG o.s.s.w.u.matcher.OrRequestMatcher - Trying to match using Ant [pattern='/css/**']
481141 [http-nio-8080-exec-4] DEBUG o.s.s.w.u.m.AntPathRequestMatcher - Checking match of request : '/login'; against '/css/**'
481141 [http-nio-8080-exec-4] DEBUG o.s.s.w.u.matcher.OrRequestMatcher - Trying to match using Ant [pattern='/js/**']
481141 [http-nio-8080-exec-4] DEBUG o.s.s.w.u.m.AntPathRequestMatcher - Checking match of request : '/login'; against '/js/**'
481141 [http-nio-8080-exec-4] DEBUG o.s.s.w.u.matcher.OrRequestMatcher - Trying to match using Ant [pattern='/images/**']
481141 [http-nio-8080-exec-4] DEBUG o.s.s.w.u.m.AntPathRequestMatcher - Checking match of request : '/login'; against '/images/**'
481141 [http-nio-8080-exec-4] DEBUG o.s.s.w.u.matcher.OrRequestMatcher - Trying to match using Ant [pattern='/webjars/**']
481141 [http-nio-8080-exec-4] DEBUG o.s.s.w.u.m.AntPathRequestMatcher - Checking match of request : '/login'; against '/webjars/**'
481141 [http-nio-8080-exec-4] DEBUG o.s.s.w.u.matcher.OrRequestMatcher - Trying to match using Ant [pattern='/**/favicon.ico']
481141 [http-nio-8080-exec-4] DEBUG o.s.s.w.u.m.AntPathRequestMatcher - Checking match of request : '/login'; against '/**/favicon.ico'
481141 [http-nio-8080-exec-4] DEBUG o.s.s.w.u.matcher.OrRequestMatcher - Trying to match using Ant [pattern='/error']
481141 [http-nio-8080-exec-4] DEBUG o.s.s.w.u.m.AntPathRequestMatcher - Checking match of request : '/login'; against '/error'
481141 [http-nio-8080-exec-4] DEBUG o.s.s.w.u.matcher.OrRequestMatcher - No matches found
481141 [http-nio-8080-exec-4] DEBUG o.s.security.web.FilterChainProxy - /login at position 1 of 12 in additional filter chain; firing Filter: 'WebAsyncManagerIntegrationFilter'
481141 [http-nio-8080-exec-4] DEBUG o.s.security.web.FilterChainProxy - /login at position 2 of 12 in additional filter chain; firing Filter: 'SecurityContextPersistenceFilter'
481141 [http-nio-8080-exec-4] DEBUG o.s.s.w.c.HttpSessionSecurityContextRepository - HttpSession returned null object for SPRING_SECURITY_CONTEXT
481141 [http-nio-8080-exec-4] DEBUG o.s.s.w.c.HttpSessionSecurityContextRepository - No SecurityContext was available from the HttpSession: org.apache.catalina.session.StandardSessionFacade@6bff5e46. A new one will be created.
481141 [http-nio-8080-exec-4] DEBUG o.s.security.web.FilterChainProxy - /login at position 3 of 12 in additional filter chain; firing Filter: 'HeaderWriterFilter'
481141 [http-nio-8080-exec-4] DEBUG o.s.s.w.h.writers.HstsHeaderWriter - Not injecting HSTS header since it did not match the requestMatcher org.springframework.security.web.header.writers.HstsHeaderWriter$SecureRequestMatcher@6fc0c7e1
481141 [http-nio-8080-exec-4] DEBUG o.s.security.web.FilterChainProxy - /login at position 4 of 12 in additional filter chain; firing Filter: 'CsrfFilter'
481141 [http-nio-8080-exec-4] DEBUG o.s.security.web.FilterChainProxy - /login at position 5 of 12 in additional filter chain; firing Filter: 'LogoutFilter'
481141 [http-nio-8080-exec-4] DEBUG o.s.s.w.u.m.AntPathRequestMatcher - Request 'GET /login' doesn't match 'POST /logout
481141 [http-nio-8080-exec-4] DEBUG o.s.security.web.FilterChainProxy - /login at position 6 of 12 in additional filter chain; firing Filter: 'UsernamePasswordAuthenticationFilter'
481141 [http-nio-8080-exec-4] DEBUG o.s.s.w.u.m.AntPathRequestMatcher - Request 'GET /login' doesn't match 'POST /login
481141 [http-nio-8080-exec-4] DEBUG o.s.security.web.FilterChainProxy - /login at position 7 of 12 in additional filter chain; firing Filter: 'RequestCacheAwareFilter'
481141 [http-nio-8080-exec-4] DEBUG o.s.s.w.s.DefaultSavedRequest - pathInfo: both null (property equals)
481141 [http-nio-8080-exec-4] DEBUG o.s.s.w.s.DefaultSavedRequest - queryString: both null (property equals)
481141 [http-nio-8080-exec-4] DEBUG o.s.s.w.s.DefaultSavedRequest - requestURI: arg1=/; arg2=/login (property not equals)
481145 [http-nio-8080-exec-4] DEBUG o.s.s.w.s.HttpSessionRequestCache - saved request doesn't match
481145 [http-nio-8080-exec-4] DEBUG o.s.security.web.FilterChainProxy - /login at position 8 of 12 in additional filter chain; firing Filter: 'SecurityContextHolderAwareRequestFilter'
481145 [http-nio-8080-exec-4] DEBUG o.s.security.web.FilterChainProxy - /login at position 9 of 12 in additional filter chain; firing Filter: 'AnonymousAuthenticationFilter'
481145 [http-nio-8080-exec-4] DEBUG o.s.s.w.a.AnonymousAuthenticationFilter - Populated SecurityContextHolder with anonymous token: 'org.springframework.security.authentication.AnonymousAuthenticationToken@6faeba70: Principal: anonymousUser; Credentials: [PROTECTED]; Authenticated: true; Details: org.springframework.security.web.authentication.WebAuthenticationDetails@fffbcba8: RemoteIpAddress: 0:0:0:0:0:0:0:1; SessionId: 3804353C2C2C151F407CA4B277564A11; Granted Authorities: ROLE_ANONYMOUS'
481145 [http-nio-8080-exec-4] DEBUG o.s.security.web.FilterChainProxy - /login at position 10 of 12 in additional filter chain; firing Filter: 'SessionManagementFilter'
481145 [http-nio-8080-exec-4] DEBUG o.s.security.web.FilterChainProxy - /login at position 11 of 12 in additional filter chain; firing Filter: 'ExceptionTranslationFilter'
481145 [http-nio-8080-exec-4] DEBUG o.s.security.web.FilterChainProxy - /login at position 12 of 12 in additional filter chain; firing Filter: 'FilterSecurityInterceptor'
481145 [http-nio-8080-exec-4] DEBUG o.s.s.w.a.i.FilterSecurityInterceptor - Secure object: FilterInvocation: URL: /login; Attributes: [permitAll]
481145 [http-nio-8080-exec-4] DEBUG o.s.s.w.a.i.FilterSecurityInterceptor - Previously Authenticated: org.springframework.security.authentication.AnonymousAuthenticationToken@6faeba70: Principal: anonymousUser; Credentials: [PROTECTED]; Authenticated: true; Details: org.springframework.security.web.authentication.WebAuthenticationDetails@fffbcba8: RemoteIpAddress: 0:0:0:0:0:0:0:1; SessionId: 3804353C2C2C151F407CA4B277564A11; Granted Authorities: ROLE_ANONYMOUS
481145 [http-nio-8080-exec-4] DEBUG o.s.s.access.vote.AffirmativeBased - Voter: org.springframework.security.web.access.expression.WebExpressionVoter@2ac2547d, returned: 1
481145 [http-nio-8080-exec-4] DEBUG o.s.s.w.a.i.FilterSecurityInterceptor - Authorization successful
481145 [http-nio-8080-exec-4] DEBUG o.s.s.w.a.i.FilterSecurityInterceptor - RunAsManager did not change Authentication object
481145 [http-nio-8080-exec-4] DEBUG o.s.security.web.FilterChainProxy - /login reached end of additional filter chain; proceeding with original chain
481147 [http-nio-8080-exec-4] DEBUG o.s.s.w.c.HttpSessionSecurityContextRepository - SecurityContext is empty or contents are anonymous - context will not be stored in HttpSession.
481147 [http-nio-8080-exec-4] DEBUG o.s.s.w.a.ExceptionTranslationFilter - Chain processed normally
481147 [http-nio-8080-exec-4] DEBUG o.s.s.w.c.SecurityContextPersistenceFilter - SecurityContextHolder now cleared, as request processing completed
481154 [http-nio-8080-exec-1] DEBUG o.s.s.w.u.matcher.OrRequestMatcher - Trying to match using Ant [pattern='/css/**']
481154 [http-nio-8080-exec-3] DEBUG o.s.s.w.u.matcher.OrRequestMatcher - Trying to match using Ant [pattern='/css/**']
481154 [http-nio-8080-exec-1] DEBUG o.s.s.w.u.m.AntPathRequestMatcher - Checking match of request : '/bootstrap/css/bootstrap.css'; against '/css/**'
481154 [http-nio-8080-exec-3] DEBUG o.s.s.w.u.m.AntPathRequestMatcher - Checking match of request : '/bootstrap/js/bootstrap.js'; against '/css/**'
481154 [http-nio-8080-exec-3] DEBUG o.s.s.w.u.matcher.OrRequestMatcher - Trying to match using Ant [pattern='/js/**']
481154 [http-nio-8080-exec-5] DEBUG o.s.s.w.u.matcher.OrRequestMatcher - Trying to match using Ant [pattern='/css/**']
481154 [http-nio-8080-exec-1] DEBUG o.s.s.w.u.matcher.OrRequestMatcher - Trying to match using Ant [pattern='/js/**']
481154 [http-nio-8080-exec-3] DEBUG o.s.s.w.u.m.AntPathRequestMatcher - Checking match of request : '/bootstrap/js/bootstrap.js'; against '/js/**'
481155 [http-nio-8080-exec-3] DEBUG o.s.s.w.u.matcher.OrRequestMatcher - Trying to match using Ant [pattern='/images/**']
481155 [http-nio-8080-exec-5] DEBUG o.s.s.w.u.m.AntPathRequestMatcher - Checking match of request : '/jquery/jquery-2.1.3.js'; against '/css/**'
481155 [http-nio-8080-exec-1] DEBUG o.s.s.w.u.m.AntPathRequestMatcher - Checking match of request : '/bootstrap/css/bootstrap.css'; against '/js/**'
481155 [http-nio-8080-exec-5] DEBUG o.s.s.w.u.matcher.OrRequestMatcher - Trying to match using Ant [pattern='/js/**']
481155 [http-nio-8080-exec-3] DEBUG o.s.s.w.u.m.AntPathRequestMatcher - Checking match of request : '/bootstrap/js/bootstrap.js'; against '/images/**'
481155 [http-nio-8080-exec-3] DEBUG o.s.s.w.u.matcher.OrRequestMatcher - Trying to match using Ant [pattern='/webjars/**']
481155 [http-nio-8080-exec-3] DEBUG o.s.s.w.u.m.AntPathRequestMatcher - Checking match of request : '/bootstrap/js/bootstrap.js'; against '/webjars/**'
481155 [http-nio-8080-exec-1] DEBUG o.s.s.w.u.matcher.OrRequestMatcher - Trying to match using Ant [pattern='/images/**']
481155 [http-nio-8080-exec-5] DEBUG o.s.s.w.u.m.AntPathRequestMatcher - Checking match of request : '/jquery/jquery-2.1.3.js'; against '/js/**'
481155 [http-nio-8080-exec-3] DEBUG o.s.s.w.u.matcher.OrRequestMatcher - Trying to match using Ant [pattern='/**/favicon.ico']
481155 [http-nio-8080-exec-1] DEBUG o.s.s.w.u.m.AntPathRequestMatcher - Checking match of request : '/bootstrap/css/bootstrap.css'; against '/images/**'
481155 [http-nio-8080-exec-1] DEBUG o.s.s.w.u.matcher.OrRequestMatcher - Trying to match using Ant [pattern='/webjars/**']
481155 [http-nio-8080-exec-1] DEBUG o.s.s.w.u.m.AntPathRequestMatcher - Checking match of request : '/bootstrap/css/bootstrap.css'; against '/webjars/**'
481155 [http-nio-8080-exec-1] DEBUG o.s.s.w.u.matcher.OrRequestMatcher - Trying to match using Ant [pattern='/**/favicon.ico']
481155 [http-nio-8080-exec-1] DEBUG o.s.s.w.u.m.AntPathRequestMatcher - Checking match of request : '/bootstrap/css/bootstrap.css'; against '/**/favicon.ico'
481155 [http-nio-8080-exec-5] DEBUG o.s.s.w.u.matcher.OrRequestMatcher - Trying to match using Ant [pattern='/images/**']
481155 [http-nio-8080-exec-3] DEBUG o.s.s.w.u.m.AntPathRequestMatcher - Checking match of request : '/bootstrap/js/bootstrap.js'; against '/**/favicon.ico'
481155 [http-nio-8080-exec-3] DEBUG o.s.s.w.u.matcher.OrRequestMatcher - Trying to match using Ant [pattern='/error']
481155 [http-nio-8080-exec-1] DEBUG o.s.s.w.u.matcher.OrRequestMatcher - Trying to match using Ant [pattern='/error']
481155 [http-nio-8080-exec-1] DEBUG o.s.s.w.u.m.AntPathRequestMatcher - Checking match of request : '/bootstrap/css/bootstrap.css'; against '/error'
481155 [http-nio-8080-exec-1] DEBUG o.s.s.w.u.matcher.OrRequestMatcher - No matches found
481155 [http-nio-8080-exec-5] DEBUG o.s.s.w.u.m.AntPathRequestMatcher - Checking match of request : '/jquery/jquery-2.1.3.js'; against '/images/**'
481155 [http-nio-8080-exec-3] DEBUG o.s.s.w.u.m.AntPathRequestMatcher - Checking match of request : '/bootstrap/js/bootstrap.js'; against '/error'
481155 [http-nio-8080-exec-3] DEBUG o.s.s.w.u.matcher.OrRequestMatcher - No matches found
481155 [http-nio-8080-exec-3] DEBUG o.s.security.web.FilterChainProxy - /bootstrap/js/bootstrap.js at position 1 of 12 in additional filter chain; firing Filter: 'WebAsyncManagerIntegrationFilter'
481155 [http-nio-8080-exec-1] DEBUG o.s.security.web.FilterChainProxy - /bootstrap/css/bootstrap.css at position 1 of 12 in additional filter chain; firing Filter: 'WebAsyncManagerIntegrationFilter'
481155 [http-nio-8080-exec-1] DEBUG o.s.security.web.FilterChainProxy - /bootstrap/css/bootstrap.css at position 2 of 12 in additional filter chain; firing Filter: 'SecurityContextPersistenceFilter'
481155 [http-nio-8080-exec-5] DEBUG o.s.s.w.u.matcher.OrRequestMatcher - Trying to match using Ant [pattern='/webjars/**']
481155 [http-nio-8080-exec-3] DEBUG o.s.security.web.FilterChainProxy - /bootstrap/js/bootstrap.js at position 2 of 12 in additional filter chain; firing Filter: 'SecurityContextPersistenceFilter'
481155 [http-nio-8080-exec-1] DEBUG o.s.s.w.c.HttpSessionSecurityContextRepository - HttpSession returned null object for SPRING_SECURITY_CONTEXT
481155 [http-nio-8080-exec-5] DEBUG o.s.s.w.u.m.AntPathRequestMatcher - Checking match of request : '/jquery/jquery-2.1.3.js'; against '/webjars/**'
481156 [http-nio-8080-exec-3] DEBUG o.s.s.w.c.HttpSessionSecurityContextRepository - HttpSession returned null object for SPRING_SECURITY_CONTEXT
481156 [http-nio-8080-exec-1] DEBUG o.s.s.w.c.HttpSessionSecurityContextRepository - No SecurityContext was available from the HttpSession: org.apache.catalina.session.StandardSessionFacade@6bff5e46. A new one will be created.
481156 [http-nio-8080-exec-5] DEBUG o.s.s.w.u.matcher.OrRequestMatcher - Trying to match using Ant [pattern='/**/favicon.ico']
481156 [http-nio-8080-exec-3] DEBUG o.s.s.w.c.HttpSessionSecurityContextRepository - No SecurityContext was available from the HttpSession: org.apache.catalina.session.StandardSessionFacade@6bff5e46. A new one will be created.
481156 [http-nio-8080-exec-1] DEBUG o.s.security.web.FilterChainProxy - /bootstrap/css/bootstrap.css at position 3 of 12 in additional filter chain; firing Filter: 'HeaderWriterFilter'
481156 [http-nio-8080-exec-5] DEBUG o.s.s.w.u.m.AntPathRequestMatcher - Checking match of request : '/jquery/jquery-2.1.3.js'; against '/**/favicon.ico'
481156 [http-nio-8080-exec-3] DEBUG o.s.security.web.FilterChainProxy - /bootstrap/js/bootstrap.js at position 3 of 12 in additional filter chain; firing Filter: 'HeaderWriterFilter'
481156 [http-nio-8080-exec-5] DEBUG o.s.s.w.u.matcher.OrRequestMatcher - Trying to match using Ant [pattern='/error']
481156 [http-nio-8080-exec-5] DEBUG o.s.s.w.u.m.AntPathRequestMatcher - Checking match of request : '/jquery/jquery-2.1.3.js'; against '/error'
481156 [http-nio-8080-exec-5] DEBUG o.s.s.w.u.matcher.OrRequestMatcher - No matches found
481156 [http-nio-8080-exec-5] DEBUG o.s.security.web.FilterChainProxy - /jquery/jquery-2.1.3.js at position 1 of 12 in additional filter chain; firing Filter: 'WebAsyncManagerIntegrationFilter'
481156 [http-nio-8080-exec-1] DEBUG o.s.s.w.h.writers.HstsHeaderWriter - Not injecting HSTS header since it did not match the requestMatcher org.springframework.security.web.header.writers.HstsHeaderWriter$SecureRequestMatcher@6fc0c7e1
481156 [http-nio-8080-exec-5] DEBUG o.s.security.web.FilterChainProxy - /jquery/jquery-2.1.3.js at position 2 of 12 in additional filter chain; firing Filter: 'SecurityContextPersistenceFilter'
481156 [http-nio-8080-exec-1] DEBUG o.s.security.web.FilterChainProxy - /bootstrap/css/bootstrap.css at position 4 of 12 in additional filter chain; firing Filter: 'CsrfFilter'
481156 [http-nio-8080-exec-1] DEBUG o.s.security.web.FilterChainProxy - /bootstrap/css/bootstrap.css at position 5 of 12 in additional filter chain; firing Filter: 'LogoutFilter'
481156 [http-nio-8080-exec-3] DEBUG o.s.s.w.h.writers.HstsHeaderWriter - Not injecting HSTS header since it did not match the requestMatcher org.springframework.security.web.header.writers.HstsHeaderWriter$SecureRequestMatcher@6fc0c7e1
481156 [http-nio-8080-exec-5] DEBUG o.s.s.w.c.HttpSessionSecurityContextRepository - HttpSession returned null object for SPRING_SECURITY_CONTEXT
481156 [http-nio-8080-exec-3] DEBUG o.s.security.web.FilterChainProxy - /bootstrap/js/bootstrap.js at position 4 of 12 in additional filter chain; firing Filter: 'CsrfFilter'
481156 [http-nio-8080-exec-5] DEBUG o.s.s.w.c.HttpSessionSecurityContextRepository - No SecurityContext was available from the HttpSession: org.apache.catalina.session.StandardSessionFacade@6bff5e46. A new one will be created.
481156 [http-nio-8080-exec-1] DEBUG o.s.s.w.u.m.AntPathRequestMatcher - Request 'GET /bootstrap/css/bootstrap.css' doesn't match 'POST /logout
481156 [http-nio-8080-exec-1] DEBUG o.s.security.web.FilterChainProxy - /bootstrap/css/bootstrap.css at position 6 of 12 in additional filter chain; firing Filter: 'UsernamePasswordAuthenticationFilter'
481156 [http-nio-8080-exec-1] DEBUG o.s.s.w.u.m.AntPathRequestMatcher - Request 'GET /bootstrap/css/bootstrap.css' doesn't match 'POST /login
481156 [http-nio-8080-exec-3] DEBUG o.s.security.web.FilterChainProxy - /bootstrap/js/bootstrap.js at position 5 of 12 in additional filter chain; firing Filter: 'LogoutFilter'
481156 [http-nio-8080-exec-5] DEBUG o.s.security.web.FilterChainProxy - /jquery/jquery-2.1.3.js at position 3 of 12 in additional filter chain; firing Filter: 'HeaderWriterFilter'
481156 [http-nio-8080-exec-1] DEBUG o.s.security.web.FilterChainProxy - /bootstrap/css/bootstrap.css at position 7 of 12 in additional filter chain; firing Filter: 'RequestCacheAwareFilter'
481156 [http-nio-8080-exec-5] DEBUG o.s.s.w.h.writers.HstsHeaderWriter - Not injecting HSTS header since it did not match the requestMatcher org.springframework.security.web.header.writers.HstsHeaderWriter$SecureRequestMatcher@6fc0c7e1
481156 [http-nio-8080-exec-5] DEBUG o.s.security.web.FilterChainProxy - /jquery/jquery-2.1.3.js at position 4 of 12 in additional filter chain; firing Filter: 'CsrfFilter'
481156 [http-nio-8080-exec-3] DEBUG o.s.s.w.u.m.AntPathRequestMatcher - Request 'GET /bootstrap/js/bootstrap.js' doesn't match 'POST /logout
481156 [http-nio-8080-exec-3] DEBUG o.s.security.web.FilterChainProxy - /bootstrap/js/bootstrap.js at position 6 of 12 in additional filter chain; firing Filter: 'UsernamePasswordAuthenticationFilter'
481156 [http-nio-8080-exec-3] DEBUG o.s.s.w.u.m.AntPathRequestMatcher - Request 'GET /bootstrap/js/bootstrap.js' doesn't match 'POST /login
481156 [http-nio-8080-exec-3] DEBUG o.s.security.web.FilterChainProxy - /bootstrap/js/bootstrap.js at position 7 of 12 in additional filter chain; firing Filter: 'RequestCacheAwareFilter'
481156 [http-nio-8080-exec-1] DEBUG o.s.s.w.s.DefaultSavedRequest - pathInfo: both null (property equals)
481156 [http-nio-8080-exec-5] DEBUG o.s.security.web.FilterChainProxy - /jquery/jquery-2.1.3.js at position 5 of 12 in additional filter chain; firing Filter: 'LogoutFilter'
481156 [http-nio-8080-exec-3] DEBUG o.s.s.w.s.DefaultSavedRequest - pathInfo: both null (property equals)
481158 [http-nio-8080-exec-1] DEBUG o.s.s.w.s.DefaultSavedRequest - queryString: both null (property equals)
481158 [http-nio-8080-exec-5] DEBUG o.s.s.w.u.m.AntPathRequestMatcher - Request 'GET /jquery/jquery-2.1.3.js' doesn't match 'POST /logout
481158 [http-nio-8080-exec-3] DEBUG o.s.s.w.s.DefaultSavedRequest - queryString: both null (property equals)
481158 [http-nio-8080-exec-1] DEBUG o.s.s.w.s.DefaultSavedRequest - requestURI: arg1=/; arg2=/bootstrap/css/bootstrap.css (property not equals)
481158 [http-nio-8080-exec-1] DEBUG o.s.s.w.s.HttpSessionRequestCache - saved request doesn't match
481158 [http-nio-8080-exec-5] DEBUG o.s.security.web.FilterChainProxy - /jquery/jquery-2.1.3.js at position 6 of 12 in additional filter chain; firing Filter: 'UsernamePasswordAuthenticationFilter'
481158 [http-nio-8080-exec-3] DEBUG o.s.s.w.s.DefaultSavedRequest - requestURI: arg1=/; arg2=/bootstrap/js/bootstrap.js (property not equals)
481158 [http-nio-8080-exec-5] DEBUG o.s.s.w.u.m.AntPathRequestMatcher - Request 'GET /jquery/jquery-2.1.3.js' doesn't match 'POST /login
481158 [http-nio-8080-exec-3] DEBUG o.s.s.w.s.HttpSessionRequestCache - saved request doesn't match
481158 [http-nio-8080-exec-1] DEBUG o.s.security.web.FilterChainProxy - /bootstrap/css/bootstrap.css at position 8 of 12 in additional filter chain; firing Filter: 'SecurityContextHolderAwareRequestFilter'
481158 [http-nio-8080-exec-5] DEBUG o.s.security.web.FilterChainProxy - /jquery/jquery-2.1.3.js at position 7 of 12 in additional filter chain; firing Filter: 'RequestCacheAwareFilter'
481158 [http-nio-8080-exec-3] DEBUG o.s.security.web.FilterChainProxy - /bootstrap/js/bootstrap.js at position 8 of 12 in additional filter chain; firing Filter: 'SecurityContextHolderAwareRequestFilter'
481158 [http-nio-8080-exec-5] DEBUG o.s.s.w.s.DefaultSavedRequest - pathInfo: both null (property equals)
481158 [http-nio-8080-exec-5] DEBUG o.s.s.w.s.DefaultSavedRequest - queryString: both null (property equals)
481158 [http-nio-8080-exec-1] DEBUG o.s.security.web.FilterChainProxy - /bootstrap/css/bootstrap.css at position 9 of 12 in additional filter chain; firing Filter: 'AnonymousAuthenticationFilter'
481158 [http-nio-8080-exec-3] DEBUG o.s.security.web.FilterChainProxy - /bootstrap/js/bootstrap.js at position 9 of 12 in additional filter chain; firing Filter: 'AnonymousAuthenticationFilter'
481158 [http-nio-8080-exec-5] DEBUG o.s.s.w.s.DefaultSavedRequest - requestURI: arg1=/; arg2=/jquery/jquery-2.1.3.js (property not equals)
481158 [http-nio-8080-exec-1] DEBUG o.s.s.w.a.AnonymousAuthenticationFilter - Populated SecurityContextHolder with anonymous token: 'org.springframework.security.authentication.AnonymousAuthenticationToken@6faeba70: Principal: anonymousUser; Credentials: [PROTECTED]; Authenticated: true; Details: org.springframework.security.web.authentication.WebAuthenticationDetails@fffbcba8: RemoteIpAddress: 0:0:0:0:0:0:0:1; SessionId: 3804353C2C2C151F407CA4B277564A11; Granted Authorities: ROLE_ANONYMOUS'
481158 [http-nio-8080-exec-3] DEBUG o.s.s.w.a.AnonymousAuthenticationFilter - Populated SecurityContextHolder with anonymous token: 'org.springframework.security.authentication.AnonymousAuthenticationToken@6faeba70: Principal: anonymousUser; Credentials: [PROTECTED]; Authenticated: true; Details: org.springframework.security.web.authentication.WebAuthenticationDetails@fffbcba8: RemoteIpAddress: 0:0:0:0:0:0:0:1; SessionId: 3804353C2C2C151F407CA4B277564A11; Granted Authorities: ROLE_ANONYMOUS'
481158 [http-nio-8080-exec-1] DEBUG o.s.security.web.FilterChainProxy - /bootstrap/css/bootstrap.css at position 10 of 12 in additional filter chain; firing Filter: 'SessionManagementFilter'
481158 [http-nio-8080-exec-3] DEBUG o.s.security.web.FilterChainProxy - /bootstrap/js/bootstrap.js at position 10 of 12 in additional filter chain; firing Filter: 'SessionManagementFilter'
481158 [http-nio-8080-exec-5] DEBUG o.s.s.w.s.HttpSessionRequestCache - saved request doesn't match
481158 [http-nio-8080-exec-1] DEBUG o.s.security.web.FilterChainProxy - /bootstrap/css/bootstrap.css at position 11 of 12 in additional filter chain; firing Filter: 'ExceptionTranslationFilter'
481158 [http-nio-8080-exec-3] DEBUG o.s.security.web.FilterChainProxy - /bootstrap/js/bootstrap.js at position 11 of 12 in additional filter chain; firing Filter: 'ExceptionTranslationFilter'
481158 [http-nio-8080-exec-3] DEBUG o.s.security.web.FilterChainProxy - /bootstrap/js/bootstrap.js at position 12 of 12 in additional filter chain; firing Filter: 'FilterSecurityInterceptor'
481158 [http-nio-8080-exec-5] DEBUG o.s.security.web.FilterChainProxy - /jquery/jquery-2.1.3.js at position 8 of 12 in additional filter chain; firing Filter: 'SecurityContextHolderAwareRequestFilter'
481158 [http-nio-8080-exec-3] DEBUG o.s.s.w.u.m.AntPathRequestMatcher - Request 'GET /bootstrap/js/bootstrap.js' doesn't match 'POST /logout
481158 [http-nio-8080-exec-1] DEBUG o.s.security.web.FilterChainProxy - /bootstrap/css/bootstrap.css at position 12 of 12 in additional filter chain; firing Filter: 'FilterSecurityInterceptor'
481158 [http-nio-8080-exec-1] DEBUG o.s.s.w.u.m.AntPathRequestMatcher - Request 'GET /bootstrap/css/bootstrap.css' doesn't match 'POST /logout
481158 [http-nio-8080-exec-1] DEBUG o.s.s.w.u.m.AntPathRequestMatcher - Checking match of request : '/bootstrap/css/bootstrap.css'; against '/bootstrap/**'
481158 [http-nio-8080-exec-5] DEBUG o.s.security.web.FilterChainProxy - /jquery/jquery-2.1.3.js at position 9 of 12 in additional filter chain; firing Filter: 'AnonymousAuthenticationFilter'
481158 [http-nio-8080-exec-3] DEBUG o.s.s.w.u.m.AntPathRequestMatcher - Checking match of request : '/bootstrap/js/bootstrap.js'; against '/bootstrap/**'
481158 [http-nio-8080-exec-1] DEBUG o.s.s.w.a.i.FilterSecurityInterceptor - Secure object: FilterInvocation: URL: /bootstrap/css/bootstrap.css; Attributes: [permitAll]
481158 [http-nio-8080-exec-3] DEBUG o.s.s.w.a.i.FilterSecurityInterceptor - Secure object: FilterInvocation: URL: /bootstrap/js/bootstrap.js; Attributes: [permitAll]
481158 [http-nio-8080-exec-5] DEBUG o.s.s.w.a.AnonymousAuthenticationFilter - Populated SecurityContextHolder with anonymous token: 'org.springframework.security.authentication.AnonymousAuthenticationToken@6faeba70: Principal: anonymousUser; Credentials: [PROTECTED]; Authenticated: true; Details: org.springframework.security.web.authentication.WebAuthenticationDetails@fffbcba8: RemoteIpAddress: 0:0:0:0:0:0:0:1; SessionId: 3804353C2C2C151F407CA4B277564A11; Granted Authorities: ROLE_ANONYMOUS'
481158 [http-nio-8080-exec-1] DEBUG o.s.s.w.a.i.FilterSecurityInterceptor - Previously Authenticated: org.springframework.security.authentication.AnonymousAuthenticationToken@6faeba70: Principal: anonymousUser; Credentials: [PROTECTED]; Authenticated: true; Details: org.springframework.security.web.authentication.WebAuthenticationDetails@fffbcba8: RemoteIpAddress: 0:0:0:0:0:0:0:1; SessionId: 3804353C2C2C151F407CA4B277564A11; Granted Authorities: ROLE_ANONYMOUS
481159 [http-nio-8080-exec-3] DEBUG o.s.s.w.a.i.FilterSecurityInterceptor - Previously Authenticated: org.springframework.security.authentication.AnonymousAuthenticationToken@6faeba70: Principal: anonymousUser; Credentials: [PROTECTED]; Authenticated: true; Details: org.springframework.security.web.authentication.WebAuthenticationDetails@fffbcba8: RemoteIpAddress: 0:0:0:0:0:0:0:1; SessionId: 3804353C2C2C151F407CA4B277564A11; Granted Authorities: ROLE_ANONYMOUS
481159 [http-nio-8080-exec-5] DEBUG o.s.security.web.FilterChainProxy - /jquery/jquery-2.1.3.js at position 10 of 12 in additional filter chain; firing Filter: 'SessionManagementFilter'
481159 [http-nio-8080-exec-5] DEBUG o.s.security.web.FilterChainProxy - /jquery/jquery-2.1.3.js at position 11 of 12 in additional filter chain; firing Filter: 'ExceptionTranslationFilter'
481159 [http-nio-8080-exec-5] DEBUG o.s.security.web.FilterChainProxy - /jquery/jquery-2.1.3.js at position 12 of 12 in additional filter chain; firing Filter: 'FilterSecurityInterceptor'
481159 [http-nio-8080-exec-5] DEBUG o.s.s.w.u.m.AntPathRequestMatcher - Request 'GET /jquery/jquery-2.1.3.js' doesn't match 'POST /logout
481159 [http-nio-8080-exec-5] DEBUG o.s.s.w.u.m.AntPathRequestMatcher - Checking match of request : '/jquery/jquery-2.1.3.js'; against '/bootstrap/**'
481159 [http-nio-8080-exec-5] DEBUG o.s.s.w.u.m.AntPathRequestMatcher - Checking match of request : '/jquery/jquery-2.1.3.js'; against '/error/**'
481159 [http-nio-8080-exec-5] DEBUG o.s.s.w.u.m.AntPathRequestMatcher - Checking match of request : '/jquery/jquery-2.1.3.js'; against '/img/**'
481159 [http-nio-8080-exec-5] DEBUG o.s.s.w.u.m.AntPathRequestMatcher - Checking match of request : '/jquery/jquery-2.1.3.js'; against '/jquery/**'
481159 [http-nio-8080-exec-1] DEBUG o.s.s.access.vote.AffirmativeBased - Voter: org.springframework.security.web.access.expression.WebExpressionVoter@2ac2547d, returned: 1
481159 [http-nio-8080-exec-3] DEBUG o.s.s.access.vote.AffirmativeBased - Voter: org.springframework.security.web.access.expression.WebExpressionVoter@2ac2547d, returned: 1
481159 [http-nio-8080-exec-5] DEBUG o.s.s.w.a.i.FilterSecurityInterceptor - Secure object: FilterInvocation: URL: /jquery/jquery-2.1.3.js; Attributes: [permitAll]
481159 [http-nio-8080-exec-1] DEBUG o.s.s.w.a.i.FilterSecurityInterceptor - Authorization successful
481159 [http-nio-8080-exec-3] DEBUG o.s.s.w.a.i.FilterSecurityInterceptor - Authorization successful
481159 [http-nio-8080-exec-1] DEBUG o.s.s.w.a.i.FilterSecurityInterceptor - RunAsManager did not change Authentication object
481159 [http-nio-8080-exec-3] DEBUG o.s.s.w.a.i.FilterSecurityInterceptor - RunAsManager did not change Authentication object
481159 [http-nio-8080-exec-5] DEBUG o.s.s.w.a.i.FilterSecurityInterceptor - Previously Authenticated: org.springframework.security.authentication.AnonymousAuthenticationToken@6faeba70: Principal: anonymousUser; Credentials: [PROTECTED]; Authenticated: true; Details: org.springframework.security.web.authentication.WebAuthenticationDetails@fffbcba8: RemoteIpAddress: 0:0:0:0:0:0:0:1; SessionId: 3804353C2C2C151F407CA4B277564A11; Granted Authorities: ROLE_ANONYMOUS
481159 [http-nio-8080-exec-1] DEBUG o.s.security.web.FilterChainProxy - /bootstrap/css/bootstrap.css reached end of additional filter chain; proceeding with original chain
481159 [http-nio-8080-exec-3] DEBUG o.s.security.web.FilterChainProxy - /bootstrap/js/bootstrap.js reached end of additional filter chain; proceeding with original chain
481159 [http-nio-8080-exec-5] DEBUG o.s.s.access.vote.AffirmativeBased - Voter: org.springframework.security.web.access.expression.WebExpressionVoter@2ac2547d, returned: 1
481159 [http-nio-8080-exec-5] DEBUG o.s.s.w.a.i.FilterSecurityInterceptor - Authorization successful
481159 [http-nio-8080-exec-5] DEBUG o.s.s.w.a.i.FilterSecurityInterceptor - RunAsManager did not change Authentication object
481159 [http-nio-8080-exec-5] DEBUG o.s.security.web.FilterChainProxy - /jquery/jquery-2.1.3.js reached end of additional filter chain; proceeding with original chain
481161 [http-nio-8080-exec-3] DEBUG o.s.s.w.c.HttpSessionSecurityContextRepository - SecurityContext is empty or contents are anonymous - context will not be stored in HttpSession.
481161 [http-nio-8080-exec-5] DEBUG o.s.s.w.c.HttpSessionSecurityContextRepository - SecurityContext is empty or contents are anonymous - context will not be stored in HttpSession.
481161 [http-nio-8080-exec-1] DEBUG o.s.s.w.c.HttpSessionSecurityContextRepository - SecurityContext is empty or contents are anonymous - context will not be stored in HttpSession.
481163 [http-nio-8080-exec-3] DEBUG o.s.s.w.a.ExceptionTranslationFilter - Chain processed normally
481163 [http-nio-8080-exec-3] DEBUG o.s.s.w.c.SecurityContextPersistenceFilter - SecurityContextHolder now cleared, as request processing completed
481164 [http-nio-8080-exec-5] DEBUG o.s.s.w.a.ExceptionTranslationFilter - Chain processed normally
481164 [http-nio-8080-exec-5] DEBUG o.s.s.w.c.SecurityContextPersistenceFilter - SecurityContextHolder now cleared, as request processing completed
481166 [http-nio-8080-exec-1] DEBUG o.s.s.w.a.ExceptionTranslationFilter - Chain processed normally
481166 [http-nio-8080-exec-1] DEBUG o.s.s.w.c.SecurityContextPersistenceFilter - SecurityContextHolder now cleared, as request processing completed
536158 [Thread-44] WARN  o.s.b.f.s.DisposableBeanAdapter - Invocation of destroy method failed on bean with name 'classPathFileSystemWatcher': java.lang.NullPointerException
537926 [restartedMain] DEBUG o.s.s.c.a.a.c.AuthenticationConfiguration$EnableGlobalAuthenticationAutowiredConfigurer - Eagerly initializing {org.springframework.boot.autoconfigure.security.SpringBootWebSecurityConfiguration=org.springframework.boot.autoconfigure.security.SpringBootWebSecurityConfiguration$$EnhancerBySpringCGLIB$$47aa4518@49bb0b2}
537934 [restartedMain] INFO  o.s.s.w.DefaultSecurityFilterChain - Creating filter chain: OrRequestMatcher [requestMatchers=[Ant [pattern='/css/**'], Ant [pattern='/js/**'], Ant [pattern='/images/**'], Ant [pattern='/webjars/**'], Ant [pattern='/**/favicon.ico'], Ant [pattern='/error']]], []
537939 [restartedMain] DEBUG o.s.s.w.a.e.ExpressionBasedFilterInvocationSecurityMetadataSource - Adding web access control expression 'permitAll', for ExactUrl [processUrl='/login?error']
537939 [restartedMain] DEBUG o.s.s.w.a.e.ExpressionBasedFilterInvocationSecurityMetadataSource - Adding web access control expression 'permitAll', for ExactUrl [processUrl='/login']
537939 [restartedMain] DEBUG o.s.s.w.a.e.ExpressionBasedFilterInvocationSecurityMetadataSource - Adding web access control expression 'permitAll', for ExactUrl [processUrl='/login']
537939 [restartedMain] DEBUG o.s.s.w.a.e.ExpressionBasedFilterInvocationSecurityMetadataSource - Adding web access control expression 'permitAll', for Ant [pattern='/logout', POST]
537939 [restartedMain] DEBUG o.s.s.w.a.e.ExpressionBasedFilterInvocationSecurityMetadataSource - Adding web access control expression 'permitAll', for ExactUrl [processUrl='/login?logout']
537939 [restartedMain] DEBUG o.s.s.w.a.e.ExpressionBasedFilterInvocationSecurityMetadataSource - Adding web access control expression 'permitAll', for Ant [pattern='/bootstrap/**']
537939 [restartedMain] DEBUG o.s.s.w.a.e.ExpressionBasedFilterInvocationSecurityMetadataSource - Adding web access control expression 'permitAll', for Ant [pattern='/error/**']
537939 [restartedMain] DEBUG o.s.s.w.a.e.ExpressionBasedFilterInvocationSecurityMetadataSource - Adding web access control expression 'permitAll', for Ant [pattern='/img/**']
537939 [restartedMain] DEBUG o.s.s.w.a.e.ExpressionBasedFilterInvocationSecurityMetadataSource - Adding web access control expression 'permitAll', for Ant [pattern='/jquery/**']
537939 [restartedMain] DEBUG o.s.s.w.a.e.ExpressionBasedFilterInvocationSecurityMetadataSource - Adding web access control expression 'permitAll', for Ant [pattern='/index.html']
537939 [restartedMain] DEBUG o.s.s.w.a.e.ExpressionBasedFilterInvocationSecurityMetadataSource - Adding web access control expression 'permitAll', for Ant [pattern='/temp']
537940 [restartedMain] DEBUG o.s.s.w.a.e.ExpressionBasedFilterInvocationSecurityMetadataSource - Adding web access control expression 'permitAll', for Ant [pattern='/temp.ftl']
537940 [restartedMain] DEBUG o.s.s.w.a.e.ExpressionBasedFilterInvocationSecurityMetadataSource - Adding web access control expression 'authenticated', for org.springframework.security.web.util.matcher.AnyRequestMatcher@1
537940 [restartedMain] DEBUG o.s.s.w.a.i.FilterSecurityInterceptor - Validated configuration attributes
537940 [restartedMain] DEBUG o.s.s.w.a.i.FilterSecurityInterceptor - Validated configuration attributes
537943 [restartedMain] INFO  o.s.s.w.DefaultSecurityFilterChain - Creating filter chain: org.springframework.security.web.util.matcher.AnyRequestMatcher@1, [org.springframework.security.web.context.request.async.WebAsyncManagerIntegrationFilter@1a1f301d, org.springframework.security.web.context.SecurityContextPersistenceFilter@1cfd4670, org.springframework.security.web.header.HeaderWriterFilter@1c15252e, org.springframework.security.web.csrf.CsrfFilter@40eff435, org.springframework.security.web.authentication.logout.LogoutFilter@9f760a2, org.springframework.security.web.authentication.UsernamePasswordAuthenticationFilter@70fb9e72, org.springframework.security.web.savedrequest.RequestCacheAwareFilter@7d300010, org.springframework.security.web.servletapi.SecurityContextHolderAwareRequestFilter@48b966cd, org.springframework.security.web.authentication.AnonymousAuthenticationFilter@3f8e5f23, org.springframework.security.web.session.SessionManagementFilter@238c5068, org.springframework.security.web.access.ExceptionTranslationFilter@43645916, org.springframework.security.web.access.intercept.FilterSecurityInterceptor@5bda8c20]
537945 [restartedMain] DEBUG o.s.s.w.a.e.ExpressionBasedFilterInvocationSecurityMetadataSource - Adding web access control expression 'hasAnyRole('ROLE_USER')', for org.springframework.security.web.util.matcher.AnyRequestMatcher@1
537945 [restartedMain] DEBUG o.s.s.w.a.i.FilterSecurityInterceptor - Validated configuration attributes
537945 [restartedMain] DEBUG o.s.s.w.a.i.FilterSecurityInterceptor - Validated configuration attributes
537945 [restartedMain] INFO  o.s.s.w.DefaultSecurityFilterChain - Creating filter chain: OrRequestMatcher [requestMatchers=[Ant [pattern='/**']]], [org.springframework.security.web.context.request.async.WebAsyncManagerIntegrationFilter@4cdaadfc, org.springframework.security.web.context.SecurityContextPersistenceFilter@459c6ec, org.springframework.security.web.header.HeaderWriterFilter@22295331, org.springframework.security.web.authentication.logout.LogoutFilter@2ada448c, org.springframework.security.web.authentication.www.BasicAuthenticationFilter@60fe899d, org.springframework.security.web.savedrequest.RequestCacheAwareFilter@7bde553e, org.springframework.security.web.servletapi.SecurityContextHolderAwareRequestFilter@130631af, org.springframework.security.web.authentication.AnonymousAuthenticationFilter@4bb23bc8, org.springframework.security.web.session.SessionManagementFilter@21331ad1, org.springframework.security.web.access.ExceptionTranslationFilter@5025eba2, org.springframework.security.web.access.intercept.FilterSecurityInterceptor@27899e8b]
538289 [http-nio-8080-exec-1] DEBUG o.s.s.w.u.matcher.OrRequestMatcher - Trying to match using Ant [pattern='/css/**']
538290 [http-nio-8080-exec-1] DEBUG o.s.s.w.u.m.AntPathRequestMatcher - Checking match of request : '/login'; against '/css/**'
538290 [http-nio-8080-exec-1] DEBUG o.s.s.w.u.matcher.OrRequestMatcher - Trying to match using Ant [pattern='/js/**']
538290 [http-nio-8080-exec-1] DEBUG o.s.s.w.u.m.AntPathRequestMatcher - Checking match of request : '/login'; against '/js/**'
538290 [http-nio-8080-exec-1] DEBUG o.s.s.w.u.matcher.OrRequestMatcher - Trying to match using Ant [pattern='/images/**']
538290 [http-nio-8080-exec-1] DEBUG o.s.s.w.u.m.AntPathRequestMatcher - Checking match of request : '/login'; against '/images/**'
538290 [http-nio-8080-exec-1] DEBUG o.s.s.w.u.matcher.OrRequestMatcher - Trying to match using Ant [pattern='/webjars/**']
538290 [http-nio-8080-exec-1] DEBUG o.s.s.w.u.m.AntPathRequestMatcher - Checking match of request : '/login'; against '/webjars/**'
538290 [http-nio-8080-exec-1] DEBUG o.s.s.w.u.matcher.OrRequestMatcher - Trying to match using Ant [pattern='/**/favicon.ico']
538290 [http-nio-8080-exec-1] DEBUG o.s.s.w.u.m.AntPathRequestMatcher - Checking match of request : '/login'; against '/**/favicon.ico'
538290 [http-nio-8080-exec-1] DEBUG o.s.s.w.u.matcher.OrRequestMatcher - Trying to match using Ant [pattern='/error']
538290 [http-nio-8080-exec-1] DEBUG o.s.s.w.u.m.AntPathRequestMatcher - Checking match of request : '/login'; against '/error'
538290 [http-nio-8080-exec-1] DEBUG o.s.s.w.u.matcher.OrRequestMatcher - No matches found
538290 [http-nio-8080-exec-1] DEBUG o.s.security.web.FilterChainProxy - /login at position 1 of 12 in additional filter chain; firing Filter: 'WebAsyncManagerIntegrationFilter'
538290 [http-nio-8080-exec-1] DEBUG o.s.security.web.FilterChainProxy - /login at position 2 of 12 in additional filter chain; firing Filter: 'SecurityContextPersistenceFilter'
538290 [http-nio-8080-exec-1] DEBUG o.s.s.w.c.HttpSessionSecurityContextRepository - HttpSession returned null object for SPRING_SECURITY_CONTEXT
538291 [http-nio-8080-exec-1] DEBUG o.s.s.w.c.HttpSessionSecurityContextRepository - No SecurityContext was available from the HttpSession: org.apache.catalina.session.StandardSessionFacade@6e527ce1. A new one will be created.
538291 [http-nio-8080-exec-1] DEBUG o.s.security.web.FilterChainProxy - /login at position 3 of 12 in additional filter chain; firing Filter: 'HeaderWriterFilter'
538291 [http-nio-8080-exec-1] DEBUG o.s.s.w.h.writers.HstsHeaderWriter - Not injecting HSTS header since it did not match the requestMatcher org.springframework.security.web.header.writers.HstsHeaderWriter$SecureRequestMatcher@6a6df5f3
538291 [http-nio-8080-exec-1] DEBUG o.s.security.web.FilterChainProxy - /login at position 4 of 12 in additional filter chain; firing Filter: 'CsrfFilter'
538291 [http-nio-8080-exec-1] DEBUG o.s.security.web.FilterChainProxy - /login at position 5 of 12 in additional filter chain; firing Filter: 'LogoutFilter'
538291 [http-nio-8080-exec-1] DEBUG o.s.s.w.u.m.AntPathRequestMatcher - Request 'GET /login' doesn't match 'POST /logout
538291 [http-nio-8080-exec-1] DEBUG o.s.security.web.FilterChainProxy - /login at position 6 of 12 in additional filter chain; firing Filter: 'UsernamePasswordAuthenticationFilter'
538291 [http-nio-8080-exec-1] DEBUG o.s.s.w.u.m.AntPathRequestMatcher - Request 'GET /login' doesn't match 'POST /login
538291 [http-nio-8080-exec-1] DEBUG o.s.security.web.FilterChainProxy - /login at position 7 of 12 in additional filter chain; firing Filter: 'RequestCacheAwareFilter'
538291 [http-nio-8080-exec-1] DEBUG o.s.s.w.s.DefaultSavedRequest - pathInfo: both null (property equals)
538291 [http-nio-8080-exec-1] DEBUG o.s.s.w.s.DefaultSavedRequest - queryString: both null (property equals)
538291 [http-nio-8080-exec-1] DEBUG o.s.s.w.s.DefaultSavedRequest - requestURI: arg1=/; arg2=/login (property not equals)
538295 [http-nio-8080-exec-1] DEBUG o.s.s.w.s.HttpSessionRequestCache - saved request doesn't match
538295 [http-nio-8080-exec-1] DEBUG o.s.security.web.FilterChainProxy - /login at position 8 of 12 in additional filter chain; firing Filter: 'SecurityContextHolderAwareRequestFilter'
538295 [http-nio-8080-exec-1] DEBUG o.s.security.web.FilterChainProxy - /login at position 9 of 12 in additional filter chain; firing Filter: 'AnonymousAuthenticationFilter'
538295 [http-nio-8080-exec-1] DEBUG o.s.s.w.a.AnonymousAuthenticationFilter - Populated SecurityContextHolder with anonymous token: 'org.springframework.security.authentication.AnonymousAuthenticationToken@6faeba70: Principal: anonymousUser; Credentials: [PROTECTED]; Authenticated: true; Details: org.springframework.security.web.authentication.WebAuthenticationDetails@fffbcba8: RemoteIpAddress: 0:0:0:0:0:0:0:1; SessionId: 3804353C2C2C151F407CA4B277564A11; Granted Authorities: ROLE_ANONYMOUS'
538295 [http-nio-8080-exec-1] DEBUG o.s.security.web.FilterChainProxy - /login at position 10 of 12 in additional filter chain; firing Filter: 'SessionManagementFilter'
538295 [http-nio-8080-exec-1] DEBUG o.s.security.web.FilterChainProxy - /login at position 11 of 12 in additional filter chain; firing Filter: 'ExceptionTranslationFilter'
538295 [http-nio-8080-exec-1] DEBUG o.s.security.web.FilterChainProxy - /login at position 12 of 12 in additional filter chain; firing Filter: 'FilterSecurityInterceptor'
538295 [http-nio-8080-exec-1] DEBUG o.s.s.w.a.i.FilterSecurityInterceptor - Secure object: FilterInvocation: URL: /login; Attributes: [permitAll]
538295 [http-nio-8080-exec-1] DEBUG o.s.s.w.a.i.FilterSecurityInterceptor - Previously Authenticated: org.springframework.security.authentication.AnonymousAuthenticationToken@6faeba70: Principal: anonymousUser; Credentials: [PROTECTED]; Authenticated: true; Details: org.springframework.security.web.authentication.WebAuthenticationDetails@fffbcba8: RemoteIpAddress: 0:0:0:0:0:0:0:1; SessionId: 3804353C2C2C151F407CA4B277564A11; Granted Authorities: ROLE_ANONYMOUS
538295 [http-nio-8080-exec-1] DEBUG o.s.s.access.vote.AffirmativeBased - Voter: org.springframework.security.web.access.expression.WebExpressionVoter@2f6f76da, returned: 1
538295 [http-nio-8080-exec-1] DEBUG o.s.s.w.a.i.FilterSecurityInterceptor - Authorization successful
538295 [http-nio-8080-exec-1] DEBUG o.s.s.w.a.i.FilterSecurityInterceptor - RunAsManager did not change Authentication object
538295 [http-nio-8080-exec-1] DEBUG o.s.security.web.FilterChainProxy - /login reached end of additional filter chain; proceeding with original chain
538303 [http-nio-8080-exec-1] DEBUG o.s.s.w.c.HttpSessionSecurityContextRepository - SecurityContext is empty or contents are anonymous - context will not be stored in HttpSession.
538304 [http-nio-8080-exec-1] DEBUG o.s.s.w.a.ExceptionTranslationFilter - Chain processed normally
538305 [http-nio-8080-exec-1] DEBUG o.s.s.w.c.SecurityContextPersistenceFilter - SecurityContextHolder now cleared, as request processing completed
538315 [http-nio-8080-exec-2] DEBUG o.s.s.w.u.matcher.OrRequestMatcher - Trying to match using Ant [pattern='/css/**']
538315 [http-nio-8080-exec-2] DEBUG o.s.s.w.u.m.AntPathRequestMatcher - Checking match of request : '/bootstrap/css/bootstrap.css'; against '/css/**'
538315 [http-nio-8080-exec-2] DEBUG o.s.s.w.u.matcher.OrRequestMatcher - Trying to match using Ant [pattern='/js/**']
538315 [http-nio-8080-exec-2] DEBUG o.s.s.w.u.m.AntPathRequestMatcher - Checking match of request : '/bootstrap/css/bootstrap.css'; against '/js/**'
538315 [http-nio-8080-exec-2] DEBUG o.s.s.w.u.matcher.OrRequestMatcher - Trying to match using Ant [pattern='/images/**']
538315 [http-nio-8080-exec-2] DEBUG o.s.s.w.u.m.AntPathRequestMatcher - Checking match of request : '/bootstrap/css/bootstrap.css'; against '/images/**'
538315 [http-nio-8080-exec-2] DEBUG o.s.s.w.u.matcher.OrRequestMatcher - Trying to match using Ant [pattern='/webjars/**']
538315 [http-nio-8080-exec-2] DEBUG o.s.s.w.u.m.AntPathRequestMatcher - Checking match of request : '/bootstrap/css/bootstrap.css'; against '/webjars/**'
538315 [http-nio-8080-exec-2] DEBUG o.s.s.w.u.matcher.OrRequestMatcher - Trying to match using Ant [pattern='/**/favicon.ico']
538315 [http-nio-8080-exec-2] DEBUG o.s.s.w.u.m.AntPathRequestMatcher - Checking match of request : '/bootstrap/css/bootstrap.css'; against '/**/favicon.ico'
538315 [http-nio-8080-exec-2] DEBUG o.s.s.w.u.matcher.OrRequestMatcher - Trying to match using Ant [pattern='/error']
538315 [http-nio-8080-exec-2] DEBUG o.s.s.w.u.m.AntPathRequestMatcher - Checking match of request : '/bootstrap/css/bootstrap.css'; against '/error'
538315 [http-nio-8080-exec-2] DEBUG o.s.s.w.u.matcher.OrRequestMatcher - No matches found
538315 [http-nio-8080-exec-2] DEBUG o.s.security.web.FilterChainProxy - /bootstrap/css/bootstrap.css at position 1 of 12 in additional filter chain; firing Filter: 'WebAsyncManagerIntegrationFilter'
538315 [http-nio-8080-exec-2] DEBUG o.s.security.web.FilterChainProxy - /bootstrap/css/bootstrap.css at position 2 of 12 in additional filter chain; firing Filter: 'SecurityContextPersistenceFilter'
538315 [http-nio-8080-exec-2] DEBUG o.s.s.w.c.HttpSessionSecurityContextRepository - HttpSession returned null object for SPRING_SECURITY_CONTEXT
538316 [http-nio-8080-exec-2] DEBUG o.s.s.w.c.HttpSessionSecurityContextRepository - No SecurityContext was available from the HttpSession: org.apache.catalina.session.StandardSessionFacade@6e527ce1. A new one will be created.
538316 [http-nio-8080-exec-2] DEBUG o.s.security.web.FilterChainProxy - /bootstrap/css/bootstrap.css at position 3 of 12 in additional filter chain; firing Filter: 'HeaderWriterFilter'
538316 [http-nio-8080-exec-2] DEBUG o.s.s.w.h.writers.HstsHeaderWriter - Not injecting HSTS header since it did not match the requestMatcher org.springframework.security.web.header.writers.HstsHeaderWriter$SecureRequestMatcher@6a6df5f3
538316 [http-nio-8080-exec-2] DEBUG o.s.security.web.FilterChainProxy - /bootstrap/css/bootstrap.css at position 4 of 12 in additional filter chain; firing Filter: 'CsrfFilter'
538316 [http-nio-8080-exec-2] DEBUG o.s.security.web.FilterChainProxy - /bootstrap/css/bootstrap.css at position 5 of 12 in additional filter chain; firing Filter: 'LogoutFilter'
538316 [http-nio-8080-exec-2] DEBUG o.s.s.w.u.m.AntPathRequestMatcher - Request 'GET /bootstrap/css/bootstrap.css' doesn't match 'POST /logout
538316 [http-nio-8080-exec-2] DEBUG o.s.security.web.FilterChainProxy - /bootstrap/css/bootstrap.css at position 6 of 12 in additional filter chain; firing Filter: 'UsernamePasswordAuthenticationFilter'
538316 [http-nio-8080-exec-2] DEBUG o.s.s.w.u.m.AntPathRequestMatcher - Request 'GET /bootstrap/css/bootstrap.css' doesn't match 'POST /login
538316 [http-nio-8080-exec-2] DEBUG o.s.security.web.FilterChainProxy - /bootstrap/css/bootstrap.css at position 7 of 12 in additional filter chain; firing Filter: 'RequestCacheAwareFilter'
538318 [http-nio-8080-exec-2] DEBUG o.s.s.w.s.DefaultSavedRequest - pathInfo: both null (property equals)
538318 [http-nio-8080-exec-2] DEBUG o.s.s.w.s.DefaultSavedRequest - queryString: both null (property equals)
538318 [http-nio-8080-exec-2] DEBUG o.s.s.w.s.DefaultSavedRequest - requestURI: arg1=/; arg2=/bootstrap/css/bootstrap.css (property not equals)
538318 [http-nio-8080-exec-2] DEBUG o.s.s.w.s.HttpSessionRequestCache - saved request doesn't match
538318 [http-nio-8080-exec-2] DEBUG o.s.security.web.FilterChainProxy - /bootstrap/css/bootstrap.css at position 8 of 12 in additional filter chain; firing Filter: 'SecurityContextHolderAwareRequestFilter'
538318 [http-nio-8080-exec-2] DEBUG o.s.security.web.FilterChainProxy - /bootstrap/css/bootstrap.css at position 9 of 12 in additional filter chain; firing Filter: 'AnonymousAuthenticationFilter'
538318 [http-nio-8080-exec-2] DEBUG o.s.s.w.a.AnonymousAuthenticationFilter - Populated SecurityContextHolder with anonymous token: 'org.springframework.security.authentication.AnonymousAuthenticationToken@6faeba70: Principal: anonymousUser; Credentials: [PROTECTED]; Authenticated: true; Details: org.springframework.security.web.authentication.WebAuthenticationDetails@fffbcba8: RemoteIpAddress: 0:0:0:0:0:0:0:1; SessionId: 3804353C2C2C151F407CA4B277564A11; Granted Authorities: ROLE_ANONYMOUS'
538318 [http-nio-8080-exec-2] DEBUG o.s.security.web.FilterChainProxy - /bootstrap/css/bootstrap.css at position 10 of 12 in additional filter chain; firing Filter: 'SessionManagementFilter'
538318 [http-nio-8080-exec-2] DEBUG o.s.security.web.FilterChainProxy - /bootstrap/css/bootstrap.css at position 11 of 12 in additional filter chain; firing Filter: 'ExceptionTranslationFilter'
538318 [http-nio-8080-exec-2] DEBUG o.s.security.web.FilterChainProxy - /bootstrap/css/bootstrap.css at position 12 of 12 in additional filter chain; firing Filter: 'FilterSecurityInterceptor'
538318 [http-nio-8080-exec-2] DEBUG o.s.s.w.u.m.AntPathRequestMatcher - Request 'GET /bootstrap/css/bootstrap.css' doesn't match 'POST /logout
538318 [http-nio-8080-exec-2] DEBUG o.s.s.w.u.m.AntPathRequestMatcher - Checking match of request : '/bootstrap/css/bootstrap.css'; against '/bootstrap/**'
538318 [http-nio-8080-exec-2] DEBUG o.s.s.w.a.i.FilterSecurityInterceptor - Secure object: FilterInvocation: URL: /bootstrap/css/bootstrap.css; Attributes: [permitAll]
538318 [http-nio-8080-exec-2] DEBUG o.s.s.w.a.i.FilterSecurityInterceptor - Previously Authenticated: org.springframework.security.authentication.AnonymousAuthenticationToken@6faeba70: Principal: anonymousUser; Credentials: [PROTECTED]; Authenticated: true; Details: org.springframework.security.web.authentication.WebAuthenticationDetails@fffbcba8: RemoteIpAddress: 0:0:0:0:0:0:0:1; SessionId: 3804353C2C2C151F407CA4B277564A11; Granted Authorities: ROLE_ANONYMOUS
538318 [http-nio-8080-exec-2] DEBUG o.s.s.access.vote.AffirmativeBased - Voter: org.springframework.security.web.access.expression.WebExpressionVoter@2f6f76da, returned: 1
538318 [http-nio-8080-exec-2] DEBUG o.s.s.w.a.i.FilterSecurityInterceptor - Authorization successful
538318 [http-nio-8080-exec-2] DEBUG o.s.s.w.a.i.FilterSecurityInterceptor - RunAsManager did not change Authentication object
538318 [http-nio-8080-exec-2] DEBUG o.s.security.web.FilterChainProxy - /bootstrap/css/bootstrap.css reached end of additional filter chain; proceeding with original chain
538320 [http-nio-8080-exec-2] DEBUG o.s.s.w.c.HttpSessionSecurityContextRepository - SecurityContext is empty or contents are anonymous - context will not be stored in HttpSession.
538323 [http-nio-8080-exec-2] DEBUG o.s.s.w.a.ExceptionTranslationFilter - Chain processed normally
538323 [http-nio-8080-exec-2] DEBUG o.s.s.w.c.SecurityContextPersistenceFilter - SecurityContextHolder now cleared, as request processing completed
538324 [http-nio-8080-exec-2] DEBUG o.s.s.w.u.matcher.OrRequestMatcher - Trying to match using Ant [pattern='/css/**']
538324 [http-nio-8080-exec-2] DEBUG o.s.s.w.u.m.AntPathRequestMatcher - Checking match of request : '/jquery/jquery-2.1.3.js'; against '/css/**'
538324 [http-nio-8080-exec-2] DEBUG o.s.s.w.u.matcher.OrRequestMatcher - Trying to match using Ant [pattern='/js/**']
538324 [http-nio-8080-exec-2] DEBUG o.s.s.w.u.m.AntPathRequestMatcher - Checking match of request : '/jquery/jquery-2.1.3.js'; against '/js/**'
538324 [http-nio-8080-exec-2] DEBUG o.s.s.w.u.matcher.OrRequestMatcher - Trying to match using Ant [pattern='/images/**']
538324 [http-nio-8080-exec-2] DEBUG o.s.s.w.u.m.AntPathRequestMatcher - Checking match of request : '/jquery/jquery-2.1.3.js'; against '/images/**'
538324 [http-nio-8080-exec-2] DEBUG o.s.s.w.u.matcher.OrRequestMatcher - Trying to match using Ant [pattern='/webjars/**']
538324 [http-nio-8080-exec-2] DEBUG o.s.s.w.u.m.AntPathRequestMatcher - Checking match of request : '/jquery/jquery-2.1.3.js'; against '/webjars/**'
538324 [http-nio-8080-exec-2] DEBUG o.s.s.w.u.matcher.OrRequestMatcher - Trying to match using Ant [pattern='/**/favicon.ico']
538324 [http-nio-8080-exec-2] DEBUG o.s.s.w.u.m.AntPathRequestMatcher - Checking match of request : '/jquery/jquery-2.1.3.js'; against '/**/favicon.ico'
538324 [http-nio-8080-exec-2] DEBUG o.s.s.w.u.matcher.OrRequestMatcher - Trying to match using Ant [pattern='/error']
538324 [http-nio-8080-exec-2] DEBUG o.s.s.w.u.m.AntPathRequestMatcher - Checking match of request : '/jquery/jquery-2.1.3.js'; against '/error'
538324 [http-nio-8080-exec-2] DEBUG o.s.s.w.u.matcher.OrRequestMatcher - No matches found
538324 [http-nio-8080-exec-2] DEBUG o.s.security.web.FilterChainProxy - /jquery/jquery-2.1.3.js at position 1 of 12 in additional filter chain; firing Filter: 'WebAsyncManagerIntegrationFilter'
538324 [http-nio-8080-exec-2] DEBUG o.s.security.web.FilterChainProxy - /jquery/jquery-2.1.3.js at position 2 of 12 in additional filter chain; firing Filter: 'SecurityContextPersistenceFilter'
538324 [http-nio-8080-exec-2] DEBUG o.s.s.w.c.HttpSessionSecurityContextRepository - HttpSession returned null object for SPRING_SECURITY_CONTEXT
538324 [http-nio-8080-exec-2] DEBUG o.s.s.w.c.HttpSessionSecurityContextRepository - No SecurityContext was available from the HttpSession: org.apache.catalina.session.StandardSessionFacade@6e527ce1. A new one will be created.
538324 [http-nio-8080-exec-2] DEBUG o.s.security.web.FilterChainProxy - /jquery/jquery-2.1.3.js at position 3 of 12 in additional filter chain; firing Filter: 'HeaderWriterFilter'
538324 [http-nio-8080-exec-2] DEBUG o.s.s.w.h.writers.HstsHeaderWriter - Not injecting HSTS header since it did not match the requestMatcher org.springframework.security.web.header.writers.HstsHeaderWriter$SecureRequestMatcher@6a6df5f3
538324 [http-nio-8080-exec-2] DEBUG o.s.security.web.FilterChainProxy - /jquery/jquery-2.1.3.js at position 4 of 12 in additional filter chain; firing Filter: 'CsrfFilter'
538324 [http-nio-8080-exec-2] DEBUG o.s.security.web.FilterChainProxy - /jquery/jquery-2.1.3.js at position 5 of 12 in additional filter chain; firing Filter: 'LogoutFilter'
538324 [http-nio-8080-exec-2] DEBUG o.s.s.w.u.m.AntPathRequestMatcher - Request 'GET /jquery/jquery-2.1.3.js' doesn't match 'POST /logout
538324 [http-nio-8080-exec-2] DEBUG o.s.security.web.FilterChainProxy - /jquery/jquery-2.1.3.js at position 6 of 12 in additional filter chain; firing Filter: 'UsernamePasswordAuthenticationFilter'
538325 [http-nio-8080-exec-2] DEBUG o.s.s.w.u.m.AntPathRequestMatcher - Request 'GET /jquery/jquery-2.1.3.js' doesn't match 'POST /login
538325 [http-nio-8080-exec-2] DEBUG o.s.security.web.FilterChainProxy - /jquery/jquery-2.1.3.js at position 7 of 12 in additional filter chain; firing Filter: 'RequestCacheAwareFilter'
538325 [http-nio-8080-exec-2] DEBUG o.s.s.w.s.DefaultSavedRequest - pathInfo: both null (property equals)
538325 [http-nio-8080-exec-2] DEBUG o.s.s.w.s.DefaultSavedRequest - queryString: both null (property equals)
538325 [http-nio-8080-exec-2] DEBUG o.s.s.w.s.DefaultSavedRequest - requestURI: arg1=/; arg2=/jquery/jquery-2.1.3.js (property not equals)
538325 [http-nio-8080-exec-2] DEBUG o.s.s.w.s.HttpSessionRequestCache - saved request doesn't match
538325 [http-nio-8080-exec-2] DEBUG o.s.security.web.FilterChainProxy - /jquery/jquery-2.1.3.js at position 8 of 12 in additional filter chain; firing Filter: 'SecurityContextHolderAwareRequestFilter'
538325 [http-nio-8080-exec-2] DEBUG o.s.security.web.FilterChainProxy - /jquery/jquery-2.1.3.js at position 9 of 12 in additional filter chain; firing Filter: 'AnonymousAuthenticationFilter'
538325 [http-nio-8080-exec-2] DEBUG o.s.s.w.a.AnonymousAuthenticationFilter - Populated SecurityContextHolder with anonymous token: 'org.springframework.security.authentication.AnonymousAuthenticationToken@6faeba70: Principal: anonymousUser; Credentials: [PROTECTED]; Authenticated: true; Details: org.springframework.security.web.authentication.WebAuthenticationDetails@fffbcba8: RemoteIpAddress: 0:0:0:0:0:0:0:1; SessionId: 3804353C2C2C151F407CA4B277564A11; Granted Authorities: ROLE_ANONYMOUS'
538325 [http-nio-8080-exec-2] DEBUG o.s.security.web.FilterChainProxy - /jquery/jquery-2.1.3.js at position 10 of 12 in additional filter chain; firing Filter: 'SessionManagementFilter'
538325 [http-nio-8080-exec-2] DEBUG o.s.security.web.FilterChainProxy - /jquery/jquery-2.1.3.js at position 11 of 12 in additional filter chain; firing Filter: 'ExceptionTranslationFilter'
538325 [http-nio-8080-exec-2] DEBUG o.s.security.web.FilterChainProxy - /jquery/jquery-2.1.3.js at position 12 of 12 in additional filter chain; firing Filter: 'FilterSecurityInterceptor'
538325 [http-nio-8080-exec-2] DEBUG o.s.s.w.u.m.AntPathRequestMatcher - Request 'GET /jquery/jquery-2.1.3.js' doesn't match 'POST /logout
538325 [http-nio-8080-exec-2] DEBUG o.s.s.w.u.m.AntPathRequestMatcher - Checking match of request : '/jquery/jquery-2.1.3.js'; against '/bootstrap/**'
538325 [http-nio-8080-exec-2] DEBUG o.s.s.w.u.m.AntPathRequestMatcher - Checking match of request : '/jquery/jquery-2.1.3.js'; against '/error/**'
538325 [http-nio-8080-exec-2] DEBUG o.s.s.w.u.m.AntPathRequestMatcher - Checking match of request : '/jquery/jquery-2.1.3.js'; against '/img/**'
538325 [http-nio-8080-exec-2] DEBUG o.s.s.w.u.m.AntPathRequestMatcher - Checking match of request : '/jquery/jquery-2.1.3.js'; against '/jquery/**'
538325 [http-nio-8080-exec-2] DEBUG o.s.s.w.a.i.FilterSecurityInterceptor - Secure object: FilterInvocation: URL: /jquery/jquery-2.1.3.js; Attributes: [permitAll]
538325 [http-nio-8080-exec-2] DEBUG o.s.s.w.a.i.FilterSecurityInterceptor - Previously Authenticated: org.springframework.security.authentication.AnonymousAuthenticationToken@6faeba70: Principal: anonymousUser; Credentials: [PROTECTED]; Authenticated: true; Details: org.springframework.security.web.authentication.WebAuthenticationDetails@fffbcba8: RemoteIpAddress: 0:0:0:0:0:0:0:1; SessionId: 3804353C2C2C151F407CA4B277564A11; Granted Authorities: ROLE_ANONYMOUS
538325 [http-nio-8080-exec-2] DEBUG o.s.s.access.vote.AffirmativeBased - Voter: org.springframework.security.web.access.expression.WebExpressionVoter@2f6f76da, returned: 1
538325 [http-nio-8080-exec-2] DEBUG o.s.s.w.a.i.FilterSecurityInterceptor - Authorization successful
538325 [http-nio-8080-exec-2] DEBUG o.s.s.w.a.i.FilterSecurityInterceptor - RunAsManager did not change Authentication object
538325 [http-nio-8080-exec-2] DEBUG o.s.security.web.FilterChainProxy - /jquery/jquery-2.1.3.js reached end of additional filter chain; proceeding with original chain
538327 [http-nio-8080-exec-2] DEBUG o.s.s.w.c.HttpSessionSecurityContextRepository - SecurityContext is empty or contents are anonymous - context will not be stored in HttpSession.
538332 [http-nio-8080-exec-2] DEBUG o.s.s.w.a.ExceptionTranslationFilter - Chain processed normally
538332 [http-nio-8080-exec-2] DEBUG o.s.s.w.c.SecurityContextPersistenceFilter - SecurityContextHolder now cleared, as request processing completed
538335 [http-nio-8080-exec-2] DEBUG o.s.s.w.u.matcher.OrRequestMatcher - Trying to match using Ant [pattern='/css/**']
538335 [http-nio-8080-exec-2] DEBUG o.s.s.w.u.m.AntPathRequestMatcher - Checking match of request : '/bootstrap/js/bootstrap.js'; against '/css/**'
538335 [http-nio-8080-exec-2] DEBUG o.s.s.w.u.matcher.OrRequestMatcher - Trying to match using Ant [pattern='/js/**']
538335 [http-nio-8080-exec-2] DEBUG o.s.s.w.u.m.AntPathRequestMatcher - Checking match of request : '/bootstrap/js/bootstrap.js'; against '/js/**'
538335 [http-nio-8080-exec-2] DEBUG o.s.s.w.u.matcher.OrRequestMatcher - Trying to match using Ant [pattern='/images/**']
538335 [http-nio-8080-exec-2] DEBUG o.s.s.w.u.m.AntPathRequestMatcher - Checking match of request : '/bootstrap/js/bootstrap.js'; against '/images/**'
538335 [http-nio-8080-exec-2] DEBUG o.s.s.w.u.matcher.OrRequestMatcher - Trying to match using Ant [pattern='/webjars/**']
538335 [http-nio-8080-exec-2] DEBUG o.s.s.w.u.m.AntPathRequestMatcher - Checking match of request : '/bootstrap/js/bootstrap.js'; against '/webjars/**'
538335 [http-nio-8080-exec-2] DEBUG o.s.s.w.u.matcher.OrRequestMatcher - Trying to match using Ant [pattern='/**/favicon.ico']
538335 [http-nio-8080-exec-2] DEBUG o.s.s.w.u.m.AntPathRequestMatcher - Checking match of request : '/bootstrap/js/bootstrap.js'; against '/**/favicon.ico'
538335 [http-nio-8080-exec-2] DEBUG o.s.s.w.u.matcher.OrRequestMatcher - Trying to match using Ant [pattern='/error']
538335 [http-nio-8080-exec-2] DEBUG o.s.s.w.u.m.AntPathRequestMatcher - Checking match of request : '/bootstrap/js/bootstrap.js'; against '/error'
538335 [http-nio-8080-exec-2] DEBUG o.s.s.w.u.matcher.OrRequestMatcher - No matches found
538335 [http-nio-8080-exec-2] DEBUG o.s.security.web.FilterChainProxy - /bootstrap/js/bootstrap.js at position 1 of 12 in additional filter chain; firing Filter: 'WebAsyncManagerIntegrationFilter'
538335 [http-nio-8080-exec-2] DEBUG o.s.security.web.FilterChainProxy - /bootstrap/js/bootstrap.js at position 2 of 12 in additional filter chain; firing Filter: 'SecurityContextPersistenceFilter'
538335 [http-nio-8080-exec-2] DEBUG o.s.s.w.c.HttpSessionSecurityContextRepository - HttpSession returned null object for SPRING_SECURITY_CONTEXT
538335 [http-nio-8080-exec-2] DEBUG o.s.s.w.c.HttpSessionSecurityContextRepository - No SecurityContext was available from the HttpSession: org.apache.catalina.session.StandardSessionFacade@6e527ce1. A new one will be created.
538336 [http-nio-8080-exec-2] DEBUG o.s.security.web.FilterChainProxy - /bootstrap/js/bootstrap.js at position 3 of 12 in additional filter chain; firing Filter: 'HeaderWriterFilter'
538336 [http-nio-8080-exec-2] DEBUG o.s.s.w.h.writers.HstsHeaderWriter - Not injecting HSTS header since it did not match the requestMatcher org.springframework.security.web.header.writers.HstsHeaderWriter$SecureRequestMatcher@6a6df5f3
538336 [http-nio-8080-exec-2] DEBUG o.s.security.web.FilterChainProxy - /bootstrap/js/bootstrap.js at position 4 of 12 in additional filter chain; firing Filter: 'CsrfFilter'
538336 [http-nio-8080-exec-2] DEBUG o.s.security.web.FilterChainProxy - /bootstrap/js/bootstrap.js at position 5 of 12 in additional filter chain; firing Filter: 'LogoutFilter'
538336 [http-nio-8080-exec-2] DEBUG o.s.s.w.u.m.AntPathRequestMatcher - Request 'GET /bootstrap/js/bootstrap.js' doesn't match 'POST /logout
538336 [http-nio-8080-exec-2] DEBUG o.s.security.web.FilterChainProxy - /bootstrap/js/bootstrap.js at position 6 of 12 in additional filter chain; firing Filter: 'UsernamePasswordAuthenticationFilter'
538336 [http-nio-8080-exec-2] DEBUG o.s.s.w.u.m.AntPathRequestMatcher - Request 'GET /bootstrap/js/bootstrap.js' doesn't match 'POST /login
538336 [http-nio-8080-exec-2] DEBUG o.s.security.web.FilterChainProxy - /bootstrap/js/bootstrap.js at position 7 of 12 in additional filter chain; firing Filter: 'RequestCacheAwareFilter'
538336 [http-nio-8080-exec-2] DEBUG o.s.s.w.s.DefaultSavedRequest - pathInfo: both null (property equals)
538336 [http-nio-8080-exec-2] DEBUG o.s.s.w.s.DefaultSavedRequest - queryString: both null (property equals)
538336 [http-nio-8080-exec-2] DEBUG o.s.s.w.s.DefaultSavedRequest - requestURI: arg1=/; arg2=/bootstrap/js/bootstrap.js (property not equals)
538336 [http-nio-8080-exec-2] DEBUG o.s.s.w.s.HttpSessionRequestCache - saved request doesn't match
538336 [http-nio-8080-exec-2] DEBUG o.s.security.web.FilterChainProxy - /bootstrap/js/bootstrap.js at position 8 of 12 in additional filter chain; firing Filter: 'SecurityContextHolderAwareRequestFilter'
538336 [http-nio-8080-exec-2] DEBUG o.s.security.web.FilterChainProxy - /bootstrap/js/bootstrap.js at position 9 of 12 in additional filter chain; firing Filter: 'AnonymousAuthenticationFilter'
538336 [http-nio-8080-exec-2] DEBUG o.s.s.w.a.AnonymousAuthenticationFilter - Populated SecurityContextHolder with anonymous token: 'org.springframework.security.authentication.AnonymousAuthenticationToken@6fa90ed4: Principal: anonymousUser; Credentials: [PROTECTED]; Authenticated: true; Details: org.springframework.security.web.authentication.WebAuthenticationDetails@fffc7f0c: RemoteIpAddress: 127.0.0.1; SessionId: 3804353C2C2C151F407CA4B277564A11; Granted Authorities: ROLE_ANONYMOUS'
538336 [http-nio-8080-exec-2] DEBUG o.s.security.web.FilterChainProxy - /bootstrap/js/bootstrap.js at position 10 of 12 in additional filter chain; firing Filter: 'SessionManagementFilter'
538336 [http-nio-8080-exec-2] DEBUG o.s.security.web.FilterChainProxy - /bootstrap/js/bootstrap.js at position 11 of 12 in additional filter chain; firing Filter: 'ExceptionTranslationFilter'
538336 [http-nio-8080-exec-2] DEBUG o.s.security.web.FilterChainProxy - /bootstrap/js/bootstrap.js at position 12 of 12 in additional filter chain; firing Filter: 'FilterSecurityInterceptor'
538336 [http-nio-8080-exec-2] DEBUG o.s.s.w.u.m.AntPathRequestMatcher - Request 'GET /bootstrap/js/bootstrap.js' doesn't match 'POST /logout
538336 [http-nio-8080-exec-2] DEBUG o.s.s.w.u.m.AntPathRequestMatcher - Checking match of request : '/bootstrap/js/bootstrap.js'; against '/bootstrap/**'
538336 [http-nio-8080-exec-2] DEBUG o.s.s.w.a.i.FilterSecurityInterceptor - Secure object: FilterInvocation: URL: /bootstrap/js/bootstrap.js; Attributes: [permitAll]
538336 [http-nio-8080-exec-2] DEBUG o.s.s.w.a.i.FilterSecurityInterceptor - Previously Authenticated: org.springframework.security.authentication.AnonymousAuthenticationToken@6fa90ed4: Principal: anonymousUser; Credentials: [PROTECTED]; Authenticated: true; Details: org.springframework.security.web.authentication.WebAuthenticationDetails@fffc7f0c: RemoteIpAddress: 127.0.0.1; SessionId: 3804353C2C2C151F407CA4B277564A11; Granted Authorities: ROLE_ANONYMOUS
538337 [http-nio-8080-exec-2] DEBUG o.s.s.access.vote.AffirmativeBased - Voter: org.springframework.security.web.access.expression.WebExpressionVoter@2f6f76da, returned: 1
538337 [http-nio-8080-exec-2] DEBUG o.s.s.w.a.i.FilterSecurityInterceptor - Authorization successful
538337 [http-nio-8080-exec-2] DEBUG o.s.s.w.a.i.FilterSecurityInterceptor - RunAsManager did not change Authentication object
538337 [http-nio-8080-exec-2] DEBUG o.s.security.web.FilterChainProxy - /bootstrap/js/bootstrap.js reached end of additional filter chain; proceeding with original chain
538338 [http-nio-8080-exec-2] DEBUG o.s.s.w.c.HttpSessionSecurityContextRepository - SecurityContext is empty or contents are anonymous - context will not be stored in HttpSession.
538341 [http-nio-8080-exec-2] DEBUG o.s.s.w.a.ExceptionTranslationFilter - Chain processed normally
538341 [http-nio-8080-exec-2] DEBUG o.s.s.w.c.SecurityContextPersistenceFilter - SecurityContextHolder now cleared, as request processing completed
538392 [http-nio-8080-exec-5] DEBUG o.s.s.w.u.matcher.OrRequestMatcher - Trying to match using Ant [pattern='/css/**']
538392 [http-nio-8080-exec-5] DEBUG o.s.s.w.u.m.AntPathRequestMatcher - Checking match of request : '/favicon.ico'; against '/css/**'
538392 [http-nio-8080-exec-5] DEBUG o.s.s.w.u.matcher.OrRequestMatcher - Trying to match using Ant [pattern='/js/**']
538392 [http-nio-8080-exec-5] DEBUG o.s.s.w.u.m.AntPathRequestMatcher - Checking match of request : '/favicon.ico'; against '/js/**'
538392 [http-nio-8080-exec-5] DEBUG o.s.s.w.u.matcher.OrRequestMatcher - Trying to match using Ant [pattern='/images/**']
538392 [http-nio-8080-exec-5] DEBUG o.s.s.w.u.m.AntPathRequestMatcher - Checking match of request : '/favicon.ico'; against '/images/**'
538392 [http-nio-8080-exec-5] DEBUG o.s.s.w.u.matcher.OrRequestMatcher - Trying to match using Ant [pattern='/webjars/**']
538392 [http-nio-8080-exec-5] DEBUG o.s.s.w.u.m.AntPathRequestMatcher - Checking match of request : '/favicon.ico'; against '/webjars/**'
538392 [http-nio-8080-exec-5] DEBUG o.s.s.w.u.matcher.OrRequestMatcher - Trying to match using Ant [pattern='/**/favicon.ico']
538392 [http-nio-8080-exec-5] DEBUG o.s.s.w.u.m.AntPathRequestMatcher - Checking match of request : '/favicon.ico'; against '/**/favicon.ico'
538392 [http-nio-8080-exec-5] DEBUG o.s.s.w.u.matcher.OrRequestMatcher - matched
538392 [http-nio-8080-exec-5] DEBUG o.s.security.web.FilterChainProxy - /favicon.ico has an empty filter list
538891 [http-nio-8080-exec-6] DEBUG o.s.s.w.u.matcher.OrRequestMatcher - Trying to match using Ant [pattern='/css/**']
538891 [http-nio-8080-exec-6] DEBUG o.s.s.w.u.m.AntPathRequestMatcher - Checking match of request : '/login'; against '/css/**'
538891 [http-nio-8080-exec-6] DEBUG o.s.s.w.u.matcher.OrRequestMatcher - Trying to match using Ant [pattern='/js/**']
538891 [http-nio-8080-exec-6] DEBUG o.s.s.w.u.m.AntPathRequestMatcher - Checking match of request : '/login'; against '/js/**'
538891 [http-nio-8080-exec-6] DEBUG o.s.s.w.u.matcher.OrRequestMatcher - Trying to match using Ant [pattern='/images/**']
538891 [http-nio-8080-exec-6] DEBUG o.s.s.w.u.m.AntPathRequestMatcher - Checking match of request : '/login'; against '/images/**'
538891 [http-nio-8080-exec-6] DEBUG o.s.s.w.u.matcher.OrRequestMatcher - Trying to match using Ant [pattern='/webjars/**']
538891 [http-nio-8080-exec-6] DEBUG o.s.s.w.u.m.AntPathRequestMatcher - Checking match of request : '/login'; against '/webjars/**'
538891 [http-nio-8080-exec-6] DEBUG o.s.s.w.u.matcher.OrRequestMatcher - Trying to match using Ant [pattern='/**/favicon.ico']
538892 [http-nio-8080-exec-6] DEBUG o.s.s.w.u.m.AntPathRequestMatcher - Checking match of request : '/login'; against '/**/favicon.ico'
538892 [http-nio-8080-exec-6] DEBUG o.s.s.w.u.matcher.OrRequestMatcher - Trying to match using Ant [pattern='/error']
538892 [http-nio-8080-exec-6] DEBUG o.s.s.w.u.m.AntPathRequestMatcher - Checking match of request : '/login'; against '/error'
538892 [http-nio-8080-exec-6] DEBUG o.s.s.w.u.matcher.OrRequestMatcher - No matches found
538892 [http-nio-8080-exec-6] DEBUG o.s.security.web.FilterChainProxy - /login at position 1 of 12 in additional filter chain; firing Filter: 'WebAsyncManagerIntegrationFilter'
538892 [http-nio-8080-exec-6] DEBUG o.s.security.web.FilterChainProxy - /login at position 2 of 12 in additional filter chain; firing Filter: 'SecurityContextPersistenceFilter'
538892 [http-nio-8080-exec-6] DEBUG o.s.s.w.c.HttpSessionSecurityContextRepository - HttpSession returned null object for SPRING_SECURITY_CONTEXT
538892 [http-nio-8080-exec-6] DEBUG o.s.s.w.c.HttpSessionSecurityContextRepository - No SecurityContext was available from the HttpSession: org.apache.catalina.session.StandardSessionFacade@6e527ce1. A new one will be created.
538892 [http-nio-8080-exec-6] DEBUG o.s.security.web.FilterChainProxy - /login at position 3 of 12 in additional filter chain; firing Filter: 'HeaderWriterFilter'
538892 [http-nio-8080-exec-6] DEBUG o.s.s.w.h.writers.HstsHeaderWriter - Not injecting HSTS header since it did not match the requestMatcher org.springframework.security.web.header.writers.HstsHeaderWriter$SecureRequestMatcher@6a6df5f3
538892 [http-nio-8080-exec-6] DEBUG o.s.security.web.FilterChainProxy - /login at position 4 of 12 in additional filter chain; firing Filter: 'CsrfFilter'
538892 [http-nio-8080-exec-6] DEBUG o.s.security.web.FilterChainProxy - /login at position 5 of 12 in additional filter chain; firing Filter: 'LogoutFilter'
538892 [http-nio-8080-exec-6] DEBUG o.s.s.w.u.m.AntPathRequestMatcher - Request 'GET /login' doesn't match 'POST /logout
538892 [http-nio-8080-exec-6] DEBUG o.s.security.web.FilterChainProxy - /login at position 6 of 12 in additional filter chain; firing Filter: 'UsernamePasswordAuthenticationFilter'
538892 [http-nio-8080-exec-6] DEBUG o.s.s.w.u.m.AntPathRequestMatcher - Request 'GET /login' doesn't match 'POST /login
538892 [http-nio-8080-exec-6] DEBUG o.s.security.web.FilterChainProxy - /login at position 7 of 12 in additional filter chain; firing Filter: 'RequestCacheAwareFilter'
538892 [http-nio-8080-exec-6] DEBUG o.s.s.w.s.DefaultSavedRequest - pathInfo: both null (property equals)
538892 [http-nio-8080-exec-6] DEBUG o.s.s.w.s.DefaultSavedRequest - queryString: both null (property equals)
538892 [http-nio-8080-exec-6] DEBUG o.s.s.w.s.DefaultSavedRequest - requestURI: arg1=/; arg2=/login (property not equals)
538892 [http-nio-8080-exec-6] DEBUG o.s.s.w.s.HttpSessionRequestCache - saved request doesn't match
538892 [http-nio-8080-exec-6] DEBUG o.s.security.web.FilterChainProxy - /login at position 8 of 12 in additional filter chain; firing Filter: 'SecurityContextHolderAwareRequestFilter'
538892 [http-nio-8080-exec-6] DEBUG o.s.security.web.FilterChainProxy - /login at position 9 of 12 in additional filter chain; firing Filter: 'AnonymousAuthenticationFilter'
538892 [http-nio-8080-exec-6] DEBUG o.s.s.w.a.AnonymousAuthenticationFilter - Populated SecurityContextHolder with anonymous token: 'org.springframework.security.authentication.AnonymousAuthenticationToken@6fa90ed4: Principal: anonymousUser; Credentials: [PROTECTED]; Authenticated: true; Details: org.springframework.security.web.authentication.WebAuthenticationDetails@fffc7f0c: RemoteIpAddress: 127.0.0.1; SessionId: 3804353C2C2C151F407CA4B277564A11; Granted Authorities: ROLE_ANONYMOUS'
538892 [http-nio-8080-exec-6] DEBUG o.s.security.web.FilterChainProxy - /login at position 10 of 12 in additional filter chain; firing Filter: 'SessionManagementFilter'
538893 [http-nio-8080-exec-6] DEBUG o.s.security.web.FilterChainProxy - /login at position 11 of 12 in additional filter chain; firing Filter: 'ExceptionTranslationFilter'
538893 [http-nio-8080-exec-6] DEBUG o.s.security.web.FilterChainProxy - /login at position 12 of 12 in additional filter chain; firing Filter: 'FilterSecurityInterceptor'
538893 [http-nio-8080-exec-6] DEBUG o.s.s.w.a.i.FilterSecurityInterceptor - Secure object: FilterInvocation: URL: /login; Attributes: [permitAll]
538893 [http-nio-8080-exec-6] DEBUG o.s.s.w.a.i.FilterSecurityInterceptor - Previously Authenticated: org.springframework.security.authentication.AnonymousAuthenticationToken@6fa90ed4: Principal: anonymousUser; Credentials: [PROTECTED]; Authenticated: true; Details: org.springframework.security.web.authentication.WebAuthenticationDetails@fffc7f0c: RemoteIpAddress: 127.0.0.1; SessionId: 3804353C2C2C151F407CA4B277564A11; Granted Authorities: ROLE_ANONYMOUS
538893 [http-nio-8080-exec-6] DEBUG o.s.s.access.vote.AffirmativeBased - Voter: org.springframework.security.web.access.expression.WebExpressionVoter@2f6f76da, returned: 1
538893 [http-nio-8080-exec-6] DEBUG o.s.s.w.a.i.FilterSecurityInterceptor - Authorization successful
538893 [http-nio-8080-exec-6] DEBUG o.s.s.w.a.i.FilterSecurityInterceptor - RunAsManager did not change Authentication object
538893 [http-nio-8080-exec-6] DEBUG o.s.security.web.FilterChainProxy - /login reached end of additional filter chain; proceeding with original chain
538896 [http-nio-8080-exec-6] DEBUG o.s.s.w.c.HttpSessionSecurityContextRepository - SecurityContext is empty or contents are anonymous - context will not be stored in HttpSession.
538897 [http-nio-8080-exec-6] DEBUG o.s.s.w.a.ExceptionTranslationFilter - Chain processed normally
538897 [http-nio-8080-exec-6] DEBUG o.s.s.w.c.SecurityContextPersistenceFilter - SecurityContextHolder now cleared, as request processing completed
538915 [http-nio-8080-exec-4] DEBUG o.s.s.w.u.matcher.OrRequestMatcher - Trying to match using Ant [pattern='/css/**']
538916 [http-nio-8080-exec-4] DEBUG o.s.s.w.u.m.AntPathRequestMatcher - Checking match of request : '/bootstrap/css/bootstrap.css'; against '/css/**'
538916 [http-nio-8080-exec-4] DEBUG o.s.s.w.u.matcher.OrRequestMatcher - Trying to match using Ant [pattern='/js/**']
538916 [http-nio-8080-exec-4] DEBUG o.s.s.w.u.m.AntPathRequestMatcher - Checking match of request : '/bootstrap/css/bootstrap.css'; against '/js/**'
538916 [http-nio-8080-exec-4] DEBUG o.s.s.w.u.matcher.OrRequestMatcher - Trying to match using Ant [pattern='/images/**']
538916 [http-nio-8080-exec-4] DEBUG o.s.s.w.u.m.AntPathRequestMatcher - Checking match of request : '/bootstrap/css/bootstrap.css'; against '/images/**'
538916 [http-nio-8080-exec-4] DEBUG o.s.s.w.u.matcher.OrRequestMatcher - Trying to match using Ant [pattern='/webjars/**']
538916 [http-nio-8080-exec-4] DEBUG o.s.s.w.u.m.AntPathRequestMatcher - Checking match of request : '/bootstrap/css/bootstrap.css'; against '/webjars/**'
538916 [http-nio-8080-exec-4] DEBUG o.s.s.w.u.matcher.OrRequestMatcher - Trying to match using Ant [pattern='/**/favicon.ico']
538916 [http-nio-8080-exec-4] DEBUG o.s.s.w.u.m.AntPathRequestMatcher - Checking match of request : '/bootstrap/css/bootstrap.css'; against '/**/favicon.ico'
538916 [http-nio-8080-exec-4] DEBUG o.s.s.w.u.matcher.OrRequestMatcher - Trying to match using Ant [pattern='/error']
538917 [http-nio-8080-exec-4] DEBUG o.s.s.w.u.m.AntPathRequestMatcher - Checking match of request : '/bootstrap/css/bootstrap.css'; against '/error'
538917 [http-nio-8080-exec-9] DEBUG o.s.s.w.u.matcher.OrRequestMatcher - Trying to match using Ant [pattern='/css/**']
538917 [http-nio-8080-exec-10] DEBUG o.s.s.w.u.matcher.OrRequestMatcher - Trying to match using Ant [pattern='/css/**']
538917 [http-nio-8080-exec-4] DEBUG o.s.s.w.u.matcher.OrRequestMatcher - No matches found
538918 [http-nio-8080-exec-9] DEBUG o.s.s.w.u.m.AntPathRequestMatcher - Checking match of request : '/jquery/jquery-2.1.3.js'; against '/css/**'
538918 [http-nio-8080-exec-4] DEBUG o.s.security.web.FilterChainProxy - /bootstrap/css/bootstrap.css at position 1 of 12 in additional filter chain; firing Filter: 'WebAsyncManagerIntegrationFilter'
538918 [http-nio-8080-exec-10] DEBUG o.s.s.w.u.m.AntPathRequestMatcher - Checking match of request : '/bootstrap/js/bootstrap.js'; against '/css/**'
538918 [http-nio-8080-exec-9] DEBUG o.s.s.w.u.matcher.OrRequestMatcher - Trying to match using Ant [pattern='/js/**']
538918 [http-nio-8080-exec-10] DEBUG o.s.s.w.u.matcher.OrRequestMatcher - Trying to match using Ant [pattern='/js/**']
538918 [http-nio-8080-exec-9] DEBUG o.s.s.w.u.m.AntPathRequestMatcher - Checking match of request : '/jquery/jquery-2.1.3.js'; against '/js/**'
538918 [http-nio-8080-exec-4] DEBUG o.s.security.web.FilterChainProxy - /bootstrap/css/bootstrap.css at position 2 of 12 in additional filter chain; firing Filter: 'SecurityContextPersistenceFilter'
538918 [http-nio-8080-exec-10] DEBUG o.s.s.w.u.m.AntPathRequestMatcher - Checking match of request : '/bootstrap/js/bootstrap.js'; against '/js/**'
538918 [http-nio-8080-exec-9] DEBUG o.s.s.w.u.matcher.OrRequestMatcher - Trying to match using Ant [pattern='/images/**']
538918 [http-nio-8080-exec-10] DEBUG o.s.s.w.u.matcher.OrRequestMatcher - Trying to match using Ant [pattern='/images/**']
538918 [http-nio-8080-exec-4] DEBUG o.s.s.w.c.HttpSessionSecurityContextRepository - HttpSession returned null object for SPRING_SECURITY_CONTEXT
538918 [http-nio-8080-exec-9] DEBUG o.s.s.w.u.m.AntPathRequestMatcher - Checking match of request : '/jquery/jquery-2.1.3.js'; against '/images/**'
538918 [http-nio-8080-exec-10] DEBUG o.s.s.w.u.m.AntPathRequestMatcher - Checking match of request : '/bootstrap/js/bootstrap.js'; against '/images/**'
538918 [http-nio-8080-exec-4] DEBUG o.s.s.w.c.HttpSessionSecurityContextRepository - No SecurityContext was available from the HttpSession: org.apache.catalina.session.StandardSessionFacade@6e527ce1. A new one will be created.
538918 [http-nio-8080-exec-9] DEBUG o.s.s.w.u.matcher.OrRequestMatcher - Trying to match using Ant [pattern='/webjars/**']
538918 [http-nio-8080-exec-10] DEBUG o.s.s.w.u.matcher.OrRequestMatcher - Trying to match using Ant [pattern='/webjars/**']
538919 [http-nio-8080-exec-4] DEBUG o.s.security.web.FilterChainProxy - /bootstrap/css/bootstrap.css at position 3 of 12 in additional filter chain; firing Filter: 'HeaderWriterFilter'
538919 [http-nio-8080-exec-9] DEBUG o.s.s.w.u.m.AntPathRequestMatcher - Checking match of request : '/jquery/jquery-2.1.3.js'; against '/webjars/**'
538919 [http-nio-8080-exec-10] DEBUG o.s.s.w.u.m.AntPathRequestMatcher - Checking match of request : '/bootstrap/js/bootstrap.js'; against '/webjars/**'
538920 [http-nio-8080-exec-10] DEBUG o.s.s.w.u.matcher.OrRequestMatcher - Trying to match using Ant [pattern='/**/favicon.ico']
538920 [http-nio-8080-exec-4] DEBUG o.s.s.w.h.writers.HstsHeaderWriter - Not injecting HSTS header since it did not match the requestMatcher org.springframework.security.web.header.writers.HstsHeaderWriter$SecureRequestMatcher@6a6df5f3
538920 [http-nio-8080-exec-9] DEBUG o.s.s.w.u.matcher.OrRequestMatcher - Trying to match using Ant [pattern='/**/favicon.ico']
538920 [http-nio-8080-exec-10] DEBUG o.s.s.w.u.m.AntPathRequestMatcher - Checking match of request : '/bootstrap/js/bootstrap.js'; against '/**/favicon.ico'
538920 [http-nio-8080-exec-4] DEBUG o.s.security.web.FilterChainProxy - /bootstrap/css/bootstrap.css at position 4 of 12 in additional filter chain; firing Filter: 'CsrfFilter'
538920 [http-nio-8080-exec-4] DEBUG o.s.security.web.FilterChainProxy - /bootstrap/css/bootstrap.css at position 5 of 12 in additional filter chain; firing Filter: 'LogoutFilter'
538920 [http-nio-8080-exec-4] DEBUG o.s.s.w.u.m.AntPathRequestMatcher - Request 'GET /bootstrap/css/bootstrap.css' doesn't match 'POST /logout
538920 [http-nio-8080-exec-10] DEBUG o.s.s.w.u.matcher.OrRequestMatcher - Trying to match using Ant [pattern='/error']
538920 [http-nio-8080-exec-9] DEBUG o.s.s.w.u.m.AntPathRequestMatcher - Checking match of request : '/jquery/jquery-2.1.3.js'; against '/**/favicon.ico'
538920 [http-nio-8080-exec-10] DEBUG o.s.s.w.u.m.AntPathRequestMatcher - Checking match of request : '/bootstrap/js/bootstrap.js'; against '/error'
538920 [http-nio-8080-exec-9] DEBUG o.s.s.w.u.matcher.OrRequestMatcher - Trying to match using Ant [pattern='/error']
538920 [http-nio-8080-exec-10] DEBUG o.s.s.w.u.matcher.OrRequestMatcher - No matches found
538920 [http-nio-8080-exec-4] DEBUG o.s.security.web.FilterChainProxy - /bootstrap/css/bootstrap.css at position 6 of 12 in additional filter chain; firing Filter: 'UsernamePasswordAuthenticationFilter'
538920 [http-nio-8080-exec-9] DEBUG o.s.s.w.u.m.AntPathRequestMatcher - Checking match of request : '/jquery/jquery-2.1.3.js'; against '/error'
538920 [http-nio-8080-exec-10] DEBUG o.s.security.web.FilterChainProxy - /bootstrap/js/bootstrap.js at position 1 of 12 in additional filter chain; firing Filter: 'WebAsyncManagerIntegrationFilter'
538920 [http-nio-8080-exec-4] DEBUG o.s.s.w.u.m.AntPathRequestMatcher - Request 'GET /bootstrap/css/bootstrap.css' doesn't match 'POST /login
538920 [http-nio-8080-exec-10] DEBUG o.s.security.web.FilterChainProxy - /bootstrap/js/bootstrap.js at position 2 of 12 in additional filter chain; firing Filter: 'SecurityContextPersistenceFilter'
538920 [http-nio-8080-exec-4] DEBUG o.s.security.web.FilterChainProxy - /bootstrap/css/bootstrap.css at position 7 of 12 in additional filter chain; firing Filter: 'RequestCacheAwareFilter'
538920 [http-nio-8080-exec-9] DEBUG o.s.s.w.u.matcher.OrRequestMatcher - No matches found
538920 [http-nio-8080-exec-10] DEBUG o.s.s.w.c.HttpSessionSecurityContextRepository - HttpSession returned null object for SPRING_SECURITY_CONTEXT
538920 [http-nio-8080-exec-9] DEBUG o.s.security.web.FilterChainProxy - /jquery/jquery-2.1.3.js at position 1 of 12 in additional filter chain; firing Filter: 'WebAsyncManagerIntegrationFilter'
538920 [http-nio-8080-exec-4] DEBUG o.s.s.w.s.DefaultSavedRequest - pathInfo: both null (property equals)
538920 [http-nio-8080-exec-10] DEBUG o.s.s.w.c.HttpSessionSecurityContextRepository - No SecurityContext was available from the HttpSession: org.apache.catalina.session.StandardSessionFacade@6e527ce1. A new one will be created.
538920 [http-nio-8080-exec-9] DEBUG o.s.security.web.FilterChainProxy - /jquery/jquery-2.1.3.js at position 2 of 12 in additional filter chain; firing Filter: 'SecurityContextPersistenceFilter'
538920 [http-nio-8080-exec-10] DEBUG o.s.security.web.FilterChainProxy - /bootstrap/js/bootstrap.js at position 3 of 12 in additional filter chain; firing Filter: 'HeaderWriterFilter'
538920 [http-nio-8080-exec-9] DEBUG o.s.s.w.c.HttpSessionSecurityContextRepository - HttpSession returned null object for SPRING_SECURITY_CONTEXT
538920 [http-nio-8080-exec-4] DEBUG o.s.s.w.s.DefaultSavedRequest - queryString: both null (property equals)
538920 [http-nio-8080-exec-9] DEBUG o.s.s.w.c.HttpSessionSecurityContextRepository - No SecurityContext was available from the HttpSession: org.apache.catalina.session.StandardSessionFacade@6e527ce1. A new one will be created.
538921 [http-nio-8080-exec-10] DEBUG o.s.s.w.h.writers.HstsHeaderWriter - Not injecting HSTS header since it did not match the requestMatcher org.springframework.security.web.header.writers.HstsHeaderWriter$SecureRequestMatcher@6a6df5f3
538921 [http-nio-8080-exec-4] DEBUG o.s.s.w.s.DefaultSavedRequest - requestURI: arg1=/; arg2=/bootstrap/css/bootstrap.css (property not equals)
538921 [http-nio-8080-exec-9] DEBUG o.s.security.web.FilterChainProxy - /jquery/jquery-2.1.3.js at position 3 of 12 in additional filter chain; firing Filter: 'HeaderWriterFilter'
538921 [http-nio-8080-exec-10] DEBUG o.s.security.web.FilterChainProxy - /bootstrap/js/bootstrap.js at position 4 of 12 in additional filter chain; firing Filter: 'CsrfFilter'
538921 [http-nio-8080-exec-4] DEBUG o.s.s.w.s.HttpSessionRequestCache - saved request doesn't match
538921 [http-nio-8080-exec-10] DEBUG o.s.security.web.FilterChainProxy - /bootstrap/js/bootstrap.js at position 5 of 12 in additional filter chain; firing Filter: 'LogoutFilter'
538921 [http-nio-8080-exec-9] DEBUG o.s.s.w.h.writers.HstsHeaderWriter - Not injecting HSTS header since it did not match the requestMatcher org.springframework.security.web.header.writers.HstsHeaderWriter$SecureRequestMatcher@6a6df5f3
538921 [http-nio-8080-exec-4] DEBUG o.s.security.web.FilterChainProxy - /bootstrap/css/bootstrap.css at position 8 of 12 in additional filter chain; firing Filter: 'SecurityContextHolderAwareRequestFilter'
538921 [http-nio-8080-exec-9] DEBUG o.s.security.web.FilterChainProxy - /jquery/jquery-2.1.3.js at position 4 of 12 in additional filter chain; firing Filter: 'CsrfFilter'
538921 [http-nio-8080-exec-10] DEBUG o.s.s.w.u.m.AntPathRequestMatcher - Request 'GET /bootstrap/js/bootstrap.js' doesn't match 'POST /logout
538921 [http-nio-8080-exec-4] DEBUG o.s.security.web.FilterChainProxy - /bootstrap/css/bootstrap.css at position 9 of 12 in additional filter chain; firing Filter: 'AnonymousAuthenticationFilter'
538921 [http-nio-8080-exec-9] DEBUG o.s.security.web.FilterChainProxy - /jquery/jquery-2.1.3.js at position 5 of 12 in additional filter chain; firing Filter: 'LogoutFilter'
538921 [http-nio-8080-exec-10] DEBUG o.s.security.web.FilterChainProxy - /bootstrap/js/bootstrap.js at position 6 of 12 in additional filter chain; firing Filter: 'UsernamePasswordAuthenticationFilter'
538921 [http-nio-8080-exec-9] DEBUG o.s.s.w.u.m.AntPathRequestMatcher - Request 'GET /jquery/jquery-2.1.3.js' doesn't match 'POST /logout
538921 [http-nio-8080-exec-9] DEBUG o.s.security.web.FilterChainProxy - /jquery/jquery-2.1.3.js at position 6 of 12 in additional filter chain; firing Filter: 'UsernamePasswordAuthenticationFilter'
538921 [http-nio-8080-exec-4] DEBUG o.s.s.w.a.AnonymousAuthenticationFilter - Populated SecurityContextHolder with anonymous token: 'org.springframework.security.authentication.AnonymousAuthenticationToken@6fa90ed4: Principal: anonymousUser; Credentials: [PROTECTED]; Authenticated: true; Details: org.springframework.security.web.authentication.WebAuthenticationDetails@fffc7f0c: RemoteIpAddress: 127.0.0.1; SessionId: 3804353C2C2C151F407CA4B277564A11; Granted Authorities: ROLE_ANONYMOUS'
538921 [http-nio-8080-exec-4] DEBUG o.s.security.web.FilterChainProxy - /bootstrap/css/bootstrap.css at position 10 of 12 in additional filter chain; firing Filter: 'SessionManagementFilter'
538921 [http-nio-8080-exec-10] DEBUG o.s.s.w.u.m.AntPathRequestMatcher - Request 'GET /bootstrap/js/bootstrap.js' doesn't match 'POST /login
538921 [http-nio-8080-exec-4] DEBUG o.s.security.web.FilterChainProxy - /bootstrap/css/bootstrap.css at position 11 of 12 in additional filter chain; firing Filter: 'ExceptionTranslationFilter'
538921 [http-nio-8080-exec-9] DEBUG o.s.s.w.u.m.AntPathRequestMatcher - Request 'GET /jquery/jquery-2.1.3.js' doesn't match 'POST /login
538921 [http-nio-8080-exec-10] DEBUG o.s.security.web.FilterChainProxy - /bootstrap/js/bootstrap.js at position 7 of 12 in additional filter chain; firing Filter: 'RequestCacheAwareFilter'
538921 [http-nio-8080-exec-9] DEBUG o.s.security.web.FilterChainProxy - /jquery/jquery-2.1.3.js at position 7 of 12 in additional filter chain; firing Filter: 'RequestCacheAwareFilter'
538921 [http-nio-8080-exec-10] DEBUG o.s.s.w.s.DefaultSavedRequest - pathInfo: both null (property equals)
538921 [http-nio-8080-exec-10] DEBUG o.s.s.w.s.DefaultSavedRequest - queryString: both null (property equals)
538921 [http-nio-8080-exec-4] DEBUG o.s.security.web.FilterChainProxy - /bootstrap/css/bootstrap.css at position 12 of 12 in additional filter chain; firing Filter: 'FilterSecurityInterceptor'
538921 [http-nio-8080-exec-9] DEBUG o.s.s.w.s.DefaultSavedRequest - pathInfo: both null (property equals)
538921 [http-nio-8080-exec-10] DEBUG o.s.s.w.s.DefaultSavedRequest - requestURI: arg1=/; arg2=/bootstrap/js/bootstrap.js (property not equals)
538921 [http-nio-8080-exec-4] DEBUG o.s.s.w.u.m.AntPathRequestMatcher - Request 'GET /bootstrap/css/bootstrap.css' doesn't match 'POST /logout
538922 [http-nio-8080-exec-4] DEBUG o.s.s.w.u.m.AntPathRequestMatcher - Checking match of request : '/bootstrap/css/bootstrap.css'; against '/bootstrap/**'
538922 [http-nio-8080-exec-9] DEBUG o.s.s.w.s.DefaultSavedRequest - queryString: both null (property equals)
538922 [http-nio-8080-exec-4] DEBUG o.s.s.w.a.i.FilterSecurityInterceptor - Secure object: FilterInvocation: URL: /bootstrap/css/bootstrap.css; Attributes: [permitAll]
538922 [http-nio-8080-exec-9] DEBUG o.s.s.w.s.DefaultSavedRequest - requestURI: arg1=/; arg2=/jquery/jquery-2.1.3.js (property not equals)
538922 [http-nio-8080-exec-9] DEBUG o.s.s.w.s.HttpSessionRequestCache - saved request doesn't match
538922 [http-nio-8080-exec-10] DEBUG o.s.s.w.s.HttpSessionRequestCache - saved request doesn't match
538922 [http-nio-8080-exec-10] DEBUG o.s.security.web.FilterChainProxy - /bootstrap/js/bootstrap.js at position 8 of 12 in additional filter chain; firing Filter: 'SecurityContextHolderAwareRequestFilter'
538922 [http-nio-8080-exec-4] DEBUG o.s.s.w.a.i.FilterSecurityInterceptor - Previously Authenticated: org.springframework.security.authentication.AnonymousAuthenticationToken@6fa90ed4: Principal: anonymousUser; Credentials: [PROTECTED]; Authenticated: true; Details: org.springframework.security.web.authentication.WebAuthenticationDetails@fffc7f0c: RemoteIpAddress: 127.0.0.1; SessionId: 3804353C2C2C151F407CA4B277564A11; Granted Authorities: ROLE_ANONYMOUS
538922 [http-nio-8080-exec-9] DEBUG o.s.security.web.FilterChainProxy - /jquery/jquery-2.1.3.js at position 8 of 12 in additional filter chain; firing Filter: 'SecurityContextHolderAwareRequestFilter'
538922 [http-nio-8080-exec-10] DEBUG o.s.security.web.FilterChainProxy - /bootstrap/js/bootstrap.js at position 9 of 12 in additional filter chain; firing Filter: 'AnonymousAuthenticationFilter'
538922 [http-nio-8080-exec-9] DEBUG o.s.security.web.FilterChainProxy - /jquery/jquery-2.1.3.js at position 9 of 12 in additional filter chain; firing Filter: 'AnonymousAuthenticationFilter'
538922 [http-nio-8080-exec-4] DEBUG o.s.s.access.vote.AffirmativeBased - Voter: org.springframework.security.web.access.expression.WebExpressionVoter@2f6f76da, returned: 1
538922 [http-nio-8080-exec-4] DEBUG o.s.s.w.a.i.FilterSecurityInterceptor - Authorization successful
538922 [http-nio-8080-exec-4] DEBUG o.s.s.w.a.i.FilterSecurityInterceptor - RunAsManager did not change Authentication object
538922 [http-nio-8080-exec-9] DEBUG o.s.s.w.a.AnonymousAuthenticationFilter - Populated SecurityContextHolder with anonymous token: 'org.springframework.security.authentication.AnonymousAuthenticationToken@6faeba70: Principal: anonymousUser; Credentials: [PROTECTED]; Authenticated: true; Details: org.springframework.security.web.authentication.WebAuthenticationDetails@fffbcba8: RemoteIpAddress: 0:0:0:0:0:0:0:1; SessionId: 3804353C2C2C151F407CA4B277564A11; Granted Authorities: ROLE_ANONYMOUS'
538922 [http-nio-8080-exec-10] DEBUG o.s.s.w.a.AnonymousAuthenticationFilter - Populated SecurityContextHolder with anonymous token: 'org.springframework.security.authentication.AnonymousAuthenticationToken@6fa90ed4: Principal: anonymousUser; Credentials: [PROTECTED]; Authenticated: true; Details: org.springframework.security.web.authentication.WebAuthenticationDetails@fffc7f0c: RemoteIpAddress: 127.0.0.1; SessionId: 3804353C2C2C151F407CA4B277564A11; Granted Authorities: ROLE_ANONYMOUS'
538922 [http-nio-8080-exec-9] DEBUG o.s.security.web.FilterChainProxy - /jquery/jquery-2.1.3.js at position 10 of 12 in additional filter chain; firing Filter: 'SessionManagementFilter'
538922 [http-nio-8080-exec-4] DEBUG o.s.security.web.FilterChainProxy - /bootstrap/css/bootstrap.css reached end of additional filter chain; proceeding with original chain
538922 [http-nio-8080-exec-10] DEBUG o.s.security.web.FilterChainProxy - /bootstrap/js/bootstrap.js at position 10 of 12 in additional filter chain; firing Filter: 'SessionManagementFilter'
538922 [http-nio-8080-exec-9] DEBUG o.s.security.web.FilterChainProxy - /jquery/jquery-2.1.3.js at position 11 of 12 in additional filter chain; firing Filter: 'ExceptionTranslationFilter'
538922 [http-nio-8080-exec-10] DEBUG o.s.security.web.FilterChainProxy - /bootstrap/js/bootstrap.js at position 11 of 12 in additional filter chain; firing Filter: 'ExceptionTranslationFilter'
538922 [http-nio-8080-exec-9] DEBUG o.s.security.web.FilterChainProxy - /jquery/jquery-2.1.3.js at position 12 of 12 in additional filter chain; firing Filter: 'FilterSecurityInterceptor'
538922 [http-nio-8080-exec-10] DEBUG o.s.security.web.FilterChainProxy - /bootstrap/js/bootstrap.js at position 12 of 12 in additional filter chain; firing Filter: 'FilterSecurityInterceptor'
538922 [http-nio-8080-exec-9] DEBUG o.s.s.w.u.m.AntPathRequestMatcher - Request 'GET /jquery/jquery-2.1.3.js' doesn't match 'POST /logout
538922 [http-nio-8080-exec-10] DEBUG o.s.s.w.u.m.AntPathRequestMatcher - Request 'GET /bootstrap/js/bootstrap.js' doesn't match 'POST /logout
538923 [http-nio-8080-exec-10] DEBUG o.s.s.w.u.m.AntPathRequestMatcher - Checking match of request : '/bootstrap/js/bootstrap.js'; against '/bootstrap/**'
538922 [http-nio-8080-exec-9] DEBUG o.s.s.w.u.m.AntPathRequestMatcher - Checking match of request : '/jquery/jquery-2.1.3.js'; against '/bootstrap/**'
538923 [http-nio-8080-exec-10] DEBUG o.s.s.w.a.i.FilterSecurityInterceptor - Secure object: FilterInvocation: URL: /bootstrap/js/bootstrap.js; Attributes: [permitAll]
538923 [http-nio-8080-exec-9] DEBUG o.s.s.w.u.m.AntPathRequestMatcher - Checking match of request : '/jquery/jquery-2.1.3.js'; against '/error/**'
538924 [http-nio-8080-exec-10] DEBUG o.s.s.w.a.i.FilterSecurityInterceptor - Previously Authenticated: org.springframework.security.authentication.AnonymousAuthenticationToken@6fa90ed4: Principal: anonymousUser; Credentials: [PROTECTED]; Authenticated: true; Details: org.springframework.security.web.authentication.WebAuthenticationDetails@fffc7f0c: RemoteIpAddress: 127.0.0.1; SessionId: 3804353C2C2C151F407CA4B277564A11; Granted Authorities: ROLE_ANONYMOUS
538924 [http-nio-8080-exec-9] DEBUG o.s.s.w.u.m.AntPathRequestMatcher - Checking match of request : '/jquery/jquery-2.1.3.js'; against '/img/**'
538924 [http-nio-8080-exec-9] DEBUG o.s.s.w.u.m.AntPathRequestMatcher - Checking match of request : '/jquery/jquery-2.1.3.js'; against '/jquery/**'
538924 [http-nio-8080-exec-9] DEBUG o.s.s.w.a.i.FilterSecurityInterceptor - Secure object: FilterInvocation: URL: /jquery/jquery-2.1.3.js; Attributes: [permitAll]
538924 [http-nio-8080-exec-4] DEBUG o.s.s.w.c.HttpSessionSecurityContextRepository - SecurityContext is empty or contents are anonymous - context will not be stored in HttpSession.
538924 [http-nio-8080-exec-9] DEBUG o.s.s.w.a.i.FilterSecurityInterceptor - Previously Authenticated: org.springframework.security.authentication.AnonymousAuthenticationToken@6faeba70: Principal: anonymousUser; Credentials: [PROTECTED]; Authenticated: true; Details: org.springframework.security.web.authentication.WebAuthenticationDetails@fffbcba8: RemoteIpAddress: 0:0:0:0:0:0:0:1; SessionId: 3804353C2C2C151F407CA4B277564A11; Granted Authorities: ROLE_ANONYMOUS
538924 [http-nio-8080-exec-10] DEBUG o.s.s.access.vote.AffirmativeBased - Voter: org.springframework.security.web.access.expression.WebExpressionVoter@2f6f76da, returned: 1
538924 [http-nio-8080-exec-10] DEBUG o.s.s.w.a.i.FilterSecurityInterceptor - Authorization successful
538924 [http-nio-8080-exec-10] DEBUG o.s.s.w.a.i.FilterSecurityInterceptor - RunAsManager did not change Authentication object
538924 [http-nio-8080-exec-10] DEBUG o.s.security.web.FilterChainProxy - /bootstrap/js/bootstrap.js reached end of additional filter chain; proceeding with original chain
538924 [http-nio-8080-exec-9] DEBUG o.s.s.access.vote.AffirmativeBased - Voter: org.springframework.security.web.access.expression.WebExpressionVoter@2f6f76da, returned: 1
538924 [http-nio-8080-exec-9] DEBUG o.s.s.w.a.i.FilterSecurityInterceptor - Authorization successful
538924 [http-nio-8080-exec-9] DEBUG o.s.s.w.a.i.FilterSecurityInterceptor - RunAsManager did not change Authentication object
538924 [http-nio-8080-exec-9] DEBUG o.s.security.web.FilterChainProxy - /jquery/jquery-2.1.3.js reached end of additional filter chain; proceeding with original chain
538927 [http-nio-8080-exec-9] DEBUG o.s.s.w.c.HttpSessionSecurityContextRepository - SecurityContext is empty or contents are anonymous - context will not be stored in HttpSession.
538927 [http-nio-8080-exec-10] DEBUG o.s.s.w.c.HttpSessionSecurityContextRepository - SecurityContext is empty or contents are anonymous - context will not be stored in HttpSession.
538928 [http-nio-8080-exec-10] DEBUG o.s.s.w.a.ExceptionTranslationFilter - Chain processed normally
538928 [http-nio-8080-exec-10] DEBUG o.s.s.w.c.SecurityContextPersistenceFilter - SecurityContextHolder now cleared, as request processing completed
538929 [http-nio-8080-exec-9] DEBUG o.s.s.w.a.ExceptionTranslationFilter - Chain processed normally
538930 [http-nio-8080-exec-9] DEBUG o.s.s.w.c.SecurityContextPersistenceFilter - SecurityContextHolder now cleared, as request processing completed
538930 [http-nio-8080-exec-4] DEBUG o.s.s.w.a.ExceptionTranslationFilter - Chain processed normally
538930 [http-nio-8080-exec-4] DEBUG o.s.s.w.c.SecurityContextPersistenceFilter - SecurityContextHolder now cleared, as request processing completed
538983 [http-nio-8080-exec-7] DEBUG o.s.s.w.u.matcher.OrRequestMatcher - Trying to match using Ant [pattern='/css/**']
538984 [http-nio-8080-exec-7] DEBUG o.s.s.w.u.m.AntPathRequestMatcher - Checking match of request : '/favicon.ico'; against '/css/**'
538984 [http-nio-8080-exec-7] DEBUG o.s.s.w.u.matcher.OrRequestMatcher - Trying to match using Ant [pattern='/js/**']
538984 [http-nio-8080-exec-7] DEBUG o.s.s.w.u.m.AntPathRequestMatcher - Checking match of request : '/favicon.ico'; against '/js/**'
538984 [http-nio-8080-exec-7] DEBUG o.s.s.w.u.matcher.OrRequestMatcher - Trying to match using Ant [pattern='/images/**']
538984 [http-nio-8080-exec-7] DEBUG o.s.s.w.u.m.AntPathRequestMatcher - Checking match of request : '/favicon.ico'; against '/images/**'
538984 [http-nio-8080-exec-7] DEBUG o.s.s.w.u.matcher.OrRequestMatcher - Trying to match using Ant [pattern='/webjars/**']
538984 [http-nio-8080-exec-7] DEBUG o.s.s.w.u.m.AntPathRequestMatcher - Checking match of request : '/favicon.ico'; against '/webjars/**'
538984 [http-nio-8080-exec-7] DEBUG o.s.s.w.u.matcher.OrRequestMatcher - Trying to match using Ant [pattern='/**/favicon.ico']
538984 [http-nio-8080-exec-7] DEBUG o.s.s.w.u.m.AntPathRequestMatcher - Checking match of request : '/favicon.ico'; against '/**/favicon.ico'
538984 [http-nio-8080-exec-7] DEBUG o.s.s.w.u.matcher.OrRequestMatcher - matched
538984 [http-nio-8080-exec-7] DEBUG o.s.security.web.FilterChainProxy - /favicon.ico has an empty filter list
542423 [http-nio-8080-exec-8] DEBUG o.s.s.w.u.matcher.OrRequestMatcher - Trying to match using Ant [pattern='/css/**']
542423 [http-nio-8080-exec-8] DEBUG o.s.s.w.u.m.AntPathRequestMatcher - Checking match of request : '/temp'; against '/css/**'
542423 [http-nio-8080-exec-8] DEBUG o.s.s.w.u.matcher.OrRequestMatcher - Trying to match using Ant [pattern='/js/**']
542423 [http-nio-8080-exec-8] DEBUG o.s.s.w.u.m.AntPathRequestMatcher - Checking match of request : '/temp'; against '/js/**'
542423 [http-nio-8080-exec-8] DEBUG o.s.s.w.u.matcher.OrRequestMatcher - Trying to match using Ant [pattern='/images/**']
542423 [http-nio-8080-exec-8] DEBUG o.s.s.w.u.m.AntPathRequestMatcher - Checking match of request : '/temp'; against '/images/**'
542423 [http-nio-8080-exec-8] DEBUG o.s.s.w.u.matcher.OrRequestMatcher - Trying to match using Ant [pattern='/webjars/**']
542423 [http-nio-8080-exec-8] DEBUG o.s.s.w.u.m.AntPathRequestMatcher - Checking match of request : '/temp'; against '/webjars/**'
542423 [http-nio-8080-exec-8] DEBUG o.s.s.w.u.matcher.OrRequestMatcher - Trying to match using Ant [pattern='/**/favicon.ico']
542423 [http-nio-8080-exec-8] DEBUG o.s.s.w.u.m.AntPathRequestMatcher - Checking match of request : '/temp'; against '/**/favicon.ico'
542423 [http-nio-8080-exec-8] DEBUG o.s.s.w.u.matcher.OrRequestMatcher - Trying to match using Ant [pattern='/error']
542423 [http-nio-8080-exec-8] DEBUG o.s.s.w.u.m.AntPathRequestMatcher - Checking match of request : '/temp'; against '/error'
542423 [http-nio-8080-exec-8] DEBUG o.s.s.w.u.matcher.OrRequestMatcher - No matches found
542423 [http-nio-8080-exec-8] DEBUG o.s.security.web.FilterChainProxy - /temp at position 1 of 12 in additional filter chain; firing Filter: 'WebAsyncManagerIntegrationFilter'
542423 [http-nio-8080-exec-8] DEBUG o.s.security.web.FilterChainProxy - /temp at position 2 of 12 in additional filter chain; firing Filter: 'SecurityContextPersistenceFilter'
542423 [http-nio-8080-exec-8] DEBUG o.s.s.w.c.HttpSessionSecurityContextRepository - HttpSession returned null object for SPRING_SECURITY_CONTEXT
542423 [http-nio-8080-exec-8] DEBUG o.s.s.w.c.HttpSessionSecurityContextRepository - No SecurityContext was available from the HttpSession: org.apache.catalina.session.StandardSessionFacade@6e527ce1. A new one will be created.
542423 [http-nio-8080-exec-8] DEBUG o.s.security.web.FilterChainProxy - /temp at position 3 of 12 in additional filter chain; firing Filter: 'HeaderWriterFilter'
542423 [http-nio-8080-exec-8] DEBUG o.s.s.w.h.writers.HstsHeaderWriter - Not injecting HSTS header since it did not match the requestMatcher org.springframework.security.web.header.writers.HstsHeaderWriter$SecureRequestMatcher@6a6df5f3
542423 [http-nio-8080-exec-8] DEBUG o.s.security.web.FilterChainProxy - /temp at position 4 of 12 in additional filter chain; firing Filter: 'CsrfFilter'
542423 [http-nio-8080-exec-8] DEBUG o.s.security.web.FilterChainProxy - /temp at position 5 of 12 in additional filter chain; firing Filter: 'LogoutFilter'
542423 [http-nio-8080-exec-8] DEBUG o.s.s.w.u.m.AntPathRequestMatcher - Request 'GET /temp' doesn't match 'POST /logout
542423 [http-nio-8080-exec-8] DEBUG o.s.security.web.FilterChainProxy - /temp at position 6 of 12 in additional filter chain; firing Filter: 'UsernamePasswordAuthenticationFilter'
542423 [http-nio-8080-exec-8] DEBUG o.s.s.w.u.m.AntPathRequestMatcher - Request 'GET /temp' doesn't match 'POST /login
542423 [http-nio-8080-exec-8] DEBUG o.s.security.web.FilterChainProxy - /temp at position 7 of 12 in additional filter chain; firing Filter: 'RequestCacheAwareFilter'
542423 [http-nio-8080-exec-8] DEBUG o.s.s.w.s.DefaultSavedRequest - pathInfo: both null (property equals)
542423 [http-nio-8080-exec-8] DEBUG o.s.s.w.s.DefaultSavedRequest - queryString: both null (property equals)
542423 [http-nio-8080-exec-8] DEBUG o.s.s.w.s.DefaultSavedRequest - requestURI: arg1=/; arg2=/temp (property not equals)
542428 [http-nio-8080-exec-8] DEBUG o.s.s.w.s.HttpSessionRequestCache - saved request doesn't match
542428 [http-nio-8080-exec-8] DEBUG o.s.security.web.FilterChainProxy - /temp at position 8 of 12 in additional filter chain; firing Filter: 'SecurityContextHolderAwareRequestFilter'
542428 [http-nio-8080-exec-8] DEBUG o.s.security.web.FilterChainProxy - /temp at position 9 of 12 in additional filter chain; firing Filter: 'AnonymousAuthenticationFilter'
542428 [http-nio-8080-exec-8] DEBUG o.s.s.w.a.AnonymousAuthenticationFilter - Populated SecurityContextHolder with anonymous token: 'org.springframework.security.authentication.AnonymousAuthenticationToken@6fa90ed4: Principal: anonymousUser; Credentials: [PROTECTED]; Authenticated: true; Details: org.springframework.security.web.authentication.WebAuthenticationDetails@fffc7f0c: RemoteIpAddress: 127.0.0.1; SessionId: 3804353C2C2C151F407CA4B277564A11; Granted Authorities: ROLE_ANONYMOUS'
542428 [http-nio-8080-exec-8] DEBUG o.s.security.web.FilterChainProxy - /temp at position 10 of 12 in additional filter chain; firing Filter: 'SessionManagementFilter'
542428 [http-nio-8080-exec-8] DEBUG o.s.security.web.FilterChainProxy - /temp at position 11 of 12 in additional filter chain; firing Filter: 'ExceptionTranslationFilter'
542428 [http-nio-8080-exec-8] DEBUG o.s.security.web.FilterChainProxy - /temp at position 12 of 12 in additional filter chain; firing Filter: 'FilterSecurityInterceptor'
542428 [http-nio-8080-exec-8] DEBUG o.s.s.w.u.m.AntPathRequestMatcher - Request 'GET /temp' doesn't match 'POST /logout
542428 [http-nio-8080-exec-8] DEBUG o.s.s.w.u.m.AntPathRequestMatcher - Checking match of request : '/temp'; against '/bootstrap/**'
542428 [http-nio-8080-exec-8] DEBUG o.s.s.w.u.m.AntPathRequestMatcher - Checking match of request : '/temp'; against '/error/**'
542428 [http-nio-8080-exec-8] DEBUG o.s.s.w.u.m.AntPathRequestMatcher - Checking match of request : '/temp'; against '/img/**'
542428 [http-nio-8080-exec-8] DEBUG o.s.s.w.u.m.AntPathRequestMatcher - Checking match of request : '/temp'; against '/jquery/**'
542428 [http-nio-8080-exec-8] DEBUG o.s.s.w.u.m.AntPathRequestMatcher - Checking match of request : '/temp'; against '/index.html'
542428 [http-nio-8080-exec-8] DEBUG o.s.s.w.u.m.AntPathRequestMatcher - Checking match of request : '/temp'; against '/temp'
542428 [http-nio-8080-exec-8] DEBUG o.s.s.w.a.i.FilterSecurityInterceptor - Secure object: FilterInvocation: URL: /temp; Attributes: [permitAll]
542428 [http-nio-8080-exec-8] DEBUG o.s.s.w.a.i.FilterSecurityInterceptor - Previously Authenticated: org.springframework.security.authentication.AnonymousAuthenticationToken@6fa90ed4: Principal: anonymousUser; Credentials: [PROTECTED]; Authenticated: true; Details: org.springframework.security.web.authentication.WebAuthenticationDetails@fffc7f0c: RemoteIpAddress: 127.0.0.1; SessionId: 3804353C2C2C151F407CA4B277564A11; Granted Authorities: ROLE_ANONYMOUS
542428 [http-nio-8080-exec-8] DEBUG o.s.s.access.vote.AffirmativeBased - Voter: org.springframework.security.web.access.expression.WebExpressionVoter@2f6f76da, returned: 1
542428 [http-nio-8080-exec-8] DEBUG o.s.s.w.a.i.FilterSecurityInterceptor - Authorization successful
542428 [http-nio-8080-exec-8] DEBUG o.s.s.w.a.i.FilterSecurityInterceptor - RunAsManager did not change Authentication object
542428 [http-nio-8080-exec-8] DEBUG o.s.security.web.FilterChainProxy - /temp reached end of additional filter chain; proceeding with original chain
542641 [http-nio-8080-exec-8] ERROR freemarker.runtime - Error executing FreeMarker template
freemarker.core.InvalidReferenceException: The following has evaluated to null or missing:
==> user.name  [in template "temp.ftl" at line 24, column 19]

----
Tip: It's the step after the last dot that caused this error, not those before it.
----
Tip: If the failing expression is known to be legally refer to something that's sometimes null or missing, either specify a default value like myOptionalVar!myDefault, or use <#if myOptionalVar??>when-present<#else>when-missing</#if>. (These only cover the last step of the expression; to cover the whole expression, use parenthesis: (myOptionalVar.foo)!myDefault, (myOptionalVar.foo)??
----

----
FTL stack trace ("~" means nesting-related):
	- Failed at: ${user.name}  [in template "temp.ftl" at line 24, column 17]
----
	at freemarker.core.InvalidReferenceException.getInstance(InvalidReferenceException.java:134)
	at freemarker.core.EvalUtil.coerceModelToTextualCommon(EvalUtil.java:465)
	at freemarker.core.EvalUtil.coerceModelToStringOrMarkup(EvalUtil.java:387)
	at freemarker.core.EvalUtil.coerceModelToStringOrMarkup(EvalUtil.java:356)
	at freemarker.core.DollarVariable.calculateInterpolatedStringOrMarkup(DollarVariable.java:96)
	at freemarker.core.DollarVariable.accept(DollarVariable.java:59)
	at freemarker.core.Environment.visit(Environment.java:362)
	at freemarker.core.IteratorBlock$IterationContext.executedNestedContentForCollOrSeqListing(IteratorBlock.java:315)
	at freemarker.core.IteratorBlock$IterationContext.executeNestedContent(IteratorBlock.java:271)
	at freemarker.core.IteratorBlock$IterationContext.accept(IteratorBlock.java:242)
	at freemarker.core.Environment.visitIteratorBlock(Environment.java:595)
	at freemarker.core.IteratorBlock.acceptWithResult(IteratorBlock.java:107)
	at freemarker.core.IteratorBlock.accept(IteratorBlock.java:93)
	at freemarker.core.Environment.visit(Environment.java:326)
	at freemarker.core.Environment.visit(Environment.java:332)
	at freemarker.core.Environment.visit(Environment.java:332)
	at freemarker.core.Environment.process(Environment.java:305)
	at freemarker.template.Template.process(Template.java:378)
	at org.springframework.web.servlet.view.freemarker.FreeMarkerView.processTemplate(FreeMarkerView.java:368)
	at org.springframework.web.servlet.view.freemarker.FreeMarkerView.doRender(FreeMarkerView.java:285)
	at org.springframework.web.servlet.view.freemarker.FreeMarkerView.renderMergedTemplateModel(FreeMarkerView.java:235)
	at org.springframework.web.servlet.view.AbstractTemplateView.renderMergedOutputModel(AbstractTemplateView.java:167)
	at org.springframework.web.servlet.view.AbstractView.render(AbstractView.java:303)
	at org.springframework.web.servlet.DispatcherServlet.render(DispatcherServlet.java:1286)
	at org.springframework.web.servlet.DispatcherServlet.processDispatchResult(DispatcherServlet.java:1041)
	at org.springframework.web.servlet.DispatcherServlet.doDispatch(DispatcherServlet.java:984)
	at org.springframework.web.servlet.DispatcherServlet.doService(DispatcherServlet.java:901)
	at org.springframework.web.servlet.FrameworkServlet.processRequest(FrameworkServlet.java:970)
	at org.springframework.web.servlet.FrameworkServlet.doGet(FrameworkServlet.java:861)
	at javax.servlet.http.HttpServlet.service(HttpServlet.java:635)
	at org.springframework.web.servlet.FrameworkServlet.service(FrameworkServlet.java:846)
	at javax.servlet.http.HttpServlet.service(HttpServlet.java:742)
	at org.apache.catalina.core.ApplicationFilterChain.internalDoFilter(ApplicationFilterChain.java:231)
	at org.apache.catalina.core.ApplicationFilterChain.doFilter(ApplicationFilterChain.java:166)
	at org.apache.tomcat.websocket.server.WsFilter.doFilter(WsFilter.java:52)
	at org.apache.catalina.core.ApplicationFilterChain.internalDoFilter(ApplicationFilterChain.java:193)
	at org.apache.catalina.core.ApplicationFilterChain.doFilter(ApplicationFilterChain.java:166)
	at com.alibaba.druid.support.http.WebStatFilter.doFilter(WebStatFilter.java:123)
	at org.apache.catalina.core.ApplicationFilterChain.internalDoFilter(ApplicationFilterChain.java:193)
	at org.apache.catalina.core.ApplicationFilterChain.doFilter(ApplicationFilterChain.java:166)
	at org.springframework.security.web.FilterChainProxy$VirtualFilterChain.doFilter(FilterChainProxy.java:317)
	at org.springframework.security.web.access.intercept.FilterSecurityInterceptor.invoke(FilterSecurityInterceptor.java:127)
	at org.springframework.security.web.access.intercept.FilterSecurityInterceptor.doFilter(FilterSecurityInterceptor.java:91)
	at org.springframework.security.web.FilterChainProxy$VirtualFilterChain.doFilter(FilterChainProxy.java:331)
	at org.springframework.security.web.access.ExceptionTranslationFilter.doFilter(ExceptionTranslationFilter.java:114)
	at org.springframework.security.web.FilterChainProxy$VirtualFilterChain.doFilter(FilterChainProxy.java:331)
	at org.springframework.security.web.session.SessionManagementFilter.doFilter(SessionManagementFilter.java:137)
	at org.springframework.security.web.FilterChainProxy$VirtualFilterChain.doFilter(FilterChainProxy.java:331)
	at org.springframework.security.web.authentication.AnonymousAuthenticationFilter.doFilter(AnonymousAuthenticationFilter.java:111)
	at org.springframework.security.web.FilterChainProxy$VirtualFilterChain.doFilter(FilterChainProxy.java:331)
	at org.springframework.security.web.servletapi.SecurityContextHolderAwareRequestFilter.doFilter(SecurityContextHolderAwareRequestFilter.java:170)
	at org.springframework.security.web.FilterChainProxy$VirtualFilterChain.doFilter(FilterChainProxy.java:331)
	at org.springframework.security.web.savedrequest.RequestCacheAwareFilter.doFilter(RequestCacheAwareFilter.java:63)
	at org.springframework.security.web.FilterChainProxy$VirtualFilterChain.doFilter(FilterChainProxy.java:331)
	at org.springframework.security.web.authentication.AbstractAuthenticationProcessingFilter.doFilter(AbstractAuthenticationProcessingFilter.java:200)
	at org.springframework.security.web.FilterChainProxy$VirtualFilterChain.doFilter(FilterChainProxy.java:331)
	at org.springframework.security.web.authentication.logout.LogoutFilter.doFilter(LogoutFilter.java:116)
	at org.springframework.security.web.FilterChainProxy$VirtualFilterChain.doFilter(FilterChainProxy.java:331)
	at org.springframework.security.web.csrf.CsrfFilter.doFilterInternal(CsrfFilter.java:100)
	at org.springframework.web.filter.OncePerRequestFilter.doFilter(OncePerRequestFilter.java:107)
	at org.springframework.security.web.FilterChainProxy$VirtualFilterChain.doFilter(FilterChainProxy.java:331)
	at org.springframework.security.web.header.HeaderWriterFilter.doFilterInternal(HeaderWriterFilter.java:64)
	at org.springframework.web.filter.OncePerRequestFilter.doFilter(OncePerRequestFilter.java:107)
	at org.springframework.security.web.FilterChainProxy$VirtualFilterChain.doFilter(FilterChainProxy.java:331)
	at org.springframework.security.web.context.SecurityContextPersistenceFilter.doFilter(SecurityContextPersistenceFilter.java:105)
	at org.springframework.security.web.FilterChainProxy$VirtualFilterChain.doFilter(FilterChainProxy.java:331)
	at org.springframework.security.web.context.request.async.WebAsyncManagerIntegrationFilter.doFilterInternal(WebAsyncManagerIntegrationFilter.java:56)
	at org.springframework.web.filter.OncePerRequestFilter.doFilter(OncePerRequestFilter.java:107)
	at org.springframework.security.web.FilterChainProxy$VirtualFilterChain.doFilter(FilterChainProxy.java:331)
	at org.springframework.security.web.FilterChainProxy.doFilterInternal(FilterChainProxy.java:214)
	at org.springframework.security.web.FilterChainProxy.doFilter(FilterChainProxy.java:177)
	at org.springframework.web.filter.DelegatingFilterProxy.invokeDelegate(DelegatingFilterProxy.java:347)
	at org.springframework.web.filter.DelegatingFilterProxy.doFilter(DelegatingFilterProxy.java:263)
	at org.apache.catalina.core.ApplicationFilterChain.internalDoFilter(ApplicationFilterChain.java:193)
	at org.apache.catalina.core.ApplicationFilterChain.doFilter(ApplicationFilterChain.java:166)
	at org.springframework.web.filter.RequestContextFilter.doFilterInternal(RequestContextFilter.java:99)
	at org.springframework.web.filter.OncePerRequestFilter.doFilter(OncePerRequestFilter.java:107)
	at org.apache.catalina.core.ApplicationFilterChain.internalDoFilter(ApplicationFilterChain.java:193)
	at org.apache.catalina.core.ApplicationFilterChain.doFilter(ApplicationFilterChain.java:166)
	at org.springframework.web.filter.HttpPutFormContentFilter.doFilterInternal(HttpPutFormContentFilter.java:108)
	at org.springframework.web.filter.OncePerRequestFilter.doFilter(OncePerRequestFilter.java:107)
	at org.apache.catalina.core.ApplicationFilterChain.internalDoFilter(ApplicationFilterChain.java:193)
	at org.apache.catalina.core.ApplicationFilterChain.doFilter(ApplicationFilterChain.java:166)
	at org.springframework.web.filter.HiddenHttpMethodFilter.doFilterInternal(HiddenHttpMethodFilter.java:81)
	at org.springframework.web.filter.OncePerRequestFilter.doFilter(OncePerRequestFilter.java:107)
	at org.apache.catalina.core.ApplicationFilterChain.internalDoFilter(ApplicationFilterChain.java:193)
	at org.apache.catalina.core.ApplicationFilterChain.doFilter(ApplicationFilterChain.java:166)
	at org.springframework.web.filter.CharacterEncodingFilter.doFilterInternal(CharacterEncodingFilter.java:197)
	at org.springframework.web.filter.OncePerRequestFilter.doFilter(OncePerRequestFilter.java:107)
	at org.apache.catalina.core.ApplicationFilterChain.internalDoFilter(ApplicationFilterChain.java:193)
	at org.apache.catalina.core.ApplicationFilterChain.doFilter(ApplicationFilterChain.java:166)
	at org.apache.catalina.core.StandardWrapperValve.invoke(StandardWrapperValve.java:199)
	at org.apache.catalina.core.StandardContextValve.invoke(StandardContextValve.java:96)
	at org.apache.catalina.authenticator.AuthenticatorBase.invoke(AuthenticatorBase.java:478)
	at org.apache.catalina.core.StandardHostValve.invoke(StandardHostValve.java:140)
	at org.apache.catalina.valves.ErrorReportValve.invoke(ErrorReportValve.java:81)
	at org.apache.catalina.core.StandardEngineValve.invoke(StandardEngineValve.java:87)
	at org.apache.catalina.connector.CoyoteAdapter.service(CoyoteAdapter.java:342)
	at org.apache.coyote.http11.Http11Processor.service(Http11Processor.java:803)
	at org.apache.coyote.AbstractProcessorLight.process(AbstractProcessorLight.java:66)
	at org.apache.coyote.AbstractProtocol$ConnectionHandler.process(AbstractProtocol.java:868)
	at org.apache.tomcat.util.net.NioEndpoint$SocketProcessor.doRun(NioEndpoint.java:1459)
	at org.apache.tomcat.util.net.SocketProcessorBase.run(SocketProcessorBase.java:49)
	at java.util.concurrent.ThreadPoolExecutor.runWorker(ThreadPoolExecutor.java:1149)
	at java.util.concurrent.ThreadPoolExecutor$Worker.run(ThreadPoolExecutor.java:624)
	at org.apache.tomcat.util.threads.TaskThread$WrappingRunnable.run(TaskThread.java:61)
	at java.lang.Thread.run(Thread.java:748)
542645 [http-nio-8080-exec-8] DEBUG o.s.s.w.c.HttpSessionSecurityContextRepository - SecurityContext is empty or contents are anonymous - context will not be stored in HttpSession.
542648 [http-nio-8080-exec-8] DEBUG o.s.s.w.c.SecurityContextPersistenceFilter - SecurityContextHolder now cleared, as request processing completed
542655 [http-nio-8080-exec-1] DEBUG o.s.s.w.u.matcher.OrRequestMatcher - Trying to match using Ant [pattern='/css/**']
542655 [http-nio-8080-exec-1] DEBUG o.s.s.w.u.m.AntPathRequestMatcher - Checking match of request : '/bootstrap/css/bootstrap.css'; against '/css/**'
542655 [http-nio-8080-exec-1] DEBUG o.s.s.w.u.matcher.OrRequestMatcher - Trying to match using Ant [pattern='/js/**']
542655 [http-nio-8080-exec-3] DEBUG o.s.s.w.u.matcher.OrRequestMatcher - Trying to match using Ant [pattern='/css/**']
542655 [http-nio-8080-exec-1] DEBUG o.s.s.w.u.m.AntPathRequestMatcher - Checking match of request : '/bootstrap/css/bootstrap.css'; against '/js/**'
542655 [http-nio-8080-exec-3] DEBUG o.s.s.w.u.m.AntPathRequestMatcher - Checking match of request : '/jquery/jquery-2.1.3.js'; against '/css/**'
542655 [http-nio-8080-exec-1] DEBUG o.s.s.w.u.matcher.OrRequestMatcher - Trying to match using Ant [pattern='/images/**']
542655 [http-nio-8080-exec-3] DEBUG o.s.s.w.u.matcher.OrRequestMatcher - Trying to match using Ant [pattern='/js/**']
542655 [http-nio-8080-exec-1] DEBUG o.s.s.w.u.m.AntPathRequestMatcher - Checking match of request : '/bootstrap/css/bootstrap.css'; against '/images/**'
542655 [http-nio-8080-exec-3] DEBUG o.s.s.w.u.m.AntPathRequestMatcher - Checking match of request : '/jquery/jquery-2.1.3.js'; against '/js/**'
542655 [http-nio-8080-exec-1] DEBUG o.s.s.w.u.matcher.OrRequestMatcher - Trying to match using Ant [pattern='/webjars/**']
542655 [http-nio-8080-exec-3] DEBUG o.s.s.w.u.matcher.OrRequestMatcher - Trying to match using Ant [pattern='/images/**']
542655 [http-nio-8080-exec-1] DEBUG o.s.s.w.u.m.AntPathRequestMatcher - Checking match of request : '/bootstrap/css/bootstrap.css'; against '/webjars/**'
542655 [http-nio-8080-exec-3] DEBUG o.s.s.w.u.m.AntPathRequestMatcher - Checking match of request : '/jquery/jquery-2.1.3.js'; against '/images/**'
542655 [http-nio-8080-exec-1] DEBUG o.s.s.w.u.matcher.OrRequestMatcher - Trying to match using Ant [pattern='/**/favicon.ico']
542655 [http-nio-8080-exec-3] DEBUG o.s.s.w.u.matcher.OrRequestMatcher - Trying to match using Ant [pattern='/webjars/**']
542655 [http-nio-8080-exec-2] DEBUG o.s.s.w.u.matcher.OrRequestMatcher - Trying to match using Ant [pattern='/css/**']
542655 [http-nio-8080-exec-1] DEBUG o.s.s.w.u.m.AntPathRequestMatcher - Checking match of request : '/bootstrap/css/bootstrap.css'; against '/**/favicon.ico'
542655 [http-nio-8080-exec-3] DEBUG o.s.s.w.u.m.AntPathRequestMatcher - Checking match of request : '/jquery/jquery-2.1.3.js'; against '/webjars/**'
542655 [http-nio-8080-exec-1] DEBUG o.s.s.w.u.matcher.OrRequestMatcher - Trying to match using Ant [pattern='/error']
542655 [http-nio-8080-exec-3] DEBUG o.s.s.w.u.matcher.OrRequestMatcher - Trying to match using Ant [pattern='/**/favicon.ico']
542655 [http-nio-8080-exec-2] DEBUG o.s.s.w.u.m.AntPathRequestMatcher - Checking match of request : '/bootstrap/js/bootstrap.js'; against '/css/**'
542655 [http-nio-8080-exec-1] DEBUG o.s.s.w.u.m.AntPathRequestMatcher - Checking match of request : '/bootstrap/css/bootstrap.css'; against '/error'
542655 [http-nio-8080-exec-3] DEBUG o.s.s.w.u.m.AntPathRequestMatcher - Checking match of request : '/jquery/jquery-2.1.3.js'; against '/**/favicon.ico'
542655 [http-nio-8080-exec-2] DEBUG o.s.s.w.u.matcher.OrRequestMatcher - Trying to match using Ant [pattern='/js/**']
542655 [http-nio-8080-exec-1] DEBUG o.s.s.w.u.matcher.OrRequestMatcher - No matches found
542655 [http-nio-8080-exec-3] DEBUG o.s.s.w.u.matcher.OrRequestMatcher - Trying to match using Ant [pattern='/error']
542656 [http-nio-8080-exec-1] DEBUG o.s.security.web.FilterChainProxy - /bootstrap/css/bootstrap.css at position 1 of 12 in additional filter chain; firing Filter: 'WebAsyncManagerIntegrationFilter'
542656 [http-nio-8080-exec-3] DEBUG o.s.s.w.u.m.AntPathRequestMatcher - Checking match of request : '/jquery/jquery-2.1.3.js'; against '/error'
542655 [http-nio-8080-exec-2] DEBUG o.s.s.w.u.m.AntPathRequestMatcher - Checking match of request : '/bootstrap/js/bootstrap.js'; against '/js/**'
542656 [http-nio-8080-exec-1] DEBUG o.s.security.web.FilterChainProxy - /bootstrap/css/bootstrap.css at position 2 of 12 in additional filter chain; firing Filter: 'SecurityContextPersistenceFilter'
542660 [http-nio-8080-exec-2] DEBUG o.s.s.w.u.matcher.OrRequestMatcher - Trying to match using Ant [pattern='/images/**']
542660 [http-nio-8080-exec-3] DEBUG o.s.s.w.u.matcher.OrRequestMatcher - No matches found
542660 [http-nio-8080-exec-3] DEBUG o.s.security.web.FilterChainProxy - /jquery/jquery-2.1.3.js at position 1 of 12 in additional filter chain; firing Filter: 'WebAsyncManagerIntegrationFilter'
542660 [http-nio-8080-exec-1] DEBUG o.s.s.w.c.HttpSessionSecurityContextRepository - HttpSession returned null object for SPRING_SECURITY_CONTEXT
542660 [http-nio-8080-exec-1] DEBUG o.s.s.w.c.HttpSessionSecurityContextRepository - No SecurityContext was available from the HttpSession: org.apache.catalina.session.StandardSessionFacade@6e527ce1. A new one will be created.
542660 [http-nio-8080-exec-1] DEBUG o.s.security.web.FilterChainProxy - /bootstrap/css/bootstrap.css at position 3 of 12 in additional filter chain; firing Filter: 'HeaderWriterFilter'
542660 [http-nio-8080-exec-2] DEBUG o.s.s.w.u.m.AntPathRequestMatcher - Checking match of request : '/bootstrap/js/bootstrap.js'; against '/images/**'
542660 [http-nio-8080-exec-3] DEBUG o.s.security.web.FilterChainProxy - /jquery/jquery-2.1.3.js at position 2 of 12 in additional filter chain; firing Filter: 'SecurityContextPersistenceFilter'
542660 [http-nio-8080-exec-3] DEBUG o.s.s.w.c.HttpSessionSecurityContextRepository - HttpSession returned null object for SPRING_SECURITY_CONTEXT
542660 [http-nio-8080-exec-3] DEBUG o.s.s.w.c.HttpSessionSecurityContextRepository - No SecurityContext was available from the HttpSession: org.apache.catalina.session.StandardSessionFacade@6e527ce1. A new one will be created.
542660 [http-nio-8080-exec-2] DEBUG o.s.s.w.u.matcher.OrRequestMatcher - Trying to match using Ant [pattern='/webjars/**']
542660 [http-nio-8080-exec-3] DEBUG o.s.security.web.FilterChainProxy - /jquery/jquery-2.1.3.js at position 3 of 12 in additional filter chain; firing Filter: 'HeaderWriterFilter'
542660 [http-nio-8080-exec-1] DEBUG o.s.s.w.h.writers.HstsHeaderWriter - Not injecting HSTS header since it did not match the requestMatcher org.springframework.security.web.header.writers.HstsHeaderWriter$SecureRequestMatcher@6a6df5f3
542660 [http-nio-8080-exec-3] DEBUG o.s.s.w.h.writers.HstsHeaderWriter - Not injecting HSTS header since it did not match the requestMatcher org.springframework.security.web.header.writers.HstsHeaderWriter$SecureRequestMatcher@6a6df5f3
542660 [http-nio-8080-exec-2] DEBUG o.s.s.w.u.m.AntPathRequestMatcher - Checking match of request : '/bootstrap/js/bootstrap.js'; against '/webjars/**'
542660 [http-nio-8080-exec-3] DEBUG o.s.security.web.FilterChainProxy - /jquery/jquery-2.1.3.js at position 4 of 12 in additional filter chain; firing Filter: 'CsrfFilter'
542660 [http-nio-8080-exec-1] DEBUG o.s.security.web.FilterChainProxy - /bootstrap/css/bootstrap.css at position 4 of 12 in additional filter chain; firing Filter: 'CsrfFilter'
542660 [http-nio-8080-exec-3] DEBUG o.s.security.web.FilterChainProxy - /jquery/jquery-2.1.3.js at position 5 of 12 in additional filter chain; firing Filter: 'LogoutFilter'
542660 [http-nio-8080-exec-1] DEBUG o.s.security.web.FilterChainProxy - /bootstrap/css/bootstrap.css at position 5 of 12 in additional filter chain; firing Filter: 'LogoutFilter'
542660 [http-nio-8080-exec-3] DEBUG o.s.s.w.u.m.AntPathRequestMatcher - Request 'GET /jquery/jquery-2.1.3.js' doesn't match 'POST /logout
542660 [http-nio-8080-exec-2] DEBUG o.s.s.w.u.matcher.OrRequestMatcher - Trying to match using Ant [pattern='/**/favicon.ico']
542661 [http-nio-8080-exec-3] DEBUG o.s.security.web.FilterChainProxy - /jquery/jquery-2.1.3.js at position 6 of 12 in additional filter chain; firing Filter: 'UsernamePasswordAuthenticationFilter'
542661 [http-nio-8080-exec-1] DEBUG o.s.s.w.u.m.AntPathRequestMatcher - Request 'GET /bootstrap/css/bootstrap.css' doesn't match 'POST /logout
542661 [http-nio-8080-exec-2] DEBUG o.s.s.w.u.m.AntPathRequestMatcher - Checking match of request : '/bootstrap/js/bootstrap.js'; against '/**/favicon.ico'
542662 [http-nio-8080-exec-3] DEBUG o.s.s.w.u.m.AntPathRequestMatcher - Request 'GET /jquery/jquery-2.1.3.js' doesn't match 'POST /login
542662 [http-nio-8080-exec-1] DEBUG o.s.security.web.FilterChainProxy - /bootstrap/css/bootstrap.css at position 6 of 12 in additional filter chain; firing Filter: 'UsernamePasswordAuthenticationFilter'
542662 [http-nio-8080-exec-2] DEBUG o.s.s.w.u.matcher.OrRequestMatcher - Trying to match using Ant [pattern='/error']
542662 [http-nio-8080-exec-3] DEBUG o.s.security.web.FilterChainProxy - /jquery/jquery-2.1.3.js at position 7 of 12 in additional filter chain; firing Filter: 'RequestCacheAwareFilter'
542662 [http-nio-8080-exec-1] DEBUG o.s.s.w.u.m.AntPathRequestMatcher - Request 'GET /bootstrap/css/bootstrap.css' doesn't match 'POST /login
542662 [http-nio-8080-exec-3] DEBUG o.s.s.w.s.DefaultSavedRequest - pathInfo: both null (property equals)
542662 [http-nio-8080-exec-2] DEBUG o.s.s.w.u.m.AntPathRequestMatcher - Checking match of request : '/bootstrap/js/bootstrap.js'; against '/error'
542662 [http-nio-8080-exec-1] DEBUG o.s.security.web.FilterChainProxy - /bootstrap/css/bootstrap.css at position 7 of 12 in additional filter chain; firing Filter: 'RequestCacheAwareFilter'
542662 [http-nio-8080-exec-1] DEBUG o.s.s.w.s.DefaultSavedRequest - pathInfo: both null (property equals)
542662 [http-nio-8080-exec-3] DEBUG o.s.s.w.s.DefaultSavedRequest - queryString: both null (property equals)
542662 [http-nio-8080-exec-2] DEBUG o.s.s.w.u.matcher.OrRequestMatcher - No matches found
542662 [http-nio-8080-exec-1] DEBUG o.s.s.w.s.DefaultSavedRequest - queryString: both null (property equals)
542662 [http-nio-8080-exec-3] DEBUG o.s.s.w.s.DefaultSavedRequest - requestURI: arg1=/; arg2=/jquery/jquery-2.1.3.js (property not equals)
542662 [http-nio-8080-exec-1] DEBUG o.s.s.w.s.DefaultSavedRequest - requestURI: arg1=/; arg2=/bootstrap/css/bootstrap.css (property not equals)
542662 [http-nio-8080-exec-2] DEBUG o.s.security.web.FilterChainProxy - /bootstrap/js/bootstrap.js at position 1 of 12 in additional filter chain; firing Filter: 'WebAsyncManagerIntegrationFilter'
542662 [http-nio-8080-exec-2] DEBUG o.s.security.web.FilterChainProxy - /bootstrap/js/bootstrap.js at position 2 of 12 in additional filter chain; firing Filter: 'SecurityContextPersistenceFilter'
542662 [http-nio-8080-exec-3] DEBUG o.s.s.w.s.HttpSessionRequestCache - saved request doesn't match
542662 [http-nio-8080-exec-1] DEBUG o.s.s.w.s.HttpSessionRequestCache - saved request doesn't match
542662 [http-nio-8080-exec-2] DEBUG o.s.s.w.c.HttpSessionSecurityContextRepository - HttpSession returned null object for SPRING_SECURITY_CONTEXT
542662 [http-nio-8080-exec-1] DEBUG o.s.security.web.FilterChainProxy - /bootstrap/css/bootstrap.css at position 8 of 12 in additional filter chain; firing Filter: 'SecurityContextHolderAwareRequestFilter'
542662 [http-nio-8080-exec-3] DEBUG o.s.security.web.FilterChainProxy - /jquery/jquery-2.1.3.js at position 8 of 12 in additional filter chain; firing Filter: 'SecurityContextHolderAwareRequestFilter'
542662 [http-nio-8080-exec-1] DEBUG o.s.security.web.FilterChainProxy - /bootstrap/css/bootstrap.css at position 9 of 12 in additional filter chain; firing Filter: 'AnonymousAuthenticationFilter'
542662 [http-nio-8080-exec-2] DEBUG o.s.s.w.c.HttpSessionSecurityContextRepository - No SecurityContext was available from the HttpSession: org.apache.catalina.session.StandardSessionFacade@6e527ce1. A new one will be created.
542662 [http-nio-8080-exec-3] DEBUG o.s.security.web.FilterChainProxy - /jquery/jquery-2.1.3.js at position 9 of 12 in additional filter chain; firing Filter: 'AnonymousAuthenticationFilter'
542662 [http-nio-8080-exec-1] DEBUG o.s.s.w.a.AnonymousAuthenticationFilter - Populated SecurityContextHolder with anonymous token: 'org.springframework.security.authentication.AnonymousAuthenticationToken@6fa90ed4: Principal: anonymousUser; Credentials: [PROTECTED]; Authenticated: true; Details: org.springframework.security.web.authentication.WebAuthenticationDetails@fffc7f0c: RemoteIpAddress: 127.0.0.1; SessionId: 3804353C2C2C151F407CA4B277564A11; Granted Authorities: ROLE_ANONYMOUS'
542662 [http-nio-8080-exec-3] DEBUG o.s.s.w.a.AnonymousAuthenticationFilter - Populated SecurityContextHolder with anonymous token: 'org.springframework.security.authentication.AnonymousAuthenticationToken@6faeba70: Principal: anonymousUser; Credentials: [PROTECTED]; Authenticated: true; Details: org.springframework.security.web.authentication.WebAuthenticationDetails@fffbcba8: RemoteIpAddress: 0:0:0:0:0:0:0:1; SessionId: 3804353C2C2C151F407CA4B277564A11; Granted Authorities: ROLE_ANONYMOUS'
542662 [http-nio-8080-exec-2] DEBUG o.s.security.web.FilterChainProxy - /bootstrap/js/bootstrap.js at position 3 of 12 in additional filter chain; firing Filter: 'HeaderWriterFilter'
542662 [http-nio-8080-exec-1] DEBUG o.s.security.web.FilterChainProxy - /bootstrap/css/bootstrap.css at position 10 of 12 in additional filter chain; firing Filter: 'SessionManagementFilter'
542662 [http-nio-8080-exec-3] DEBUG o.s.security.web.FilterChainProxy - /jquery/jquery-2.1.3.js at position 10 of 12 in additional filter chain; firing Filter: 'SessionManagementFilter'
542662 [http-nio-8080-exec-1] DEBUG o.s.security.web.FilterChainProxy - /bootstrap/css/bootstrap.css at position 11 of 12 in additional filter chain; firing Filter: 'ExceptionTranslationFilter'
542662 [http-nio-8080-exec-2] DEBUG o.s.s.w.h.writers.HstsHeaderWriter - Not injecting HSTS header since it did not match the requestMatcher org.springframework.security.web.header.writers.HstsHeaderWriter$SecureRequestMatcher@6a6df5f3
542662 [http-nio-8080-exec-3] DEBUG o.s.security.web.FilterChainProxy - /jquery/jquery-2.1.3.js at position 11 of 12 in additional filter chain; firing Filter: 'ExceptionTranslationFilter'
542662 [http-nio-8080-exec-1] DEBUG o.s.security.web.FilterChainProxy - /bootstrap/css/bootstrap.css at position 12 of 12 in additional filter chain; firing Filter: 'FilterSecurityInterceptor'
542662 [http-nio-8080-exec-2] DEBUG o.s.security.web.FilterChainProxy - /bootstrap/js/bootstrap.js at position 4 of 12 in additional filter chain; firing Filter: 'CsrfFilter'
542663 [http-nio-8080-exec-3] DEBUG o.s.security.web.FilterChainProxy - /jquery/jquery-2.1.3.js at position 12 of 12 in additional filter chain; firing Filter: 'FilterSecurityInterceptor'
542663 [http-nio-8080-exec-2] DEBUG o.s.security.web.FilterChainProxy - /bootstrap/js/bootstrap.js at position 5 of 12 in additional filter chain; firing Filter: 'LogoutFilter'
542663 [http-nio-8080-exec-3] DEBUG o.s.s.w.u.m.AntPathRequestMatcher - Request 'GET /jquery/jquery-2.1.3.js' doesn't match 'POST /logout
542663 [http-nio-8080-exec-1] DEBUG o.s.s.w.u.m.AntPathRequestMatcher - Request 'GET /bootstrap/css/bootstrap.css' doesn't match 'POST /logout
542663 [http-nio-8080-exec-2] DEBUG o.s.s.w.u.m.AntPathRequestMatcher - Request 'GET /bootstrap/js/bootstrap.js' doesn't match 'POST /logout
542663 [http-nio-8080-exec-3] DEBUG o.s.s.w.u.m.AntPathRequestMatcher - Checking match of request : '/jquery/jquery-2.1.3.js'; against '/bootstrap/**'
542663 [http-nio-8080-exec-1] DEBUG o.s.s.w.u.m.AntPathRequestMatcher - Checking match of request : '/bootstrap/css/bootstrap.css'; against '/bootstrap/**'
542663 [http-nio-8080-exec-2] DEBUG o.s.security.web.FilterChainProxy - /bootstrap/js/bootstrap.js at position 6 of 12 in additional filter chain; firing Filter: 'UsernamePasswordAuthenticationFilter'
542663 [http-nio-8080-exec-3] DEBUG o.s.s.w.u.m.AntPathRequestMatcher - Checking match of request : '/jquery/jquery-2.1.3.js'; against '/error/**'
542663 [http-nio-8080-exec-1] DEBUG o.s.s.w.a.i.FilterSecurityInterceptor - Secure object: FilterInvocation: URL: /bootstrap/css/bootstrap.css; Attributes: [permitAll]
542663 [http-nio-8080-exec-2] DEBUG o.s.s.w.u.m.AntPathRequestMatcher - Request 'GET /bootstrap/js/bootstrap.js' doesn't match 'POST /login
542663 [http-nio-8080-exec-3] DEBUG o.s.s.w.u.m.AntPathRequestMatcher - Checking match of request : '/jquery/jquery-2.1.3.js'; against '/img/**'
542663 [http-nio-8080-exec-2] DEBUG o.s.security.web.FilterChainProxy - /bootstrap/js/bootstrap.js at position 7 of 12 in additional filter chain; firing Filter: 'RequestCacheAwareFilter'
542663 [http-nio-8080-exec-1] DEBUG o.s.s.w.a.i.FilterSecurityInterceptor - Previously Authenticated: org.springframework.security.authentication.AnonymousAuthenticationToken@6fa90ed4: Principal: anonymousUser; Credentials: [PROTECTED]; Authenticated: true; Details: org.springframework.security.web.authentication.WebAuthenticationDetails@fffc7f0c: RemoteIpAddress: 127.0.0.1; SessionId: 3804353C2C2C151F407CA4B277564A11; Granted Authorities: ROLE_ANONYMOUS
542663 [http-nio-8080-exec-2] DEBUG o.s.s.w.s.DefaultSavedRequest - pathInfo: both null (property equals)
542663 [http-nio-8080-exec-3] DEBUG o.s.s.w.u.m.AntPathRequestMatcher - Checking match of request : '/jquery/jquery-2.1.3.js'; against '/jquery/**'
542663 [http-nio-8080-exec-2] DEBUG o.s.s.w.s.DefaultSavedRequest - queryString: both null (property equals)
542663 [http-nio-8080-exec-3] DEBUG o.s.s.w.a.i.FilterSecurityInterceptor - Secure object: FilterInvocation: URL: /jquery/jquery-2.1.3.js; Attributes: [permitAll]
542663 [http-nio-8080-exec-2] DEBUG o.s.s.w.s.DefaultSavedRequest - requestURI: arg1=/; arg2=/bootstrap/js/bootstrap.js (property not equals)
542663 [http-nio-8080-exec-2] DEBUG o.s.s.w.s.HttpSessionRequestCache - saved request doesn't match
542663 [http-nio-8080-exec-3] DEBUG o.s.s.w.a.i.FilterSecurityInterceptor - Previously Authenticated: org.springframework.security.authentication.AnonymousAuthenticationToken@6faeba70: Principal: anonymousUser; Credentials: [PROTECTED]; Authenticated: true; Details: org.springframework.security.web.authentication.WebAuthenticationDetails@fffbcba8: RemoteIpAddress: 0:0:0:0:0:0:0:1; SessionId: 3804353C2C2C151F407CA4B277564A11; Granted Authorities: ROLE_ANONYMOUS
542663 [http-nio-8080-exec-2] DEBUG o.s.security.web.FilterChainProxy - /bootstrap/js/bootstrap.js at position 8 of 12 in additional filter chain; firing Filter: 'SecurityContextHolderAwareRequestFilter'
542663 [http-nio-8080-exec-2] DEBUG o.s.security.web.FilterChainProxy - /bootstrap/js/bootstrap.js at position 9 of 12 in additional filter chain; firing Filter: 'AnonymousAuthenticationFilter'
542663 [http-nio-8080-exec-1] DEBUG o.s.s.access.vote.AffirmativeBased - Voter: org.springframework.security.web.access.expression.WebExpressionVoter@2f6f76da, returned: 1
542663 [http-nio-8080-exec-3] DEBUG o.s.s.access.vote.AffirmativeBased - Voter: org.springframework.security.web.access.expression.WebExpressionVoter@2f6f76da, returned: 1
542663 [http-nio-8080-exec-2] DEBUG o.s.s.w.a.AnonymousAuthenticationFilter - Populated SecurityContextHolder with anonymous token: 'org.springframework.security.authentication.AnonymousAuthenticationToken@6fa90ed4: Principal: anonymousUser; Credentials: [PROTECTED]; Authenticated: true; Details: org.springframework.security.web.authentication.WebAuthenticationDetails@fffc7f0c: RemoteIpAddress: 127.0.0.1; SessionId: 3804353C2C2C151F407CA4B277564A11; Granted Authorities: ROLE_ANONYMOUS'
542664 [http-nio-8080-exec-1] DEBUG o.s.s.w.a.i.FilterSecurityInterceptor - Authorization successful
542664 [http-nio-8080-exec-3] DEBUG o.s.s.w.a.i.FilterSecurityInterceptor - Authorization successful
542664 [http-nio-8080-exec-1] DEBUG o.s.s.w.a.i.FilterSecurityInterceptor - RunAsManager did not change Authentication object
542664 [http-nio-8080-exec-1] DEBUG o.s.security.web.FilterChainProxy - /bootstrap/css/bootstrap.css reached end of additional filter chain; proceeding with original chain
542664 [http-nio-8080-exec-2] DEBUG o.s.security.web.FilterChainProxy - /bootstrap/js/bootstrap.js at position 10 of 12 in additional filter chain; firing Filter: 'SessionManagementFilter'
542664 [http-nio-8080-exec-3] DEBUG o.s.s.w.a.i.FilterSecurityInterceptor - RunAsManager did not change Authentication object
542664 [http-nio-8080-exec-3] DEBUG o.s.security.web.FilterChainProxy - /jquery/jquery-2.1.3.js reached end of additional filter chain; proceeding with original chain
542664 [http-nio-8080-exec-2] DEBUG o.s.security.web.FilterChainProxy - /bootstrap/js/bootstrap.js at position 11 of 12 in additional filter chain; firing Filter: 'ExceptionTranslationFilter'
542664 [http-nio-8080-exec-2] DEBUG o.s.security.web.FilterChainProxy - /bootstrap/js/bootstrap.js at position 12 of 12 in additional filter chain; firing Filter: 'FilterSecurityInterceptor'
542664 [http-nio-8080-exec-2] DEBUG o.s.s.w.u.m.AntPathRequestMatcher - Request 'GET /bootstrap/js/bootstrap.js' doesn't match 'POST /logout
542664 [http-nio-8080-exec-2] DEBUG o.s.s.w.u.m.AntPathRequestMatcher - Checking match of request : '/bootstrap/js/bootstrap.js'; against '/bootstrap/**'
542664 [http-nio-8080-exec-2] DEBUG o.s.s.w.a.i.FilterSecurityInterceptor - Secure object: FilterInvocation: URL: /bootstrap/js/bootstrap.js; Attributes: [permitAll]
542664 [http-nio-8080-exec-2] DEBUG o.s.s.w.a.i.FilterSecurityInterceptor - Previously Authenticated: org.springframework.security.authentication.AnonymousAuthenticationToken@6fa90ed4: Principal: anonymousUser; Credentials: [PROTECTED]; Authenticated: true; Details: org.springframework.security.web.authentication.WebAuthenticationDetails@fffc7f0c: RemoteIpAddress: 127.0.0.1; SessionId: 3804353C2C2C151F407CA4B277564A11; Granted Authorities: ROLE_ANONYMOUS
542664 [http-nio-8080-exec-2] DEBUG o.s.s.access.vote.AffirmativeBased - Voter: org.springframework.security.web.access.expression.WebExpressionVoter@2f6f76da, returned: 1
542664 [http-nio-8080-exec-2] DEBUG o.s.s.w.a.i.FilterSecurityInterceptor - Authorization successful
542664 [http-nio-8080-exec-2] DEBUG o.s.s.w.a.i.FilterSecurityInterceptor - RunAsManager did not change Authentication object
542664 [http-nio-8080-exec-2] DEBUG o.s.security.web.FilterChainProxy - /bootstrap/js/bootstrap.js reached end of additional filter chain; proceeding with original chain
542666 [http-nio-8080-exec-3] DEBUG o.s.s.w.c.HttpSessionSecurityContextRepository - SecurityContext is empty or contents are anonymous - context will not be stored in HttpSession.
542666 [http-nio-8080-exec-1] DEBUG o.s.s.w.c.HttpSessionSecurityContextRepository - SecurityContext is empty or contents are anonymous - context will not be stored in HttpSession.
542666 [http-nio-8080-exec-2] DEBUG o.s.s.w.c.HttpSessionSecurityContextRepository - SecurityContext is empty or contents are anonymous - context will not be stored in HttpSession.
542667 [http-nio-8080-exec-2] DEBUG o.s.s.w.a.ExceptionTranslationFilter - Chain processed normally
542667 [http-nio-8080-exec-2] DEBUG o.s.s.w.c.SecurityContextPersistenceFilter - SecurityContextHolder now cleared, as request processing completed
542668 [http-nio-8080-exec-3] DEBUG o.s.s.w.a.ExceptionTranslationFilter - Chain processed normally
542668 [http-nio-8080-exec-3] DEBUG o.s.s.w.c.SecurityContextPersistenceFilter - SecurityContextHolder now cleared, as request processing completed
542670 [http-nio-8080-exec-1] DEBUG o.s.s.w.a.ExceptionTranslationFilter - Chain processed normally
542670 [http-nio-8080-exec-1] DEBUG o.s.s.w.c.SecurityContextPersistenceFilter - SecurityContextHolder now cleared, as request processing completed
542722 [http-nio-8080-exec-8] ERROR o.a.c.c.C.[.[.[.[dispatcherServlet] - Servlet.service() for servlet [dispatcherServlet] in context with path [] threw exception [Request processing failed; nested exception is freemarker.core.InvalidReferenceException: The following has evaluated to null or missing:
==> user.name  [in template "temp.ftl" at line 24, column 19]

----
Tip: It's the step after the last dot that caused this error, not those before it.
----
Tip: If the failing expression is known to be legally refer to something that's sometimes null or missing, either specify a default value like myOptionalVar!myDefault, or use <#if myOptionalVar??>when-present<#else>when-missing</#if>. (These only cover the last step of the expression; to cover the whole expression, use parenthesis: (myOptionalVar.foo)!myDefault, (myOptionalVar.foo)??
----

----
FTL stack trace ("~" means nesting-related):
	- Failed at: ${user.name}  [in template "temp.ftl" at line 24, column 17]
----] with root cause
freemarker.core.InvalidReferenceException: The following has evaluated to null or missing:
==> user.name  [in template "temp.ftl" at line 24, column 19]

----
Tip: It's the step after the last dot that caused this error, not those before it.
----
Tip: If the failing expression is known to be legally refer to something that's sometimes null or missing, either specify a default value like myOptionalVar!myDefault, or use <#if myOptionalVar??>when-present<#else>when-missing</#if>. (These only cover the last step of the expression; to cover the whole expression, use parenthesis: (myOptionalVar.foo)!myDefault, (myOptionalVar.foo)??
----

----
FTL stack trace ("~" means nesting-related):
	- Failed at: ${user.name}  [in template "temp.ftl" at line 24, column 17]
----
	at freemarker.core.InvalidReferenceException.getInstance(InvalidReferenceException.java:134)
	at freemarker.core.EvalUtil.coerceModelToTextualCommon(EvalUtil.java:465)
	at freemarker.core.EvalUtil.coerceModelToStringOrMarkup(EvalUtil.java:387)
	at freemarker.core.EvalUtil.coerceModelToStringOrMarkup(EvalUtil.java:356)
	at freemarker.core.DollarVariable.calculateInterpolatedStringOrMarkup(DollarVariable.java:96)
	at freemarker.core.DollarVariable.accept(DollarVariable.java:59)
	at freemarker.core.Environment.visit(Environment.java:362)
	at freemarker.core.IteratorBlock$IterationContext.executedNestedContentForCollOrSeqListing(IteratorBlock.java:315)
	at freemarker.core.IteratorBlock$IterationContext.executeNestedContent(IteratorBlock.java:271)
	at freemarker.core.IteratorBlock$IterationContext.accept(IteratorBlock.java:242)
	at freemarker.core.Environment.visitIteratorBlock(Environment.java:595)
	at freemarker.core.IteratorBlock.acceptWithResult(IteratorBlock.java:107)
	at freemarker.core.IteratorBlock.accept(IteratorBlock.java:93)
	at freemarker.core.Environment.visit(Environment.java:326)
	at freemarker.core.Environment.visit(Environment.java:332)
	at freemarker.core.Environment.visit(Environment.java:332)
	at freemarker.core.Environment.process(Environment.java:305)
	at freemarker.template.Template.process(Template.java:378)
	at org.springframework.web.servlet.view.freemarker.FreeMarkerView.processTemplate(FreeMarkerView.java:368)
	at org.springframework.web.servlet.view.freemarker.FreeMarkerView.doRender(FreeMarkerView.java:285)
	at org.springframework.web.servlet.view.freemarker.FreeMarkerView.renderMergedTemplateModel(FreeMarkerView.java:235)
	at org.springframework.web.servlet.view.AbstractTemplateView.renderMergedOutputModel(AbstractTemplateView.java:167)
	at org.springframework.web.servlet.view.AbstractView.render(AbstractView.java:303)
	at org.springframework.web.servlet.DispatcherServlet.render(DispatcherServlet.java:1286)
	at org.springframework.web.servlet.DispatcherServlet.processDispatchResult(DispatcherServlet.java:1041)
	at org.springframework.web.servlet.DispatcherServlet.doDispatch(DispatcherServlet.java:984)
	at org.springframework.web.servlet.DispatcherServlet.doService(DispatcherServlet.java:901)
	at org.springframework.web.servlet.FrameworkServlet.processRequest(FrameworkServlet.java:970)
	at org.springframework.web.servlet.FrameworkServlet.doGet(FrameworkServlet.java:861)
	at javax.servlet.http.HttpServlet.service(HttpServlet.java:635)
	at org.springframework.web.servlet.FrameworkServlet.service(FrameworkServlet.java:846)
	at javax.servlet.http.HttpServlet.service(HttpServlet.java:742)
	at org.apache.catalina.core.ApplicationFilterChain.internalDoFilter(ApplicationFilterChain.java:231)
	at org.apache.catalina.core.ApplicationFilterChain.doFilter(ApplicationFilterChain.java:166)
	at org.apache.tomcat.websocket.server.WsFilter.doFilter(WsFilter.java:52)
	at org.apache.catalina.core.ApplicationFilterChain.internalDoFilter(ApplicationFilterChain.java:193)
	at org.apache.catalina.core.ApplicationFilterChain.doFilter(ApplicationFilterChain.java:166)
	at com.alibaba.druid.support.http.WebStatFilter.doFilter(WebStatFilter.java:123)
	at org.apache.catalina.core.ApplicationFilterChain.internalDoFilter(ApplicationFilterChain.java:193)
	at org.apache.catalina.core.ApplicationFilterChain.doFilter(ApplicationFilterChain.java:166)
	at org.springframework.security.web.FilterChainProxy$VirtualFilterChain.doFilter(FilterChainProxy.java:317)
	at org.springframework.security.web.access.intercept.FilterSecurityInterceptor.invoke(FilterSecurityInterceptor.java:127)
	at org.springframework.security.web.access.intercept.FilterSecurityInterceptor.doFilter(FilterSecurityInterceptor.java:91)
	at org.springframework.security.web.FilterChainProxy$VirtualFilterChain.doFilter(FilterChainProxy.java:331)
	at org.springframework.security.web.access.ExceptionTranslationFilter.doFilter(ExceptionTranslationFilter.java:114)
	at org.springframework.security.web.FilterChainProxy$VirtualFilterChain.doFilter(FilterChainProxy.java:331)
	at org.springframework.security.web.session.SessionManagementFilter.doFilter(SessionManagementFilter.java:137)
	at org.springframework.security.web.FilterChainProxy$VirtualFilterChain.doFilter(FilterChainProxy.java:331)
	at org.springframework.security.web.authentication.AnonymousAuthenticationFilter.doFilter(AnonymousAuthenticationFilter.java:111)
	at org.springframework.security.web.FilterChainProxy$VirtualFilterChain.doFilter(FilterChainProxy.java:331)
	at org.springframework.security.web.servletapi.SecurityContextHolderAwareRequestFilter.doFilter(SecurityContextHolderAwareRequestFilter.java:170)
	at org.springframework.security.web.FilterChainProxy$VirtualFilterChain.doFilter(FilterChainProxy.java:331)
	at org.springframework.security.web.savedrequest.RequestCacheAwareFilter.doFilter(RequestCacheAwareFilter.java:63)
	at org.springframework.security.web.FilterChainProxy$VirtualFilterChain.doFilter(FilterChainProxy.java:331)
	at org.springframework.security.web.authentication.AbstractAuthenticationProcessingFilter.doFilter(AbstractAuthenticationProcessingFilter.java:200)
	at org.springframework.security.web.FilterChainProxy$VirtualFilterChain.doFilter(FilterChainProxy.java:331)
	at org.springframework.security.web.authentication.logout.LogoutFilter.doFilter(LogoutFilter.java:116)
	at org.springframework.security.web.FilterChainProxy$VirtualFilterChain.doFilter(FilterChainProxy.java:331)
	at org.springframework.security.web.csrf.CsrfFilter.doFilterInternal(CsrfFilter.java:100)
	at org.springframework.web.filter.OncePerRequestFilter.doFilter(OncePerRequestFilter.java:107)
	at org.springframework.security.web.FilterChainProxy$VirtualFilterChain.doFilter(FilterChainProxy.java:331)
	at org.springframework.security.web.header.HeaderWriterFilter.doFilterInternal(HeaderWriterFilter.java:64)
	at org.springframework.web.filter.OncePerRequestFilter.doFilter(OncePerRequestFilter.java:107)
	at org.springframework.security.web.FilterChainProxy$VirtualFilterChain.doFilter(FilterChainProxy.java:331)
	at org.springframework.security.web.context.SecurityContextPersistenceFilter.doFilter(SecurityContextPersistenceFilter.java:105)
	at org.springframework.security.web.FilterChainProxy$VirtualFilterChain.doFilter(FilterChainProxy.java:331)
	at org.springframework.security.web.context.request.async.WebAsyncManagerIntegrationFilter.doFilterInternal(WebAsyncManagerIntegrationFilter.java:56)
	at org.springframework.web.filter.OncePerRequestFilter.doFilter(OncePerRequestFilter.java:107)
	at org.springframework.security.web.FilterChainProxy$VirtualFilterChain.doFilter(FilterChainProxy.java:331)
	at org.springframework.security.web.FilterChainProxy.doFilterInternal(FilterChainProxy.java:214)
	at org.springframework.security.web.FilterChainProxy.doFilter(FilterChainProxy.java:177)
	at org.springframework.web.filter.DelegatingFilterProxy.invokeDelegate(DelegatingFilterProxy.java:347)
	at org.springframework.web.filter.DelegatingFilterProxy.doFilter(DelegatingFilterProxy.java:263)
	at org.apache.catalina.core.ApplicationFilterChain.internalDoFilter(ApplicationFilterChain.java:193)
	at org.apache.catalina.core.ApplicationFilterChain.doFilter(ApplicationFilterChain.java:166)
	at org.springframework.web.filter.RequestContextFilter.doFilterInternal(RequestContextFilter.java:99)
	at org.springframework.web.filter.OncePerRequestFilter.doFilter(OncePerRequestFilter.java:107)
	at org.apache.catalina.core.ApplicationFilterChain.internalDoFilter(ApplicationFilterChain.java:193)
	at org.apache.catalina.core.ApplicationFilterChain.doFilter(ApplicationFilterChain.java:166)
	at org.springframework.web.filter.HttpPutFormContentFilter.doFilterInternal(HttpPutFormContentFilter.java:108)
	at org.springframework.web.filter.OncePerRequestFilter.doFilter(OncePerRequestFilter.java:107)
	at org.apache.catalina.core.ApplicationFilterChain.internalDoFilter(ApplicationFilterChain.java:193)
	at org.apache.catalina.core.ApplicationFilterChain.doFilter(ApplicationFilterChain.java:166)
	at org.springframework.web.filter.HiddenHttpMethodFilter.doFilterInternal(HiddenHttpMethodFilter.java:81)
	at org.springframework.web.filter.OncePerRequestFilter.doFilter(OncePerRequestFilter.java:107)
	at org.apache.catalina.core.ApplicationFilterChain.internalDoFilter(ApplicationFilterChain.java:193)
	at org.apache.catalina.core.ApplicationFilterChain.doFilter(ApplicationFilterChain.java:166)
	at org.springframework.web.filter.CharacterEncodingFilter.doFilterInternal(CharacterEncodingFilter.java:197)
	at org.springframework.web.filter.OncePerRequestFilter.doFilter(OncePerRequestFilter.java:107)
	at org.apache.catalina.core.ApplicationFilterChain.internalDoFilter(ApplicationFilterChain.java:193)
	at org.apache.catalina.core.ApplicationFilterChain.doFilter(ApplicationFilterChain.java:166)
	at org.apache.catalina.core.StandardWrapperValve.invoke(StandardWrapperValve.java:199)
	at org.apache.catalina.core.StandardContextValve.invoke(StandardContextValve.java:96)
	at org.apache.catalina.authenticator.AuthenticatorBase.invoke(AuthenticatorBase.java:478)
	at org.apache.catalina.core.StandardHostValve.invoke(StandardHostValve.java:140)
	at org.apache.catalina.valves.ErrorReportValve.invoke(ErrorReportValve.java:81)
	at org.apache.catalina.core.StandardEngineValve.invoke(StandardEngineValve.java:87)
	at org.apache.catalina.connector.CoyoteAdapter.service(CoyoteAdapter.java:342)
	at org.apache.coyote.http11.Http11Processor.service(Http11Processor.java:803)
	at org.apache.coyote.AbstractProcessorLight.process(AbstractProcessorLight.java:66)
	at org.apache.coyote.AbstractProtocol$ConnectionHandler.process(AbstractProtocol.java:868)
	at org.apache.tomcat.util.net.NioEndpoint$SocketProcessor.doRun(NioEndpoint.java:1459)
	at org.apache.tomcat.util.net.SocketProcessorBase.run(SocketProcessorBase.java:49)
	at java.util.concurrent.ThreadPoolExecutor.runWorker(ThreadPoolExecutor.java:1149)
	at java.util.concurrent.ThreadPoolExecutor$Worker.run(ThreadPoolExecutor.java:624)
	at org.apache.tomcat.util.threads.TaskThread$WrappingRunnable.run(TaskThread.java:61)
	at java.lang.Thread.run(Thread.java:748)
542727 [http-nio-8080-exec-8] DEBUG o.s.s.w.u.matcher.OrRequestMatcher - Trying to match using Ant [pattern='/css/**']
542727 [http-nio-8080-exec-8] DEBUG o.s.s.w.u.m.AntPathRequestMatcher - Checking match of request : '/temp'; against '/css/**'
542727 [http-nio-8080-exec-8] DEBUG o.s.s.w.u.matcher.OrRequestMatcher - Trying to match using Ant [pattern='/js/**']
542727 [http-nio-8080-exec-8] DEBUG o.s.s.w.u.m.AntPathRequestMatcher - Checking match of request : '/temp'; against '/js/**'
542727 [http-nio-8080-exec-8] DEBUG o.s.s.w.u.matcher.OrRequestMatcher - Trying to match using Ant [pattern='/images/**']
542727 [http-nio-8080-exec-8] DEBUG o.s.s.w.u.m.AntPathRequestMatcher - Checking match of request : '/temp'; against '/images/**'
542727 [http-nio-8080-exec-8] DEBUG o.s.s.w.u.matcher.OrRequestMatcher - Trying to match using Ant [pattern='/webjars/**']
542727 [http-nio-8080-exec-8] DEBUG o.s.s.w.u.m.AntPathRequestMatcher - Checking match of request : '/temp'; against '/webjars/**'
542727 [http-nio-8080-exec-8] DEBUG o.s.s.w.u.matcher.OrRequestMatcher - Trying to match using Ant [pattern='/**/favicon.ico']
542727 [http-nio-8080-exec-8] DEBUG o.s.s.w.u.m.AntPathRequestMatcher - Checking match of request : '/temp'; against '/**/favicon.ico'
542727 [http-nio-8080-exec-8] DEBUG o.s.s.w.u.matcher.OrRequestMatcher - Trying to match using Ant [pattern='/error']
542727 [http-nio-8080-exec-8] DEBUG o.s.s.w.u.m.AntPathRequestMatcher - Checking match of request : '/temp'; against '/error'
542727 [http-nio-8080-exec-8] DEBUG o.s.s.w.u.matcher.OrRequestMatcher - No matches found
542727 [http-nio-8080-exec-8] DEBUG o.s.security.web.FilterChainProxy - /temp at position 1 of 12 in additional filter chain; firing Filter: 'WebAsyncManagerIntegrationFilter'
542727 [http-nio-8080-exec-8] DEBUG o.s.security.web.FilterChainProxy - /temp at position 2 of 12 in additional filter chain; firing Filter: 'SecurityContextPersistenceFilter'
542727 [http-nio-8080-exec-8] DEBUG o.s.s.w.c.HttpSessionSecurityContextRepository - HttpSession returned null object for SPRING_SECURITY_CONTEXT
542727 [http-nio-8080-exec-8] DEBUG o.s.s.w.c.HttpSessionSecurityContextRepository - No SecurityContext was available from the HttpSession: org.apache.catalina.session.StandardSessionFacade@6e527ce1. A new one will be created.
542727 [http-nio-8080-exec-8] DEBUG o.s.security.web.FilterChainProxy - /temp at position 3 of 12 in additional filter chain; firing Filter: 'HeaderWriterFilter'
542727 [http-nio-8080-exec-8] DEBUG o.s.security.web.FilterChainProxy - /temp at position 4 of 12 in additional filter chain; firing Filter: 'CsrfFilter'
542727 [http-nio-8080-exec-8] DEBUG o.s.security.web.FilterChainProxy - /temp at position 5 of 12 in additional filter chain; firing Filter: 'LogoutFilter'
542727 [http-nio-8080-exec-8] DEBUG o.s.s.w.u.m.AntPathRequestMatcher - Request 'GET /temp' doesn't match 'POST /logout
542727 [http-nio-8080-exec-8] DEBUG o.s.security.web.FilterChainProxy - /temp at position 6 of 12 in additional filter chain; firing Filter: 'UsernamePasswordAuthenticationFilter'
542727 [http-nio-8080-exec-8] DEBUG o.s.s.w.u.m.AntPathRequestMatcher - Request 'GET /temp' doesn't match 'POST /login
542727 [http-nio-8080-exec-8] DEBUG o.s.security.web.FilterChainProxy - /temp at position 7 of 12 in additional filter chain; firing Filter: 'RequestCacheAwareFilter'
542727 [http-nio-8080-exec-8] DEBUG o.s.s.w.s.DefaultSavedRequest - pathInfo: both null (property equals)
542727 [http-nio-8080-exec-8] DEBUG o.s.s.w.s.DefaultSavedRequest - queryString: both null (property equals)
542727 [http-nio-8080-exec-8] DEBUG o.s.s.w.s.DefaultSavedRequest - requestURI: arg1=/; arg2=/temp (property not equals)
542727 [http-nio-8080-exec-8] DEBUG o.s.s.w.s.HttpSessionRequestCache - saved request doesn't match
542727 [http-nio-8080-exec-8] DEBUG o.s.security.web.FilterChainProxy - /temp at position 8 of 12 in additional filter chain; firing Filter: 'SecurityContextHolderAwareRequestFilter'
542732 [http-nio-8080-exec-8] DEBUG o.s.security.web.FilterChainProxy - /temp at position 9 of 12 in additional filter chain; firing Filter: 'AnonymousAuthenticationFilter'
542732 [http-nio-8080-exec-8] DEBUG o.s.s.w.a.AnonymousAuthenticationFilter - Populated SecurityContextHolder with anonymous token: 'org.springframework.security.authentication.AnonymousAuthenticationToken@6fa90ed4: Principal: anonymousUser; Credentials: [PROTECTED]; Authenticated: true; Details: org.springframework.security.web.authentication.WebAuthenticationDetails@fffc7f0c: RemoteIpAddress: 127.0.0.1; SessionId: 3804353C2C2C151F407CA4B277564A11; Granted Authorities: ROLE_ANONYMOUS'
542732 [http-nio-8080-exec-8] DEBUG o.s.security.web.FilterChainProxy - /temp at position 10 of 12 in additional filter chain; firing Filter: 'SessionManagementFilter'
542732 [http-nio-8080-exec-8] DEBUG o.s.security.web.FilterChainProxy - /temp at position 11 of 12 in additional filter chain; firing Filter: 'ExceptionTranslationFilter'
542732 [http-nio-8080-exec-8] DEBUG o.s.security.web.FilterChainProxy - /temp at position 12 of 12 in additional filter chain; firing Filter: 'FilterSecurityInterceptor'
542732 [http-nio-8080-exec-8] DEBUG o.s.security.web.FilterChainProxy - /temp reached end of additional filter chain; proceeding with original chain
542745 [http-nio-8080-exec-8] DEBUG o.s.s.w.c.HttpSessionSecurityContextRepository - SecurityContext is empty or contents are anonymous - context will not be stored in HttpSession.
542746 [http-nio-8080-exec-8] DEBUG o.s.s.w.a.ExceptionTranslationFilter - Chain processed normally
542746 [http-nio-8080-exec-8] DEBUG o.s.s.w.c.SecurityContextPersistenceFilter - SecurityContextHolder now cleared, as request processing completed
565047 [http-nio-8080-exec-6] DEBUG o.s.s.w.u.matcher.OrRequestMatcher - Trying to match using Ant [pattern='/css/**']
565047 [http-nio-8080-exec-6] DEBUG o.s.s.w.u.m.AntPathRequestMatcher - Checking match of request : '/temp'; against '/css/**'
565047 [http-nio-8080-exec-6] DEBUG o.s.s.w.u.matcher.OrRequestMatcher - Trying to match using Ant [pattern='/js/**']
565047 [http-nio-8080-exec-6] DEBUG o.s.s.w.u.m.AntPathRequestMatcher - Checking match of request : '/temp'; against '/js/**'
565047 [http-nio-8080-exec-6] DEBUG o.s.s.w.u.matcher.OrRequestMatcher - Trying to match using Ant [pattern='/images/**']
565047 [http-nio-8080-exec-6] DEBUG o.s.s.w.u.m.AntPathRequestMatcher - Checking match of request : '/temp'; against '/images/**'
565047 [http-nio-8080-exec-6] DEBUG o.s.s.w.u.matcher.OrRequestMatcher - Trying to match using Ant [pattern='/webjars/**']
565047 [http-nio-8080-exec-6] DEBUG o.s.s.w.u.m.AntPathRequestMatcher - Checking match of request : '/temp'; against '/webjars/**'
565047 [http-nio-8080-exec-6] DEBUG o.s.s.w.u.matcher.OrRequestMatcher - Trying to match using Ant [pattern='/**/favicon.ico']
565047 [http-nio-8080-exec-6] DEBUG o.s.s.w.u.m.AntPathRequestMatcher - Checking match of request : '/temp'; against '/**/favicon.ico'
565047 [http-nio-8080-exec-6] DEBUG o.s.s.w.u.matcher.OrRequestMatcher - Trying to match using Ant [pattern='/error']
565047 [http-nio-8080-exec-6] DEBUG o.s.s.w.u.m.AntPathRequestMatcher - Checking match of request : '/temp'; against '/error'
565047 [http-nio-8080-exec-6] DEBUG o.s.s.w.u.matcher.OrRequestMatcher - No matches found
565047 [http-nio-8080-exec-6] DEBUG o.s.security.web.FilterChainProxy - /temp at position 1 of 12 in additional filter chain; firing Filter: 'WebAsyncManagerIntegrationFilter'
565047 [http-nio-8080-exec-6] DEBUG o.s.security.web.FilterChainProxy - /temp at position 2 of 12 in additional filter chain; firing Filter: 'SecurityContextPersistenceFilter'
565047 [http-nio-8080-exec-6] DEBUG o.s.s.w.c.HttpSessionSecurityContextRepository - HttpSession returned null object for SPRING_SECURITY_CONTEXT
565047 [http-nio-8080-exec-6] DEBUG o.s.s.w.c.HttpSessionSecurityContextRepository - No SecurityContext was available from the HttpSession: org.apache.catalina.session.StandardSessionFacade@6e527ce1. A new one will be created.
565047 [http-nio-8080-exec-6] DEBUG o.s.security.web.FilterChainProxy - /temp at position 3 of 12 in additional filter chain; firing Filter: 'HeaderWriterFilter'
565047 [http-nio-8080-exec-6] DEBUG o.s.s.w.h.writers.HstsHeaderWriter - Not injecting HSTS header since it did not match the requestMatcher org.springframework.security.web.header.writers.HstsHeaderWriter$SecureRequestMatcher@6a6df5f3
565047 [http-nio-8080-exec-6] DEBUG o.s.security.web.FilterChainProxy - /temp at position 4 of 12 in additional filter chain; firing Filter: 'CsrfFilter'
565047 [http-nio-8080-exec-6] DEBUG o.s.security.web.FilterChainProxy - /temp at position 5 of 12 in additional filter chain; firing Filter: 'LogoutFilter'
565047 [http-nio-8080-exec-6] DEBUG o.s.s.w.u.m.AntPathRequestMatcher - Request 'GET /temp' doesn't match 'POST /logout
565048 [http-nio-8080-exec-6] DEBUG o.s.security.web.FilterChainProxy - /temp at position 6 of 12 in additional filter chain; firing Filter: 'UsernamePasswordAuthenticationFilter'
565048 [http-nio-8080-exec-6] DEBUG o.s.s.w.u.m.AntPathRequestMatcher - Request 'GET /temp' doesn't match 'POST /login
565048 [http-nio-8080-exec-6] DEBUG o.s.security.web.FilterChainProxy - /temp at position 7 of 12 in additional filter chain; firing Filter: 'RequestCacheAwareFilter'
565048 [http-nio-8080-exec-6] DEBUG o.s.s.w.s.DefaultSavedRequest - pathInfo: both null (property equals)
565048 [http-nio-8080-exec-6] DEBUG o.s.s.w.s.DefaultSavedRequest - queryString: both null (property equals)
565048 [http-nio-8080-exec-6] DEBUG o.s.s.w.s.DefaultSavedRequest - requestURI: arg1=/; arg2=/temp (property not equals)
565051 [http-nio-8080-exec-6] DEBUG o.s.s.w.s.HttpSessionRequestCache - saved request doesn't match
565051 [http-nio-8080-exec-6] DEBUG o.s.security.web.FilterChainProxy - /temp at position 8 of 12 in additional filter chain; firing Filter: 'SecurityContextHolderAwareRequestFilter'
565051 [http-nio-8080-exec-6] DEBUG o.s.security.web.FilterChainProxy - /temp at position 9 of 12 in additional filter chain; firing Filter: 'AnonymousAuthenticationFilter'
565051 [http-nio-8080-exec-6] DEBUG o.s.s.w.a.AnonymousAuthenticationFilter - Populated SecurityContextHolder with anonymous token: 'org.springframework.security.authentication.AnonymousAuthenticationToken@6fa90ed4: Principal: anonymousUser; Credentials: [PROTECTED]; Authenticated: true; Details: org.springframework.security.web.authentication.WebAuthenticationDetails@fffc7f0c: RemoteIpAddress: 127.0.0.1; SessionId: 3804353C2C2C151F407CA4B277564A11; Granted Authorities: ROLE_ANONYMOUS'
565051 [http-nio-8080-exec-6] DEBUG o.s.security.web.FilterChainProxy - /temp at position 10 of 12 in additional filter chain; firing Filter: 'SessionManagementFilter'
565051 [http-nio-8080-exec-6] DEBUG o.s.security.web.FilterChainProxy - /temp at position 11 of 12 in additional filter chain; firing Filter: 'ExceptionTranslationFilter'
565051 [http-nio-8080-exec-6] DEBUG o.s.security.web.FilterChainProxy - /temp at position 12 of 12 in additional filter chain; firing Filter: 'FilterSecurityInterceptor'
565051 [http-nio-8080-exec-6] DEBUG o.s.s.w.u.m.AntPathRequestMatcher - Request 'GET /temp' doesn't match 'POST /logout
565051 [http-nio-8080-exec-6] DEBUG o.s.s.w.u.m.AntPathRequestMatcher - Checking match of request : '/temp'; against '/bootstrap/**'
565051 [http-nio-8080-exec-6] DEBUG o.s.s.w.u.m.AntPathRequestMatcher - Checking match of request : '/temp'; against '/error/**'
565051 [http-nio-8080-exec-6] DEBUG o.s.s.w.u.m.AntPathRequestMatcher - Checking match of request : '/temp'; against '/img/**'
565051 [http-nio-8080-exec-6] DEBUG o.s.s.w.u.m.AntPathRequestMatcher - Checking match of request : '/temp'; against '/jquery/**'
565051 [http-nio-8080-exec-6] DEBUG o.s.s.w.u.m.AntPathRequestMatcher - Checking match of request : '/temp'; against '/index.html'
565051 [http-nio-8080-exec-6] DEBUG o.s.s.w.u.m.AntPathRequestMatcher - Checking match of request : '/temp'; against '/temp'
565051 [http-nio-8080-exec-6] DEBUG o.s.s.w.a.i.FilterSecurityInterceptor - Secure object: FilterInvocation: URL: /temp; Attributes: [permitAll]
565051 [http-nio-8080-exec-6] DEBUG o.s.s.w.a.i.FilterSecurityInterceptor - Previously Authenticated: org.springframework.security.authentication.AnonymousAuthenticationToken@6fa90ed4: Principal: anonymousUser; Credentials: [PROTECTED]; Authenticated: true; Details: org.springframework.security.web.authentication.WebAuthenticationDetails@fffc7f0c: RemoteIpAddress: 127.0.0.1; SessionId: 3804353C2C2C151F407CA4B277564A11; Granted Authorities: ROLE_ANONYMOUS
565051 [http-nio-8080-exec-6] DEBUG o.s.s.access.vote.AffirmativeBased - Voter: org.springframework.security.web.access.expression.WebExpressionVoter@2f6f76da, returned: 1
565051 [http-nio-8080-exec-6] DEBUG o.s.s.w.a.i.FilterSecurityInterceptor - Authorization successful
565051 [http-nio-8080-exec-6] DEBUG o.s.s.w.a.i.FilterSecurityInterceptor - RunAsManager did not change Authentication object
565051 [http-nio-8080-exec-6] DEBUG o.s.security.web.FilterChainProxy - /temp reached end of additional filter chain; proceeding with original chain
565062 [http-nio-8080-exec-6] DEBUG o.s.s.w.c.HttpSessionSecurityContextRepository - SecurityContext is empty or contents are anonymous - context will not be stored in HttpSession.
565063 [http-nio-8080-exec-6] DEBUG o.s.s.w.a.ExceptionTranslationFilter - Chain processed normally
565063 [http-nio-8080-exec-6] DEBUG o.s.s.w.c.SecurityContextPersistenceFilter - SecurityContextHolder now cleared, as request processing completed
565079 [http-nio-8080-exec-10] DEBUG o.s.s.w.u.matcher.OrRequestMatcher - Trying to match using Ant [pattern='/css/**']
565079 [http-nio-8080-exec-9] DEBUG o.s.s.w.u.matcher.OrRequestMatcher - Trying to match using Ant [pattern='/css/**']
565079 [http-nio-8080-exec-10] DEBUG o.s.s.w.u.m.AntPathRequestMatcher - Checking match of request : '/bootstrap/css/bootstrap.css'; against '/css/**'
565079 [http-nio-8080-exec-10] DEBUG o.s.s.w.u.matcher.OrRequestMatcher - Trying to match using Ant [pattern='/js/**']
565079 [http-nio-8080-exec-9] DEBUG o.s.s.w.u.m.AntPathRequestMatcher - Checking match of request : '/jquery/jquery-2.1.3.js'; against '/css/**'
565079 [http-nio-8080-exec-10] DEBUG o.s.s.w.u.m.AntPathRequestMatcher - Checking match of request : '/bootstrap/css/bootstrap.css'; against '/js/**'
565079 [http-nio-8080-exec-9] DEBUG o.s.s.w.u.matcher.OrRequestMatcher - Trying to match using Ant [pattern='/js/**']
565079 [http-nio-8080-exec-10] DEBUG o.s.s.w.u.matcher.OrRequestMatcher - Trying to match using Ant [pattern='/images/**']
565079 [http-nio-8080-exec-9] DEBUG o.s.s.w.u.m.AntPathRequestMatcher - Checking match of request : '/jquery/jquery-2.1.3.js'; against '/js/**'
565079 [http-nio-8080-exec-10] DEBUG o.s.s.w.u.m.AntPathRequestMatcher - Checking match of request : '/bootstrap/css/bootstrap.css'; against '/images/**'
565079 [http-nio-8080-exec-9] DEBUG o.s.s.w.u.matcher.OrRequestMatcher - Trying to match using Ant [pattern='/images/**']
565079 [http-nio-8080-exec-10] DEBUG o.s.s.w.u.matcher.OrRequestMatcher - Trying to match using Ant [pattern='/webjars/**']
565079 [http-nio-8080-exec-9] DEBUG o.s.s.w.u.m.AntPathRequestMatcher - Checking match of request : '/jquery/jquery-2.1.3.js'; against '/images/**'
565079 [http-nio-8080-exec-10] DEBUG o.s.s.w.u.m.AntPathRequestMatcher - Checking match of request : '/bootstrap/css/bootstrap.css'; against '/webjars/**'
565079 [http-nio-8080-exec-9] DEBUG o.s.s.w.u.matcher.OrRequestMatcher - Trying to match using Ant [pattern='/webjars/**']
565079 [http-nio-8080-exec-10] DEBUG o.s.s.w.u.matcher.OrRequestMatcher - Trying to match using Ant [pattern='/**/favicon.ico']
565079 [http-nio-8080-exec-9] DEBUG o.s.s.w.u.m.AntPathRequestMatcher - Checking match of request : '/jquery/jquery-2.1.3.js'; against '/webjars/**'
565079 [http-nio-8080-exec-10] DEBUG o.s.s.w.u.m.AntPathRequestMatcher - Checking match of request : '/bootstrap/css/bootstrap.css'; against '/**/favicon.ico'
565079 [http-nio-8080-exec-9] DEBUG o.s.s.w.u.matcher.OrRequestMatcher - Trying to match using Ant [pattern='/**/favicon.ico']
565079 [http-nio-8080-exec-9] DEBUG o.s.s.w.u.m.AntPathRequestMatcher - Checking match of request : '/jquery/jquery-2.1.3.js'; against '/**/favicon.ico'
565079 [http-nio-8080-exec-10] DEBUG o.s.s.w.u.matcher.OrRequestMatcher - Trying to match using Ant [pattern='/error']
565079 [http-nio-8080-exec-9] DEBUG o.s.s.w.u.matcher.OrRequestMatcher - Trying to match using Ant [pattern='/error']
565079 [http-nio-8080-exec-10] DEBUG o.s.s.w.u.m.AntPathRequestMatcher - Checking match of request : '/bootstrap/css/bootstrap.css'; against '/error'
565079 [http-nio-8080-exec-9] DEBUG o.s.s.w.u.m.AntPathRequestMatcher - Checking match of request : '/jquery/jquery-2.1.3.js'; against '/error'
565079 [http-nio-8080-exec-10] DEBUG o.s.s.w.u.matcher.OrRequestMatcher - No matches found
565079 [http-nio-8080-exec-9] DEBUG o.s.s.w.u.matcher.OrRequestMatcher - No matches found
565079 [http-nio-8080-exec-10] DEBUG o.s.security.web.FilterChainProxy - /bootstrap/css/bootstrap.css at position 1 of 12 in additional filter chain; firing Filter: 'WebAsyncManagerIntegrationFilter'
565079 [http-nio-8080-exec-9] DEBUG o.s.security.web.FilterChainProxy - /jquery/jquery-2.1.3.js at position 1 of 12 in additional filter chain; firing Filter: 'WebAsyncManagerIntegrationFilter'
565079 [http-nio-8080-exec-10] DEBUG o.s.security.web.FilterChainProxy - /bootstrap/css/bootstrap.css at position 2 of 12 in additional filter chain; firing Filter: 'SecurityContextPersistenceFilter'
565079 [http-nio-8080-exec-9] DEBUG o.s.security.web.FilterChainProxy - /jquery/jquery-2.1.3.js at position 2 of 12 in additional filter chain; firing Filter: 'SecurityContextPersistenceFilter'
565080 [http-nio-8080-exec-10] DEBUG o.s.s.w.c.HttpSessionSecurityContextRepository - HttpSession returned null object for SPRING_SECURITY_CONTEXT
565080 [http-nio-8080-exec-9] DEBUG o.s.s.w.c.HttpSessionSecurityContextRepository - HttpSession returned null object for SPRING_SECURITY_CONTEXT
565080 [http-nio-8080-exec-10] DEBUG o.s.s.w.c.HttpSessionSecurityContextRepository - No SecurityContext was available from the HttpSession: org.apache.catalina.session.StandardSessionFacade@6e527ce1. A new one will be created.
565080 [http-nio-8080-exec-9] DEBUG o.s.s.w.c.HttpSessionSecurityContextRepository - No SecurityContext was available from the HttpSession: org.apache.catalina.session.StandardSessionFacade@6e527ce1. A new one will be created.
565080 [http-nio-8080-exec-10] DEBUG o.s.security.web.FilterChainProxy - /bootstrap/css/bootstrap.css at position 3 of 12 in additional filter chain; firing Filter: 'HeaderWriterFilter'
565080 [http-nio-8080-exec-9] DEBUG o.s.security.web.FilterChainProxy - /jquery/jquery-2.1.3.js at position 3 of 12 in additional filter chain; firing Filter: 'HeaderWriterFilter'
565080 [http-nio-8080-exec-10] DEBUG o.s.s.w.h.writers.HstsHeaderWriter - Not injecting HSTS header since it did not match the requestMatcher org.springframework.security.web.header.writers.HstsHeaderWriter$SecureRequestMatcher@6a6df5f3
565080 [http-nio-8080-exec-9] DEBUG o.s.s.w.h.writers.HstsHeaderWriter - Not injecting HSTS header since it did not match the requestMatcher org.springframework.security.web.header.writers.HstsHeaderWriter$SecureRequestMatcher@6a6df5f3
565080 [http-nio-8080-exec-10] DEBUG o.s.security.web.FilterChainProxy - /bootstrap/css/bootstrap.css at position 4 of 12 in additional filter chain; firing Filter: 'CsrfFilter'
565080 [http-nio-8080-exec-9] DEBUG o.s.security.web.FilterChainProxy - /jquery/jquery-2.1.3.js at position 4 of 12 in additional filter chain; firing Filter: 'CsrfFilter'
565080 [http-nio-8080-exec-10] DEBUG o.s.security.web.FilterChainProxy - /bootstrap/css/bootstrap.css at position 5 of 12 in additional filter chain; firing Filter: 'LogoutFilter'
565080 [http-nio-8080-exec-9] DEBUG o.s.security.web.FilterChainProxy - /jquery/jquery-2.1.3.js at position 5 of 12 in additional filter chain; firing Filter: 'LogoutFilter'
565080 [http-nio-8080-exec-10] DEBUG o.s.s.w.u.m.AntPathRequestMatcher - Request 'GET /bootstrap/css/bootstrap.css' doesn't match 'POST /logout
565080 [http-nio-8080-exec-9] DEBUG o.s.s.w.u.m.AntPathRequestMatcher - Request 'GET /jquery/jquery-2.1.3.js' doesn't match 'POST /logout
565080 [http-nio-8080-exec-10] DEBUG o.s.security.web.FilterChainProxy - /bootstrap/css/bootstrap.css at position 6 of 12 in additional filter chain; firing Filter: 'UsernamePasswordAuthenticationFilter'
565080 [http-nio-8080-exec-9] DEBUG o.s.security.web.FilterChainProxy - /jquery/jquery-2.1.3.js at position 6 of 12 in additional filter chain; firing Filter: 'UsernamePasswordAuthenticationFilter'
565080 [http-nio-8080-exec-10] DEBUG o.s.s.w.u.m.AntPathRequestMatcher - Request 'GET /bootstrap/css/bootstrap.css' doesn't match 'POST /login
565080 [http-nio-8080-exec-9] DEBUG o.s.s.w.u.m.AntPathRequestMatcher - Request 'GET /jquery/jquery-2.1.3.js' doesn't match 'POST /login
565080 [http-nio-8080-exec-10] DEBUG o.s.security.web.FilterChainProxy - /bootstrap/css/bootstrap.css at position 7 of 12 in additional filter chain; firing Filter: 'RequestCacheAwareFilter'
565080 [http-nio-8080-exec-9] DEBUG o.s.security.web.FilterChainProxy - /jquery/jquery-2.1.3.js at position 7 of 12 in additional filter chain; firing Filter: 'RequestCacheAwareFilter'
565080 [http-nio-8080-exec-10] DEBUG o.s.s.w.s.DefaultSavedRequest - pathInfo: both null (property equals)
565080 [http-nio-8080-exec-9] DEBUG o.s.s.w.s.DefaultSavedRequest - pathInfo: both null (property equals)
565080 [http-nio-8080-exec-10] DEBUG o.s.s.w.s.DefaultSavedRequest - queryString: both null (property equals)
565080 [http-nio-8080-exec-9] DEBUG o.s.s.w.s.DefaultSavedRequest - queryString: both null (property equals)
565080 [http-nio-8080-exec-4] DEBUG o.s.s.w.u.matcher.OrRequestMatcher - Trying to match using Ant [pattern='/css/**']
565080 [http-nio-8080-exec-10] DEBUG o.s.s.w.s.DefaultSavedRequest - requestURI: arg1=/; arg2=/bootstrap/css/bootstrap.css (property not equals)
565080 [http-nio-8080-exec-9] DEBUG o.s.s.w.s.DefaultSavedRequest - requestURI: arg1=/; arg2=/jquery/jquery-2.1.3.js (property not equals)
565080 [http-nio-8080-exec-10] DEBUG o.s.s.w.s.HttpSessionRequestCache - saved request doesn't match
565080 [http-nio-8080-exec-9] DEBUG o.s.s.w.s.HttpSessionRequestCache - saved request doesn't match
565080 [http-nio-8080-exec-10] DEBUG o.s.security.web.FilterChainProxy - /bootstrap/css/bootstrap.css at position 8 of 12 in additional filter chain; firing Filter: 'SecurityContextHolderAwareRequestFilter'
565080 [http-nio-8080-exec-9] DEBUG o.s.security.web.FilterChainProxy - /jquery/jquery-2.1.3.js at position 8 of 12 in additional filter chain; firing Filter: 'SecurityContextHolderAwareRequestFilter'
565080 [http-nio-8080-exec-10] DEBUG o.s.security.web.FilterChainProxy - /bootstrap/css/bootstrap.css at position 9 of 12 in additional filter chain; firing Filter: 'AnonymousAuthenticationFilter'
565080 [http-nio-8080-exec-9] DEBUG o.s.security.web.FilterChainProxy - /jquery/jquery-2.1.3.js at position 9 of 12 in additional filter chain; firing Filter: 'AnonymousAuthenticationFilter'
565080 [http-nio-8080-exec-4] DEBUG o.s.s.w.u.m.AntPathRequestMatcher - Checking match of request : '/bootstrap/js/bootstrap.js'; against '/css/**'
565080 [http-nio-8080-exec-4] DEBUG o.s.s.w.u.matcher.OrRequestMatcher - Trying to match using Ant [pattern='/js/**']
565080 [http-nio-8080-exec-10] DEBUG o.s.s.w.a.AnonymousAuthenticationFilter - Populated SecurityContextHolder with anonymous token: 'org.springframework.security.authentication.AnonymousAuthenticationToken@6fa90ed4: Principal: anonymousUser; Credentials: [PROTECTED]; Authenticated: true; Details: org.springframework.security.web.authentication.WebAuthenticationDetails@fffc7f0c: RemoteIpAddress: 127.0.0.1; SessionId: 3804353C2C2C151F407CA4B277564A11; Granted Authorities: ROLE_ANONYMOUS'
565080 [http-nio-8080-exec-9] DEBUG o.s.s.w.a.AnonymousAuthenticationFilter - Populated SecurityContextHolder with anonymous token: 'org.springframework.security.authentication.AnonymousAuthenticationToken@6fa90ed4: Principal: anonymousUser; Credentials: [PROTECTED]; Authenticated: true; Details: org.springframework.security.web.authentication.WebAuthenticationDetails@fffc7f0c: RemoteIpAddress: 127.0.0.1; SessionId: 3804353C2C2C151F407CA4B277564A11; Granted Authorities: ROLE_ANONYMOUS'
565080 [http-nio-8080-exec-4] DEBUG o.s.s.w.u.m.AntPathRequestMatcher - Checking match of request : '/bootstrap/js/bootstrap.js'; against '/js/**'
565080 [http-nio-8080-exec-10] DEBUG o.s.security.web.FilterChainProxy - /bootstrap/css/bootstrap.css at position 10 of 12 in additional filter chain; firing Filter: 'SessionManagementFilter'
565080 [http-nio-8080-exec-9] DEBUG o.s.security.web.FilterChainProxy - /jquery/jquery-2.1.3.js at position 10 of 12 in additional filter chain; firing Filter: 'SessionManagementFilter'
565080 [http-nio-8080-exec-9] DEBUG o.s.security.web.FilterChainProxy - /jquery/jquery-2.1.3.js at position 11 of 12 in additional filter chain; firing Filter: 'ExceptionTranslationFilter'
565080 [http-nio-8080-exec-4] DEBUG o.s.s.w.u.matcher.OrRequestMatcher - Trying to match using Ant [pattern='/images/**']
565080 [http-nio-8080-exec-10] DEBUG o.s.security.web.FilterChainProxy - /bootstrap/css/bootstrap.css at position 11 of 12 in additional filter chain; firing Filter: 'ExceptionTranslationFilter'
565081 [http-nio-8080-exec-9] DEBUG o.s.security.web.FilterChainProxy - /jquery/jquery-2.1.3.js at position 12 of 12 in additional filter chain; firing Filter: 'FilterSecurityInterceptor'
565081 [http-nio-8080-exec-10] DEBUG o.s.security.web.FilterChainProxy - /bootstrap/css/bootstrap.css at position 12 of 12 in additional filter chain; firing Filter: 'FilterSecurityInterceptor'
565081 [http-nio-8080-exec-4] DEBUG o.s.s.w.u.m.AntPathRequestMatcher - Checking match of request : '/bootstrap/js/bootstrap.js'; against '/images/**'
565081 [http-nio-8080-exec-10] DEBUG o.s.s.w.u.m.AntPathRequestMatcher - Request 'GET /bootstrap/css/bootstrap.css' doesn't match 'POST /logout
565081 [http-nio-8080-exec-9] DEBUG o.s.s.w.u.m.AntPathRequestMatcher - Request 'GET /jquery/jquery-2.1.3.js' doesn't match 'POST /logout
565081 [http-nio-8080-exec-4] DEBUG o.s.s.w.u.matcher.OrRequestMatcher - Trying to match using Ant [pattern='/webjars/**']
565081 [http-nio-8080-exec-9] DEBUG o.s.s.w.u.m.AntPathRequestMatcher - Checking match of request : '/jquery/jquery-2.1.3.js'; against '/bootstrap/**'
565081 [http-nio-8080-exec-10] DEBUG o.s.s.w.u.m.AntPathRequestMatcher - Checking match of request : '/bootstrap/css/bootstrap.css'; against '/bootstrap/**'
565081 [http-nio-8080-exec-4] DEBUG o.s.s.w.u.m.AntPathRequestMatcher - Checking match of request : '/bootstrap/js/bootstrap.js'; against '/webjars/**'
565081 [http-nio-8080-exec-9] DEBUG o.s.s.w.u.m.AntPathRequestMatcher - Checking match of request : '/jquery/jquery-2.1.3.js'; against '/error/**'
565081 [http-nio-8080-exec-10] DEBUG o.s.s.w.a.i.FilterSecurityInterceptor - Secure object: FilterInvocation: URL: /bootstrap/css/bootstrap.css; Attributes: [permitAll]
565081 [http-nio-8080-exec-4] DEBUG o.s.s.w.u.matcher.OrRequestMatcher - Trying to match using Ant [pattern='/**/favicon.ico']
565081 [http-nio-8080-exec-9] DEBUG o.s.s.w.u.m.AntPathRequestMatcher - Checking match of request : '/jquery/jquery-2.1.3.js'; against '/img/**'
565081 [http-nio-8080-exec-4] DEBUG o.s.s.w.u.m.AntPathRequestMatcher - Checking match of request : '/bootstrap/js/bootstrap.js'; against '/**/favicon.ico'
565081 [http-nio-8080-exec-10] DEBUG o.s.s.w.a.i.FilterSecurityInterceptor - Previously Authenticated: org.springframework.security.authentication.AnonymousAuthenticationToken@6fa90ed4: Principal: anonymousUser; Credentials: [PROTECTED]; Authenticated: true; Details: org.springframework.security.web.authentication.WebAuthenticationDetails@fffc7f0c: RemoteIpAddress: 127.0.0.1; SessionId: 3804353C2C2C151F407CA4B277564A11; Granted Authorities: ROLE_ANONYMOUS
565081 [http-nio-8080-exec-4] DEBUG o.s.s.w.u.matcher.OrRequestMatcher - Trying to match using Ant [pattern='/error']
565081 [http-nio-8080-exec-9] DEBUG o.s.s.w.u.m.AntPathRequestMatcher - Checking match of request : '/jquery/jquery-2.1.3.js'; against '/jquery/**'
565081 [http-nio-8080-exec-4] DEBUG o.s.s.w.u.m.AntPathRequestMatcher - Checking match of request : '/bootstrap/js/bootstrap.js'; against '/error'
565081 [http-nio-8080-exec-9] DEBUG o.s.s.w.a.i.FilterSecurityInterceptor - Secure object: FilterInvocation: URL: /jquery/jquery-2.1.3.js; Attributes: [permitAll]
565081 [http-nio-8080-exec-4] DEBUG o.s.s.w.u.matcher.OrRequestMatcher - No matches found
565081 [http-nio-8080-exec-9] DEBUG o.s.s.w.a.i.FilterSecurityInterceptor - Previously Authenticated: org.springframework.security.authentication.AnonymousAuthenticationToken@6fa90ed4: Principal: anonymousUser; Credentials: [PROTECTED]; Authenticated: true; Details: org.springframework.security.web.authentication.WebAuthenticationDetails@fffc7f0c: RemoteIpAddress: 127.0.0.1; SessionId: 3804353C2C2C151F407CA4B277564A11; Granted Authorities: ROLE_ANONYMOUS
565081 [http-nio-8080-exec-4] DEBUG o.s.security.web.FilterChainProxy - /bootstrap/js/bootstrap.js at position 1 of 12 in additional filter chain; firing Filter: 'WebAsyncManagerIntegrationFilter'
565081 [http-nio-8080-exec-4] DEBUG o.s.security.web.FilterChainProxy - /bootstrap/js/bootstrap.js at position 2 of 12 in additional filter chain; firing Filter: 'SecurityContextPersistenceFilter'
565081 [http-nio-8080-exec-10] DEBUG o.s.s.access.vote.AffirmativeBased - Voter: org.springframework.security.web.access.expression.WebExpressionVoter@2f6f76da, returned: 1
565081 [http-nio-8080-exec-4] DEBUG o.s.s.w.c.HttpSessionSecurityContextRepository - HttpSession returned null object for SPRING_SECURITY_CONTEXT
565081 [http-nio-8080-exec-10] DEBUG o.s.s.w.a.i.FilterSecurityInterceptor - Authorization successful
565081 [http-nio-8080-exec-9] DEBUG o.s.s.access.vote.AffirmativeBased - Voter: org.springframework.security.web.access.expression.WebExpressionVoter@2f6f76da, returned: 1
565081 [http-nio-8080-exec-4] DEBUG o.s.s.w.c.HttpSessionSecurityContextRepository - No SecurityContext was available from the HttpSession: org.apache.catalina.session.StandardSessionFacade@6e527ce1. A new one will be created.
565081 [http-nio-8080-exec-10] DEBUG o.s.s.w.a.i.FilterSecurityInterceptor - RunAsManager did not change Authentication object
565081 [http-nio-8080-exec-9] DEBUG o.s.s.w.a.i.FilterSecurityInterceptor - Authorization successful
565081 [http-nio-8080-exec-4] DEBUG o.s.security.web.FilterChainProxy - /bootstrap/js/bootstrap.js at position 3 of 12 in additional filter chain; firing Filter: 'HeaderWriterFilter'
565081 [http-nio-8080-exec-10] DEBUG o.s.security.web.FilterChainProxy - /bootstrap/css/bootstrap.css reached end of additional filter chain; proceeding with original chain
565081 [http-nio-8080-exec-9] DEBUG o.s.s.w.a.i.FilterSecurityInterceptor - RunAsManager did not change Authentication object
565081 [http-nio-8080-exec-9] DEBUG o.s.security.web.FilterChainProxy - /jquery/jquery-2.1.3.js reached end of additional filter chain; proceeding with original chain
565081 [http-nio-8080-exec-4] DEBUG o.s.s.w.h.writers.HstsHeaderWriter - Not injecting HSTS header since it did not match the requestMatcher org.springframework.security.web.header.writers.HstsHeaderWriter$SecureRequestMatcher@6a6df5f3
565081 [http-nio-8080-exec-4] DEBUG o.s.security.web.FilterChainProxy - /bootstrap/js/bootstrap.js at position 4 of 12 in additional filter chain; firing Filter: 'CsrfFilter'
565081 [http-nio-8080-exec-4] DEBUG o.s.security.web.FilterChainProxy - /bootstrap/js/bootstrap.js at position 5 of 12 in additional filter chain; firing Filter: 'LogoutFilter'
565081 [http-nio-8080-exec-4] DEBUG o.s.s.w.u.m.AntPathRequestMatcher - Request 'GET /bootstrap/js/bootstrap.js' doesn't match 'POST /logout
565081 [http-nio-8080-exec-4] DEBUG o.s.security.web.FilterChainProxy - /bootstrap/js/bootstrap.js at position 6 of 12 in additional filter chain; firing Filter: 'UsernamePasswordAuthenticationFilter'
565081 [http-nio-8080-exec-4] DEBUG o.s.s.w.u.m.AntPathRequestMatcher - Request 'GET /bootstrap/js/bootstrap.js' doesn't match 'POST /login
565081 [http-nio-8080-exec-4] DEBUG o.s.security.web.FilterChainProxy - /bootstrap/js/bootstrap.js at position 7 of 12 in additional filter chain; firing Filter: 'RequestCacheAwareFilter'
565081 [http-nio-8080-exec-4] DEBUG o.s.s.w.s.DefaultSavedRequest - pathInfo: both null (property equals)
565081 [http-nio-8080-exec-4] DEBUG o.s.s.w.s.DefaultSavedRequest - queryString: both null (property equals)
565081 [http-nio-8080-exec-4] DEBUG o.s.s.w.s.DefaultSavedRequest - requestURI: arg1=/; arg2=/bootstrap/js/bootstrap.js (property not equals)
565081 [http-nio-8080-exec-4] DEBUG o.s.s.w.s.HttpSessionRequestCache - saved request doesn't match
565081 [http-nio-8080-exec-4] DEBUG o.s.security.web.FilterChainProxy - /bootstrap/js/bootstrap.js at position 8 of 12 in additional filter chain; firing Filter: 'SecurityContextHolderAwareRequestFilter'
565081 [http-nio-8080-exec-4] DEBUG o.s.security.web.FilterChainProxy - /bootstrap/js/bootstrap.js at position 9 of 12 in additional filter chain; firing Filter: 'AnonymousAuthenticationFilter'
565082 [http-nio-8080-exec-4] DEBUG o.s.s.w.a.AnonymousAuthenticationFilter - Populated SecurityContextHolder with anonymous token: 'org.springframework.security.authentication.AnonymousAuthenticationToken@6fa90ed4: Principal: anonymousUser; Credentials: [PROTECTED]; Authenticated: true; Details: org.springframework.security.web.authentication.WebAuthenticationDetails@fffc7f0c: RemoteIpAddress: 127.0.0.1; SessionId: 3804353C2C2C151F407CA4B277564A11; Granted Authorities: ROLE_ANONYMOUS'
565082 [http-nio-8080-exec-4] DEBUG o.s.security.web.FilterChainProxy - /bootstrap/js/bootstrap.js at position 10 of 12 in additional filter chain; firing Filter: 'SessionManagementFilter'
565082 [http-nio-8080-exec-4] DEBUG o.s.security.web.FilterChainProxy - /bootstrap/js/bootstrap.js at position 11 of 12 in additional filter chain; firing Filter: 'ExceptionTranslationFilter'
565082 [http-nio-8080-exec-4] DEBUG o.s.security.web.FilterChainProxy - /bootstrap/js/bootstrap.js at position 12 of 12 in additional filter chain; firing Filter: 'FilterSecurityInterceptor'
565082 [http-nio-8080-exec-4] DEBUG o.s.s.w.u.m.AntPathRequestMatcher - Request 'GET /bootstrap/js/bootstrap.js' doesn't match 'POST /logout
565082 [http-nio-8080-exec-4] DEBUG o.s.s.w.u.m.AntPathRequestMatcher - Checking match of request : '/bootstrap/js/bootstrap.js'; against '/bootstrap/**'
565082 [http-nio-8080-exec-4] DEBUG o.s.s.w.a.i.FilterSecurityInterceptor - Secure object: FilterInvocation: URL: /bootstrap/js/bootstrap.js; Attributes: [permitAll]
565082 [http-nio-8080-exec-4] DEBUG o.s.s.w.a.i.FilterSecurityInterceptor - Previously Authenticated: org.springframework.security.authentication.AnonymousAuthenticationToken@6fa90ed4: Principal: anonymousUser; Credentials: [PROTECTED]; Authenticated: true; Details: org.springframework.security.web.authentication.WebAuthenticationDetails@fffc7f0c: RemoteIpAddress: 127.0.0.1; SessionId: 3804353C2C2C151F407CA4B277564A11; Granted Authorities: ROLE_ANONYMOUS
565082 [http-nio-8080-exec-4] DEBUG o.s.s.access.vote.AffirmativeBased - Voter: org.springframework.security.web.access.expression.WebExpressionVoter@2f6f76da, returned: 1
565082 [http-nio-8080-exec-4] DEBUG o.s.s.w.a.i.FilterSecurityInterceptor - Authorization successful
565082 [http-nio-8080-exec-4] DEBUG o.s.s.w.a.i.FilterSecurityInterceptor - RunAsManager did not change Authentication object
565082 [http-nio-8080-exec-4] DEBUG o.s.security.web.FilterChainProxy - /bootstrap/js/bootstrap.js reached end of additional filter chain; proceeding with original chain
565083 [http-nio-8080-exec-10] DEBUG o.s.s.w.c.HttpSessionSecurityContextRepository - SecurityContext is empty or contents are anonymous - context will not be stored in HttpSession.
565083 [http-nio-8080-exec-9] DEBUG o.s.s.w.c.HttpSessionSecurityContextRepository - SecurityContext is empty or contents are anonymous - context will not be stored in HttpSession.
565084 [http-nio-8080-exec-4] DEBUG o.s.s.w.c.HttpSessionSecurityContextRepository - SecurityContext is empty or contents are anonymous - context will not be stored in HttpSession.
565086 [http-nio-8080-exec-10] DEBUG o.s.s.w.a.ExceptionTranslationFilter - Chain processed normally
565086 [http-nio-8080-exec-10] DEBUG o.s.s.w.c.SecurityContextPersistenceFilter - SecurityContextHolder now cleared, as request processing completed
565088 [http-nio-8080-exec-4] DEBUG o.s.s.w.a.ExceptionTranslationFilter - Chain processed normally
565088 [http-nio-8080-exec-4] DEBUG o.s.s.w.c.SecurityContextPersistenceFilter - SecurityContextHolder now cleared, as request processing completed
565093 [http-nio-8080-exec-9] DEBUG o.s.s.w.a.ExceptionTranslationFilter - Chain processed normally
565093 [http-nio-8080-exec-9] DEBUG o.s.s.w.c.SecurityContextPersistenceFilter - SecurityContextHolder now cleared, as request processing completed
565168 [http-nio-8080-exec-7] DEBUG o.s.s.w.u.matcher.OrRequestMatcher - Trying to match using Ant [pattern='/css/**']
565168 [http-nio-8080-exec-7] DEBUG o.s.s.w.u.m.AntPathRequestMatcher - Checking match of request : '/favicon.ico'; against '/css/**'
565168 [http-nio-8080-exec-7] DEBUG o.s.s.w.u.matcher.OrRequestMatcher - Trying to match using Ant [pattern='/js/**']
565168 [http-nio-8080-exec-7] DEBUG o.s.s.w.u.m.AntPathRequestMatcher - Checking match of request : '/favicon.ico'; against '/js/**'
565168 [http-nio-8080-exec-7] DEBUG o.s.s.w.u.matcher.OrRequestMatcher - Trying to match using Ant [pattern='/images/**']
565168 [http-nio-8080-exec-7] DEBUG o.s.s.w.u.m.AntPathRequestMatcher - Checking match of request : '/favicon.ico'; against '/images/**'
565168 [http-nio-8080-exec-7] DEBUG o.s.s.w.u.matcher.OrRequestMatcher - Trying to match using Ant [pattern='/webjars/**']
565168 [http-nio-8080-exec-7] DEBUG o.s.s.w.u.m.AntPathRequestMatcher - Checking match of request : '/favicon.ico'; against '/webjars/**'
565168 [http-nio-8080-exec-7] DEBUG o.s.s.w.u.matcher.OrRequestMatcher - Trying to match using Ant [pattern='/**/favicon.ico']
565168 [http-nio-8080-exec-7] DEBUG o.s.s.w.u.m.AntPathRequestMatcher - Checking match of request : '/favicon.ico'; against '/**/favicon.ico'
565168 [http-nio-8080-exec-7] DEBUG o.s.s.w.u.matcher.OrRequestMatcher - matched
565168 [http-nio-8080-exec-7] DEBUG o.s.security.web.FilterChainProxy - /favicon.ico has an empty filter list
566677 [http-nio-8080-exec-2] DEBUG o.s.s.w.u.matcher.OrRequestMatcher - Trying to match using Ant [pattern='/css/**']
566677 [http-nio-8080-exec-2] DEBUG o.s.s.w.u.m.AntPathRequestMatcher - Checking match of request : '/temp'; against '/css/**'
566677 [http-nio-8080-exec-2] DEBUG o.s.s.w.u.matcher.OrRequestMatcher - Trying to match using Ant [pattern='/js/**']
566677 [http-nio-8080-exec-2] DEBUG o.s.s.w.u.m.AntPathRequestMatcher - Checking match of request : '/temp'; against '/js/**'
566677 [http-nio-8080-exec-2] DEBUG o.s.s.w.u.matcher.OrRequestMatcher - Trying to match using Ant [pattern='/images/**']
566677 [http-nio-8080-exec-2] DEBUG o.s.s.w.u.m.AntPathRequestMatcher - Checking match of request : '/temp'; against '/images/**'
566677 [http-nio-8080-exec-2] DEBUG o.s.s.w.u.matcher.OrRequestMatcher - Trying to match using Ant [pattern='/webjars/**']
566677 [http-nio-8080-exec-2] DEBUG o.s.s.w.u.m.AntPathRequestMatcher - Checking match of request : '/temp'; against '/webjars/**'
566677 [http-nio-8080-exec-2] DEBUG o.s.s.w.u.matcher.OrRequestMatcher - Trying to match using Ant [pattern='/**/favicon.ico']
566677 [http-nio-8080-exec-2] DEBUG o.s.s.w.u.m.AntPathRequestMatcher - Checking match of request : '/temp'; against '/**/favicon.ico'
566677 [http-nio-8080-exec-2] DEBUG o.s.s.w.u.matcher.OrRequestMatcher - Trying to match using Ant [pattern='/error']
566677 [http-nio-8080-exec-2] DEBUG o.s.s.w.u.m.AntPathRequestMatcher - Checking match of request : '/temp'; against '/error'
566677 [http-nio-8080-exec-2] DEBUG o.s.s.w.u.matcher.OrRequestMatcher - No matches found
566677 [http-nio-8080-exec-2] DEBUG o.s.security.web.FilterChainProxy - /temp at position 1 of 12 in additional filter chain; firing Filter: 'WebAsyncManagerIntegrationFilter'
566677 [http-nio-8080-exec-2] DEBUG o.s.security.web.FilterChainProxy - /temp at position 2 of 12 in additional filter chain; firing Filter: 'SecurityContextPersistenceFilter'
566677 [http-nio-8080-exec-2] DEBUG o.s.s.w.c.HttpSessionSecurityContextRepository - HttpSession returned null object for SPRING_SECURITY_CONTEXT
566677 [http-nio-8080-exec-2] DEBUG o.s.s.w.c.HttpSessionSecurityContextRepository - No SecurityContext was available from the HttpSession: org.apache.catalina.session.StandardSessionFacade@6e527ce1. A new one will be created.
566677 [http-nio-8080-exec-2] DEBUG o.s.security.web.FilterChainProxy - /temp at position 3 of 12 in additional filter chain; firing Filter: 'HeaderWriterFilter'
566678 [http-nio-8080-exec-2] DEBUG o.s.s.w.h.writers.HstsHeaderWriter - Not injecting HSTS header since it did not match the requestMatcher org.springframework.security.web.header.writers.HstsHeaderWriter$SecureRequestMatcher@6a6df5f3
566678 [http-nio-8080-exec-2] DEBUG o.s.security.web.FilterChainProxy - /temp at position 4 of 12 in additional filter chain; firing Filter: 'CsrfFilter'
566678 [http-nio-8080-exec-2] DEBUG o.s.security.web.FilterChainProxy - /temp at position 5 of 12 in additional filter chain; firing Filter: 'LogoutFilter'
566678 [http-nio-8080-exec-2] DEBUG o.s.s.w.u.m.AntPathRequestMatcher - Request 'GET /temp' doesn't match 'POST /logout
566678 [http-nio-8080-exec-2] DEBUG o.s.security.web.FilterChainProxy - /temp at position 6 of 12 in additional filter chain; firing Filter: 'UsernamePasswordAuthenticationFilter'
566678 [http-nio-8080-exec-2] DEBUG o.s.s.w.u.m.AntPathRequestMatcher - Request 'GET /temp' doesn't match 'POST /login
566678 [http-nio-8080-exec-2] DEBUG o.s.security.web.FilterChainProxy - /temp at position 7 of 12 in additional filter chain; firing Filter: 'RequestCacheAwareFilter'
566678 [http-nio-8080-exec-2] DEBUG o.s.s.w.s.DefaultSavedRequest - pathInfo: both null (property equals)
566678 [http-nio-8080-exec-2] DEBUG o.s.s.w.s.DefaultSavedRequest - queryString: both null (property equals)
566678 [http-nio-8080-exec-2] DEBUG o.s.s.w.s.DefaultSavedRequest - requestURI: arg1=/; arg2=/temp (property not equals)
566681 [http-nio-8080-exec-2] DEBUG o.s.s.w.s.HttpSessionRequestCache - saved request doesn't match
566681 [http-nio-8080-exec-2] DEBUG o.s.security.web.FilterChainProxy - /temp at position 8 of 12 in additional filter chain; firing Filter: 'SecurityContextHolderAwareRequestFilter'
566681 [http-nio-8080-exec-2] DEBUG o.s.security.web.FilterChainProxy - /temp at position 9 of 12 in additional filter chain; firing Filter: 'AnonymousAuthenticationFilter'
566681 [http-nio-8080-exec-2] DEBUG o.s.s.w.a.AnonymousAuthenticationFilter - Populated SecurityContextHolder with anonymous token: 'org.springframework.security.authentication.AnonymousAuthenticationToken@6fa90ed4: Principal: anonymousUser; Credentials: [PROTECTED]; Authenticated: true; Details: org.springframework.security.web.authentication.WebAuthenticationDetails@fffc7f0c: RemoteIpAddress: 127.0.0.1; SessionId: 3804353C2C2C151F407CA4B277564A11; Granted Authorities: ROLE_ANONYMOUS'
566681 [http-nio-8080-exec-2] DEBUG o.s.security.web.FilterChainProxy - /temp at position 10 of 12 in additional filter chain; firing Filter: 'SessionManagementFilter'
566681 [http-nio-8080-exec-2] DEBUG o.s.security.web.FilterChainProxy - /temp at position 11 of 12 in additional filter chain; firing Filter: 'ExceptionTranslationFilter'
566681 [http-nio-8080-exec-2] DEBUG o.s.security.web.FilterChainProxy - /temp at position 12 of 12 in additional filter chain; firing Filter: 'FilterSecurityInterceptor'
566681 [http-nio-8080-exec-2] DEBUG o.s.s.w.u.m.AntPathRequestMatcher - Request 'GET /temp' doesn't match 'POST /logout
566681 [http-nio-8080-exec-2] DEBUG o.s.s.w.u.m.AntPathRequestMatcher - Checking match of request : '/temp'; against '/bootstrap/**'
566681 [http-nio-8080-exec-2] DEBUG o.s.s.w.u.m.AntPathRequestMatcher - Checking match of request : '/temp'; against '/error/**'
566681 [http-nio-8080-exec-2] DEBUG o.s.s.w.u.m.AntPathRequestMatcher - Checking match of request : '/temp'; against '/img/**'
566681 [http-nio-8080-exec-2] DEBUG o.s.s.w.u.m.AntPathRequestMatcher - Checking match of request : '/temp'; against '/jquery/**'
566681 [http-nio-8080-exec-2] DEBUG o.s.s.w.u.m.AntPathRequestMatcher - Checking match of request : '/temp'; against '/index.html'
566681 [http-nio-8080-exec-2] DEBUG o.s.s.w.u.m.AntPathRequestMatcher - Checking match of request : '/temp'; against '/temp'
566681 [http-nio-8080-exec-2] DEBUG o.s.s.w.a.i.FilterSecurityInterceptor - Secure object: FilterInvocation: URL: /temp; Attributes: [permitAll]
566681 [http-nio-8080-exec-2] DEBUG o.s.s.w.a.i.FilterSecurityInterceptor - Previously Authenticated: org.springframework.security.authentication.AnonymousAuthenticationToken@6fa90ed4: Principal: anonymousUser; Credentials: [PROTECTED]; Authenticated: true; Details: org.springframework.security.web.authentication.WebAuthenticationDetails@fffc7f0c: RemoteIpAddress: 127.0.0.1; SessionId: 3804353C2C2C151F407CA4B277564A11; Granted Authorities: ROLE_ANONYMOUS
566681 [http-nio-8080-exec-2] DEBUG o.s.s.access.vote.AffirmativeBased - Voter: org.springframework.security.web.access.expression.WebExpressionVoter@2f6f76da, returned: 1
566681 [http-nio-8080-exec-2] DEBUG o.s.s.w.a.i.FilterSecurityInterceptor - Authorization successful
566681 [http-nio-8080-exec-2] DEBUG o.s.s.w.a.i.FilterSecurityInterceptor - RunAsManager did not change Authentication object
566681 [http-nio-8080-exec-2] DEBUG o.s.security.web.FilterChainProxy - /temp reached end of additional filter chain; proceeding with original chain
566689 [http-nio-8080-exec-2] DEBUG o.s.s.w.c.HttpSessionSecurityContextRepository - SecurityContext is empty or contents are anonymous - context will not be stored in HttpSession.
566690 [http-nio-8080-exec-2] DEBUG o.s.s.w.a.ExceptionTranslationFilter - Chain processed normally
566690 [http-nio-8080-exec-2] DEBUG o.s.s.w.c.SecurityContextPersistenceFilter - SecurityContextHolder now cleared, as request processing completed
566699 [http-nio-8080-exec-3] DEBUG o.s.s.w.u.matcher.OrRequestMatcher - Trying to match using Ant [pattern='/css/**']
566699 [http-nio-8080-exec-3] DEBUG o.s.s.w.u.m.AntPathRequestMatcher - Checking match of request : '/bootstrap/css/bootstrap.css'; against '/css/**'
566700 [http-nio-8080-exec-3] DEBUG o.s.s.w.u.matcher.OrRequestMatcher - Trying to match using Ant [pattern='/js/**']
566700 [http-nio-8080-exec-3] DEBUG o.s.s.w.u.m.AntPathRequestMatcher - Checking match of request : '/bootstrap/css/bootstrap.css'; against '/js/**'
566700 [http-nio-8080-exec-3] DEBUG o.s.s.w.u.matcher.OrRequestMatcher - Trying to match using Ant [pattern='/images/**']
566700 [http-nio-8080-exec-3] DEBUG o.s.s.w.u.m.AntPathRequestMatcher - Checking match of request : '/bootstrap/css/bootstrap.css'; against '/images/**'
566700 [http-nio-8080-exec-3] DEBUG o.s.s.w.u.matcher.OrRequestMatcher - Trying to match using Ant [pattern='/webjars/**']
566700 [http-nio-8080-exec-3] DEBUG o.s.s.w.u.m.AntPathRequestMatcher - Checking match of request : '/bootstrap/css/bootstrap.css'; against '/webjars/**'
566700 [http-nio-8080-exec-3] DEBUG o.s.s.w.u.matcher.OrRequestMatcher - Trying to match using Ant [pattern='/**/favicon.ico']
566700 [http-nio-8080-exec-3] DEBUG o.s.s.w.u.m.AntPathRequestMatcher - Checking match of request : '/bootstrap/css/bootstrap.css'; against '/**/favicon.ico'
566700 [http-nio-8080-exec-3] DEBUG o.s.s.w.u.matcher.OrRequestMatcher - Trying to match using Ant [pattern='/error']
566700 [http-nio-8080-exec-3] DEBUG o.s.s.w.u.m.AntPathRequestMatcher - Checking match of request : '/bootstrap/css/bootstrap.css'; against '/error'
566700 [http-nio-8080-exec-3] DEBUG o.s.s.w.u.matcher.OrRequestMatcher - No matches found
566700 [http-nio-8080-exec-3] DEBUG o.s.security.web.FilterChainProxy - /bootstrap/css/bootstrap.css at position 1 of 12 in additional filter chain; firing Filter: 'WebAsyncManagerIntegrationFilter'
566700 [http-nio-8080-exec-3] DEBUG o.s.security.web.FilterChainProxy - /bootstrap/css/bootstrap.css at position 2 of 12 in additional filter chain; firing Filter: 'SecurityContextPersistenceFilter'
566700 [http-nio-8080-exec-3] DEBUG o.s.s.w.c.HttpSessionSecurityContextRepository - HttpSession returned null object for SPRING_SECURITY_CONTEXT
566700 [http-nio-8080-exec-1] DEBUG o.s.s.w.u.matcher.OrRequestMatcher - Trying to match using Ant [pattern='/css/**']
566700 [http-nio-8080-exec-1] DEBUG o.s.s.w.u.m.AntPathRequestMatcher - Checking match of request : '/jquery/jquery-2.1.3.js'; against '/css/**'
566700 [http-nio-8080-exec-1] DEBUG o.s.s.w.u.matcher.OrRequestMatcher - Trying to match using Ant [pattern='/js/**']
566700 [http-nio-8080-exec-3] DEBUG o.s.s.w.c.HttpSessionSecurityContextRepository - No SecurityContext was available from the HttpSession: org.apache.catalina.session.StandardSessionFacade@6e527ce1. A new one will be created.
566700 [http-nio-8080-exec-1] DEBUG o.s.s.w.u.m.AntPathRequestMatcher - Checking match of request : '/jquery/jquery-2.1.3.js'; against '/js/**'
566700 [http-nio-8080-exec-1] DEBUG o.s.s.w.u.matcher.OrRequestMatcher - Trying to match using Ant [pattern='/images/**']
566700 [http-nio-8080-exec-1] DEBUG o.s.s.w.u.m.AntPathRequestMatcher - Checking match of request : '/jquery/jquery-2.1.3.js'; against '/images/**'
566700 [http-nio-8080-exec-3] DEBUG o.s.security.web.FilterChainProxy - /bootstrap/css/bootstrap.css at position 3 of 12 in additional filter chain; firing Filter: 'HeaderWriterFilter'
566700 [http-nio-8080-exec-1] DEBUG o.s.s.w.u.matcher.OrRequestMatcher - Trying to match using Ant [pattern='/webjars/**']
566700 [http-nio-8080-exec-1] DEBUG o.s.s.w.u.m.AntPathRequestMatcher - Checking match of request : '/jquery/jquery-2.1.3.js'; against '/webjars/**'
566700 [http-nio-8080-exec-1] DEBUG o.s.s.w.u.matcher.OrRequestMatcher - Trying to match using Ant [pattern='/**/favicon.ico']
566700 [http-nio-8080-exec-3] DEBUG o.s.s.w.h.writers.HstsHeaderWriter - Not injecting HSTS header since it did not match the requestMatcher org.springframework.security.web.header.writers.HstsHeaderWriter$SecureRequestMatcher@6a6df5f3
566700 [http-nio-8080-exec-1] DEBUG o.s.s.w.u.m.AntPathRequestMatcher - Checking match of request : '/jquery/jquery-2.1.3.js'; against '/**/favicon.ico'
566700 [http-nio-8080-exec-1] DEBUG o.s.s.w.u.matcher.OrRequestMatcher - Trying to match using Ant [pattern='/error']
566700 [http-nio-8080-exec-1] DEBUG o.s.s.w.u.m.AntPathRequestMatcher - Checking match of request : '/jquery/jquery-2.1.3.js'; against '/error'
566700 [http-nio-8080-exec-1] DEBUG o.s.s.w.u.matcher.OrRequestMatcher - No matches found
566700 [http-nio-8080-exec-1] DEBUG o.s.security.web.FilterChainProxy - /jquery/jquery-2.1.3.js at position 1 of 12 in additional filter chain; firing Filter: 'WebAsyncManagerIntegrationFilter'
566700 [http-nio-8080-exec-1] DEBUG o.s.security.web.FilterChainProxy - /jquery/jquery-2.1.3.js at position 2 of 12 in additional filter chain; firing Filter: 'SecurityContextPersistenceFilter'
566700 [http-nio-8080-exec-1] DEBUG o.s.s.w.c.HttpSessionSecurityContextRepository - HttpSession returned null object for SPRING_SECURITY_CONTEXT
566700 [http-nio-8080-exec-1] DEBUG o.s.s.w.c.HttpSessionSecurityContextRepository - No SecurityContext was available from the HttpSession: org.apache.catalina.session.StandardSessionFacade@6e527ce1. A new one will be created.
566700 [http-nio-8080-exec-1] DEBUG o.s.security.web.FilterChainProxy - /jquery/jquery-2.1.3.js at position 3 of 12 in additional filter chain; firing Filter: 'HeaderWriterFilter'
566700 [http-nio-8080-exec-1] DEBUG o.s.s.w.h.writers.HstsHeaderWriter - Not injecting HSTS header since it did not match the requestMatcher org.springframework.security.web.header.writers.HstsHeaderWriter$SecureRequestMatcher@6a6df5f3
566700 [http-nio-8080-exec-1] DEBUG o.s.security.web.FilterChainProxy - /jquery/jquery-2.1.3.js at position 4 of 12 in additional filter chain; firing Filter: 'CsrfFilter'
566700 [http-nio-8080-exec-1] DEBUG o.s.security.web.FilterChainProxy - /jquery/jquery-2.1.3.js at position 5 of 12 in additional filter chain; firing Filter: 'LogoutFilter'
566700 [http-nio-8080-exec-3] DEBUG o.s.security.web.FilterChainProxy - /bootstrap/css/bootstrap.css at position 4 of 12 in additional filter chain; firing Filter: 'CsrfFilter'
566700 [http-nio-8080-exec-8] DEBUG o.s.s.w.u.matcher.OrRequestMatcher - Trying to match using Ant [pattern='/css/**']
566700 [http-nio-8080-exec-3] DEBUG o.s.security.web.FilterChainProxy - /bootstrap/css/bootstrap.css at position 5 of 12 in additional filter chain; firing Filter: 'LogoutFilter'
566700 [http-nio-8080-exec-3] DEBUG o.s.s.w.u.m.AntPathRequestMatcher - Request 'GET /bootstrap/css/bootstrap.css' doesn't match 'POST /logout
566700 [http-nio-8080-exec-3] DEBUG o.s.security.web.FilterChainProxy - /bootstrap/css/bootstrap.css at position 6 of 12 in additional filter chain; firing Filter: 'UsernamePasswordAuthenticationFilter'
566700 [http-nio-8080-exec-3] DEBUG o.s.s.w.u.m.AntPathRequestMatcher - Request 'GET /bootstrap/css/bootstrap.css' doesn't match 'POST /login
566700 [http-nio-8080-exec-3] DEBUG o.s.security.web.FilterChainProxy - /bootstrap/css/bootstrap.css at position 7 of 12 in additional filter chain; firing Filter: 'RequestCacheAwareFilter'
566700 [http-nio-8080-exec-1] DEBUG o.s.s.w.u.m.AntPathRequestMatcher - Request 'GET /jquery/jquery-2.1.3.js' doesn't match 'POST /logout
566700 [http-nio-8080-exec-8] DEBUG o.s.s.w.u.m.AntPathRequestMatcher - Checking match of request : '/bootstrap/js/bootstrap.js'; against '/css/**'
566701 [http-nio-8080-exec-3] DEBUG o.s.s.w.s.DefaultSavedRequest - pathInfo: both null (property equals)
566701 [http-nio-8080-exec-3] DEBUG o.s.s.w.s.DefaultSavedRequest - queryString: both null (property equals)
566701 [http-nio-8080-exec-3] DEBUG o.s.s.w.s.DefaultSavedRequest - requestURI: arg1=/; arg2=/bootstrap/css/bootstrap.css (property not equals)
566701 [http-nio-8080-exec-1] DEBUG o.s.security.web.FilterChainProxy - /jquery/jquery-2.1.3.js at position 6 of 12 in additional filter chain; firing Filter: 'UsernamePasswordAuthenticationFilter'
566701 [http-nio-8080-exec-8] DEBUG o.s.s.w.u.matcher.OrRequestMatcher - Trying to match using Ant [pattern='/js/**']
566701 [http-nio-8080-exec-3] DEBUG o.s.s.w.s.HttpSessionRequestCache - saved request doesn't match
566701 [http-nio-8080-exec-8] DEBUG o.s.s.w.u.m.AntPathRequestMatcher - Checking match of request : '/bootstrap/js/bootstrap.js'; against '/js/**'
566701 [http-nio-8080-exec-3] DEBUG o.s.security.web.FilterChainProxy - /bootstrap/css/bootstrap.css at position 8 of 12 in additional filter chain; firing Filter: 'SecurityContextHolderAwareRequestFilter'
566701 [http-nio-8080-exec-8] DEBUG o.s.s.w.u.matcher.OrRequestMatcher - Trying to match using Ant [pattern='/images/**']
566701 [http-nio-8080-exec-3] DEBUG o.s.security.web.FilterChainProxy - /bootstrap/css/bootstrap.css at position 9 of 12 in additional filter chain; firing Filter: 'AnonymousAuthenticationFilter'
566701 [http-nio-8080-exec-8] DEBUG o.s.s.w.u.m.AntPathRequestMatcher - Checking match of request : '/bootstrap/js/bootstrap.js'; against '/images/**'
566701 [http-nio-8080-exec-8] DEBUG o.s.s.w.u.matcher.OrRequestMatcher - Trying to match using Ant [pattern='/webjars/**']
566701 [http-nio-8080-exec-8] DEBUG o.s.s.w.u.m.AntPathRequestMatcher - Checking match of request : '/bootstrap/js/bootstrap.js'; against '/webjars/**'
566701 [http-nio-8080-exec-8] DEBUG o.s.s.w.u.matcher.OrRequestMatcher - Trying to match using Ant [pattern='/**/favicon.ico']
566701 [http-nio-8080-exec-3] DEBUG o.s.s.w.a.AnonymousAuthenticationFilter - Populated SecurityContextHolder with anonymous token: 'org.springframework.security.authentication.AnonymousAuthenticationToken@6fa90ed4: Principal: anonymousUser; Credentials: [PROTECTED]; Authenticated: true; Details: org.springframework.security.web.authentication.WebAuthenticationDetails@fffc7f0c: RemoteIpAddress: 127.0.0.1; SessionId: 3804353C2C2C151F407CA4B277564A11; Granted Authorities: ROLE_ANONYMOUS'
566701 [http-nio-8080-exec-8] DEBUG o.s.s.w.u.m.AntPathRequestMatcher - Checking match of request : '/bootstrap/js/bootstrap.js'; against '/**/favicon.ico'
566701 [http-nio-8080-exec-3] DEBUG o.s.security.web.FilterChainProxy - /bootstrap/css/bootstrap.css at position 10 of 12 in additional filter chain; firing Filter: 'SessionManagementFilter'
566702 [http-nio-8080-exec-3] DEBUG o.s.security.web.FilterChainProxy - /bootstrap/css/bootstrap.css at position 11 of 12 in additional filter chain; firing Filter: 'ExceptionTranslationFilter'
566702 [http-nio-8080-exec-1] DEBUG o.s.s.w.u.m.AntPathRequestMatcher - Request 'GET /jquery/jquery-2.1.3.js' doesn't match 'POST /login
566702 [http-nio-8080-exec-8] DEBUG o.s.s.w.u.matcher.OrRequestMatcher - Trying to match using Ant [pattern='/error']
566702 [http-nio-8080-exec-3] DEBUG o.s.security.web.FilterChainProxy - /bootstrap/css/bootstrap.css at position 12 of 12 in additional filter chain; firing Filter: 'FilterSecurityInterceptor'
566702 [http-nio-8080-exec-8] DEBUG o.s.s.w.u.m.AntPathRequestMatcher - Checking match of request : '/bootstrap/js/bootstrap.js'; against '/error'
566702 [http-nio-8080-exec-8] DEBUG o.s.s.w.u.matcher.OrRequestMatcher - No matches found
566702 [http-nio-8080-exec-8] DEBUG o.s.security.web.FilterChainProxy - /bootstrap/js/bootstrap.js at position 1 of 12 in additional filter chain; firing Filter: 'WebAsyncManagerIntegrationFilter'
566702 [http-nio-8080-exec-3] DEBUG o.s.s.w.u.m.AntPathRequestMatcher - Request 'GET /bootstrap/css/bootstrap.css' doesn't match 'POST /logout
566702 [http-nio-8080-exec-8] DEBUG o.s.security.web.FilterChainProxy - /bootstrap/js/bootstrap.js at position 2 of 12 in additional filter chain; firing Filter: 'SecurityContextPersistenceFilter'
566702 [http-nio-8080-exec-1] DEBUG o.s.security.web.FilterChainProxy - /jquery/jquery-2.1.3.js at position 7 of 12 in additional filter chain; firing Filter: 'RequestCacheAwareFilter'
566702 [http-nio-8080-exec-3] DEBUG o.s.s.w.u.m.AntPathRequestMatcher - Checking match of request : '/bootstrap/css/bootstrap.css'; against '/bootstrap/**'
566702 [http-nio-8080-exec-1] DEBUG o.s.s.w.s.DefaultSavedRequest - pathInfo: both null (property equals)
566702 [http-nio-8080-exec-1] DEBUG o.s.s.w.s.DefaultSavedRequest - queryString: both null (property equals)
566702 [http-nio-8080-exec-3] DEBUG o.s.s.w.a.i.FilterSecurityInterceptor - Secure object: FilterInvocation: URL: /bootstrap/css/bootstrap.css; Attributes: [permitAll]
566702 [http-nio-8080-exec-1] DEBUG o.s.s.w.s.DefaultSavedRequest - requestURI: arg1=/; arg2=/jquery/jquery-2.1.3.js (property not equals)
566702 [http-nio-8080-exec-1] DEBUG o.s.s.w.s.HttpSessionRequestCache - saved request doesn't match
566702 [http-nio-8080-exec-3] DEBUG o.s.s.w.a.i.FilterSecurityInterceptor - Previously Authenticated: org.springframework.security.authentication.AnonymousAuthenticationToken@6fa90ed4: Principal: anonymousUser; Credentials: [PROTECTED]; Authenticated: true; Details: org.springframework.security.web.authentication.WebAuthenticationDetails@fffc7f0c: RemoteIpAddress: 127.0.0.1; SessionId: 3804353C2C2C151F407CA4B277564A11; Granted Authorities: ROLE_ANONYMOUS
566702 [http-nio-8080-exec-8] DEBUG o.s.s.w.c.HttpSessionSecurityContextRepository - HttpSession returned null object for SPRING_SECURITY_CONTEXT
566702 [http-nio-8080-exec-1] DEBUG o.s.security.web.FilterChainProxy - /jquery/jquery-2.1.3.js at position 8 of 12 in additional filter chain; firing Filter: 'SecurityContextHolderAwareRequestFilter'
566702 [http-nio-8080-exec-8] DEBUG o.s.s.w.c.HttpSessionSecurityContextRepository - No SecurityContext was available from the HttpSession: org.apache.catalina.session.StandardSessionFacade@6e527ce1. A new one will be created.
566702 [http-nio-8080-exec-1] DEBUG o.s.security.web.FilterChainProxy - /jquery/jquery-2.1.3.js at position 9 of 12 in additional filter chain; firing Filter: 'AnonymousAuthenticationFilter'
566702 [http-nio-8080-exec-8] DEBUG o.s.security.web.FilterChainProxy - /bootstrap/js/bootstrap.js at position 3 of 12 in additional filter chain; firing Filter: 'HeaderWriterFilter'
566702 [http-nio-8080-exec-3] DEBUG o.s.s.access.vote.AffirmativeBased - Voter: org.springframework.security.web.access.expression.WebExpressionVoter@2f6f76da, returned: 1
566703 [http-nio-8080-exec-3] DEBUG o.s.s.w.a.i.FilterSecurityInterceptor - Authorization successful
566703 [http-nio-8080-exec-3] DEBUG o.s.s.w.a.i.FilterSecurityInterceptor - RunAsManager did not change Authentication object
566703 [http-nio-8080-exec-1] DEBUG o.s.s.w.a.AnonymousAuthenticationFilter - Populated SecurityContextHolder with anonymous token: 'org.springframework.security.authentication.AnonymousAuthenticationToken@6fa90ed4: Principal: anonymousUser; Credentials: [PROTECTED]; Authenticated: true; Details: org.springframework.security.web.authentication.WebAuthenticationDetails@fffc7f0c: RemoteIpAddress: 127.0.0.1; SessionId: 3804353C2C2C151F407CA4B277564A11; Granted Authorities: ROLE_ANONYMOUS'
566703 [http-nio-8080-exec-3] DEBUG o.s.security.web.FilterChainProxy - /bootstrap/css/bootstrap.css reached end of additional filter chain; proceeding with original chain
566703 [http-nio-8080-exec-1] DEBUG o.s.security.web.FilterChainProxy - /jquery/jquery-2.1.3.js at position 10 of 12 in additional filter chain; firing Filter: 'SessionManagementFilter'
566703 [http-nio-8080-exec-1] DEBUG o.s.security.web.FilterChainProxy - /jquery/jquery-2.1.3.js at position 11 of 12 in additional filter chain; firing Filter: 'ExceptionTranslationFilter'
566703 [http-nio-8080-exec-1] DEBUG o.s.security.web.FilterChainProxy - /jquery/jquery-2.1.3.js at position 12 of 12 in additional filter chain; firing Filter: 'FilterSecurityInterceptor'
566703 [http-nio-8080-exec-1] DEBUG o.s.s.w.u.m.AntPathRequestMatcher - Request 'GET /jquery/jquery-2.1.3.js' doesn't match 'POST /logout
566703 [http-nio-8080-exec-1] DEBUG o.s.s.w.u.m.AntPathRequestMatcher - Checking match of request : '/jquery/jquery-2.1.3.js'; against '/bootstrap/**'
566703 [http-nio-8080-exec-1] DEBUG o.s.s.w.u.m.AntPathRequestMatcher - Checking match of request : '/jquery/jquery-2.1.3.js'; against '/error/**'
566703 [http-nio-8080-exec-1] DEBUG o.s.s.w.u.m.AntPathRequestMatcher - Checking match of request : '/jquery/jquery-2.1.3.js'; against '/img/**'
566703 [http-nio-8080-exec-1] DEBUG o.s.s.w.u.m.AntPathRequestMatcher - Checking match of request : '/jquery/jquery-2.1.3.js'; against '/jquery/**'
566703 [http-nio-8080-exec-1] DEBUG o.s.s.w.a.i.FilterSecurityInterceptor - Secure object: FilterInvocation: URL: /jquery/jquery-2.1.3.js; Attributes: [permitAll]
566703 [http-nio-8080-exec-1] DEBUG o.s.s.w.a.i.FilterSecurityInterceptor - Previously Authenticated: org.springframework.security.authentication.AnonymousAuthenticationToken@6fa90ed4: Principal: anonymousUser; Credentials: [PROTECTED]; Authenticated: true; Details: org.springframework.security.web.authentication.WebAuthenticationDetails@fffc7f0c: RemoteIpAddress: 127.0.0.1; SessionId: 3804353C2C2C151F407CA4B277564A11; Granted Authorities: ROLE_ANONYMOUS
566703 [http-nio-8080-exec-8] DEBUG o.s.s.w.h.writers.HstsHeaderWriter - Not injecting HSTS header since it did not match the requestMatcher org.springframework.security.web.header.writers.HstsHeaderWriter$SecureRequestMatcher@6a6df5f3
566703 [http-nio-8080-exec-8] DEBUG o.s.security.web.FilterChainProxy - /bootstrap/js/bootstrap.js at position 4 of 12 in additional filter chain; firing Filter: 'CsrfFilter'
566703 [http-nio-8080-exec-1] DEBUG o.s.s.access.vote.AffirmativeBased - Voter: org.springframework.security.web.access.expression.WebExpressionVoter@2f6f76da, returned: 1
566703 [http-nio-8080-exec-8] DEBUG o.s.security.web.FilterChainProxy - /bootstrap/js/bootstrap.js at position 5 of 12 in additional filter chain; firing Filter: 'LogoutFilter'
566703 [http-nio-8080-exec-1] DEBUG o.s.s.w.a.i.FilterSecurityInterceptor - Authorization successful
566703 [http-nio-8080-exec-8] DEBUG o.s.s.w.u.m.AntPathRequestMatcher - Request 'GET /bootstrap/js/bootstrap.js' doesn't match 'POST /logout
566703 [http-nio-8080-exec-1] DEBUG o.s.s.w.a.i.FilterSecurityInterceptor - RunAsManager did not change Authentication object
566703 [http-nio-8080-exec-8] DEBUG o.s.security.web.FilterChainProxy - /bootstrap/js/bootstrap.js at position 6 of 12 in additional filter chain; firing Filter: 'UsernamePasswordAuthenticationFilter'
566703 [http-nio-8080-exec-1] DEBUG o.s.security.web.FilterChainProxy - /jquery/jquery-2.1.3.js reached end of additional filter chain; proceeding with original chain
566703 [http-nio-8080-exec-8] DEBUG o.s.s.w.u.m.AntPathRequestMatcher - Request 'GET /bootstrap/js/bootstrap.js' doesn't match 'POST /login
566704 [http-nio-8080-exec-8] DEBUG o.s.security.web.FilterChainProxy - /bootstrap/js/bootstrap.js at position 7 of 12 in additional filter chain; firing Filter: 'RequestCacheAwareFilter'
566704 [http-nio-8080-exec-8] DEBUG o.s.s.w.s.DefaultSavedRequest - pathInfo: both null (property equals)
566704 [http-nio-8080-exec-8] DEBUG o.s.s.w.s.DefaultSavedRequest - queryString: both null (property equals)
566704 [http-nio-8080-exec-8] DEBUG o.s.s.w.s.DefaultSavedRequest - requestURI: arg1=/; arg2=/bootstrap/js/bootstrap.js (property not equals)
566704 [http-nio-8080-exec-8] DEBUG o.s.s.w.s.HttpSessionRequestCache - saved request doesn't match
566704 [http-nio-8080-exec-8] DEBUG o.s.security.web.FilterChainProxy - /bootstrap/js/bootstrap.js at position 8 of 12 in additional filter chain; firing Filter: 'SecurityContextHolderAwareRequestFilter'
566704 [http-nio-8080-exec-8] DEBUG o.s.security.web.FilterChainProxy - /bootstrap/js/bootstrap.js at position 9 of 12 in additional filter chain; firing Filter: 'AnonymousAuthenticationFilter'
566704 [http-nio-8080-exec-8] DEBUG o.s.s.w.a.AnonymousAuthenticationFilter - Populated SecurityContextHolder with anonymous token: 'org.springframework.security.authentication.AnonymousAuthenticationToken@6fa90ed4: Principal: anonymousUser; Credentials: [PROTECTED]; Authenticated: true; Details: org.springframework.security.web.authentication.WebAuthenticationDetails@fffc7f0c: RemoteIpAddress: 127.0.0.1; SessionId: 3804353C2C2C151F407CA4B277564A11; Granted Authorities: ROLE_ANONYMOUS'
566704 [http-nio-8080-exec-8] DEBUG o.s.security.web.FilterChainProxy - /bootstrap/js/bootstrap.js at position 10 of 12 in additional filter chain; firing Filter: 'SessionManagementFilter'
566704 [http-nio-8080-exec-8] DEBUG o.s.security.web.FilterChainProxy - /bootstrap/js/bootstrap.js at position 11 of 12 in additional filter chain; firing Filter: 'ExceptionTranslationFilter'
566704 [http-nio-8080-exec-8] DEBUG o.s.security.web.FilterChainProxy - /bootstrap/js/bootstrap.js at position 12 of 12 in additional filter chain; firing Filter: 'FilterSecurityInterceptor'
566704 [http-nio-8080-exec-8] DEBUG o.s.s.w.u.m.AntPathRequestMatcher - Request 'GET /bootstrap/js/bootstrap.js' doesn't match 'POST /logout
566704 [http-nio-8080-exec-8] DEBUG o.s.s.w.u.m.AntPathRequestMatcher - Checking match of request : '/bootstrap/js/bootstrap.js'; against '/bootstrap/**'
566704 [http-nio-8080-exec-8] DEBUG o.s.s.w.a.i.FilterSecurityInterceptor - Secure object: FilterInvocation: URL: /bootstrap/js/bootstrap.js; Attributes: [permitAll]
566706 [http-nio-8080-exec-8] DEBUG o.s.s.w.a.i.FilterSecurityInterceptor - Previously Authenticated: org.springframework.security.authentication.AnonymousAuthenticationToken@6fa90ed4: Principal: anonymousUser; Credentials: [PROTECTED]; Authenticated: true; Details: org.springframework.security.web.authentication.WebAuthenticationDetails@fffc7f0c: RemoteIpAddress: 127.0.0.1; SessionId: 3804353C2C2C151F407CA4B277564A11; Granted Authorities: ROLE_ANONYMOUS
566706 [http-nio-8080-exec-8] DEBUG o.s.s.access.vote.AffirmativeBased - Voter: org.springframework.security.web.access.expression.WebExpressionVoter@2f6f76da, returned: 1
566706 [http-nio-8080-exec-8] DEBUG o.s.s.w.a.i.FilterSecurityInterceptor - Authorization successful
566706 [http-nio-8080-exec-8] DEBUG o.s.s.w.a.i.FilterSecurityInterceptor - RunAsManager did not change Authentication object
566706 [http-nio-8080-exec-8] DEBUG o.s.security.web.FilterChainProxy - /bootstrap/js/bootstrap.js reached end of additional filter chain; proceeding with original chain
566706 [http-nio-8080-exec-3] DEBUG o.s.s.w.c.HttpSessionSecurityContextRepository - SecurityContext is empty or contents are anonymous - context will not be stored in HttpSession.
566706 [http-nio-8080-exec-1] DEBUG o.s.s.w.c.HttpSessionSecurityContextRepository - SecurityContext is empty or contents are anonymous - context will not be stored in HttpSession.
566707 [http-nio-8080-exec-8] DEBUG o.s.s.w.c.HttpSessionSecurityContextRepository - SecurityContext is empty or contents are anonymous - context will not be stored in HttpSession.
566707 [http-nio-8080-exec-3] DEBUG o.s.s.w.a.ExceptionTranslationFilter - Chain processed normally
566707 [http-nio-8080-exec-3] DEBUG o.s.s.w.c.SecurityContextPersistenceFilter - SecurityContextHolder now cleared, as request processing completed
566709 [http-nio-8080-exec-8] DEBUG o.s.s.w.a.ExceptionTranslationFilter - Chain processed normally
566709 [http-nio-8080-exec-8] DEBUG o.s.s.w.c.SecurityContextPersistenceFilter - SecurityContextHolder now cleared, as request processing completed
566711 [http-nio-8080-exec-1] DEBUG o.s.s.w.a.ExceptionTranslationFilter - Chain processed normally
566712 [http-nio-8080-exec-1] DEBUG o.s.s.w.c.SecurityContextPersistenceFilter - SecurityContextHolder now cleared, as request processing completed
566775 [http-nio-8080-exec-5] DEBUG o.s.s.w.u.matcher.OrRequestMatcher - Trying to match using Ant [pattern='/css/**']
566776 [http-nio-8080-exec-5] DEBUG o.s.s.w.u.m.AntPathRequestMatcher - Checking match of request : '/favicon.ico'; against '/css/**'
566776 [http-nio-8080-exec-5] DEBUG o.s.s.w.u.matcher.OrRequestMatcher - Trying to match using Ant [pattern='/js/**']
566776 [http-nio-8080-exec-5] DEBUG o.s.s.w.u.m.AntPathRequestMatcher - Checking match of request : '/favicon.ico'; against '/js/**'
566776 [http-nio-8080-exec-5] DEBUG o.s.s.w.u.matcher.OrRequestMatcher - Trying to match using Ant [pattern='/images/**']
566776 [http-nio-8080-exec-5] DEBUG o.s.s.w.u.m.AntPathRequestMatcher - Checking match of request : '/favicon.ico'; against '/images/**'
566776 [http-nio-8080-exec-5] DEBUG o.s.s.w.u.matcher.OrRequestMatcher - Trying to match using Ant [pattern='/webjars/**']
566776 [http-nio-8080-exec-5] DEBUG o.s.s.w.u.m.AntPathRequestMatcher - Checking match of request : '/favicon.ico'; against '/webjars/**'
566776 [http-nio-8080-exec-5] DEBUG o.s.s.w.u.matcher.OrRequestMatcher - Trying to match using Ant [pattern='/**/favicon.ico']
566776 [http-nio-8080-exec-5] DEBUG o.s.s.w.u.m.AntPathRequestMatcher - Checking match of request : '/favicon.ico'; against '/**/favicon.ico'
566776 [http-nio-8080-exec-5] DEBUG o.s.s.w.u.matcher.OrRequestMatcher - matched
566776 [http-nio-8080-exec-5] DEBUG o.s.security.web.FilterChainProxy - /favicon.ico has an empty filter list
576642 [http-nio-8080-exec-10] DEBUG o.s.s.w.u.matcher.OrRequestMatcher - Trying to match using Ant [pattern='/css/**']
576642 [http-nio-8080-exec-10] DEBUG o.s.s.w.u.m.AntPathRequestMatcher - Checking match of request : '/'; against '/css/**'
576642 [http-nio-8080-exec-10] DEBUG o.s.s.w.u.matcher.OrRequestMatcher - Trying to match using Ant [pattern='/js/**']
576642 [http-nio-8080-exec-10] DEBUG o.s.s.w.u.m.AntPathRequestMatcher - Checking match of request : '/'; against '/js/**'
576643 [http-nio-8080-exec-10] DEBUG o.s.s.w.u.matcher.OrRequestMatcher - Trying to match using Ant [pattern='/images/**']
576643 [http-nio-8080-exec-10] DEBUG o.s.s.w.u.m.AntPathRequestMatcher - Checking match of request : '/'; against '/images/**'
576643 [http-nio-8080-exec-10] DEBUG o.s.s.w.u.matcher.OrRequestMatcher - Trying to match using Ant [pattern='/webjars/**']
576643 [http-nio-8080-exec-10] DEBUG o.s.s.w.u.m.AntPathRequestMatcher - Checking match of request : '/'; against '/webjars/**'
576643 [http-nio-8080-exec-10] DEBUG o.s.s.w.u.matcher.OrRequestMatcher - Trying to match using Ant [pattern='/**/favicon.ico']
576643 [http-nio-8080-exec-10] DEBUG o.s.s.w.u.m.AntPathRequestMatcher - Checking match of request : '/'; against '/**/favicon.ico'
576643 [http-nio-8080-exec-10] DEBUG o.s.s.w.u.matcher.OrRequestMatcher - Trying to match using Ant [pattern='/error']
576643 [http-nio-8080-exec-10] DEBUG o.s.s.w.u.m.AntPathRequestMatcher - Checking match of request : '/'; against '/error'
576643 [http-nio-8080-exec-10] DEBUG o.s.s.w.u.matcher.OrRequestMatcher - No matches found
576643 [http-nio-8080-exec-10] DEBUG o.s.security.web.FilterChainProxy - / at position 1 of 12 in additional filter chain; firing Filter: 'WebAsyncManagerIntegrationFilter'
576643 [http-nio-8080-exec-10] DEBUG o.s.security.web.FilterChainProxy - / at position 2 of 12 in additional filter chain; firing Filter: 'SecurityContextPersistenceFilter'
576643 [http-nio-8080-exec-10] DEBUG o.s.s.w.c.HttpSessionSecurityContextRepository - HttpSession returned null object for SPRING_SECURITY_CONTEXT
576643 [http-nio-8080-exec-10] DEBUG o.s.s.w.c.HttpSessionSecurityContextRepository - No SecurityContext was available from the HttpSession: org.apache.catalina.session.StandardSessionFacade@6e527ce1. A new one will be created.
576643 [http-nio-8080-exec-10] DEBUG o.s.security.web.FilterChainProxy - / at position 3 of 12 in additional filter chain; firing Filter: 'HeaderWriterFilter'
576643 [http-nio-8080-exec-10] DEBUG o.s.s.w.h.writers.HstsHeaderWriter - Not injecting HSTS header since it did not match the requestMatcher org.springframework.security.web.header.writers.HstsHeaderWriter$SecureRequestMatcher@6a6df5f3
576643 [http-nio-8080-exec-10] DEBUG o.s.security.web.FilterChainProxy - / at position 4 of 12 in additional filter chain; firing Filter: 'CsrfFilter'
576643 [http-nio-8080-exec-10] DEBUG o.s.security.web.csrf.CsrfFilter - Invalid CSRF token found for http://localhost:8080/
576643 [http-nio-8080-exec-10] DEBUG o.s.s.w.c.HttpSessionSecurityContextRepository - SecurityContext is empty or contents are anonymous - context will not be stored in HttpSession.
576643 [http-nio-8080-exec-10] DEBUG o.s.s.w.c.SecurityContextPersistenceFilter - SecurityContextHolder now cleared, as request processing completed
579821 [http-nio-8080-exec-4] DEBUG o.s.s.w.u.matcher.OrRequestMatcher - Trying to match using Ant [pattern='/css/**']
579821 [http-nio-8080-exec-4] DEBUG o.s.s.w.u.m.AntPathRequestMatcher - Checking match of request : '/'; against '/css/**'
579821 [http-nio-8080-exec-4] DEBUG o.s.s.w.u.matcher.OrRequestMatcher - Trying to match using Ant [pattern='/js/**']
579821 [http-nio-8080-exec-4] DEBUG o.s.s.w.u.m.AntPathRequestMatcher - Checking match of request : '/'; against '/js/**'
579821 [http-nio-8080-exec-4] DEBUG o.s.s.w.u.matcher.OrRequestMatcher - Trying to match using Ant [pattern='/images/**']
579821 [http-nio-8080-exec-4] DEBUG o.s.s.w.u.m.AntPathRequestMatcher - Checking match of request : '/'; against '/images/**'
579821 [http-nio-8080-exec-4] DEBUG o.s.s.w.u.matcher.OrRequestMatcher - Trying to match using Ant [pattern='/webjars/**']
579821 [http-nio-8080-exec-4] DEBUG o.s.s.w.u.m.AntPathRequestMatcher - Checking match of request : '/'; against '/webjars/**'
579821 [http-nio-8080-exec-4] DEBUG o.s.s.w.u.matcher.OrRequestMatcher - Trying to match using Ant [pattern='/**/favicon.ico']
579821 [http-nio-8080-exec-4] DEBUG o.s.s.w.u.m.AntPathRequestMatcher - Checking match of request : '/'; against '/**/favicon.ico'
579821 [http-nio-8080-exec-4] DEBUG o.s.s.w.u.matcher.OrRequestMatcher - Trying to match using Ant [pattern='/error']
579821 [http-nio-8080-exec-4] DEBUG o.s.s.w.u.m.AntPathRequestMatcher - Checking match of request : '/'; against '/error'
579821 [http-nio-8080-exec-4] DEBUG o.s.s.w.u.matcher.OrRequestMatcher - No matches found
579821 [http-nio-8080-exec-4] DEBUG o.s.security.web.FilterChainProxy - / at position 1 of 12 in additional filter chain; firing Filter: 'WebAsyncManagerIntegrationFilter'
579821 [http-nio-8080-exec-4] DEBUG o.s.security.web.FilterChainProxy - / at position 2 of 12 in additional filter chain; firing Filter: 'SecurityContextPersistenceFilter'
579821 [http-nio-8080-exec-4] DEBUG o.s.s.w.c.HttpSessionSecurityContextRepository - HttpSession returned null object for SPRING_SECURITY_CONTEXT
579821 [http-nio-8080-exec-4] DEBUG o.s.s.w.c.HttpSessionSecurityContextRepository - No SecurityContext was available from the HttpSession: org.apache.catalina.session.StandardSessionFacade@6e527ce1. A new one will be created.
579821 [http-nio-8080-exec-4] DEBUG o.s.security.web.FilterChainProxy - / at position 3 of 12 in additional filter chain; firing Filter: 'HeaderWriterFilter'
579821 [http-nio-8080-exec-4] DEBUG o.s.s.w.h.writers.HstsHeaderWriter - Not injecting HSTS header since it did not match the requestMatcher org.springframework.security.web.header.writers.HstsHeaderWriter$SecureRequestMatcher@6a6df5f3
579821 [http-nio-8080-exec-4] DEBUG o.s.security.web.FilterChainProxy - / at position 4 of 12 in additional filter chain; firing Filter: 'CsrfFilter'
579821 [http-nio-8080-exec-4] DEBUG o.s.security.web.FilterChainProxy - / at position 5 of 12 in additional filter chain; firing Filter: 'LogoutFilter'
579821 [http-nio-8080-exec-4] DEBUG o.s.s.w.u.m.AntPathRequestMatcher - Request 'GET /' doesn't match 'POST /logout
579821 [http-nio-8080-exec-4] DEBUG o.s.security.web.FilterChainProxy - / at position 6 of 12 in additional filter chain; firing Filter: 'UsernamePasswordAuthenticationFilter'
579821 [http-nio-8080-exec-4] DEBUG o.s.s.w.u.m.AntPathRequestMatcher - Request 'GET /' doesn't match 'POST /login
579821 [http-nio-8080-exec-4] DEBUG o.s.security.web.FilterChainProxy - / at position 7 of 12 in additional filter chain; firing Filter: 'RequestCacheAwareFilter'
579821 [http-nio-8080-exec-4] DEBUG o.s.s.w.s.DefaultSavedRequest - pathInfo: both null (property equals)
579821 [http-nio-8080-exec-4] DEBUG o.s.s.w.s.DefaultSavedRequest - queryString: both null (property equals)
579821 [http-nio-8080-exec-4] DEBUG o.s.s.w.s.DefaultSavedRequest - requestURI: arg1=/; arg2=/ (property equals)
579821 [http-nio-8080-exec-4] DEBUG o.s.s.w.s.DefaultSavedRequest - serverPort: arg1=8080; arg2=8080 (property equals)
579826 [http-nio-8080-exec-4] DEBUG o.s.s.w.s.DefaultSavedRequest - requestURL: arg1=http://localhost:8080/; arg2=http://localhost:8080/ (property equals)
579826 [http-nio-8080-exec-4] DEBUG o.s.s.w.s.DefaultSavedRequest - scheme: arg1=http; arg2=http (property equals)
579826 [http-nio-8080-exec-4] DEBUG o.s.s.w.s.DefaultSavedRequest - serverName: arg1=localhost; arg2=localhost (property equals)
579826 [http-nio-8080-exec-4] DEBUG o.s.s.w.s.DefaultSavedRequest - contextPath: arg1=; arg2= (property equals)
579826 [http-nio-8080-exec-4] DEBUG o.s.s.w.s.DefaultSavedRequest - servletPath: arg1=/; arg2=/ (property equals)
579826 [http-nio-8080-exec-4] DEBUG o.s.s.w.s.HttpSessionRequestCache - Removing DefaultSavedRequest from session if present
579831 [http-nio-8080-exec-4] DEBUG o.s.security.web.FilterChainProxy - / at position 8 of 12 in additional filter chain; firing Filter: 'SecurityContextHolderAwareRequestFilter'
579831 [http-nio-8080-exec-4] DEBUG o.s.security.web.FilterChainProxy - / at position 9 of 12 in additional filter chain; firing Filter: 'AnonymousAuthenticationFilter'
579831 [http-nio-8080-exec-4] DEBUG o.s.s.w.a.AnonymousAuthenticationFilter - Populated SecurityContextHolder with anonymous token: 'org.springframework.security.authentication.AnonymousAuthenticationToken@6fa90ed4: Principal: anonymousUser; Credentials: [PROTECTED]; Authenticated: true; Details: org.springframework.security.web.authentication.WebAuthenticationDetails@fffc7f0c: RemoteIpAddress: 127.0.0.1; SessionId: 3804353C2C2C151F407CA4B277564A11; Granted Authorities: ROLE_ANONYMOUS'
579831 [http-nio-8080-exec-4] DEBUG o.s.security.web.FilterChainProxy - / at position 10 of 12 in additional filter chain; firing Filter: 'SessionManagementFilter'
579831 [http-nio-8080-exec-4] DEBUG o.s.security.web.FilterChainProxy - / at position 11 of 12 in additional filter chain; firing Filter: 'ExceptionTranslationFilter'
579831 [http-nio-8080-exec-4] DEBUG o.s.security.web.FilterChainProxy - / at position 12 of 12 in additional filter chain; firing Filter: 'FilterSecurityInterceptor'
579831 [http-nio-8080-exec-4] DEBUG o.s.s.w.u.m.AntPathRequestMatcher - Request 'GET /' doesn't match 'POST /logout
579831 [http-nio-8080-exec-4] DEBUG o.s.s.w.u.m.AntPathRequestMatcher - Checking match of request : '/'; against '/bootstrap/**'
579832 [http-nio-8080-exec-4] DEBUG o.s.s.w.u.m.AntPathRequestMatcher - Checking match of request : '/'; against '/error/**'
579832 [http-nio-8080-exec-4] DEBUG o.s.s.w.u.m.AntPathRequestMatcher - Checking match of request : '/'; against '/img/**'
579832 [http-nio-8080-exec-4] DEBUG o.s.s.w.u.m.AntPathRequestMatcher - Checking match of request : '/'; against '/jquery/**'
579832 [http-nio-8080-exec-4] DEBUG o.s.s.w.u.m.AntPathRequestMatcher - Checking match of request : '/'; against '/index.html'
579832 [http-nio-8080-exec-4] DEBUG o.s.s.w.u.m.AntPathRequestMatcher - Checking match of request : '/'; against '/temp'
579832 [http-nio-8080-exec-4] DEBUG o.s.s.w.u.m.AntPathRequestMatcher - Checking match of request : '/'; against '/temp.ftl'
579832 [http-nio-8080-exec-4] DEBUG o.s.s.w.a.i.FilterSecurityInterceptor - Secure object: FilterInvocation: URL: /; Attributes: [authenticated]
579832 [http-nio-8080-exec-4] DEBUG o.s.s.w.a.i.FilterSecurityInterceptor - Previously Authenticated: org.springframework.security.authentication.AnonymousAuthenticationToken@6fa90ed4: Principal: anonymousUser; Credentials: [PROTECTED]; Authenticated: true; Details: org.springframework.security.web.authentication.WebAuthenticationDetails@fffc7f0c: RemoteIpAddress: 127.0.0.1; SessionId: 3804353C2C2C151F407CA4B277564A11; Granted Authorities: ROLE_ANONYMOUS
579832 [http-nio-8080-exec-4] DEBUG o.s.s.access.vote.AffirmativeBased - Voter: org.springframework.security.web.access.expression.WebExpressionVoter@2f6f76da, returned: -1
579832 [http-nio-8080-exec-4] DEBUG o.s.s.w.a.ExceptionTranslationFilter - Access is denied (user is anonymous); redirecting to authentication entry point
org.springframework.security.access.AccessDeniedException: Access is denied
	at org.springframework.security.access.vote.AffirmativeBased.decide(AffirmativeBased.java:84)
	at org.springframework.security.access.intercept.AbstractSecurityInterceptor.beforeInvocation(AbstractSecurityInterceptor.java:233)
	at org.springframework.security.web.access.intercept.FilterSecurityInterceptor.invoke(FilterSecurityInterceptor.java:124)
	at org.springframework.security.web.access.intercept.FilterSecurityInterceptor.doFilter(FilterSecurityInterceptor.java:91)
	at org.springframework.security.web.FilterChainProxy$VirtualFilterChain.doFilter(FilterChainProxy.java:331)
	at org.springframework.security.web.access.ExceptionTranslationFilter.doFilter(ExceptionTranslationFilter.java:114)
	at org.springframework.security.web.FilterChainProxy$VirtualFilterChain.doFilter(FilterChainProxy.java:331)
	at org.springframework.security.web.session.SessionManagementFilter.doFilter(SessionManagementFilter.java:137)
	at org.springframework.security.web.FilterChainProxy$VirtualFilterChain.doFilter(FilterChainProxy.java:331)
	at org.springframework.security.web.authentication.AnonymousAuthenticationFilter.doFilter(AnonymousAuthenticationFilter.java:111)
	at org.springframework.security.web.FilterChainProxy$VirtualFilterChain.doFilter(FilterChainProxy.java:331)
	at org.springframework.security.web.servletapi.SecurityContextHolderAwareRequestFilter.doFilter(SecurityContextHolderAwareRequestFilter.java:170)
	at org.springframework.security.web.FilterChainProxy$VirtualFilterChain.doFilter(FilterChainProxy.java:331)
	at org.springframework.security.web.savedrequest.RequestCacheAwareFilter.doFilter(RequestCacheAwareFilter.java:63)
	at org.springframework.security.web.FilterChainProxy$VirtualFilterChain.doFilter(FilterChainProxy.java:331)
	at org.springframework.security.web.authentication.AbstractAuthenticationProcessingFilter.doFilter(AbstractAuthenticationProcessingFilter.java:200)
	at org.springframework.security.web.FilterChainProxy$VirtualFilterChain.doFilter(FilterChainProxy.java:331)
	at org.springframework.security.web.authentication.logout.LogoutFilter.doFilter(LogoutFilter.java:116)
	at org.springframework.security.web.FilterChainProxy$VirtualFilterChain.doFilter(FilterChainProxy.java:331)
	at org.springframework.security.web.csrf.CsrfFilter.doFilterInternal(CsrfFilter.java:100)
	at org.springframework.web.filter.OncePerRequestFilter.doFilter(OncePerRequestFilter.java:107)
	at org.springframework.security.web.FilterChainProxy$VirtualFilterChain.doFilter(FilterChainProxy.java:331)
	at org.springframework.security.web.header.HeaderWriterFilter.doFilterInternal(HeaderWriterFilter.java:64)
	at org.springframework.web.filter.OncePerRequestFilter.doFilter(OncePerRequestFilter.java:107)
	at org.springframework.security.web.FilterChainProxy$VirtualFilterChain.doFilter(FilterChainProxy.java:331)
	at org.springframework.security.web.context.SecurityContextPersistenceFilter.doFilter(SecurityContextPersistenceFilter.java:105)
	at org.springframework.security.web.FilterChainProxy$VirtualFilterChain.doFilter(FilterChainProxy.java:331)
	at org.springframework.security.web.context.request.async.WebAsyncManagerIntegrationFilter.doFilterInternal(WebAsyncManagerIntegrationFilter.java:56)
	at org.springframework.web.filter.OncePerRequestFilter.doFilter(OncePerRequestFilter.java:107)
	at org.springframework.security.web.FilterChainProxy$VirtualFilterChain.doFilter(FilterChainProxy.java:331)
	at org.springframework.security.web.FilterChainProxy.doFilterInternal(FilterChainProxy.java:214)
	at org.springframework.security.web.FilterChainProxy.doFilter(FilterChainProxy.java:177)
	at org.springframework.web.filter.DelegatingFilterProxy.invokeDelegate(DelegatingFilterProxy.java:347)
	at org.springframework.web.filter.DelegatingFilterProxy.doFilter(DelegatingFilterProxy.java:263)
	at org.apache.catalina.core.ApplicationFilterChain.internalDoFilter(ApplicationFilterChain.java:193)
	at org.apache.catalina.core.ApplicationFilterChain.doFilter(ApplicationFilterChain.java:166)
	at org.springframework.web.filter.RequestContextFilter.doFilterInternal(RequestContextFilter.java:99)
	at org.springframework.web.filter.OncePerRequestFilter.doFilter(OncePerRequestFilter.java:107)
	at org.apache.catalina.core.ApplicationFilterChain.internalDoFilter(ApplicationFilterChain.java:193)
	at org.apache.catalina.core.ApplicationFilterChain.doFilter(ApplicationFilterChain.java:166)
	at org.springframework.web.filter.HttpPutFormContentFilter.doFilterInternal(HttpPutFormContentFilter.java:108)
	at org.springframework.web.filter.OncePerRequestFilter.doFilter(OncePerRequestFilter.java:107)
	at org.apache.catalina.core.ApplicationFilterChain.internalDoFilter(ApplicationFilterChain.java:193)
	at org.apache.catalina.core.ApplicationFilterChain.doFilter(ApplicationFilterChain.java:166)
	at org.springframework.web.filter.HiddenHttpMethodFilter.doFilterInternal(HiddenHttpMethodFilter.java:81)
	at org.springframework.web.filter.OncePerRequestFilter.doFilter(OncePerRequestFilter.java:107)
	at org.apache.catalina.core.ApplicationFilterChain.internalDoFilter(ApplicationFilterChain.java:193)
	at org.apache.catalina.core.ApplicationFilterChain.doFilter(ApplicationFilterChain.java:166)
	at org.springframework.web.filter.CharacterEncodingFilter.doFilterInternal(CharacterEncodingFilter.java:197)
	at org.springframework.web.filter.OncePerRequestFilter.doFilter(OncePerRequestFilter.java:107)
	at org.apache.catalina.core.ApplicationFilterChain.internalDoFilter(ApplicationFilterChain.java:193)
	at org.apache.catalina.core.ApplicationFilterChain.doFilter(ApplicationFilterChain.java:166)
	at org.apache.catalina.core.StandardWrapperValve.invoke(StandardWrapperValve.java:199)
	at org.apache.catalina.core.StandardContextValve.invoke(StandardContextValve.java:96)
	at org.apache.catalina.authenticator.AuthenticatorBase.invoke(AuthenticatorBase.java:478)
	at org.apache.catalina.core.StandardHostValve.invoke(StandardHostValve.java:140)
	at org.apache.catalina.valves.ErrorReportValve.invoke(ErrorReportValve.java:81)
	at org.apache.catalina.core.StandardEngineValve.invoke(StandardEngineValve.java:87)
	at org.apache.catalina.connector.CoyoteAdapter.service(CoyoteAdapter.java:342)
	at org.apache.coyote.http11.Http11Processor.service(Http11Processor.java:803)
	at org.apache.coyote.AbstractProcessorLight.process(AbstractProcessorLight.java:66)
	at org.apache.coyote.AbstractProtocol$ConnectionHandler.process(AbstractProtocol.java:868)
	at org.apache.tomcat.util.net.NioEndpoint$SocketProcessor.doRun(NioEndpoint.java:1459)
	at org.apache.tomcat.util.net.SocketProcessorBase.run(SocketProcessorBase.java:49)
	at java.util.concurrent.ThreadPoolExecutor.runWorker(ThreadPoolExecutor.java:1149)
	at java.util.concurrent.ThreadPoolExecutor$Worker.run(ThreadPoolExecutor.java:624)
	at org.apache.tomcat.util.threads.TaskThread$WrappingRunnable.run(TaskThread.java:61)
	at java.lang.Thread.run(Thread.java:748)
579833 [http-nio-8080-exec-4] DEBUG o.s.s.w.u.matcher.AndRequestMatcher - Trying to match using Ant [pattern='/**', GET]
579833 [http-nio-8080-exec-4] DEBUG o.s.s.w.u.m.AntPathRequestMatcher - Request '/' matched by universal pattern '/**'
579833 [http-nio-8080-exec-4] DEBUG o.s.s.w.u.matcher.AndRequestMatcher - Trying to match using NegatedRequestMatcher [requestMatcher=Ant [pattern='/**/favicon.ico']]
579833 [http-nio-8080-exec-4] DEBUG o.s.s.w.u.m.AntPathRequestMatcher - Checking match of request : '/'; against '/**/favicon.ico'
579833 [http-nio-8080-exec-4] DEBUG o.s.s.w.u.m.NegatedRequestMatcher - matches = true
579833 [http-nio-8080-exec-4] DEBUG o.s.s.w.u.matcher.AndRequestMatcher - Trying to match using NegatedRequestMatcher [requestMatcher=MediaTypeRequestMatcher [contentNegotiationStrategy=org.springframework.web.accept.ContentNegotiationManager@23f067ec, matchingMediaTypes=[application/json], useEquals=false, ignoredMediaTypes=[*/*]]]
579833 [http-nio-8080-exec-4] DEBUG o.s.s.w.u.m.MediaTypeRequestMatcher - httpRequestMediaTypes=[text/html, application/xhtml+xml, image/webp, image/apng, application/xml;q=0.9, */*;q=0.8]
579833 [http-nio-8080-exec-4] DEBUG o.s.s.w.u.m.MediaTypeRequestMatcher - Processing text/html
579833 [http-nio-8080-exec-4] DEBUG o.s.s.w.u.m.MediaTypeRequestMatcher - application/json .isCompatibleWith text/html = false
579833 [http-nio-8080-exec-4] DEBUG o.s.s.w.u.m.MediaTypeRequestMatcher - Processing application/xhtml+xml
579833 [http-nio-8080-exec-4] DEBUG o.s.s.w.u.m.MediaTypeRequestMatcher - application/json .isCompatibleWith application/xhtml+xml = false
579833 [http-nio-8080-exec-4] DEBUG o.s.s.w.u.m.MediaTypeRequestMatcher - Processing image/webp
579833 [http-nio-8080-exec-4] DEBUG o.s.s.w.u.m.MediaTypeRequestMatcher - application/json .isCompatibleWith image/webp = false
579833 [http-nio-8080-exec-4] DEBUG o.s.s.w.u.m.MediaTypeRequestMatcher - Processing image/apng
579833 [http-nio-8080-exec-4] DEBUG o.s.s.w.u.m.MediaTypeRequestMatcher - application/json .isCompatibleWith image/apng = false
579833 [http-nio-8080-exec-4] DEBUG o.s.s.w.u.m.MediaTypeRequestMatcher - Processing application/xml;q=0.9
579833 [http-nio-8080-exec-4] DEBUG o.s.s.w.u.m.MediaTypeRequestMatcher - application/json .isCompatibleWith application/xml;q=0.9 = false
579833 [http-nio-8080-exec-4] DEBUG o.s.s.w.u.m.MediaTypeRequestMatcher - Processing */*;q=0.8
579833 [http-nio-8080-exec-4] DEBUG o.s.s.w.u.m.MediaTypeRequestMatcher - Ignoring
579833 [http-nio-8080-exec-4] DEBUG o.s.s.w.u.m.MediaTypeRequestMatcher - Did not match any media types
579833 [http-nio-8080-exec-4] DEBUG o.s.s.w.u.m.NegatedRequestMatcher - matches = true
579833 [http-nio-8080-exec-4] DEBUG o.s.s.w.u.matcher.AndRequestMatcher - Trying to match using NegatedRequestMatcher [requestMatcher=RequestHeaderRequestMatcher [expectedHeaderName=X-Requested-With, expectedHeaderValue=XMLHttpRequest]]
579833 [http-nio-8080-exec-4] DEBUG o.s.s.w.u.m.NegatedRequestMatcher - matches = true
579833 [http-nio-8080-exec-4] DEBUG o.s.s.w.u.matcher.AndRequestMatcher - All requestMatchers returned true
579834 [http-nio-8080-exec-4] DEBUG o.s.s.w.s.HttpSessionRequestCache - DefaultSavedRequest added to Session: DefaultSavedRequest[http://localhost:8080/]
579834 [http-nio-8080-exec-4] DEBUG o.s.s.w.a.ExceptionTranslationFilter - Calling Authentication entry point.
579834 [http-nio-8080-exec-4] DEBUG o.s.s.web.DefaultRedirectStrategy - Redirecting to 'http://localhost:8080/login'
579834 [http-nio-8080-exec-4] DEBUG o.s.s.w.c.HttpSessionSecurityContextRepository - SecurityContext is empty or contents are anonymous - context will not be stored in HttpSession.
579834 [http-nio-8080-exec-4] DEBUG o.s.s.w.c.SecurityContextPersistenceFilter - SecurityContextHolder now cleared, as request processing completed
579836 [http-nio-8080-exec-9] DEBUG o.s.s.w.u.matcher.OrRequestMatcher - Trying to match using Ant [pattern='/css/**']
579836 [http-nio-8080-exec-9] DEBUG o.s.s.w.u.m.AntPathRequestMatcher - Checking match of request : '/login'; against '/css/**'
579836 [http-nio-8080-exec-9] DEBUG o.s.s.w.u.matcher.OrRequestMatcher - Trying to match using Ant [pattern='/js/**']
579836 [http-nio-8080-exec-9] DEBUG o.s.s.w.u.m.AntPathRequestMatcher - Checking match of request : '/login'; against '/js/**'
579836 [http-nio-8080-exec-9] DEBUG o.s.s.w.u.matcher.OrRequestMatcher - Trying to match using Ant [pattern='/images/**']
579836 [http-nio-8080-exec-9] DEBUG o.s.s.w.u.m.AntPathRequestMatcher - Checking match of request : '/login'; against '/images/**'
579836 [http-nio-8080-exec-9] DEBUG o.s.s.w.u.matcher.OrRequestMatcher - Trying to match using Ant [pattern='/webjars/**']
579836 [http-nio-8080-exec-9] DEBUG o.s.s.w.u.m.AntPathRequestMatcher - Checking match of request : '/login'; against '/webjars/**'
579836 [http-nio-8080-exec-9] DEBUG o.s.s.w.u.matcher.OrRequestMatcher - Trying to match using Ant [pattern='/**/favicon.ico']
579836 [http-nio-8080-exec-9] DEBUG o.s.s.w.u.m.AntPathRequestMatcher - Checking match of request : '/login'; against '/**/favicon.ico'
579836 [http-nio-8080-exec-9] DEBUG o.s.s.w.u.matcher.OrRequestMatcher - Trying to match using Ant [pattern='/error']
579836 [http-nio-8080-exec-9] DEBUG o.s.s.w.u.m.AntPathRequestMatcher - Checking match of request : '/login'; against '/error'
579836 [http-nio-8080-exec-9] DEBUG o.s.s.w.u.matcher.OrRequestMatcher - No matches found
579836 [http-nio-8080-exec-9] DEBUG o.s.security.web.FilterChainProxy - /login at position 1 of 12 in additional filter chain; firing Filter: 'WebAsyncManagerIntegrationFilter'
579836 [http-nio-8080-exec-9] DEBUG o.s.security.web.FilterChainProxy - /login at position 2 of 12 in additional filter chain; firing Filter: 'SecurityContextPersistenceFilter'
579836 [http-nio-8080-exec-9] DEBUG o.s.s.w.c.HttpSessionSecurityContextRepository - HttpSession returned null object for SPRING_SECURITY_CONTEXT
579836 [http-nio-8080-exec-9] DEBUG o.s.s.w.c.HttpSessionSecurityContextRepository - No SecurityContext was available from the HttpSession: org.apache.catalina.session.StandardSessionFacade@6e527ce1. A new one will be created.
579836 [http-nio-8080-exec-9] DEBUG o.s.security.web.FilterChainProxy - /login at position 3 of 12 in additional filter chain; firing Filter: 'HeaderWriterFilter'
579836 [http-nio-8080-exec-9] DEBUG o.s.s.w.h.writers.HstsHeaderWriter - Not injecting HSTS header since it did not match the requestMatcher org.springframework.security.web.header.writers.HstsHeaderWriter$SecureRequestMatcher@6a6df5f3
579837 [http-nio-8080-exec-9] DEBUG o.s.security.web.FilterChainProxy - /login at position 4 of 12 in additional filter chain; firing Filter: 'CsrfFilter'
579837 [http-nio-8080-exec-9] DEBUG o.s.security.web.FilterChainProxy - /login at position 5 of 12 in additional filter chain; firing Filter: 'LogoutFilter'
579837 [http-nio-8080-exec-9] DEBUG o.s.s.w.u.m.AntPathRequestMatcher - Request 'GET /login' doesn't match 'POST /logout
579837 [http-nio-8080-exec-9] DEBUG o.s.security.web.FilterChainProxy - /login at position 6 of 12 in additional filter chain; firing Filter: 'UsernamePasswordAuthenticationFilter'
579837 [http-nio-8080-exec-9] DEBUG o.s.s.w.u.m.AntPathRequestMatcher - Request 'GET /login' doesn't match 'POST /login
579837 [http-nio-8080-exec-9] DEBUG o.s.security.web.FilterChainProxy - /login at position 7 of 12 in additional filter chain; firing Filter: 'RequestCacheAwareFilter'
579837 [http-nio-8080-exec-9] DEBUG o.s.s.w.s.DefaultSavedRequest - pathInfo: both null (property equals)
579837 [http-nio-8080-exec-9] DEBUG o.s.s.w.s.DefaultSavedRequest - queryString: both null (property equals)
579837 [http-nio-8080-exec-9] DEBUG o.s.s.w.s.DefaultSavedRequest - requestURI: arg1=/; arg2=/login (property not equals)
579837 [http-nio-8080-exec-9] DEBUG o.s.s.w.s.HttpSessionRequestCache - saved request doesn't match
579837 [http-nio-8080-exec-9] DEBUG o.s.security.web.FilterChainProxy - /login at position 8 of 12 in additional filter chain; firing Filter: 'SecurityContextHolderAwareRequestFilter'
579837 [http-nio-8080-exec-9] DEBUG o.s.security.web.FilterChainProxy - /login at position 9 of 12 in additional filter chain; firing Filter: 'AnonymousAuthenticationFilter'
579837 [http-nio-8080-exec-9] DEBUG o.s.s.w.a.AnonymousAuthenticationFilter - Populated SecurityContextHolder with anonymous token: 'org.springframework.security.authentication.AnonymousAuthenticationToken@6fa90ed4: Principal: anonymousUser; Credentials: [PROTECTED]; Authenticated: true; Details: org.springframework.security.web.authentication.WebAuthenticationDetails@fffc7f0c: RemoteIpAddress: 127.0.0.1; SessionId: 3804353C2C2C151F407CA4B277564A11; Granted Authorities: ROLE_ANONYMOUS'
579837 [http-nio-8080-exec-9] DEBUG o.s.security.web.FilterChainProxy - /login at position 10 of 12 in additional filter chain; firing Filter: 'SessionManagementFilter'
579837 [http-nio-8080-exec-9] DEBUG o.s.security.web.FilterChainProxy - /login at position 11 of 12 in additional filter chain; firing Filter: 'ExceptionTranslationFilter'
579837 [http-nio-8080-exec-9] DEBUG o.s.security.web.FilterChainProxy - /login at position 12 of 12 in additional filter chain; firing Filter: 'FilterSecurityInterceptor'
579837 [http-nio-8080-exec-9] DEBUG o.s.s.w.a.i.FilterSecurityInterceptor - Secure object: FilterInvocation: URL: /login; Attributes: [permitAll]
579837 [http-nio-8080-exec-9] DEBUG o.s.s.w.a.i.FilterSecurityInterceptor - Previously Authenticated: org.springframework.security.authentication.AnonymousAuthenticationToken@6fa90ed4: Principal: anonymousUser; Credentials: [PROTECTED]; Authenticated: true; Details: org.springframework.security.web.authentication.WebAuthenticationDetails@fffc7f0c: RemoteIpAddress: 127.0.0.1; SessionId: 3804353C2C2C151F407CA4B277564A11; Granted Authorities: ROLE_ANONYMOUS
579837 [http-nio-8080-exec-9] DEBUG o.s.s.access.vote.AffirmativeBased - Voter: org.springframework.security.web.access.expression.WebExpressionVoter@2f6f76da, returned: 1
579837 [http-nio-8080-exec-9] DEBUG o.s.s.w.a.i.FilterSecurityInterceptor - Authorization successful
579837 [http-nio-8080-exec-9] DEBUG o.s.s.w.a.i.FilterSecurityInterceptor - RunAsManager did not change Authentication object
579837 [http-nio-8080-exec-9] DEBUG o.s.security.web.FilterChainProxy - /login reached end of additional filter chain; proceeding with original chain
579839 [http-nio-8080-exec-9] DEBUG o.s.s.w.c.HttpSessionSecurityContextRepository - SecurityContext is empty or contents are anonymous - context will not be stored in HttpSession.
579839 [http-nio-8080-exec-9] DEBUG o.s.s.w.a.ExceptionTranslationFilter - Chain processed normally
579839 [http-nio-8080-exec-9] DEBUG o.s.s.w.c.SecurityContextPersistenceFilter - SecurityContextHolder now cleared, as request processing completed
579846 [http-nio-8080-exec-2] DEBUG o.s.s.w.u.matcher.OrRequestMatcher - Trying to match using Ant [pattern='/css/**']
579846 [http-nio-8080-exec-3] DEBUG o.s.s.w.u.matcher.OrRequestMatcher - Trying to match using Ant [pattern='/css/**']
579846 [http-nio-8080-exec-7] DEBUG o.s.s.w.u.matcher.OrRequestMatcher - Trying to match using Ant [pattern='/css/**']
579847 [http-nio-8080-exec-7] DEBUG o.s.s.w.u.m.AntPathRequestMatcher - Checking match of request : '/bootstrap/css/bootstrap.css'; against '/css/**'
579847 [http-nio-8080-exec-2] DEBUG o.s.s.w.u.m.AntPathRequestMatcher - Checking match of request : '/jquery/jquery-2.1.3.js'; against '/css/**'
579847 [http-nio-8080-exec-3] DEBUG o.s.s.w.u.m.AntPathRequestMatcher - Checking match of request : '/bootstrap/js/bootstrap.js'; against '/css/**'
579847 [http-nio-8080-exec-7] DEBUG o.s.s.w.u.matcher.OrRequestMatcher - Trying to match using Ant [pattern='/js/**']
579847 [http-nio-8080-exec-7] DEBUG o.s.s.w.u.m.AntPathRequestMatcher - Checking match of request : '/bootstrap/css/bootstrap.css'; against '/js/**'
579847 [http-nio-8080-exec-7] DEBUG o.s.s.w.u.matcher.OrRequestMatcher - Trying to match using Ant [pattern='/images/**']
579847 [http-nio-8080-exec-2] DEBUG o.s.s.w.u.matcher.OrRequestMatcher - Trying to match using Ant [pattern='/js/**']
579847 [http-nio-8080-exec-3] DEBUG o.s.s.w.u.matcher.OrRequestMatcher - Trying to match using Ant [pattern='/js/**']
579847 [http-nio-8080-exec-7] DEBUG o.s.s.w.u.m.AntPathRequestMatcher - Checking match of request : '/bootstrap/css/bootstrap.css'; against '/images/**'
579847 [http-nio-8080-exec-2] DEBUG o.s.s.w.u.m.AntPathRequestMatcher - Checking match of request : '/jquery/jquery-2.1.3.js'; against '/js/**'
579847 [http-nio-8080-exec-3] DEBUG o.s.s.w.u.m.AntPathRequestMatcher - Checking match of request : '/bootstrap/js/bootstrap.js'; against '/js/**'
579847 [http-nio-8080-exec-7] DEBUG o.s.s.w.u.matcher.OrRequestMatcher - Trying to match using Ant [pattern='/webjars/**']
579847 [http-nio-8080-exec-2] DEBUG o.s.s.w.u.matcher.OrRequestMatcher - Trying to match using Ant [pattern='/images/**']
579847 [http-nio-8080-exec-3] DEBUG o.s.s.w.u.matcher.OrRequestMatcher - Trying to match using Ant [pattern='/images/**']
579847 [http-nio-8080-exec-7] DEBUG o.s.s.w.u.m.AntPathRequestMatcher - Checking match of request : '/bootstrap/css/bootstrap.css'; against '/webjars/**'
579847 [http-nio-8080-exec-2] DEBUG o.s.s.w.u.m.AntPathRequestMatcher - Checking match of request : '/jquery/jquery-2.1.3.js'; against '/images/**'
579847 [http-nio-8080-exec-2] DEBUG o.s.s.w.u.matcher.OrRequestMatcher - Trying to match using Ant [pattern='/webjars/**']
579847 [http-nio-8080-exec-2] DEBUG o.s.s.w.u.m.AntPathRequestMatcher - Checking match of request : '/jquery/jquery-2.1.3.js'; against '/webjars/**'
579847 [http-nio-8080-exec-2] DEBUG o.s.s.w.u.matcher.OrRequestMatcher - Trying to match using Ant [pattern='/**/favicon.ico']
579847 [http-nio-8080-exec-3] DEBUG o.s.s.w.u.m.AntPathRequestMatcher - Checking match of request : '/bootstrap/js/bootstrap.js'; against '/images/**'
579847 [http-nio-8080-exec-7] DEBUG o.s.s.w.u.matcher.OrRequestMatcher - Trying to match using Ant [pattern='/**/favicon.ico']
579847 [http-nio-8080-exec-3] DEBUG o.s.s.w.u.matcher.OrRequestMatcher - Trying to match using Ant [pattern='/webjars/**']
579847 [http-nio-8080-exec-2] DEBUG o.s.s.w.u.m.AntPathRequestMatcher - Checking match of request : '/jquery/jquery-2.1.3.js'; against '/**/favicon.ico'
579847 [http-nio-8080-exec-7] DEBUG o.s.s.w.u.m.AntPathRequestMatcher - Checking match of request : '/bootstrap/css/bootstrap.css'; against '/**/favicon.ico'
579847 [http-nio-8080-exec-2] DEBUG o.s.s.w.u.matcher.OrRequestMatcher - Trying to match using Ant [pattern='/error']
579847 [http-nio-8080-exec-7] DEBUG o.s.s.w.u.matcher.OrRequestMatcher - Trying to match using Ant [pattern='/error']
579847 [http-nio-8080-exec-3] DEBUG o.s.s.w.u.m.AntPathRequestMatcher - Checking match of request : '/bootstrap/js/bootstrap.js'; against '/webjars/**'
579847 [http-nio-8080-exec-2] DEBUG o.s.s.w.u.m.AntPathRequestMatcher - Checking match of request : '/jquery/jquery-2.1.3.js'; against '/error'
579847 [http-nio-8080-exec-7] DEBUG o.s.s.w.u.m.AntPathRequestMatcher - Checking match of request : '/bootstrap/css/bootstrap.css'; against '/error'
579851 [http-nio-8080-exec-3] DEBUG o.s.s.w.u.matcher.OrRequestMatcher - Trying to match using Ant [pattern='/**/favicon.ico']
579851 [http-nio-8080-exec-2] DEBUG o.s.s.w.u.matcher.OrRequestMatcher - No matches found
579851 [http-nio-8080-exec-7] DEBUG o.s.s.w.u.matcher.OrRequestMatcher - No matches found
579851 [http-nio-8080-exec-2] DEBUG o.s.security.web.FilterChainProxy - /jquery/jquery-2.1.3.js at position 1 of 12 in additional filter chain; firing Filter: 'WebAsyncManagerIntegrationFilter'
579851 [http-nio-8080-exec-7] DEBUG o.s.security.web.FilterChainProxy - /bootstrap/css/bootstrap.css at position 1 of 12 in additional filter chain; firing Filter: 'WebAsyncManagerIntegrationFilter'
579851 [http-nio-8080-exec-3] DEBUG o.s.s.w.u.m.AntPathRequestMatcher - Checking match of request : '/bootstrap/js/bootstrap.js'; against '/**/favicon.ico'
579851 [http-nio-8080-exec-2] DEBUG o.s.security.web.FilterChainProxy - /jquery/jquery-2.1.3.js at position 2 of 12 in additional filter chain; firing Filter: 'SecurityContextPersistenceFilter'
579851 [http-nio-8080-exec-3] DEBUG o.s.s.w.u.matcher.OrRequestMatcher - Trying to match using Ant [pattern='/error']
579851 [http-nio-8080-exec-7] DEBUG o.s.security.web.FilterChainProxy - /bootstrap/css/bootstrap.css at position 2 of 12 in additional filter chain; firing Filter: 'SecurityContextPersistenceFilter'
579851 [http-nio-8080-exec-2] DEBUG o.s.s.w.c.HttpSessionSecurityContextRepository - HttpSession returned null object for SPRING_SECURITY_CONTEXT
579851 [http-nio-8080-exec-7] DEBUG o.s.s.w.c.HttpSessionSecurityContextRepository - HttpSession returned null object for SPRING_SECURITY_CONTEXT
579851 [http-nio-8080-exec-2] DEBUG o.s.s.w.c.HttpSessionSecurityContextRepository - No SecurityContext was available from the HttpSession: org.apache.catalina.session.StandardSessionFacade@6e527ce1. A new one will be created.
579851 [http-nio-8080-exec-2] DEBUG o.s.security.web.FilterChainProxy - /jquery/jquery-2.1.3.js at position 3 of 12 in additional filter chain; firing Filter: 'HeaderWriterFilter'
579851 [http-nio-8080-exec-3] DEBUG o.s.s.w.u.m.AntPathRequestMatcher - Checking match of request : '/bootstrap/js/bootstrap.js'; against '/error'
579851 [http-nio-8080-exec-2] DEBUG o.s.s.w.h.writers.HstsHeaderWriter - Not injecting HSTS header since it did not match the requestMatcher org.springframework.security.web.header.writers.HstsHeaderWriter$SecureRequestMatcher@6a6df5f3
579851 [http-nio-8080-exec-7] DEBUG o.s.s.w.c.HttpSessionSecurityContextRepository - No SecurityContext was available from the HttpSession: org.apache.catalina.session.StandardSessionFacade@6e527ce1. A new one will be created.
579851 [http-nio-8080-exec-3] DEBUG o.s.s.w.u.matcher.OrRequestMatcher - No matches found
579851 [http-nio-8080-exec-2] DEBUG o.s.security.web.FilterChainProxy - /jquery/jquery-2.1.3.js at position 4 of 12 in additional filter chain; firing Filter: 'CsrfFilter'
579851 [http-nio-8080-exec-3] DEBUG o.s.security.web.FilterChainProxy - /bootstrap/js/bootstrap.js at position 1 of 12 in additional filter chain; firing Filter: 'WebAsyncManagerIntegrationFilter'
579851 [http-nio-8080-exec-7] DEBUG o.s.security.web.FilterChainProxy - /bootstrap/css/bootstrap.css at position 3 of 12 in additional filter chain; firing Filter: 'HeaderWriterFilter'
579851 [http-nio-8080-exec-2] DEBUG o.s.security.web.FilterChainProxy - /jquery/jquery-2.1.3.js at position 5 of 12 in additional filter chain; firing Filter: 'LogoutFilter'
579851 [http-nio-8080-exec-3] DEBUG o.s.security.web.FilterChainProxy - /bootstrap/js/bootstrap.js at position 2 of 12 in additional filter chain; firing Filter: 'SecurityContextPersistenceFilter'
579851 [http-nio-8080-exec-2] DEBUG o.s.s.w.u.m.AntPathRequestMatcher - Request 'GET /jquery/jquery-2.1.3.js' doesn't match 'POST /logout
579851 [http-nio-8080-exec-3] DEBUG o.s.s.w.c.HttpSessionSecurityContextRepository - HttpSession returned null object for SPRING_SECURITY_CONTEXT
579851 [http-nio-8080-exec-7] DEBUG o.s.s.w.h.writers.HstsHeaderWriter - Not injecting HSTS header since it did not match the requestMatcher org.springframework.security.web.header.writers.HstsHeaderWriter$SecureRequestMatcher@6a6df5f3
579852 [http-nio-8080-exec-2] DEBUG o.s.security.web.FilterChainProxy - /jquery/jquery-2.1.3.js at position 6 of 12 in additional filter chain; firing Filter: 'UsernamePasswordAuthenticationFilter'
579852 [http-nio-8080-exec-3] DEBUG o.s.s.w.c.HttpSessionSecurityContextRepository - No SecurityContext was available from the HttpSession: org.apache.catalina.session.StandardSessionFacade@6e527ce1. A new one will be created.
579852 [http-nio-8080-exec-7] DEBUG o.s.security.web.FilterChainProxy - /bootstrap/css/bootstrap.css at position 4 of 12 in additional filter chain; firing Filter: 'CsrfFilter'
579852 [http-nio-8080-exec-3] DEBUG o.s.security.web.FilterChainProxy - /bootstrap/js/bootstrap.js at position 3 of 12 in additional filter chain; firing Filter: 'HeaderWriterFilter'
579852 [http-nio-8080-exec-2] DEBUG o.s.s.w.u.m.AntPathRequestMatcher - Request 'GET /jquery/jquery-2.1.3.js' doesn't match 'POST /login
579852 [http-nio-8080-exec-7] DEBUG o.s.security.web.FilterChainProxy - /bootstrap/css/bootstrap.css at position 5 of 12 in additional filter chain; firing Filter: 'LogoutFilter'
579852 [http-nio-8080-exec-2] DEBUG o.s.security.web.FilterChainProxy - /jquery/jquery-2.1.3.js at position 7 of 12 in additional filter chain; firing Filter: 'RequestCacheAwareFilter'
579852 [http-nio-8080-exec-7] DEBUG o.s.s.w.u.m.AntPathRequestMatcher - Request 'GET /bootstrap/css/bootstrap.css' doesn't match 'POST /logout
579852 [http-nio-8080-exec-2] DEBUG o.s.s.w.s.DefaultSavedRequest - pathInfo: both null (property equals)
579852 [http-nio-8080-exec-7] DEBUG o.s.security.web.FilterChainProxy - /bootstrap/css/bootstrap.css at position 6 of 12 in additional filter chain; firing Filter: 'UsernamePasswordAuthenticationFilter'
579852 [http-nio-8080-exec-7] DEBUG o.s.s.w.u.m.AntPathRequestMatcher - Request 'GET /bootstrap/css/bootstrap.css' doesn't match 'POST /login
579852 [http-nio-8080-exec-7] DEBUG o.s.security.web.FilterChainProxy - /bootstrap/css/bootstrap.css at position 7 of 12 in additional filter chain; firing Filter: 'RequestCacheAwareFilter'
579852 [http-nio-8080-exec-7] DEBUG o.s.s.w.s.DefaultSavedRequest - pathInfo: both null (property equals)
579852 [http-nio-8080-exec-7] DEBUG o.s.s.w.s.DefaultSavedRequest - queryString: both null (property equals)
579852 [http-nio-8080-exec-2] DEBUG o.s.s.w.s.DefaultSavedRequest - queryString: both null (property equals)
579852 [http-nio-8080-exec-3] DEBUG o.s.s.w.h.writers.HstsHeaderWriter - Not injecting HSTS header since it did not match the requestMatcher org.springframework.security.web.header.writers.HstsHeaderWriter$SecureRequestMatcher@6a6df5f3
579852 [http-nio-8080-exec-7] DEBUG o.s.s.w.s.DefaultSavedRequest - requestURI: arg1=/; arg2=/bootstrap/css/bootstrap.css (property not equals)
579852 [http-nio-8080-exec-2] DEBUG o.s.s.w.s.DefaultSavedRequest - requestURI: arg1=/; arg2=/jquery/jquery-2.1.3.js (property not equals)
579852 [http-nio-8080-exec-3] DEBUG o.s.security.web.FilterChainProxy - /bootstrap/js/bootstrap.js at position 4 of 12 in additional filter chain; firing Filter: 'CsrfFilter'
579852 [http-nio-8080-exec-2] DEBUG o.s.s.w.s.HttpSessionRequestCache - saved request doesn't match
579852 [http-nio-8080-exec-7] DEBUG o.s.s.w.s.HttpSessionRequestCache - saved request doesn't match
579852 [http-nio-8080-exec-7] DEBUG o.s.security.web.FilterChainProxy - /bootstrap/css/bootstrap.css at position 8 of 12 in additional filter chain; firing Filter: 'SecurityContextHolderAwareRequestFilter'
579852 [http-nio-8080-exec-7] DEBUG o.s.security.web.FilterChainProxy - /bootstrap/css/bootstrap.css at position 9 of 12 in additional filter chain; firing Filter: 'AnonymousAuthenticationFilter'
579852 [http-nio-8080-exec-3] DEBUG o.s.security.web.FilterChainProxy - /bootstrap/js/bootstrap.js at position 5 of 12 in additional filter chain; firing Filter: 'LogoutFilter'
579852 [http-nio-8080-exec-2] DEBUG o.s.security.web.FilterChainProxy - /jquery/jquery-2.1.3.js at position 8 of 12 in additional filter chain; firing Filter: 'SecurityContextHolderAwareRequestFilter'
579852 [http-nio-8080-exec-7] DEBUG o.s.s.w.a.AnonymousAuthenticationFilter - Populated SecurityContextHolder with anonymous token: 'org.springframework.security.authentication.AnonymousAuthenticationToken@6fa90ed4: Principal: anonymousUser; Credentials: [PROTECTED]; Authenticated: true; Details: org.springframework.security.web.authentication.WebAuthenticationDetails@fffc7f0c: RemoteIpAddress: 127.0.0.1; SessionId: 3804353C2C2C151F407CA4B277564A11; Granted Authorities: ROLE_ANONYMOUS'
579852 [http-nio-8080-exec-3] DEBUG o.s.s.w.u.m.AntPathRequestMatcher - Request 'GET /bootstrap/js/bootstrap.js' doesn't match 'POST /logout
579852 [http-nio-8080-exec-2] DEBUG o.s.security.web.FilterChainProxy - /jquery/jquery-2.1.3.js at position 9 of 12 in additional filter chain; firing Filter: 'AnonymousAuthenticationFilter'
579852 [http-nio-8080-exec-2] DEBUG o.s.s.w.a.AnonymousAuthenticationFilter - Populated SecurityContextHolder with anonymous token: 'org.springframework.security.authentication.AnonymousAuthenticationToken@6fa90ed4: Principal: anonymousUser; Credentials: [PROTECTED]; Authenticated: true; Details: org.springframework.security.web.authentication.WebAuthenticationDetails@fffc7f0c: RemoteIpAddress: 127.0.0.1; SessionId: 3804353C2C2C151F407CA4B277564A11; Granted Authorities: ROLE_ANONYMOUS'
579852 [http-nio-8080-exec-7] DEBUG o.s.security.web.FilterChainProxy - /bootstrap/css/bootstrap.css at position 10 of 12 in additional filter chain; firing Filter: 'SessionManagementFilter'
579852 [http-nio-8080-exec-3] DEBUG o.s.security.web.FilterChainProxy - /bootstrap/js/bootstrap.js at position 6 of 12 in additional filter chain; firing Filter: 'UsernamePasswordAuthenticationFilter'
579853 [http-nio-8080-exec-2] DEBUG o.s.security.web.FilterChainProxy - /jquery/jquery-2.1.3.js at position 10 of 12 in additional filter chain; firing Filter: 'SessionManagementFilter'
579853 [http-nio-8080-exec-7] DEBUG o.s.security.web.FilterChainProxy - /bootstrap/css/bootstrap.css at position 11 of 12 in additional filter chain; firing Filter: 'ExceptionTranslationFilter'
579853 [http-nio-8080-exec-2] DEBUG o.s.security.web.FilterChainProxy - /jquery/jquery-2.1.3.js at position 11 of 12 in additional filter chain; firing Filter: 'ExceptionTranslationFilter'
579853 [http-nio-8080-exec-7] DEBUG o.s.security.web.FilterChainProxy - /bootstrap/css/bootstrap.css at position 12 of 12 in additional filter chain; firing Filter: 'FilterSecurityInterceptor'
579853 [http-nio-8080-exec-2] DEBUG o.s.security.web.FilterChainProxy - /jquery/jquery-2.1.3.js at position 12 of 12 in additional filter chain; firing Filter: 'FilterSecurityInterceptor'
579853 [http-nio-8080-exec-3] DEBUG o.s.s.w.u.m.AntPathRequestMatcher - Request 'GET /bootstrap/js/bootstrap.js' doesn't match 'POST /login
579853 [http-nio-8080-exec-3] DEBUG o.s.security.web.FilterChainProxy - /bootstrap/js/bootstrap.js at position 7 of 12 in additional filter chain; firing Filter: 'RequestCacheAwareFilter'
579853 [http-nio-8080-exec-2] DEBUG o.s.s.w.u.m.AntPathRequestMatcher - Request 'GET /jquery/jquery-2.1.3.js' doesn't match 'POST /logout
579853 [http-nio-8080-exec-7] DEBUG o.s.s.w.u.m.AntPathRequestMatcher - Request 'GET /bootstrap/css/bootstrap.css' doesn't match 'POST /logout
579853 [http-nio-8080-exec-3] DEBUG o.s.s.w.s.DefaultSavedRequest - pathInfo: both null (property equals)
579853 [http-nio-8080-exec-3] DEBUG o.s.s.w.s.DefaultSavedRequest - queryString: both null (property equals)
579853 [http-nio-8080-exec-3] DEBUG o.s.s.w.s.DefaultSavedRequest - requestURI: arg1=/; arg2=/bootstrap/js/bootstrap.js (property not equals)
579853 [http-nio-8080-exec-2] DEBUG o.s.s.w.u.m.AntPathRequestMatcher - Checking match of request : '/jquery/jquery-2.1.3.js'; against '/bootstrap/**'
579853 [http-nio-8080-exec-2] DEBUG o.s.s.w.u.m.AntPathRequestMatcher - Checking match of request : '/jquery/jquery-2.1.3.js'; against '/error/**'
579853 [http-nio-8080-exec-2] DEBUG o.s.s.w.u.m.AntPathRequestMatcher - Checking match of request : '/jquery/jquery-2.1.3.js'; against '/img/**'
579853 [http-nio-8080-exec-7] DEBUG o.s.s.w.u.m.AntPathRequestMatcher - Checking match of request : '/bootstrap/css/bootstrap.css'; against '/bootstrap/**'
579853 [http-nio-8080-exec-3] DEBUG o.s.s.w.s.HttpSessionRequestCache - saved request doesn't match
579853 [http-nio-8080-exec-2] DEBUG o.s.s.w.u.m.AntPathRequestMatcher - Checking match of request : '/jquery/jquery-2.1.3.js'; against '/jquery/**'
579853 [http-nio-8080-exec-2] DEBUG o.s.s.w.a.i.FilterSecurityInterceptor - Secure object: FilterInvocation: URL: /jquery/jquery-2.1.3.js; Attributes: [permitAll]
579853 [http-nio-8080-exec-2] DEBUG o.s.s.w.a.i.FilterSecurityInterceptor - Previously Authenticated: org.springframework.security.authentication.AnonymousAuthenticationToken@6fa90ed4: Principal: anonymousUser; Credentials: [PROTECTED]; Authenticated: true; Details: org.springframework.security.web.authentication.WebAuthenticationDetails@fffc7f0c: RemoteIpAddress: 127.0.0.1; SessionId: 3804353C2C2C151F407CA4B277564A11; Granted Authorities: ROLE_ANONYMOUS
579853 [http-nio-8080-exec-7] DEBUG o.s.s.w.a.i.FilterSecurityInterceptor - Secure object: FilterInvocation: URL: /bootstrap/css/bootstrap.css; Attributes: [permitAll]
579853 [http-nio-8080-exec-3] DEBUG o.s.security.web.FilterChainProxy - /bootstrap/js/bootstrap.js at position 8 of 12 in additional filter chain; firing Filter: 'SecurityContextHolderAwareRequestFilter'
579853 [http-nio-8080-exec-7] DEBUG o.s.s.w.a.i.FilterSecurityInterceptor - Previously Authenticated: org.springframework.security.authentication.AnonymousAuthenticationToken@6fa90ed4: Principal: anonymousUser; Credentials: [PROTECTED]; Authenticated: true; Details: org.springframework.security.web.authentication.WebAuthenticationDetails@fffc7f0c: RemoteIpAddress: 127.0.0.1; SessionId: 3804353C2C2C151F407CA4B277564A11; Granted Authorities: ROLE_ANONYMOUS
579853 [http-nio-8080-exec-3] DEBUG o.s.security.web.FilterChainProxy - /bootstrap/js/bootstrap.js at position 9 of 12 in additional filter chain; firing Filter: 'AnonymousAuthenticationFilter'
579853 [http-nio-8080-exec-3] DEBUG o.s.s.w.a.AnonymousAuthenticationFilter - Populated SecurityContextHolder with anonymous token: 'org.springframework.security.authentication.AnonymousAuthenticationToken@6fa90ed4: Principal: anonymousUser; Credentials: [PROTECTED]; Authenticated: true; Details: org.springframework.security.web.authentication.WebAuthenticationDetails@fffc7f0c: RemoteIpAddress: 127.0.0.1; SessionId: 3804353C2C2C151F407CA4B277564A11; Granted Authorities: ROLE_ANONYMOUS'
579853 [http-nio-8080-exec-2] DEBUG o.s.s.access.vote.AffirmativeBased - Voter: org.springframework.security.web.access.expression.WebExpressionVoter@2f6f76da, returned: 1
579853 [http-nio-8080-exec-3] DEBUG o.s.security.web.FilterChainProxy - /bootstrap/js/bootstrap.js at position 10 of 12 in additional filter chain; firing Filter: 'SessionManagementFilter'
579853 [http-nio-8080-exec-7] DEBUG o.s.s.access.vote.AffirmativeBased - Voter: org.springframework.security.web.access.expression.WebExpressionVoter@2f6f76da, returned: 1
579853 [http-nio-8080-exec-7] DEBUG o.s.s.w.a.i.FilterSecurityInterceptor - Authorization successful
579853 [http-nio-8080-exec-7] DEBUG o.s.s.w.a.i.FilterSecurityInterceptor - RunAsManager did not change Authentication object
579853 [http-nio-8080-exec-2] DEBUG o.s.s.w.a.i.FilterSecurityInterceptor - Authorization successful
579853 [http-nio-8080-exec-2] DEBUG o.s.s.w.a.i.FilterSecurityInterceptor - RunAsManager did not change Authentication object
579853 [http-nio-8080-exec-2] DEBUG o.s.security.web.FilterChainProxy - /jquery/jquery-2.1.3.js reached end of additional filter chain; proceeding with original chain
579853 [http-nio-8080-exec-3] DEBUG o.s.security.web.FilterChainProxy - /bootstrap/js/bootstrap.js at position 11 of 12 in additional filter chain; firing Filter: 'ExceptionTranslationFilter'
579853 [http-nio-8080-exec-7] DEBUG o.s.security.web.FilterChainProxy - /bootstrap/css/bootstrap.css reached end of additional filter chain; proceeding with original chain
579853 [http-nio-8080-exec-3] DEBUG o.s.security.web.FilterChainProxy - /bootstrap/js/bootstrap.js at position 12 of 12 in additional filter chain; firing Filter: 'FilterSecurityInterceptor'
579854 [http-nio-8080-exec-2] DEBUG o.s.s.w.c.HttpSessionSecurityContextRepository - SecurityContext is empty or contents are anonymous - context will not be stored in HttpSession.
579854 [http-nio-8080-exec-7] DEBUG o.s.s.w.c.HttpSessionSecurityContextRepository - SecurityContext is empty or contents are anonymous - context will not be stored in HttpSession.
579855 [http-nio-8080-exec-3] DEBUG o.s.s.w.u.m.AntPathRequestMatcher - Request 'GET /bootstrap/js/bootstrap.js' doesn't match 'POST /logout
579855 [http-nio-8080-exec-3] DEBUG o.s.s.w.u.m.AntPathRequestMatcher - Checking match of request : '/bootstrap/js/bootstrap.js'; against '/bootstrap/**'
579855 [http-nio-8080-exec-3] DEBUG o.s.s.w.a.i.FilterSecurityInterceptor - Secure object: FilterInvocation: URL: /bootstrap/js/bootstrap.js; Attributes: [permitAll]
579855 [http-nio-8080-exec-3] DEBUG o.s.s.w.a.i.FilterSecurityInterceptor - Previously Authenticated: org.springframework.security.authentication.AnonymousAuthenticationToken@6fa90ed4: Principal: anonymousUser; Credentials: [PROTECTED]; Authenticated: true; Details: org.springframework.security.web.authentication.WebAuthenticationDetails@fffc7f0c: RemoteIpAddress: 127.0.0.1; SessionId: 3804353C2C2C151F407CA4B277564A11; Granted Authorities: ROLE_ANONYMOUS
579855 [http-nio-8080-exec-3] DEBUG o.s.s.access.vote.AffirmativeBased - Voter: org.springframework.security.web.access.expression.WebExpressionVoter@2f6f76da, returned: 1
579855 [http-nio-8080-exec-3] DEBUG o.s.s.w.a.i.FilterSecurityInterceptor - Authorization successful
579855 [http-nio-8080-exec-3] DEBUG o.s.s.w.a.i.FilterSecurityInterceptor - RunAsManager did not change Authentication object
579855 [http-nio-8080-exec-3] DEBUG o.s.security.web.FilterChainProxy - /bootstrap/js/bootstrap.js reached end of additional filter chain; proceeding with original chain
579856 [http-nio-8080-exec-7] DEBUG o.s.s.w.a.ExceptionTranslationFilter - Chain processed normally
579856 [http-nio-8080-exec-7] DEBUG o.s.s.w.c.SecurityContextPersistenceFilter - SecurityContextHolder now cleared, as request processing completed
579857 [http-nio-8080-exec-3] DEBUG o.s.s.w.c.HttpSessionSecurityContextRepository - SecurityContext is empty or contents are anonymous - context will not be stored in HttpSession.
579857 [http-nio-8080-exec-3] DEBUG o.s.s.w.a.ExceptionTranslationFilter - Chain processed normally
579857 [http-nio-8080-exec-3] DEBUG o.s.s.w.c.SecurityContextPersistenceFilter - SecurityContextHolder now cleared, as request processing completed
579859 [http-nio-8080-exec-2] DEBUG o.s.s.w.a.ExceptionTranslationFilter - Chain processed normally
579859 [http-nio-8080-exec-2] DEBUG o.s.s.w.c.SecurityContextPersistenceFilter - SecurityContextHolder now cleared, as request processing completed
590724 [http-nio-8080-exec-1] DEBUG o.s.s.w.u.matcher.OrRequestMatcher - Trying to match using Ant [pattern='/css/**']
590724 [http-nio-8080-exec-1] DEBUG o.s.s.w.u.m.AntPathRequestMatcher - Checking match of request : '/'; against '/css/**'
590724 [http-nio-8080-exec-1] DEBUG o.s.s.w.u.matcher.OrRequestMatcher - Trying to match using Ant [pattern='/js/**']
590724 [http-nio-8080-exec-1] DEBUG o.s.s.w.u.m.AntPathRequestMatcher - Checking match of request : '/'; against '/js/**'
590724 [http-nio-8080-exec-1] DEBUG o.s.s.w.u.matcher.OrRequestMatcher - Trying to match using Ant [pattern='/images/**']
590724 [http-nio-8080-exec-1] DEBUG o.s.s.w.u.m.AntPathRequestMatcher - Checking match of request : '/'; against '/images/**'
590724 [http-nio-8080-exec-1] DEBUG o.s.s.w.u.matcher.OrRequestMatcher - Trying to match using Ant [pattern='/webjars/**']
590724 [http-nio-8080-exec-1] DEBUG o.s.s.w.u.m.AntPathRequestMatcher - Checking match of request : '/'; against '/webjars/**'
590724 [http-nio-8080-exec-1] DEBUG o.s.s.w.u.matcher.OrRequestMatcher - Trying to match using Ant [pattern='/**/favicon.ico']
590724 [http-nio-8080-exec-1] DEBUG o.s.s.w.u.m.AntPathRequestMatcher - Checking match of request : '/'; against '/**/favicon.ico'
590724 [http-nio-8080-exec-1] DEBUG o.s.s.w.u.matcher.OrRequestMatcher - Trying to match using Ant [pattern='/error']
590724 [http-nio-8080-exec-1] DEBUG o.s.s.w.u.m.AntPathRequestMatcher - Checking match of request : '/'; against '/error'
590724 [http-nio-8080-exec-1] DEBUG o.s.s.w.u.matcher.OrRequestMatcher - No matches found
590724 [http-nio-8080-exec-1] DEBUG o.s.security.web.FilterChainProxy - / at position 1 of 12 in additional filter chain; firing Filter: 'WebAsyncManagerIntegrationFilter'
590724 [http-nio-8080-exec-1] DEBUG o.s.security.web.FilterChainProxy - / at position 2 of 12 in additional filter chain; firing Filter: 'SecurityContextPersistenceFilter'
590724 [http-nio-8080-exec-1] DEBUG o.s.s.w.c.HttpSessionSecurityContextRepository - HttpSession returned null object for SPRING_SECURITY_CONTEXT
590724 [http-nio-8080-exec-1] DEBUG o.s.s.w.c.HttpSessionSecurityContextRepository - No SecurityContext was available from the HttpSession: org.apache.catalina.session.StandardSessionFacade@6e527ce1. A new one will be created.
590724 [http-nio-8080-exec-1] DEBUG o.s.security.web.FilterChainProxy - / at position 3 of 12 in additional filter chain; firing Filter: 'HeaderWriterFilter'
590724 [http-nio-8080-exec-1] DEBUG o.s.s.w.h.writers.HstsHeaderWriter - Not injecting HSTS header since it did not match the requestMatcher org.springframework.security.web.header.writers.HstsHeaderWriter$SecureRequestMatcher@6a6df5f3
590724 [http-nio-8080-exec-1] DEBUG o.s.security.web.FilterChainProxy - / at position 4 of 12 in additional filter chain; firing Filter: 'CsrfFilter'
590724 [http-nio-8080-exec-1] DEBUG o.s.security.web.csrf.CsrfFilter - Invalid CSRF token found for http://localhost:8080/
590724 [http-nio-8080-exec-1] DEBUG o.s.s.w.c.HttpSessionSecurityContextRepository - SecurityContext is empty or contents are anonymous - context will not be stored in HttpSession.
590724 [http-nio-8080-exec-1] DEBUG o.s.s.w.c.SecurityContextPersistenceFilter - SecurityContextHolder now cleared, as request processing completed
595679 [http-nio-8080-exec-5] DEBUG o.s.s.w.u.matcher.OrRequestMatcher - Trying to match using Ant [pattern='/css/**']
595679 [http-nio-8080-exec-5] DEBUG o.s.s.w.u.m.AntPathRequestMatcher - Checking match of request : '/temp'; against '/css/**'
595679 [http-nio-8080-exec-5] DEBUG o.s.s.w.u.matcher.OrRequestMatcher - Trying to match using Ant [pattern='/js/**']
595679 [http-nio-8080-exec-5] DEBUG o.s.s.w.u.m.AntPathRequestMatcher - Checking match of request : '/temp'; against '/js/**'
595679 [http-nio-8080-exec-5] DEBUG o.s.s.w.u.matcher.OrRequestMatcher - Trying to match using Ant [pattern='/images/**']
595679 [http-nio-8080-exec-5] DEBUG o.s.s.w.u.m.AntPathRequestMatcher - Checking match of request : '/temp'; against '/images/**'
595679 [http-nio-8080-exec-5] DEBUG o.s.s.w.u.matcher.OrRequestMatcher - Trying to match using Ant [pattern='/webjars/**']
595679 [http-nio-8080-exec-5] DEBUG o.s.s.w.u.m.AntPathRequestMatcher - Checking match of request : '/temp'; against '/webjars/**'
595679 [http-nio-8080-exec-5] DEBUG o.s.s.w.u.matcher.OrRequestMatcher - Trying to match using Ant [pattern='/**/favicon.ico']
595679 [http-nio-8080-exec-5] DEBUG o.s.s.w.u.m.AntPathRequestMatcher - Checking match of request : '/temp'; against '/**/favicon.ico'
595679 [http-nio-8080-exec-5] DEBUG o.s.s.w.u.matcher.OrRequestMatcher - Trying to match using Ant [pattern='/error']
595679 [http-nio-8080-exec-5] DEBUG o.s.s.w.u.m.AntPathRequestMatcher - Checking match of request : '/temp'; against '/error'
595679 [http-nio-8080-exec-5] DEBUG o.s.s.w.u.matcher.OrRequestMatcher - No matches found
595679 [http-nio-8080-exec-5] DEBUG o.s.security.web.FilterChainProxy - /temp at position 1 of 12 in additional filter chain; firing Filter: 'WebAsyncManagerIntegrationFilter'
595679 [http-nio-8080-exec-5] DEBUG o.s.security.web.FilterChainProxy - /temp at position 2 of 12 in additional filter chain; firing Filter: 'SecurityContextPersistenceFilter'
595679 [http-nio-8080-exec-5] DEBUG o.s.s.w.c.HttpSessionSecurityContextRepository - HttpSession returned null object for SPRING_SECURITY_CONTEXT
595679 [http-nio-8080-exec-5] DEBUG o.s.s.w.c.HttpSessionSecurityContextRepository - No SecurityContext was available from the HttpSession: org.apache.catalina.session.StandardSessionFacade@6e527ce1. A new one will be created.
595679 [http-nio-8080-exec-5] DEBUG o.s.security.web.FilterChainProxy - /temp at position 3 of 12 in additional filter chain; firing Filter: 'HeaderWriterFilter'
595679 [http-nio-8080-exec-5] DEBUG o.s.s.w.h.writers.HstsHeaderWriter - Not injecting HSTS header since it did not match the requestMatcher org.springframework.security.web.header.writers.HstsHeaderWriter$SecureRequestMatcher@6a6df5f3
595679 [http-nio-8080-exec-5] DEBUG o.s.security.web.FilterChainProxy - /temp at position 4 of 12 in additional filter chain; firing Filter: 'CsrfFilter'
595679 [http-nio-8080-exec-5] DEBUG o.s.security.web.FilterChainProxy - /temp at position 5 of 12 in additional filter chain; firing Filter: 'LogoutFilter'
595679 [http-nio-8080-exec-5] DEBUG o.s.s.w.u.m.AntPathRequestMatcher - Request 'GET /temp' doesn't match 'POST /logout
595679 [http-nio-8080-exec-5] DEBUG o.s.security.web.FilterChainProxy - /temp at position 6 of 12 in additional filter chain; firing Filter: 'UsernamePasswordAuthenticationFilter'
595679 [http-nio-8080-exec-5] DEBUG o.s.s.w.u.m.AntPathRequestMatcher - Request 'GET /temp' doesn't match 'POST /login
595679 [http-nio-8080-exec-5] DEBUG o.s.security.web.FilterChainProxy - /temp at position 7 of 12 in additional filter chain; firing Filter: 'RequestCacheAwareFilter'
595679 [http-nio-8080-exec-5] DEBUG o.s.s.w.s.DefaultSavedRequest - pathInfo: both null (property equals)
595679 [http-nio-8080-exec-5] DEBUG o.s.s.w.s.DefaultSavedRequest - queryString: both null (property equals)
595679 [http-nio-8080-exec-5] DEBUG o.s.s.w.s.DefaultSavedRequest - requestURI: arg1=/; arg2=/temp (property not equals)
595680 [http-nio-8080-exec-5] DEBUG o.s.s.w.s.HttpSessionRequestCache - saved request doesn't match
595680 [http-nio-8080-exec-5] DEBUG o.s.security.web.FilterChainProxy - /temp at position 8 of 12 in additional filter chain; firing Filter: 'SecurityContextHolderAwareRequestFilter'
595680 [http-nio-8080-exec-5] DEBUG o.s.security.web.FilterChainProxy - /temp at position 9 of 12 in additional filter chain; firing Filter: 'AnonymousAuthenticationFilter'
595680 [http-nio-8080-exec-5] DEBUG o.s.s.w.a.AnonymousAuthenticationFilter - Populated SecurityContextHolder with anonymous token: 'org.springframework.security.authentication.AnonymousAuthenticationToken@6fa90ed4: Principal: anonymousUser; Credentials: [PROTECTED]; Authenticated: true; Details: org.springframework.security.web.authentication.WebAuthenticationDetails@fffc7f0c: RemoteIpAddress: 127.0.0.1; SessionId: 3804353C2C2C151F407CA4B277564A11; Granted Authorities: ROLE_ANONYMOUS'
595680 [http-nio-8080-exec-5] DEBUG o.s.security.web.FilterChainProxy - /temp at position 10 of 12 in additional filter chain; firing Filter: 'SessionManagementFilter'
595680 [http-nio-8080-exec-5] DEBUG o.s.security.web.FilterChainProxy - /temp at position 11 of 12 in additional filter chain; firing Filter: 'ExceptionTranslationFilter'
595680 [http-nio-8080-exec-5] DEBUG o.s.security.web.FilterChainProxy - /temp at position 12 of 12 in additional filter chain; firing Filter: 'FilterSecurityInterceptor'
595680 [http-nio-8080-exec-5] DEBUG o.s.s.w.u.m.AntPathRequestMatcher - Request 'GET /temp' doesn't match 'POST /logout
595680 [http-nio-8080-exec-5] DEBUG o.s.s.w.u.m.AntPathRequestMatcher - Checking match of request : '/temp'; against '/bootstrap/**'
595680 [http-nio-8080-exec-5] DEBUG o.s.s.w.u.m.AntPathRequestMatcher - Checking match of request : '/temp'; against '/error/**'
595680 [http-nio-8080-exec-5] DEBUG o.s.s.w.u.m.AntPathRequestMatcher - Checking match of request : '/temp'; against '/img/**'
595680 [http-nio-8080-exec-5] DEBUG o.s.s.w.u.m.AntPathRequestMatcher - Checking match of request : '/temp'; against '/jquery/**'
595680 [http-nio-8080-exec-5] DEBUG o.s.s.w.u.m.AntPathRequestMatcher - Checking match of request : '/temp'; against '/index.html'
595680 [http-nio-8080-exec-5] DEBUG o.s.s.w.u.m.AntPathRequestMatcher - Checking match of request : '/temp'; against '/temp'
595680 [http-nio-8080-exec-5] DEBUG o.s.s.w.a.i.FilterSecurityInterceptor - Secure object: FilterInvocation: URL: /temp; Attributes: [permitAll]
595680 [http-nio-8080-exec-5] DEBUG o.s.s.w.a.i.FilterSecurityInterceptor - Previously Authenticated: org.springframework.security.authentication.AnonymousAuthenticationToken@6fa90ed4: Principal: anonymousUser; Credentials: [PROTECTED]; Authenticated: true; Details: org.springframework.security.web.authentication.WebAuthenticationDetails@fffc7f0c: RemoteIpAddress: 127.0.0.1; SessionId: 3804353C2C2C151F407CA4B277564A11; Granted Authorities: ROLE_ANONYMOUS
595680 [http-nio-8080-exec-5] DEBUG o.s.s.access.vote.AffirmativeBased - Voter: org.springframework.security.web.access.expression.WebExpressionVoter@2f6f76da, returned: 1
595680 [http-nio-8080-exec-5] DEBUG o.s.s.w.a.i.FilterSecurityInterceptor - Authorization successful
595680 [http-nio-8080-exec-5] DEBUG o.s.s.w.a.i.FilterSecurityInterceptor - RunAsManager did not change Authentication object
595680 [http-nio-8080-exec-5] DEBUG o.s.security.web.FilterChainProxy - /temp reached end of additional filter chain; proceeding with original chain
595686 [http-nio-8080-exec-5] DEBUG o.s.s.w.c.HttpSessionSecurityContextRepository - SecurityContext is empty or contents are anonymous - context will not be stored in HttpSession.
595687 [http-nio-8080-exec-5] DEBUG o.s.s.w.a.ExceptionTranslationFilter - Chain processed normally
595687 [http-nio-8080-exec-5] DEBUG o.s.s.w.c.SecurityContextPersistenceFilter - SecurityContextHolder now cleared, as request processing completed
595695 [http-nio-8080-exec-4] DEBUG o.s.s.w.u.matcher.OrRequestMatcher - Trying to match using Ant [pattern='/css/**']
595695 [http-nio-8080-exec-10] DEBUG o.s.s.w.u.matcher.OrRequestMatcher - Trying to match using Ant [pattern='/css/**']
595695 [http-nio-8080-exec-6] DEBUG o.s.s.w.u.matcher.OrRequestMatcher - Trying to match using Ant [pattern='/css/**']
595695 [http-nio-8080-exec-4] DEBUG o.s.s.w.u.m.AntPathRequestMatcher - Checking match of request : '/bootstrap/js/bootstrap.js'; against '/css/**'
595695 [http-nio-8080-exec-10] DEBUG o.s.s.w.u.m.AntPathRequestMatcher - Checking match of request : '/jquery/jquery-2.1.3.js'; against '/css/**'
595695 [http-nio-8080-exec-4] DEBUG o.s.s.w.u.matcher.OrRequestMatcher - Trying to match using Ant [pattern='/js/**']
595695 [http-nio-8080-exec-6] DEBUG o.s.s.w.u.m.AntPathRequestMatcher - Checking match of request : '/bootstrap/css/bootstrap.css'; against '/css/**'
595695 [http-nio-8080-exec-10] DEBUG o.s.s.w.u.matcher.OrRequestMatcher - Trying to match using Ant [pattern='/js/**']
595695 [http-nio-8080-exec-4] DEBUG o.s.s.w.u.m.AntPathRequestMatcher - Checking match of request : '/bootstrap/js/bootstrap.js'; against '/js/**'
595695 [http-nio-8080-exec-6] DEBUG o.s.s.w.u.matcher.OrRequestMatcher - Trying to match using Ant [pattern='/js/**']
595695 [http-nio-8080-exec-10] DEBUG o.s.s.w.u.m.AntPathRequestMatcher - Checking match of request : '/jquery/jquery-2.1.3.js'; against '/js/**'
595695 [http-nio-8080-exec-4] DEBUG o.s.s.w.u.matcher.OrRequestMatcher - Trying to match using Ant [pattern='/images/**']
595695 [http-nio-8080-exec-6] DEBUG o.s.s.w.u.m.AntPathRequestMatcher - Checking match of request : '/bootstrap/css/bootstrap.css'; against '/js/**'
595695 [http-nio-8080-exec-10] DEBUG o.s.s.w.u.matcher.OrRequestMatcher - Trying to match using Ant [pattern='/images/**']
595695 [http-nio-8080-exec-4] DEBUG o.s.s.w.u.m.AntPathRequestMatcher - Checking match of request : '/bootstrap/js/bootstrap.js'; against '/images/**'
595696 [http-nio-8080-exec-4] DEBUG o.s.s.w.u.matcher.OrRequestMatcher - Trying to match using Ant [pattern='/webjars/**']
595696 [http-nio-8080-exec-4] DEBUG o.s.s.w.u.m.AntPathRequestMatcher - Checking match of request : '/bootstrap/js/bootstrap.js'; against '/webjars/**'
595696 [http-nio-8080-exec-4] DEBUG o.s.s.w.u.matcher.OrRequestMatcher - Trying to match using Ant [pattern='/**/favicon.ico']
595696 [http-nio-8080-exec-4] DEBUG o.s.s.w.u.m.AntPathRequestMatcher - Checking match of request : '/bootstrap/js/bootstrap.js'; against '/**/favicon.ico'
595696 [http-nio-8080-exec-4] DEBUG o.s.s.w.u.matcher.OrRequestMatcher - Trying to match using Ant [pattern='/error']
595696 [http-nio-8080-exec-6] DEBUG o.s.s.w.u.matcher.OrRequestMatcher - Trying to match using Ant [pattern='/images/**']
595696 [http-nio-8080-exec-10] DEBUG o.s.s.w.u.m.AntPathRequestMatcher - Checking match of request : '/jquery/jquery-2.1.3.js'; against '/images/**'
595696 [http-nio-8080-exec-10] DEBUG o.s.s.w.u.matcher.OrRequestMatcher - Trying to match using Ant [pattern='/webjars/**']
595696 [http-nio-8080-exec-6] DEBUG o.s.s.w.u.m.AntPathRequestMatcher - Checking match of request : '/bootstrap/css/bootstrap.css'; against '/images/**'
595696 [http-nio-8080-exec-4] DEBUG o.s.s.w.u.m.AntPathRequestMatcher - Checking match of request : '/bootstrap/js/bootstrap.js'; against '/error'
595696 [http-nio-8080-exec-6] DEBUG o.s.s.w.u.matcher.OrRequestMatcher - Trying to match using Ant [pattern='/webjars/**']
595696 [http-nio-8080-exec-6] DEBUG o.s.s.w.u.m.AntPathRequestMatcher - Checking match of request : '/bootstrap/css/bootstrap.css'; against '/webjars/**'
595696 [http-nio-8080-exec-10] DEBUG o.s.s.w.u.m.AntPathRequestMatcher - Checking match of request : '/jquery/jquery-2.1.3.js'; against '/webjars/**'
595696 [http-nio-8080-exec-4] DEBUG o.s.s.w.u.matcher.OrRequestMatcher - No matches found
595696 [http-nio-8080-exec-4] DEBUG o.s.security.web.FilterChainProxy - /bootstrap/js/bootstrap.js at position 1 of 12 in additional filter chain; firing Filter: 'WebAsyncManagerIntegrationFilter'
595696 [http-nio-8080-exec-6] DEBUG o.s.s.w.u.matcher.OrRequestMatcher - Trying to match using Ant [pattern='/**/favicon.ico']
595696 [http-nio-8080-exec-10] DEBUG o.s.s.w.u.matcher.OrRequestMatcher - Trying to match using Ant [pattern='/**/favicon.ico']
595700 [http-nio-8080-exec-4] DEBUG o.s.security.web.FilterChainProxy - /bootstrap/js/bootstrap.js at position 2 of 12 in additional filter chain; firing Filter: 'SecurityContextPersistenceFilter'
595700 [http-nio-8080-exec-10] DEBUG o.s.s.w.u.m.AntPathRequestMatcher - Checking match of request : '/jquery/jquery-2.1.3.js'; against '/**/favicon.ico'
595700 [http-nio-8080-exec-6] DEBUG o.s.s.w.u.m.AntPathRequestMatcher - Checking match of request : '/bootstrap/css/bootstrap.css'; against '/**/favicon.ico'
595700 [http-nio-8080-exec-10] DEBUG o.s.s.w.u.matcher.OrRequestMatcher - Trying to match using Ant [pattern='/error']
595700 [http-nio-8080-exec-6] DEBUG o.s.s.w.u.matcher.OrRequestMatcher - Trying to match using Ant [pattern='/error']
595700 [http-nio-8080-exec-10] DEBUG o.s.s.w.u.m.AntPathRequestMatcher - Checking match of request : '/jquery/jquery-2.1.3.js'; against '/error'
595700 [http-nio-8080-exec-6] DEBUG o.s.s.w.u.m.AntPathRequestMatcher - Checking match of request : '/bootstrap/css/bootstrap.css'; against '/error'
595700 [http-nio-8080-exec-6] DEBUG o.s.s.w.u.matcher.OrRequestMatcher - No matches found
595700 [http-nio-8080-exec-4] DEBUG o.s.s.w.c.HttpSessionSecurityContextRepository - HttpSession returned null object for SPRING_SECURITY_CONTEXT
595700 [http-nio-8080-exec-6] DEBUG o.s.security.web.FilterChainProxy - /bootstrap/css/bootstrap.css at position 1 of 12 in additional filter chain; firing Filter: 'WebAsyncManagerIntegrationFilter'
595700 [http-nio-8080-exec-4] DEBUG o.s.s.w.c.HttpSessionSecurityContextRepository - No SecurityContext was available from the HttpSession: org.apache.catalina.session.StandardSessionFacade@6e527ce1. A new one will be created.
595700 [http-nio-8080-exec-6] DEBUG o.s.security.web.FilterChainProxy - /bootstrap/css/bootstrap.css at position 2 of 12 in additional filter chain; firing Filter: 'SecurityContextPersistenceFilter'
595700 [http-nio-8080-exec-4] DEBUG o.s.security.web.FilterChainProxy - /bootstrap/js/bootstrap.js at position 3 of 12 in additional filter chain; firing Filter: 'HeaderWriterFilter'
595700 [http-nio-8080-exec-10] DEBUG o.s.s.w.u.matcher.OrRequestMatcher - No matches found
595700 [http-nio-8080-exec-6] DEBUG o.s.s.w.c.HttpSessionSecurityContextRepository - HttpSession returned null object for SPRING_SECURITY_CONTEXT
595700 [http-nio-8080-exec-6] DEBUG o.s.s.w.c.HttpSessionSecurityContextRepository - No SecurityContext was available from the HttpSession: org.apache.catalina.session.StandardSessionFacade@6e527ce1. A new one will be created.
595700 [http-nio-8080-exec-6] DEBUG o.s.security.web.FilterChainProxy - /bootstrap/css/bootstrap.css at position 3 of 12 in additional filter chain; firing Filter: 'HeaderWriterFilter'
595700 [http-nio-8080-exec-6] DEBUG o.s.s.w.h.writers.HstsHeaderWriter - Not injecting HSTS header since it did not match the requestMatcher org.springframework.security.web.header.writers.HstsHeaderWriter$SecureRequestMatcher@6a6df5f3
595700 [http-nio-8080-exec-6] DEBUG o.s.security.web.FilterChainProxy - /bootstrap/css/bootstrap.css at position 4 of 12 in additional filter chain; firing Filter: 'CsrfFilter'
595700 [http-nio-8080-exec-10] DEBUG o.s.security.web.FilterChainProxy - /jquery/jquery-2.1.3.js at position 1 of 12 in additional filter chain; firing Filter: 'WebAsyncManagerIntegrationFilter'
595700 [http-nio-8080-exec-4] DEBUG o.s.s.w.h.writers.HstsHeaderWriter - Not injecting HSTS header since it did not match the requestMatcher org.springframework.security.web.header.writers.HstsHeaderWriter$SecureRequestMatcher@6a6df5f3
595700 [http-nio-8080-exec-4] DEBUG o.s.security.web.FilterChainProxy - /bootstrap/js/bootstrap.js at position 4 of 12 in additional filter chain; firing Filter: 'CsrfFilter'
595700 [http-nio-8080-exec-10] DEBUG o.s.security.web.FilterChainProxy - /jquery/jquery-2.1.3.js at position 2 of 12 in additional filter chain; firing Filter: 'SecurityContextPersistenceFilter'
595700 [http-nio-8080-exec-6] DEBUG o.s.security.web.FilterChainProxy - /bootstrap/css/bootstrap.css at position 5 of 12 in additional filter chain; firing Filter: 'LogoutFilter'
595702 [http-nio-8080-exec-4] DEBUG o.s.security.web.FilterChainProxy - /bootstrap/js/bootstrap.js at position 5 of 12 in additional filter chain; firing Filter: 'LogoutFilter'
595702 [http-nio-8080-exec-4] DEBUG o.s.s.w.u.m.AntPathRequestMatcher - Request 'GET /bootstrap/js/bootstrap.js' doesn't match 'POST /logout
595702 [http-nio-8080-exec-4] DEBUG o.s.security.web.FilterChainProxy - /bootstrap/js/bootstrap.js at position 6 of 12 in additional filter chain; firing Filter: 'UsernamePasswordAuthenticationFilter'
595702 [http-nio-8080-exec-4] DEBUG o.s.s.w.u.m.AntPathRequestMatcher - Request 'GET /bootstrap/js/bootstrap.js' doesn't match 'POST /login
595702 [http-nio-8080-exec-10] DEBUG o.s.s.w.c.HttpSessionSecurityContextRepository - HttpSession returned null object for SPRING_SECURITY_CONTEXT
595702 [http-nio-8080-exec-10] DEBUG o.s.s.w.c.HttpSessionSecurityContextRepository - No SecurityContext was available from the HttpSession: org.apache.catalina.session.StandardSessionFacade@6e527ce1. A new one will be created.
595702 [http-nio-8080-exec-10] DEBUG o.s.security.web.FilterChainProxy - /jquery/jquery-2.1.3.js at position 3 of 12 in additional filter chain; firing Filter: 'HeaderWriterFilter'
595702 [http-nio-8080-exec-6] DEBUG o.s.s.w.u.m.AntPathRequestMatcher - Request 'GET /bootstrap/css/bootstrap.css' doesn't match 'POST /logout
595702 [http-nio-8080-exec-4] DEBUG o.s.security.web.FilterChainProxy - /bootstrap/js/bootstrap.js at position 7 of 12 in additional filter chain; firing Filter: 'RequestCacheAwareFilter'
595702 [http-nio-8080-exec-6] DEBUG o.s.security.web.FilterChainProxy - /bootstrap/css/bootstrap.css at position 6 of 12 in additional filter chain; firing Filter: 'UsernamePasswordAuthenticationFilter'
595702 [http-nio-8080-exec-10] DEBUG o.s.s.w.h.writers.HstsHeaderWriter - Not injecting HSTS header since it did not match the requestMatcher org.springframework.security.web.header.writers.HstsHeaderWriter$SecureRequestMatcher@6a6df5f3
595702 [http-nio-8080-exec-4] DEBUG o.s.s.w.s.DefaultSavedRequest - pathInfo: both null (property equals)
595702 [http-nio-8080-exec-4] DEBUG o.s.s.w.s.DefaultSavedRequest - queryString: both null (property equals)
595702 [http-nio-8080-exec-4] DEBUG o.s.s.w.s.DefaultSavedRequest - requestURI: arg1=/; arg2=/bootstrap/js/bootstrap.js (property not equals)
595702 [http-nio-8080-exec-4] DEBUG o.s.s.w.s.HttpSessionRequestCache - saved request doesn't match
595702 [http-nio-8080-exec-6] DEBUG o.s.s.w.u.m.AntPathRequestMatcher - Request 'GET /bootstrap/css/bootstrap.css' doesn't match 'POST /login
595702 [http-nio-8080-exec-6] DEBUG o.s.security.web.FilterChainProxy - /bootstrap/css/bootstrap.css at position 7 of 12 in additional filter chain; firing Filter: 'RequestCacheAwareFilter'
595702 [http-nio-8080-exec-10] DEBUG o.s.security.web.FilterChainProxy - /jquery/jquery-2.1.3.js at position 4 of 12 in additional filter chain; firing Filter: 'CsrfFilter'
595702 [http-nio-8080-exec-4] DEBUG o.s.security.web.FilterChainProxy - /bootstrap/js/bootstrap.js at position 8 of 12 in additional filter chain; firing Filter: 'SecurityContextHolderAwareRequestFilter'
595702 [http-nio-8080-exec-10] DEBUG o.s.security.web.FilterChainProxy - /jquery/jquery-2.1.3.js at position 5 of 12 in additional filter chain; firing Filter: 'LogoutFilter'
595702 [http-nio-8080-exec-4] DEBUG o.s.security.web.FilterChainProxy - /bootstrap/js/bootstrap.js at position 9 of 12 in additional filter chain; firing Filter: 'AnonymousAuthenticationFilter'
595702 [http-nio-8080-exec-6] DEBUG o.s.s.w.s.DefaultSavedRequest - pathInfo: both null (property equals)
595702 [http-nio-8080-exec-6] DEBUG o.s.s.w.s.DefaultSavedRequest - queryString: both null (property equals)
595702 [http-nio-8080-exec-6] DEBUG o.s.s.w.s.DefaultSavedRequest - requestURI: arg1=/; arg2=/bootstrap/css/bootstrap.css (property not equals)
595702 [http-nio-8080-exec-6] DEBUG o.s.s.w.s.HttpSessionRequestCache - saved request doesn't match
595702 [http-nio-8080-exec-6] DEBUG o.s.security.web.FilterChainProxy - /bootstrap/css/bootstrap.css at position 8 of 12 in additional filter chain; firing Filter: 'SecurityContextHolderAwareRequestFilter'
595702 [http-nio-8080-exec-10] DEBUG o.s.s.w.u.m.AntPathRequestMatcher - Request 'GET /jquery/jquery-2.1.3.js' doesn't match 'POST /logout
595702 [http-nio-8080-exec-4] DEBUG o.s.s.w.a.AnonymousAuthenticationFilter - Populated SecurityContextHolder with anonymous token: 'org.springframework.security.authentication.AnonymousAuthenticationToken@6fa90ed4: Principal: anonymousUser; Credentials: [PROTECTED]; Authenticated: true; Details: org.springframework.security.web.authentication.WebAuthenticationDetails@fffc7f0c: RemoteIpAddress: 127.0.0.1; SessionId: 3804353C2C2C151F407CA4B277564A11; Granted Authorities: ROLE_ANONYMOUS'
595704 [http-nio-8080-exec-6] DEBUG o.s.security.web.FilterChainProxy - /bootstrap/css/bootstrap.css at position 9 of 12 in additional filter chain; firing Filter: 'AnonymousAuthenticationFilter'
595704 [http-nio-8080-exec-10] DEBUG o.s.security.web.FilterChainProxy - /jquery/jquery-2.1.3.js at position 6 of 12 in additional filter chain; firing Filter: 'UsernamePasswordAuthenticationFilter'
595704 [http-nio-8080-exec-4] DEBUG o.s.security.web.FilterChainProxy - /bootstrap/js/bootstrap.js at position 10 of 12 in additional filter chain; firing Filter: 'SessionManagementFilter'
595704 [http-nio-8080-exec-10] DEBUG o.s.s.w.u.m.AntPathRequestMatcher - Request 'GET /jquery/jquery-2.1.3.js' doesn't match 'POST /login
595704 [http-nio-8080-exec-6] DEBUG o.s.s.w.a.AnonymousAuthenticationFilter - Populated SecurityContextHolder with anonymous token: 'org.springframework.security.authentication.AnonymousAuthenticationToken@6fa90ed4: Principal: anonymousUser; Credentials: [PROTECTED]; Authenticated: true; Details: org.springframework.security.web.authentication.WebAuthenticationDetails@fffc7f0c: RemoteIpAddress: 127.0.0.1; SessionId: 3804353C2C2C151F407CA4B277564A11; Granted Authorities: ROLE_ANONYMOUS'
595704 [http-nio-8080-exec-10] DEBUG o.s.security.web.FilterChainProxy - /jquery/jquery-2.1.3.js at position 7 of 12 in additional filter chain; firing Filter: 'RequestCacheAwareFilter'
595704 [http-nio-8080-exec-4] DEBUG o.s.security.web.FilterChainProxy - /bootstrap/js/bootstrap.js at position 11 of 12 in additional filter chain; firing Filter: 'ExceptionTranslationFilter'
595704 [http-nio-8080-exec-10] DEBUG o.s.s.w.s.DefaultSavedRequest - pathInfo: both null (property equals)
595704 [http-nio-8080-exec-4] DEBUG o.s.security.web.FilterChainProxy - /bootstrap/js/bootstrap.js at position 12 of 12 in additional filter chain; firing Filter: 'FilterSecurityInterceptor'
595704 [http-nio-8080-exec-6] DEBUG o.s.security.web.FilterChainProxy - /bootstrap/css/bootstrap.css at position 10 of 12 in additional filter chain; firing Filter: 'SessionManagementFilter'
595704 [http-nio-8080-exec-10] DEBUG o.s.s.w.s.DefaultSavedRequest - queryString: both null (property equals)
595704 [http-nio-8080-exec-4] DEBUG o.s.s.w.u.m.AntPathRequestMatcher - Request 'GET /bootstrap/js/bootstrap.js' doesn't match 'POST /logout
595704 [http-nio-8080-exec-10] DEBUG o.s.s.w.s.DefaultSavedRequest - requestURI: arg1=/; arg2=/jquery/jquery-2.1.3.js (property not equals)
595704 [http-nio-8080-exec-10] DEBUG o.s.s.w.s.HttpSessionRequestCache - saved request doesn't match
595704 [http-nio-8080-exec-6] DEBUG o.s.security.web.FilterChainProxy - /bootstrap/css/bootstrap.css at position 11 of 12 in additional filter chain; firing Filter: 'ExceptionTranslationFilter'
595704 [http-nio-8080-exec-6] DEBUG o.s.security.web.FilterChainProxy - /bootstrap/css/bootstrap.css at position 12 of 12 in additional filter chain; firing Filter: 'FilterSecurityInterceptor'
595704 [http-nio-8080-exec-4] DEBUG o.s.s.w.u.m.AntPathRequestMatcher - Checking match of request : '/bootstrap/js/bootstrap.js'; against '/bootstrap/**'
595704 [http-nio-8080-exec-10] DEBUG o.s.security.web.FilterChainProxy - /jquery/jquery-2.1.3.js at position 8 of 12 in additional filter chain; firing Filter: 'SecurityContextHolderAwareRequestFilter'
595704 [http-nio-8080-exec-4] DEBUG o.s.s.w.a.i.FilterSecurityInterceptor - Secure object: FilterInvocation: URL: /bootstrap/js/bootstrap.js; Attributes: [permitAll]
595704 [http-nio-8080-exec-10] DEBUG o.s.security.web.FilterChainProxy - /jquery/jquery-2.1.3.js at position 9 of 12 in additional filter chain; firing Filter: 'AnonymousAuthenticationFilter'
595704 [http-nio-8080-exec-6] DEBUG o.s.s.w.u.m.AntPathRequestMatcher - Request 'GET /bootstrap/css/bootstrap.css' doesn't match 'POST /logout
595704 [http-nio-8080-exec-10] DEBUG o.s.s.w.a.AnonymousAuthenticationFilter - Populated SecurityContextHolder with anonymous token: 'org.springframework.security.authentication.AnonymousAuthenticationToken@6fa90ed4: Principal: anonymousUser; Credentials: [PROTECTED]; Authenticated: true; Details: org.springframework.security.web.authentication.WebAuthenticationDetails@fffc7f0c: RemoteIpAddress: 127.0.0.1; SessionId: 3804353C2C2C151F407CA4B277564A11; Granted Authorities: ROLE_ANONYMOUS'
595704 [http-nio-8080-exec-4] DEBUG o.s.s.w.a.i.FilterSecurityInterceptor - Previously Authenticated: org.springframework.security.authentication.AnonymousAuthenticationToken@6fa90ed4: Principal: anonymousUser; Credentials: [PROTECTED]; Authenticated: true; Details: org.springframework.security.web.authentication.WebAuthenticationDetails@fffc7f0c: RemoteIpAddress: 127.0.0.1; SessionId: 3804353C2C2C151F407CA4B277564A11; Granted Authorities: ROLE_ANONYMOUS
595704 [http-nio-8080-exec-10] DEBUG o.s.security.web.FilterChainProxy - /jquery/jquery-2.1.3.js at position 10 of 12 in additional filter chain; firing Filter: 'SessionManagementFilter'
595704 [http-nio-8080-exec-10] DEBUG o.s.security.web.FilterChainProxy - /jquery/jquery-2.1.3.js at position 11 of 12 in additional filter chain; firing Filter: 'ExceptionTranslationFilter'
595704 [http-nio-8080-exec-10] DEBUG o.s.security.web.FilterChainProxy - /jquery/jquery-2.1.3.js at position 12 of 12 in additional filter chain; firing Filter: 'FilterSecurityInterceptor'
595704 [http-nio-8080-exec-6] DEBUG o.s.s.w.u.m.AntPathRequestMatcher - Checking match of request : '/bootstrap/css/bootstrap.css'; against '/bootstrap/**'
595704 [http-nio-8080-exec-10] DEBUG o.s.s.w.u.m.AntPathRequestMatcher - Request 'GET /jquery/jquery-2.1.3.js' doesn't match 'POST /logout
595704 [http-nio-8080-exec-6] DEBUG o.s.s.w.a.i.FilterSecurityInterceptor - Secure object: FilterInvocation: URL: /bootstrap/css/bootstrap.css; Attributes: [permitAll]
595704 [http-nio-8080-exec-6] DEBUG o.s.s.w.a.i.FilterSecurityInterceptor - Previously Authenticated: org.springframework.security.authentication.AnonymousAuthenticationToken@6fa90ed4: Principal: anonymousUser; Credentials: [PROTECTED]; Authenticated: true; Details: org.springframework.security.web.authentication.WebAuthenticationDetails@fffc7f0c: RemoteIpAddress: 127.0.0.1; SessionId: 3804353C2C2C151F407CA4B277564A11; Granted Authorities: ROLE_ANONYMOUS
595704 [http-nio-8080-exec-10] DEBUG o.s.s.w.u.m.AntPathRequestMatcher - Checking match of request : '/jquery/jquery-2.1.3.js'; against '/bootstrap/**'
595704 [http-nio-8080-exec-4] DEBUG o.s.s.access.vote.AffirmativeBased - Voter: org.springframework.security.web.access.expression.WebExpressionVoter@2f6f76da, returned: 1
595704 [http-nio-8080-exec-10] DEBUG o.s.s.w.u.m.AntPathRequestMatcher - Checking match of request : '/jquery/jquery-2.1.3.js'; against '/error/**'
595704 [http-nio-8080-exec-6] DEBUG o.s.s.access.vote.AffirmativeBased - Voter: org.springframework.security.web.access.expression.WebExpressionVoter@2f6f76da, returned: 1
595705 [http-nio-8080-exec-4] DEBUG o.s.s.w.a.i.FilterSecurityInterceptor - Authorization successful
595705 [http-nio-8080-exec-4] DEBUG o.s.s.w.a.i.FilterSecurityInterceptor - RunAsManager did not change Authentication object
595705 [http-nio-8080-exec-4] DEBUG o.s.security.web.FilterChainProxy - /bootstrap/js/bootstrap.js reached end of additional filter chain; proceeding with original chain
595705 [http-nio-8080-exec-10] DEBUG o.s.s.w.u.m.AntPathRequestMatcher - Checking match of request : '/jquery/jquery-2.1.3.js'; against '/img/**'
595705 [http-nio-8080-exec-10] DEBUG o.s.s.w.u.m.AntPathRequestMatcher - Checking match of request : '/jquery/jquery-2.1.3.js'; against '/jquery/**'
595705 [http-nio-8080-exec-10] DEBUG o.s.s.w.a.i.FilterSecurityInterceptor - Secure object: FilterInvocation: URL: /jquery/jquery-2.1.3.js; Attributes: [permitAll]
595705 [http-nio-8080-exec-6] DEBUG o.s.s.w.a.i.FilterSecurityInterceptor - Authorization successful
595705 [http-nio-8080-exec-6] DEBUG o.s.s.w.a.i.FilterSecurityInterceptor - RunAsManager did not change Authentication object
595705 [http-nio-8080-exec-6] DEBUG o.s.security.web.FilterChainProxy - /bootstrap/css/bootstrap.css reached end of additional filter chain; proceeding with original chain
595705 [http-nio-8080-exec-10] DEBUG o.s.s.w.a.i.FilterSecurityInterceptor - Previously Authenticated: org.springframework.security.authentication.AnonymousAuthenticationToken@6fa90ed4: Principal: anonymousUser; Credentials: [PROTECTED]; Authenticated: true; Details: org.springframework.security.web.authentication.WebAuthenticationDetails@fffc7f0c: RemoteIpAddress: 127.0.0.1; SessionId: 3804353C2C2C151F407CA4B277564A11; Granted Authorities: ROLE_ANONYMOUS
595705 [http-nio-8080-exec-10] DEBUG o.s.s.access.vote.AffirmativeBased - Voter: org.springframework.security.web.access.expression.WebExpressionVoter@2f6f76da, returned: 1
595705 [http-nio-8080-exec-10] DEBUG o.s.s.w.a.i.FilterSecurityInterceptor - Authorization successful
595705 [http-nio-8080-exec-10] DEBUG o.s.s.w.a.i.FilterSecurityInterceptor - RunAsManager did not change Authentication object
595705 [http-nio-8080-exec-10] DEBUG o.s.security.web.FilterChainProxy - /jquery/jquery-2.1.3.js reached end of additional filter chain; proceeding with original chain
595706 [http-nio-8080-exec-6] DEBUG o.s.s.w.c.HttpSessionSecurityContextRepository - SecurityContext is empty or contents are anonymous - context will not be stored in HttpSession.
595706 [http-nio-8080-exec-10] DEBUG o.s.s.w.c.HttpSessionSecurityContextRepository - SecurityContext is empty or contents are anonymous - context will not be stored in HttpSession.
595706 [http-nio-8080-exec-4] DEBUG o.s.s.w.c.HttpSessionSecurityContextRepository - SecurityContext is empty or contents are anonymous - context will not be stored in HttpSession.
595707 [http-nio-8080-exec-4] DEBUG o.s.s.w.a.ExceptionTranslationFilter - Chain processed normally
595707 [http-nio-8080-exec-4] DEBUG o.s.s.w.c.SecurityContextPersistenceFilter - SecurityContextHolder now cleared, as request processing completed
595709 [http-nio-8080-exec-6] DEBUG o.s.s.w.a.ExceptionTranslationFilter - Chain processed normally
595709 [http-nio-8080-exec-6] DEBUG o.s.s.w.c.SecurityContextPersistenceFilter - SecurityContextHolder now cleared, as request processing completed
595711 [http-nio-8080-exec-10] DEBUG o.s.s.w.a.ExceptionTranslationFilter - Chain processed normally
595711 [http-nio-8080-exec-10] DEBUG o.s.s.w.c.SecurityContextPersistenceFilter - SecurityContextHolder now cleared, as request processing completed
605174 [http-nio-8080-exec-7] DEBUG o.s.s.w.u.matcher.OrRequestMatcher - Trying to match using Ant [pattern='/css/**']
605174 [http-nio-8080-exec-7] DEBUG o.s.s.w.u.m.AntPathRequestMatcher - Checking match of request : '/'; against '/css/**'
605174 [http-nio-8080-exec-7] DEBUG o.s.s.w.u.matcher.OrRequestMatcher - Trying to match using Ant [pattern='/js/**']
605174 [http-nio-8080-exec-7] DEBUG o.s.s.w.u.m.AntPathRequestMatcher - Checking match of request : '/'; against '/js/**'
605174 [http-nio-8080-exec-7] DEBUG o.s.s.w.u.matcher.OrRequestMatcher - Trying to match using Ant [pattern='/images/**']
605174 [http-nio-8080-exec-7] DEBUG o.s.s.w.u.m.AntPathRequestMatcher - Checking match of request : '/'; against '/images/**'
605174 [http-nio-8080-exec-7] DEBUG o.s.s.w.u.matcher.OrRequestMatcher - Trying to match using Ant [pattern='/webjars/**']
605174 [http-nio-8080-exec-7] DEBUG o.s.s.w.u.m.AntPathRequestMatcher - Checking match of request : '/'; against '/webjars/**'
605175 [http-nio-8080-exec-7] DEBUG o.s.s.w.u.matcher.OrRequestMatcher - Trying to match using Ant [pattern='/**/favicon.ico']
605175 [http-nio-8080-exec-7] DEBUG o.s.s.w.u.m.AntPathRequestMatcher - Checking match of request : '/'; against '/**/favicon.ico'
605175 [http-nio-8080-exec-7] DEBUG o.s.s.w.u.matcher.OrRequestMatcher - Trying to match using Ant [pattern='/error']
605175 [http-nio-8080-exec-7] DEBUG o.s.s.w.u.m.AntPathRequestMatcher - Checking match of request : '/'; against '/error'
605175 [http-nio-8080-exec-7] DEBUG o.s.s.w.u.matcher.OrRequestMatcher - No matches found
605175 [http-nio-8080-exec-7] DEBUG o.s.security.web.FilterChainProxy - / at position 1 of 12 in additional filter chain; firing Filter: 'WebAsyncManagerIntegrationFilter'
605175 [http-nio-8080-exec-7] DEBUG o.s.security.web.FilterChainProxy - / at position 2 of 12 in additional filter chain; firing Filter: 'SecurityContextPersistenceFilter'
605175 [http-nio-8080-exec-7] DEBUG o.s.s.w.c.HttpSessionSecurityContextRepository - HttpSession returned null object for SPRING_SECURITY_CONTEXT
605175 [http-nio-8080-exec-7] DEBUG o.s.s.w.c.HttpSessionSecurityContextRepository - No SecurityContext was available from the HttpSession: org.apache.catalina.session.StandardSessionFacade@6e527ce1. A new one will be created.
605175 [http-nio-8080-exec-7] DEBUG o.s.security.web.FilterChainProxy - / at position 3 of 12 in additional filter chain; firing Filter: 'HeaderWriterFilter'
605175 [http-nio-8080-exec-7] DEBUG o.s.s.w.h.writers.HstsHeaderWriter - Not injecting HSTS header since it did not match the requestMatcher org.springframework.security.web.header.writers.HstsHeaderWriter$SecureRequestMatcher@6a6df5f3
605175 [http-nio-8080-exec-7] DEBUG o.s.security.web.FilterChainProxy - / at position 4 of 12 in additional filter chain; firing Filter: 'CsrfFilter'
605175 [http-nio-8080-exec-7] DEBUG o.s.security.web.FilterChainProxy - / at position 5 of 12 in additional filter chain; firing Filter: 'LogoutFilter'
605175 [http-nio-8080-exec-7] DEBUG o.s.s.w.u.m.AntPathRequestMatcher - Request 'GET /' doesn't match 'POST /logout
605175 [http-nio-8080-exec-7] DEBUG o.s.security.web.FilterChainProxy - / at position 6 of 12 in additional filter chain; firing Filter: 'UsernamePasswordAuthenticationFilter'
605175 [http-nio-8080-exec-7] DEBUG o.s.s.w.u.m.AntPathRequestMatcher - Request 'GET /' doesn't match 'POST /login
605175 [http-nio-8080-exec-7] DEBUG o.s.security.web.FilterChainProxy - / at position 7 of 12 in additional filter chain; firing Filter: 'RequestCacheAwareFilter'
605175 [http-nio-8080-exec-7] DEBUG o.s.s.w.s.DefaultSavedRequest - pathInfo: both null (property equals)
605175 [http-nio-8080-exec-7] DEBUG o.s.s.w.s.DefaultSavedRequest - queryString: both null (property equals)
605175 [http-nio-8080-exec-7] DEBUG o.s.s.w.s.DefaultSavedRequest - requestURI: arg1=/; arg2=/ (property equals)
605175 [http-nio-8080-exec-7] DEBUG o.s.s.w.s.DefaultSavedRequest - serverPort: arg1=8080; arg2=8080 (property equals)
605177 [http-nio-8080-exec-7] DEBUG o.s.s.w.s.DefaultSavedRequest - requestURL: arg1=http://localhost:8080/; arg2=http://localhost:8080/ (property equals)
605177 [http-nio-8080-exec-7] DEBUG o.s.s.w.s.DefaultSavedRequest - scheme: arg1=http; arg2=http (property equals)
605177 [http-nio-8080-exec-7] DEBUG o.s.s.w.s.DefaultSavedRequest - serverName: arg1=localhost; arg2=localhost (property equals)
605177 [http-nio-8080-exec-7] DEBUG o.s.s.w.s.DefaultSavedRequest - contextPath: arg1=; arg2= (property equals)
605177 [http-nio-8080-exec-7] DEBUG o.s.s.w.s.DefaultSavedRequest - servletPath: arg1=/; arg2=/ (property equals)
605177 [http-nio-8080-exec-7] DEBUG o.s.s.w.s.HttpSessionRequestCache - Removing DefaultSavedRequest from session if present
605177 [http-nio-8080-exec-7] DEBUG o.s.security.web.FilterChainProxy - / at position 8 of 12 in additional filter chain; firing Filter: 'SecurityContextHolderAwareRequestFilter'
605177 [http-nio-8080-exec-7] DEBUG o.s.security.web.FilterChainProxy - / at position 9 of 12 in additional filter chain; firing Filter: 'AnonymousAuthenticationFilter'
605177 [http-nio-8080-exec-7] DEBUG o.s.s.w.a.AnonymousAuthenticationFilter - Populated SecurityContextHolder with anonymous token: 'org.springframework.security.authentication.AnonymousAuthenticationToken@6fa90ed4: Principal: anonymousUser; Credentials: [PROTECTED]; Authenticated: true; Details: org.springframework.security.web.authentication.WebAuthenticationDetails@fffc7f0c: RemoteIpAddress: 127.0.0.1; SessionId: 3804353C2C2C151F407CA4B277564A11; Granted Authorities: ROLE_ANONYMOUS'
605177 [http-nio-8080-exec-7] DEBUG o.s.security.web.FilterChainProxy - / at position 10 of 12 in additional filter chain; firing Filter: 'SessionManagementFilter'
605177 [http-nio-8080-exec-7] DEBUG o.s.security.web.FilterChainProxy - / at position 11 of 12 in additional filter chain; firing Filter: 'ExceptionTranslationFilter'
605177 [http-nio-8080-exec-7] DEBUG o.s.security.web.FilterChainProxy - / at position 12 of 12 in additional filter chain; firing Filter: 'FilterSecurityInterceptor'
605178 [http-nio-8080-exec-7] DEBUG o.s.s.w.u.m.AntPathRequestMatcher - Request 'GET /' doesn't match 'POST /logout
605178 [http-nio-8080-exec-7] DEBUG o.s.s.w.u.m.AntPathRequestMatcher - Checking match of request : '/'; against '/bootstrap/**'
605178 [http-nio-8080-exec-7] DEBUG o.s.s.w.u.m.AntPathRequestMatcher - Checking match of request : '/'; against '/error/**'
605178 [http-nio-8080-exec-7] DEBUG o.s.s.w.u.m.AntPathRequestMatcher - Checking match of request : '/'; against '/img/**'
605178 [http-nio-8080-exec-7] DEBUG o.s.s.w.u.m.AntPathRequestMatcher - Checking match of request : '/'; against '/jquery/**'
605178 [http-nio-8080-exec-7] DEBUG o.s.s.w.u.m.AntPathRequestMatcher - Checking match of request : '/'; against '/index.html'
605178 [http-nio-8080-exec-7] DEBUG o.s.s.w.u.m.AntPathRequestMatcher - Checking match of request : '/'; against '/temp'
605178 [http-nio-8080-exec-7] DEBUG o.s.s.w.u.m.AntPathRequestMatcher - Checking match of request : '/'; against '/temp.ftl'
605178 [http-nio-8080-exec-7] DEBUG o.s.s.w.a.i.FilterSecurityInterceptor - Secure object: FilterInvocation: URL: /; Attributes: [authenticated]
605178 [http-nio-8080-exec-7] DEBUG o.s.s.w.a.i.FilterSecurityInterceptor - Previously Authenticated: org.springframework.security.authentication.AnonymousAuthenticationToken@6fa90ed4: Principal: anonymousUser; Credentials: [PROTECTED]; Authenticated: true; Details: org.springframework.security.web.authentication.WebAuthenticationDetails@fffc7f0c: RemoteIpAddress: 127.0.0.1; SessionId: 3804353C2C2C151F407CA4B277564A11; Granted Authorities: ROLE_ANONYMOUS
605178 [http-nio-8080-exec-7] DEBUG o.s.s.access.vote.AffirmativeBased - Voter: org.springframework.security.web.access.expression.WebExpressionVoter@2f6f76da, returned: -1
605178 [http-nio-8080-exec-7] DEBUG o.s.s.w.a.ExceptionTranslationFilter - Access is denied (user is anonymous); redirecting to authentication entry point
org.springframework.security.access.AccessDeniedException: Access is denied
	at org.springframework.security.access.vote.AffirmativeBased.decide(AffirmativeBased.java:84)
	at org.springframework.security.access.intercept.AbstractSecurityInterceptor.beforeInvocation(AbstractSecurityInterceptor.java:233)
	at org.springframework.security.web.access.intercept.FilterSecurityInterceptor.invoke(FilterSecurityInterceptor.java:124)
	at org.springframework.security.web.access.intercept.FilterSecurityInterceptor.doFilter(FilterSecurityInterceptor.java:91)
	at org.springframework.security.web.FilterChainProxy$VirtualFilterChain.doFilter(FilterChainProxy.java:331)
	at org.springframework.security.web.access.ExceptionTranslationFilter.doFilter(ExceptionTranslationFilter.java:114)
	at org.springframework.security.web.FilterChainProxy$VirtualFilterChain.doFilter(FilterChainProxy.java:331)
	at org.springframework.security.web.session.SessionManagementFilter.doFilter(SessionManagementFilter.java:137)
	at org.springframework.security.web.FilterChainProxy$VirtualFilterChain.doFilter(FilterChainProxy.java:331)
	at org.springframework.security.web.authentication.AnonymousAuthenticationFilter.doFilter(AnonymousAuthenticationFilter.java:111)
	at org.springframework.security.web.FilterChainProxy$VirtualFilterChain.doFilter(FilterChainProxy.java:331)
	at org.springframework.security.web.servletapi.SecurityContextHolderAwareRequestFilter.doFilter(SecurityContextHolderAwareRequestFilter.java:170)
	at org.springframework.security.web.FilterChainProxy$VirtualFilterChain.doFilter(FilterChainProxy.java:331)
	at org.springframework.security.web.savedrequest.RequestCacheAwareFilter.doFilter(RequestCacheAwareFilter.java:63)
	at org.springframework.security.web.FilterChainProxy$VirtualFilterChain.doFilter(FilterChainProxy.java:331)
	at org.springframework.security.web.authentication.AbstractAuthenticationProcessingFilter.doFilter(AbstractAuthenticationProcessingFilter.java:200)
	at org.springframework.security.web.FilterChainProxy$VirtualFilterChain.doFilter(FilterChainProxy.java:331)
	at org.springframework.security.web.authentication.logout.LogoutFilter.doFilter(LogoutFilter.java:116)
	at org.springframework.security.web.FilterChainProxy$VirtualFilterChain.doFilter(FilterChainProxy.java:331)
	at org.springframework.security.web.csrf.CsrfFilter.doFilterInternal(CsrfFilter.java:100)
	at org.springframework.web.filter.OncePerRequestFilter.doFilter(OncePerRequestFilter.java:107)
	at org.springframework.security.web.FilterChainProxy$VirtualFilterChain.doFilter(FilterChainProxy.java:331)
	at org.springframework.security.web.header.HeaderWriterFilter.doFilterInternal(HeaderWriterFilter.java:64)
	at org.springframework.web.filter.OncePerRequestFilter.doFilter(OncePerRequestFilter.java:107)
	at org.springframework.security.web.FilterChainProxy$VirtualFilterChain.doFilter(FilterChainProxy.java:331)
	at org.springframework.security.web.context.SecurityContextPersistenceFilter.doFilter(SecurityContextPersistenceFilter.java:105)
	at org.springframework.security.web.FilterChainProxy$VirtualFilterChain.doFilter(FilterChainProxy.java:331)
	at org.springframework.security.web.context.request.async.WebAsyncManagerIntegrationFilter.doFilterInternal(WebAsyncManagerIntegrationFilter.java:56)
	at org.springframework.web.filter.OncePerRequestFilter.doFilter(OncePerRequestFilter.java:107)
	at org.springframework.security.web.FilterChainProxy$VirtualFilterChain.doFilter(FilterChainProxy.java:331)
	at org.springframework.security.web.FilterChainProxy.doFilterInternal(FilterChainProxy.java:214)
	at org.springframework.security.web.FilterChainProxy.doFilter(FilterChainProxy.java:177)
	at org.springframework.web.filter.DelegatingFilterProxy.invokeDelegate(DelegatingFilterProxy.java:347)
	at org.springframework.web.filter.DelegatingFilterProxy.doFilter(DelegatingFilterProxy.java:263)
	at org.apache.catalina.core.ApplicationFilterChain.internalDoFilter(ApplicationFilterChain.java:193)
	at org.apache.catalina.core.ApplicationFilterChain.doFilter(ApplicationFilterChain.java:166)
	at org.springframework.web.filter.RequestContextFilter.doFilterInternal(RequestContextFilter.java:99)
	at org.springframework.web.filter.OncePerRequestFilter.doFilter(OncePerRequestFilter.java:107)
	at org.apache.catalina.core.ApplicationFilterChain.internalDoFilter(ApplicationFilterChain.java:193)
	at org.apache.catalina.core.ApplicationFilterChain.doFilter(ApplicationFilterChain.java:166)
	at org.springframework.web.filter.HttpPutFormContentFilter.doFilterInternal(HttpPutFormContentFilter.java:108)
	at org.springframework.web.filter.OncePerRequestFilter.doFilter(OncePerRequestFilter.java:107)
	at org.apache.catalina.core.ApplicationFilterChain.internalDoFilter(ApplicationFilterChain.java:193)
	at org.apache.catalina.core.ApplicationFilterChain.doFilter(ApplicationFilterChain.java:166)
	at org.springframework.web.filter.HiddenHttpMethodFilter.doFilterInternal(HiddenHttpMethodFilter.java:81)
	at org.springframework.web.filter.OncePerRequestFilter.doFilter(OncePerRequestFilter.java:107)
	at org.apache.catalina.core.ApplicationFilterChain.internalDoFilter(ApplicationFilterChain.java:193)
	at org.apache.catalina.core.ApplicationFilterChain.doFilter(ApplicationFilterChain.java:166)
	at org.springframework.web.filter.CharacterEncodingFilter.doFilterInternal(CharacterEncodingFilter.java:197)
	at org.springframework.web.filter.OncePerRequestFilter.doFilter(OncePerRequestFilter.java:107)
	at org.apache.catalina.core.ApplicationFilterChain.internalDoFilter(ApplicationFilterChain.java:193)
	at org.apache.catalina.core.ApplicationFilterChain.doFilter(ApplicationFilterChain.java:166)
	at org.apache.catalina.core.StandardWrapperValve.invoke(StandardWrapperValve.java:199)
	at org.apache.catalina.core.StandardContextValve.invoke(StandardContextValve.java:96)
	at org.apache.catalina.authenticator.AuthenticatorBase.invoke(AuthenticatorBase.java:478)
	at org.apache.catalina.core.StandardHostValve.invoke(StandardHostValve.java:140)
	at org.apache.catalina.valves.ErrorReportValve.invoke(ErrorReportValve.java:81)
	at org.apache.catalina.core.StandardEngineValve.invoke(StandardEngineValve.java:87)
	at org.apache.catalina.connector.CoyoteAdapter.service(CoyoteAdapter.java:342)
	at org.apache.coyote.http11.Http11Processor.service(Http11Processor.java:803)
	at org.apache.coyote.AbstractProcessorLight.process(AbstractProcessorLight.java:66)
	at org.apache.coyote.AbstractProtocol$ConnectionHandler.process(AbstractProtocol.java:868)
	at org.apache.tomcat.util.net.NioEndpoint$SocketProcessor.doRun(NioEndpoint.java:1459)
	at org.apache.tomcat.util.net.SocketProcessorBase.run(SocketProcessorBase.java:49)
	at java.util.concurrent.ThreadPoolExecutor.runWorker(ThreadPoolExecutor.java:1149)
	at java.util.concurrent.ThreadPoolExecutor$Worker.run(ThreadPoolExecutor.java:624)
	at org.apache.tomcat.util.threads.TaskThread$WrappingRunnable.run(TaskThread.java:61)
	at java.lang.Thread.run(Thread.java:748)
605180 [http-nio-8080-exec-7] DEBUG o.s.s.w.u.matcher.AndRequestMatcher - Trying to match using Ant [pattern='/**', GET]
605180 [http-nio-8080-exec-7] DEBUG o.s.s.w.u.m.AntPathRequestMatcher - Request '/' matched by universal pattern '/**'
605180 [http-nio-8080-exec-7] DEBUG o.s.s.w.u.matcher.AndRequestMatcher - Trying to match using NegatedRequestMatcher [requestMatcher=Ant [pattern='/**/favicon.ico']]
605180 [http-nio-8080-exec-7] DEBUG o.s.s.w.u.m.AntPathRequestMatcher - Checking match of request : '/'; against '/**/favicon.ico'
605180 [http-nio-8080-exec-7] DEBUG o.s.s.w.u.m.NegatedRequestMatcher - matches = true
605180 [http-nio-8080-exec-7] DEBUG o.s.s.w.u.matcher.AndRequestMatcher - Trying to match using NegatedRequestMatcher [requestMatcher=MediaTypeRequestMatcher [contentNegotiationStrategy=org.springframework.web.accept.ContentNegotiationManager@23f067ec, matchingMediaTypes=[application/json], useEquals=false, ignoredMediaTypes=[*/*]]]
605180 [http-nio-8080-exec-7] DEBUG o.s.s.w.u.m.MediaTypeRequestMatcher - httpRequestMediaTypes=[text/html, application/xhtml+xml, image/webp, image/apng, application/xml;q=0.9, */*;q=0.8]
605180 [http-nio-8080-exec-7] DEBUG o.s.s.w.u.m.MediaTypeRequestMatcher - Processing text/html
605180 [http-nio-8080-exec-7] DEBUG o.s.s.w.u.m.MediaTypeRequestMatcher - application/json .isCompatibleWith text/html = false
605180 [http-nio-8080-exec-7] DEBUG o.s.s.w.u.m.MediaTypeRequestMatcher - Processing application/xhtml+xml
605180 [http-nio-8080-exec-7] DEBUG o.s.s.w.u.m.MediaTypeRequestMatcher - application/json .isCompatibleWith application/xhtml+xml = false
605180 [http-nio-8080-exec-7] DEBUG o.s.s.w.u.m.MediaTypeRequestMatcher - Processing image/webp
605180 [http-nio-8080-exec-7] DEBUG o.s.s.w.u.m.MediaTypeRequestMatcher - application/json .isCompatibleWith image/webp = false
605180 [http-nio-8080-exec-7] DEBUG o.s.s.w.u.m.MediaTypeRequestMatcher - Processing image/apng
605180 [http-nio-8080-exec-7] DEBUG o.s.s.w.u.m.MediaTypeRequestMatcher - application/json .isCompatibleWith image/apng = false
605180 [http-nio-8080-exec-7] DEBUG o.s.s.w.u.m.MediaTypeRequestMatcher - Processing application/xml;q=0.9
605180 [http-nio-8080-exec-7] DEBUG o.s.s.w.u.m.MediaTypeRequestMatcher - application/json .isCompatibleWith application/xml;q=0.9 = false
605180 [http-nio-8080-exec-7] DEBUG o.s.s.w.u.m.MediaTypeRequestMatcher - Processing */*;q=0.8
605180 [http-nio-8080-exec-7] DEBUG o.s.s.w.u.m.MediaTypeRequestMatcher - Ignoring
605180 [http-nio-8080-exec-7] DEBUG o.s.s.w.u.m.MediaTypeRequestMatcher - Did not match any media types
605180 [http-nio-8080-exec-7] DEBUG o.s.s.w.u.m.NegatedRequestMatcher - matches = true
605180 [http-nio-8080-exec-7] DEBUG o.s.s.w.u.matcher.AndRequestMatcher - Trying to match using NegatedRequestMatcher [requestMatcher=RequestHeaderRequestMatcher [expectedHeaderName=X-Requested-With, expectedHeaderValue=XMLHttpRequest]]
605180 [http-nio-8080-exec-7] DEBUG o.s.s.w.u.m.NegatedRequestMatcher - matches = true
605180 [http-nio-8080-exec-7] DEBUG o.s.s.w.u.matcher.AndRequestMatcher - All requestMatchers returned true
605181 [http-nio-8080-exec-7] DEBUG o.s.s.w.s.HttpSessionRequestCache - DefaultSavedRequest added to Session: DefaultSavedRequest[http://localhost:8080/]
605181 [http-nio-8080-exec-7] DEBUG o.s.s.w.a.ExceptionTranslationFilter - Calling Authentication entry point.
605181 [http-nio-8080-exec-7] DEBUG o.s.s.web.DefaultRedirectStrategy - Redirecting to 'http://localhost:8080/login'
605181 [http-nio-8080-exec-7] DEBUG o.s.s.w.c.HttpSessionSecurityContextRepository - SecurityContext is empty or contents are anonymous - context will not be stored in HttpSession.
605181 [http-nio-8080-exec-7] DEBUG o.s.s.w.c.SecurityContextPersistenceFilter - SecurityContextHolder now cleared, as request processing completed
605185 [http-nio-8080-exec-3] DEBUG o.s.s.w.u.matcher.OrRequestMatcher - Trying to match using Ant [pattern='/css/**']
605185 [http-nio-8080-exec-3] DEBUG o.s.s.w.u.m.AntPathRequestMatcher - Checking match of request : '/login'; against '/css/**'
605185 [http-nio-8080-exec-3] DEBUG o.s.s.w.u.matcher.OrRequestMatcher - Trying to match using Ant [pattern='/js/**']
605185 [http-nio-8080-exec-3] DEBUG o.s.s.w.u.m.AntPathRequestMatcher - Checking match of request : '/login'; against '/js/**'
605185 [http-nio-8080-exec-3] DEBUG o.s.s.w.u.matcher.OrRequestMatcher - Trying to match using Ant [pattern='/images/**']
605185 [http-nio-8080-exec-3] DEBUG o.s.s.w.u.m.AntPathRequestMatcher - Checking match of request : '/login'; against '/images/**'
605185 [http-nio-8080-exec-3] DEBUG o.s.s.w.u.matcher.OrRequestMatcher - Trying to match using Ant [pattern='/webjars/**']
605185 [http-nio-8080-exec-3] DEBUG o.s.s.w.u.m.AntPathRequestMatcher - Checking match of request : '/login'; against '/webjars/**'
605185 [http-nio-8080-exec-3] DEBUG o.s.s.w.u.matcher.OrRequestMatcher - Trying to match using Ant [pattern='/**/favicon.ico']
605185 [http-nio-8080-exec-3] DEBUG o.s.s.w.u.m.AntPathRequestMatcher - Checking match of request : '/login'; against '/**/favicon.ico'
605185 [http-nio-8080-exec-3] DEBUG o.s.s.w.u.matcher.OrRequestMatcher - Trying to match using Ant [pattern='/error']
605185 [http-nio-8080-exec-3] DEBUG o.s.s.w.u.m.AntPathRequestMatcher - Checking match of request : '/login'; against '/error'
605185 [http-nio-8080-exec-3] DEBUG o.s.s.w.u.matcher.OrRequestMatcher - No matches found
605185 [http-nio-8080-exec-3] DEBUG o.s.security.web.FilterChainProxy - /login at position 1 of 12 in additional filter chain; firing Filter: 'WebAsyncManagerIntegrationFilter'
605185 [http-nio-8080-exec-3] DEBUG o.s.security.web.FilterChainProxy - /login at position 2 of 12 in additional filter chain; firing Filter: 'SecurityContextPersistenceFilter'
605185 [http-nio-8080-exec-3] DEBUG o.s.s.w.c.HttpSessionSecurityContextRepository - HttpSession returned null object for SPRING_SECURITY_CONTEXT
605185 [http-nio-8080-exec-3] DEBUG o.s.s.w.c.HttpSessionSecurityContextRepository - No SecurityContext was available from the HttpSession: org.apache.catalina.session.StandardSessionFacade@6e527ce1. A new one will be created.
605185 [http-nio-8080-exec-3] DEBUG o.s.security.web.FilterChainProxy - /login at position 3 of 12 in additional filter chain; firing Filter: 'HeaderWriterFilter'
605185 [http-nio-8080-exec-3] DEBUG o.s.s.w.h.writers.HstsHeaderWriter - Not injecting HSTS header since it did not match the requestMatcher org.springframework.security.web.header.writers.HstsHeaderWriter$SecureRequestMatcher@6a6df5f3
605185 [http-nio-8080-exec-3] DEBUG o.s.security.web.FilterChainProxy - /login at position 4 of 12 in additional filter chain; firing Filter: 'CsrfFilter'
605185 [http-nio-8080-exec-3] DEBUG o.s.security.web.FilterChainProxy - /login at position 5 of 12 in additional filter chain; firing Filter: 'LogoutFilter'
605185 [http-nio-8080-exec-3] DEBUG o.s.s.w.u.m.AntPathRequestMatcher - Request 'GET /login' doesn't match 'POST /logout
605185 [http-nio-8080-exec-3] DEBUG o.s.security.web.FilterChainProxy - /login at position 6 of 12 in additional filter chain; firing Filter: 'UsernamePasswordAuthenticationFilter'
605185 [http-nio-8080-exec-3] DEBUG o.s.s.w.u.m.AntPathRequestMatcher - Request 'GET /login' doesn't match 'POST /login
605185 [http-nio-8080-exec-3] DEBUG o.s.security.web.FilterChainProxy - /login at position 7 of 12 in additional filter chain; firing Filter: 'RequestCacheAwareFilter'
605186 [http-nio-8080-exec-3] DEBUG o.s.s.w.s.DefaultSavedRequest - pathInfo: both null (property equals)
605186 [http-nio-8080-exec-3] DEBUG o.s.s.w.s.DefaultSavedRequest - queryString: both null (property equals)
605186 [http-nio-8080-exec-3] DEBUG o.s.s.w.s.DefaultSavedRequest - requestURI: arg1=/; arg2=/login (property not equals)
605188 [http-nio-8080-exec-3] DEBUG o.s.s.w.s.HttpSessionRequestCache - saved request doesn't match
605188 [http-nio-8080-exec-3] DEBUG o.s.security.web.FilterChainProxy - /login at position 8 of 12 in additional filter chain; firing Filter: 'SecurityContextHolderAwareRequestFilter'
605188 [http-nio-8080-exec-3] DEBUG o.s.security.web.FilterChainProxy - /login at position 9 of 12 in additional filter chain; firing Filter: 'AnonymousAuthenticationFilter'
605188 [http-nio-8080-exec-3] DEBUG o.s.s.w.a.AnonymousAuthenticationFilter - Populated SecurityContextHolder with anonymous token: 'org.springframework.security.authentication.AnonymousAuthenticationToken@6fa90ed4: Principal: anonymousUser; Credentials: [PROTECTED]; Authenticated: true; Details: org.springframework.security.web.authentication.WebAuthenticationDetails@fffc7f0c: RemoteIpAddress: 127.0.0.1; SessionId: 3804353C2C2C151F407CA4B277564A11; Granted Authorities: ROLE_ANONYMOUS'
605188 [http-nio-8080-exec-3] DEBUG o.s.security.web.FilterChainProxy - /login at position 10 of 12 in additional filter chain; firing Filter: 'SessionManagementFilter'
605188 [http-nio-8080-exec-3] DEBUG o.s.security.web.FilterChainProxy - /login at position 11 of 12 in additional filter chain; firing Filter: 'ExceptionTranslationFilter'
605188 [http-nio-8080-exec-3] DEBUG o.s.security.web.FilterChainProxy - /login at position 12 of 12 in additional filter chain; firing Filter: 'FilterSecurityInterceptor'
605188 [http-nio-8080-exec-3] DEBUG o.s.s.w.a.i.FilterSecurityInterceptor - Secure object: FilterInvocation: URL: /login; Attributes: [permitAll]
605188 [http-nio-8080-exec-3] DEBUG o.s.s.w.a.i.FilterSecurityInterceptor - Previously Authenticated: org.springframework.security.authentication.AnonymousAuthenticationToken@6fa90ed4: Principal: anonymousUser; Credentials: [PROTECTED]; Authenticated: true; Details: org.springframework.security.web.authentication.WebAuthenticationDetails@fffc7f0c: RemoteIpAddress: 127.0.0.1; SessionId: 3804353C2C2C151F407CA4B277564A11; Granted Authorities: ROLE_ANONYMOUS
605188 [http-nio-8080-exec-3] DEBUG o.s.s.access.vote.AffirmativeBased - Voter: org.springframework.security.web.access.expression.WebExpressionVoter@2f6f76da, returned: 1
605188 [http-nio-8080-exec-3] DEBUG o.s.s.w.a.i.FilterSecurityInterceptor - Authorization successful
605188 [http-nio-8080-exec-3] DEBUG o.s.s.w.a.i.FilterSecurityInterceptor - RunAsManager did not change Authentication object
605188 [http-nio-8080-exec-3] DEBUG o.s.security.web.FilterChainProxy - /login reached end of additional filter chain; proceeding with original chain
605191 [http-nio-8080-exec-3] DEBUG o.s.s.w.c.HttpSessionSecurityContextRepository - SecurityContext is empty or contents are anonymous - context will not be stored in HttpSession.
605192 [http-nio-8080-exec-3] DEBUG o.s.s.w.a.ExceptionTranslationFilter - Chain processed normally
605192 [http-nio-8080-exec-3] DEBUG o.s.s.w.c.SecurityContextPersistenceFilter - SecurityContextHolder now cleared, as request processing completed
605204 [http-nio-8080-exec-2] DEBUG o.s.s.w.u.matcher.OrRequestMatcher - Trying to match using Ant [pattern='/css/**']
605204 [http-nio-8080-exec-2] DEBUG o.s.s.w.u.m.AntPathRequestMatcher - Checking match of request : '/bootstrap/css/bootstrap.css'; against '/css/**'
605204 [http-nio-8080-exec-2] DEBUG o.s.s.w.u.matcher.OrRequestMatcher - Trying to match using Ant [pattern='/js/**']
605204 [http-nio-8080-exec-2] DEBUG o.s.s.w.u.m.AntPathRequestMatcher - Checking match of request : '/bootstrap/css/bootstrap.css'; against '/js/**'
605204 [http-nio-8080-exec-2] DEBUG o.s.s.w.u.matcher.OrRequestMatcher - Trying to match using Ant [pattern='/images/**']
605204 [http-nio-8080-exec-2] DEBUG o.s.s.w.u.m.AntPathRequestMatcher - Checking match of request : '/bootstrap/css/bootstrap.css'; against '/images/**'
605204 [http-nio-8080-exec-2] DEBUG o.s.s.w.u.matcher.OrRequestMatcher - Trying to match using Ant [pattern='/webjars/**']
605204 [http-nio-8080-exec-2] DEBUG o.s.s.w.u.m.AntPathRequestMatcher - Checking match of request : '/bootstrap/css/bootstrap.css'; against '/webjars/**'
605205 [http-nio-8080-exec-2] DEBUG o.s.s.w.u.matcher.OrRequestMatcher - Trying to match using Ant [pattern='/**/favicon.ico']
605205 [http-nio-8080-exec-2] DEBUG o.s.s.w.u.m.AntPathRequestMatcher - Checking match of request : '/bootstrap/css/bootstrap.css'; against '/**/favicon.ico'
605205 [http-nio-8080-exec-2] DEBUG o.s.s.w.u.matcher.OrRequestMatcher - Trying to match using Ant [pattern='/error']
605205 [http-nio-8080-exec-2] DEBUG o.s.s.w.u.m.AntPathRequestMatcher - Checking match of request : '/bootstrap/css/bootstrap.css'; against '/error'
605205 [http-nio-8080-exec-8] DEBUG o.s.s.w.u.matcher.OrRequestMatcher - Trying to match using Ant [pattern='/css/**']
605205 [http-nio-8080-exec-1] DEBUG o.s.s.w.u.matcher.OrRequestMatcher - Trying to match using Ant [pattern='/css/**']
605205 [http-nio-8080-exec-1] DEBUG o.s.s.w.u.m.AntPathRequestMatcher - Checking match of request : '/bootstrap/js/bootstrap.js'; against '/css/**'
605205 [http-nio-8080-exec-1] DEBUG o.s.s.w.u.matcher.OrRequestMatcher - Trying to match using Ant [pattern='/js/**']
605205 [http-nio-8080-exec-2] DEBUG o.s.s.w.u.matcher.OrRequestMatcher - No matches found
605205 [http-nio-8080-exec-8] DEBUG o.s.s.w.u.m.AntPathRequestMatcher - Checking match of request : '/jquery/jquery-2.1.3.js'; against '/css/**'
605205 [http-nio-8080-exec-8] DEBUG o.s.s.w.u.matcher.OrRequestMatcher - Trying to match using Ant [pattern='/js/**']
605205 [http-nio-8080-exec-1] DEBUG o.s.s.w.u.m.AntPathRequestMatcher - Checking match of request : '/bootstrap/js/bootstrap.js'; against '/js/**'
605205 [http-nio-8080-exec-1] DEBUG o.s.s.w.u.matcher.OrRequestMatcher - Trying to match using Ant [pattern='/images/**']
605205 [http-nio-8080-exec-2] DEBUG o.s.security.web.FilterChainProxy - /bootstrap/css/bootstrap.css at position 1 of 12 in additional filter chain; firing Filter: 'WebAsyncManagerIntegrationFilter'
605205 [http-nio-8080-exec-8] DEBUG o.s.s.w.u.m.AntPathRequestMatcher - Checking match of request : '/jquery/jquery-2.1.3.js'; against '/js/**'
605206 [http-nio-8080-exec-8] DEBUG o.s.s.w.u.matcher.OrRequestMatcher - Trying to match using Ant [pattern='/images/**']
605206 [http-nio-8080-exec-2] DEBUG o.s.security.web.FilterChainProxy - /bootstrap/css/bootstrap.css at position 2 of 12 in additional filter chain; firing Filter: 'SecurityContextPersistenceFilter'
605206 [http-nio-8080-exec-8] DEBUG o.s.s.w.u.m.AntPathRequestMatcher - Checking match of request : '/jquery/jquery-2.1.3.js'; against '/images/**'
605206 [http-nio-8080-exec-8] DEBUG o.s.s.w.u.matcher.OrRequestMatcher - Trying to match using Ant [pattern='/webjars/**']
605205 [http-nio-8080-exec-1] DEBUG o.s.s.w.u.m.AntPathRequestMatcher - Checking match of request : '/bootstrap/js/bootstrap.js'; against '/images/**'
605206 [http-nio-8080-exec-8] DEBUG o.s.s.w.u.m.AntPathRequestMatcher - Checking match of request : '/jquery/jquery-2.1.3.js'; against '/webjars/**'
605206 [http-nio-8080-exec-8] DEBUG o.s.s.w.u.matcher.OrRequestMatcher - Trying to match using Ant [pattern='/**/favicon.ico']
605206 [http-nio-8080-exec-2] DEBUG o.s.s.w.c.HttpSessionSecurityContextRepository - HttpSession returned null object for SPRING_SECURITY_CONTEXT
605206 [http-nio-8080-exec-8] DEBUG o.s.s.w.u.m.AntPathRequestMatcher - Checking match of request : '/jquery/jquery-2.1.3.js'; against '/**/favicon.ico'
605206 [http-nio-8080-exec-8] DEBUG o.s.s.w.u.matcher.OrRequestMatcher - Trying to match using Ant [pattern='/error']
605206 [http-nio-8080-exec-1] DEBUG o.s.s.w.u.matcher.OrRequestMatcher - Trying to match using Ant [pattern='/webjars/**']
605206 [http-nio-8080-exec-1] DEBUG o.s.s.w.u.m.AntPathRequestMatcher - Checking match of request : '/bootstrap/js/bootstrap.js'; against '/webjars/**'
605206 [http-nio-8080-exec-1] DEBUG o.s.s.w.u.matcher.OrRequestMatcher - Trying to match using Ant [pattern='/**/favicon.ico']
605206 [http-nio-8080-exec-1] DEBUG o.s.s.w.u.m.AntPathRequestMatcher - Checking match of request : '/bootstrap/js/bootstrap.js'; against '/**/favicon.ico'
605206 [http-nio-8080-exec-2] DEBUG o.s.s.w.c.HttpSessionSecurityContextRepository - No SecurityContext was available from the HttpSession: org.apache.catalina.session.StandardSessionFacade@6e527ce1. A new one will be created.
605206 [http-nio-8080-exec-8] DEBUG o.s.s.w.u.m.AntPathRequestMatcher - Checking match of request : '/jquery/jquery-2.1.3.js'; against '/error'
605206 [http-nio-8080-exec-8] DEBUG o.s.s.w.u.matcher.OrRequestMatcher - No matches found
605206 [http-nio-8080-exec-2] DEBUG o.s.security.web.FilterChainProxy - /bootstrap/css/bootstrap.css at position 3 of 12 in additional filter chain; firing Filter: 'HeaderWriterFilter'
605206 [http-nio-8080-exec-8] DEBUG o.s.security.web.FilterChainProxy - /jquery/jquery-2.1.3.js at position 1 of 12 in additional filter chain; firing Filter: 'WebAsyncManagerIntegrationFilter'
605206 [http-nio-8080-exec-8] DEBUG o.s.security.web.FilterChainProxy - /jquery/jquery-2.1.3.js at position 2 of 12 in additional filter chain; firing Filter: 'SecurityContextPersistenceFilter'
605206 [http-nio-8080-exec-8] DEBUG o.s.s.w.c.HttpSessionSecurityContextRepository - HttpSession returned null object for SPRING_SECURITY_CONTEXT
605206 [http-nio-8080-exec-8] DEBUG o.s.s.w.c.HttpSessionSecurityContextRepository - No SecurityContext was available from the HttpSession: org.apache.catalina.session.StandardSessionFacade@6e527ce1. A new one will be created.
605206 [http-nio-8080-exec-2] DEBUG o.s.s.w.h.writers.HstsHeaderWriter - Not injecting HSTS header since it did not match the requestMatcher org.springframework.security.web.header.writers.HstsHeaderWriter$SecureRequestMatcher@6a6df5f3
605206 [http-nio-8080-exec-8] DEBUG o.s.security.web.FilterChainProxy - /jquery/jquery-2.1.3.js at position 3 of 12 in additional filter chain; firing Filter: 'HeaderWriterFilter'
605206 [http-nio-8080-exec-2] DEBUG o.s.security.web.FilterChainProxy - /bootstrap/css/bootstrap.css at position 4 of 12 in additional filter chain; firing Filter: 'CsrfFilter'
605206 [http-nio-8080-exec-8] DEBUG o.s.s.w.h.writers.HstsHeaderWriter - Not injecting HSTS header since it did not match the requestMatcher org.springframework.security.web.header.writers.HstsHeaderWriter$SecureRequestMatcher@6a6df5f3
605206 [http-nio-8080-exec-8] DEBUG o.s.security.web.FilterChainProxy - /jquery/jquery-2.1.3.js at position 4 of 12 in additional filter chain; firing Filter: 'CsrfFilter'
605206 [http-nio-8080-exec-8] DEBUG o.s.security.web.FilterChainProxy - /jquery/jquery-2.1.3.js at position 5 of 12 in additional filter chain; firing Filter: 'LogoutFilter'
605206 [http-nio-8080-exec-8] DEBUG o.s.s.w.u.m.AntPathRequestMatcher - Request 'GET /jquery/jquery-2.1.3.js' doesn't match 'POST /logout
605206 [http-nio-8080-exec-1] DEBUG o.s.s.w.u.matcher.OrRequestMatcher - Trying to match using Ant [pattern='/error']
605206 [http-nio-8080-exec-2] DEBUG o.s.security.web.FilterChainProxy - /bootstrap/css/bootstrap.css at position 5 of 12 in additional filter chain; firing Filter: 'LogoutFilter'
605206 [http-nio-8080-exec-8] DEBUG o.s.security.web.FilterChainProxy - /jquery/jquery-2.1.3.js at position 6 of 12 in additional filter chain; firing Filter: 'UsernamePasswordAuthenticationFilter'
605206 [http-nio-8080-exec-1] DEBUG o.s.s.w.u.m.AntPathRequestMatcher - Checking match of request : '/bootstrap/js/bootstrap.js'; against '/error'
605206 [http-nio-8080-exec-8] DEBUG o.s.s.w.u.m.AntPathRequestMatcher - Request 'GET /jquery/jquery-2.1.3.js' doesn't match 'POST /login
605206 [http-nio-8080-exec-1] DEBUG o.s.s.w.u.matcher.OrRequestMatcher - No matches found
605206 [http-nio-8080-exec-8] DEBUG o.s.security.web.FilterChainProxy - /jquery/jquery-2.1.3.js at position 7 of 12 in additional filter chain; firing Filter: 'RequestCacheAwareFilter'
605206 [http-nio-8080-exec-1] DEBUG o.s.security.web.FilterChainProxy - /bootstrap/js/bootstrap.js at position 1 of 12 in additional filter chain; firing Filter: 'WebAsyncManagerIntegrationFilter'
605206 [http-nio-8080-exec-8] DEBUG o.s.s.w.s.DefaultSavedRequest - pathInfo: both null (property equals)
605206 [http-nio-8080-exec-1] DEBUG o.s.security.web.FilterChainProxy - /bootstrap/js/bootstrap.js at position 2 of 12 in additional filter chain; firing Filter: 'SecurityContextPersistenceFilter'
605206 [http-nio-8080-exec-8] DEBUG o.s.s.w.s.DefaultSavedRequest - queryString: both null (property equals)
605206 [http-nio-8080-exec-2] DEBUG o.s.s.w.u.m.AntPathRequestMatcher - Request 'GET /bootstrap/css/bootstrap.css' doesn't match 'POST /logout
605206 [http-nio-8080-exec-1] DEBUG o.s.s.w.c.HttpSessionSecurityContextRepository - HttpSession returned null object for SPRING_SECURITY_CONTEXT
605206 [http-nio-8080-exec-8] DEBUG o.s.s.w.s.DefaultSavedRequest - requestURI: arg1=/; arg2=/jquery/jquery-2.1.3.js (property not equals)
605207 [http-nio-8080-exec-1] DEBUG o.s.s.w.c.HttpSessionSecurityContextRepository - No SecurityContext was available from the HttpSession: org.apache.catalina.session.StandardSessionFacade@6e527ce1. A new one will be created.
605207 [http-nio-8080-exec-8] DEBUG o.s.s.w.s.HttpSessionRequestCache - saved request doesn't match
605207 [http-nio-8080-exec-1] DEBUG o.s.security.web.FilterChainProxy - /bootstrap/js/bootstrap.js at position 3 of 12 in additional filter chain; firing Filter: 'HeaderWriterFilter'
605207 [http-nio-8080-exec-8] DEBUG o.s.security.web.FilterChainProxy - /jquery/jquery-2.1.3.js at position 8 of 12 in additional filter chain; firing Filter: 'SecurityContextHolderAwareRequestFilter'
605207 [http-nio-8080-exec-2] DEBUG o.s.security.web.FilterChainProxy - /bootstrap/css/bootstrap.css at position 6 of 12 in additional filter chain; firing Filter: 'UsernamePasswordAuthenticationFilter'
605207 [http-nio-8080-exec-8] DEBUG o.s.security.web.FilterChainProxy - /jquery/jquery-2.1.3.js at position 9 of 12 in additional filter chain; firing Filter: 'AnonymousAuthenticationFilter'
605207 [http-nio-8080-exec-1] DEBUG o.s.s.w.h.writers.HstsHeaderWriter - Not injecting HSTS header since it did not match the requestMatcher org.springframework.security.web.header.writers.HstsHeaderWriter$SecureRequestMatcher@6a6df5f3
605207 [http-nio-8080-exec-1] DEBUG o.s.security.web.FilterChainProxy - /bootstrap/js/bootstrap.js at position 4 of 12 in additional filter chain; firing Filter: 'CsrfFilter'
605207 [http-nio-8080-exec-8] DEBUG o.s.s.w.a.AnonymousAuthenticationFilter - Populated SecurityContextHolder with anonymous token: 'org.springframework.security.authentication.AnonymousAuthenticationToken@6fa90ed4: Principal: anonymousUser; Credentials: [PROTECTED]; Authenticated: true; Details: org.springframework.security.web.authentication.WebAuthenticationDetails@fffc7f0c: RemoteIpAddress: 127.0.0.1; SessionId: 3804353C2C2C151F407CA4B277564A11; Granted Authorities: ROLE_ANONYMOUS'
605207 [http-nio-8080-exec-1] DEBUG o.s.security.web.FilterChainProxy - /bootstrap/js/bootstrap.js at position 5 of 12 in additional filter chain; firing Filter: 'LogoutFilter'
605207 [http-nio-8080-exec-2] DEBUG o.s.s.w.u.m.AntPathRequestMatcher - Request 'GET /bootstrap/css/bootstrap.css' doesn't match 'POST /login
605207 [http-nio-8080-exec-8] DEBUG o.s.security.web.FilterChainProxy - /jquery/jquery-2.1.3.js at position 10 of 12 in additional filter chain; firing Filter: 'SessionManagementFilter'
605207 [http-nio-8080-exec-2] DEBUG o.s.security.web.FilterChainProxy - /bootstrap/css/bootstrap.css at position 7 of 12 in additional filter chain; firing Filter: 'RequestCacheAwareFilter'
605207 [http-nio-8080-exec-1] DEBUG o.s.s.w.u.m.AntPathRequestMatcher - Request 'GET /bootstrap/js/bootstrap.js' doesn't match 'POST /logout
605207 [http-nio-8080-exec-2] DEBUG o.s.s.w.s.DefaultSavedRequest - pathInfo: both null (property equals)
605207 [http-nio-8080-exec-2] DEBUG o.s.s.w.s.DefaultSavedRequest - queryString: both null (property equals)
605207 [http-nio-8080-exec-1] DEBUG o.s.security.web.FilterChainProxy - /bootstrap/js/bootstrap.js at position 6 of 12 in additional filter chain; firing Filter: 'UsernamePasswordAuthenticationFilter'
605207 [http-nio-8080-exec-8] DEBUG o.s.security.web.FilterChainProxy - /jquery/jquery-2.1.3.js at position 11 of 12 in additional filter chain; firing Filter: 'ExceptionTranslationFilter'
605207 [http-nio-8080-exec-1] DEBUG o.s.s.w.u.m.AntPathRequestMatcher - Request 'GET /bootstrap/js/bootstrap.js' doesn't match 'POST /login
605207 [http-nio-8080-exec-8] DEBUG o.s.security.web.FilterChainProxy - /jquery/jquery-2.1.3.js at position 12 of 12 in additional filter chain; firing Filter: 'FilterSecurityInterceptor'
605207 [http-nio-8080-exec-1] DEBUG o.s.security.web.FilterChainProxy - /bootstrap/js/bootstrap.js at position 7 of 12 in additional filter chain; firing Filter: 'RequestCacheAwareFilter'
605207 [http-nio-8080-exec-2] DEBUG o.s.s.w.s.DefaultSavedRequest - requestURI: arg1=/; arg2=/bootstrap/css/bootstrap.css (property not equals)
605207 [http-nio-8080-exec-1] DEBUG o.s.s.w.s.DefaultSavedRequest - pathInfo: both null (property equals)
605207 [http-nio-8080-exec-8] DEBUG o.s.s.w.u.m.AntPathRequestMatcher - Request 'GET /jquery/jquery-2.1.3.js' doesn't match 'POST /logout
605207 [http-nio-8080-exec-1] DEBUG o.s.s.w.s.DefaultSavedRequest - queryString: both null (property equals)
605207 [http-nio-8080-exec-8] DEBUG o.s.s.w.u.m.AntPathRequestMatcher - Checking match of request : '/jquery/jquery-2.1.3.js'; against '/bootstrap/**'
605207 [http-nio-8080-exec-1] DEBUG o.s.s.w.s.DefaultSavedRequest - requestURI: arg1=/; arg2=/bootstrap/js/bootstrap.js (property not equals)
605207 [http-nio-8080-exec-2] DEBUG o.s.s.w.s.HttpSessionRequestCache - saved request doesn't match
605207 [http-nio-8080-exec-8] DEBUG o.s.s.w.u.m.AntPathRequestMatcher - Checking match of request : '/jquery/jquery-2.1.3.js'; against '/error/**'
605207 [http-nio-8080-exec-1] DEBUG o.s.s.w.s.HttpSessionRequestCache - saved request doesn't match
605207 [http-nio-8080-exec-8] DEBUG o.s.s.w.u.m.AntPathRequestMatcher - Checking match of request : '/jquery/jquery-2.1.3.js'; against '/img/**'
605207 [http-nio-8080-exec-1] DEBUG o.s.security.web.FilterChainProxy - /bootstrap/js/bootstrap.js at position 8 of 12 in additional filter chain; firing Filter: 'SecurityContextHolderAwareRequestFilter'
605207 [http-nio-8080-exec-2] DEBUG o.s.security.web.FilterChainProxy - /bootstrap/css/bootstrap.css at position 8 of 12 in additional filter chain; firing Filter: 'SecurityContextHolderAwareRequestFilter'
605207 [http-nio-8080-exec-1] DEBUG o.s.security.web.FilterChainProxy - /bootstrap/js/bootstrap.js at position 9 of 12 in additional filter chain; firing Filter: 'AnonymousAuthenticationFilter'
605207 [http-nio-8080-exec-8] DEBUG o.s.s.w.u.m.AntPathRequestMatcher - Checking match of request : '/jquery/jquery-2.1.3.js'; against '/jquery/**'
605207 [http-nio-8080-exec-2] DEBUG o.s.security.web.FilterChainProxy - /bootstrap/css/bootstrap.css at position 9 of 12 in additional filter chain; firing Filter: 'AnonymousAuthenticationFilter'
605207 [http-nio-8080-exec-2] DEBUG o.s.s.w.a.AnonymousAuthenticationFilter - Populated SecurityContextHolder with anonymous token: 'org.springframework.security.authentication.AnonymousAuthenticationToken@6fa90ed4: Principal: anonymousUser; Credentials: [PROTECTED]; Authenticated: true; Details: org.springframework.security.web.authentication.WebAuthenticationDetails@fffc7f0c: RemoteIpAddress: 127.0.0.1; SessionId: 3804353C2C2C151F407CA4B277564A11; Granted Authorities: ROLE_ANONYMOUS'
605207 [http-nio-8080-exec-1] DEBUG o.s.s.w.a.AnonymousAuthenticationFilter - Populated SecurityContextHolder with anonymous token: 'org.springframework.security.authentication.AnonymousAuthenticationToken@6fa90ed4: Principal: anonymousUser; Credentials: [PROTECTED]; Authenticated: true; Details: org.springframework.security.web.authentication.WebAuthenticationDetails@fffc7f0c: RemoteIpAddress: 127.0.0.1; SessionId: 3804353C2C2C151F407CA4B277564A11; Granted Authorities: ROLE_ANONYMOUS'
605207 [http-nio-8080-exec-8] DEBUG o.s.s.w.a.i.FilterSecurityInterceptor - Secure object: FilterInvocation: URL: /jquery/jquery-2.1.3.js; Attributes: [permitAll]
605207 [http-nio-8080-exec-2] DEBUG o.s.security.web.FilterChainProxy - /bootstrap/css/bootstrap.css at position 10 of 12 in additional filter chain; firing Filter: 'SessionManagementFilter'
605207 [http-nio-8080-exec-1] DEBUG o.s.security.web.FilterChainProxy - /bootstrap/js/bootstrap.js at position 10 of 12 in additional filter chain; firing Filter: 'SessionManagementFilter'
605207 [http-nio-8080-exec-8] DEBUG o.s.s.w.a.i.FilterSecurityInterceptor - Previously Authenticated: org.springframework.security.authentication.AnonymousAuthenticationToken@6fa90ed4: Principal: anonymousUser; Credentials: [PROTECTED]; Authenticated: true; Details: org.springframework.security.web.authentication.WebAuthenticationDetails@fffc7f0c: RemoteIpAddress: 127.0.0.1; SessionId: 3804353C2C2C151F407CA4B277564A11; Granted Authorities: ROLE_ANONYMOUS
605207 [http-nio-8080-exec-1] DEBUG o.s.security.web.FilterChainProxy - /bootstrap/js/bootstrap.js at position 11 of 12 in additional filter chain; firing Filter: 'ExceptionTranslationFilter'
605207 [http-nio-8080-exec-2] DEBUG o.s.security.web.FilterChainProxy - /bootstrap/css/bootstrap.css at position 11 of 12 in additional filter chain; firing Filter: 'ExceptionTranslationFilter'
605207 [http-nio-8080-exec-1] DEBUG o.s.security.web.FilterChainProxy - /bootstrap/js/bootstrap.js at position 12 of 12 in additional filter chain; firing Filter: 'FilterSecurityInterceptor'
605207 [http-nio-8080-exec-1] DEBUG o.s.s.w.u.m.AntPathRequestMatcher - Request 'GET /bootstrap/js/bootstrap.js' doesn't match 'POST /logout
605207 [http-nio-8080-exec-1] DEBUG o.s.s.w.u.m.AntPathRequestMatcher - Checking match of request : '/bootstrap/js/bootstrap.js'; against '/bootstrap/**'
605207 [http-nio-8080-exec-1] DEBUG o.s.s.w.a.i.FilterSecurityInterceptor - Secure object: FilterInvocation: URL: /bootstrap/js/bootstrap.js; Attributes: [permitAll]
605207 [http-nio-8080-exec-1] DEBUG o.s.s.w.a.i.FilterSecurityInterceptor - Previously Authenticated: org.springframework.security.authentication.AnonymousAuthenticationToken@6fa90ed4: Principal: anonymousUser; Credentials: [PROTECTED]; Authenticated: true; Details: org.springframework.security.web.authentication.WebAuthenticationDetails@fffc7f0c: RemoteIpAddress: 127.0.0.1; SessionId: 3804353C2C2C151F407CA4B277564A11; Granted Authorities: ROLE_ANONYMOUS
605207 [http-nio-8080-exec-8] DEBUG o.s.s.access.vote.AffirmativeBased - Voter: org.springframework.security.web.access.expression.WebExpressionVoter@2f6f76da, returned: 1
605207 [http-nio-8080-exec-8] DEBUG o.s.s.w.a.i.FilterSecurityInterceptor - Authorization successful
605207 [http-nio-8080-exec-8] DEBUG o.s.s.w.a.i.FilterSecurityInterceptor - RunAsManager did not change Authentication object
605207 [http-nio-8080-exec-8] DEBUG o.s.security.web.FilterChainProxy - /jquery/jquery-2.1.3.js reached end of additional filter chain; proceeding with original chain
605207 [http-nio-8080-exec-1] DEBUG o.s.s.access.vote.AffirmativeBased - Voter: org.springframework.security.web.access.expression.WebExpressionVoter@2f6f76da, returned: 1
605207 [http-nio-8080-exec-1] DEBUG o.s.s.w.a.i.FilterSecurityInterceptor - Authorization successful
605208 [http-nio-8080-exec-1] DEBUG o.s.s.w.a.i.FilterSecurityInterceptor - RunAsManager did not change Authentication object
605208 [http-nio-8080-exec-1] DEBUG o.s.security.web.FilterChainProxy - /bootstrap/js/bootstrap.js reached end of additional filter chain; proceeding with original chain
605207 [http-nio-8080-exec-2] DEBUG o.s.security.web.FilterChainProxy - /bootstrap/css/bootstrap.css at position 12 of 12 in additional filter chain; firing Filter: 'FilterSecurityInterceptor'
605208 [http-nio-8080-exec-2] DEBUG o.s.s.w.u.m.AntPathRequestMatcher - Request 'GET /bootstrap/css/bootstrap.css' doesn't match 'POST /logout
605208 [http-nio-8080-exec-2] DEBUG o.s.s.w.u.m.AntPathRequestMatcher - Checking match of request : '/bootstrap/css/bootstrap.css'; against '/bootstrap/**'
605208 [http-nio-8080-exec-2] DEBUG o.s.s.w.a.i.FilterSecurityInterceptor - Secure object: FilterInvocation: URL: /bootstrap/css/bootstrap.css; Attributes: [permitAll]
605208 [http-nio-8080-exec-2] DEBUG o.s.s.w.a.i.FilterSecurityInterceptor - Previously Authenticated: org.springframework.security.authentication.AnonymousAuthenticationToken@6fa90ed4: Principal: anonymousUser; Credentials: [PROTECTED]; Authenticated: true; Details: org.springframework.security.web.authentication.WebAuthenticationDetails@fffc7f0c: RemoteIpAddress: 127.0.0.1; SessionId: 3804353C2C2C151F407CA4B277564A11; Granted Authorities: ROLE_ANONYMOUS
605209 [http-nio-8080-exec-2] DEBUG o.s.s.access.vote.AffirmativeBased - Voter: org.springframework.security.web.access.expression.WebExpressionVoter@2f6f76da, returned: 1
605209 [http-nio-8080-exec-2] DEBUG o.s.s.w.a.i.FilterSecurityInterceptor - Authorization successful
605209 [http-nio-8080-exec-2] DEBUG o.s.s.w.a.i.FilterSecurityInterceptor - RunAsManager did not change Authentication object
605209 [http-nio-8080-exec-2] DEBUG o.s.security.web.FilterChainProxy - /bootstrap/css/bootstrap.css reached end of additional filter chain; proceeding with original chain
605209 [http-nio-8080-exec-8] DEBUG o.s.s.w.c.HttpSessionSecurityContextRepository - SecurityContext is empty or contents are anonymous - context will not be stored in HttpSession.
605209 [http-nio-8080-exec-1] DEBUG o.s.s.w.c.HttpSessionSecurityContextRepository - SecurityContext is empty or contents are anonymous - context will not be stored in HttpSession.
605210 [http-nio-8080-exec-1] DEBUG o.s.s.w.a.ExceptionTranslationFilter - Chain processed normally
605211 [http-nio-8080-exec-1] DEBUG o.s.s.w.c.SecurityContextPersistenceFilter - SecurityContextHolder now cleared, as request processing completed
605211 [http-nio-8080-exec-2] DEBUG o.s.s.w.c.HttpSessionSecurityContextRepository - SecurityContext is empty or contents are anonymous - context will not be stored in HttpSession.
605212 [http-nio-8080-exec-8] DEBUG o.s.s.w.a.ExceptionTranslationFilter - Chain processed normally
605212 [http-nio-8080-exec-8] DEBUG o.s.s.w.c.SecurityContextPersistenceFilter - SecurityContextHolder now cleared, as request processing completed
605212 [http-nio-8080-exec-2] DEBUG o.s.s.w.a.ExceptionTranslationFilter - Chain processed normally
605213 [http-nio-8080-exec-2] DEBUG o.s.s.w.c.SecurityContextPersistenceFilter - SecurityContextHolder now cleared, as request processing completed
609477 [http-nio-8080-exec-4] DEBUG o.s.s.w.u.matcher.OrRequestMatcher - Trying to match using Ant [pattern='/css/**']
609477 [http-nio-8080-exec-4] DEBUG o.s.s.w.u.m.AntPathRequestMatcher - Checking match of request : '/index'; against '/css/**'
609477 [http-nio-8080-exec-4] DEBUG o.s.s.w.u.matcher.OrRequestMatcher - Trying to match using Ant [pattern='/js/**']
609477 [http-nio-8080-exec-4] DEBUG o.s.s.w.u.m.AntPathRequestMatcher - Checking match of request : '/index'; against '/js/**'
609477 [http-nio-8080-exec-4] DEBUG o.s.s.w.u.matcher.OrRequestMatcher - Trying to match using Ant [pattern='/images/**']
609477 [http-nio-8080-exec-4] DEBUG o.s.s.w.u.m.AntPathRequestMatcher - Checking match of request : '/index'; against '/images/**'
609477 [http-nio-8080-exec-4] DEBUG o.s.s.w.u.matcher.OrRequestMatcher - Trying to match using Ant [pattern='/webjars/**']
609477 [http-nio-8080-exec-4] DEBUG o.s.s.w.u.m.AntPathRequestMatcher - Checking match of request : '/index'; against '/webjars/**'
609477 [http-nio-8080-exec-4] DEBUG o.s.s.w.u.matcher.OrRequestMatcher - Trying to match using Ant [pattern='/**/favicon.ico']
609477 [http-nio-8080-exec-4] DEBUG o.s.s.w.u.m.AntPathRequestMatcher - Checking match of request : '/index'; against '/**/favicon.ico'
609477 [http-nio-8080-exec-4] DEBUG o.s.s.w.u.matcher.OrRequestMatcher - Trying to match using Ant [pattern='/error']
609477 [http-nio-8080-exec-4] DEBUG o.s.s.w.u.m.AntPathRequestMatcher - Checking match of request : '/index'; against '/error'
609477 [http-nio-8080-exec-4] DEBUG o.s.s.w.u.matcher.OrRequestMatcher - No matches found
609477 [http-nio-8080-exec-4] DEBUG o.s.security.web.FilterChainProxy - /index at position 1 of 12 in additional filter chain; firing Filter: 'WebAsyncManagerIntegrationFilter'
609477 [http-nio-8080-exec-4] DEBUG o.s.security.web.FilterChainProxy - /index at position 2 of 12 in additional filter chain; firing Filter: 'SecurityContextPersistenceFilter'
609477 [http-nio-8080-exec-4] DEBUG o.s.s.w.c.HttpSessionSecurityContextRepository - HttpSession returned null object for SPRING_SECURITY_CONTEXT
609477 [http-nio-8080-exec-4] DEBUG o.s.s.w.c.HttpSessionSecurityContextRepository - No SecurityContext was available from the HttpSession: org.apache.catalina.session.StandardSessionFacade@6e527ce1. A new one will be created.
609477 [http-nio-8080-exec-4] DEBUG o.s.security.web.FilterChainProxy - /index at position 3 of 12 in additional filter chain; firing Filter: 'HeaderWriterFilter'
609478 [http-nio-8080-exec-4] DEBUG o.s.s.w.h.writers.HstsHeaderWriter - Not injecting HSTS header since it did not match the requestMatcher org.springframework.security.web.header.writers.HstsHeaderWriter$SecureRequestMatcher@6a6df5f3
609478 [http-nio-8080-exec-4] DEBUG o.s.security.web.FilterChainProxy - /index at position 4 of 12 in additional filter chain; firing Filter: 'CsrfFilter'
609478 [http-nio-8080-exec-4] DEBUG o.s.security.web.FilterChainProxy - /index at position 5 of 12 in additional filter chain; firing Filter: 'LogoutFilter'
609478 [http-nio-8080-exec-4] DEBUG o.s.s.w.u.m.AntPathRequestMatcher - Request 'GET /index' doesn't match 'POST /logout
609478 [http-nio-8080-exec-4] DEBUG o.s.security.web.FilterChainProxy - /index at position 6 of 12 in additional filter chain; firing Filter: 'UsernamePasswordAuthenticationFilter'
609478 [http-nio-8080-exec-4] DEBUG o.s.s.w.u.m.AntPathRequestMatcher - Request 'GET /index' doesn't match 'POST /login
609478 [http-nio-8080-exec-4] DEBUG o.s.security.web.FilterChainProxy - /index at position 7 of 12 in additional filter chain; firing Filter: 'RequestCacheAwareFilter'
609478 [http-nio-8080-exec-4] DEBUG o.s.s.w.s.DefaultSavedRequest - pathInfo: both null (property equals)
609478 [http-nio-8080-exec-4] DEBUG o.s.s.w.s.DefaultSavedRequest - queryString: both null (property equals)
609478 [http-nio-8080-exec-4] DEBUG o.s.s.w.s.DefaultSavedRequest - requestURI: arg1=/; arg2=/index (property not equals)
609480 [http-nio-8080-exec-4] DEBUG o.s.s.w.s.HttpSessionRequestCache - saved request doesn't match
609480 [http-nio-8080-exec-4] DEBUG o.s.security.web.FilterChainProxy - /index at position 8 of 12 in additional filter chain; firing Filter: 'SecurityContextHolderAwareRequestFilter'
609480 [http-nio-8080-exec-4] DEBUG o.s.security.web.FilterChainProxy - /index at position 9 of 12 in additional filter chain; firing Filter: 'AnonymousAuthenticationFilter'
609480 [http-nio-8080-exec-4] DEBUG o.s.s.w.a.AnonymousAuthenticationFilter - Populated SecurityContextHolder with anonymous token: 'org.springframework.security.authentication.AnonymousAuthenticationToken@6fa90ed4: Principal: anonymousUser; Credentials: [PROTECTED]; Authenticated: true; Details: org.springframework.security.web.authentication.WebAuthenticationDetails@fffc7f0c: RemoteIpAddress: 127.0.0.1; SessionId: 3804353C2C2C151F407CA4B277564A11; Granted Authorities: ROLE_ANONYMOUS'
609480 [http-nio-8080-exec-4] DEBUG o.s.security.web.FilterChainProxy - /index at position 10 of 12 in additional filter chain; firing Filter: 'SessionManagementFilter'
609480 [http-nio-8080-exec-4] DEBUG o.s.security.web.FilterChainProxy - /index at position 11 of 12 in additional filter chain; firing Filter: 'ExceptionTranslationFilter'
609480 [http-nio-8080-exec-4] DEBUG o.s.security.web.FilterChainProxy - /index at position 12 of 12 in additional filter chain; firing Filter: 'FilterSecurityInterceptor'
609480 [http-nio-8080-exec-4] DEBUG o.s.s.w.u.m.AntPathRequestMatcher - Request 'GET /index' doesn't match 'POST /logout
609480 [http-nio-8080-exec-4] DEBUG o.s.s.w.u.m.AntPathRequestMatcher - Checking match of request : '/index'; against '/bootstrap/**'
609480 [http-nio-8080-exec-4] DEBUG o.s.s.w.u.m.AntPathRequestMatcher - Checking match of request : '/index'; against '/error/**'
609480 [http-nio-8080-exec-4] DEBUG o.s.s.w.u.m.AntPathRequestMatcher - Checking match of request : '/index'; against '/img/**'
609480 [http-nio-8080-exec-4] DEBUG o.s.s.w.u.m.AntPathRequestMatcher - Checking match of request : '/index'; against '/jquery/**'
609480 [http-nio-8080-exec-4] DEBUG o.s.s.w.u.m.AntPathRequestMatcher - Checking match of request : '/index'; against '/index.html'
609480 [http-nio-8080-exec-4] DEBUG o.s.s.w.u.m.AntPathRequestMatcher - Checking match of request : '/index'; against '/temp'
609480 [http-nio-8080-exec-4] DEBUG o.s.s.w.u.m.AntPathRequestMatcher - Checking match of request : '/index'; against '/temp.ftl'
609480 [http-nio-8080-exec-4] DEBUG o.s.s.w.a.i.FilterSecurityInterceptor - Secure object: FilterInvocation: URL: /index; Attributes: [authenticated]
609480 [http-nio-8080-exec-4] DEBUG o.s.s.w.a.i.FilterSecurityInterceptor - Previously Authenticated: org.springframework.security.authentication.AnonymousAuthenticationToken@6fa90ed4: Principal: anonymousUser; Credentials: [PROTECTED]; Authenticated: true; Details: org.springframework.security.web.authentication.WebAuthenticationDetails@fffc7f0c: RemoteIpAddress: 127.0.0.1; SessionId: 3804353C2C2C151F407CA4B277564A11; Granted Authorities: ROLE_ANONYMOUS
609480 [http-nio-8080-exec-4] DEBUG o.s.s.access.vote.AffirmativeBased - Voter: org.springframework.security.web.access.expression.WebExpressionVoter@2f6f76da, returned: -1
609481 [http-nio-8080-exec-4] DEBUG o.s.s.w.a.ExceptionTranslationFilter - Access is denied (user is anonymous); redirecting to authentication entry point
org.springframework.security.access.AccessDeniedException: Access is denied
	at org.springframework.security.access.vote.AffirmativeBased.decide(AffirmativeBased.java:84)
	at org.springframework.security.access.intercept.AbstractSecurityInterceptor.beforeInvocation(AbstractSecurityInterceptor.java:233)
	at org.springframework.security.web.access.intercept.FilterSecurityInterceptor.invoke(FilterSecurityInterceptor.java:124)
	at org.springframework.security.web.access.intercept.FilterSecurityInterceptor.doFilter(FilterSecurityInterceptor.java:91)
	at org.springframework.security.web.FilterChainProxy$VirtualFilterChain.doFilter(FilterChainProxy.java:331)
	at org.springframework.security.web.access.ExceptionTranslationFilter.doFilter(ExceptionTranslationFilter.java:114)
	at org.springframework.security.web.FilterChainProxy$VirtualFilterChain.doFilter(FilterChainProxy.java:331)
	at org.springframework.security.web.session.SessionManagementFilter.doFilter(SessionManagementFilter.java:137)
	at org.springframework.security.web.FilterChainProxy$VirtualFilterChain.doFilter(FilterChainProxy.java:331)
	at org.springframework.security.web.authentication.AnonymousAuthenticationFilter.doFilter(AnonymousAuthenticationFilter.java:111)
	at org.springframework.security.web.FilterChainProxy$VirtualFilterChain.doFilter(FilterChainProxy.java:331)
	at org.springframework.security.web.servletapi.SecurityContextHolderAwareRequestFilter.doFilter(SecurityContextHolderAwareRequestFilter.java:170)
	at org.springframework.security.web.FilterChainProxy$VirtualFilterChain.doFilter(FilterChainProxy.java:331)
	at org.springframework.security.web.savedrequest.RequestCacheAwareFilter.doFilter(RequestCacheAwareFilter.java:63)
	at org.springframework.security.web.FilterChainProxy$VirtualFilterChain.doFilter(FilterChainProxy.java:331)
	at org.springframework.security.web.authentication.AbstractAuthenticationProcessingFilter.doFilter(AbstractAuthenticationProcessingFilter.java:200)
	at org.springframework.security.web.FilterChainProxy$VirtualFilterChain.doFilter(FilterChainProxy.java:331)
	at org.springframework.security.web.authentication.logout.LogoutFilter.doFilter(LogoutFilter.java:116)
	at org.springframework.security.web.FilterChainProxy$VirtualFilterChain.doFilter(FilterChainProxy.java:331)
	at org.springframework.security.web.csrf.CsrfFilter.doFilterInternal(CsrfFilter.java:100)
	at org.springframework.web.filter.OncePerRequestFilter.doFilter(OncePerRequestFilter.java:107)
	at org.springframework.security.web.FilterChainProxy$VirtualFilterChain.doFilter(FilterChainProxy.java:331)
	at org.springframework.security.web.header.HeaderWriterFilter.doFilterInternal(HeaderWriterFilter.java:64)
	at org.springframework.web.filter.OncePerRequestFilter.doFilter(OncePerRequestFilter.java:107)
	at org.springframework.security.web.FilterChainProxy$VirtualFilterChain.doFilter(FilterChainProxy.java:331)
	at org.springframework.security.web.context.SecurityContextPersistenceFilter.doFilter(SecurityContextPersistenceFilter.java:105)
	at org.springframework.security.web.FilterChainProxy$VirtualFilterChain.doFilter(FilterChainProxy.java:331)
	at org.springframework.security.web.context.request.async.WebAsyncManagerIntegrationFilter.doFilterInternal(WebAsyncManagerIntegrationFilter.java:56)
	at org.springframework.web.filter.OncePerRequestFilter.doFilter(OncePerRequestFilter.java:107)
	at org.springframework.security.web.FilterChainProxy$VirtualFilterChain.doFilter(FilterChainProxy.java:331)
	at org.springframework.security.web.FilterChainProxy.doFilterInternal(FilterChainProxy.java:214)
	at org.springframework.security.web.FilterChainProxy.doFilter(FilterChainProxy.java:177)
	at org.springframework.web.filter.DelegatingFilterProxy.invokeDelegate(DelegatingFilterProxy.java:347)
	at org.springframework.web.filter.DelegatingFilterProxy.doFilter(DelegatingFilterProxy.java:263)
	at org.apache.catalina.core.ApplicationFilterChain.internalDoFilter(ApplicationFilterChain.java:193)
	at org.apache.catalina.core.ApplicationFilterChain.doFilter(ApplicationFilterChain.java:166)
	at org.springframework.web.filter.RequestContextFilter.doFilterInternal(RequestContextFilter.java:99)
	at org.springframework.web.filter.OncePerRequestFilter.doFilter(OncePerRequestFilter.java:107)
	at org.apache.catalina.core.ApplicationFilterChain.internalDoFilter(ApplicationFilterChain.java:193)
	at org.apache.catalina.core.ApplicationFilterChain.doFilter(ApplicationFilterChain.java:166)
	at org.springframework.web.filter.HttpPutFormContentFilter.doFilterInternal(HttpPutFormContentFilter.java:108)
	at org.springframework.web.filter.OncePerRequestFilter.doFilter(OncePerRequestFilter.java:107)
	at org.apache.catalina.core.ApplicationFilterChain.internalDoFilter(ApplicationFilterChain.java:193)
	at org.apache.catalina.core.ApplicationFilterChain.doFilter(ApplicationFilterChain.java:166)
	at org.springframework.web.filter.HiddenHttpMethodFilter.doFilterInternal(HiddenHttpMethodFilter.java:81)
	at org.springframework.web.filter.OncePerRequestFilter.doFilter(OncePerRequestFilter.java:107)
	at org.apache.catalina.core.ApplicationFilterChain.internalDoFilter(ApplicationFilterChain.java:193)
	at org.apache.catalina.core.ApplicationFilterChain.doFilter(ApplicationFilterChain.java:166)
	at org.springframework.web.filter.CharacterEncodingFilter.doFilterInternal(CharacterEncodingFilter.java:197)
	at org.springframework.web.filter.OncePerRequestFilter.doFilter(OncePerRequestFilter.java:107)
	at org.apache.catalina.core.ApplicationFilterChain.internalDoFilter(ApplicationFilterChain.java:193)
	at org.apache.catalina.core.ApplicationFilterChain.doFilter(ApplicationFilterChain.java:166)
	at org.apache.catalina.core.StandardWrapperValve.invoke(StandardWrapperValve.java:199)
	at org.apache.catalina.core.StandardContextValve.invoke(StandardContextValve.java:96)
	at org.apache.catalina.authenticator.AuthenticatorBase.invoke(AuthenticatorBase.java:478)
	at org.apache.catalina.core.StandardHostValve.invoke(StandardHostValve.java:140)
	at org.apache.catalina.valves.ErrorReportValve.invoke(ErrorReportValve.java:81)
	at org.apache.catalina.core.StandardEngineValve.invoke(StandardEngineValve.java:87)
	at org.apache.catalina.connector.CoyoteAdapter.service(CoyoteAdapter.java:342)
	at org.apache.coyote.http11.Http11Processor.service(Http11Processor.java:803)
	at org.apache.coyote.AbstractProcessorLight.process(AbstractProcessorLight.java:66)
	at org.apache.coyote.AbstractProtocol$ConnectionHandler.process(AbstractProtocol.java:868)
	at org.apache.tomcat.util.net.NioEndpoint$SocketProcessor.doRun(NioEndpoint.java:1459)
	at org.apache.tomcat.util.net.SocketProcessorBase.run(SocketProcessorBase.java:49)
	at java.util.concurrent.ThreadPoolExecutor.runWorker(ThreadPoolExecutor.java:1149)
	at java.util.concurrent.ThreadPoolExecutor$Worker.run(ThreadPoolExecutor.java:624)
	at org.apache.tomcat.util.threads.TaskThread$WrappingRunnable.run(TaskThread.java:61)
	at java.lang.Thread.run(Thread.java:748)
609482 [http-nio-8080-exec-4] DEBUG o.s.s.w.u.matcher.AndRequestMatcher - Trying to match using Ant [pattern='/**', GET]
609482 [http-nio-8080-exec-4] DEBUG o.s.s.w.u.m.AntPathRequestMatcher - Request '/index' matched by universal pattern '/**'
609482 [http-nio-8080-exec-4] DEBUG o.s.s.w.u.matcher.AndRequestMatcher - Trying to match using NegatedRequestMatcher [requestMatcher=Ant [pattern='/**/favicon.ico']]
609482 [http-nio-8080-exec-4] DEBUG o.s.s.w.u.m.AntPathRequestMatcher - Checking match of request : '/index'; against '/**/favicon.ico'
609482 [http-nio-8080-exec-4] DEBUG o.s.s.w.u.m.NegatedRequestMatcher - matches = true
609482 [http-nio-8080-exec-4] DEBUG o.s.s.w.u.matcher.AndRequestMatcher - Trying to match using NegatedRequestMatcher [requestMatcher=MediaTypeRequestMatcher [contentNegotiationStrategy=org.springframework.web.accept.ContentNegotiationManager@23f067ec, matchingMediaTypes=[application/json], useEquals=false, ignoredMediaTypes=[*/*]]]
609482 [http-nio-8080-exec-4] DEBUG o.s.s.w.u.m.MediaTypeRequestMatcher - httpRequestMediaTypes=[text/html, application/xhtml+xml, image/webp, image/apng, application/xml;q=0.9, */*;q=0.8]
609482 [http-nio-8080-exec-4] DEBUG o.s.s.w.u.m.MediaTypeRequestMatcher - Processing text/html
609482 [http-nio-8080-exec-4] DEBUG o.s.s.w.u.m.MediaTypeRequestMatcher - application/json .isCompatibleWith text/html = false
609482 [http-nio-8080-exec-4] DEBUG o.s.s.w.u.m.MediaTypeRequestMatcher - Processing application/xhtml+xml
609482 [http-nio-8080-exec-4] DEBUG o.s.s.w.u.m.MediaTypeRequestMatcher - application/json .isCompatibleWith application/xhtml+xml = false
609482 [http-nio-8080-exec-4] DEBUG o.s.s.w.u.m.MediaTypeRequestMatcher - Processing image/webp
609482 [http-nio-8080-exec-4] DEBUG o.s.s.w.u.m.MediaTypeRequestMatcher - application/json .isCompatibleWith image/webp = false
609482 [http-nio-8080-exec-4] DEBUG o.s.s.w.u.m.MediaTypeRequestMatcher - Processing image/apng
609482 [http-nio-8080-exec-4] DEBUG o.s.s.w.u.m.MediaTypeRequestMatcher - application/json .isCompatibleWith image/apng = false
609482 [http-nio-8080-exec-4] DEBUG o.s.s.w.u.m.MediaTypeRequestMatcher - Processing application/xml;q=0.9
609482 [http-nio-8080-exec-4] DEBUG o.s.s.w.u.m.MediaTypeRequestMatcher - application/json .isCompatibleWith application/xml;q=0.9 = false
609482 [http-nio-8080-exec-4] DEBUG o.s.s.w.u.m.MediaTypeRequestMatcher - Processing */*;q=0.8
609482 [http-nio-8080-exec-4] DEBUG o.s.s.w.u.m.MediaTypeRequestMatcher - Ignoring
609482 [http-nio-8080-exec-4] DEBUG o.s.s.w.u.m.MediaTypeRequestMatcher - Did not match any media types
609482 [http-nio-8080-exec-4] DEBUG o.s.s.w.u.m.NegatedRequestMatcher - matches = true
609482 [http-nio-8080-exec-4] DEBUG o.s.s.w.u.matcher.AndRequestMatcher - Trying to match using NegatedRequestMatcher [requestMatcher=RequestHeaderRequestMatcher [expectedHeaderName=X-Requested-With, expectedHeaderValue=XMLHttpRequest]]
609482 [http-nio-8080-exec-4] DEBUG o.s.s.w.u.m.NegatedRequestMatcher - matches = true
609482 [http-nio-8080-exec-4] DEBUG o.s.s.w.u.matcher.AndRequestMatcher - All requestMatchers returned true
609482 [http-nio-8080-exec-4] DEBUG o.s.s.w.s.HttpSessionRequestCache - DefaultSavedRequest added to Session: DefaultSavedRequest[http://localhost:8080/index]
609482 [http-nio-8080-exec-4] DEBUG o.s.s.w.a.ExceptionTranslationFilter - Calling Authentication entry point.
609482 [http-nio-8080-exec-4] DEBUG o.s.s.web.DefaultRedirectStrategy - Redirecting to 'http://localhost:8080/login'
609482 [http-nio-8080-exec-4] DEBUG o.s.s.w.c.HttpSessionSecurityContextRepository - SecurityContext is empty or contents are anonymous - context will not be stored in HttpSession.
609482 [http-nio-8080-exec-4] DEBUG o.s.s.w.c.SecurityContextPersistenceFilter - SecurityContextHolder now cleared, as request processing completed
609485 [http-nio-8080-exec-6] DEBUG o.s.s.w.u.matcher.OrRequestMatcher - Trying to match using Ant [pattern='/css/**']
609485 [http-nio-8080-exec-6] DEBUG o.s.s.w.u.m.AntPathRequestMatcher - Checking match of request : '/login'; against '/css/**'
609485 [http-nio-8080-exec-6] DEBUG o.s.s.w.u.matcher.OrRequestMatcher - Trying to match using Ant [pattern='/js/**']
609485 [http-nio-8080-exec-6] DEBUG o.s.s.w.u.m.AntPathRequestMatcher - Checking match of request : '/login'; against '/js/**'
609485 [http-nio-8080-exec-6] DEBUG o.s.s.w.u.matcher.OrRequestMatcher - Trying to match using Ant [pattern='/images/**']
609485 [http-nio-8080-exec-6] DEBUG o.s.s.w.u.m.AntPathRequestMatcher - Checking match of request : '/login'; against '/images/**'
609485 [http-nio-8080-exec-6] DEBUG o.s.s.w.u.matcher.OrRequestMatcher - Trying to match using Ant [pattern='/webjars/**']
609485 [http-nio-8080-exec-6] DEBUG o.s.s.w.u.m.AntPathRequestMatcher - Checking match of request : '/login'; against '/webjars/**'
609485 [http-nio-8080-exec-6] DEBUG o.s.s.w.u.matcher.OrRequestMatcher - Trying to match using Ant [pattern='/**/favicon.ico']
609485 [http-nio-8080-exec-6] DEBUG o.s.s.w.u.m.AntPathRequestMatcher - Checking match of request : '/login'; against '/**/favicon.ico'
609485 [http-nio-8080-exec-6] DEBUG o.s.s.w.u.matcher.OrRequestMatcher - Trying to match using Ant [pattern='/error']
609485 [http-nio-8080-exec-6] DEBUG o.s.s.w.u.m.AntPathRequestMatcher - Checking match of request : '/login'; against '/error'
609485 [http-nio-8080-exec-6] DEBUG o.s.s.w.u.matcher.OrRequestMatcher - No matches found
609485 [http-nio-8080-exec-6] DEBUG o.s.security.web.FilterChainProxy - /login at position 1 of 12 in additional filter chain; firing Filter: 'WebAsyncManagerIntegrationFilter'
609485 [http-nio-8080-exec-6] DEBUG o.s.security.web.FilterChainProxy - /login at position 2 of 12 in additional filter chain; firing Filter: 'SecurityContextPersistenceFilter'
609485 [http-nio-8080-exec-6] DEBUG o.s.s.w.c.HttpSessionSecurityContextRepository - HttpSession returned null object for SPRING_SECURITY_CONTEXT
609485 [http-nio-8080-exec-6] DEBUG o.s.s.w.c.HttpSessionSecurityContextRepository - No SecurityContext was available from the HttpSession: org.apache.catalina.session.StandardSessionFacade@6e527ce1. A new one will be created.
609485 [http-nio-8080-exec-6] DEBUG o.s.security.web.FilterChainProxy - /login at position 3 of 12 in additional filter chain; firing Filter: 'HeaderWriterFilter'
609485 [http-nio-8080-exec-6] DEBUG o.s.s.w.h.writers.HstsHeaderWriter - Not injecting HSTS header since it did not match the requestMatcher org.springframework.security.web.header.writers.HstsHeaderWriter$SecureRequestMatcher@6a6df5f3
609485 [http-nio-8080-exec-6] DEBUG o.s.security.web.FilterChainProxy - /login at position 4 of 12 in additional filter chain; firing Filter: 'CsrfFilter'
609485 [http-nio-8080-exec-6] DEBUG o.s.security.web.FilterChainProxy - /login at position 5 of 12 in additional filter chain; firing Filter: 'LogoutFilter'
609485 [http-nio-8080-exec-6] DEBUG o.s.s.w.u.m.AntPathRequestMatcher - Request 'GET /login' doesn't match 'POST /logout
609485 [http-nio-8080-exec-6] DEBUG o.s.security.web.FilterChainProxy - /login at position 6 of 12 in additional filter chain; firing Filter: 'UsernamePasswordAuthenticationFilter'
609485 [http-nio-8080-exec-6] DEBUG o.s.s.w.u.m.AntPathRequestMatcher - Request 'GET /login' doesn't match 'POST /login
609485 [http-nio-8080-exec-6] DEBUG o.s.security.web.FilterChainProxy - /login at position 7 of 12 in additional filter chain; firing Filter: 'RequestCacheAwareFilter'
609485 [http-nio-8080-exec-6] DEBUG o.s.s.w.s.DefaultSavedRequest - pathInfo: both null (property equals)
609485 [http-nio-8080-exec-6] DEBUG o.s.s.w.s.DefaultSavedRequest - queryString: both null (property equals)
609485 [http-nio-8080-exec-6] DEBUG o.s.s.w.s.DefaultSavedRequest - requestURI: arg1=/index; arg2=/login (property not equals)
609486 [http-nio-8080-exec-6] DEBUG o.s.s.w.s.HttpSessionRequestCache - saved request doesn't match
609486 [http-nio-8080-exec-6] DEBUG o.s.security.web.FilterChainProxy - /login at position 8 of 12 in additional filter chain; firing Filter: 'SecurityContextHolderAwareRequestFilter'
609486 [http-nio-8080-exec-6] DEBUG o.s.security.web.FilterChainProxy - /login at position 9 of 12 in additional filter chain; firing Filter: 'AnonymousAuthenticationFilter'
609486 [http-nio-8080-exec-6] DEBUG o.s.s.w.a.AnonymousAuthenticationFilter - Populated SecurityContextHolder with anonymous token: 'org.springframework.security.authentication.AnonymousAuthenticationToken@6fa90ed4: Principal: anonymousUser; Credentials: [PROTECTED]; Authenticated: true; Details: org.springframework.security.web.authentication.WebAuthenticationDetails@fffc7f0c: RemoteIpAddress: 127.0.0.1; SessionId: 3804353C2C2C151F407CA4B277564A11; Granted Authorities: ROLE_ANONYMOUS'
609486 [http-nio-8080-exec-6] DEBUG o.s.security.web.FilterChainProxy - /login at position 10 of 12 in additional filter chain; firing Filter: 'SessionManagementFilter'
609486 [http-nio-8080-exec-6] DEBUG o.s.security.web.FilterChainProxy - /login at position 11 of 12 in additional filter chain; firing Filter: 'ExceptionTranslationFilter'
609486 [http-nio-8080-exec-6] DEBUG o.s.security.web.FilterChainProxy - /login at position 12 of 12 in additional filter chain; firing Filter: 'FilterSecurityInterceptor'
609486 [http-nio-8080-exec-6] DEBUG o.s.s.w.a.i.FilterSecurityInterceptor - Secure object: FilterInvocation: URL: /login; Attributes: [permitAll]
609486 [http-nio-8080-exec-6] DEBUG o.s.s.w.a.i.FilterSecurityInterceptor - Previously Authenticated: org.springframework.security.authentication.AnonymousAuthenticationToken@6fa90ed4: Principal: anonymousUser; Credentials: [PROTECTED]; Authenticated: true; Details: org.springframework.security.web.authentication.WebAuthenticationDetails@fffc7f0c: RemoteIpAddress: 127.0.0.1; SessionId: 3804353C2C2C151F407CA4B277564A11; Granted Authorities: ROLE_ANONYMOUS
609486 [http-nio-8080-exec-6] DEBUG o.s.s.access.vote.AffirmativeBased - Voter: org.springframework.security.web.access.expression.WebExpressionVoter@2f6f76da, returned: 1
609486 [http-nio-8080-exec-6] DEBUG o.s.s.w.a.i.FilterSecurityInterceptor - Authorization successful
609486 [http-nio-8080-exec-6] DEBUG o.s.s.w.a.i.FilterSecurityInterceptor - RunAsManager did not change Authentication object
609486 [http-nio-8080-exec-6] DEBUG o.s.security.web.FilterChainProxy - /login reached end of additional filter chain; proceeding with original chain
609487 [http-nio-8080-exec-6] DEBUG o.s.s.w.c.HttpSessionSecurityContextRepository - SecurityContext is empty or contents are anonymous - context will not be stored in HttpSession.
609487 [http-nio-8080-exec-6] DEBUG o.s.s.w.a.ExceptionTranslationFilter - Chain processed normally
609487 [http-nio-8080-exec-6] DEBUG o.s.s.w.c.SecurityContextPersistenceFilter - SecurityContextHolder now cleared, as request processing completed
609494 [http-nio-8080-exec-10] DEBUG o.s.s.w.u.matcher.OrRequestMatcher - Trying to match using Ant [pattern='/css/**']
609494 [http-nio-8080-exec-9] DEBUG o.s.s.w.u.matcher.OrRequestMatcher - Trying to match using Ant [pattern='/css/**']
609494 [http-nio-8080-exec-10] DEBUG o.s.s.w.u.m.AntPathRequestMatcher - Checking match of request : '/bootstrap/css/bootstrap.css'; against '/css/**'
609494 [http-nio-8080-exec-9] DEBUG o.s.s.w.u.m.AntPathRequestMatcher - Checking match of request : '/jquery/jquery-2.1.3.js'; against '/css/**'
609494 [http-nio-8080-exec-10] DEBUG o.s.s.w.u.matcher.OrRequestMatcher - Trying to match using Ant [pattern='/js/**']
609494 [http-nio-8080-exec-9] DEBUG o.s.s.w.u.matcher.OrRequestMatcher - Trying to match using Ant [pattern='/js/**']
609494 [http-nio-8080-exec-7] DEBUG o.s.s.w.u.matcher.OrRequestMatcher - Trying to match using Ant [pattern='/css/**']
609494 [http-nio-8080-exec-10] DEBUG o.s.s.w.u.m.AntPathRequestMatcher - Checking match of request : '/bootstrap/css/bootstrap.css'; against '/js/**'
609494 [http-nio-8080-exec-7] DEBUG o.s.s.w.u.m.AntPathRequestMatcher - Checking match of request : '/bootstrap/js/bootstrap.js'; against '/css/**'
609494 [http-nio-8080-exec-10] DEBUG o.s.s.w.u.matcher.OrRequestMatcher - Trying to match using Ant [pattern='/images/**']
609494 [http-nio-8080-exec-7] DEBUG o.s.s.w.u.matcher.OrRequestMatcher - Trying to match using Ant [pattern='/js/**']
609494 [http-nio-8080-exec-9] DEBUG o.s.s.w.u.m.AntPathRequestMatcher - Checking match of request : '/jquery/jquery-2.1.3.js'; against '/js/**'
609494 [http-nio-8080-exec-10] DEBUG o.s.s.w.u.m.AntPathRequestMatcher - Checking match of request : '/bootstrap/css/bootstrap.css'; against '/images/**'
609495 [http-nio-8080-exec-10] DEBUG o.s.s.w.u.matcher.OrRequestMatcher - Trying to match using Ant [pattern='/webjars/**']
609494 [http-nio-8080-exec-7] DEBUG o.s.s.w.u.m.AntPathRequestMatcher - Checking match of request : '/bootstrap/js/bootstrap.js'; against '/js/**'
609494 [http-nio-8080-exec-9] DEBUG o.s.s.w.u.matcher.OrRequestMatcher - Trying to match using Ant [pattern='/images/**']
609495 [http-nio-8080-exec-9] DEBUG o.s.s.w.u.m.AntPathRequestMatcher - Checking match of request : '/jquery/jquery-2.1.3.js'; against '/images/**'
609495 [http-nio-8080-exec-10] DEBUG o.s.s.w.u.m.AntPathRequestMatcher - Checking match of request : '/bootstrap/css/bootstrap.css'; against '/webjars/**'
609495 [http-nio-8080-exec-9] DEBUG o.s.s.w.u.matcher.OrRequestMatcher - Trying to match using Ant [pattern='/webjars/**']
609495 [http-nio-8080-exec-10] DEBUG o.s.s.w.u.matcher.OrRequestMatcher - Trying to match using Ant [pattern='/**/favicon.ico']
609495 [http-nio-8080-exec-7] DEBUG o.s.s.w.u.matcher.OrRequestMatcher - Trying to match using Ant [pattern='/images/**']
609495 [http-nio-8080-exec-7] DEBUG o.s.s.w.u.m.AntPathRequestMatcher - Checking match of request : '/bootstrap/js/bootstrap.js'; against '/images/**'
609495 [http-nio-8080-exec-7] DEBUG o.s.s.w.u.matcher.OrRequestMatcher - Trying to match using Ant [pattern='/webjars/**']
609495 [http-nio-8080-exec-7] DEBUG o.s.s.w.u.m.AntPathRequestMatcher - Checking match of request : '/bootstrap/js/bootstrap.js'; against '/webjars/**'
609495 [http-nio-8080-exec-9] DEBUG o.s.s.w.u.m.AntPathRequestMatcher - Checking match of request : '/jquery/jquery-2.1.3.js'; against '/webjars/**'
609495 [http-nio-8080-exec-10] DEBUG o.s.s.w.u.m.AntPathRequestMatcher - Checking match of request : '/bootstrap/css/bootstrap.css'; against '/**/favicon.ico'
609495 [http-nio-8080-exec-7] DEBUG o.s.s.w.u.matcher.OrRequestMatcher - Trying to match using Ant [pattern='/**/favicon.ico']
609495 [http-nio-8080-exec-7] DEBUG o.s.s.w.u.m.AntPathRequestMatcher - Checking match of request : '/bootstrap/js/bootstrap.js'; against '/**/favicon.ico'
609495 [http-nio-8080-exec-9] DEBUG o.s.s.w.u.matcher.OrRequestMatcher - Trying to match using Ant [pattern='/**/favicon.ico']
609495 [http-nio-8080-exec-10] DEBUG o.s.s.w.u.matcher.OrRequestMatcher - Trying to match using Ant [pattern='/error']
609495 [http-nio-8080-exec-7] DEBUG o.s.s.w.u.matcher.OrRequestMatcher - Trying to match using Ant [pattern='/error']
609499 [http-nio-8080-exec-9] DEBUG o.s.s.w.u.m.AntPathRequestMatcher - Checking match of request : '/jquery/jquery-2.1.3.js'; against '/**/favicon.ico'
609499 [http-nio-8080-exec-10] DEBUG o.s.s.w.u.m.AntPathRequestMatcher - Checking match of request : '/bootstrap/css/bootstrap.css'; against '/error'
609499 [http-nio-8080-exec-9] DEBUG o.s.s.w.u.matcher.OrRequestMatcher - Trying to match using Ant [pattern='/error']
609499 [http-nio-8080-exec-9] DEBUG o.s.s.w.u.m.AntPathRequestMatcher - Checking match of request : '/jquery/jquery-2.1.3.js'; against '/error'
609499 [http-nio-8080-exec-9] DEBUG o.s.s.w.u.matcher.OrRequestMatcher - No matches found
609499 [http-nio-8080-exec-7] DEBUG o.s.s.w.u.m.AntPathRequestMatcher - Checking match of request : '/bootstrap/js/bootstrap.js'; against '/error'
609499 [http-nio-8080-exec-7] DEBUG o.s.s.w.u.matcher.OrRequestMatcher - No matches found
609499 [http-nio-8080-exec-10] DEBUG o.s.s.w.u.matcher.OrRequestMatcher - No matches found
609499 [http-nio-8080-exec-7] DEBUG o.s.security.web.FilterChainProxy - /bootstrap/js/bootstrap.js at position 1 of 12 in additional filter chain; firing Filter: 'WebAsyncManagerIntegrationFilter'
609499 [http-nio-8080-exec-9] DEBUG o.s.security.web.FilterChainProxy - /jquery/jquery-2.1.3.js at position 1 of 12 in additional filter chain; firing Filter: 'WebAsyncManagerIntegrationFilter'
609499 [http-nio-8080-exec-9] DEBUG o.s.security.web.FilterChainProxy - /jquery/jquery-2.1.3.js at position 2 of 12 in additional filter chain; firing Filter: 'SecurityContextPersistenceFilter'
609499 [http-nio-8080-exec-10] DEBUG o.s.security.web.FilterChainProxy - /bootstrap/css/bootstrap.css at position 1 of 12 in additional filter chain; firing Filter: 'WebAsyncManagerIntegrationFilter'
609499 [http-nio-8080-exec-9] DEBUG o.s.s.w.c.HttpSessionSecurityContextRepository - HttpSession returned null object for SPRING_SECURITY_CONTEXT
609499 [http-nio-8080-exec-10] DEBUG o.s.security.web.FilterChainProxy - /bootstrap/css/bootstrap.css at position 2 of 12 in additional filter chain; firing Filter: 'SecurityContextPersistenceFilter'
609499 [http-nio-8080-exec-9] DEBUG o.s.s.w.c.HttpSessionSecurityContextRepository - No SecurityContext was available from the HttpSession: org.apache.catalina.session.StandardSessionFacade@6e527ce1. A new one will be created.
609499 [http-nio-8080-exec-10] DEBUG o.s.s.w.c.HttpSessionSecurityContextRepository - HttpSession returned null object for SPRING_SECURITY_CONTEXT
609499 [http-nio-8080-exec-9] DEBUG o.s.security.web.FilterChainProxy - /jquery/jquery-2.1.3.js at position 3 of 12 in additional filter chain; firing Filter: 'HeaderWriterFilter'
609499 [http-nio-8080-exec-7] DEBUG o.s.security.web.FilterChainProxy - /bootstrap/js/bootstrap.js at position 2 of 12 in additional filter chain; firing Filter: 'SecurityContextPersistenceFilter'
609499 [http-nio-8080-exec-10] DEBUG o.s.s.w.c.HttpSessionSecurityContextRepository - No SecurityContext was available from the HttpSession: org.apache.catalina.session.StandardSessionFacade@6e527ce1. A new one will be created.
609499 [http-nio-8080-exec-7] DEBUG o.s.s.w.c.HttpSessionSecurityContextRepository - HttpSession returned null object for SPRING_SECURITY_CONTEXT
609499 [http-nio-8080-exec-7] DEBUG o.s.s.w.c.HttpSessionSecurityContextRepository - No SecurityContext was available from the HttpSession: org.apache.catalina.session.StandardSessionFacade@6e527ce1. A new one will be created.
609499 [http-nio-8080-exec-9] DEBUG o.s.s.w.h.writers.HstsHeaderWriter - Not injecting HSTS header since it did not match the requestMatcher org.springframework.security.web.header.writers.HstsHeaderWriter$SecureRequestMatcher@6a6df5f3
609499 [http-nio-8080-exec-10] DEBUG o.s.security.web.FilterChainProxy - /bootstrap/css/bootstrap.css at position 3 of 12 in additional filter chain; firing Filter: 'HeaderWriterFilter'
609499 [http-nio-8080-exec-7] DEBUG o.s.security.web.FilterChainProxy - /bootstrap/js/bootstrap.js at position 3 of 12 in additional filter chain; firing Filter: 'HeaderWriterFilter'
609508 [http-nio-8080-exec-9] DEBUG o.s.security.web.FilterChainProxy - /jquery/jquery-2.1.3.js at position 4 of 12 in additional filter chain; firing Filter: 'CsrfFilter'
609508 [http-nio-8080-exec-10] DEBUG o.s.s.w.h.writers.HstsHeaderWriter - Not injecting HSTS header since it did not match the requestMatcher org.springframework.security.web.header.writers.HstsHeaderWriter$SecureRequestMatcher@6a6df5f3
609508 [http-nio-8080-exec-9] DEBUG o.s.security.web.FilterChainProxy - /jquery/jquery-2.1.3.js at position 5 of 12 in additional filter chain; firing Filter: 'LogoutFilter'
609508 [http-nio-8080-exec-7] DEBUG o.s.s.w.h.writers.HstsHeaderWriter - Not injecting HSTS header since it did not match the requestMatcher org.springframework.security.web.header.writers.HstsHeaderWriter$SecureRequestMatcher@6a6df5f3
609508 [http-nio-8080-exec-7] DEBUG o.s.security.web.FilterChainProxy - /bootstrap/js/bootstrap.js at position 4 of 12 in additional filter chain; firing Filter: 'CsrfFilter'
609508 [http-nio-8080-exec-10] DEBUG o.s.security.web.FilterChainProxy - /bootstrap/css/bootstrap.css at position 4 of 12 in additional filter chain; firing Filter: 'CsrfFilter'
609508 [http-nio-8080-exec-9] DEBUG o.s.s.w.u.m.AntPathRequestMatcher - Request 'GET /jquery/jquery-2.1.3.js' doesn't match 'POST /logout
609508 [http-nio-8080-exec-7] DEBUG o.s.security.web.FilterChainProxy - /bootstrap/js/bootstrap.js at position 5 of 12 in additional filter chain; firing Filter: 'LogoutFilter'
609508 [http-nio-8080-exec-9] DEBUG o.s.security.web.FilterChainProxy - /jquery/jquery-2.1.3.js at position 6 of 12 in additional filter chain; firing Filter: 'UsernamePasswordAuthenticationFilter'
609508 [http-nio-8080-exec-7] DEBUG o.s.s.w.u.m.AntPathRequestMatcher - Request 'GET /bootstrap/js/bootstrap.js' doesn't match 'POST /logout
609508 [http-nio-8080-exec-10] DEBUG o.s.security.web.FilterChainProxy - /bootstrap/css/bootstrap.css at position 5 of 12 in additional filter chain; firing Filter: 'LogoutFilter'
609508 [http-nio-8080-exec-9] DEBUG o.s.s.w.u.m.AntPathRequestMatcher - Request 'GET /jquery/jquery-2.1.3.js' doesn't match 'POST /login
609508 [http-nio-8080-exec-7] DEBUG o.s.security.web.FilterChainProxy - /bootstrap/js/bootstrap.js at position 6 of 12 in additional filter chain; firing Filter: 'UsernamePasswordAuthenticationFilter'
609508 [http-nio-8080-exec-7] DEBUG o.s.s.w.u.m.AntPathRequestMatcher - Request 'GET /bootstrap/js/bootstrap.js' doesn't match 'POST /login
609508 [http-nio-8080-exec-7] DEBUG o.s.security.web.FilterChainProxy - /bootstrap/js/bootstrap.js at position 7 of 12 in additional filter chain; firing Filter: 'RequestCacheAwareFilter'
609508 [http-nio-8080-exec-10] DEBUG o.s.s.w.u.m.AntPathRequestMatcher - Request 'GET /bootstrap/css/bootstrap.css' doesn't match 'POST /logout
609508 [http-nio-8080-exec-10] DEBUG o.s.security.web.FilterChainProxy - /bootstrap/css/bootstrap.css at position 6 of 12 in additional filter chain; firing Filter: 'UsernamePasswordAuthenticationFilter'
609508 [http-nio-8080-exec-9] DEBUG o.s.security.web.FilterChainProxy - /jquery/jquery-2.1.3.js at position 7 of 12 in additional filter chain; firing Filter: 'RequestCacheAwareFilter'
609508 [http-nio-8080-exec-7] DEBUG o.s.s.w.s.DefaultSavedRequest - pathInfo: both null (property equals)
609508 [http-nio-8080-exec-10] DEBUG o.s.s.w.u.m.AntPathRequestMatcher - Request 'GET /bootstrap/css/bootstrap.css' doesn't match 'POST /login
609508 [http-nio-8080-exec-10] DEBUG o.s.security.web.FilterChainProxy - /bootstrap/css/bootstrap.css at position 7 of 12 in additional filter chain; firing Filter: 'RequestCacheAwareFilter'
609508 [http-nio-8080-exec-10] DEBUG o.s.s.w.s.DefaultSavedRequest - pathInfo: both null (property equals)
609508 [http-nio-8080-exec-10] DEBUG o.s.s.w.s.DefaultSavedRequest - queryString: both null (property equals)
609508 [http-nio-8080-exec-9] DEBUG o.s.s.w.s.DefaultSavedRequest - pathInfo: both null (property equals)
609508 [http-nio-8080-exec-7] DEBUG o.s.s.w.s.DefaultSavedRequest - queryString: both null (property equals)
609508 [http-nio-8080-exec-10] DEBUG o.s.s.w.s.DefaultSavedRequest - requestURI: arg1=/index; arg2=/bootstrap/css/bootstrap.css (property not equals)
609510 [http-nio-8080-exec-9] DEBUG o.s.s.w.s.DefaultSavedRequest - queryString: both null (property equals)
609510 [http-nio-8080-exec-7] DEBUG o.s.s.w.s.DefaultSavedRequest - requestURI: arg1=/index; arg2=/bootstrap/js/bootstrap.js (property not equals)
609510 [http-nio-8080-exec-7] DEBUG o.s.s.w.s.HttpSessionRequestCache - saved request doesn't match
609510 [http-nio-8080-exec-7] DEBUG o.s.security.web.FilterChainProxy - /bootstrap/js/bootstrap.js at position 8 of 12 in additional filter chain; firing Filter: 'SecurityContextHolderAwareRequestFilter'
609510 [http-nio-8080-exec-10] DEBUG o.s.s.w.s.HttpSessionRequestCache - saved request doesn't match
609510 [http-nio-8080-exec-10] DEBUG o.s.security.web.FilterChainProxy - /bootstrap/css/bootstrap.css at position 8 of 12 in additional filter chain; firing Filter: 'SecurityContextHolderAwareRequestFilter'
609510 [http-nio-8080-exec-10] DEBUG o.s.security.web.FilterChainProxy - /bootstrap/css/bootstrap.css at position 9 of 12 in additional filter chain; firing Filter: 'AnonymousAuthenticationFilter'
609510 [http-nio-8080-exec-9] DEBUG o.s.s.w.s.DefaultSavedRequest - requestURI: arg1=/index; arg2=/jquery/jquery-2.1.3.js (property not equals)
609510 [http-nio-8080-exec-9] DEBUG o.s.s.w.s.HttpSessionRequestCache - saved request doesn't match
609510 [http-nio-8080-exec-9] DEBUG o.s.security.web.FilterChainProxy - /jquery/jquery-2.1.3.js at position 8 of 12 in additional filter chain; firing Filter: 'SecurityContextHolderAwareRequestFilter'
609510 [http-nio-8080-exec-7] DEBUG o.s.security.web.FilterChainProxy - /bootstrap/js/bootstrap.js at position 9 of 12 in additional filter chain; firing Filter: 'AnonymousAuthenticationFilter'
609510 [http-nio-8080-exec-7] DEBUG o.s.s.w.a.AnonymousAuthenticationFilter - Populated SecurityContextHolder with anonymous token: 'org.springframework.security.authentication.AnonymousAuthenticationToken@6fa90ed4: Principal: anonymousUser; Credentials: [PROTECTED]; Authenticated: true; Details: org.springframework.security.web.authentication.WebAuthenticationDetails@fffc7f0c: RemoteIpAddress: 127.0.0.1; SessionId: 3804353C2C2C151F407CA4B277564A11; Granted Authorities: ROLE_ANONYMOUS'
609510 [http-nio-8080-exec-10] DEBUG o.s.s.w.a.AnonymousAuthenticationFilter - Populated SecurityContextHolder with anonymous token: 'org.springframework.security.authentication.AnonymousAuthenticationToken@6fa90ed4: Principal: anonymousUser; Credentials: [PROTECTED]; Authenticated: true; Details: org.springframework.security.web.authentication.WebAuthenticationDetails@fffc7f0c: RemoteIpAddress: 127.0.0.1; SessionId: 3804353C2C2C151F407CA4B277564A11; Granted Authorities: ROLE_ANONYMOUS'
609510 [http-nio-8080-exec-9] DEBUG o.s.security.web.FilterChainProxy - /jquery/jquery-2.1.3.js at position 9 of 12 in additional filter chain; firing Filter: 'AnonymousAuthenticationFilter'
609510 [http-nio-8080-exec-7] DEBUG o.s.security.web.FilterChainProxy - /bootstrap/js/bootstrap.js at position 10 of 12 in additional filter chain; firing Filter: 'SessionManagementFilter'
609510 [http-nio-8080-exec-9] DEBUG o.s.s.w.a.AnonymousAuthenticationFilter - Populated SecurityContextHolder with anonymous token: 'org.springframework.security.authentication.AnonymousAuthenticationToken@6fa90ed4: Principal: anonymousUser; Credentials: [PROTECTED]; Authenticated: true; Details: org.springframework.security.web.authentication.WebAuthenticationDetails@fffc7f0c: RemoteIpAddress: 127.0.0.1; SessionId: 3804353C2C2C151F407CA4B277564A11; Granted Authorities: ROLE_ANONYMOUS'
609510 [http-nio-8080-exec-9] DEBUG o.s.security.web.FilterChainProxy - /jquery/jquery-2.1.3.js at position 10 of 12 in additional filter chain; firing Filter: 'SessionManagementFilter'
609510 [http-nio-8080-exec-10] DEBUG o.s.security.web.FilterChainProxy - /bootstrap/css/bootstrap.css at position 10 of 12 in additional filter chain; firing Filter: 'SessionManagementFilter'
609510 [http-nio-8080-exec-7] DEBUG o.s.security.web.FilterChainProxy - /bootstrap/js/bootstrap.js at position 11 of 12 in additional filter chain; firing Filter: 'ExceptionTranslationFilter'
609512 [http-nio-8080-exec-9] DEBUG o.s.security.web.FilterChainProxy - /jquery/jquery-2.1.3.js at position 11 of 12 in additional filter chain; firing Filter: 'ExceptionTranslationFilter'
609512 [http-nio-8080-exec-10] DEBUG o.s.security.web.FilterChainProxy - /bootstrap/css/bootstrap.css at position 11 of 12 in additional filter chain; firing Filter: 'ExceptionTranslationFilter'
609512 [http-nio-8080-exec-7] DEBUG o.s.security.web.FilterChainProxy - /bootstrap/js/bootstrap.js at position 12 of 12 in additional filter chain; firing Filter: 'FilterSecurityInterceptor'
609512 [http-nio-8080-exec-10] DEBUG o.s.security.web.FilterChainProxy - /bootstrap/css/bootstrap.css at position 12 of 12 in additional filter chain; firing Filter: 'FilterSecurityInterceptor'
609512 [http-nio-8080-exec-9] DEBUG o.s.security.web.FilterChainProxy - /jquery/jquery-2.1.3.js at position 12 of 12 in additional filter chain; firing Filter: 'FilterSecurityInterceptor'
609512 [http-nio-8080-exec-10] DEBUG o.s.s.w.u.m.AntPathRequestMatcher - Request 'GET /bootstrap/css/bootstrap.css' doesn't match 'POST /logout
609512 [http-nio-8080-exec-9] DEBUG o.s.s.w.u.m.AntPathRequestMatcher - Request 'GET /jquery/jquery-2.1.3.js' doesn't match 'POST /logout
609512 [http-nio-8080-exec-9] DEBUG o.s.s.w.u.m.AntPathRequestMatcher - Checking match of request : '/jquery/jquery-2.1.3.js'; against '/bootstrap/**'
609512 [http-nio-8080-exec-9] DEBUG o.s.s.w.u.m.AntPathRequestMatcher - Checking match of request : '/jquery/jquery-2.1.3.js'; against '/error/**'
609512 [http-nio-8080-exec-9] DEBUG o.s.s.w.u.m.AntPathRequestMatcher - Checking match of request : '/jquery/jquery-2.1.3.js'; against '/img/**'
609512 [http-nio-8080-exec-9] DEBUG o.s.s.w.u.m.AntPathRequestMatcher - Checking match of request : '/jquery/jquery-2.1.3.js'; against '/jquery/**'
609512 [http-nio-8080-exec-7] DEBUG o.s.s.w.u.m.AntPathRequestMatcher - Request 'GET /bootstrap/js/bootstrap.js' doesn't match 'POST /logout
609512 [http-nio-8080-exec-10] DEBUG o.s.s.w.u.m.AntPathRequestMatcher - Checking match of request : '/bootstrap/css/bootstrap.css'; against '/bootstrap/**'
609512 [http-nio-8080-exec-10] DEBUG o.s.s.w.a.i.FilterSecurityInterceptor - Secure object: FilterInvocation: URL: /bootstrap/css/bootstrap.css; Attributes: [permitAll]
609512 [http-nio-8080-exec-9] DEBUG o.s.s.w.a.i.FilterSecurityInterceptor - Secure object: FilterInvocation: URL: /jquery/jquery-2.1.3.js; Attributes: [permitAll]
609512 [http-nio-8080-exec-10] DEBUG o.s.s.w.a.i.FilterSecurityInterceptor - Previously Authenticated: org.springframework.security.authentication.AnonymousAuthenticationToken@6fa90ed4: Principal: anonymousUser; Credentials: [PROTECTED]; Authenticated: true; Details: org.springframework.security.web.authentication.WebAuthenticationDetails@fffc7f0c: RemoteIpAddress: 127.0.0.1; SessionId: 3804353C2C2C151F407CA4B277564A11; Granted Authorities: ROLE_ANONYMOUS
609512 [http-nio-8080-exec-7] DEBUG o.s.s.w.u.m.AntPathRequestMatcher - Checking match of request : '/bootstrap/js/bootstrap.js'; against '/bootstrap/**'
609512 [http-nio-8080-exec-9] DEBUG o.s.s.w.a.i.FilterSecurityInterceptor - Previously Authenticated: org.springframework.security.authentication.AnonymousAuthenticationToken@6fa90ed4: Principal: anonymousUser; Credentials: [PROTECTED]; Authenticated: true; Details: org.springframework.security.web.authentication.WebAuthenticationDetails@fffc7f0c: RemoteIpAddress: 127.0.0.1; SessionId: 3804353C2C2C151F407CA4B277564A11; Granted Authorities: ROLE_ANONYMOUS
609512 [http-nio-8080-exec-7] DEBUG o.s.s.w.a.i.FilterSecurityInterceptor - Secure object: FilterInvocation: URL: /bootstrap/js/bootstrap.js; Attributes: [permitAll]
609513 [http-nio-8080-exec-7] DEBUG o.s.s.w.a.i.FilterSecurityInterceptor - Previously Authenticated: org.springframework.security.authentication.AnonymousAuthenticationToken@6fa90ed4: Principal: anonymousUser; Credentials: [PROTECTED]; Authenticated: true; Details: org.springframework.security.web.authentication.WebAuthenticationDetails@fffc7f0c: RemoteIpAddress: 127.0.0.1; SessionId: 3804353C2C2C151F407CA4B277564A11; Granted Authorities: ROLE_ANONYMOUS
609513 [http-nio-8080-exec-9] DEBUG o.s.s.access.vote.AffirmativeBased - Voter: org.springframework.security.web.access.expression.WebExpressionVoter@2f6f76da, returned: 1
609513 [http-nio-8080-exec-10] DEBUG o.s.s.access.vote.AffirmativeBased - Voter: org.springframework.security.web.access.expression.WebExpressionVoter@2f6f76da, returned: 1
609514 [http-nio-8080-exec-9] DEBUG o.s.s.w.a.i.FilterSecurityInterceptor - Authorization successful
609514 [http-nio-8080-exec-9] DEBUG o.s.s.w.a.i.FilterSecurityInterceptor - RunAsManager did not change Authentication object
609514 [http-nio-8080-exec-7] DEBUG o.s.s.access.vote.AffirmativeBased - Voter: org.springframework.security.web.access.expression.WebExpressionVoter@2f6f76da, returned: 1
609514 [http-nio-8080-exec-7] DEBUG o.s.s.w.a.i.FilterSecurityInterceptor - Authorization successful
609514 [http-nio-8080-exec-10] DEBUG o.s.s.w.a.i.FilterSecurityInterceptor - Authorization successful
609514 [http-nio-8080-exec-9] DEBUG o.s.security.web.FilterChainProxy - /jquery/jquery-2.1.3.js reached end of additional filter chain; proceeding with original chain
609514 [http-nio-8080-exec-7] DEBUG o.s.s.w.a.i.FilterSecurityInterceptor - RunAsManager did not change Authentication object
609514 [http-nio-8080-exec-10] DEBUG o.s.s.w.a.i.FilterSecurityInterceptor - RunAsManager did not change Authentication object
609514 [http-nio-8080-exec-10] DEBUG o.s.security.web.FilterChainProxy - /bootstrap/css/bootstrap.css reached end of additional filter chain; proceeding with original chain
609514 [http-nio-8080-exec-7] DEBUG o.s.security.web.FilterChainProxy - /bootstrap/js/bootstrap.js reached end of additional filter chain; proceeding with original chain
609515 [http-nio-8080-exec-10] DEBUG o.s.s.w.c.HttpSessionSecurityContextRepository - SecurityContext is empty or contents are anonymous - context will not be stored in HttpSession.
609515 [http-nio-8080-exec-7] DEBUG o.s.s.w.c.HttpSessionSecurityContextRepository - SecurityContext is empty or contents are anonymous - context will not be stored in HttpSession.
609515 [http-nio-8080-exec-9] DEBUG o.s.s.w.c.HttpSessionSecurityContextRepository - SecurityContext is empty or contents are anonymous - context will not be stored in HttpSession.
609517 [http-nio-8080-exec-7] DEBUG o.s.s.w.a.ExceptionTranslationFilter - Chain processed normally
609517 [http-nio-8080-exec-7] DEBUG o.s.s.w.c.SecurityContextPersistenceFilter - SecurityContextHolder now cleared, as request processing completed
609517 [http-nio-8080-exec-10] DEBUG o.s.s.w.a.ExceptionTranslationFilter - Chain processed normally
609517 [http-nio-8080-exec-10] DEBUG o.s.s.w.c.SecurityContextPersistenceFilter - SecurityContextHolder now cleared, as request processing completed
609519 [http-nio-8080-exec-9] DEBUG o.s.s.w.a.ExceptionTranslationFilter - Chain processed normally
609519 [http-nio-8080-exec-9] DEBUG o.s.s.w.c.SecurityContextPersistenceFilter - SecurityContextHolder now cleared, as request processing completed
613903 [http-nio-8080-exec-3] DEBUG o.s.s.w.u.matcher.OrRequestMatcher - Trying to match using Ant [pattern='/css/**']
613903 [http-nio-8080-exec-3] DEBUG o.s.s.w.u.m.AntPathRequestMatcher - Checking match of request : '/index.html'; against '/css/**'
613903 [http-nio-8080-exec-3] DEBUG o.s.s.w.u.matcher.OrRequestMatcher - Trying to match using Ant [pattern='/js/**']
613903 [http-nio-8080-exec-3] DEBUG o.s.s.w.u.m.AntPathRequestMatcher - Checking match of request : '/index.html'; against '/js/**'
613903 [http-nio-8080-exec-3] DEBUG o.s.s.w.u.matcher.OrRequestMatcher - Trying to match using Ant [pattern='/images/**']
613903 [http-nio-8080-exec-3] DEBUG o.s.s.w.u.m.AntPathRequestMatcher - Checking match of request : '/index.html'; against '/images/**'
613903 [http-nio-8080-exec-3] DEBUG o.s.s.w.u.matcher.OrRequestMatcher - Trying to match using Ant [pattern='/webjars/**']
613903 [http-nio-8080-exec-3] DEBUG o.s.s.w.u.m.AntPathRequestMatcher - Checking match of request : '/index.html'; against '/webjars/**'
613903 [http-nio-8080-exec-3] DEBUG o.s.s.w.u.matcher.OrRequestMatcher - Trying to match using Ant [pattern='/**/favicon.ico']
613903 [http-nio-8080-exec-3] DEBUG o.s.s.w.u.m.AntPathRequestMatcher - Checking match of request : '/index.html'; against '/**/favicon.ico'
613903 [http-nio-8080-exec-3] DEBUG o.s.s.w.u.matcher.OrRequestMatcher - Trying to match using Ant [pattern='/error']
613903 [http-nio-8080-exec-3] DEBUG o.s.s.w.u.m.AntPathRequestMatcher - Checking match of request : '/index.html'; against '/error'
613903 [http-nio-8080-exec-3] DEBUG o.s.s.w.u.matcher.OrRequestMatcher - No matches found
613903 [http-nio-8080-exec-3] DEBUG o.s.security.web.FilterChainProxy - /index.html at position 1 of 12 in additional filter chain; firing Filter: 'WebAsyncManagerIntegrationFilter'
613903 [http-nio-8080-exec-3] DEBUG o.s.security.web.FilterChainProxy - /index.html at position 2 of 12 in additional filter chain; firing Filter: 'SecurityContextPersistenceFilter'
613903 [http-nio-8080-exec-3] DEBUG o.s.s.w.c.HttpSessionSecurityContextRepository - HttpSession returned null object for SPRING_SECURITY_CONTEXT
613903 [http-nio-8080-exec-3] DEBUG o.s.s.w.c.HttpSessionSecurityContextRepository - No SecurityContext was available from the HttpSession: org.apache.catalina.session.StandardSessionFacade@6e527ce1. A new one will be created.
613903 [http-nio-8080-exec-3] DEBUG o.s.security.web.FilterChainProxy - /index.html at position 3 of 12 in additional filter chain; firing Filter: 'HeaderWriterFilter'
613903 [http-nio-8080-exec-3] DEBUG o.s.s.w.h.writers.HstsHeaderWriter - Not injecting HSTS header since it did not match the requestMatcher org.springframework.security.web.header.writers.HstsHeaderWriter$SecureRequestMatcher@6a6df5f3
613903 [http-nio-8080-exec-3] DEBUG o.s.security.web.FilterChainProxy - /index.html at position 4 of 12 in additional filter chain; firing Filter: 'CsrfFilter'
613903 [http-nio-8080-exec-3] DEBUG o.s.security.web.FilterChainProxy - /index.html at position 5 of 12 in additional filter chain; firing Filter: 'LogoutFilter'
613903 [http-nio-8080-exec-3] DEBUG o.s.s.w.u.m.AntPathRequestMatcher - Request 'GET /index.html' doesn't match 'POST /logout
613903 [http-nio-8080-exec-3] DEBUG o.s.security.web.FilterChainProxy - /index.html at position 6 of 12 in additional filter chain; firing Filter: 'UsernamePasswordAuthenticationFilter'
613903 [http-nio-8080-exec-3] DEBUG o.s.s.w.u.m.AntPathRequestMatcher - Request 'GET /index.html' doesn't match 'POST /login
613903 [http-nio-8080-exec-3] DEBUG o.s.security.web.FilterChainProxy - /index.html at position 7 of 12 in additional filter chain; firing Filter: 'RequestCacheAwareFilter'
613903 [http-nio-8080-exec-3] DEBUG o.s.s.w.s.DefaultSavedRequest - pathInfo: both null (property equals)
613903 [http-nio-8080-exec-3] DEBUG o.s.s.w.s.DefaultSavedRequest - queryString: both null (property equals)
613905 [http-nio-8080-exec-3] DEBUG o.s.s.w.s.DefaultSavedRequest - requestURI: arg1=/index; arg2=/index.html (property not equals)
613905 [http-nio-8080-exec-3] DEBUG o.s.s.w.s.HttpSessionRequestCache - saved request doesn't match
613905 [http-nio-8080-exec-3] DEBUG o.s.security.web.FilterChainProxy - /index.html at position 8 of 12 in additional filter chain; firing Filter: 'SecurityContextHolderAwareRequestFilter'
613905 [http-nio-8080-exec-3] DEBUG o.s.security.web.FilterChainProxy - /index.html at position 9 of 12 in additional filter chain; firing Filter: 'AnonymousAuthenticationFilter'
613905 [http-nio-8080-exec-3] DEBUG o.s.s.w.a.AnonymousAuthenticationFilter - Populated SecurityContextHolder with anonymous token: 'org.springframework.security.authentication.AnonymousAuthenticationToken@6fa90ed4: Principal: anonymousUser; Credentials: [PROTECTED]; Authenticated: true; Details: org.springframework.security.web.authentication.WebAuthenticationDetails@fffc7f0c: RemoteIpAddress: 127.0.0.1; SessionId: 3804353C2C2C151F407CA4B277564A11; Granted Authorities: ROLE_ANONYMOUS'
613905 [http-nio-8080-exec-3] DEBUG o.s.security.web.FilterChainProxy - /index.html at position 10 of 12 in additional filter chain; firing Filter: 'SessionManagementFilter'
613905 [http-nio-8080-exec-3] DEBUG o.s.security.web.FilterChainProxy - /index.html at position 11 of 12 in additional filter chain; firing Filter: 'ExceptionTranslationFilter'
613905 [http-nio-8080-exec-3] DEBUG o.s.security.web.FilterChainProxy - /index.html at position 12 of 12 in additional filter chain; firing Filter: 'FilterSecurityInterceptor'
613905 [http-nio-8080-exec-3] DEBUG o.s.s.w.u.m.AntPathRequestMatcher - Request 'GET /index.html' doesn't match 'POST /logout
613905 [http-nio-8080-exec-3] DEBUG o.s.s.w.u.m.AntPathRequestMatcher - Checking match of request : '/index.html'; against '/bootstrap/**'
613905 [http-nio-8080-exec-3] DEBUG o.s.s.w.u.m.AntPathRequestMatcher - Checking match of request : '/index.html'; against '/error/**'
613905 [http-nio-8080-exec-3] DEBUG o.s.s.w.u.m.AntPathRequestMatcher - Checking match of request : '/index.html'; against '/img/**'
613905 [http-nio-8080-exec-3] DEBUG o.s.s.w.u.m.AntPathRequestMatcher - Checking match of request : '/index.html'; against '/jquery/**'
613905 [http-nio-8080-exec-3] DEBUG o.s.s.w.u.m.AntPathRequestMatcher - Checking match of request : '/index.html'; against '/index.html'
613905 [http-nio-8080-exec-3] DEBUG o.s.s.w.a.i.FilterSecurityInterceptor - Secure object: FilterInvocation: URL: /index.html; Attributes: [permitAll]
613905 [http-nio-8080-exec-3] DEBUG o.s.s.w.a.i.FilterSecurityInterceptor - Previously Authenticated: org.springframework.security.authentication.AnonymousAuthenticationToken@6fa90ed4: Principal: anonymousUser; Credentials: [PROTECTED]; Authenticated: true; Details: org.springframework.security.web.authentication.WebAuthenticationDetails@fffc7f0c: RemoteIpAddress: 127.0.0.1; SessionId: 3804353C2C2C151F407CA4B277564A11; Granted Authorities: ROLE_ANONYMOUS
613906 [http-nio-8080-exec-3] DEBUG o.s.s.access.vote.AffirmativeBased - Voter: org.springframework.security.web.access.expression.WebExpressionVoter@2f6f76da, returned: 1
613906 [http-nio-8080-exec-3] DEBUG o.s.s.w.a.i.FilterSecurityInterceptor - Authorization successful
613906 [http-nio-8080-exec-3] DEBUG o.s.s.w.a.i.FilterSecurityInterceptor - RunAsManager did not change Authentication object
613906 [http-nio-8080-exec-3] DEBUG o.s.security.web.FilterChainProxy - /index.html reached end of additional filter chain; proceeding with original chain
613907 [http-nio-8080-exec-3] DEBUG o.s.s.w.c.HttpSessionSecurityContextRepository - SecurityContext is empty or contents are anonymous - context will not be stored in HttpSession.
613908 [http-nio-8080-exec-3] DEBUG o.s.s.w.a.ExceptionTranslationFilter - Chain processed normally
613908 [http-nio-8080-exec-3] DEBUG o.s.s.w.c.SecurityContextPersistenceFilter - SecurityContextHolder now cleared, as request processing completed
613918 [http-nio-8080-exec-1] DEBUG o.s.s.w.u.matcher.OrRequestMatcher - Trying to match using Ant [pattern='/css/**']
613918 [http-nio-8080-exec-1] DEBUG o.s.s.w.u.m.AntPathRequestMatcher - Checking match of request : '/bootstrap/css/bootstrap.css'; against '/css/**'
613918 [http-nio-8080-exec-1] DEBUG o.s.s.w.u.matcher.OrRequestMatcher - Trying to match using Ant [pattern='/js/**']
613918 [http-nio-8080-exec-2] DEBUG o.s.s.w.u.matcher.OrRequestMatcher - Trying to match using Ant [pattern='/css/**']
613918 [http-nio-8080-exec-2] DEBUG o.s.s.w.u.m.AntPathRequestMatcher - Checking match of request : '/bootstrap/js/bootstrap.js'; against '/css/**'
613918 [http-nio-8080-exec-2] DEBUG o.s.s.w.u.matcher.OrRequestMatcher - Trying to match using Ant [pattern='/js/**']
613918 [http-nio-8080-exec-2] DEBUG o.s.s.w.u.m.AntPathRequestMatcher - Checking match of request : '/bootstrap/js/bootstrap.js'; against '/js/**'
613918 [http-nio-8080-exec-2] DEBUG o.s.s.w.u.matcher.OrRequestMatcher - Trying to match using Ant [pattern='/images/**']
613918 [http-nio-8080-exec-2] DEBUG o.s.s.w.u.m.AntPathRequestMatcher - Checking match of request : '/bootstrap/js/bootstrap.js'; against '/images/**'
613919 [http-nio-8080-exec-2] DEBUG o.s.s.w.u.matcher.OrRequestMatcher - Trying to match using Ant [pattern='/webjars/**']
613918 [http-nio-8080-exec-8] DEBUG o.s.s.w.u.matcher.OrRequestMatcher - Trying to match using Ant [pattern='/css/**']
613918 [http-nio-8080-exec-1] DEBUG o.s.s.w.u.m.AntPathRequestMatcher - Checking match of request : '/bootstrap/css/bootstrap.css'; against '/js/**'
613919 [http-nio-8080-exec-2] DEBUG o.s.s.w.u.m.AntPathRequestMatcher - Checking match of request : '/bootstrap/js/bootstrap.js'; against '/webjars/**'
613919 [http-nio-8080-exec-8] DEBUG o.s.s.w.u.m.AntPathRequestMatcher - Checking match of request : '/jquery/jquery-2.1.3.js'; against '/css/**'
613919 [http-nio-8080-exec-1] DEBUG o.s.s.w.u.matcher.OrRequestMatcher - Trying to match using Ant [pattern='/images/**']
613919 [http-nio-8080-exec-2] DEBUG o.s.s.w.u.matcher.OrRequestMatcher - Trying to match using Ant [pattern='/**/favicon.ico']
613919 [http-nio-8080-exec-8] DEBUG o.s.s.w.u.matcher.OrRequestMatcher - Trying to match using Ant [pattern='/js/**']
613919 [http-nio-8080-exec-2] DEBUG o.s.s.w.u.m.AntPathRequestMatcher - Checking match of request : '/bootstrap/js/bootstrap.js'; against '/**/favicon.ico'
613919 [http-nio-8080-exec-8] DEBUG o.s.s.w.u.m.AntPathRequestMatcher - Checking match of request : '/jquery/jquery-2.1.3.js'; against '/js/**'
613919 [http-nio-8080-exec-1] DEBUG o.s.s.w.u.m.AntPathRequestMatcher - Checking match of request : '/bootstrap/css/bootstrap.css'; against '/images/**'
613919 [http-nio-8080-exec-1] DEBUG o.s.s.w.u.matcher.OrRequestMatcher - Trying to match using Ant [pattern='/webjars/**']
613919 [http-nio-8080-exec-1] DEBUG o.s.s.w.u.m.AntPathRequestMatcher - Checking match of request : '/bootstrap/css/bootstrap.css'; against '/webjars/**'
613919 [http-nio-8080-exec-8] DEBUG o.s.s.w.u.matcher.OrRequestMatcher - Trying to match using Ant [pattern='/images/**']
613919 [http-nio-8080-exec-2] DEBUG o.s.s.w.u.matcher.OrRequestMatcher - Trying to match using Ant [pattern='/error']
613919 [http-nio-8080-exec-1] DEBUG o.s.s.w.u.matcher.OrRequestMatcher - Trying to match using Ant [pattern='/**/favicon.ico']
613919 [http-nio-8080-exec-1] DEBUG o.s.s.w.u.m.AntPathRequestMatcher - Checking match of request : '/bootstrap/css/bootstrap.css'; against '/**/favicon.ico'
613919 [http-nio-8080-exec-1] DEBUG o.s.s.w.u.matcher.OrRequestMatcher - Trying to match using Ant [pattern='/error']
613919 [http-nio-8080-exec-1] DEBUG o.s.s.w.u.m.AntPathRequestMatcher - Checking match of request : '/bootstrap/css/bootstrap.css'; against '/error'
613919 [http-nio-8080-exec-1] DEBUG o.s.s.w.u.matcher.OrRequestMatcher - No matches found
613919 [http-nio-8080-exec-8] DEBUG o.s.s.w.u.m.AntPathRequestMatcher - Checking match of request : '/jquery/jquery-2.1.3.js'; against '/images/**'
613919 [http-nio-8080-exec-8] DEBUG o.s.s.w.u.matcher.OrRequestMatcher - Trying to match using Ant [pattern='/webjars/**']
613919 [http-nio-8080-exec-8] DEBUG o.s.s.w.u.m.AntPathRequestMatcher - Checking match of request : '/jquery/jquery-2.1.3.js'; against '/webjars/**'
613919 [http-nio-8080-exec-8] DEBUG o.s.s.w.u.matcher.OrRequestMatcher - Trying to match using Ant [pattern='/**/favicon.ico']
613919 [http-nio-8080-exec-8] DEBUG o.s.s.w.u.m.AntPathRequestMatcher - Checking match of request : '/jquery/jquery-2.1.3.js'; against '/**/favicon.ico'
613919 [http-nio-8080-exec-2] DEBUG o.s.s.w.u.m.AntPathRequestMatcher - Checking match of request : '/bootstrap/js/bootstrap.js'; against '/error'
613919 [http-nio-8080-exec-2] DEBUG o.s.s.w.u.matcher.OrRequestMatcher - No matches found
613919 [http-nio-8080-exec-1] DEBUG o.s.security.web.FilterChainProxy - /bootstrap/css/bootstrap.css at position 1 of 12 in additional filter chain; firing Filter: 'WebAsyncManagerIntegrationFilter'
613919 [http-nio-8080-exec-1] DEBUG o.s.security.web.FilterChainProxy - /bootstrap/css/bootstrap.css at position 2 of 12 in additional filter chain; firing Filter: 'SecurityContextPersistenceFilter'
613919 [http-nio-8080-exec-8] DEBUG o.s.s.w.u.matcher.OrRequestMatcher - Trying to match using Ant [pattern='/error']
613919 [http-nio-8080-exec-8] DEBUG o.s.s.w.u.m.AntPathRequestMatcher - Checking match of request : '/jquery/jquery-2.1.3.js'; against '/error'
613919 [http-nio-8080-exec-8] DEBUG o.s.s.w.u.matcher.OrRequestMatcher - No matches found
613919 [http-nio-8080-exec-8] DEBUG o.s.security.web.FilterChainProxy - /jquery/jquery-2.1.3.js at position 1 of 12 in additional filter chain; firing Filter: 'WebAsyncManagerIntegrationFilter'
613919 [http-nio-8080-exec-2] DEBUG o.s.security.web.FilterChainProxy - /bootstrap/js/bootstrap.js at position 1 of 12 in additional filter chain; firing Filter: 'WebAsyncManagerIntegrationFilter'
613919 [http-nio-8080-exec-2] DEBUG o.s.security.web.FilterChainProxy - /bootstrap/js/bootstrap.js at position 2 of 12 in additional filter chain; firing Filter: 'SecurityContextPersistenceFilter'
613919 [http-nio-8080-exec-2] DEBUG o.s.s.w.c.HttpSessionSecurityContextRepository - HttpSession returned null object for SPRING_SECURITY_CONTEXT
613919 [http-nio-8080-exec-2] DEBUG o.s.s.w.c.HttpSessionSecurityContextRepository - No SecurityContext was available from the HttpSession: org.apache.catalina.session.StandardSessionFacade@6e527ce1. A new one will be created.
613919 [http-nio-8080-exec-1] DEBUG o.s.s.w.c.HttpSessionSecurityContextRepository - HttpSession returned null object for SPRING_SECURITY_CONTEXT
613919 [http-nio-8080-exec-1] DEBUG o.s.s.w.c.HttpSessionSecurityContextRepository - No SecurityContext was available from the HttpSession: org.apache.catalina.session.StandardSessionFacade@6e527ce1. A new one will be created.
613919 [http-nio-8080-exec-1] DEBUG o.s.security.web.FilterChainProxy - /bootstrap/css/bootstrap.css at position 3 of 12 in additional filter chain; firing Filter: 'HeaderWriterFilter'
613919 [http-nio-8080-exec-8] DEBUG o.s.security.web.FilterChainProxy - /jquery/jquery-2.1.3.js at position 2 of 12 in additional filter chain; firing Filter: 'SecurityContextPersistenceFilter'
613919 [http-nio-8080-exec-2] DEBUG o.s.security.web.FilterChainProxy - /bootstrap/js/bootstrap.js at position 3 of 12 in additional filter chain; firing Filter: 'HeaderWriterFilter'
613920 [http-nio-8080-exec-8] DEBUG o.s.s.w.c.HttpSessionSecurityContextRepository - HttpSession returned null object for SPRING_SECURITY_CONTEXT
613920 [http-nio-8080-exec-1] DEBUG o.s.s.w.h.writers.HstsHeaderWriter - Not injecting HSTS header since it did not match the requestMatcher org.springframework.security.web.header.writers.HstsHeaderWriter$SecureRequestMatcher@6a6df5f3
613920 [http-nio-8080-exec-8] DEBUG o.s.s.w.c.HttpSessionSecurityContextRepository - No SecurityContext was available from the HttpSession: org.apache.catalina.session.StandardSessionFacade@6e527ce1. A new one will be created.
613920 [http-nio-8080-exec-1] DEBUG o.s.security.web.FilterChainProxy - /bootstrap/css/bootstrap.css at position 4 of 12 in additional filter chain; firing Filter: 'CsrfFilter'
613920 [http-nio-8080-exec-8] DEBUG o.s.security.web.FilterChainProxy - /jquery/jquery-2.1.3.js at position 3 of 12 in additional filter chain; firing Filter: 'HeaderWriterFilter'
613920 [http-nio-8080-exec-2] DEBUG o.s.s.w.h.writers.HstsHeaderWriter - Not injecting HSTS header since it did not match the requestMatcher org.springframework.security.web.header.writers.HstsHeaderWriter$SecureRequestMatcher@6a6df5f3
613920 [http-nio-8080-exec-8] DEBUG o.s.s.w.h.writers.HstsHeaderWriter - Not injecting HSTS header since it did not match the requestMatcher org.springframework.security.web.header.writers.HstsHeaderWriter$SecureRequestMatcher@6a6df5f3
613920 [http-nio-8080-exec-2] DEBUG o.s.security.web.FilterChainProxy - /bootstrap/js/bootstrap.js at position 4 of 12 in additional filter chain; firing Filter: 'CsrfFilter'
613920 [http-nio-8080-exec-1] DEBUG o.s.security.web.FilterChainProxy - /bootstrap/css/bootstrap.css at position 5 of 12 in additional filter chain; firing Filter: 'LogoutFilter'
613920 [http-nio-8080-exec-2] DEBUG o.s.security.web.FilterChainProxy - /bootstrap/js/bootstrap.js at position 5 of 12 in additional filter chain; firing Filter: 'LogoutFilter'
613920 [http-nio-8080-exec-8] DEBUG o.s.security.web.FilterChainProxy - /jquery/jquery-2.1.3.js at position 4 of 12 in additional filter chain; firing Filter: 'CsrfFilter'
613920 [http-nio-8080-exec-8] DEBUG o.s.security.web.FilterChainProxy - /jquery/jquery-2.1.3.js at position 5 of 12 in additional filter chain; firing Filter: 'LogoutFilter'
613920 [http-nio-8080-exec-8] DEBUG o.s.s.w.u.m.AntPathRequestMatcher - Request 'GET /jquery/jquery-2.1.3.js' doesn't match 'POST /logout
613920 [http-nio-8080-exec-1] DEBUG o.s.s.w.u.m.AntPathRequestMatcher - Request 'GET /bootstrap/css/bootstrap.css' doesn't match 'POST /logout
613920 [http-nio-8080-exec-1] DEBUG o.s.security.web.FilterChainProxy - /bootstrap/css/bootstrap.css at position 6 of 12 in additional filter chain; firing Filter: 'UsernamePasswordAuthenticationFilter'
613920 [http-nio-8080-exec-1] DEBUG o.s.s.w.u.m.AntPathRequestMatcher - Request 'GET /bootstrap/css/bootstrap.css' doesn't match 'POST /login
613920 [http-nio-8080-exec-1] DEBUG o.s.security.web.FilterChainProxy - /bootstrap/css/bootstrap.css at position 7 of 12 in additional filter chain; firing Filter: 'RequestCacheAwareFilter'
613920 [http-nio-8080-exec-2] DEBUG o.s.s.w.u.m.AntPathRequestMatcher - Request 'GET /bootstrap/js/bootstrap.js' doesn't match 'POST /logout
613920 [http-nio-8080-exec-2] DEBUG o.s.security.web.FilterChainProxy - /bootstrap/js/bootstrap.js at position 6 of 12 in additional filter chain; firing Filter: 'UsernamePasswordAuthenticationFilter'
613920 [http-nio-8080-exec-2] DEBUG o.s.s.w.u.m.AntPathRequestMatcher - Request 'GET /bootstrap/js/bootstrap.js' doesn't match 'POST /login
613920 [http-nio-8080-exec-8] DEBUG o.s.security.web.FilterChainProxy - /jquery/jquery-2.1.3.js at position 6 of 12 in additional filter chain; firing Filter: 'UsernamePasswordAuthenticationFilter'
613920 [http-nio-8080-exec-8] DEBUG o.s.s.w.u.m.AntPathRequestMatcher - Request 'GET /jquery/jquery-2.1.3.js' doesn't match 'POST /login
613920 [http-nio-8080-exec-8] DEBUG o.s.security.web.FilterChainProxy - /jquery/jquery-2.1.3.js at position 7 of 12 in additional filter chain; firing Filter: 'RequestCacheAwareFilter'
613920 [http-nio-8080-exec-8] DEBUG o.s.s.w.s.DefaultSavedRequest - pathInfo: both null (property equals)
613920 [http-nio-8080-exec-8] DEBUG o.s.s.w.s.DefaultSavedRequest - queryString: both null (property equals)
613920 [http-nio-8080-exec-1] DEBUG o.s.s.w.s.DefaultSavedRequest - pathInfo: both null (property equals)
613920 [http-nio-8080-exec-1] DEBUG o.s.s.w.s.DefaultSavedRequest - queryString: both null (property equals)
613920 [http-nio-8080-exec-1] DEBUG o.s.s.w.s.DefaultSavedRequest - requestURI: arg1=/index; arg2=/bootstrap/css/bootstrap.css (property not equals)
613920 [http-nio-8080-exec-1] DEBUG o.s.s.w.s.HttpSessionRequestCache - saved request doesn't match
613920 [http-nio-8080-exec-1] DEBUG o.s.security.web.FilterChainProxy - /bootstrap/css/bootstrap.css at position 8 of 12 in additional filter chain; firing Filter: 'SecurityContextHolderAwareRequestFilter'
613920 [http-nio-8080-exec-2] DEBUG o.s.security.web.FilterChainProxy - /bootstrap/js/bootstrap.js at position 7 of 12 in additional filter chain; firing Filter: 'RequestCacheAwareFilter'
613920 [http-nio-8080-exec-2] DEBUG o.s.s.w.s.DefaultSavedRequest - pathInfo: both null (property equals)
613920 [http-nio-8080-exec-2] DEBUG o.s.s.w.s.DefaultSavedRequest - queryString: both null (property equals)
613920 [http-nio-8080-exec-2] DEBUG o.s.s.w.s.DefaultSavedRequest - requestURI: arg1=/index; arg2=/bootstrap/js/bootstrap.js (property not equals)
613920 [http-nio-8080-exec-8] DEBUG o.s.s.w.s.DefaultSavedRequest - requestURI: arg1=/index; arg2=/jquery/jquery-2.1.3.js (property not equals)
613920 [http-nio-8080-exec-1] DEBUG o.s.security.web.FilterChainProxy - /bootstrap/css/bootstrap.css at position 9 of 12 in additional filter chain; firing Filter: 'AnonymousAuthenticationFilter'
613921 [http-nio-8080-exec-2] DEBUG o.s.s.w.s.HttpSessionRequestCache - saved request doesn't match
613921 [http-nio-8080-exec-8] DEBUG o.s.s.w.s.HttpSessionRequestCache - saved request doesn't match
613921 [http-nio-8080-exec-2] DEBUG o.s.security.web.FilterChainProxy - /bootstrap/js/bootstrap.js at position 8 of 12 in additional filter chain; firing Filter: 'SecurityContextHolderAwareRequestFilter'
613921 [http-nio-8080-exec-8] DEBUG o.s.security.web.FilterChainProxy - /jquery/jquery-2.1.3.js at position 8 of 12 in additional filter chain; firing Filter: 'SecurityContextHolderAwareRequestFilter'
613921 [http-nio-8080-exec-2] DEBUG o.s.security.web.FilterChainProxy - /bootstrap/js/bootstrap.js at position 9 of 12 in additional filter chain; firing Filter: 'AnonymousAuthenticationFilter'
613921 [http-nio-8080-exec-1] DEBUG o.s.s.w.a.AnonymousAuthenticationFilter - Populated SecurityContextHolder with anonymous token: 'org.springframework.security.authentication.AnonymousAuthenticationToken@6fa90ed4: Principal: anonymousUser; Credentials: [PROTECTED]; Authenticated: true; Details: org.springframework.security.web.authentication.WebAuthenticationDetails@fffc7f0c: RemoteIpAddress: 127.0.0.1; SessionId: 3804353C2C2C151F407CA4B277564A11; Granted Authorities: ROLE_ANONYMOUS'
613921 [http-nio-8080-exec-1] DEBUG o.s.security.web.FilterChainProxy - /bootstrap/css/bootstrap.css at position 10 of 12 in additional filter chain; firing Filter: 'SessionManagementFilter'
613921 [http-nio-8080-exec-2] DEBUG o.s.s.w.a.AnonymousAuthenticationFilter - Populated SecurityContextHolder with anonymous token: 'org.springframework.security.authentication.AnonymousAuthenticationToken@6fa90ed4: Principal: anonymousUser; Credentials: [PROTECTED]; Authenticated: true; Details: org.springframework.security.web.authentication.WebAuthenticationDetails@fffc7f0c: RemoteIpAddress: 127.0.0.1; SessionId: 3804353C2C2C151F407CA4B277564A11; Granted Authorities: ROLE_ANONYMOUS'
613921 [http-nio-8080-exec-8] DEBUG o.s.security.web.FilterChainProxy - /jquery/jquery-2.1.3.js at position 9 of 12 in additional filter chain; firing Filter: 'AnonymousAuthenticationFilter'
613921 [http-nio-8080-exec-1] DEBUG o.s.security.web.FilterChainProxy - /bootstrap/css/bootstrap.css at position 11 of 12 in additional filter chain; firing Filter: 'ExceptionTranslationFilter'
613921 [http-nio-8080-exec-8] DEBUG o.s.s.w.a.AnonymousAuthenticationFilter - Populated SecurityContextHolder with anonymous token: 'org.springframework.security.authentication.AnonymousAuthenticationToken@6fa90ed4: Principal: anonymousUser; Credentials: [PROTECTED]; Authenticated: true; Details: org.springframework.security.web.authentication.WebAuthenticationDetails@fffc7f0c: RemoteIpAddress: 127.0.0.1; SessionId: 3804353C2C2C151F407CA4B277564A11; Granted Authorities: ROLE_ANONYMOUS'
613921 [http-nio-8080-exec-1] DEBUG o.s.security.web.FilterChainProxy - /bootstrap/css/bootstrap.css at position 12 of 12 in additional filter chain; firing Filter: 'FilterSecurityInterceptor'
613921 [http-nio-8080-exec-2] DEBUG o.s.security.web.FilterChainProxy - /bootstrap/js/bootstrap.js at position 10 of 12 in additional filter chain; firing Filter: 'SessionManagementFilter'
613921 [http-nio-8080-exec-1] DEBUG o.s.s.w.u.m.AntPathRequestMatcher - Request 'GET /bootstrap/css/bootstrap.css' doesn't match 'POST /logout
613921 [http-nio-8080-exec-8] DEBUG o.s.security.web.FilterChainProxy - /jquery/jquery-2.1.3.js at position 10 of 12 in additional filter chain; firing Filter: 'SessionManagementFilter'
613921 [http-nio-8080-exec-2] DEBUG o.s.security.web.FilterChainProxy - /bootstrap/js/bootstrap.js at position 11 of 12 in additional filter chain; firing Filter: 'ExceptionTranslationFilter'
613921 [http-nio-8080-exec-1] DEBUG o.s.s.w.u.m.AntPathRequestMatcher - Checking match of request : '/bootstrap/css/bootstrap.css'; against '/bootstrap/**'
613921 [http-nio-8080-exec-1] DEBUG o.s.s.w.a.i.FilterSecurityInterceptor - Secure object: FilterInvocation: URL: /bootstrap/css/bootstrap.css; Attributes: [permitAll]
613921 [http-nio-8080-exec-8] DEBUG o.s.security.web.FilterChainProxy - /jquery/jquery-2.1.3.js at position 11 of 12 in additional filter chain; firing Filter: 'ExceptionTranslationFilter'
613921 [http-nio-8080-exec-2] DEBUG o.s.security.web.FilterChainProxy - /bootstrap/js/bootstrap.js at position 12 of 12 in additional filter chain; firing Filter: 'FilterSecurityInterceptor'
613921 [http-nio-8080-exec-1] DEBUG o.s.s.w.a.i.FilterSecurityInterceptor - Previously Authenticated: org.springframework.security.authentication.AnonymousAuthenticationToken@6fa90ed4: Principal: anonymousUser; Credentials: [PROTECTED]; Authenticated: true; Details: org.springframework.security.web.authentication.WebAuthenticationDetails@fffc7f0c: RemoteIpAddress: 127.0.0.1; SessionId: 3804353C2C2C151F407CA4B277564A11; Granted Authorities: ROLE_ANONYMOUS
613922 [http-nio-8080-exec-8] DEBUG o.s.security.web.FilterChainProxy - /jquery/jquery-2.1.3.js at position 12 of 12 in additional filter chain; firing Filter: 'FilterSecurityInterceptor'
613922 [http-nio-8080-exec-2] DEBUG o.s.s.w.u.m.AntPathRequestMatcher - Request 'GET /bootstrap/js/bootstrap.js' doesn't match 'POST /logout
613922 [http-nio-8080-exec-8] DEBUG o.s.s.w.u.m.AntPathRequestMatcher - Request 'GET /jquery/jquery-2.1.3.js' doesn't match 'POST /logout
613922 [http-nio-8080-exec-2] DEBUG o.s.s.w.u.m.AntPathRequestMatcher - Checking match of request : '/bootstrap/js/bootstrap.js'; against '/bootstrap/**'
613922 [http-nio-8080-exec-8] DEBUG o.s.s.w.u.m.AntPathRequestMatcher - Checking match of request : '/jquery/jquery-2.1.3.js'; against '/bootstrap/**'
613922 [http-nio-8080-exec-8] DEBUG o.s.s.w.u.m.AntPathRequestMatcher - Checking match of request : '/jquery/jquery-2.1.3.js'; against '/error/**'
613922 [http-nio-8080-exec-8] DEBUG o.s.s.w.u.m.AntPathRequestMatcher - Checking match of request : '/jquery/jquery-2.1.3.js'; against '/img/**'
613922 [http-nio-8080-exec-2] DEBUG o.s.s.w.a.i.FilterSecurityInterceptor - Secure object: FilterInvocation: URL: /bootstrap/js/bootstrap.js; Attributes: [permitAll]
613922 [http-nio-8080-exec-8] DEBUG o.s.s.w.u.m.AntPathRequestMatcher - Checking match of request : '/jquery/jquery-2.1.3.js'; against '/jquery/**'
613922 [http-nio-8080-exec-2] DEBUG o.s.s.w.a.i.FilterSecurityInterceptor - Previously Authenticated: org.springframework.security.authentication.AnonymousAuthenticationToken@6fa90ed4: Principal: anonymousUser; Credentials: [PROTECTED]; Authenticated: true; Details: org.springframework.security.web.authentication.WebAuthenticationDetails@fffc7f0c: RemoteIpAddress: 127.0.0.1; SessionId: 3804353C2C2C151F407CA4B277564A11; Granted Authorities: ROLE_ANONYMOUS
613922 [http-nio-8080-exec-8] DEBUG o.s.s.w.a.i.FilterSecurityInterceptor - Secure object: FilterInvocation: URL: /jquery/jquery-2.1.3.js; Attributes: [permitAll]
613922 [http-nio-8080-exec-1] DEBUG o.s.s.access.vote.AffirmativeBased - Voter: org.springframework.security.web.access.expression.WebExpressionVoter@2f6f76da, returned: 1
613922 [http-nio-8080-exec-8] DEBUG o.s.s.w.a.i.FilterSecurityInterceptor - Previously Authenticated: org.springframework.security.authentication.AnonymousAuthenticationToken@6fa90ed4: Principal: anonymousUser; Credentials: [PROTECTED]; Authenticated: true; Details: org.springframework.security.web.authentication.WebAuthenticationDetails@fffc7f0c: RemoteIpAddress: 127.0.0.1; SessionId: 3804353C2C2C151F407CA4B277564A11; Granted Authorities: ROLE_ANONYMOUS
613922 [http-nio-8080-exec-1] DEBUG o.s.s.w.a.i.FilterSecurityInterceptor - Authorization successful
613922 [http-nio-8080-exec-2] DEBUG o.s.s.access.vote.AffirmativeBased - Voter: org.springframework.security.web.access.expression.WebExpressionVoter@2f6f76da, returned: 1
613922 [http-nio-8080-exec-1] DEBUG o.s.s.w.a.i.FilterSecurityInterceptor - RunAsManager did not change Authentication object
613922 [http-nio-8080-exec-2] DEBUG o.s.s.w.a.i.FilterSecurityInterceptor - Authorization successful
613922 [http-nio-8080-exec-1] DEBUG o.s.security.web.FilterChainProxy - /bootstrap/css/bootstrap.css reached end of additional filter chain; proceeding with original chain
613922 [http-nio-8080-exec-2] DEBUG o.s.s.w.a.i.FilterSecurityInterceptor - RunAsManager did not change Authentication object
613922 [http-nio-8080-exec-8] DEBUG o.s.s.access.vote.AffirmativeBased - Voter: org.springframework.security.web.access.expression.WebExpressionVoter@2f6f76da, returned: 1
613923 [http-nio-8080-exec-2] DEBUG o.s.security.web.FilterChainProxy - /bootstrap/js/bootstrap.js reached end of additional filter chain; proceeding with original chain
613923 [http-nio-8080-exec-8] DEBUG o.s.s.w.a.i.FilterSecurityInterceptor - Authorization successful
613923 [http-nio-8080-exec-8] DEBUG o.s.s.w.a.i.FilterSecurityInterceptor - RunAsManager did not change Authentication object
613923 [http-nio-8080-exec-8] DEBUG o.s.security.web.FilterChainProxy - /jquery/jquery-2.1.3.js reached end of additional filter chain; proceeding with original chain
613923 [http-nio-8080-exec-1] DEBUG o.s.s.w.c.HttpSessionSecurityContextRepository - SecurityContext is empty or contents are anonymous - context will not be stored in HttpSession.
613924 [http-nio-8080-exec-2] DEBUG o.s.s.w.c.HttpSessionSecurityContextRepository - SecurityContext is empty or contents are anonymous - context will not be stored in HttpSession.
613924 [http-nio-8080-exec-8] DEBUG o.s.s.w.c.HttpSessionSecurityContextRepository - SecurityContext is empty or contents are anonymous - context will not be stored in HttpSession.
613925 [http-nio-8080-exec-2] DEBUG o.s.s.w.a.ExceptionTranslationFilter - Chain processed normally
613925 [http-nio-8080-exec-2] DEBUG o.s.s.w.c.SecurityContextPersistenceFilter - SecurityContextHolder now cleared, as request processing completed
613926 [http-nio-8080-exec-1] DEBUG o.s.s.w.a.ExceptionTranslationFilter - Chain processed normally
613926 [http-nio-8080-exec-1] DEBUG o.s.s.w.c.SecurityContextPersistenceFilter - SecurityContextHolder now cleared, as request processing completed
613926 [http-nio-8080-exec-8] DEBUG o.s.s.w.a.ExceptionTranslationFilter - Chain processed normally
613926 [http-nio-8080-exec-8] DEBUG o.s.s.w.c.SecurityContextPersistenceFilter - SecurityContextHolder now cleared, as request processing completed
613933 [http-nio-8080-exec-5] DEBUG o.s.s.w.u.matcher.OrRequestMatcher - Trying to match using Ant [pattern='/css/**']
613933 [http-nio-8080-exec-5] DEBUG o.s.s.w.u.m.AntPathRequestMatcher - Checking match of request : '/img/1.JPG'; against '/css/**'
613933 [http-nio-8080-exec-5] DEBUG o.s.s.w.u.matcher.OrRequestMatcher - Trying to match using Ant [pattern='/js/**']
613933 [http-nio-8080-exec-5] DEBUG o.s.s.w.u.m.AntPathRequestMatcher - Checking match of request : '/img/1.JPG'; against '/js/**'
613933 [http-nio-8080-exec-5] DEBUG o.s.s.w.u.matcher.OrRequestMatcher - Trying to match using Ant [pattern='/images/**']
613933 [http-nio-8080-exec-5] DEBUG o.s.s.w.u.m.AntPathRequestMatcher - Checking match of request : '/img/1.JPG'; against '/images/**'
613933 [http-nio-8080-exec-5] DEBUG o.s.s.w.u.matcher.OrRequestMatcher - Trying to match using Ant [pattern='/webjars/**']
613933 [http-nio-8080-exec-5] DEBUG o.s.s.w.u.m.AntPathRequestMatcher - Checking match of request : '/img/1.JPG'; against '/webjars/**'
613933 [http-nio-8080-exec-5] DEBUG o.s.s.w.u.matcher.OrRequestMatcher - Trying to match using Ant [pattern='/**/favicon.ico']
613933 [http-nio-8080-exec-5] DEBUG o.s.s.w.u.m.AntPathRequestMatcher - Checking match of request : '/img/1.JPG'; against '/**/favicon.ico'
613933 [http-nio-8080-exec-5] DEBUG o.s.s.w.u.matcher.OrRequestMatcher - Trying to match using Ant [pattern='/error']
613933 [http-nio-8080-exec-5] DEBUG o.s.s.w.u.m.AntPathRequestMatcher - Checking match of request : '/img/1.JPG'; against '/error'
613933 [http-nio-8080-exec-5] DEBUG o.s.s.w.u.matcher.OrRequestMatcher - No matches found
613933 [http-nio-8080-exec-5] DEBUG o.s.security.web.FilterChainProxy - /img/1.JPG at position 1 of 12 in additional filter chain; firing Filter: 'WebAsyncManagerIntegrationFilter'
613933 [http-nio-8080-exec-5] DEBUG o.s.security.web.FilterChainProxy - /img/1.JPG at position 2 of 12 in additional filter chain; firing Filter: 'SecurityContextPersistenceFilter'
613933 [http-nio-8080-exec-5] DEBUG o.s.s.w.c.HttpSessionSecurityContextRepository - HttpSession returned null object for SPRING_SECURITY_CONTEXT
613933 [http-nio-8080-exec-5] DEBUG o.s.s.w.c.HttpSessionSecurityContextRepository - No SecurityContext was available from the HttpSession: org.apache.catalina.session.StandardSessionFacade@6e527ce1. A new one will be created.
613933 [http-nio-8080-exec-5] DEBUG o.s.security.web.FilterChainProxy - /img/1.JPG at position 3 of 12 in additional filter chain; firing Filter: 'HeaderWriterFilter'
613933 [http-nio-8080-exec-5] DEBUG o.s.s.w.h.writers.HstsHeaderWriter - Not injecting HSTS header since it did not match the requestMatcher org.springframework.security.web.header.writers.HstsHeaderWriter$SecureRequestMatcher@6a6df5f3
613933 [http-nio-8080-exec-5] DEBUG o.s.security.web.FilterChainProxy - /img/1.JPG at position 4 of 12 in additional filter chain; firing Filter: 'CsrfFilter'
613933 [http-nio-8080-exec-5] DEBUG o.s.security.web.FilterChainProxy - /img/1.JPG at position 5 of 12 in additional filter chain; firing Filter: 'LogoutFilter'
613933 [http-nio-8080-exec-5] DEBUG o.s.s.w.u.m.AntPathRequestMatcher - Request 'GET /img/1.JPG' doesn't match 'POST /logout
613933 [http-nio-8080-exec-5] DEBUG o.s.security.web.FilterChainProxy - /img/1.JPG at position 6 of 12 in additional filter chain; firing Filter: 'UsernamePasswordAuthenticationFilter'
613933 [http-nio-8080-exec-5] DEBUG o.s.s.w.u.m.AntPathRequestMatcher - Request 'GET /img/1.JPG' doesn't match 'POST /login
613933 [http-nio-8080-exec-5] DEBUG o.s.security.web.FilterChainProxy - /img/1.JPG at position 7 of 12 in additional filter chain; firing Filter: 'RequestCacheAwareFilter'
613934 [http-nio-8080-exec-5] DEBUG o.s.s.w.s.DefaultSavedRequest - pathInfo: both null (property equals)
613934 [http-nio-8080-exec-5] DEBUG o.s.s.w.s.DefaultSavedRequest - queryString: both null (property equals)
613934 [http-nio-8080-exec-5] DEBUG o.s.s.w.s.DefaultSavedRequest - requestURI: arg1=/index; arg2=/img/1.JPG (property not equals)
613934 [http-nio-8080-exec-5] DEBUG o.s.s.w.s.HttpSessionRequestCache - saved request doesn't match
613934 [http-nio-8080-exec-5] DEBUG o.s.security.web.FilterChainProxy - /img/1.JPG at position 8 of 12 in additional filter chain; firing Filter: 'SecurityContextHolderAwareRequestFilter'
613934 [http-nio-8080-exec-5] DEBUG o.s.security.web.FilterChainProxy - /img/1.JPG at position 9 of 12 in additional filter chain; firing Filter: 'AnonymousAuthenticationFilter'
613934 [http-nio-8080-exec-5] DEBUG o.s.s.w.a.AnonymousAuthenticationFilter - Populated SecurityContextHolder with anonymous token: 'org.springframework.security.authentication.AnonymousAuthenticationToken@6fa90ed4: Principal: anonymousUser; Credentials: [PROTECTED]; Authenticated: true; Details: org.springframework.security.web.authentication.WebAuthenticationDetails@fffc7f0c: RemoteIpAddress: 127.0.0.1; SessionId: 3804353C2C2C151F407CA4B277564A11; Granted Authorities: ROLE_ANONYMOUS'
613934 [http-nio-8080-exec-5] DEBUG o.s.security.web.FilterChainProxy - /img/1.JPG at position 10 of 12 in additional filter chain; firing Filter: 'SessionManagementFilter'
613934 [http-nio-8080-exec-5] DEBUG o.s.security.web.FilterChainProxy - /img/1.JPG at position 11 of 12 in additional filter chain; firing Filter: 'ExceptionTranslationFilter'
613934 [http-nio-8080-exec-5] DEBUG o.s.security.web.FilterChainProxy - /img/1.JPG at position 12 of 12 in additional filter chain; firing Filter: 'FilterSecurityInterceptor'
613934 [http-nio-8080-exec-5] DEBUG o.s.s.w.u.m.AntPathRequestMatcher - Request 'GET /img/1.JPG' doesn't match 'POST /logout
613934 [http-nio-8080-exec-5] DEBUG o.s.s.w.u.m.AntPathRequestMatcher - Checking match of request : '/img/1.JPG'; against '/bootstrap/**'
613934 [http-nio-8080-exec-5] DEBUG o.s.s.w.u.m.AntPathRequestMatcher - Checking match of request : '/img/1.JPG'; against '/error/**'
613934 [http-nio-8080-exec-5] DEBUG o.s.s.w.u.m.AntPathRequestMatcher - Checking match of request : '/img/1.JPG'; against '/img/**'
613934 [http-nio-8080-exec-5] DEBUG o.s.s.w.a.i.FilterSecurityInterceptor - Secure object: FilterInvocation: URL: /img/1.JPG; Attributes: [permitAll]
613934 [http-nio-8080-exec-5] DEBUG o.s.s.w.a.i.FilterSecurityInterceptor - Previously Authenticated: org.springframework.security.authentication.AnonymousAuthenticationToken@6fa90ed4: Principal: anonymousUser; Credentials: [PROTECTED]; Authenticated: true; Details: org.springframework.security.web.authentication.WebAuthenticationDetails@fffc7f0c: RemoteIpAddress: 127.0.0.1; SessionId: 3804353C2C2C151F407CA4B277564A11; Granted Authorities: ROLE_ANONYMOUS
613934 [http-nio-8080-exec-5] DEBUG o.s.s.access.vote.AffirmativeBased - Voter: org.springframework.security.web.access.expression.WebExpressionVoter@2f6f76da, returned: 1
613934 [http-nio-8080-exec-5] DEBUG o.s.s.w.a.i.FilterSecurityInterceptor - Authorization successful
613934 [http-nio-8080-exec-5] DEBUG o.s.s.w.a.i.FilterSecurityInterceptor - RunAsManager did not change Authentication object
613934 [http-nio-8080-exec-5] DEBUG o.s.security.web.FilterChainProxy - /img/1.JPG reached end of additional filter chain; proceeding with original chain
613935 [http-nio-8080-exec-5] DEBUG o.s.s.w.c.HttpSessionSecurityContextRepository - SecurityContext is empty or contents are anonymous - context will not be stored in HttpSession.
613937 [http-nio-8080-exec-5] DEBUG o.s.s.w.a.ExceptionTranslationFilter - Chain processed normally
613938 [http-nio-8080-exec-5] DEBUG o.s.s.w.c.SecurityContextPersistenceFilter - SecurityContextHolder now cleared, as request processing completed
613961 [http-nio-8080-exec-4] DEBUG o.s.s.w.u.matcher.OrRequestMatcher - Trying to match using Ant [pattern='/css/**']
613961 [http-nio-8080-exec-4] DEBUG o.s.s.w.u.m.AntPathRequestMatcher - Checking match of request : '/img/1.JPG'; against '/css/**'
613961 [http-nio-8080-exec-4] DEBUG o.s.s.w.u.matcher.OrRequestMatcher - Trying to match using Ant [pattern='/js/**']
613961 [http-nio-8080-exec-4] DEBUG o.s.s.w.u.m.AntPathRequestMatcher - Checking match of request : '/img/1.JPG'; against '/js/**'
613961 [http-nio-8080-exec-4] DEBUG o.s.s.w.u.matcher.OrRequestMatcher - Trying to match using Ant [pattern='/images/**']
613961 [http-nio-8080-exec-4] DEBUG o.s.s.w.u.m.AntPathRequestMatcher - Checking match of request : '/img/1.JPG'; against '/images/**'
613961 [http-nio-8080-exec-4] DEBUG o.s.s.w.u.matcher.OrRequestMatcher - Trying to match using Ant [pattern='/webjars/**']
613961 [http-nio-8080-exec-4] DEBUG o.s.s.w.u.m.AntPathRequestMatcher - Checking match of request : '/img/1.JPG'; against '/webjars/**'
613961 [http-nio-8080-exec-4] DEBUG o.s.s.w.u.matcher.OrRequestMatcher - Trying to match using Ant [pattern='/**/favicon.ico']
613961 [http-nio-8080-exec-4] DEBUG o.s.s.w.u.m.AntPathRequestMatcher - Checking match of request : '/img/1.JPG'; against '/**/favicon.ico'
613961 [http-nio-8080-exec-4] DEBUG o.s.s.w.u.matcher.OrRequestMatcher - Trying to match using Ant [pattern='/error']
613961 [http-nio-8080-exec-4] DEBUG o.s.s.w.u.m.AntPathRequestMatcher - Checking match of request : '/img/1.JPG'; against '/error'
613961 [http-nio-8080-exec-4] DEBUG o.s.s.w.u.matcher.OrRequestMatcher - No matches found
613961 [http-nio-8080-exec-4] DEBUG o.s.security.web.FilterChainProxy - /img/1.JPG at position 1 of 12 in additional filter chain; firing Filter: 'WebAsyncManagerIntegrationFilter'
613961 [http-nio-8080-exec-4] DEBUG o.s.security.web.FilterChainProxy - /img/1.JPG at position 2 of 12 in additional filter chain; firing Filter: 'SecurityContextPersistenceFilter'
613961 [http-nio-8080-exec-4] DEBUG o.s.s.w.c.HttpSessionSecurityContextRepository - HttpSession returned null object for SPRING_SECURITY_CONTEXT
613961 [http-nio-8080-exec-4] DEBUG o.s.s.w.c.HttpSessionSecurityContextRepository - No SecurityContext was available from the HttpSession: org.apache.catalina.session.StandardSessionFacade@6e527ce1. A new one will be created.
613961 [http-nio-8080-exec-4] DEBUG o.s.security.web.FilterChainProxy - /img/1.JPG at position 3 of 12 in additional filter chain; firing Filter: 'HeaderWriterFilter'
613961 [http-nio-8080-exec-4] DEBUG o.s.s.w.h.writers.HstsHeaderWriter - Not injecting HSTS header since it did not match the requestMatcher org.springframework.security.web.header.writers.HstsHeaderWriter$SecureRequestMatcher@6a6df5f3
613962 [http-nio-8080-exec-4] DEBUG o.s.security.web.FilterChainProxy - /img/1.JPG at position 4 of 12 in additional filter chain; firing Filter: 'CsrfFilter'
613962 [http-nio-8080-exec-4] DEBUG o.s.security.web.FilterChainProxy - /img/1.JPG at position 5 of 12 in additional filter chain; firing Filter: 'LogoutFilter'
613962 [http-nio-8080-exec-4] DEBUG o.s.s.w.u.m.AntPathRequestMatcher - Request 'GET /img/1.JPG' doesn't match 'POST /logout
613962 [http-nio-8080-exec-4] DEBUG o.s.security.web.FilterChainProxy - /img/1.JPG at position 6 of 12 in additional filter chain; firing Filter: 'UsernamePasswordAuthenticationFilter'
613962 [http-nio-8080-exec-4] DEBUG o.s.s.w.u.m.AntPathRequestMatcher - Request 'GET /img/1.JPG' doesn't match 'POST /login
613962 [http-nio-8080-exec-4] DEBUG o.s.security.web.FilterChainProxy - /img/1.JPG at position 7 of 12 in additional filter chain; firing Filter: 'RequestCacheAwareFilter'
613962 [http-nio-8080-exec-4] DEBUG o.s.s.w.s.DefaultSavedRequest - pathInfo: both null (property equals)
613962 [http-nio-8080-exec-4] DEBUG o.s.s.w.s.DefaultSavedRequest - queryString: both null (property equals)
613962 [http-nio-8080-exec-4] DEBUG o.s.s.w.s.DefaultSavedRequest - requestURI: arg1=/index; arg2=/img/1.JPG (property not equals)
613965 [http-nio-8080-exec-4] DEBUG o.s.s.w.s.HttpSessionRequestCache - saved request doesn't match
613965 [http-nio-8080-exec-4] DEBUG o.s.security.web.FilterChainProxy - /img/1.JPG at position 8 of 12 in additional filter chain; firing Filter: 'SecurityContextHolderAwareRequestFilter'
613965 [http-nio-8080-exec-4] DEBUG o.s.security.web.FilterChainProxy - /img/1.JPG at position 9 of 12 in additional filter chain; firing Filter: 'AnonymousAuthenticationFilter'
613965 [http-nio-8080-exec-4] DEBUG o.s.s.w.a.AnonymousAuthenticationFilter - Populated SecurityContextHolder with anonymous token: 'org.springframework.security.authentication.AnonymousAuthenticationToken@6fa90ed4: Principal: anonymousUser; Credentials: [PROTECTED]; Authenticated: true; Details: org.springframework.security.web.authentication.WebAuthenticationDetails@fffc7f0c: RemoteIpAddress: 127.0.0.1; SessionId: 3804353C2C2C151F407CA4B277564A11; Granted Authorities: ROLE_ANONYMOUS'
613965 [http-nio-8080-exec-4] DEBUG o.s.security.web.FilterChainProxy - /img/1.JPG at position 10 of 12 in additional filter chain; firing Filter: 'SessionManagementFilter'
613965 [http-nio-8080-exec-4] DEBUG o.s.security.web.FilterChainProxy - /img/1.JPG at position 11 of 12 in additional filter chain; firing Filter: 'ExceptionTranslationFilter'
613965 [http-nio-8080-exec-4] DEBUG o.s.security.web.FilterChainProxy - /img/1.JPG at position 12 of 12 in additional filter chain; firing Filter: 'FilterSecurityInterceptor'
613965 [http-nio-8080-exec-4] DEBUG o.s.s.w.u.m.AntPathRequestMatcher - Request 'GET /img/1.JPG' doesn't match 'POST /logout
613965 [http-nio-8080-exec-4] DEBUG o.s.s.w.u.m.AntPathRequestMatcher - Checking match of request : '/img/1.JPG'; against '/bootstrap/**'
613965 [http-nio-8080-exec-4] DEBUG o.s.s.w.u.m.AntPathRequestMatcher - Checking match of request : '/img/1.JPG'; against '/error/**'
613965 [http-nio-8080-exec-4] DEBUG o.s.s.w.u.m.AntPathRequestMatcher - Checking match of request : '/img/1.JPG'; against '/img/**'
613965 [http-nio-8080-exec-4] DEBUG o.s.s.w.a.i.FilterSecurityInterceptor - Secure object: FilterInvocation: URL: /img/1.JPG; Attributes: [permitAll]
613965 [http-nio-8080-exec-4] DEBUG o.s.s.w.a.i.FilterSecurityInterceptor - Previously Authenticated: org.springframework.security.authentication.AnonymousAuthenticationToken@6fa90ed4: Principal: anonymousUser; Credentials: [PROTECTED]; Authenticated: true; Details: org.springframework.security.web.authentication.WebAuthenticationDetails@fffc7f0c: RemoteIpAddress: 127.0.0.1; SessionId: 3804353C2C2C151F407CA4B277564A11; Granted Authorities: ROLE_ANONYMOUS
613965 [http-nio-8080-exec-4] DEBUG o.s.s.access.vote.AffirmativeBased - Voter: org.springframework.security.web.access.expression.WebExpressionVoter@2f6f76da, returned: 1
613965 [http-nio-8080-exec-4] DEBUG o.s.s.w.a.i.FilterSecurityInterceptor - Authorization successful
613965 [http-nio-8080-exec-4] DEBUG o.s.s.w.a.i.FilterSecurityInterceptor - RunAsManager did not change Authentication object
613965 [http-nio-8080-exec-4] DEBUG o.s.security.web.FilterChainProxy - /img/1.JPG reached end of additional filter chain; proceeding with original chain
613966 [http-nio-8080-exec-6] DEBUG o.s.s.w.u.matcher.OrRequestMatcher - Trying to match using Ant [pattern='/css/**']
613967 [http-nio-8080-exec-6] DEBUG o.s.s.w.u.m.AntPathRequestMatcher - Checking match of request : '/bootstrap/fonts/glyphicons-halflings-regular.woff2'; against '/css/**'
613967 [http-nio-8080-exec-6] DEBUG o.s.s.w.u.matcher.OrRequestMatcher - Trying to match using Ant [pattern='/js/**']
613967 [http-nio-8080-exec-6] DEBUG o.s.s.w.u.m.AntPathRequestMatcher - Checking match of request : '/bootstrap/fonts/glyphicons-halflings-regular.woff2'; against '/js/**'
613967 [http-nio-8080-exec-6] DEBUG o.s.s.w.u.matcher.OrRequestMatcher - Trying to match using Ant [pattern='/images/**']
613967 [http-nio-8080-exec-6] DEBUG o.s.s.w.u.m.AntPathRequestMatcher - Checking match of request : '/bootstrap/fonts/glyphicons-halflings-regular.woff2'; against '/images/**'
613967 [http-nio-8080-exec-6] DEBUG o.s.s.w.u.matcher.OrRequestMatcher - Trying to match using Ant [pattern='/webjars/**']
613967 [http-nio-8080-exec-6] DEBUG o.s.s.w.u.m.AntPathRequestMatcher - Checking match of request : '/bootstrap/fonts/glyphicons-halflings-regular.woff2'; against '/webjars/**'
613967 [http-nio-8080-exec-6] DEBUG o.s.s.w.u.matcher.OrRequestMatcher - Trying to match using Ant [pattern='/**/favicon.ico']
613967 [http-nio-8080-exec-6] DEBUG o.s.s.w.u.m.AntPathRequestMatcher - Checking match of request : '/bootstrap/fonts/glyphicons-halflings-regular.woff2'; against '/**/favicon.ico'
613967 [http-nio-8080-exec-6] DEBUG o.s.s.w.u.matcher.OrRequestMatcher - Trying to match using Ant [pattern='/error']
613967 [http-nio-8080-exec-6] DEBUG o.s.s.w.u.m.AntPathRequestMatcher - Checking match of request : '/bootstrap/fonts/glyphicons-halflings-regular.woff2'; against '/error'
613967 [http-nio-8080-exec-6] DEBUG o.s.s.w.u.matcher.OrRequestMatcher - No matches found
613967 [http-nio-8080-exec-6] DEBUG o.s.security.web.FilterChainProxy - /bootstrap/fonts/glyphicons-halflings-regular.woff2 at position 1 of 12 in additional filter chain; firing Filter: 'WebAsyncManagerIntegrationFilter'
613967 [http-nio-8080-exec-6] DEBUG o.s.security.web.FilterChainProxy - /bootstrap/fonts/glyphicons-halflings-regular.woff2 at position 2 of 12 in additional filter chain; firing Filter: 'SecurityContextPersistenceFilter'
613967 [http-nio-8080-exec-6] DEBUG o.s.s.w.c.HttpSessionSecurityContextRepository - HttpSession returned null object for SPRING_SECURITY_CONTEXT
613967 [http-nio-8080-exec-6] DEBUG o.s.s.w.c.HttpSessionSecurityContextRepository - No SecurityContext was available from the HttpSession: org.apache.catalina.session.StandardSessionFacade@6e527ce1. A new one will be created.
613967 [http-nio-8080-exec-6] DEBUG o.s.security.web.FilterChainProxy - /bootstrap/fonts/glyphicons-halflings-regular.woff2 at position 3 of 12 in additional filter chain; firing Filter: 'HeaderWriterFilter'
613967 [http-nio-8080-exec-6] DEBUG o.s.s.w.h.writers.HstsHeaderWriter - Not injecting HSTS header since it did not match the requestMatcher org.springframework.security.web.header.writers.HstsHeaderWriter$SecureRequestMatcher@6a6df5f3
613967 [http-nio-8080-exec-6] DEBUG o.s.security.web.FilterChainProxy - /bootstrap/fonts/glyphicons-halflings-regular.woff2 at position 4 of 12 in additional filter chain; firing Filter: 'CsrfFilter'
613967 [http-nio-8080-exec-6] DEBUG o.s.security.web.FilterChainProxy - /bootstrap/fonts/glyphicons-halflings-regular.woff2 at position 5 of 12 in additional filter chain; firing Filter: 'LogoutFilter'
613967 [http-nio-8080-exec-6] DEBUG o.s.s.w.u.m.AntPathRequestMatcher - Request 'GET /bootstrap/fonts/glyphicons-halflings-regular.woff2' doesn't match 'POST /logout
613967 [http-nio-8080-exec-4] DEBUG o.s.s.w.c.HttpSessionSecurityContextRepository - SecurityContext is empty or contents are anonymous - context will not be stored in HttpSession.
613967 [http-nio-8080-exec-6] DEBUG o.s.security.web.FilterChainProxy - /bootstrap/fonts/glyphicons-halflings-regular.woff2 at position 6 of 12 in additional filter chain; firing Filter: 'UsernamePasswordAuthenticationFilter'
613967 [http-nio-8080-exec-6] DEBUG o.s.s.w.u.m.AntPathRequestMatcher - Request 'GET /bootstrap/fonts/glyphicons-halflings-regular.woff2' doesn't match 'POST /login
613967 [http-nio-8080-exec-6] DEBUG o.s.security.web.FilterChainProxy - /bootstrap/fonts/glyphicons-halflings-regular.woff2 at position 7 of 12 in additional filter chain; firing Filter: 'RequestCacheAwareFilter'
613967 [http-nio-8080-exec-6] DEBUG o.s.s.w.s.DefaultSavedRequest - pathInfo: both null (property equals)
613967 [http-nio-8080-exec-6] DEBUG o.s.s.w.s.DefaultSavedRequest - queryString: both null (property equals)
613967 [http-nio-8080-exec-6] DEBUG o.s.s.w.s.DefaultSavedRequest - requestURI: arg1=/index; arg2=/bootstrap/fonts/glyphicons-halflings-regular.woff2 (property not equals)
613967 [http-nio-8080-exec-6] DEBUG o.s.s.w.s.HttpSessionRequestCache - saved request doesn't match
613967 [http-nio-8080-exec-6] DEBUG o.s.security.web.FilterChainProxy - /bootstrap/fonts/glyphicons-halflings-regular.woff2 at position 8 of 12 in additional filter chain; firing Filter: 'SecurityContextHolderAwareRequestFilter'
613967 [http-nio-8080-exec-6] DEBUG o.s.security.web.FilterChainProxy - /bootstrap/fonts/glyphicons-halflings-regular.woff2 at position 9 of 12 in additional filter chain; firing Filter: 'AnonymousAuthenticationFilter'
613967 [http-nio-8080-exec-6] DEBUG o.s.s.w.a.AnonymousAuthenticationFilter - Populated SecurityContextHolder with anonymous token: 'org.springframework.security.authentication.AnonymousAuthenticationToken@6fa90ed4: Principal: anonymousUser; Credentials: [PROTECTED]; Authenticated: true; Details: org.springframework.security.web.authentication.WebAuthenticationDetails@fffc7f0c: RemoteIpAddress: 127.0.0.1; SessionId: 3804353C2C2C151F407CA4B277564A11; Granted Authorities: ROLE_ANONYMOUS'
613967 [http-nio-8080-exec-6] DEBUG o.s.security.web.FilterChainProxy - /bootstrap/fonts/glyphicons-halflings-regular.woff2 at position 10 of 12 in additional filter chain; firing Filter: 'SessionManagementFilter'
613968 [http-nio-8080-exec-6] DEBUG o.s.security.web.FilterChainProxy - /bootstrap/fonts/glyphicons-halflings-regular.woff2 at position 11 of 12 in additional filter chain; firing Filter: 'ExceptionTranslationFilter'
613968 [http-nio-8080-exec-6] DEBUG o.s.security.web.FilterChainProxy - /bootstrap/fonts/glyphicons-halflings-regular.woff2 at position 12 of 12 in additional filter chain; firing Filter: 'FilterSecurityInterceptor'
613968 [http-nio-8080-exec-6] DEBUG o.s.s.w.u.m.AntPathRequestMatcher - Request 'GET /bootstrap/fonts/glyphicons-halflings-regular.woff2' doesn't match 'POST /logout
613968 [http-nio-8080-exec-6] DEBUG o.s.s.w.u.m.AntPathRequestMatcher - Checking match of request : '/bootstrap/fonts/glyphicons-halflings-regular.woff2'; against '/bootstrap/**'
613968 [http-nio-8080-exec-6] DEBUG o.s.s.w.a.i.FilterSecurityInterceptor - Secure object: FilterInvocation: URL: /bootstrap/fonts/glyphicons-halflings-regular.woff2; Attributes: [permitAll]
613968 [http-nio-8080-exec-6] DEBUG o.s.s.w.a.i.FilterSecurityInterceptor - Previously Authenticated: org.springframework.security.authentication.AnonymousAuthenticationToken@6fa90ed4: Principal: anonymousUser; Credentials: [PROTECTED]; Authenticated: true; Details: org.springframework.security.web.authentication.WebAuthenticationDetails@fffc7f0c: RemoteIpAddress: 127.0.0.1; SessionId: 3804353C2C2C151F407CA4B277564A11; Granted Authorities: ROLE_ANONYMOUS
613968 [http-nio-8080-exec-6] DEBUG o.s.s.access.vote.AffirmativeBased - Voter: org.springframework.security.web.access.expression.WebExpressionVoter@2f6f76da, returned: 1
613968 [http-nio-8080-exec-6] DEBUG o.s.s.w.a.i.FilterSecurityInterceptor - Authorization successful
613968 [http-nio-8080-exec-6] DEBUG o.s.s.w.a.i.FilterSecurityInterceptor - RunAsManager did not change Authentication object
613968 [http-nio-8080-exec-6] DEBUG o.s.security.web.FilterChainProxy - /bootstrap/fonts/glyphicons-halflings-regular.woff2 reached end of additional filter chain; proceeding with original chain
613969 [http-nio-8080-exec-4] DEBUG o.s.s.w.a.ExceptionTranslationFilter - Chain processed normally
613970 [http-nio-8080-exec-4] DEBUG o.s.s.w.c.SecurityContextPersistenceFilter - SecurityContextHolder now cleared, as request processing completed
613970 [http-nio-8080-exec-6] DEBUG o.s.s.w.c.HttpSessionSecurityContextRepository - SecurityContext is empty or contents are anonymous - context will not be stored in HttpSession.
613971 [http-nio-8080-exec-6] DEBUG o.s.s.w.a.ExceptionTranslationFilter - Chain processed normally
613971 [http-nio-8080-exec-6] DEBUG o.s.s.w.c.SecurityContextPersistenceFilter - SecurityContextHolder now cleared, as request processing completed
619135 [http-nio-8080-exec-10] DEBUG o.s.s.w.u.matcher.OrRequestMatcher - Trying to match using Ant [pattern='/css/**']
619135 [http-nio-8080-exec-10] DEBUG o.s.s.w.u.m.AntPathRequestMatcher - Checking match of request : '/logout'; against '/css/**'
619135 [http-nio-8080-exec-10] DEBUG o.s.s.w.u.matcher.OrRequestMatcher - Trying to match using Ant [pattern='/js/**']
619135 [http-nio-8080-exec-10] DEBUG o.s.s.w.u.m.AntPathRequestMatcher - Checking match of request : '/logout'; against '/js/**'
619135 [http-nio-8080-exec-10] DEBUG o.s.s.w.u.matcher.OrRequestMatcher - Trying to match using Ant [pattern='/images/**']
619135 [http-nio-8080-exec-10] DEBUG o.s.s.w.u.m.AntPathRequestMatcher - Checking match of request : '/logout'; against '/images/**'
619135 [http-nio-8080-exec-10] DEBUG o.s.s.w.u.matcher.OrRequestMatcher - Trying to match using Ant [pattern='/webjars/**']
619135 [http-nio-8080-exec-10] DEBUG o.s.s.w.u.m.AntPathRequestMatcher - Checking match of request : '/logout'; against '/webjars/**'
619135 [http-nio-8080-exec-10] DEBUG o.s.s.w.u.matcher.OrRequestMatcher - Trying to match using Ant [pattern='/**/favicon.ico']
619135 [http-nio-8080-exec-10] DEBUG o.s.s.w.u.m.AntPathRequestMatcher - Checking match of request : '/logout'; against '/**/favicon.ico'
619135 [http-nio-8080-exec-10] DEBUG o.s.s.w.u.matcher.OrRequestMatcher - Trying to match using Ant [pattern='/error']
619135 [http-nio-8080-exec-10] DEBUG o.s.s.w.u.m.AntPathRequestMatcher - Checking match of request : '/logout'; against '/error'
619135 [http-nio-8080-exec-10] DEBUG o.s.s.w.u.matcher.OrRequestMatcher - No matches found
619135 [http-nio-8080-exec-10] DEBUG o.s.security.web.FilterChainProxy - /logout at position 1 of 12 in additional filter chain; firing Filter: 'WebAsyncManagerIntegrationFilter'
619135 [http-nio-8080-exec-10] DEBUG o.s.security.web.FilterChainProxy - /logout at position 2 of 12 in additional filter chain; firing Filter: 'SecurityContextPersistenceFilter'
619135 [http-nio-8080-exec-10] DEBUG o.s.s.w.c.HttpSessionSecurityContextRepository - HttpSession returned null object for SPRING_SECURITY_CONTEXT
619135 [http-nio-8080-exec-10] DEBUG o.s.s.w.c.HttpSessionSecurityContextRepository - No SecurityContext was available from the HttpSession: org.apache.catalina.session.StandardSessionFacade@6e527ce1. A new one will be created.
619135 [http-nio-8080-exec-10] DEBUG o.s.security.web.FilterChainProxy - /logout at position 3 of 12 in additional filter chain; firing Filter: 'HeaderWriterFilter'
619135 [http-nio-8080-exec-10] DEBUG o.s.s.w.h.writers.HstsHeaderWriter - Not injecting HSTS header since it did not match the requestMatcher org.springframework.security.web.header.writers.HstsHeaderWriter$SecureRequestMatcher@6a6df5f3
619135 [http-nio-8080-exec-10] DEBUG o.s.security.web.FilterChainProxy - /logout at position 4 of 12 in additional filter chain; firing Filter: 'CsrfFilter'
619135 [http-nio-8080-exec-10] DEBUG o.s.security.web.FilterChainProxy - /logout at position 5 of 12 in additional filter chain; firing Filter: 'LogoutFilter'
619135 [http-nio-8080-exec-10] DEBUG o.s.s.w.u.m.AntPathRequestMatcher - Request 'GET /logout' doesn't match 'POST /logout
619135 [http-nio-8080-exec-10] DEBUG o.s.security.web.FilterChainProxy - /logout at position 6 of 12 in additional filter chain; firing Filter: 'UsernamePasswordAuthenticationFilter'
619135 [http-nio-8080-exec-10] DEBUG o.s.s.w.u.m.AntPathRequestMatcher - Request 'GET /logout' doesn't match 'POST /login
619135 [http-nio-8080-exec-10] DEBUG o.s.security.web.FilterChainProxy - /logout at position 7 of 12 in additional filter chain; firing Filter: 'RequestCacheAwareFilter'
619135 [http-nio-8080-exec-10] DEBUG o.s.s.w.s.DefaultSavedRequest - pathInfo: both null (property equals)
619135 [http-nio-8080-exec-10] DEBUG o.s.s.w.s.DefaultSavedRequest - queryString: both null (property equals)
619135 [http-nio-8080-exec-10] DEBUG o.s.s.w.s.DefaultSavedRequest - requestURI: arg1=/index; arg2=/logout (property not equals)
619136 [http-nio-8080-exec-10] DEBUG o.s.s.w.s.HttpSessionRequestCache - saved request doesn't match
619136 [http-nio-8080-exec-10] DEBUG o.s.security.web.FilterChainProxy - /logout at position 8 of 12 in additional filter chain; firing Filter: 'SecurityContextHolderAwareRequestFilter'
619136 [http-nio-8080-exec-10] DEBUG o.s.security.web.FilterChainProxy - /logout at position 9 of 12 in additional filter chain; firing Filter: 'AnonymousAuthenticationFilter'
619136 [http-nio-8080-exec-10] DEBUG o.s.s.w.a.AnonymousAuthenticationFilter - Populated SecurityContextHolder with anonymous token: 'org.springframework.security.authentication.AnonymousAuthenticationToken@6fa90ed4: Principal: anonymousUser; Credentials: [PROTECTED]; Authenticated: true; Details: org.springframework.security.web.authentication.WebAuthenticationDetails@fffc7f0c: RemoteIpAddress: 127.0.0.1; SessionId: 3804353C2C2C151F407CA4B277564A11; Granted Authorities: ROLE_ANONYMOUS'
619136 [http-nio-8080-exec-10] DEBUG o.s.security.web.FilterChainProxy - /logout at position 10 of 12 in additional filter chain; firing Filter: 'SessionManagementFilter'
619136 [http-nio-8080-exec-10] DEBUG o.s.security.web.FilterChainProxy - /logout at position 11 of 12 in additional filter chain; firing Filter: 'ExceptionTranslationFilter'
619136 [http-nio-8080-exec-10] DEBUG o.s.security.web.FilterChainProxy - /logout at position 12 of 12 in additional filter chain; firing Filter: 'FilterSecurityInterceptor'
619136 [http-nio-8080-exec-10] DEBUG o.s.s.w.u.m.AntPathRequestMatcher - Request 'GET /logout' doesn't match 'POST /logout
619136 [http-nio-8080-exec-10] DEBUG o.s.s.w.u.m.AntPathRequestMatcher - Checking match of request : '/logout'; against '/bootstrap/**'
619136 [http-nio-8080-exec-10] DEBUG o.s.s.w.u.m.AntPathRequestMatcher - Checking match of request : '/logout'; against '/error/**'
619136 [http-nio-8080-exec-10] DEBUG o.s.s.w.u.m.AntPathRequestMatcher - Checking match of request : '/logout'; against '/img/**'
619136 [http-nio-8080-exec-10] DEBUG o.s.s.w.u.m.AntPathRequestMatcher - Checking match of request : '/logout'; against '/jquery/**'
619136 [http-nio-8080-exec-10] DEBUG o.s.s.w.u.m.AntPathRequestMatcher - Checking match of request : '/logout'; against '/index.html'
619136 [http-nio-8080-exec-10] DEBUG o.s.s.w.u.m.AntPathRequestMatcher - Checking match of request : '/logout'; against '/temp'
619136 [http-nio-8080-exec-10] DEBUG o.s.s.w.u.m.AntPathRequestMatcher - Checking match of request : '/logout'; against '/temp.ftl'
619136 [http-nio-8080-exec-10] DEBUG o.s.s.w.a.i.FilterSecurityInterceptor - Secure object: FilterInvocation: URL: /logout; Attributes: [authenticated]
619136 [http-nio-8080-exec-10] DEBUG o.s.s.w.a.i.FilterSecurityInterceptor - Previously Authenticated: org.springframework.security.authentication.AnonymousAuthenticationToken@6fa90ed4: Principal: anonymousUser; Credentials: [PROTECTED]; Authenticated: true; Details: org.springframework.security.web.authentication.WebAuthenticationDetails@fffc7f0c: RemoteIpAddress: 127.0.0.1; SessionId: 3804353C2C2C151F407CA4B277564A11; Granted Authorities: ROLE_ANONYMOUS
619136 [http-nio-8080-exec-10] DEBUG o.s.s.access.vote.AffirmativeBased - Voter: org.springframework.security.web.access.expression.WebExpressionVoter@2f6f76da, returned: -1
619137 [http-nio-8080-exec-10] DEBUG o.s.s.w.a.ExceptionTranslationFilter - Access is denied (user is anonymous); redirecting to authentication entry point
org.springframework.security.access.AccessDeniedException: Access is denied
	at org.springframework.security.access.vote.AffirmativeBased.decide(AffirmativeBased.java:84)
	at org.springframework.security.access.intercept.AbstractSecurityInterceptor.beforeInvocation(AbstractSecurityInterceptor.java:233)
	at org.springframework.security.web.access.intercept.FilterSecurityInterceptor.invoke(FilterSecurityInterceptor.java:124)
	at org.springframework.security.web.access.intercept.FilterSecurityInterceptor.doFilter(FilterSecurityInterceptor.java:91)
	at org.springframework.security.web.FilterChainProxy$VirtualFilterChain.doFilter(FilterChainProxy.java:331)
	at org.springframework.security.web.access.ExceptionTranslationFilter.doFilter(ExceptionTranslationFilter.java:114)
	at org.springframework.security.web.FilterChainProxy$VirtualFilterChain.doFilter(FilterChainProxy.java:331)
	at org.springframework.security.web.session.SessionManagementFilter.doFilter(SessionManagementFilter.java:137)
	at org.springframework.security.web.FilterChainProxy$VirtualFilterChain.doFilter(FilterChainProxy.java:331)
	at org.springframework.security.web.authentication.AnonymousAuthenticationFilter.doFilter(AnonymousAuthenticationFilter.java:111)
	at org.springframework.security.web.FilterChainProxy$VirtualFilterChain.doFilter(FilterChainProxy.java:331)
	at org.springframework.security.web.servletapi.SecurityContextHolderAwareRequestFilter.doFilter(SecurityContextHolderAwareRequestFilter.java:170)
	at org.springframework.security.web.FilterChainProxy$VirtualFilterChain.doFilter(FilterChainProxy.java:331)
	at org.springframework.security.web.savedrequest.RequestCacheAwareFilter.doFilter(RequestCacheAwareFilter.java:63)
	at org.springframework.security.web.FilterChainProxy$VirtualFilterChain.doFilter(FilterChainProxy.java:331)
	at org.springframework.security.web.authentication.AbstractAuthenticationProcessingFilter.doFilter(AbstractAuthenticationProcessingFilter.java:200)
	at org.springframework.security.web.FilterChainProxy$VirtualFilterChain.doFilter(FilterChainProxy.java:331)
	at org.springframework.security.web.authentication.logout.LogoutFilter.doFilter(LogoutFilter.java:116)
	at org.springframework.security.web.FilterChainProxy$VirtualFilterChain.doFilter(FilterChainProxy.java:331)
	at org.springframework.security.web.csrf.CsrfFilter.doFilterInternal(CsrfFilter.java:100)
	at org.springframework.web.filter.OncePerRequestFilter.doFilter(OncePerRequestFilter.java:107)
	at org.springframework.security.web.FilterChainProxy$VirtualFilterChain.doFilter(FilterChainProxy.java:331)
	at org.springframework.security.web.header.HeaderWriterFilter.doFilterInternal(HeaderWriterFilter.java:64)
	at org.springframework.web.filter.OncePerRequestFilter.doFilter(OncePerRequestFilter.java:107)
	at org.springframework.security.web.FilterChainProxy$VirtualFilterChain.doFilter(FilterChainProxy.java:331)
	at org.springframework.security.web.context.SecurityContextPersistenceFilter.doFilter(SecurityContextPersistenceFilter.java:105)
	at org.springframework.security.web.FilterChainProxy$VirtualFilterChain.doFilter(FilterChainProxy.java:331)
	at org.springframework.security.web.context.request.async.WebAsyncManagerIntegrationFilter.doFilterInternal(WebAsyncManagerIntegrationFilter.java:56)
	at org.springframework.web.filter.OncePerRequestFilter.doFilter(OncePerRequestFilter.java:107)
	at org.springframework.security.web.FilterChainProxy$VirtualFilterChain.doFilter(FilterChainProxy.java:331)
	at org.springframework.security.web.FilterChainProxy.doFilterInternal(FilterChainProxy.java:214)
	at org.springframework.security.web.FilterChainProxy.doFilter(FilterChainProxy.java:177)
	at org.springframework.web.filter.DelegatingFilterProxy.invokeDelegate(DelegatingFilterProxy.java:347)
	at org.springframework.web.filter.DelegatingFilterProxy.doFilter(DelegatingFilterProxy.java:263)
	at org.apache.catalina.core.ApplicationFilterChain.internalDoFilter(ApplicationFilterChain.java:193)
	at org.apache.catalina.core.ApplicationFilterChain.doFilter(ApplicationFilterChain.java:166)
	at org.springframework.web.filter.RequestContextFilter.doFilterInternal(RequestContextFilter.java:99)
	at org.springframework.web.filter.OncePerRequestFilter.doFilter(OncePerRequestFilter.java:107)
	at org.apache.catalina.core.ApplicationFilterChain.internalDoFilter(ApplicationFilterChain.java:193)
	at org.apache.catalina.core.ApplicationFilterChain.doFilter(ApplicationFilterChain.java:166)
	at org.springframework.web.filter.HttpPutFormContentFilter.doFilterInternal(HttpPutFormContentFilter.java:108)
	at org.springframework.web.filter.OncePerRequestFilter.doFilter(OncePerRequestFilter.java:107)
	at org.apache.catalina.core.ApplicationFilterChain.internalDoFilter(ApplicationFilterChain.java:193)
	at org.apache.catalina.core.ApplicationFilterChain.doFilter(ApplicationFilterChain.java:166)
	at org.springframework.web.filter.HiddenHttpMethodFilter.doFilterInternal(HiddenHttpMethodFilter.java:81)
	at org.springframework.web.filter.OncePerRequestFilter.doFilter(OncePerRequestFilter.java:107)
	at org.apache.catalina.core.ApplicationFilterChain.internalDoFilter(ApplicationFilterChain.java:193)
	at org.apache.catalina.core.ApplicationFilterChain.doFilter(ApplicationFilterChain.java:166)
	at org.springframework.web.filter.CharacterEncodingFilter.doFilterInternal(CharacterEncodingFilter.java:197)
	at org.springframework.web.filter.OncePerRequestFilter.doFilter(OncePerRequestFilter.java:107)
	at org.apache.catalina.core.ApplicationFilterChain.internalDoFilter(ApplicationFilterChain.java:193)
	at org.apache.catalina.core.ApplicationFilterChain.doFilter(ApplicationFilterChain.java:166)
	at org.apache.catalina.core.StandardWrapperValve.invoke(StandardWrapperValve.java:199)
	at org.apache.catalina.core.StandardContextValve.invoke(StandardContextValve.java:96)
	at org.apache.catalina.authenticator.AuthenticatorBase.invoke(AuthenticatorBase.java:478)
	at org.apache.catalina.core.StandardHostValve.invoke(StandardHostValve.java:140)
	at org.apache.catalina.valves.ErrorReportValve.invoke(ErrorReportValve.java:81)
	at org.apache.catalina.core.StandardEngineValve.invoke(StandardEngineValve.java:87)
	at org.apache.catalina.connector.CoyoteAdapter.service(CoyoteAdapter.java:342)
	at org.apache.coyote.http11.Http11Processor.service(Http11Processor.java:803)
	at org.apache.coyote.AbstractProcessorLight.process(AbstractProcessorLight.java:66)
	at org.apache.coyote.AbstractProtocol$ConnectionHandler.process(AbstractProtocol.java:868)
	at org.apache.tomcat.util.net.NioEndpoint$SocketProcessor.doRun(NioEndpoint.java:1459)
	at org.apache.tomcat.util.net.SocketProcessorBase.run(SocketProcessorBase.java:49)
	at java.util.concurrent.ThreadPoolExecutor.runWorker(ThreadPoolExecutor.java:1149)
	at java.util.concurrent.ThreadPoolExecutor$Worker.run(ThreadPoolExecutor.java:624)
	at org.apache.tomcat.util.threads.TaskThread$WrappingRunnable.run(TaskThread.java:61)
	at java.lang.Thread.run(Thread.java:748)
619138 [http-nio-8080-exec-10] DEBUG o.s.s.w.u.matcher.AndRequestMatcher - Trying to match using Ant [pattern='/**', GET]
619138 [http-nio-8080-exec-10] DEBUG o.s.s.w.u.m.AntPathRequestMatcher - Request '/logout' matched by universal pattern '/**'
619138 [http-nio-8080-exec-10] DEBUG o.s.s.w.u.matcher.AndRequestMatcher - Trying to match using NegatedRequestMatcher [requestMatcher=Ant [pattern='/**/favicon.ico']]
619138 [http-nio-8080-exec-10] DEBUG o.s.s.w.u.m.AntPathRequestMatcher - Checking match of request : '/logout'; against '/**/favicon.ico'
619138 [http-nio-8080-exec-10] DEBUG o.s.s.w.u.m.NegatedRequestMatcher - matches = true
619138 [http-nio-8080-exec-10] DEBUG o.s.s.w.u.matcher.AndRequestMatcher - Trying to match using NegatedRequestMatcher [requestMatcher=MediaTypeRequestMatcher [contentNegotiationStrategy=org.springframework.web.accept.ContentNegotiationManager@23f067ec, matchingMediaTypes=[application/json], useEquals=false, ignoredMediaTypes=[*/*]]]
619138 [http-nio-8080-exec-10] DEBUG o.s.s.w.u.m.MediaTypeRequestMatcher - httpRequestMediaTypes=[text/html, application/xhtml+xml, image/webp, image/apng, application/xml;q=0.9, */*;q=0.8]
619138 [http-nio-8080-exec-10] DEBUG o.s.s.w.u.m.MediaTypeRequestMatcher - Processing text/html
619138 [http-nio-8080-exec-10] DEBUG o.s.s.w.u.m.MediaTypeRequestMatcher - application/json .isCompatibleWith text/html = false
619138 [http-nio-8080-exec-10] DEBUG o.s.s.w.u.m.MediaTypeRequestMatcher - Processing application/xhtml+xml
619138 [http-nio-8080-exec-10] DEBUG o.s.s.w.u.m.MediaTypeRequestMatcher - application/json .isCompatibleWith application/xhtml+xml = false
619138 [http-nio-8080-exec-10] DEBUG o.s.s.w.u.m.MediaTypeRequestMatcher - Processing image/webp
619138 [http-nio-8080-exec-10] DEBUG o.s.s.w.u.m.MediaTypeRequestMatcher - application/json .isCompatibleWith image/webp = false
619138 [http-nio-8080-exec-10] DEBUG o.s.s.w.u.m.MediaTypeRequestMatcher - Processing image/apng
619138 [http-nio-8080-exec-10] DEBUG o.s.s.w.u.m.MediaTypeRequestMatcher - application/json .isCompatibleWith image/apng = false
619138 [http-nio-8080-exec-10] DEBUG o.s.s.w.u.m.MediaTypeRequestMatcher - Processing application/xml;q=0.9
619138 [http-nio-8080-exec-10] DEBUG o.s.s.w.u.m.MediaTypeRequestMatcher - application/json .isCompatibleWith application/xml;q=0.9 = false
619138 [http-nio-8080-exec-10] DEBUG o.s.s.w.u.m.MediaTypeRequestMatcher - Processing */*;q=0.8
619138 [http-nio-8080-exec-10] DEBUG o.s.s.w.u.m.MediaTypeRequestMatcher - Ignoring
619138 [http-nio-8080-exec-10] DEBUG o.s.s.w.u.m.MediaTypeRequestMatcher - Did not match any media types
619138 [http-nio-8080-exec-10] DEBUG o.s.s.w.u.m.NegatedRequestMatcher - matches = true
619138 [http-nio-8080-exec-10] DEBUG o.s.s.w.u.matcher.AndRequestMatcher - Trying to match using NegatedRequestMatcher [requestMatcher=RequestHeaderRequestMatcher [expectedHeaderName=X-Requested-With, expectedHeaderValue=XMLHttpRequest]]
619138 [http-nio-8080-exec-10] DEBUG o.s.s.w.u.m.NegatedRequestMatcher - matches = true
619138 [http-nio-8080-exec-10] DEBUG o.s.s.w.u.matcher.AndRequestMatcher - All requestMatchers returned true
619139 [http-nio-8080-exec-10] DEBUG o.s.s.w.s.HttpSessionRequestCache - DefaultSavedRequest added to Session: DefaultSavedRequest[http://localhost:8080/logout]
619139 [http-nio-8080-exec-10] DEBUG o.s.s.w.a.ExceptionTranslationFilter - Calling Authentication entry point.
619139 [http-nio-8080-exec-10] DEBUG o.s.s.web.DefaultRedirectStrategy - Redirecting to 'http://localhost:8080/login'
619139 [http-nio-8080-exec-10] DEBUG o.s.s.w.c.HttpSessionSecurityContextRepository - SecurityContext is empty or contents are anonymous - context will not be stored in HttpSession.
619139 [http-nio-8080-exec-10] DEBUG o.s.s.w.c.SecurityContextPersistenceFilter - SecurityContextHolder now cleared, as request processing completed
619141 [http-nio-8080-exec-9] DEBUG o.s.s.w.u.matcher.OrRequestMatcher - Trying to match using Ant [pattern='/css/**']
619141 [http-nio-8080-exec-9] DEBUG o.s.s.w.u.m.AntPathRequestMatcher - Checking match of request : '/login'; against '/css/**'
619141 [http-nio-8080-exec-9] DEBUG o.s.s.w.u.matcher.OrRequestMatcher - Trying to match using Ant [pattern='/js/**']
619141 [http-nio-8080-exec-9] DEBUG o.s.s.w.u.m.AntPathRequestMatcher - Checking match of request : '/login'; against '/js/**'
619141 [http-nio-8080-exec-9] DEBUG o.s.s.w.u.matcher.OrRequestMatcher - Trying to match using Ant [pattern='/images/**']
619141 [http-nio-8080-exec-9] DEBUG o.s.s.w.u.m.AntPathRequestMatcher - Checking match of request : '/login'; against '/images/**'
619141 [http-nio-8080-exec-9] DEBUG o.s.s.w.u.matcher.OrRequestMatcher - Trying to match using Ant [pattern='/webjars/**']
619141 [http-nio-8080-exec-9] DEBUG o.s.s.w.u.m.AntPathRequestMatcher - Checking match of request : '/login'; against '/webjars/**'
619141 [http-nio-8080-exec-9] DEBUG o.s.s.w.u.matcher.OrRequestMatcher - Trying to match using Ant [pattern='/**/favicon.ico']
619142 [http-nio-8080-exec-9] DEBUG o.s.s.w.u.m.AntPathRequestMatcher - Checking match of request : '/login'; against '/**/favicon.ico'
619142 [http-nio-8080-exec-9] DEBUG o.s.s.w.u.matcher.OrRequestMatcher - Trying to match using Ant [pattern='/error']
619142 [http-nio-8080-exec-9] DEBUG o.s.s.w.u.m.AntPathRequestMatcher - Checking match of request : '/login'; against '/error'
619142 [http-nio-8080-exec-9] DEBUG o.s.s.w.u.matcher.OrRequestMatcher - No matches found
619142 [http-nio-8080-exec-9] DEBUG o.s.security.web.FilterChainProxy - /login at position 1 of 12 in additional filter chain; firing Filter: 'WebAsyncManagerIntegrationFilter'
619142 [http-nio-8080-exec-9] DEBUG o.s.security.web.FilterChainProxy - /login at position 2 of 12 in additional filter chain; firing Filter: 'SecurityContextPersistenceFilter'
619142 [http-nio-8080-exec-9] DEBUG o.s.s.w.c.HttpSessionSecurityContextRepository - HttpSession returned null object for SPRING_SECURITY_CONTEXT
619142 [http-nio-8080-exec-9] DEBUG o.s.s.w.c.HttpSessionSecurityContextRepository - No SecurityContext was available from the HttpSession: org.apache.catalina.session.StandardSessionFacade@6e527ce1. A new one will be created.
619142 [http-nio-8080-exec-9] DEBUG o.s.security.web.FilterChainProxy - /login at position 3 of 12 in additional filter chain; firing Filter: 'HeaderWriterFilter'
619142 [http-nio-8080-exec-9] DEBUG o.s.s.w.h.writers.HstsHeaderWriter - Not injecting HSTS header since it did not match the requestMatcher org.springframework.security.web.header.writers.HstsHeaderWriter$SecureRequestMatcher@6a6df5f3
619142 [http-nio-8080-exec-9] DEBUG o.s.security.web.FilterChainProxy - /login at position 4 of 12 in additional filter chain; firing Filter: 'CsrfFilter'
619142 [http-nio-8080-exec-9] DEBUG o.s.security.web.FilterChainProxy - /login at position 5 of 12 in additional filter chain; firing Filter: 'LogoutFilter'
619142 [http-nio-8080-exec-9] DEBUG o.s.s.w.u.m.AntPathRequestMatcher - Request 'GET /login' doesn't match 'POST /logout
619142 [http-nio-8080-exec-9] DEBUG o.s.security.web.FilterChainProxy - /login at position 6 of 12 in additional filter chain; firing Filter: 'UsernamePasswordAuthenticationFilter'
619142 [http-nio-8080-exec-9] DEBUG o.s.s.w.u.m.AntPathRequestMatcher - Request 'GET /login' doesn't match 'POST /login
619142 [http-nio-8080-exec-9] DEBUG o.s.security.web.FilterChainProxy - /login at position 7 of 12 in additional filter chain; firing Filter: 'RequestCacheAwareFilter'
619142 [http-nio-8080-exec-9] DEBUG o.s.s.w.s.DefaultSavedRequest - pathInfo: both null (property equals)
619142 [http-nio-8080-exec-9] DEBUG o.s.s.w.s.DefaultSavedRequest - queryString: both null (property equals)
619142 [http-nio-8080-exec-9] DEBUG o.s.s.w.s.DefaultSavedRequest - requestURI: arg1=/logout; arg2=/login (property not equals)
619146 [http-nio-8080-exec-9] DEBUG o.s.s.w.s.HttpSessionRequestCache - saved request doesn't match
619146 [http-nio-8080-exec-9] DEBUG o.s.security.web.FilterChainProxy - /login at position 8 of 12 in additional filter chain; firing Filter: 'SecurityContextHolderAwareRequestFilter'
619146 [http-nio-8080-exec-9] DEBUG o.s.security.web.FilterChainProxy - /login at position 9 of 12 in additional filter chain; firing Filter: 'AnonymousAuthenticationFilter'
619146 [http-nio-8080-exec-9] DEBUG o.s.s.w.a.AnonymousAuthenticationFilter - Populated SecurityContextHolder with anonymous token: 'org.springframework.security.authentication.AnonymousAuthenticationToken@6fa90ed4: Principal: anonymousUser; Credentials: [PROTECTED]; Authenticated: true; Details: org.springframework.security.web.authentication.WebAuthenticationDetails@fffc7f0c: RemoteIpAddress: 127.0.0.1; SessionId: 3804353C2C2C151F407CA4B277564A11; Granted Authorities: ROLE_ANONYMOUS'
619146 [http-nio-8080-exec-9] DEBUG o.s.security.web.FilterChainProxy - /login at position 10 of 12 in additional filter chain; firing Filter: 'SessionManagementFilter'
619146 [http-nio-8080-exec-9] DEBUG o.s.security.web.FilterChainProxy - /login at position 11 of 12 in additional filter chain; firing Filter: 'ExceptionTranslationFilter'
619146 [http-nio-8080-exec-9] DEBUG o.s.security.web.FilterChainProxy - /login at position 12 of 12 in additional filter chain; firing Filter: 'FilterSecurityInterceptor'
619146 [http-nio-8080-exec-9] DEBUG o.s.s.w.a.i.FilterSecurityInterceptor - Secure object: FilterInvocation: URL: /login; Attributes: [permitAll]
619146 [http-nio-8080-exec-9] DEBUG o.s.s.w.a.i.FilterSecurityInterceptor - Previously Authenticated: org.springframework.security.authentication.AnonymousAuthenticationToken@6fa90ed4: Principal: anonymousUser; Credentials: [PROTECTED]; Authenticated: true; Details: org.springframework.security.web.authentication.WebAuthenticationDetails@fffc7f0c: RemoteIpAddress: 127.0.0.1; SessionId: 3804353C2C2C151F407CA4B277564A11; Granted Authorities: ROLE_ANONYMOUS
619146 [http-nio-8080-exec-9] DEBUG o.s.s.access.vote.AffirmativeBased - Voter: org.springframework.security.web.access.expression.WebExpressionVoter@2f6f76da, returned: 1
619146 [http-nio-8080-exec-9] DEBUG o.s.s.w.a.i.FilterSecurityInterceptor - Authorization successful
619146 [http-nio-8080-exec-9] DEBUG o.s.s.w.a.i.FilterSecurityInterceptor - RunAsManager did not change Authentication object
619146 [http-nio-8080-exec-9] DEBUG o.s.security.web.FilterChainProxy - /login reached end of additional filter chain; proceeding with original chain
619149 [http-nio-8080-exec-9] DEBUG o.s.s.w.c.HttpSessionSecurityContextRepository - SecurityContext is empty or contents are anonymous - context will not be stored in HttpSession.
619150 [http-nio-8080-exec-9] DEBUG o.s.s.w.a.ExceptionTranslationFilter - Chain processed normally
619150 [http-nio-8080-exec-9] DEBUG o.s.s.w.c.SecurityContextPersistenceFilter - SecurityContextHolder now cleared, as request processing completed
619157 [http-nio-8080-exec-2] DEBUG o.s.s.w.u.matcher.OrRequestMatcher - Trying to match using Ant [pattern='/css/**']
619157 [http-nio-8080-exec-1] DEBUG o.s.s.w.u.matcher.OrRequestMatcher - Trying to match using Ant [pattern='/css/**']
619157 [http-nio-8080-exec-3] DEBUG o.s.s.w.u.matcher.OrRequestMatcher - Trying to match using Ant [pattern='/css/**']
619157 [http-nio-8080-exec-1] DEBUG o.s.s.w.u.m.AntPathRequestMatcher - Checking match of request : '/bootstrap/js/bootstrap.js'; against '/css/**'
619157 [http-nio-8080-exec-2] DEBUG o.s.s.w.u.m.AntPathRequestMatcher - Checking match of request : '/jquery/jquery-2.1.3.js'; against '/css/**'
619157 [http-nio-8080-exec-1] DEBUG o.s.s.w.u.matcher.OrRequestMatcher - Trying to match using Ant [pattern='/js/**']
619157 [http-nio-8080-exec-3] DEBUG o.s.s.w.u.m.AntPathRequestMatcher - Checking match of request : '/bootstrap/css/bootstrap.css'; against '/css/**'
619157 [http-nio-8080-exec-2] DEBUG o.s.s.w.u.matcher.OrRequestMatcher - Trying to match using Ant [pattern='/js/**']
619157 [http-nio-8080-exec-3] DEBUG o.s.s.w.u.matcher.OrRequestMatcher - Trying to match using Ant [pattern='/js/**']
619157 [http-nio-8080-exec-1] DEBUG o.s.s.w.u.m.AntPathRequestMatcher - Checking match of request : '/bootstrap/js/bootstrap.js'; against '/js/**'
619157 [http-nio-8080-exec-2] DEBUG o.s.s.w.u.m.AntPathRequestMatcher - Checking match of request : '/jquery/jquery-2.1.3.js'; against '/js/**'
619157 [http-nio-8080-exec-3] DEBUG o.s.s.w.u.m.AntPathRequestMatcher - Checking match of request : '/bootstrap/css/bootstrap.css'; against '/js/**'
619157 [http-nio-8080-exec-1] DEBUG o.s.s.w.u.matcher.OrRequestMatcher - Trying to match using Ant [pattern='/images/**']
619157 [http-nio-8080-exec-2] DEBUG o.s.s.w.u.matcher.OrRequestMatcher - Trying to match using Ant [pattern='/images/**']
619157 [http-nio-8080-exec-3] DEBUG o.s.s.w.u.matcher.OrRequestMatcher - Trying to match using Ant [pattern='/images/**']
619157 [http-nio-8080-exec-1] DEBUG o.s.s.w.u.m.AntPathRequestMatcher - Checking match of request : '/bootstrap/js/bootstrap.js'; against '/images/**'
619157 [http-nio-8080-exec-2] DEBUG o.s.s.w.u.m.AntPathRequestMatcher - Checking match of request : '/jquery/jquery-2.1.3.js'; against '/images/**'
619158 [http-nio-8080-exec-3] DEBUG o.s.s.w.u.m.AntPathRequestMatcher - Checking match of request : '/bootstrap/css/bootstrap.css'; against '/images/**'
619158 [http-nio-8080-exec-1] DEBUG o.s.s.w.u.matcher.OrRequestMatcher - Trying to match using Ant [pattern='/webjars/**']
619158 [http-nio-8080-exec-2] DEBUG o.s.s.w.u.matcher.OrRequestMatcher - Trying to match using Ant [pattern='/webjars/**']
619158 [http-nio-8080-exec-3] DEBUG o.s.s.w.u.matcher.OrRequestMatcher - Trying to match using Ant [pattern='/webjars/**']
619158 [http-nio-8080-exec-2] DEBUG o.s.s.w.u.m.AntPathRequestMatcher - Checking match of request : '/jquery/jquery-2.1.3.js'; against '/webjars/**'
619158 [http-nio-8080-exec-3] DEBUG o.s.s.w.u.m.AntPathRequestMatcher - Checking match of request : '/bootstrap/css/bootstrap.css'; against '/webjars/**'
619158 [http-nio-8080-exec-2] DEBUG o.s.s.w.u.matcher.OrRequestMatcher - Trying to match using Ant [pattern='/**/favicon.ico']
619158 [http-nio-8080-exec-2] DEBUG o.s.s.w.u.m.AntPathRequestMatcher - Checking match of request : '/jquery/jquery-2.1.3.js'; against '/**/favicon.ico'
619158 [http-nio-8080-exec-1] DEBUG o.s.s.w.u.m.AntPathRequestMatcher - Checking match of request : '/bootstrap/js/bootstrap.js'; against '/webjars/**'
619158 [http-nio-8080-exec-3] DEBUG o.s.s.w.u.matcher.OrRequestMatcher - Trying to match using Ant [pattern='/**/favicon.ico']
619158 [http-nio-8080-exec-1] DEBUG o.s.s.w.u.matcher.OrRequestMatcher - Trying to match using Ant [pattern='/**/favicon.ico']
619158 [http-nio-8080-exec-3] DEBUG o.s.s.w.u.m.AntPathRequestMatcher - Checking match of request : '/bootstrap/css/bootstrap.css'; against '/**/favicon.ico'
619158 [http-nio-8080-exec-2] DEBUG o.s.s.w.u.matcher.OrRequestMatcher - Trying to match using Ant [pattern='/error']
619158 [http-nio-8080-exec-1] DEBUG o.s.s.w.u.m.AntPathRequestMatcher - Checking match of request : '/bootstrap/js/bootstrap.js'; against '/**/favicon.ico'
619161 [http-nio-8080-exec-3] DEBUG o.s.s.w.u.matcher.OrRequestMatcher - Trying to match using Ant [pattern='/error']
619161 [http-nio-8080-exec-1] DEBUG o.s.s.w.u.matcher.OrRequestMatcher - Trying to match using Ant [pattern='/error']
619161 [http-nio-8080-exec-2] DEBUG o.s.s.w.u.m.AntPathRequestMatcher - Checking match of request : '/jquery/jquery-2.1.3.js'; against '/error'
619161 [http-nio-8080-exec-3] DEBUG o.s.s.w.u.m.AntPathRequestMatcher - Checking match of request : '/bootstrap/css/bootstrap.css'; against '/error'
619161 [http-nio-8080-exec-2] DEBUG o.s.s.w.u.matcher.OrRequestMatcher - No matches found
619161 [http-nio-8080-exec-3] DEBUG o.s.s.w.u.matcher.OrRequestMatcher - No matches found
619161 [http-nio-8080-exec-1] DEBUG o.s.s.w.u.m.AntPathRequestMatcher - Checking match of request : '/bootstrap/js/bootstrap.js'; against '/error'
619161 [http-nio-8080-exec-2] DEBUG o.s.security.web.FilterChainProxy - /jquery/jquery-2.1.3.js at position 1 of 12 in additional filter chain; firing Filter: 'WebAsyncManagerIntegrationFilter'
619161 [http-nio-8080-exec-3] DEBUG o.s.security.web.FilterChainProxy - /bootstrap/css/bootstrap.css at position 1 of 12 in additional filter chain; firing Filter: 'WebAsyncManagerIntegrationFilter'
619161 [http-nio-8080-exec-3] DEBUG o.s.security.web.FilterChainProxy - /bootstrap/css/bootstrap.css at position 2 of 12 in additional filter chain; firing Filter: 'SecurityContextPersistenceFilter'
619161 [http-nio-8080-exec-2] DEBUG o.s.security.web.FilterChainProxy - /jquery/jquery-2.1.3.js at position 2 of 12 in additional filter chain; firing Filter: 'SecurityContextPersistenceFilter'
619161 [http-nio-8080-exec-1] DEBUG o.s.s.w.u.matcher.OrRequestMatcher - No matches found
619161 [http-nio-8080-exec-2] DEBUG o.s.s.w.c.HttpSessionSecurityContextRepository - HttpSession returned null object for SPRING_SECURITY_CONTEXT
619161 [http-nio-8080-exec-3] DEBUG o.s.s.w.c.HttpSessionSecurityContextRepository - HttpSession returned null object for SPRING_SECURITY_CONTEXT
619161 [http-nio-8080-exec-1] DEBUG o.s.security.web.FilterChainProxy - /bootstrap/js/bootstrap.js at position 1 of 12 in additional filter chain; firing Filter: 'WebAsyncManagerIntegrationFilter'
619161 [http-nio-8080-exec-3] DEBUG o.s.s.w.c.HttpSessionSecurityContextRepository - No SecurityContext was available from the HttpSession: org.apache.catalina.session.StandardSessionFacade@6e527ce1. A new one will be created.
619161 [http-nio-8080-exec-2] DEBUG o.s.s.w.c.HttpSessionSecurityContextRepository - No SecurityContext was available from the HttpSession: org.apache.catalina.session.StandardSessionFacade@6e527ce1. A new one will be created.
619161 [http-nio-8080-exec-1] DEBUG o.s.security.web.FilterChainProxy - /bootstrap/js/bootstrap.js at position 2 of 12 in additional filter chain; firing Filter: 'SecurityContextPersistenceFilter'
619161 [http-nio-8080-exec-3] DEBUG o.s.security.web.FilterChainProxy - /bootstrap/css/bootstrap.css at position 3 of 12 in additional filter chain; firing Filter: 'HeaderWriterFilter'
619161 [http-nio-8080-exec-2] DEBUG o.s.security.web.FilterChainProxy - /jquery/jquery-2.1.3.js at position 3 of 12 in additional filter chain; firing Filter: 'HeaderWriterFilter'
619161 [http-nio-8080-exec-1] DEBUG o.s.s.w.c.HttpSessionSecurityContextRepository - HttpSession returned null object for SPRING_SECURITY_CONTEXT
619161 [http-nio-8080-exec-1] DEBUG o.s.s.w.c.HttpSessionSecurityContextRepository - No SecurityContext was available from the HttpSession: org.apache.catalina.session.StandardSessionFacade@6e527ce1. A new one will be created.
619161 [http-nio-8080-exec-3] DEBUG o.s.s.w.h.writers.HstsHeaderWriter - Not injecting HSTS header since it did not match the requestMatcher org.springframework.security.web.header.writers.HstsHeaderWriter$SecureRequestMatcher@6a6df5f3
619161 [http-nio-8080-exec-2] DEBUG o.s.s.w.h.writers.HstsHeaderWriter - Not injecting HSTS header since it did not match the requestMatcher org.springframework.security.web.header.writers.HstsHeaderWriter$SecureRequestMatcher@6a6df5f3
619161 [http-nio-8080-exec-3] DEBUG o.s.security.web.FilterChainProxy - /bootstrap/css/bootstrap.css at position 4 of 12 in additional filter chain; firing Filter: 'CsrfFilter'
619161 [http-nio-8080-exec-2] DEBUG o.s.security.web.FilterChainProxy - /jquery/jquery-2.1.3.js at position 4 of 12 in additional filter chain; firing Filter: 'CsrfFilter'
619161 [http-nio-8080-exec-1] DEBUG o.s.security.web.FilterChainProxy - /bootstrap/js/bootstrap.js at position 3 of 12 in additional filter chain; firing Filter: 'HeaderWriterFilter'
619161 [http-nio-8080-exec-2] DEBUG o.s.security.web.FilterChainProxy - /jquery/jquery-2.1.3.js at position 5 of 12 in additional filter chain; firing Filter: 'LogoutFilter'
619161 [http-nio-8080-exec-3] DEBUG o.s.security.web.FilterChainProxy - /bootstrap/css/bootstrap.css at position 5 of 12 in additional filter chain; firing Filter: 'LogoutFilter'
619161 [http-nio-8080-exec-2] DEBUG o.s.s.w.u.m.AntPathRequestMatcher - Request 'GET /jquery/jquery-2.1.3.js' doesn't match 'POST /logout
619161 [http-nio-8080-exec-3] DEBUG o.s.s.w.u.m.AntPathRequestMatcher - Request 'GET /bootstrap/css/bootstrap.css' doesn't match 'POST /logout
619161 [http-nio-8080-exec-1] DEBUG o.s.s.w.h.writers.HstsHeaderWriter - Not injecting HSTS header since it did not match the requestMatcher org.springframework.security.web.header.writers.HstsHeaderWriter$SecureRequestMatcher@6a6df5f3
619161 [http-nio-8080-exec-2] DEBUG o.s.security.web.FilterChainProxy - /jquery/jquery-2.1.3.js at position 6 of 12 in additional filter chain; firing Filter: 'UsernamePasswordAuthenticationFilter'
619161 [http-nio-8080-exec-3] DEBUG o.s.security.web.FilterChainProxy - /bootstrap/css/bootstrap.css at position 6 of 12 in additional filter chain; firing Filter: 'UsernamePasswordAuthenticationFilter'
619161 [http-nio-8080-exec-1] DEBUG o.s.security.web.FilterChainProxy - /bootstrap/js/bootstrap.js at position 4 of 12 in additional filter chain; firing Filter: 'CsrfFilter'
619161 [http-nio-8080-exec-3] DEBUG o.s.s.w.u.m.AntPathRequestMatcher - Request 'GET /bootstrap/css/bootstrap.css' doesn't match 'POST /login
619161 [http-nio-8080-exec-2] DEBUG o.s.s.w.u.m.AntPathRequestMatcher - Request 'GET /jquery/jquery-2.1.3.js' doesn't match 'POST /login
619161 [http-nio-8080-exec-2] DEBUG o.s.security.web.FilterChainProxy - /jquery/jquery-2.1.3.js at position 7 of 12 in additional filter chain; firing Filter: 'RequestCacheAwareFilter'
619161 [http-nio-8080-exec-2] DEBUG o.s.s.w.s.DefaultSavedRequest - pathInfo: both null (property equals)
619161 [http-nio-8080-exec-2] DEBUG o.s.s.w.s.DefaultSavedRequest - queryString: both null (property equals)
619161 [http-nio-8080-exec-3] DEBUG o.s.security.web.FilterChainProxy - /bootstrap/css/bootstrap.css at position 7 of 12 in additional filter chain; firing Filter: 'RequestCacheAwareFilter'
619161 [http-nio-8080-exec-1] DEBUG o.s.security.web.FilterChainProxy - /bootstrap/js/bootstrap.js at position 5 of 12 in additional filter chain; firing Filter: 'LogoutFilter'
619161 [http-nio-8080-exec-3] DEBUG o.s.s.w.s.DefaultSavedRequest - pathInfo: both null (property equals)
619161 [http-nio-8080-exec-1] DEBUG o.s.s.w.u.m.AntPathRequestMatcher - Request 'GET /bootstrap/js/bootstrap.js' doesn't match 'POST /logout
619161 [http-nio-8080-exec-2] DEBUG o.s.s.w.s.DefaultSavedRequest - requestURI: arg1=/logout; arg2=/jquery/jquery-2.1.3.js (property not equals)
619161 [http-nio-8080-exec-3] DEBUG o.s.s.w.s.DefaultSavedRequest - queryString: both null (property equals)
619161 [http-nio-8080-exec-1] DEBUG o.s.security.web.FilterChainProxy - /bootstrap/js/bootstrap.js at position 6 of 12 in additional filter chain; firing Filter: 'UsernamePasswordAuthenticationFilter'
619161 [http-nio-8080-exec-2] DEBUG o.s.s.w.s.HttpSessionRequestCache - saved request doesn't match
619161 [http-nio-8080-exec-3] DEBUG o.s.s.w.s.DefaultSavedRequest - requestURI: arg1=/logout; arg2=/bootstrap/css/bootstrap.css (property not equals)
619162 [http-nio-8080-exec-1] DEBUG o.s.s.w.u.m.AntPathRequestMatcher - Request 'GET /bootstrap/js/bootstrap.js' doesn't match 'POST /login
619162 [http-nio-8080-exec-2] DEBUG o.s.security.web.FilterChainProxy - /jquery/jquery-2.1.3.js at position 8 of 12 in additional filter chain; firing Filter: 'SecurityContextHolderAwareRequestFilter'
619162 [http-nio-8080-exec-3] DEBUG o.s.s.w.s.HttpSessionRequestCache - saved request doesn't match
619162 [http-nio-8080-exec-2] DEBUG o.s.security.web.FilterChainProxy - /jquery/jquery-2.1.3.js at position 9 of 12 in additional filter chain; firing Filter: 'AnonymousAuthenticationFilter'
619162 [http-nio-8080-exec-1] DEBUG o.s.security.web.FilterChainProxy - /bootstrap/js/bootstrap.js at position 7 of 12 in additional filter chain; firing Filter: 'RequestCacheAwareFilter'
619162 [http-nio-8080-exec-3] DEBUG o.s.security.web.FilterChainProxy - /bootstrap/css/bootstrap.css at position 8 of 12 in additional filter chain; firing Filter: 'SecurityContextHolderAwareRequestFilter'
619162 [http-nio-8080-exec-1] DEBUG o.s.s.w.s.DefaultSavedRequest - pathInfo: both null (property equals)
619162 [http-nio-8080-exec-3] DEBUG o.s.security.web.FilterChainProxy - /bootstrap/css/bootstrap.css at position 9 of 12 in additional filter chain; firing Filter: 'AnonymousAuthenticationFilter'
619162 [http-nio-8080-exec-3] DEBUG o.s.s.w.a.AnonymousAuthenticationFilter - Populated SecurityContextHolder with anonymous token: 'org.springframework.security.authentication.AnonymousAuthenticationToken@6fa90ed4: Principal: anonymousUser; Credentials: [PROTECTED]; Authenticated: true; Details: org.springframework.security.web.authentication.WebAuthenticationDetails@fffc7f0c: RemoteIpAddress: 127.0.0.1; SessionId: 3804353C2C2C151F407CA4B277564A11; Granted Authorities: ROLE_ANONYMOUS'
619162 [http-nio-8080-exec-2] DEBUG o.s.s.w.a.AnonymousAuthenticationFilter - Populated SecurityContextHolder with anonymous token: 'org.springframework.security.authentication.AnonymousAuthenticationToken@6fa90ed4: Principal: anonymousUser; Credentials: [PROTECTED]; Authenticated: true; Details: org.springframework.security.web.authentication.WebAuthenticationDetails@fffc7f0c: RemoteIpAddress: 127.0.0.1; SessionId: 3804353C2C2C151F407CA4B277564A11; Granted Authorities: ROLE_ANONYMOUS'
619162 [http-nio-8080-exec-1] DEBUG o.s.s.w.s.DefaultSavedRequest - queryString: both null (property equals)
619162 [http-nio-8080-exec-1] DEBUG o.s.s.w.s.DefaultSavedRequest - requestURI: arg1=/logout; arg2=/bootstrap/js/bootstrap.js (property not equals)
619162 [http-nio-8080-exec-1] DEBUG o.s.s.w.s.HttpSessionRequestCache - saved request doesn't match
619162 [http-nio-8080-exec-1] DEBUG o.s.security.web.FilterChainProxy - /bootstrap/js/bootstrap.js at position 8 of 12 in additional filter chain; firing Filter: 'SecurityContextHolderAwareRequestFilter'
619162 [http-nio-8080-exec-1] DEBUG o.s.security.web.FilterChainProxy - /bootstrap/js/bootstrap.js at position 9 of 12 in additional filter chain; firing Filter: 'AnonymousAuthenticationFilter'
619162 [http-nio-8080-exec-1] DEBUG o.s.s.w.a.AnonymousAuthenticationFilter - Populated SecurityContextHolder with anonymous token: 'org.springframework.security.authentication.AnonymousAuthenticationToken@6fa90ed4: Principal: anonymousUser; Credentials: [PROTECTED]; Authenticated: true; Details: org.springframework.security.web.authentication.WebAuthenticationDetails@fffc7f0c: RemoteIpAddress: 127.0.0.1; SessionId: 3804353C2C2C151F407CA4B277564A11; Granted Authorities: ROLE_ANONYMOUS'
619162 [http-nio-8080-exec-1] DEBUG o.s.security.web.FilterChainProxy - /bootstrap/js/bootstrap.js at position 10 of 12 in additional filter chain; firing Filter: 'SessionManagementFilter'
619162 [http-nio-8080-exec-1] DEBUG o.s.security.web.FilterChainProxy - /bootstrap/js/bootstrap.js at position 11 of 12 in additional filter chain; firing Filter: 'ExceptionTranslationFilter'
619162 [http-nio-8080-exec-3] DEBUG o.s.security.web.FilterChainProxy - /bootstrap/css/bootstrap.css at position 10 of 12 in additional filter chain; firing Filter: 'SessionManagementFilter'
619162 [http-nio-8080-exec-2] DEBUG o.s.security.web.FilterChainProxy - /jquery/jquery-2.1.3.js at position 10 of 12 in additional filter chain; firing Filter: 'SessionManagementFilter'
619162 [http-nio-8080-exec-1] DEBUG o.s.security.web.FilterChainProxy - /bootstrap/js/bootstrap.js at position 12 of 12 in additional filter chain; firing Filter: 'FilterSecurityInterceptor'
619163 [http-nio-8080-exec-3] DEBUG o.s.security.web.FilterChainProxy - /bootstrap/css/bootstrap.css at position 11 of 12 in additional filter chain; firing Filter: 'ExceptionTranslationFilter'
619163 [http-nio-8080-exec-1] DEBUG o.s.s.w.u.m.AntPathRequestMatcher - Request 'GET /bootstrap/js/bootstrap.js' doesn't match 'POST /logout
619163 [http-nio-8080-exec-2] DEBUG o.s.security.web.FilterChainProxy - /jquery/jquery-2.1.3.js at position 11 of 12 in additional filter chain; firing Filter: 'ExceptionTranslationFilter'
619163 [http-nio-8080-exec-3] DEBUG o.s.security.web.FilterChainProxy - /bootstrap/css/bootstrap.css at position 12 of 12 in additional filter chain; firing Filter: 'FilterSecurityInterceptor'
619163 [http-nio-8080-exec-1] DEBUG o.s.s.w.u.m.AntPathRequestMatcher - Checking match of request : '/bootstrap/js/bootstrap.js'; against '/bootstrap/**'
619163 [http-nio-8080-exec-3] DEBUG o.s.s.w.u.m.AntPathRequestMatcher - Request 'GET /bootstrap/css/bootstrap.css' doesn't match 'POST /logout
619163 [http-nio-8080-exec-2] DEBUG o.s.security.web.FilterChainProxy - /jquery/jquery-2.1.3.js at position 12 of 12 in additional filter chain; firing Filter: 'FilterSecurityInterceptor'
619163 [http-nio-8080-exec-3] DEBUG o.s.s.w.u.m.AntPathRequestMatcher - Checking match of request : '/bootstrap/css/bootstrap.css'; against '/bootstrap/**'
619163 [http-nio-8080-exec-1] DEBUG o.s.s.w.a.i.FilterSecurityInterceptor - Secure object: FilterInvocation: URL: /bootstrap/js/bootstrap.js; Attributes: [permitAll]
619163 [http-nio-8080-exec-2] DEBUG o.s.s.w.u.m.AntPathRequestMatcher - Request 'GET /jquery/jquery-2.1.3.js' doesn't match 'POST /logout
619163 [http-nio-8080-exec-1] DEBUG o.s.s.w.a.i.FilterSecurityInterceptor - Previously Authenticated: org.springframework.security.authentication.AnonymousAuthenticationToken@6fa90ed4: Principal: anonymousUser; Credentials: [PROTECTED]; Authenticated: true; Details: org.springframework.security.web.authentication.WebAuthenticationDetails@fffc7f0c: RemoteIpAddress: 127.0.0.1; SessionId: 3804353C2C2C151F407CA4B277564A11; Granted Authorities: ROLE_ANONYMOUS
619163 [http-nio-8080-exec-2] DEBUG o.s.s.w.u.m.AntPathRequestMatcher - Checking match of request : '/jquery/jquery-2.1.3.js'; against '/bootstrap/**'
619163 [http-nio-8080-exec-3] DEBUG o.s.s.w.a.i.FilterSecurityInterceptor - Secure object: FilterInvocation: URL: /bootstrap/css/bootstrap.css; Attributes: [permitAll]
619163 [http-nio-8080-exec-2] DEBUG o.s.s.w.u.m.AntPathRequestMatcher - Checking match of request : '/jquery/jquery-2.1.3.js'; against '/error/**'
619163 [http-nio-8080-exec-3] DEBUG o.s.s.w.a.i.FilterSecurityInterceptor - Previously Authenticated: org.springframework.security.authentication.AnonymousAuthenticationToken@6fa90ed4: Principal: anonymousUser; Credentials: [PROTECTED]; Authenticated: true; Details: org.springframework.security.web.authentication.WebAuthenticationDetails@fffc7f0c: RemoteIpAddress: 127.0.0.1; SessionId: 3804353C2C2C151F407CA4B277564A11; Granted Authorities: ROLE_ANONYMOUS
619163 [http-nio-8080-exec-2] DEBUG o.s.s.w.u.m.AntPathRequestMatcher - Checking match of request : '/jquery/jquery-2.1.3.js'; against '/img/**'
619163 [http-nio-8080-exec-2] DEBUG o.s.s.w.u.m.AntPathRequestMatcher - Checking match of request : '/jquery/jquery-2.1.3.js'; against '/jquery/**'
619163 [http-nio-8080-exec-2] DEBUG o.s.s.w.a.i.FilterSecurityInterceptor - Secure object: FilterInvocation: URL: /jquery/jquery-2.1.3.js; Attributes: [permitAll]
619163 [http-nio-8080-exec-2] DEBUG o.s.s.w.a.i.FilterSecurityInterceptor - Previously Authenticated: org.springframework.security.authentication.AnonymousAuthenticationToken@6fa90ed4: Principal: anonymousUser; Credentials: [PROTECTED]; Authenticated: true; Details: org.springframework.security.web.authentication.WebAuthenticationDetails@fffc7f0c: RemoteIpAddress: 127.0.0.1; SessionId: 3804353C2C2C151F407CA4B277564A11; Granted Authorities: ROLE_ANONYMOUS
619163 [http-nio-8080-exec-1] DEBUG o.s.s.access.vote.AffirmativeBased - Voter: org.springframework.security.web.access.expression.WebExpressionVoter@2f6f76da, returned: 1
619163 [http-nio-8080-exec-3] DEBUG o.s.s.access.vote.AffirmativeBased - Voter: org.springframework.security.web.access.expression.WebExpressionVoter@2f6f76da, returned: 1
619163 [http-nio-8080-exec-1] DEBUG o.s.s.w.a.i.FilterSecurityInterceptor - Authorization successful
619163 [http-nio-8080-exec-2] DEBUG o.s.s.access.vote.AffirmativeBased - Voter: org.springframework.security.web.access.expression.WebExpressionVoter@2f6f76da, returned: 1
619163 [http-nio-8080-exec-3] DEBUG o.s.s.w.a.i.FilterSecurityInterceptor - Authorization successful
619163 [http-nio-8080-exec-1] DEBUG o.s.s.w.a.i.FilterSecurityInterceptor - RunAsManager did not change Authentication object
619163 [http-nio-8080-exec-2] DEBUG o.s.s.w.a.i.FilterSecurityInterceptor - Authorization successful
619164 [http-nio-8080-exec-2] DEBUG o.s.s.w.a.i.FilterSecurityInterceptor - RunAsManager did not change Authentication object
619163 [http-nio-8080-exec-3] DEBUG o.s.s.w.a.i.FilterSecurityInterceptor - RunAsManager did not change Authentication object
619164 [http-nio-8080-exec-1] DEBUG o.s.security.web.FilterChainProxy - /bootstrap/js/bootstrap.js reached end of additional filter chain; proceeding with original chain
619164 [http-nio-8080-exec-2] DEBUG o.s.security.web.FilterChainProxy - /jquery/jquery-2.1.3.js reached end of additional filter chain; proceeding with original chain
619164 [http-nio-8080-exec-3] DEBUG o.s.security.web.FilterChainProxy - /bootstrap/css/bootstrap.css reached end of additional filter chain; proceeding with original chain
619165 [http-nio-8080-exec-2] DEBUG o.s.s.w.c.HttpSessionSecurityContextRepository - SecurityContext is empty or contents are anonymous - context will not be stored in HttpSession.
619165 [http-nio-8080-exec-3] DEBUG o.s.s.w.c.HttpSessionSecurityContextRepository - SecurityContext is empty or contents are anonymous - context will not be stored in HttpSession.
619165 [http-nio-8080-exec-1] DEBUG o.s.s.w.c.HttpSessionSecurityContextRepository - SecurityContext is empty or contents are anonymous - context will not be stored in HttpSession.
619166 [http-nio-8080-exec-1] DEBUG o.s.s.w.a.ExceptionTranslationFilter - Chain processed normally
619166 [http-nio-8080-exec-1] DEBUG o.s.s.w.c.SecurityContextPersistenceFilter - SecurityContextHolder now cleared, as request processing completed
619167 [http-nio-8080-exec-3] DEBUG o.s.s.w.a.ExceptionTranslationFilter - Chain processed normally
619167 [http-nio-8080-exec-2] DEBUG o.s.s.w.a.ExceptionTranslationFilter - Chain processed normally
619167 [http-nio-8080-exec-3] DEBUG o.s.s.w.c.SecurityContextPersistenceFilter - SecurityContextHolder now cleared, as request processing completed
619167 [http-nio-8080-exec-2] DEBUG o.s.s.w.c.SecurityContextPersistenceFilter - SecurityContextHolder now cleared, as request processing completed
623999 [http-nio-8080-exec-5] DEBUG o.s.s.w.u.matcher.OrRequestMatcher - Trying to match using Ant [pattern='/css/**']
623999 [http-nio-8080-exec-5] DEBUG o.s.s.w.u.m.AntPathRequestMatcher - Checking match of request : '/index.html'; against '/css/**'
623999 [http-nio-8080-exec-5] DEBUG o.s.s.w.u.matcher.OrRequestMatcher - Trying to match using Ant [pattern='/js/**']
623999 [http-nio-8080-exec-5] DEBUG o.s.s.w.u.m.AntPathRequestMatcher - Checking match of request : '/index.html'; against '/js/**'
623999 [http-nio-8080-exec-5] DEBUG o.s.s.w.u.matcher.OrRequestMatcher - Trying to match using Ant [pattern='/images/**']
623999 [http-nio-8080-exec-5] DEBUG o.s.s.w.u.m.AntPathRequestMatcher - Checking match of request : '/index.html'; against '/images/**'
623999 [http-nio-8080-exec-5] DEBUG o.s.s.w.u.matcher.OrRequestMatcher - Trying to match using Ant [pattern='/webjars/**']
623999 [http-nio-8080-exec-5] DEBUG o.s.s.w.u.m.AntPathRequestMatcher - Checking match of request : '/index.html'; against '/webjars/**'
623999 [http-nio-8080-exec-5] DEBUG o.s.s.w.u.matcher.OrRequestMatcher - Trying to match using Ant [pattern='/**/favicon.ico']
623999 [http-nio-8080-exec-5] DEBUG o.s.s.w.u.m.AntPathRequestMatcher - Checking match of request : '/index.html'; against '/**/favicon.ico'
623999 [http-nio-8080-exec-5] DEBUG o.s.s.w.u.matcher.OrRequestMatcher - Trying to match using Ant [pattern='/error']
623999 [http-nio-8080-exec-5] DEBUG o.s.s.w.u.m.AntPathRequestMatcher - Checking match of request : '/index.html'; against '/error'
623999 [http-nio-8080-exec-5] DEBUG o.s.s.w.u.matcher.OrRequestMatcher - No matches found
623999 [http-nio-8080-exec-5] DEBUG o.s.security.web.FilterChainProxy - /index.html at position 1 of 12 in additional filter chain; firing Filter: 'WebAsyncManagerIntegrationFilter'
623999 [http-nio-8080-exec-5] DEBUG o.s.security.web.FilterChainProxy - /index.html at position 2 of 12 in additional filter chain; firing Filter: 'SecurityContextPersistenceFilter'
623999 [http-nio-8080-exec-5] DEBUG o.s.s.w.c.HttpSessionSecurityContextRepository - HttpSession returned null object for SPRING_SECURITY_CONTEXT
623999 [http-nio-8080-exec-5] DEBUG o.s.s.w.c.HttpSessionSecurityContextRepository - No SecurityContext was available from the HttpSession: org.apache.catalina.session.StandardSessionFacade@6e527ce1. A new one will be created.
623999 [http-nio-8080-exec-5] DEBUG o.s.security.web.FilterChainProxy - /index.html at position 3 of 12 in additional filter chain; firing Filter: 'HeaderWriterFilter'
623999 [http-nio-8080-exec-5] DEBUG o.s.s.w.h.writers.HstsHeaderWriter - Not injecting HSTS header since it did not match the requestMatcher org.springframework.security.web.header.writers.HstsHeaderWriter$SecureRequestMatcher@6a6df5f3
623999 [http-nio-8080-exec-5] DEBUG o.s.security.web.FilterChainProxy - /index.html at position 4 of 12 in additional filter chain; firing Filter: 'CsrfFilter'
623999 [http-nio-8080-exec-5] DEBUG o.s.security.web.FilterChainProxy - /index.html at position 5 of 12 in additional filter chain; firing Filter: 'LogoutFilter'
623999 [http-nio-8080-exec-5] DEBUG o.s.s.w.u.m.AntPathRequestMatcher - Request 'GET /index.html' doesn't match 'POST /logout
623999 [http-nio-8080-exec-5] DEBUG o.s.security.web.FilterChainProxy - /index.html at position 6 of 12 in additional filter chain; firing Filter: 'UsernamePasswordAuthenticationFilter'
623999 [http-nio-8080-exec-5] DEBUG o.s.s.w.u.m.AntPathRequestMatcher - Request 'GET /index.html' doesn't match 'POST /login
623999 [http-nio-8080-exec-5] DEBUG o.s.security.web.FilterChainProxy - /index.html at position 7 of 12 in additional filter chain; firing Filter: 'RequestCacheAwareFilter'
623999 [http-nio-8080-exec-5] DEBUG o.s.s.w.s.DefaultSavedRequest - pathInfo: both null (property equals)
623999 [http-nio-8080-exec-5] DEBUG o.s.s.w.s.DefaultSavedRequest - queryString: both null (property equals)
624002 [http-nio-8080-exec-5] DEBUG o.s.s.w.s.DefaultSavedRequest - requestURI: arg1=/logout; arg2=/index.html (property not equals)
624002 [http-nio-8080-exec-5] DEBUG o.s.s.w.s.HttpSessionRequestCache - saved request doesn't match
624002 [http-nio-8080-exec-5] DEBUG o.s.security.web.FilterChainProxy - /index.html at position 8 of 12 in additional filter chain; firing Filter: 'SecurityContextHolderAwareRequestFilter'
624002 [http-nio-8080-exec-5] DEBUG o.s.security.web.FilterChainProxy - /index.html at position 9 of 12 in additional filter chain; firing Filter: 'AnonymousAuthenticationFilter'
624002 [http-nio-8080-exec-5] DEBUG o.s.s.w.a.AnonymousAuthenticationFilter - Populated SecurityContextHolder with anonymous token: 'org.springframework.security.authentication.AnonymousAuthenticationToken@6fa90ed4: Principal: anonymousUser; Credentials: [PROTECTED]; Authenticated: true; Details: org.springframework.security.web.authentication.WebAuthenticationDetails@fffc7f0c: RemoteIpAddress: 127.0.0.1; SessionId: 3804353C2C2C151F407CA4B277564A11; Granted Authorities: ROLE_ANONYMOUS'
624002 [http-nio-8080-exec-5] DEBUG o.s.security.web.FilterChainProxy - /index.html at position 10 of 12 in additional filter chain; firing Filter: 'SessionManagementFilter'
624002 [http-nio-8080-exec-5] DEBUG o.s.security.web.FilterChainProxy - /index.html at position 11 of 12 in additional filter chain; firing Filter: 'ExceptionTranslationFilter'
624002 [http-nio-8080-exec-5] DEBUG o.s.security.web.FilterChainProxy - /index.html at position 12 of 12 in additional filter chain; firing Filter: 'FilterSecurityInterceptor'
624002 [http-nio-8080-exec-5] DEBUG o.s.s.w.u.m.AntPathRequestMatcher - Request 'GET /index.html' doesn't match 'POST /logout
624002 [http-nio-8080-exec-5] DEBUG o.s.s.w.u.m.AntPathRequestMatcher - Checking match of request : '/index.html'; against '/bootstrap/**'
624002 [http-nio-8080-exec-5] DEBUG o.s.s.w.u.m.AntPathRequestMatcher - Checking match of request : '/index.html'; against '/error/**'
624002 [http-nio-8080-exec-5] DEBUG o.s.s.w.u.m.AntPathRequestMatcher - Checking match of request : '/index.html'; against '/img/**'
624002 [http-nio-8080-exec-5] DEBUG o.s.s.w.u.m.AntPathRequestMatcher - Checking match of request : '/index.html'; against '/jquery/**'
624002 [http-nio-8080-exec-5] DEBUG o.s.s.w.u.m.AntPathRequestMatcher - Checking match of request : '/index.html'; against '/index.html'
624002 [http-nio-8080-exec-5] DEBUG o.s.s.w.a.i.FilterSecurityInterceptor - Secure object: FilterInvocation: URL: /index.html; Attributes: [permitAll]
624002 [http-nio-8080-exec-5] DEBUG o.s.s.w.a.i.FilterSecurityInterceptor - Previously Authenticated: org.springframework.security.authentication.AnonymousAuthenticationToken@6fa90ed4: Principal: anonymousUser; Credentials: [PROTECTED]; Authenticated: true; Details: org.springframework.security.web.authentication.WebAuthenticationDetails@fffc7f0c: RemoteIpAddress: 127.0.0.1; SessionId: 3804353C2C2C151F407CA4B277564A11; Granted Authorities: ROLE_ANONYMOUS
624002 [http-nio-8080-exec-5] DEBUG o.s.s.access.vote.AffirmativeBased - Voter: org.springframework.security.web.access.expression.WebExpressionVoter@2f6f76da, returned: 1
624002 [http-nio-8080-exec-5] DEBUG o.s.s.w.a.i.FilterSecurityInterceptor - Authorization successful
624002 [http-nio-8080-exec-5] DEBUG o.s.s.w.a.i.FilterSecurityInterceptor - RunAsManager did not change Authentication object
624002 [http-nio-8080-exec-5] DEBUG o.s.security.web.FilterChainProxy - /index.html reached end of additional filter chain; proceeding with original chain
624004 [http-nio-8080-exec-5] DEBUG o.s.s.w.c.HttpSessionSecurityContextRepository - SecurityContext is empty or contents are anonymous - context will not be stored in HttpSession.
624004 [http-nio-8080-exec-5] DEBUG o.s.s.w.a.ExceptionTranslationFilter - Chain processed normally
624004 [http-nio-8080-exec-5] DEBUG o.s.s.w.c.SecurityContextPersistenceFilter - SecurityContextHolder now cleared, as request processing completed
624014 [http-nio-8080-exec-4] DEBUG o.s.s.w.u.matcher.OrRequestMatcher - Trying to match using Ant [pattern='/css/**']
624014 [http-nio-8080-exec-6] DEBUG o.s.s.w.u.matcher.OrRequestMatcher - Trying to match using Ant [pattern='/css/**']
624014 [http-nio-8080-exec-4] DEBUG o.s.s.w.u.m.AntPathRequestMatcher - Checking match of request : '/bootstrap/css/bootstrap.css'; against '/css/**'
624014 [http-nio-8080-exec-7] DEBUG o.s.s.w.u.matcher.OrRequestMatcher - Trying to match using Ant [pattern='/css/**']
624014 [http-nio-8080-exec-6] DEBUG o.s.s.w.u.m.AntPathRequestMatcher - Checking match of request : '/jquery/jquery-2.1.3.js'; against '/css/**'
624014 [http-nio-8080-exec-4] DEBUG o.s.s.w.u.matcher.OrRequestMatcher - Trying to match using Ant [pattern='/js/**']
624014 [http-nio-8080-exec-7] DEBUG o.s.s.w.u.m.AntPathRequestMatcher - Checking match of request : '/bootstrap/js/bootstrap.js'; against '/css/**'
624014 [http-nio-8080-exec-6] DEBUG o.s.s.w.u.matcher.OrRequestMatcher - Trying to match using Ant [pattern='/js/**']
624014 [http-nio-8080-exec-4] DEBUG o.s.s.w.u.m.AntPathRequestMatcher - Checking match of request : '/bootstrap/css/bootstrap.css'; against '/js/**'
624014 [http-nio-8080-exec-7] DEBUG o.s.s.w.u.matcher.OrRequestMatcher - Trying to match using Ant [pattern='/js/**']
624014 [http-nio-8080-exec-7] DEBUG o.s.s.w.u.m.AntPathRequestMatcher - Checking match of request : '/bootstrap/js/bootstrap.js'; against '/js/**'
624014 [http-nio-8080-exec-6] DEBUG o.s.s.w.u.m.AntPathRequestMatcher - Checking match of request : '/jquery/jquery-2.1.3.js'; against '/js/**'
624014 [http-nio-8080-exec-4] DEBUG o.s.s.w.u.matcher.OrRequestMatcher - Trying to match using Ant [pattern='/images/**']
624014 [http-nio-8080-exec-7] DEBUG o.s.s.w.u.matcher.OrRequestMatcher - Trying to match using Ant [pattern='/images/**']
624014 [http-nio-8080-exec-7] DEBUG o.s.s.w.u.m.AntPathRequestMatcher - Checking match of request : '/bootstrap/js/bootstrap.js'; against '/images/**'
624014 [http-nio-8080-exec-6] DEBUG o.s.s.w.u.matcher.OrRequestMatcher - Trying to match using Ant [pattern='/images/**']
624014 [http-nio-8080-exec-4] DEBUG o.s.s.w.u.m.AntPathRequestMatcher - Checking match of request : '/bootstrap/css/bootstrap.css'; against '/images/**'
624014 [http-nio-8080-exec-7] DEBUG o.s.s.w.u.matcher.OrRequestMatcher - Trying to match using Ant [pattern='/webjars/**']
624014 [http-nio-8080-exec-7] DEBUG o.s.s.w.u.m.AntPathRequestMatcher - Checking match of request : '/bootstrap/js/bootstrap.js'; against '/webjars/**'
624014 [http-nio-8080-exec-6] DEBUG o.s.s.w.u.m.AntPathRequestMatcher - Checking match of request : '/jquery/jquery-2.1.3.js'; against '/images/**'
624014 [http-nio-8080-exec-4] DEBUG o.s.s.w.u.matcher.OrRequestMatcher - Trying to match using Ant [pattern='/webjars/**']
624014 [http-nio-8080-exec-7] DEBUG o.s.s.w.u.matcher.OrRequestMatcher - Trying to match using Ant [pattern='/**/favicon.ico']
624014 [http-nio-8080-exec-6] DEBUG o.s.s.w.u.matcher.OrRequestMatcher - Trying to match using Ant [pattern='/webjars/**']
624014 [http-nio-8080-exec-4] DEBUG o.s.s.w.u.m.AntPathRequestMatcher - Checking match of request : '/bootstrap/css/bootstrap.css'; against '/webjars/**'
624014 [http-nio-8080-exec-7] DEBUG o.s.s.w.u.m.AntPathRequestMatcher - Checking match of request : '/bootstrap/js/bootstrap.js'; against '/**/favicon.ico'
624014 [http-nio-8080-exec-6] DEBUG o.s.s.w.u.m.AntPathRequestMatcher - Checking match of request : '/jquery/jquery-2.1.3.js'; against '/webjars/**'
624014 [http-nio-8080-exec-7] DEBUG o.s.s.w.u.matcher.OrRequestMatcher - Trying to match using Ant [pattern='/error']
624014 [http-nio-8080-exec-7] DEBUG o.s.s.w.u.m.AntPathRequestMatcher - Checking match of request : '/bootstrap/js/bootstrap.js'; against '/error'
624014 [http-nio-8080-exec-4] DEBUG o.s.s.w.u.matcher.OrRequestMatcher - Trying to match using Ant [pattern='/**/favicon.ico']
624014 [http-nio-8080-exec-6] DEBUG o.s.s.w.u.matcher.OrRequestMatcher - Trying to match using Ant [pattern='/**/favicon.ico']
624014 [http-nio-8080-exec-7] DEBUG o.s.s.w.u.matcher.OrRequestMatcher - No matches found
624016 [http-nio-8080-exec-4] DEBUG o.s.s.w.u.m.AntPathRequestMatcher - Checking match of request : '/bootstrap/css/bootstrap.css'; against '/**/favicon.ico'
624016 [http-nio-8080-exec-6] DEBUG o.s.s.w.u.m.AntPathRequestMatcher - Checking match of request : '/jquery/jquery-2.1.3.js'; against '/**/favicon.ico'
624016 [http-nio-8080-exec-7] DEBUG o.s.security.web.FilterChainProxy - /bootstrap/js/bootstrap.js at position 1 of 12 in additional filter chain; firing Filter: 'WebAsyncManagerIntegrationFilter'
624016 [http-nio-8080-exec-4] DEBUG o.s.s.w.u.matcher.OrRequestMatcher - Trying to match using Ant [pattern='/error']
624016 [http-nio-8080-exec-6] DEBUG o.s.s.w.u.matcher.OrRequestMatcher - Trying to match using Ant [pattern='/error']
624016 [http-nio-8080-exec-6] DEBUG o.s.s.w.u.m.AntPathRequestMatcher - Checking match of request : '/jquery/jquery-2.1.3.js'; against '/error'
624016 [http-nio-8080-exec-6] DEBUG o.s.s.w.u.matcher.OrRequestMatcher - No matches found
624016 [http-nio-8080-exec-6] DEBUG o.s.security.web.FilterChainProxy - /jquery/jquery-2.1.3.js at position 1 of 12 in additional filter chain; firing Filter: 'WebAsyncManagerIntegrationFilter'
624016 [http-nio-8080-exec-4] DEBUG o.s.s.w.u.m.AntPathRequestMatcher - Checking match of request : '/bootstrap/css/bootstrap.css'; against '/error'
624016 [http-nio-8080-exec-4] DEBUG o.s.s.w.u.matcher.OrRequestMatcher - No matches found
624016 [http-nio-8080-exec-7] DEBUG o.s.security.web.FilterChainProxy - /bootstrap/js/bootstrap.js at position 2 of 12 in additional filter chain; firing Filter: 'SecurityContextPersistenceFilter'
624016 [http-nio-8080-exec-7] DEBUG o.s.s.w.c.HttpSessionSecurityContextRepository - HttpSession returned null object for SPRING_SECURITY_CONTEXT
624016 [http-nio-8080-exec-6] DEBUG o.s.security.web.FilterChainProxy - /jquery/jquery-2.1.3.js at position 2 of 12 in additional filter chain; firing Filter: 'SecurityContextPersistenceFilter'
624016 [http-nio-8080-exec-7] DEBUG o.s.s.w.c.HttpSessionSecurityContextRepository - No SecurityContext was available from the HttpSession: org.apache.catalina.session.StandardSessionFacade@6e527ce1. A new one will be created.
624016 [http-nio-8080-exec-4] DEBUG o.s.security.web.FilterChainProxy - /bootstrap/css/bootstrap.css at position 1 of 12 in additional filter chain; firing Filter: 'WebAsyncManagerIntegrationFilter'
624016 [http-nio-8080-exec-7] DEBUG o.s.security.web.FilterChainProxy - /bootstrap/js/bootstrap.js at position 3 of 12 in additional filter chain; firing Filter: 'HeaderWriterFilter'
624016 [http-nio-8080-exec-4] DEBUG o.s.security.web.FilterChainProxy - /bootstrap/css/bootstrap.css at position 2 of 12 in additional filter chain; firing Filter: 'SecurityContextPersistenceFilter'
624016 [http-nio-8080-exec-4] DEBUG o.s.s.w.c.HttpSessionSecurityContextRepository - HttpSession returned null object for SPRING_SECURITY_CONTEXT
624016 [http-nio-8080-exec-7] DEBUG o.s.s.w.h.writers.HstsHeaderWriter - Not injecting HSTS header since it did not match the requestMatcher org.springframework.security.web.header.writers.HstsHeaderWriter$SecureRequestMatcher@6a6df5f3
624016 [http-nio-8080-exec-6] DEBUG o.s.s.w.c.HttpSessionSecurityContextRepository - HttpSession returned null object for SPRING_SECURITY_CONTEXT
624016 [http-nio-8080-exec-4] DEBUG o.s.s.w.c.HttpSessionSecurityContextRepository - No SecurityContext was available from the HttpSession: org.apache.catalina.session.StandardSessionFacade@6e527ce1. A new one will be created.
624016 [http-nio-8080-exec-4] DEBUG o.s.security.web.FilterChainProxy - /bootstrap/css/bootstrap.css at position 3 of 12 in additional filter chain; firing Filter: 'HeaderWriterFilter'
624016 [http-nio-8080-exec-7] DEBUG o.s.security.web.FilterChainProxy - /bootstrap/js/bootstrap.js at position 4 of 12 in additional filter chain; firing Filter: 'CsrfFilter'
624016 [http-nio-8080-exec-4] DEBUG o.s.s.w.h.writers.HstsHeaderWriter - Not injecting HSTS header since it did not match the requestMatcher org.springframework.security.web.header.writers.HstsHeaderWriter$SecureRequestMatcher@6a6df5f3
624016 [http-nio-8080-exec-6] DEBUG o.s.s.w.c.HttpSessionSecurityContextRepository - No SecurityContext was available from the HttpSession: org.apache.catalina.session.StandardSessionFacade@6e527ce1. A new one will be created.
624016 [http-nio-8080-exec-6] DEBUG o.s.security.web.FilterChainProxy - /jquery/jquery-2.1.3.js at position 3 of 12 in additional filter chain; firing Filter: 'HeaderWriterFilter'
624016 [http-nio-8080-exec-7] DEBUG o.s.security.web.FilterChainProxy - /bootstrap/js/bootstrap.js at position 5 of 12 in additional filter chain; firing Filter: 'LogoutFilter'
624016 [http-nio-8080-exec-4] DEBUG o.s.security.web.FilterChainProxy - /bootstrap/css/bootstrap.css at position 4 of 12 in additional filter chain; firing Filter: 'CsrfFilter'
624016 [http-nio-8080-exec-7] DEBUG o.s.s.w.u.m.AntPathRequestMatcher - Request 'GET /bootstrap/js/bootstrap.js' doesn't match 'POST /logout
624016 [http-nio-8080-exec-6] DEBUG o.s.s.w.h.writers.HstsHeaderWriter - Not injecting HSTS header since it did not match the requestMatcher org.springframework.security.web.header.writers.HstsHeaderWriter$SecureRequestMatcher@6a6df5f3
624018 [http-nio-8080-exec-4] DEBUG o.s.security.web.FilterChainProxy - /bootstrap/css/bootstrap.css at position 5 of 12 in additional filter chain; firing Filter: 'LogoutFilter'
624018 [http-nio-8080-exec-4] DEBUG o.s.s.w.u.m.AntPathRequestMatcher - Request 'GET /bootstrap/css/bootstrap.css' doesn't match 'POST /logout
624018 [http-nio-8080-exec-7] DEBUG o.s.security.web.FilterChainProxy - /bootstrap/js/bootstrap.js at position 6 of 12 in additional filter chain; firing Filter: 'UsernamePasswordAuthenticationFilter'
624018 [http-nio-8080-exec-6] DEBUG o.s.security.web.FilterChainProxy - /jquery/jquery-2.1.3.js at position 4 of 12 in additional filter chain; firing Filter: 'CsrfFilter'
624018 [http-nio-8080-exec-4] DEBUG o.s.security.web.FilterChainProxy - /bootstrap/css/bootstrap.css at position 6 of 12 in additional filter chain; firing Filter: 'UsernamePasswordAuthenticationFilter'
624018 [http-nio-8080-exec-6] DEBUG o.s.security.web.FilterChainProxy - /jquery/jquery-2.1.3.js at position 5 of 12 in additional filter chain; firing Filter: 'LogoutFilter'
624018 [http-nio-8080-exec-4] DEBUG o.s.s.w.u.m.AntPathRequestMatcher - Request 'GET /bootstrap/css/bootstrap.css' doesn't match 'POST /login
624018 [http-nio-8080-exec-6] DEBUG o.s.s.w.u.m.AntPathRequestMatcher - Request 'GET /jquery/jquery-2.1.3.js' doesn't match 'POST /logout
624018 [http-nio-8080-exec-7] DEBUG o.s.s.w.u.m.AntPathRequestMatcher - Request 'GET /bootstrap/js/bootstrap.js' doesn't match 'POST /login
624018 [http-nio-8080-exec-4] DEBUG o.s.security.web.FilterChainProxy - /bootstrap/css/bootstrap.css at position 7 of 12 in additional filter chain; firing Filter: 'RequestCacheAwareFilter'
624018 [http-nio-8080-exec-7] DEBUG o.s.security.web.FilterChainProxy - /bootstrap/js/bootstrap.js at position 7 of 12 in additional filter chain; firing Filter: 'RequestCacheAwareFilter'
624018 [http-nio-8080-exec-4] DEBUG o.s.s.w.s.DefaultSavedRequest - pathInfo: both null (property equals)
624018 [http-nio-8080-exec-6] DEBUG o.s.security.web.FilterChainProxy - /jquery/jquery-2.1.3.js at position 6 of 12 in additional filter chain; firing Filter: 'UsernamePasswordAuthenticationFilter'
624018 [http-nio-8080-exec-6] DEBUG o.s.s.w.u.m.AntPathRequestMatcher - Request 'GET /jquery/jquery-2.1.3.js' doesn't match 'POST /login
624018 [http-nio-8080-exec-6] DEBUG o.s.security.web.FilterChainProxy - /jquery/jquery-2.1.3.js at position 7 of 12 in additional filter chain; firing Filter: 'RequestCacheAwareFilter'
624018 [http-nio-8080-exec-6] DEBUG o.s.s.w.s.DefaultSavedRequest - pathInfo: both null (property equals)
624018 [http-nio-8080-exec-6] DEBUG o.s.s.w.s.DefaultSavedRequest - queryString: both null (property equals)
624018 [http-nio-8080-exec-6] DEBUG o.s.s.w.s.DefaultSavedRequest - requestURI: arg1=/logout; arg2=/jquery/jquery-2.1.3.js (property not equals)
624018 [http-nio-8080-exec-7] DEBUG o.s.s.w.s.DefaultSavedRequest - pathInfo: both null (property equals)
624018 [http-nio-8080-exec-4] DEBUG o.s.s.w.s.DefaultSavedRequest - queryString: both null (property equals)
624018 [http-nio-8080-exec-7] DEBUG o.s.s.w.s.DefaultSavedRequest - queryString: both null (property equals)
624018 [http-nio-8080-exec-4] DEBUG o.s.s.w.s.DefaultSavedRequest - requestURI: arg1=/logout; arg2=/bootstrap/css/bootstrap.css (property not equals)
624018 [http-nio-8080-exec-4] DEBUG o.s.s.w.s.HttpSessionRequestCache - saved request doesn't match
624018 [http-nio-8080-exec-4] DEBUG o.s.security.web.FilterChainProxy - /bootstrap/css/bootstrap.css at position 8 of 12 in additional filter chain; firing Filter: 'SecurityContextHolderAwareRequestFilter'
624018 [http-nio-8080-exec-4] DEBUG o.s.security.web.FilterChainProxy - /bootstrap/css/bootstrap.css at position 9 of 12 in additional filter chain; firing Filter: 'AnonymousAuthenticationFilter'
624018 [http-nio-8080-exec-6] DEBUG o.s.s.w.s.HttpSessionRequestCache - saved request doesn't match
624018 [http-nio-8080-exec-4] DEBUG o.s.s.w.a.AnonymousAuthenticationFilter - Populated SecurityContextHolder with anonymous token: 'org.springframework.security.authentication.AnonymousAuthenticationToken@6fa90ed4: Principal: anonymousUser; Credentials: [PROTECTED]; Authenticated: true; Details: org.springframework.security.web.authentication.WebAuthenticationDetails@fffc7f0c: RemoteIpAddress: 127.0.0.1; SessionId: 3804353C2C2C151F407CA4B277564A11; Granted Authorities: ROLE_ANONYMOUS'
624018 [http-nio-8080-exec-7] DEBUG o.s.s.w.s.DefaultSavedRequest - requestURI: arg1=/logout; arg2=/bootstrap/js/bootstrap.js (property not equals)
624019 [http-nio-8080-exec-6] DEBUG o.s.security.web.FilterChainProxy - /jquery/jquery-2.1.3.js at position 8 of 12 in additional filter chain; firing Filter: 'SecurityContextHolderAwareRequestFilter'
624019 [http-nio-8080-exec-4] DEBUG o.s.security.web.FilterChainProxy - /bootstrap/css/bootstrap.css at position 10 of 12 in additional filter chain; firing Filter: 'SessionManagementFilter'
624019 [http-nio-8080-exec-4] DEBUG o.s.security.web.FilterChainProxy - /bootstrap/css/bootstrap.css at position 11 of 12 in additional filter chain; firing Filter: 'ExceptionTranslationFilter'
624019 [http-nio-8080-exec-7] DEBUG o.s.s.w.s.HttpSessionRequestCache - saved request doesn't match
624019 [http-nio-8080-exec-4] DEBUG o.s.security.web.FilterChainProxy - /bootstrap/css/bootstrap.css at position 12 of 12 in additional filter chain; firing Filter: 'FilterSecurityInterceptor'
624019 [http-nio-8080-exec-7] DEBUG o.s.security.web.FilterChainProxy - /bootstrap/js/bootstrap.js at position 8 of 12 in additional filter chain; firing Filter: 'SecurityContextHolderAwareRequestFilter'
624019 [http-nio-8080-exec-6] DEBUG o.s.security.web.FilterChainProxy - /jquery/jquery-2.1.3.js at position 9 of 12 in additional filter chain; firing Filter: 'AnonymousAuthenticationFilter'
624019 [http-nio-8080-exec-4] DEBUG o.s.s.w.u.m.AntPathRequestMatcher - Request 'GET /bootstrap/css/bootstrap.css' doesn't match 'POST /logout
624019 [http-nio-8080-exec-7] DEBUG o.s.security.web.FilterChainProxy - /bootstrap/js/bootstrap.js at position 9 of 12 in additional filter chain; firing Filter: 'AnonymousAuthenticationFilter'
624019 [http-nio-8080-exec-6] DEBUG o.s.s.w.a.AnonymousAuthenticationFilter - Populated SecurityContextHolder with anonymous token: 'org.springframework.security.authentication.AnonymousAuthenticationToken@6fa90ed4: Principal: anonymousUser; Credentials: [PROTECTED]; Authenticated: true; Details: org.springframework.security.web.authentication.WebAuthenticationDetails@fffc7f0c: RemoteIpAddress: 127.0.0.1; SessionId: 3804353C2C2C151F407CA4B277564A11; Granted Authorities: ROLE_ANONYMOUS'
624019 [http-nio-8080-exec-4] DEBUG o.s.s.w.u.m.AntPathRequestMatcher - Checking match of request : '/bootstrap/css/bootstrap.css'; against '/bootstrap/**'
624019 [http-nio-8080-exec-6] DEBUG o.s.security.web.FilterChainProxy - /jquery/jquery-2.1.3.js at position 10 of 12 in additional filter chain; firing Filter: 'SessionManagementFilter'
624019 [http-nio-8080-exec-6] DEBUG o.s.security.web.FilterChainProxy - /jquery/jquery-2.1.3.js at position 11 of 12 in additional filter chain; firing Filter: 'ExceptionTranslationFilter'
624019 [http-nio-8080-exec-6] DEBUG o.s.security.web.FilterChainProxy - /jquery/jquery-2.1.3.js at position 12 of 12 in additional filter chain; firing Filter: 'FilterSecurityInterceptor'
624019 [http-nio-8080-exec-7] DEBUG o.s.s.w.a.AnonymousAuthenticationFilter - Populated SecurityContextHolder with anonymous token: 'org.springframework.security.authentication.AnonymousAuthenticationToken@6fa90ed4: Principal: anonymousUser; Credentials: [PROTECTED]; Authenticated: true; Details: org.springframework.security.web.authentication.WebAuthenticationDetails@fffc7f0c: RemoteIpAddress: 127.0.0.1; SessionId: 3804353C2C2C151F407CA4B277564A11; Granted Authorities: ROLE_ANONYMOUS'
624019 [http-nio-8080-exec-7] DEBUG o.s.security.web.FilterChainProxy - /bootstrap/js/bootstrap.js at position 10 of 12 in additional filter chain; firing Filter: 'SessionManagementFilter'
624019 [http-nio-8080-exec-4] DEBUG o.s.s.w.a.i.FilterSecurityInterceptor - Secure object: FilterInvocation: URL: /bootstrap/css/bootstrap.css; Attributes: [permitAll]
624019 [http-nio-8080-exec-6] DEBUG o.s.s.w.u.m.AntPathRequestMatcher - Request 'GET /jquery/jquery-2.1.3.js' doesn't match 'POST /logout
624020 [http-nio-8080-exec-7] DEBUG o.s.security.web.FilterChainProxy - /bootstrap/js/bootstrap.js at position 11 of 12 in additional filter chain; firing Filter: 'ExceptionTranslationFilter'
624020 [http-nio-8080-exec-4] DEBUG o.s.s.w.a.i.FilterSecurityInterceptor - Previously Authenticated: org.springframework.security.authentication.AnonymousAuthenticationToken@6fa90ed4: Principal: anonymousUser; Credentials: [PROTECTED]; Authenticated: true; Details: org.springframework.security.web.authentication.WebAuthenticationDetails@fffc7f0c: RemoteIpAddress: 127.0.0.1; SessionId: 3804353C2C2C151F407CA4B277564A11; Granted Authorities: ROLE_ANONYMOUS
624020 [http-nio-8080-exec-6] DEBUG o.s.s.w.u.m.AntPathRequestMatcher - Checking match of request : '/jquery/jquery-2.1.3.js'; against '/bootstrap/**'
624020 [http-nio-8080-exec-6] DEBUG o.s.s.w.u.m.AntPathRequestMatcher - Checking match of request : '/jquery/jquery-2.1.3.js'; against '/error/**'
624020 [http-nio-8080-exec-6] DEBUG o.s.s.w.u.m.AntPathRequestMatcher - Checking match of request : '/jquery/jquery-2.1.3.js'; against '/img/**'
624020 [http-nio-8080-exec-4] DEBUG o.s.s.access.vote.AffirmativeBased - Voter: org.springframework.security.web.access.expression.WebExpressionVoter@2f6f76da, returned: 1
624020 [http-nio-8080-exec-7] DEBUG o.s.security.web.FilterChainProxy - /bootstrap/js/bootstrap.js at position 12 of 12 in additional filter chain; firing Filter: 'FilterSecurityInterceptor'
624020 [http-nio-8080-exec-7] DEBUG o.s.s.w.u.m.AntPathRequestMatcher - Request 'GET /bootstrap/js/bootstrap.js' doesn't match 'POST /logout
624020 [http-nio-8080-exec-7] DEBUG o.s.s.w.u.m.AntPathRequestMatcher - Checking match of request : '/bootstrap/js/bootstrap.js'; against '/bootstrap/**'
624020 [http-nio-8080-exec-4] DEBUG o.s.s.w.a.i.FilterSecurityInterceptor - Authorization successful
624020 [http-nio-8080-exec-4] DEBUG o.s.s.w.a.i.FilterSecurityInterceptor - RunAsManager did not change Authentication object
624020 [http-nio-8080-exec-4] DEBUG o.s.security.web.FilterChainProxy - /bootstrap/css/bootstrap.css reached end of additional filter chain; proceeding with original chain
624020 [http-nio-8080-exec-7] DEBUG o.s.s.w.a.i.FilterSecurityInterceptor - Secure object: FilterInvocation: URL: /bootstrap/js/bootstrap.js; Attributes: [permitAll]
624020 [http-nio-8080-exec-7] DEBUG o.s.s.w.a.i.FilterSecurityInterceptor - Previously Authenticated: org.springframework.security.authentication.AnonymousAuthenticationToken@6fa90ed4: Principal: anonymousUser; Credentials: [PROTECTED]; Authenticated: true; Details: org.springframework.security.web.authentication.WebAuthenticationDetails@fffc7f0c: RemoteIpAddress: 127.0.0.1; SessionId: 3804353C2C2C151F407CA4B277564A11; Granted Authorities: ROLE_ANONYMOUS
624020 [http-nio-8080-exec-6] DEBUG o.s.s.w.u.m.AntPathRequestMatcher - Checking match of request : '/jquery/jquery-2.1.3.js'; against '/jquery/**'
624020 [http-nio-8080-exec-6] DEBUG o.s.s.w.a.i.FilterSecurityInterceptor - Secure object: FilterInvocation: URL: /jquery/jquery-2.1.3.js; Attributes: [permitAll]
624020 [http-nio-8080-exec-6] DEBUG o.s.s.w.a.i.FilterSecurityInterceptor - Previously Authenticated: org.springframework.security.authentication.AnonymousAuthenticationToken@6fa90ed4: Principal: anonymousUser; Credentials: [PROTECTED]; Authenticated: true; Details: org.springframework.security.web.authentication.WebAuthenticationDetails@fffc7f0c: RemoteIpAddress: 127.0.0.1; SessionId: 3804353C2C2C151F407CA4B277564A11; Granted Authorities: ROLE_ANONYMOUS
624020 [http-nio-8080-exec-7] DEBUG o.s.s.access.vote.AffirmativeBased - Voter: org.springframework.security.web.access.expression.WebExpressionVoter@2f6f76da, returned: 1
624020 [http-nio-8080-exec-6] DEBUG o.s.s.access.vote.AffirmativeBased - Voter: org.springframework.security.web.access.expression.WebExpressionVoter@2f6f76da, returned: 1
624021 [http-nio-8080-exec-4] DEBUG o.s.s.w.c.HttpSessionSecurityContextRepository - SecurityContext is empty or contents are anonymous - context will not be stored in HttpSession.
624022 [http-nio-8080-exec-7] DEBUG o.s.s.w.a.i.FilterSecurityInterceptor - Authorization successful
624022 [http-nio-8080-exec-6] DEBUG o.s.s.w.a.i.FilterSecurityInterceptor - Authorization successful
624022 [http-nio-8080-exec-7] DEBUG o.s.s.w.a.i.FilterSecurityInterceptor - RunAsManager did not change Authentication object
624022 [http-nio-8080-exec-6] DEBUG o.s.s.w.a.i.FilterSecurityInterceptor - RunAsManager did not change Authentication object
624022 [http-nio-8080-exec-6] DEBUG o.s.security.web.FilterChainProxy - /jquery/jquery-2.1.3.js reached end of additional filter chain; proceeding with original chain
624022 [http-nio-8080-exec-7] DEBUG o.s.security.web.FilterChainProxy - /bootstrap/js/bootstrap.js reached end of additional filter chain; proceeding with original chain
624023 [http-nio-8080-exec-7] DEBUG o.s.s.w.c.HttpSessionSecurityContextRepository - SecurityContext is empty or contents are anonymous - context will not be stored in HttpSession.
624023 [http-nio-8080-exec-6] DEBUG o.s.s.w.c.HttpSessionSecurityContextRepository - SecurityContext is empty or contents are anonymous - context will not be stored in HttpSession.
624025 [http-nio-8080-exec-7] DEBUG o.s.s.w.a.ExceptionTranslationFilter - Chain processed normally
624025 [http-nio-8080-exec-7] DEBUG o.s.s.w.c.SecurityContextPersistenceFilter - SecurityContextHolder now cleared, as request processing completed
624025 [http-nio-8080-exec-4] DEBUG o.s.s.w.a.ExceptionTranslationFilter - Chain processed normally
624025 [http-nio-8080-exec-4] DEBUG o.s.s.w.c.SecurityContextPersistenceFilter - SecurityContextHolder now cleared, as request processing completed
624026 [http-nio-8080-exec-6] DEBUG o.s.s.w.a.ExceptionTranslationFilter - Chain processed normally
624026 [http-nio-8080-exec-6] DEBUG o.s.s.w.c.SecurityContextPersistenceFilter - SecurityContextHolder now cleared, as request processing completed
624030 [http-nio-8080-exec-10] DEBUG o.s.s.w.u.matcher.OrRequestMatcher - Trying to match using Ant [pattern='/css/**']
624030 [http-nio-8080-exec-10] DEBUG o.s.s.w.u.m.AntPathRequestMatcher - Checking match of request : '/img/1.JPG'; against '/css/**'
624030 [http-nio-8080-exec-10] DEBUG o.s.s.w.u.matcher.OrRequestMatcher - Trying to match using Ant [pattern='/js/**']
624030 [http-nio-8080-exec-10] DEBUG o.s.s.w.u.m.AntPathRequestMatcher - Checking match of request : '/img/1.JPG'; against '/js/**'
624030 [http-nio-8080-exec-10] DEBUG o.s.s.w.u.matcher.OrRequestMatcher - Trying to match using Ant [pattern='/images/**']
624030 [http-nio-8080-exec-10] DEBUG o.s.s.w.u.m.AntPathRequestMatcher - Checking match of request : '/img/1.JPG'; against '/images/**'
624030 [http-nio-8080-exec-10] DEBUG o.s.s.w.u.matcher.OrRequestMatcher - Trying to match using Ant [pattern='/webjars/**']
624030 [http-nio-8080-exec-10] DEBUG o.s.s.w.u.m.AntPathRequestMatcher - Checking match of request : '/img/1.JPG'; against '/webjars/**'
624030 [http-nio-8080-exec-10] DEBUG o.s.s.w.u.matcher.OrRequestMatcher - Trying to match using Ant [pattern='/**/favicon.ico']
624030 [http-nio-8080-exec-10] DEBUG o.s.s.w.u.m.AntPathRequestMatcher - Checking match of request : '/img/1.JPG'; against '/**/favicon.ico'
624030 [http-nio-8080-exec-10] DEBUG o.s.s.w.u.matcher.OrRequestMatcher - Trying to match using Ant [pattern='/error']
624030 [http-nio-8080-exec-10] DEBUG o.s.s.w.u.m.AntPathRequestMatcher - Checking match of request : '/img/1.JPG'; against '/error'
624030 [http-nio-8080-exec-10] DEBUG o.s.s.w.u.matcher.OrRequestMatcher - No matches found
624030 [http-nio-8080-exec-10] DEBUG o.s.security.web.FilterChainProxy - /img/1.JPG at position 1 of 12 in additional filter chain; firing Filter: 'WebAsyncManagerIntegrationFilter'
624030 [http-nio-8080-exec-10] DEBUG o.s.security.web.FilterChainProxy - /img/1.JPG at position 2 of 12 in additional filter chain; firing Filter: 'SecurityContextPersistenceFilter'
624030 [http-nio-8080-exec-10] DEBUG o.s.s.w.c.HttpSessionSecurityContextRepository - HttpSession returned null object for SPRING_SECURITY_CONTEXT
624030 [http-nio-8080-exec-10] DEBUG o.s.s.w.c.HttpSessionSecurityContextRepository - No SecurityContext was available from the HttpSession: org.apache.catalina.session.StandardSessionFacade@6e527ce1. A new one will be created.
624030 [http-nio-8080-exec-10] DEBUG o.s.security.web.FilterChainProxy - /img/1.JPG at position 3 of 12 in additional filter chain; firing Filter: 'HeaderWriterFilter'
624030 [http-nio-8080-exec-10] DEBUG o.s.s.w.h.writers.HstsHeaderWriter - Not injecting HSTS header since it did not match the requestMatcher org.springframework.security.web.header.writers.HstsHeaderWriter$SecureRequestMatcher@6a6df5f3
624030 [http-nio-8080-exec-10] DEBUG o.s.security.web.FilterChainProxy - /img/1.JPG at position 4 of 12 in additional filter chain; firing Filter: 'CsrfFilter'
624030 [http-nio-8080-exec-10] DEBUG o.s.security.web.FilterChainProxy - /img/1.JPG at position 5 of 12 in additional filter chain; firing Filter: 'LogoutFilter'
624030 [http-nio-8080-exec-10] DEBUG o.s.s.w.u.m.AntPathRequestMatcher - Request 'GET /img/1.JPG' doesn't match 'POST /logout
624030 [http-nio-8080-exec-10] DEBUG o.s.security.web.FilterChainProxy - /img/1.JPG at position 6 of 12 in additional filter chain; firing Filter: 'UsernamePasswordAuthenticationFilter'
624030 [http-nio-8080-exec-10] DEBUG o.s.s.w.u.m.AntPathRequestMatcher - Request 'GET /img/1.JPG' doesn't match 'POST /login
624030 [http-nio-8080-exec-10] DEBUG o.s.security.web.FilterChainProxy - /img/1.JPG at position 7 of 12 in additional filter chain; firing Filter: 'RequestCacheAwareFilter'
624031 [http-nio-8080-exec-10] DEBUG o.s.s.w.s.DefaultSavedRequest - pathInfo: both null (property equals)
624031 [http-nio-8080-exec-10] DEBUG o.s.s.w.s.DefaultSavedRequest - queryString: both null (property equals)
624033 [http-nio-8080-exec-10] DEBUG o.s.s.w.s.DefaultSavedRequest - requestURI: arg1=/logout; arg2=/img/1.JPG (property not equals)
624033 [http-nio-8080-exec-10] DEBUG o.s.s.w.s.HttpSessionRequestCache - saved request doesn't match
624033 [http-nio-8080-exec-10] DEBUG o.s.security.web.FilterChainProxy - /img/1.JPG at position 8 of 12 in additional filter chain; firing Filter: 'SecurityContextHolderAwareRequestFilter'
624033 [http-nio-8080-exec-10] DEBUG o.s.security.web.FilterChainProxy - /img/1.JPG at position 9 of 12 in additional filter chain; firing Filter: 'AnonymousAuthenticationFilter'
624033 [http-nio-8080-exec-10] DEBUG o.s.s.w.a.AnonymousAuthenticationFilter - Populated SecurityContextHolder with anonymous token: 'org.springframework.security.authentication.AnonymousAuthenticationToken@6fa90ed4: Principal: anonymousUser; Credentials: [PROTECTED]; Authenticated: true; Details: org.springframework.security.web.authentication.WebAuthenticationDetails@fffc7f0c: RemoteIpAddress: 127.0.0.1; SessionId: 3804353C2C2C151F407CA4B277564A11; Granted Authorities: ROLE_ANONYMOUS'
624033 [http-nio-8080-exec-10] DEBUG o.s.security.web.FilterChainProxy - /img/1.JPG at position 10 of 12 in additional filter chain; firing Filter: 'SessionManagementFilter'
624033 [http-nio-8080-exec-10] DEBUG o.s.security.web.FilterChainProxy - /img/1.JPG at position 11 of 12 in additional filter chain; firing Filter: 'ExceptionTranslationFilter'
624033 [http-nio-8080-exec-10] DEBUG o.s.security.web.FilterChainProxy - /img/1.JPG at position 12 of 12 in additional filter chain; firing Filter: 'FilterSecurityInterceptor'
624033 [http-nio-8080-exec-10] DEBUG o.s.s.w.u.m.AntPathRequestMatcher - Request 'GET /img/1.JPG' doesn't match 'POST /logout
624033 [http-nio-8080-exec-10] DEBUG o.s.s.w.u.m.AntPathRequestMatcher - Checking match of request : '/img/1.JPG'; against '/bootstrap/**'
624033 [http-nio-8080-exec-10] DEBUG o.s.s.w.u.m.AntPathRequestMatcher - Checking match of request : '/img/1.JPG'; against '/error/**'
624033 [http-nio-8080-exec-10] DEBUG o.s.s.w.u.m.AntPathRequestMatcher - Checking match of request : '/img/1.JPG'; against '/img/**'
624033 [http-nio-8080-exec-10] DEBUG o.s.s.w.a.i.FilterSecurityInterceptor - Secure object: FilterInvocation: URL: /img/1.JPG; Attributes: [permitAll]
624033 [http-nio-8080-exec-10] DEBUG o.s.s.w.a.i.FilterSecurityInterceptor - Previously Authenticated: org.springframework.security.authentication.AnonymousAuthenticationToken@6fa90ed4: Principal: anonymousUser; Credentials: [PROTECTED]; Authenticated: true; Details: org.springframework.security.web.authentication.WebAuthenticationDetails@fffc7f0c: RemoteIpAddress: 127.0.0.1; SessionId: 3804353C2C2C151F407CA4B277564A11; Granted Authorities: ROLE_ANONYMOUS
624033 [http-nio-8080-exec-10] DEBUG o.s.s.access.vote.AffirmativeBased - Voter: org.springframework.security.web.access.expression.WebExpressionVoter@2f6f76da, returned: 1
624033 [http-nio-8080-exec-10] DEBUG o.s.s.w.a.i.FilterSecurityInterceptor - Authorization successful
624033 [http-nio-8080-exec-10] DEBUG o.s.s.w.a.i.FilterSecurityInterceptor - RunAsManager did not change Authentication object
624033 [http-nio-8080-exec-10] DEBUG o.s.security.web.FilterChainProxy - /img/1.JPG reached end of additional filter chain; proceeding with original chain
624034 [http-nio-8080-exec-10] DEBUG o.s.s.w.c.HttpSessionSecurityContextRepository - SecurityContext is empty or contents are anonymous - context will not be stored in HttpSession.
624036 [http-nio-8080-exec-10] DEBUG o.s.s.w.a.ExceptionTranslationFilter - Chain processed normally
624036 [http-nio-8080-exec-10] DEBUG o.s.s.w.c.SecurityContextPersistenceFilter - SecurityContextHolder now cleared, as request processing completed
624058 [http-nio-8080-exec-9] DEBUG o.s.s.w.u.matcher.OrRequestMatcher - Trying to match using Ant [pattern='/css/**']
624058 [http-nio-8080-exec-9] DEBUG o.s.s.w.u.m.AntPathRequestMatcher - Checking match of request : '/img/1.JPG'; against '/css/**'
624058 [http-nio-8080-exec-9] DEBUG o.s.s.w.u.matcher.OrRequestMatcher - Trying to match using Ant [pattern='/js/**']
624058 [http-nio-8080-exec-9] DEBUG o.s.s.w.u.m.AntPathRequestMatcher - Checking match of request : '/img/1.JPG'; against '/js/**'
624058 [http-nio-8080-exec-9] DEBUG o.s.s.w.u.matcher.OrRequestMatcher - Trying to match using Ant [pattern='/images/**']
624058 [http-nio-8080-exec-9] DEBUG o.s.s.w.u.m.AntPathRequestMatcher - Checking match of request : '/img/1.JPG'; against '/images/**'
624058 [http-nio-8080-exec-9] DEBUG o.s.s.w.u.matcher.OrRequestMatcher - Trying to match using Ant [pattern='/webjars/**']
624058 [http-nio-8080-exec-9] DEBUG o.s.s.w.u.m.AntPathRequestMatcher - Checking match of request : '/img/1.JPG'; against '/webjars/**'
624058 [http-nio-8080-exec-9] DEBUG o.s.s.w.u.matcher.OrRequestMatcher - Trying to match using Ant [pattern='/**/favicon.ico']
624058 [http-nio-8080-exec-9] DEBUG o.s.s.w.u.m.AntPathRequestMatcher - Checking match of request : '/img/1.JPG'; against '/**/favicon.ico'
624058 [http-nio-8080-exec-9] DEBUG o.s.s.w.u.matcher.OrRequestMatcher - Trying to match using Ant [pattern='/error']
624058 [http-nio-8080-exec-9] DEBUG o.s.s.w.u.m.AntPathRequestMatcher - Checking match of request : '/img/1.JPG'; against '/error'
624058 [http-nio-8080-exec-9] DEBUG o.s.s.w.u.matcher.OrRequestMatcher - No matches found
624058 [http-nio-8080-exec-9] DEBUG o.s.security.web.FilterChainProxy - /img/1.JPG at position 1 of 12 in additional filter chain; firing Filter: 'WebAsyncManagerIntegrationFilter'
624058 [http-nio-8080-exec-9] DEBUG o.s.security.web.FilterChainProxy - /img/1.JPG at position 2 of 12 in additional filter chain; firing Filter: 'SecurityContextPersistenceFilter'
624058 [http-nio-8080-exec-9] DEBUG o.s.s.w.c.HttpSessionSecurityContextRepository - HttpSession returned null object for SPRING_SECURITY_CONTEXT
624058 [http-nio-8080-exec-9] DEBUG o.s.s.w.c.HttpSessionSecurityContextRepository - No SecurityContext was available from the HttpSession: org.apache.catalina.session.StandardSessionFacade@6e527ce1. A new one will be created.
624058 [http-nio-8080-exec-9] DEBUG o.s.security.web.FilterChainProxy - /img/1.JPG at position 3 of 12 in additional filter chain; firing Filter: 'HeaderWriterFilter'
624058 [http-nio-8080-exec-9] DEBUG o.s.s.w.h.writers.HstsHeaderWriter - Not injecting HSTS header since it did not match the requestMatcher org.springframework.security.web.header.writers.HstsHeaderWriter$SecureRequestMatcher@6a6df5f3
624058 [http-nio-8080-exec-9] DEBUG o.s.security.web.FilterChainProxy - /img/1.JPG at position 4 of 12 in additional filter chain; firing Filter: 'CsrfFilter'
624058 [http-nio-8080-exec-9] DEBUG o.s.security.web.FilterChainProxy - /img/1.JPG at position 5 of 12 in additional filter chain; firing Filter: 'LogoutFilter'
624058 [http-nio-8080-exec-9] DEBUG o.s.s.w.u.m.AntPathRequestMatcher - Request 'GET /img/1.JPG' doesn't match 'POST /logout
624058 [http-nio-8080-exec-9] DEBUG o.s.security.web.FilterChainProxy - /img/1.JPG at position 6 of 12 in additional filter chain; firing Filter: 'UsernamePasswordAuthenticationFilter'
624058 [http-nio-8080-exec-9] DEBUG o.s.s.w.u.m.AntPathRequestMatcher - Request 'GET /img/1.JPG' doesn't match 'POST /login
624058 [http-nio-8080-exec-9] DEBUG o.s.security.web.FilterChainProxy - /img/1.JPG at position 7 of 12 in additional filter chain; firing Filter: 'RequestCacheAwareFilter'
624058 [http-nio-8080-exec-9] DEBUG o.s.s.w.s.DefaultSavedRequest - pathInfo: both null (property equals)
624058 [http-nio-8080-exec-9] DEBUG o.s.s.w.s.DefaultSavedRequest - queryString: both null (property equals)
624058 [http-nio-8080-exec-9] DEBUG o.s.s.w.s.DefaultSavedRequest - requestURI: arg1=/logout; arg2=/img/1.JPG (property not equals)
624059 [http-nio-8080-exec-9] DEBUG o.s.s.w.s.HttpSessionRequestCache - saved request doesn't match
624059 [http-nio-8080-exec-9] DEBUG o.s.security.web.FilterChainProxy - /img/1.JPG at position 8 of 12 in additional filter chain; firing Filter: 'SecurityContextHolderAwareRequestFilter'
624059 [http-nio-8080-exec-9] DEBUG o.s.security.web.FilterChainProxy - /img/1.JPG at position 9 of 12 in additional filter chain; firing Filter: 'AnonymousAuthenticationFilter'
624059 [http-nio-8080-exec-9] DEBUG o.s.s.w.a.AnonymousAuthenticationFilter - Populated SecurityContextHolder with anonymous token: 'org.springframework.security.authentication.AnonymousAuthenticationToken@6fa90ed4: Principal: anonymousUser; Credentials: [PROTECTED]; Authenticated: true; Details: org.springframework.security.web.authentication.WebAuthenticationDetails@fffc7f0c: RemoteIpAddress: 127.0.0.1; SessionId: 3804353C2C2C151F407CA4B277564A11; Granted Authorities: ROLE_ANONYMOUS'
624059 [http-nio-8080-exec-9] DEBUG o.s.security.web.FilterChainProxy - /img/1.JPG at position 10 of 12 in additional filter chain; firing Filter: 'SessionManagementFilter'
624059 [http-nio-8080-exec-9] DEBUG o.s.security.web.FilterChainProxy - /img/1.JPG at position 11 of 12 in additional filter chain; firing Filter: 'ExceptionTranslationFilter'
624059 [http-nio-8080-exec-9] DEBUG o.s.security.web.FilterChainProxy - /img/1.JPG at position 12 of 12 in additional filter chain; firing Filter: 'FilterSecurityInterceptor'
624059 [http-nio-8080-exec-9] DEBUG o.s.s.w.u.m.AntPathRequestMatcher - Request 'GET /img/1.JPG' doesn't match 'POST /logout
624059 [http-nio-8080-exec-9] DEBUG o.s.s.w.u.m.AntPathRequestMatcher - Checking match of request : '/img/1.JPG'; against '/bootstrap/**'
624059 [http-nio-8080-exec-9] DEBUG o.s.s.w.u.m.AntPathRequestMatcher - Checking match of request : '/img/1.JPG'; against '/error/**'
624059 [http-nio-8080-exec-9] DEBUG o.s.s.w.u.m.AntPathRequestMatcher - Checking match of request : '/img/1.JPG'; against '/img/**'
624059 [http-nio-8080-exec-9] DEBUG o.s.s.w.a.i.FilterSecurityInterceptor - Secure object: FilterInvocation: URL: /img/1.JPG; Attributes: [permitAll]
624059 [http-nio-8080-exec-9] DEBUG o.s.s.w.a.i.FilterSecurityInterceptor - Previously Authenticated: org.springframework.security.authentication.AnonymousAuthenticationToken@6fa90ed4: Principal: anonymousUser; Credentials: [PROTECTED]; Authenticated: true; Details: org.springframework.security.web.authentication.WebAuthenticationDetails@fffc7f0c: RemoteIpAddress: 127.0.0.1; SessionId: 3804353C2C2C151F407CA4B277564A11; Granted Authorities: ROLE_ANONYMOUS
624059 [http-nio-8080-exec-9] DEBUG o.s.s.access.vote.AffirmativeBased - Voter: org.springframework.security.web.access.expression.WebExpressionVoter@2f6f76da, returned: 1
624059 [http-nio-8080-exec-9] DEBUG o.s.s.w.a.i.FilterSecurityInterceptor - Authorization successful
624059 [http-nio-8080-exec-9] DEBUG o.s.s.w.a.i.FilterSecurityInterceptor - RunAsManager did not change Authentication object
624059 [http-nio-8080-exec-9] DEBUG o.s.security.web.FilterChainProxy - /img/1.JPG reached end of additional filter chain; proceeding with original chain
624060 [http-nio-8080-exec-9] DEBUG o.s.s.w.c.HttpSessionSecurityContextRepository - SecurityContext is empty or contents are anonymous - context will not be stored in HttpSession.
624061 [http-nio-8080-exec-1] DEBUG o.s.s.w.u.matcher.OrRequestMatcher - Trying to match using Ant [pattern='/css/**']
624061 [http-nio-8080-exec-1] DEBUG o.s.s.w.u.m.AntPathRequestMatcher - Checking match of request : '/bootstrap/fonts/glyphicons-halflings-regular.woff2'; against '/css/**'
624061 [http-nio-8080-exec-1] DEBUG o.s.s.w.u.matcher.OrRequestMatcher - Trying to match using Ant [pattern='/js/**']
624061 [http-nio-8080-exec-1] DEBUG o.s.s.w.u.m.AntPathRequestMatcher - Checking match of request : '/bootstrap/fonts/glyphicons-halflings-regular.woff2'; against '/js/**'
624061 [http-nio-8080-exec-1] DEBUG o.s.s.w.u.matcher.OrRequestMatcher - Trying to match using Ant [pattern='/images/**']
624061 [http-nio-8080-exec-1] DEBUG o.s.s.w.u.m.AntPathRequestMatcher - Checking match of request : '/bootstrap/fonts/glyphicons-halflings-regular.woff2'; against '/images/**'
624061 [http-nio-8080-exec-1] DEBUG o.s.s.w.u.matcher.OrRequestMatcher - Trying to match using Ant [pattern='/webjars/**']
624061 [http-nio-8080-exec-1] DEBUG o.s.s.w.u.m.AntPathRequestMatcher - Checking match of request : '/bootstrap/fonts/glyphicons-halflings-regular.woff2'; against '/webjars/**'
624061 [http-nio-8080-exec-1] DEBUG o.s.s.w.u.matcher.OrRequestMatcher - Trying to match using Ant [pattern='/**/favicon.ico']
624061 [http-nio-8080-exec-1] DEBUG o.s.s.w.u.m.AntPathRequestMatcher - Checking match of request : '/bootstrap/fonts/glyphicons-halflings-regular.woff2'; against '/**/favicon.ico'
624061 [http-nio-8080-exec-1] DEBUG o.s.s.w.u.matcher.OrRequestMatcher - Trying to match using Ant [pattern='/error']
624061 [http-nio-8080-exec-1] DEBUG o.s.s.w.u.m.AntPathRequestMatcher - Checking match of request : '/bootstrap/fonts/glyphicons-halflings-regular.woff2'; against '/error'
624061 [http-nio-8080-exec-1] DEBUG o.s.s.w.u.matcher.OrRequestMatcher - No matches found
624062 [http-nio-8080-exec-1] DEBUG o.s.security.web.FilterChainProxy - /bootstrap/fonts/glyphicons-halflings-regular.woff2 at position 1 of 12 in additional filter chain; firing Filter: 'WebAsyncManagerIntegrationFilter'
624062 [http-nio-8080-exec-1] DEBUG o.s.security.web.FilterChainProxy - /bootstrap/fonts/glyphicons-halflings-regular.woff2 at position 2 of 12 in additional filter chain; firing Filter: 'SecurityContextPersistenceFilter'
624062 [http-nio-8080-exec-1] DEBUG o.s.s.w.c.HttpSessionSecurityContextRepository - HttpSession returned null object for SPRING_SECURITY_CONTEXT
624062 [http-nio-8080-exec-1] DEBUG o.s.s.w.c.HttpSessionSecurityContextRepository - No SecurityContext was available from the HttpSession: org.apache.catalina.session.StandardSessionFacade@6e527ce1. A new one will be created.
624062 [http-nio-8080-exec-1] DEBUG o.s.security.web.FilterChainProxy - /bootstrap/fonts/glyphicons-halflings-regular.woff2 at position 3 of 12 in additional filter chain; firing Filter: 'HeaderWriterFilter'
624062 [http-nio-8080-exec-1] DEBUG o.s.s.w.h.writers.HstsHeaderWriter - Not injecting HSTS header since it did not match the requestMatcher org.springframework.security.web.header.writers.HstsHeaderWriter$SecureRequestMatcher@6a6df5f3
624062 [http-nio-8080-exec-1] DEBUG o.s.security.web.FilterChainProxy - /bootstrap/fonts/glyphicons-halflings-regular.woff2 at position 4 of 12 in additional filter chain; firing Filter: 'CsrfFilter'
624062 [http-nio-8080-exec-1] DEBUG o.s.security.web.FilterChainProxy - /bootstrap/fonts/glyphicons-halflings-regular.woff2 at position 5 of 12 in additional filter chain; firing Filter: 'LogoutFilter'
624062 [http-nio-8080-exec-1] DEBUG o.s.s.w.u.m.AntPathRequestMatcher - Request 'GET /bootstrap/fonts/glyphicons-halflings-regular.woff2' doesn't match 'POST /logout
624062 [http-nio-8080-exec-1] DEBUG o.s.security.web.FilterChainProxy - /bootstrap/fonts/glyphicons-halflings-regular.woff2 at position 6 of 12 in additional filter chain; firing Filter: 'UsernamePasswordAuthenticationFilter'
624062 [http-nio-8080-exec-1] DEBUG o.s.s.w.u.m.AntPathRequestMatcher - Request 'GET /bootstrap/fonts/glyphicons-halflings-regular.woff2' doesn't match 'POST /login
624062 [http-nio-8080-exec-1] DEBUG o.s.security.web.FilterChainProxy - /bootstrap/fonts/glyphicons-halflings-regular.woff2 at position 7 of 12 in additional filter chain; firing Filter: 'RequestCacheAwareFilter'
624062 [http-nio-8080-exec-1] DEBUG o.s.s.w.s.DefaultSavedRequest - pathInfo: both null (property equals)
624062 [http-nio-8080-exec-1] DEBUG o.s.s.w.s.DefaultSavedRequest - queryString: both null (property equals)
624062 [http-nio-8080-exec-1] DEBUG o.s.s.w.s.DefaultSavedRequest - requestURI: arg1=/logout; arg2=/bootstrap/fonts/glyphicons-halflings-regular.woff2 (property not equals)
624062 [http-nio-8080-exec-1] DEBUG o.s.s.w.s.HttpSessionRequestCache - saved request doesn't match
624062 [http-nio-8080-exec-1] DEBUG o.s.security.web.FilterChainProxy - /bootstrap/fonts/glyphicons-halflings-regular.woff2 at position 8 of 12 in additional filter chain; firing Filter: 'SecurityContextHolderAwareRequestFilter'
624062 [http-nio-8080-exec-1] DEBUG o.s.security.web.FilterChainProxy - /bootstrap/fonts/glyphicons-halflings-regular.woff2 at position 9 of 12 in additional filter chain; firing Filter: 'AnonymousAuthenticationFilter'
624062 [http-nio-8080-exec-1] DEBUG o.s.s.w.a.AnonymousAuthenticationFilter - Populated SecurityContextHolder with anonymous token: 'org.springframework.security.authentication.AnonymousAuthenticationToken@6fa90ed4: Principal: anonymousUser; Credentials: [PROTECTED]; Authenticated: true; Details: org.springframework.security.web.authentication.WebAuthenticationDetails@fffc7f0c: RemoteIpAddress: 127.0.0.1; SessionId: 3804353C2C2C151F407CA4B277564A11; Granted Authorities: ROLE_ANONYMOUS'
624062 [http-nio-8080-exec-1] DEBUG o.s.security.web.FilterChainProxy - /bootstrap/fonts/glyphicons-halflings-regular.woff2 at position 10 of 12 in additional filter chain; firing Filter: 'SessionManagementFilter'
624062 [http-nio-8080-exec-1] DEBUG o.s.security.web.FilterChainProxy - /bootstrap/fonts/glyphicons-halflings-regular.woff2 at position 11 of 12 in additional filter chain; firing Filter: 'ExceptionTranslationFilter'
624062 [http-nio-8080-exec-1] DEBUG o.s.security.web.FilterChainProxy - /bootstrap/fonts/glyphicons-halflings-regular.woff2 at position 12 of 12 in additional filter chain; firing Filter: 'FilterSecurityInterceptor'
624062 [http-nio-8080-exec-1] DEBUG o.s.s.w.u.m.AntPathRequestMatcher - Request 'GET /bootstrap/fonts/glyphicons-halflings-regular.woff2' doesn't match 'POST /logout
624062 [http-nio-8080-exec-1] DEBUG o.s.s.w.u.m.AntPathRequestMatcher - Checking match of request : '/bootstrap/fonts/glyphicons-halflings-regular.woff2'; against '/bootstrap/**'
624062 [http-nio-8080-exec-1] DEBUG o.s.s.w.a.i.FilterSecurityInterceptor - Secure object: FilterInvocation: URL: /bootstrap/fonts/glyphicons-halflings-regular.woff2; Attributes: [permitAll]
624062 [http-nio-8080-exec-1] DEBUG o.s.s.w.a.i.FilterSecurityInterceptor - Previously Authenticated: org.springframework.security.authentication.AnonymousAuthenticationToken@6fa90ed4: Principal: anonymousUser; Credentials: [PROTECTED]; Authenticated: true; Details: org.springframework.security.web.authentication.WebAuthenticationDetails@fffc7f0c: RemoteIpAddress: 127.0.0.1; SessionId: 3804353C2C2C151F407CA4B277564A11; Granted Authorities: ROLE_ANONYMOUS
624063 [http-nio-8080-exec-9] DEBUG o.s.s.w.a.ExceptionTranslationFilter - Chain processed normally
624064 [http-nio-8080-exec-9] DEBUG o.s.s.w.c.SecurityContextPersistenceFilter - SecurityContextHolder now cleared, as request processing completed
624064 [http-nio-8080-exec-1] DEBUG o.s.s.access.vote.AffirmativeBased - Voter: org.springframework.security.web.access.expression.WebExpressionVoter@2f6f76da, returned: 1
624064 [http-nio-8080-exec-1] DEBUG o.s.s.w.a.i.FilterSecurityInterceptor - Authorization successful
624064 [http-nio-8080-exec-1] DEBUG o.s.s.w.a.i.FilterSecurityInterceptor - RunAsManager did not change Authentication object
624064 [http-nio-8080-exec-1] DEBUG o.s.security.web.FilterChainProxy - /bootstrap/fonts/glyphicons-halflings-regular.woff2 reached end of additional filter chain; proceeding with original chain
624065 [http-nio-8080-exec-1] DEBUG o.s.s.w.c.HttpSessionSecurityContextRepository - SecurityContext is empty or contents are anonymous - context will not be stored in HttpSession.
624067 [http-nio-8080-exec-1] DEBUG o.s.s.w.a.ExceptionTranslationFilter - Chain processed normally
624067 [http-nio-8080-exec-1] DEBUG o.s.s.w.c.SecurityContextPersistenceFilter - SecurityContextHolder now cleared, as request processing completed
639333 [Thread-50] WARN  o.s.b.f.s.DisposableBeanAdapter - Invocation of destroy method failed on bean with name 'classPathFileSystemWatcher': java.lang.NullPointerException
640960 [restartedMain] DEBUG o.s.s.c.a.a.c.AuthenticationConfiguration$EnableGlobalAuthenticationAutowiredConfigurer - Eagerly initializing {org.springframework.boot.autoconfigure.security.SpringBootWebSecurityConfiguration=org.springframework.boot.autoconfigure.security.SpringBootWebSecurityConfiguration$$EnhancerBySpringCGLIB$$47aa4518@aa05695}
640966 [restartedMain] INFO  o.s.s.w.DefaultSecurityFilterChain - Creating filter chain: OrRequestMatcher [requestMatchers=[Ant [pattern='/css/**'], Ant [pattern='/js/**'], Ant [pattern='/images/**'], Ant [pattern='/webjars/**'], Ant [pattern='/**/favicon.ico'], Ant [pattern='/error']]], []
640972 [restartedMain] DEBUG o.s.s.w.a.e.ExpressionBasedFilterInvocationSecurityMetadataSource - Adding web access control expression 'permitAll', for ExactUrl [processUrl='/login?error']
640972 [restartedMain] DEBUG o.s.s.w.a.e.ExpressionBasedFilterInvocationSecurityMetadataSource - Adding web access control expression 'permitAll', for ExactUrl [processUrl='/login']
640972 [restartedMain] DEBUG o.s.s.w.a.e.ExpressionBasedFilterInvocationSecurityMetadataSource - Adding web access control expression 'permitAll', for ExactUrl [processUrl='/login']
640972 [restartedMain] DEBUG o.s.s.w.a.e.ExpressionBasedFilterInvocationSecurityMetadataSource - Adding web access control expression 'permitAll', for Ant [pattern='/logout', POST]
640972 [restartedMain] DEBUG o.s.s.w.a.e.ExpressionBasedFilterInvocationSecurityMetadataSource - Adding web access control expression 'permitAll', for ExactUrl [processUrl='/login?logout']
640972 [restartedMain] DEBUG o.s.s.w.a.e.ExpressionBasedFilterInvocationSecurityMetadataSource - Adding web access control expression 'permitAll', for Ant [pattern='/bootstrap/**']
640972 [restartedMain] DEBUG o.s.s.w.a.e.ExpressionBasedFilterInvocationSecurityMetadataSource - Adding web access control expression 'permitAll', for Ant [pattern='/error/**']
640972 [restartedMain] DEBUG o.s.s.w.a.e.ExpressionBasedFilterInvocationSecurityMetadataSource - Adding web access control expression 'permitAll', for Ant [pattern='/img/**']
640972 [restartedMain] DEBUG o.s.s.w.a.e.ExpressionBasedFilterInvocationSecurityMetadataSource - Adding web access control expression 'permitAll', for Ant [pattern='/jquery/**']
640972 [restartedMain] DEBUG o.s.s.w.a.e.ExpressionBasedFilterInvocationSecurityMetadataSource - Adding web access control expression 'permitAll', for Ant [pattern='/temp']
640972 [restartedMain] DEBUG o.s.s.w.a.e.ExpressionBasedFilterInvocationSecurityMetadataSource - Adding web access control expression 'permitAll', for Ant [pattern='/temp.ftl']
640972 [restartedMain] DEBUG o.s.s.w.a.e.ExpressionBasedFilterInvocationSecurityMetadataSource - Adding web access control expression 'authenticated', for org.springframework.security.web.util.matcher.AnyRequestMatcher@1
640973 [restartedMain] DEBUG o.s.s.w.a.i.FilterSecurityInterceptor - Validated configuration attributes
640973 [restartedMain] DEBUG o.s.s.w.a.i.FilterSecurityInterceptor - Validated configuration attributes
640975 [restartedMain] INFO  o.s.s.w.DefaultSecurityFilterChain - Creating filter chain: org.springframework.security.web.util.matcher.AnyRequestMatcher@1, [org.springframework.security.web.context.request.async.WebAsyncManagerIntegrationFilter@564c362d, org.springframework.security.web.context.SecurityContextPersistenceFilter@4dd4ee22, org.springframework.security.web.header.HeaderWriterFilter@3d7a244c, org.springframework.security.web.csrf.CsrfFilter@3462525d, org.springframework.security.web.authentication.logout.LogoutFilter@3835e686, org.springframework.security.web.authentication.UsernamePasswordAuthenticationFilter@5f69c618, org.springframework.security.web.savedrequest.RequestCacheAwareFilter@2ab0293c, org.springframework.security.web.servletapi.SecurityContextHolderAwareRequestFilter@46042062, org.springframework.security.web.authentication.AnonymousAuthenticationFilter@5ac712b1, org.springframework.security.web.session.SessionManagementFilter@6b02a9a5, org.springframework.security.web.access.ExceptionTranslationFilter@7ac05e9, org.springframework.security.web.access.intercept.FilterSecurityInterceptor@662999dd]
640976 [restartedMain] DEBUG o.s.s.w.a.e.ExpressionBasedFilterInvocationSecurityMetadataSource - Adding web access control expression 'hasAnyRole('ROLE_USER')', for org.springframework.security.web.util.matcher.AnyRequestMatcher@1
640976 [restartedMain] DEBUG o.s.s.w.a.i.FilterSecurityInterceptor - Validated configuration attributes
640976 [restartedMain] DEBUG o.s.s.w.a.i.FilterSecurityInterceptor - Validated configuration attributes
640976 [restartedMain] INFO  o.s.s.w.DefaultSecurityFilterChain - Creating filter chain: OrRequestMatcher [requestMatchers=[Ant [pattern='/**']]], [org.springframework.security.web.context.request.async.WebAsyncManagerIntegrationFilter@35fa7ffe, org.springframework.security.web.context.SecurityContextPersistenceFilter@4d8336c1, org.springframework.security.web.header.HeaderWriterFilter@3e8691d, org.springframework.security.web.authentication.logout.LogoutFilter@6294165f, org.springframework.security.web.authentication.www.BasicAuthenticationFilter@36f501f2, org.springframework.security.web.savedrequest.RequestCacheAwareFilter@4a643450, org.springframework.security.web.servletapi.SecurityContextHolderAwareRequestFilter@a041c80, org.springframework.security.web.authentication.AnonymousAuthenticationFilter@561c06c4, org.springframework.security.web.session.SessionManagementFilter@70e3037c, org.springframework.security.web.access.ExceptionTranslationFilter@723ebbca, org.springframework.security.web.access.intercept.FilterSecurityInterceptor@2b922961]
641351 [http-nio-8080-exec-1] DEBUG o.s.s.w.u.matcher.OrRequestMatcher - Trying to match using Ant [pattern='/css/**']
641352 [http-nio-8080-exec-1] DEBUG o.s.s.w.u.m.AntPathRequestMatcher - Checking match of request : '/index.html'; against '/css/**'
641352 [http-nio-8080-exec-1] DEBUG o.s.s.w.u.matcher.OrRequestMatcher - Trying to match using Ant [pattern='/js/**']
641352 [http-nio-8080-exec-1] DEBUG o.s.s.w.u.m.AntPathRequestMatcher - Checking match of request : '/index.html'; against '/js/**'
641352 [http-nio-8080-exec-1] DEBUG o.s.s.w.u.matcher.OrRequestMatcher - Trying to match using Ant [pattern='/images/**']
641352 [http-nio-8080-exec-1] DEBUG o.s.s.w.u.m.AntPathRequestMatcher - Checking match of request : '/index.html'; against '/images/**'
641352 [http-nio-8080-exec-1] DEBUG o.s.s.w.u.matcher.OrRequestMatcher - Trying to match using Ant [pattern='/webjars/**']
641352 [http-nio-8080-exec-1] DEBUG o.s.s.w.u.m.AntPathRequestMatcher - Checking match of request : '/index.html'; against '/webjars/**'
641352 [http-nio-8080-exec-1] DEBUG o.s.s.w.u.matcher.OrRequestMatcher - Trying to match using Ant [pattern='/**/favicon.ico']
641352 [http-nio-8080-exec-1] DEBUG o.s.s.w.u.m.AntPathRequestMatcher - Checking match of request : '/index.html'; against '/**/favicon.ico'
641353 [http-nio-8080-exec-1] DEBUG o.s.s.w.u.matcher.OrRequestMatcher - Trying to match using Ant [pattern='/error']
641353 [http-nio-8080-exec-1] DEBUG o.s.s.w.u.m.AntPathRequestMatcher - Checking match of request : '/index.html'; against '/error'
641353 [http-nio-8080-exec-1] DEBUG o.s.s.w.u.matcher.OrRequestMatcher - No matches found
641353 [http-nio-8080-exec-1] DEBUG o.s.security.web.FilterChainProxy - /index.html at position 1 of 12 in additional filter chain; firing Filter: 'WebAsyncManagerIntegrationFilter'
641353 [http-nio-8080-exec-1] DEBUG o.s.security.web.FilterChainProxy - /index.html at position 2 of 12 in additional filter chain; firing Filter: 'SecurityContextPersistenceFilter'
641353 [http-nio-8080-exec-1] DEBUG o.s.s.w.c.HttpSessionSecurityContextRepository - HttpSession returned null object for SPRING_SECURITY_CONTEXT
641353 [http-nio-8080-exec-1] DEBUG o.s.s.w.c.HttpSessionSecurityContextRepository - No SecurityContext was available from the HttpSession: org.apache.catalina.session.StandardSessionFacade@189a0072. A new one will be created.
641353 [http-nio-8080-exec-1] DEBUG o.s.security.web.FilterChainProxy - /index.html at position 3 of 12 in additional filter chain; firing Filter: 'HeaderWriterFilter'
641354 [http-nio-8080-exec-1] DEBUG o.s.s.w.h.writers.HstsHeaderWriter - Not injecting HSTS header since it did not match the requestMatcher org.springframework.security.web.header.writers.HstsHeaderWriter$SecureRequestMatcher@1ca597b9
641354 [http-nio-8080-exec-1] DEBUG o.s.security.web.FilterChainProxy - /index.html at position 4 of 12 in additional filter chain; firing Filter: 'CsrfFilter'
641354 [http-nio-8080-exec-1] DEBUG o.s.security.web.FilterChainProxy - /index.html at position 5 of 12 in additional filter chain; firing Filter: 'LogoutFilter'
641354 [http-nio-8080-exec-1] DEBUG o.s.s.w.u.m.AntPathRequestMatcher - Request 'GET /index.html' doesn't match 'POST /logout
641354 [http-nio-8080-exec-1] DEBUG o.s.security.web.FilterChainProxy - /index.html at position 6 of 12 in additional filter chain; firing Filter: 'UsernamePasswordAuthenticationFilter'
641354 [http-nio-8080-exec-1] DEBUG o.s.s.w.u.m.AntPathRequestMatcher - Request 'GET /index.html' doesn't match 'POST /login
641354 [http-nio-8080-exec-1] DEBUG o.s.security.web.FilterChainProxy - /index.html at position 7 of 12 in additional filter chain; firing Filter: 'RequestCacheAwareFilter'
641354 [http-nio-8080-exec-1] DEBUG o.s.s.w.s.DefaultSavedRequest - pathInfo: both null (property equals)
641354 [http-nio-8080-exec-1] DEBUG o.s.s.w.s.DefaultSavedRequest - queryString: both null (property equals)
641357 [http-nio-8080-exec-1] DEBUG o.s.s.w.s.DefaultSavedRequest - requestURI: arg1=/logout; arg2=/index.html (property not equals)
641357 [http-nio-8080-exec-1] DEBUG o.s.s.w.s.HttpSessionRequestCache - saved request doesn't match
641357 [http-nio-8080-exec-1] DEBUG o.s.security.web.FilterChainProxy - /index.html at position 8 of 12 in additional filter chain; firing Filter: 'SecurityContextHolderAwareRequestFilter'
641357 [http-nio-8080-exec-1] DEBUG o.s.security.web.FilterChainProxy - /index.html at position 9 of 12 in additional filter chain; firing Filter: 'AnonymousAuthenticationFilter'
641357 [http-nio-8080-exec-1] DEBUG o.s.s.w.a.AnonymousAuthenticationFilter - Populated SecurityContextHolder with anonymous token: 'org.springframework.security.authentication.AnonymousAuthenticationToken@6faeba70: Principal: anonymousUser; Credentials: [PROTECTED]; Authenticated: true; Details: org.springframework.security.web.authentication.WebAuthenticationDetails@fffbcba8: RemoteIpAddress: 0:0:0:0:0:0:0:1; SessionId: 3804353C2C2C151F407CA4B277564A11; Granted Authorities: ROLE_ANONYMOUS'
641357 [http-nio-8080-exec-1] DEBUG o.s.security.web.FilterChainProxy - /index.html at position 10 of 12 in additional filter chain; firing Filter: 'SessionManagementFilter'
641358 [http-nio-8080-exec-1] DEBUG o.s.security.web.FilterChainProxy - /index.html at position 11 of 12 in additional filter chain; firing Filter: 'ExceptionTranslationFilter'
641358 [http-nio-8080-exec-1] DEBUG o.s.security.web.FilterChainProxy - /index.html at position 12 of 12 in additional filter chain; firing Filter: 'FilterSecurityInterceptor'
641358 [http-nio-8080-exec-1] DEBUG o.s.s.w.u.m.AntPathRequestMatcher - Request 'GET /index.html' doesn't match 'POST /logout
641358 [http-nio-8080-exec-1] DEBUG o.s.s.w.u.m.AntPathRequestMatcher - Checking match of request : '/index.html'; against '/bootstrap/**'
641358 [http-nio-8080-exec-1] DEBUG o.s.s.w.u.m.AntPathRequestMatcher - Checking match of request : '/index.html'; against '/error/**'
641358 [http-nio-8080-exec-1] DEBUG o.s.s.w.u.m.AntPathRequestMatcher - Checking match of request : '/index.html'; against '/img/**'
641358 [http-nio-8080-exec-1] DEBUG o.s.s.w.u.m.AntPathRequestMatcher - Checking match of request : '/index.html'; against '/jquery/**'
641358 [http-nio-8080-exec-1] DEBUG o.s.s.w.u.m.AntPathRequestMatcher - Checking match of request : '/index.html'; against '/temp'
641358 [http-nio-8080-exec-1] DEBUG o.s.s.w.u.m.AntPathRequestMatcher - Checking match of request : '/index.html'; against '/temp.ftl'
641358 [http-nio-8080-exec-1] DEBUG o.s.s.w.a.i.FilterSecurityInterceptor - Secure object: FilterInvocation: URL: /index.html; Attributes: [authenticated]
641358 [http-nio-8080-exec-1] DEBUG o.s.s.w.a.i.FilterSecurityInterceptor - Previously Authenticated: org.springframework.security.authentication.AnonymousAuthenticationToken@6faeba70: Principal: anonymousUser; Credentials: [PROTECTED]; Authenticated: true; Details: org.springframework.security.web.authentication.WebAuthenticationDetails@fffbcba8: RemoteIpAddress: 0:0:0:0:0:0:0:1; SessionId: 3804353C2C2C151F407CA4B277564A11; Granted Authorities: ROLE_ANONYMOUS
641358 [http-nio-8080-exec-1] DEBUG o.s.s.access.vote.AffirmativeBased - Voter: org.springframework.security.web.access.expression.WebExpressionVoter@59a70a49, returned: -1
641359 [http-nio-8080-exec-1] DEBUG o.s.s.w.a.ExceptionTranslationFilter - Access is denied (user is anonymous); redirecting to authentication entry point
org.springframework.security.access.AccessDeniedException: Access is denied
	at org.springframework.security.access.vote.AffirmativeBased.decide(AffirmativeBased.java:84)
	at org.springframework.security.access.intercept.AbstractSecurityInterceptor.beforeInvocation(AbstractSecurityInterceptor.java:233)
	at org.springframework.security.web.access.intercept.FilterSecurityInterceptor.invoke(FilterSecurityInterceptor.java:124)
	at org.springframework.security.web.access.intercept.FilterSecurityInterceptor.doFilter(FilterSecurityInterceptor.java:91)
	at org.springframework.security.web.FilterChainProxy$VirtualFilterChain.doFilter(FilterChainProxy.java:331)
	at org.springframework.security.web.access.ExceptionTranslationFilter.doFilter(ExceptionTranslationFilter.java:114)
	at org.springframework.security.web.FilterChainProxy$VirtualFilterChain.doFilter(FilterChainProxy.java:331)
	at org.springframework.security.web.session.SessionManagementFilter.doFilter(SessionManagementFilter.java:137)
	at org.springframework.security.web.FilterChainProxy$VirtualFilterChain.doFilter(FilterChainProxy.java:331)
	at org.springframework.security.web.authentication.AnonymousAuthenticationFilter.doFilter(AnonymousAuthenticationFilter.java:111)
	at org.springframework.security.web.FilterChainProxy$VirtualFilterChain.doFilter(FilterChainProxy.java:331)
	at org.springframework.security.web.servletapi.SecurityContextHolderAwareRequestFilter.doFilter(SecurityContextHolderAwareRequestFilter.java:170)
	at org.springframework.security.web.FilterChainProxy$VirtualFilterChain.doFilter(FilterChainProxy.java:331)
	at org.springframework.security.web.savedrequest.RequestCacheAwareFilter.doFilter(RequestCacheAwareFilter.java:63)
	at org.springframework.security.web.FilterChainProxy$VirtualFilterChain.doFilter(FilterChainProxy.java:331)
	at org.springframework.security.web.authentication.AbstractAuthenticationProcessingFilter.doFilter(AbstractAuthenticationProcessingFilter.java:200)
	at org.springframework.security.web.FilterChainProxy$VirtualFilterChain.doFilter(FilterChainProxy.java:331)
	at org.springframework.security.web.authentication.logout.LogoutFilter.doFilter(LogoutFilter.java:116)
	at org.springframework.security.web.FilterChainProxy$VirtualFilterChain.doFilter(FilterChainProxy.java:331)
	at org.springframework.security.web.csrf.CsrfFilter.doFilterInternal(CsrfFilter.java:100)
	at org.springframework.web.filter.OncePerRequestFilter.doFilter(OncePerRequestFilter.java:107)
	at org.springframework.security.web.FilterChainProxy$VirtualFilterChain.doFilter(FilterChainProxy.java:331)
	at org.springframework.security.web.header.HeaderWriterFilter.doFilterInternal(HeaderWriterFilter.java:64)
	at org.springframework.web.filter.OncePerRequestFilter.doFilter(OncePerRequestFilter.java:107)
	at org.springframework.security.web.FilterChainProxy$VirtualFilterChain.doFilter(FilterChainProxy.java:331)
	at org.springframework.security.web.context.SecurityContextPersistenceFilter.doFilter(SecurityContextPersistenceFilter.java:105)
	at org.springframework.security.web.FilterChainProxy$VirtualFilterChain.doFilter(FilterChainProxy.java:331)
	at org.springframework.security.web.context.request.async.WebAsyncManagerIntegrationFilter.doFilterInternal(WebAsyncManagerIntegrationFilter.java:56)
	at org.springframework.web.filter.OncePerRequestFilter.doFilter(OncePerRequestFilter.java:107)
	at org.springframework.security.web.FilterChainProxy$VirtualFilterChain.doFilter(FilterChainProxy.java:331)
	at org.springframework.security.web.FilterChainProxy.doFilterInternal(FilterChainProxy.java:214)
	at org.springframework.security.web.FilterChainProxy.doFilter(FilterChainProxy.java:177)
	at org.springframework.web.filter.DelegatingFilterProxy.invokeDelegate(DelegatingFilterProxy.java:347)
	at org.springframework.web.filter.DelegatingFilterProxy.doFilter(DelegatingFilterProxy.java:263)
	at org.apache.catalina.core.ApplicationFilterChain.internalDoFilter(ApplicationFilterChain.java:193)
	at org.apache.catalina.core.ApplicationFilterChain.doFilter(ApplicationFilterChain.java:166)
	at org.springframework.web.filter.RequestContextFilter.doFilterInternal(RequestContextFilter.java:99)
	at org.springframework.web.filter.OncePerRequestFilter.doFilter(OncePerRequestFilter.java:107)
	at org.apache.catalina.core.ApplicationFilterChain.internalDoFilter(ApplicationFilterChain.java:193)
	at org.apache.catalina.core.ApplicationFilterChain.doFilter(ApplicationFilterChain.java:166)
	at org.springframework.web.filter.HttpPutFormContentFilter.doFilterInternal(HttpPutFormContentFilter.java:108)
	at org.springframework.web.filter.OncePerRequestFilter.doFilter(OncePerRequestFilter.java:107)
	at org.apache.catalina.core.ApplicationFilterChain.internalDoFilter(ApplicationFilterChain.java:193)
	at org.apache.catalina.core.ApplicationFilterChain.doFilter(ApplicationFilterChain.java:166)
	at org.springframework.web.filter.HiddenHttpMethodFilter.doFilterInternal(HiddenHttpMethodFilter.java:81)
	at org.springframework.web.filter.OncePerRequestFilter.doFilter(OncePerRequestFilter.java:107)
	at org.apache.catalina.core.ApplicationFilterChain.internalDoFilter(ApplicationFilterChain.java:193)
	at org.apache.catalina.core.ApplicationFilterChain.doFilter(ApplicationFilterChain.java:166)
	at org.springframework.web.filter.CharacterEncodingFilter.doFilterInternal(CharacterEncodingFilter.java:197)
	at org.springframework.web.filter.OncePerRequestFilter.doFilter(OncePerRequestFilter.java:107)
	at org.apache.catalina.core.ApplicationFilterChain.internalDoFilter(ApplicationFilterChain.java:193)
	at org.apache.catalina.core.ApplicationFilterChain.doFilter(ApplicationFilterChain.java:166)
	at org.apache.catalina.core.StandardWrapperValve.invoke(StandardWrapperValve.java:199)
	at org.apache.catalina.core.StandardContextValve.invoke(StandardContextValve.java:96)
	at org.apache.catalina.authenticator.AuthenticatorBase.invoke(AuthenticatorBase.java:478)
	at org.apache.catalina.core.StandardHostValve.invoke(StandardHostValve.java:140)
	at org.apache.catalina.valves.ErrorReportValve.invoke(ErrorReportValve.java:81)
	at org.apache.catalina.core.StandardEngineValve.invoke(StandardEngineValve.java:87)
	at org.apache.catalina.connector.CoyoteAdapter.service(CoyoteAdapter.java:342)
	at org.apache.coyote.http11.Http11Processor.service(Http11Processor.java:803)
	at org.apache.coyote.AbstractProcessorLight.process(AbstractProcessorLight.java:66)
	at org.apache.coyote.AbstractProtocol$ConnectionHandler.process(AbstractProtocol.java:868)
	at org.apache.tomcat.util.net.NioEndpoint$SocketProcessor.doRun(NioEndpoint.java:1459)
	at org.apache.tomcat.util.net.SocketProcessorBase.run(SocketProcessorBase.java:49)
	at java.util.concurrent.ThreadPoolExecutor.runWorker(ThreadPoolExecutor.java:1149)
	at java.util.concurrent.ThreadPoolExecutor$Worker.run(ThreadPoolExecutor.java:624)
	at org.apache.tomcat.util.threads.TaskThread$WrappingRunnable.run(TaskThread.java:61)
	at java.lang.Thread.run(Thread.java:748)
641361 [http-nio-8080-exec-1] DEBUG o.s.s.w.u.matcher.AndRequestMatcher - Trying to match using Ant [pattern='/**', GET]
641361 [http-nio-8080-exec-1] DEBUG o.s.s.w.u.m.AntPathRequestMatcher - Request '/index.html' matched by universal pattern '/**'
641361 [http-nio-8080-exec-1] DEBUG o.s.s.w.u.matcher.AndRequestMatcher - Trying to match using NegatedRequestMatcher [requestMatcher=Ant [pattern='/**/favicon.ico']]
641361 [http-nio-8080-exec-1] DEBUG o.s.s.w.u.m.AntPathRequestMatcher - Checking match of request : '/index.html'; against '/**/favicon.ico'
641361 [http-nio-8080-exec-1] DEBUG o.s.s.w.u.m.NegatedRequestMatcher - matches = true
641361 [http-nio-8080-exec-1] DEBUG o.s.s.w.u.matcher.AndRequestMatcher - Trying to match using NegatedRequestMatcher [requestMatcher=MediaTypeRequestMatcher [contentNegotiationStrategy=org.springframework.web.accept.ContentNegotiationManager@20e51e00, matchingMediaTypes=[application/json], useEquals=false, ignoredMediaTypes=[*/*]]]
641362 [http-nio-8080-exec-1] DEBUG o.s.s.w.u.m.MediaTypeRequestMatcher - httpRequestMediaTypes=[text/html]
641362 [http-nio-8080-exec-1] DEBUG o.s.s.w.u.m.MediaTypeRequestMatcher - Processing text/html
641362 [http-nio-8080-exec-1] DEBUG o.s.s.w.u.m.MediaTypeRequestMatcher - application/json .isCompatibleWith text/html = false
641362 [http-nio-8080-exec-1] DEBUG o.s.s.w.u.m.MediaTypeRequestMatcher - Did not match any media types
641362 [http-nio-8080-exec-1] DEBUG o.s.s.w.u.m.NegatedRequestMatcher - matches = true
641362 [http-nio-8080-exec-1] DEBUG o.s.s.w.u.matcher.AndRequestMatcher - Trying to match using NegatedRequestMatcher [requestMatcher=RequestHeaderRequestMatcher [expectedHeaderName=X-Requested-With, expectedHeaderValue=XMLHttpRequest]]
641362 [http-nio-8080-exec-1] DEBUG o.s.s.w.u.m.NegatedRequestMatcher - matches = true
641362 [http-nio-8080-exec-1] DEBUG o.s.s.w.u.matcher.AndRequestMatcher - All requestMatchers returned true
641362 [http-nio-8080-exec-1] DEBUG o.s.s.w.s.HttpSessionRequestCache - DefaultSavedRequest added to Session: DefaultSavedRequest[http://localhost:8080/index.html]
641362 [http-nio-8080-exec-1] DEBUG o.s.s.w.a.ExceptionTranslationFilter - Calling Authentication entry point.
641362 [http-nio-8080-exec-1] DEBUG o.s.s.web.DefaultRedirectStrategy - Redirecting to 'http://localhost:8080/login'
641362 [http-nio-8080-exec-1] DEBUG o.s.s.w.c.HttpSessionSecurityContextRepository - SecurityContext is empty or contents are anonymous - context will not be stored in HttpSession.
641363 [http-nio-8080-exec-1] DEBUG o.s.s.w.c.SecurityContextPersistenceFilter - SecurityContextHolder now cleared, as request processing completed
641368 [http-nio-8080-exec-2] DEBUG o.s.s.w.u.matcher.OrRequestMatcher - Trying to match using Ant [pattern='/css/**']
641368 [http-nio-8080-exec-2] DEBUG o.s.s.w.u.m.AntPathRequestMatcher - Checking match of request : '/login'; against '/css/**'
641368 [http-nio-8080-exec-2] DEBUG o.s.s.w.u.matcher.OrRequestMatcher - Trying to match using Ant [pattern='/js/**']
641369 [http-nio-8080-exec-2] DEBUG o.s.s.w.u.m.AntPathRequestMatcher - Checking match of request : '/login'; against '/js/**'
641369 [http-nio-8080-exec-2] DEBUG o.s.s.w.u.matcher.OrRequestMatcher - Trying to match using Ant [pattern='/images/**']
641369 [http-nio-8080-exec-2] DEBUG o.s.s.w.u.m.AntPathRequestMatcher - Checking match of request : '/login'; against '/images/**'
641369 [http-nio-8080-exec-2] DEBUG o.s.s.w.u.matcher.OrRequestMatcher - Trying to match using Ant [pattern='/webjars/**']
641369 [http-nio-8080-exec-2] DEBUG o.s.s.w.u.m.AntPathRequestMatcher - Checking match of request : '/login'; against '/webjars/**'
641369 [http-nio-8080-exec-2] DEBUG o.s.s.w.u.matcher.OrRequestMatcher - Trying to match using Ant [pattern='/**/favicon.ico']
641369 [http-nio-8080-exec-2] DEBUG o.s.s.w.u.m.AntPathRequestMatcher - Checking match of request : '/login'; against '/**/favicon.ico'
641369 [http-nio-8080-exec-2] DEBUG o.s.s.w.u.matcher.OrRequestMatcher - Trying to match using Ant [pattern='/error']
641369 [http-nio-8080-exec-2] DEBUG o.s.s.w.u.m.AntPathRequestMatcher - Checking match of request : '/login'; against '/error'
641369 [http-nio-8080-exec-2] DEBUG o.s.s.w.u.matcher.OrRequestMatcher - No matches found
641369 [http-nio-8080-exec-2] DEBUG o.s.security.web.FilterChainProxy - /login at position 1 of 12 in additional filter chain; firing Filter: 'WebAsyncManagerIntegrationFilter'
641369 [http-nio-8080-exec-2] DEBUG o.s.security.web.FilterChainProxy - /login at position 2 of 12 in additional filter chain; firing Filter: 'SecurityContextPersistenceFilter'
641369 [http-nio-8080-exec-2] DEBUG o.s.s.w.c.HttpSessionSecurityContextRepository - HttpSession returned null object for SPRING_SECURITY_CONTEXT
641369 [http-nio-8080-exec-2] DEBUG o.s.s.w.c.HttpSessionSecurityContextRepository - No SecurityContext was available from the HttpSession: org.apache.catalina.session.StandardSessionFacade@189a0072. A new one will be created.
641369 [http-nio-8080-exec-2] DEBUG o.s.security.web.FilterChainProxy - /login at position 3 of 12 in additional filter chain; firing Filter: 'HeaderWriterFilter'
641370 [http-nio-8080-exec-2] DEBUG o.s.s.w.h.writers.HstsHeaderWriter - Not injecting HSTS header since it did not match the requestMatcher org.springframework.security.web.header.writers.HstsHeaderWriter$SecureRequestMatcher@1ca597b9
641370 [http-nio-8080-exec-2] DEBUG o.s.security.web.FilterChainProxy - /login at position 4 of 12 in additional filter chain; firing Filter: 'CsrfFilter'
641370 [http-nio-8080-exec-2] DEBUG o.s.security.web.FilterChainProxy - /login at position 5 of 12 in additional filter chain; firing Filter: 'LogoutFilter'
641370 [http-nio-8080-exec-2] DEBUG o.s.s.w.u.m.AntPathRequestMatcher - Request 'GET /login' doesn't match 'POST /logout
641370 [http-nio-8080-exec-2] DEBUG o.s.security.web.FilterChainProxy - /login at position 6 of 12 in additional filter chain; firing Filter: 'UsernamePasswordAuthenticationFilter'
641370 [http-nio-8080-exec-2] DEBUG o.s.s.w.u.m.AntPathRequestMatcher - Request 'GET /login' doesn't match 'POST /login
641370 [http-nio-8080-exec-2] DEBUG o.s.security.web.FilterChainProxy - /login at position 7 of 12 in additional filter chain; firing Filter: 'RequestCacheAwareFilter'
641370 [http-nio-8080-exec-2] DEBUG o.s.s.w.s.DefaultSavedRequest - pathInfo: both null (property equals)
641370 [http-nio-8080-exec-2] DEBUG o.s.s.w.s.DefaultSavedRequest - queryString: both null (property equals)
641370 [http-nio-8080-exec-2] DEBUG o.s.s.w.s.DefaultSavedRequest - requestURI: arg1=/index.html; arg2=/login (property not equals)
641370 [http-nio-8080-exec-2] DEBUG o.s.s.w.s.HttpSessionRequestCache - saved request doesn't match
641370 [http-nio-8080-exec-2] DEBUG o.s.security.web.FilterChainProxy - /login at position 8 of 12 in additional filter chain; firing Filter: 'SecurityContextHolderAwareRequestFilter'
641370 [http-nio-8080-exec-2] DEBUG o.s.security.web.FilterChainProxy - /login at position 9 of 12 in additional filter chain; firing Filter: 'AnonymousAuthenticationFilter'
641370 [http-nio-8080-exec-2] DEBUG o.s.s.w.a.AnonymousAuthenticationFilter - Populated SecurityContextHolder with anonymous token: 'org.springframework.security.authentication.AnonymousAuthenticationToken@6faeba70: Principal: anonymousUser; Credentials: [PROTECTED]; Authenticated: true; Details: org.springframework.security.web.authentication.WebAuthenticationDetails@fffbcba8: RemoteIpAddress: 0:0:0:0:0:0:0:1; SessionId: 3804353C2C2C151F407CA4B277564A11; Granted Authorities: ROLE_ANONYMOUS'
641370 [http-nio-8080-exec-2] DEBUG o.s.security.web.FilterChainProxy - /login at position 10 of 12 in additional filter chain; firing Filter: 'SessionManagementFilter'
641370 [http-nio-8080-exec-2] DEBUG o.s.security.web.FilterChainProxy - /login at position 11 of 12 in additional filter chain; firing Filter: 'ExceptionTranslationFilter'
641370 [http-nio-8080-exec-2] DEBUG o.s.security.web.FilterChainProxy - /login at position 12 of 12 in additional filter chain; firing Filter: 'FilterSecurityInterceptor'
641370 [http-nio-8080-exec-2] DEBUG o.s.s.w.a.i.FilterSecurityInterceptor - Secure object: FilterInvocation: URL: /login; Attributes: [permitAll]
641371 [http-nio-8080-exec-2] DEBUG o.s.s.w.a.i.FilterSecurityInterceptor - Previously Authenticated: org.springframework.security.authentication.AnonymousAuthenticationToken@6faeba70: Principal: anonymousUser; Credentials: [PROTECTED]; Authenticated: true; Details: org.springframework.security.web.authentication.WebAuthenticationDetails@fffbcba8: RemoteIpAddress: 0:0:0:0:0:0:0:1; SessionId: 3804353C2C2C151F407CA4B277564A11; Granted Authorities: ROLE_ANONYMOUS
641371 [http-nio-8080-exec-2] DEBUG o.s.s.access.vote.AffirmativeBased - Voter: org.springframework.security.web.access.expression.WebExpressionVoter@59a70a49, returned: 1
641371 [http-nio-8080-exec-2] DEBUG o.s.s.w.a.i.FilterSecurityInterceptor - Authorization successful
641371 [http-nio-8080-exec-2] DEBUG o.s.s.w.a.i.FilterSecurityInterceptor - RunAsManager did not change Authentication object
641371 [http-nio-8080-exec-2] DEBUG o.s.security.web.FilterChainProxy - /login reached end of additional filter chain; proceeding with original chain
641384 [http-nio-8080-exec-2] DEBUG o.s.s.w.c.HttpSessionSecurityContextRepository - SecurityContext is empty or contents are anonymous - context will not be stored in HttpSession.
641385 [http-nio-8080-exec-2] DEBUG o.s.s.w.a.ExceptionTranslationFilter - Chain processed normally
641385 [http-nio-8080-exec-2] DEBUG o.s.s.w.c.SecurityContextPersistenceFilter - SecurityContextHolder now cleared, as request processing completed
641401 [http-nio-8080-exec-3] DEBUG o.s.s.w.u.matcher.OrRequestMatcher - Trying to match using Ant [pattern='/css/**']
641401 [http-nio-8080-exec-3] DEBUG o.s.s.w.u.m.AntPathRequestMatcher - Checking match of request : '/bootstrap/css/bootstrap.css'; against '/css/**'
641401 [http-nio-8080-exec-3] DEBUG o.s.s.w.u.matcher.OrRequestMatcher - Trying to match using Ant [pattern='/js/**']
641401 [http-nio-8080-exec-3] DEBUG o.s.s.w.u.m.AntPathRequestMatcher - Checking match of request : '/bootstrap/css/bootstrap.css'; against '/js/**'
641401 [http-nio-8080-exec-3] DEBUG o.s.s.w.u.matcher.OrRequestMatcher - Trying to match using Ant [pattern='/images/**']
641401 [http-nio-8080-exec-3] DEBUG o.s.s.w.u.m.AntPathRequestMatcher - Checking match of request : '/bootstrap/css/bootstrap.css'; against '/images/**'
641401 [http-nio-8080-exec-3] DEBUG o.s.s.w.u.matcher.OrRequestMatcher - Trying to match using Ant [pattern='/webjars/**']
641401 [http-nio-8080-exec-3] DEBUG o.s.s.w.u.m.AntPathRequestMatcher - Checking match of request : '/bootstrap/css/bootstrap.css'; against '/webjars/**'
641401 [http-nio-8080-exec-3] DEBUG o.s.s.w.u.matcher.OrRequestMatcher - Trying to match using Ant [pattern='/**/favicon.ico']
641401 [http-nio-8080-exec-3] DEBUG o.s.s.w.u.m.AntPathRequestMatcher - Checking match of request : '/bootstrap/css/bootstrap.css'; against '/**/favicon.ico'
641401 [http-nio-8080-exec-3] DEBUG o.s.s.w.u.matcher.OrRequestMatcher - Trying to match using Ant [pattern='/error']
641401 [http-nio-8080-exec-3] DEBUG o.s.s.w.u.m.AntPathRequestMatcher - Checking match of request : '/bootstrap/css/bootstrap.css'; against '/error'
641401 [http-nio-8080-exec-3] DEBUG o.s.s.w.u.matcher.OrRequestMatcher - No matches found
641401 [http-nio-8080-exec-3] DEBUG o.s.security.web.FilterChainProxy - /bootstrap/css/bootstrap.css at position 1 of 12 in additional filter chain; firing Filter: 'WebAsyncManagerIntegrationFilter'
641401 [http-nio-8080-exec-3] DEBUG o.s.security.web.FilterChainProxy - /bootstrap/css/bootstrap.css at position 2 of 12 in additional filter chain; firing Filter: 'SecurityContextPersistenceFilter'
641401 [http-nio-8080-exec-3] DEBUG o.s.s.w.c.HttpSessionSecurityContextRepository - HttpSession returned null object for SPRING_SECURITY_CONTEXT
641401 [http-nio-8080-exec-3] DEBUG o.s.s.w.c.HttpSessionSecurityContextRepository - No SecurityContext was available from the HttpSession: org.apache.catalina.session.StandardSessionFacade@189a0072. A new one will be created.
641401 [http-nio-8080-exec-3] DEBUG o.s.security.web.FilterChainProxy - /bootstrap/css/bootstrap.css at position 3 of 12 in additional filter chain; firing Filter: 'HeaderWriterFilter'
641402 [http-nio-8080-exec-3] DEBUG o.s.s.w.h.writers.HstsHeaderWriter - Not injecting HSTS header since it did not match the requestMatcher org.springframework.security.web.header.writers.HstsHeaderWriter$SecureRequestMatcher@1ca597b9
641402 [http-nio-8080-exec-3] DEBUG o.s.security.web.FilterChainProxy - /bootstrap/css/bootstrap.css at position 4 of 12 in additional filter chain; firing Filter: 'CsrfFilter'
641402 [http-nio-8080-exec-3] DEBUG o.s.security.web.FilterChainProxy - /bootstrap/css/bootstrap.css at position 5 of 12 in additional filter chain; firing Filter: 'LogoutFilter'
641402 [http-nio-8080-exec-3] DEBUG o.s.s.w.u.m.AntPathRequestMatcher - Request 'GET /bootstrap/css/bootstrap.css' doesn't match 'POST /logout
641402 [http-nio-8080-exec-3] DEBUG o.s.security.web.FilterChainProxy - /bootstrap/css/bootstrap.css at position 6 of 12 in additional filter chain; firing Filter: 'UsernamePasswordAuthenticationFilter'
641402 [http-nio-8080-exec-3] DEBUG o.s.s.w.u.m.AntPathRequestMatcher - Request 'GET /bootstrap/css/bootstrap.css' doesn't match 'POST /login
641402 [http-nio-8080-exec-3] DEBUG o.s.security.web.FilterChainProxy - /bootstrap/css/bootstrap.css at position 7 of 12 in additional filter chain; firing Filter: 'RequestCacheAwareFilter'
641402 [http-nio-8080-exec-3] DEBUG o.s.s.w.s.DefaultSavedRequest - pathInfo: both null (property equals)
641402 [http-nio-8080-exec-3] DEBUG o.s.s.w.s.DefaultSavedRequest - queryString: both null (property equals)
641402 [http-nio-8080-exec-3] DEBUG o.s.s.w.s.DefaultSavedRequest - requestURI: arg1=/index.html; arg2=/bootstrap/css/bootstrap.css (property not equals)
641402 [http-nio-8080-exec-3] DEBUG o.s.s.w.s.HttpSessionRequestCache - saved request doesn't match
641402 [http-nio-8080-exec-3] DEBUG o.s.security.web.FilterChainProxy - /bootstrap/css/bootstrap.css at position 8 of 12 in additional filter chain; firing Filter: 'SecurityContextHolderAwareRequestFilter'
641402 [http-nio-8080-exec-3] DEBUG o.s.security.web.FilterChainProxy - /bootstrap/css/bootstrap.css at position 9 of 12 in additional filter chain; firing Filter: 'AnonymousAuthenticationFilter'
641402 [http-nio-8080-exec-3] DEBUG o.s.s.w.a.AnonymousAuthenticationFilter - Populated SecurityContextHolder with anonymous token: 'org.springframework.security.authentication.AnonymousAuthenticationToken@6faeba70: Principal: anonymousUser; Credentials: [PROTECTED]; Authenticated: true; Details: org.springframework.security.web.authentication.WebAuthenticationDetails@fffbcba8: RemoteIpAddress: 0:0:0:0:0:0:0:1; SessionId: 3804353C2C2C151F407CA4B277564A11; Granted Authorities: ROLE_ANONYMOUS'
641402 [http-nio-8080-exec-3] DEBUG o.s.security.web.FilterChainProxy - /bootstrap/css/bootstrap.css at position 10 of 12 in additional filter chain; firing Filter: 'SessionManagementFilter'
641402 [http-nio-8080-exec-3] DEBUG o.s.security.web.FilterChainProxy - /bootstrap/css/bootstrap.css at position 11 of 12 in additional filter chain; firing Filter: 'ExceptionTranslationFilter'
641402 [http-nio-8080-exec-3] DEBUG o.s.security.web.FilterChainProxy - /bootstrap/css/bootstrap.css at position 12 of 12 in additional filter chain; firing Filter: 'FilterSecurityInterceptor'
641402 [http-nio-8080-exec-3] DEBUG o.s.s.w.u.m.AntPathRequestMatcher - Request 'GET /bootstrap/css/bootstrap.css' doesn't match 'POST /logout
641402 [http-nio-8080-exec-3] DEBUG o.s.s.w.u.m.AntPathRequestMatcher - Checking match of request : '/bootstrap/css/bootstrap.css'; against '/bootstrap/**'
641402 [http-nio-8080-exec-5] DEBUG o.s.s.w.u.matcher.OrRequestMatcher - Trying to match using Ant [pattern='/css/**']
641402 [http-nio-8080-exec-5] DEBUG o.s.s.w.u.m.AntPathRequestMatcher - Checking match of request : '/bootstrap/js/bootstrap.js'; against '/css/**'
641402 [http-nio-8080-exec-4] DEBUG o.s.s.w.u.matcher.OrRequestMatcher - Trying to match using Ant [pattern='/css/**']
641402 [http-nio-8080-exec-3] DEBUG o.s.s.w.a.i.FilterSecurityInterceptor - Secure object: FilterInvocation: URL: /bootstrap/css/bootstrap.css; Attributes: [permitAll]
641402 [http-nio-8080-exec-5] DEBUG o.s.s.w.u.matcher.OrRequestMatcher - Trying to match using Ant [pattern='/js/**']
641403 [http-nio-8080-exec-4] DEBUG o.s.s.w.u.m.AntPathRequestMatcher - Checking match of request : '/jquery/jquery-2.1.3.js'; against '/css/**'
641403 [http-nio-8080-exec-3] DEBUG o.s.s.w.a.i.FilterSecurityInterceptor - Previously Authenticated: org.springframework.security.authentication.AnonymousAuthenticationToken@6faeba70: Principal: anonymousUser; Credentials: [PROTECTED]; Authenticated: true; Details: org.springframework.security.web.authentication.WebAuthenticationDetails@fffbcba8: RemoteIpAddress: 0:0:0:0:0:0:0:1; SessionId: 3804353C2C2C151F407CA4B277564A11; Granted Authorities: ROLE_ANONYMOUS
641403 [http-nio-8080-exec-5] DEBUG o.s.s.w.u.m.AntPathRequestMatcher - Checking match of request : '/bootstrap/js/bootstrap.js'; against '/js/**'
641403 [http-nio-8080-exec-4] DEBUG o.s.s.w.u.matcher.OrRequestMatcher - Trying to match using Ant [pattern='/js/**']
641403 [http-nio-8080-exec-5] DEBUG o.s.s.w.u.matcher.OrRequestMatcher - Trying to match using Ant [pattern='/images/**']
641403 [http-nio-8080-exec-4] DEBUG o.s.s.w.u.m.AntPathRequestMatcher - Checking match of request : '/jquery/jquery-2.1.3.js'; against '/js/**'
641403 [http-nio-8080-exec-5] DEBUG o.s.s.w.u.m.AntPathRequestMatcher - Checking match of request : '/bootstrap/js/bootstrap.js'; against '/images/**'
641403 [http-nio-8080-exec-3] DEBUG o.s.s.access.vote.AffirmativeBased - Voter: org.springframework.security.web.access.expression.WebExpressionVoter@59a70a49, returned: 1
641403 [http-nio-8080-exec-3] DEBUG o.s.s.w.a.i.FilterSecurityInterceptor - Authorization successful
641403 [http-nio-8080-exec-3] DEBUG o.s.s.w.a.i.FilterSecurityInterceptor - RunAsManager did not change Authentication object
641403 [http-nio-8080-exec-4] DEBUG o.s.s.w.u.matcher.OrRequestMatcher - Trying to match using Ant [pattern='/images/**']
641403 [http-nio-8080-exec-4] DEBUG o.s.s.w.u.m.AntPathRequestMatcher - Checking match of request : '/jquery/jquery-2.1.3.js'; against '/images/**'
641403 [http-nio-8080-exec-5] DEBUG o.s.s.w.u.matcher.OrRequestMatcher - Trying to match using Ant [pattern='/webjars/**']
641403 [http-nio-8080-exec-3] DEBUG o.s.security.web.FilterChainProxy - /bootstrap/css/bootstrap.css reached end of additional filter chain; proceeding with original chain
641403 [http-nio-8080-exec-4] DEBUG o.s.s.w.u.matcher.OrRequestMatcher - Trying to match using Ant [pattern='/webjars/**']
641403 [http-nio-8080-exec-5] DEBUG o.s.s.w.u.m.AntPathRequestMatcher - Checking match of request : '/bootstrap/js/bootstrap.js'; against '/webjars/**'
641403 [http-nio-8080-exec-4] DEBUG o.s.s.w.u.m.AntPathRequestMatcher - Checking match of request : '/jquery/jquery-2.1.3.js'; against '/webjars/**'
641403 [http-nio-8080-exec-5] DEBUG o.s.s.w.u.matcher.OrRequestMatcher - Trying to match using Ant [pattern='/**/favicon.ico']
641404 [http-nio-8080-exec-4] DEBUG o.s.s.w.u.matcher.OrRequestMatcher - Trying to match using Ant [pattern='/**/favicon.ico']
641404 [http-nio-8080-exec-5] DEBUG o.s.s.w.u.m.AntPathRequestMatcher - Checking match of request : '/bootstrap/js/bootstrap.js'; against '/**/favicon.ico'
641404 [http-nio-8080-exec-4] DEBUG o.s.s.w.u.m.AntPathRequestMatcher - Checking match of request : '/jquery/jquery-2.1.3.js'; against '/**/favicon.ico'
641404 [http-nio-8080-exec-5] DEBUG o.s.s.w.u.matcher.OrRequestMatcher - Trying to match using Ant [pattern='/error']
641404 [http-nio-8080-exec-4] DEBUG o.s.s.w.u.matcher.OrRequestMatcher - Trying to match using Ant [pattern='/error']
641404 [http-nio-8080-exec-4] DEBUG o.s.s.w.u.m.AntPathRequestMatcher - Checking match of request : '/jquery/jquery-2.1.3.js'; against '/error'
641404 [http-nio-8080-exec-5] DEBUG o.s.s.w.u.m.AntPathRequestMatcher - Checking match of request : '/bootstrap/js/bootstrap.js'; against '/error'
641404 [http-nio-8080-exec-4] DEBUG o.s.s.w.u.matcher.OrRequestMatcher - No matches found
641404 [http-nio-8080-exec-5] DEBUG o.s.s.w.u.matcher.OrRequestMatcher - No matches found
641404 [http-nio-8080-exec-4] DEBUG o.s.security.web.FilterChainProxy - /jquery/jquery-2.1.3.js at position 1 of 12 in additional filter chain; firing Filter: 'WebAsyncManagerIntegrationFilter'
641404 [http-nio-8080-exec-5] DEBUG o.s.security.web.FilterChainProxy - /bootstrap/js/bootstrap.js at position 1 of 12 in additional filter chain; firing Filter: 'WebAsyncManagerIntegrationFilter'
641404 [http-nio-8080-exec-4] DEBUG o.s.security.web.FilterChainProxy - /jquery/jquery-2.1.3.js at position 2 of 12 in additional filter chain; firing Filter: 'SecurityContextPersistenceFilter'
641404 [http-nio-8080-exec-5] DEBUG o.s.security.web.FilterChainProxy - /bootstrap/js/bootstrap.js at position 2 of 12 in additional filter chain; firing Filter: 'SecurityContextPersistenceFilter'
641404 [http-nio-8080-exec-4] DEBUG o.s.s.w.c.HttpSessionSecurityContextRepository - HttpSession returned null object for SPRING_SECURITY_CONTEXT
641404 [http-nio-8080-exec-5] DEBUG o.s.s.w.c.HttpSessionSecurityContextRepository - HttpSession returned null object for SPRING_SECURITY_CONTEXT
641404 [http-nio-8080-exec-4] DEBUG o.s.s.w.c.HttpSessionSecurityContextRepository - No SecurityContext was available from the HttpSession: org.apache.catalina.session.StandardSessionFacade@189a0072. A new one will be created.
641404 [http-nio-8080-exec-5] DEBUG o.s.s.w.c.HttpSessionSecurityContextRepository - No SecurityContext was available from the HttpSession: org.apache.catalina.session.StandardSessionFacade@189a0072. A new one will be created.
641404 [http-nio-8080-exec-4] DEBUG o.s.security.web.FilterChainProxy - /jquery/jquery-2.1.3.js at position 3 of 12 in additional filter chain; firing Filter: 'HeaderWriterFilter'
641404 [http-nio-8080-exec-5] DEBUG o.s.security.web.FilterChainProxy - /bootstrap/js/bootstrap.js at position 3 of 12 in additional filter chain; firing Filter: 'HeaderWriterFilter'
641404 [http-nio-8080-exec-4] DEBUG o.s.s.w.h.writers.HstsHeaderWriter - Not injecting HSTS header since it did not match the requestMatcher org.springframework.security.web.header.writers.HstsHeaderWriter$SecureRequestMatcher@1ca597b9
641404 [http-nio-8080-exec-4] DEBUG o.s.security.web.FilterChainProxy - /jquery/jquery-2.1.3.js at position 4 of 12 in additional filter chain; firing Filter: 'CsrfFilter'
641404 [http-nio-8080-exec-5] DEBUG o.s.s.w.h.writers.HstsHeaderWriter - Not injecting HSTS header since it did not match the requestMatcher org.springframework.security.web.header.writers.HstsHeaderWriter$SecureRequestMatcher@1ca597b9
641404 [http-nio-8080-exec-4] DEBUG o.s.security.web.FilterChainProxy - /jquery/jquery-2.1.3.js at position 5 of 12 in additional filter chain; firing Filter: 'LogoutFilter'
641405 [http-nio-8080-exec-5] DEBUG o.s.security.web.FilterChainProxy - /bootstrap/js/bootstrap.js at position 4 of 12 in additional filter chain; firing Filter: 'CsrfFilter'
641405 [http-nio-8080-exec-4] DEBUG o.s.s.w.u.m.AntPathRequestMatcher - Request 'GET /jquery/jquery-2.1.3.js' doesn't match 'POST /logout
641405 [http-nio-8080-exec-5] DEBUG o.s.security.web.FilterChainProxy - /bootstrap/js/bootstrap.js at position 5 of 12 in additional filter chain; firing Filter: 'LogoutFilter'
641405 [http-nio-8080-exec-4] DEBUG o.s.security.web.FilterChainProxy - /jquery/jquery-2.1.3.js at position 6 of 12 in additional filter chain; firing Filter: 'UsernamePasswordAuthenticationFilter'
641405 [http-nio-8080-exec-5] DEBUG o.s.s.w.u.m.AntPathRequestMatcher - Request 'GET /bootstrap/js/bootstrap.js' doesn't match 'POST /logout
641405 [http-nio-8080-exec-5] DEBUG o.s.security.web.FilterChainProxy - /bootstrap/js/bootstrap.js at position 6 of 12 in additional filter chain; firing Filter: 'UsernamePasswordAuthenticationFilter'
641405 [http-nio-8080-exec-4] DEBUG o.s.s.w.u.m.AntPathRequestMatcher - Request 'GET /jquery/jquery-2.1.3.js' doesn't match 'POST /login
641405 [http-nio-8080-exec-4] DEBUG o.s.security.web.FilterChainProxy - /jquery/jquery-2.1.3.js at position 7 of 12 in additional filter chain; firing Filter: 'RequestCacheAwareFilter'
641405 [http-nio-8080-exec-5] DEBUG o.s.s.w.u.m.AntPathRequestMatcher - Request 'GET /bootstrap/js/bootstrap.js' doesn't match 'POST /login
641405 [http-nio-8080-exec-5] DEBUG o.s.security.web.FilterChainProxy - /bootstrap/js/bootstrap.js at position 7 of 12 in additional filter chain; firing Filter: 'RequestCacheAwareFilter'
641405 [http-nio-8080-exec-4] DEBUG o.s.s.w.s.DefaultSavedRequest - pathInfo: both null (property equals)
641405 [http-nio-8080-exec-4] DEBUG o.s.s.w.s.DefaultSavedRequest - queryString: both null (property equals)
641405 [http-nio-8080-exec-5] DEBUG o.s.s.w.s.DefaultSavedRequest - pathInfo: both null (property equals)
641405 [http-nio-8080-exec-5] DEBUG o.s.s.w.s.DefaultSavedRequest - queryString: both null (property equals)
641405 [http-nio-8080-exec-4] DEBUG o.s.s.w.s.DefaultSavedRequest - requestURI: arg1=/index.html; arg2=/jquery/jquery-2.1.3.js (property not equals)
641405 [http-nio-8080-exec-4] DEBUG o.s.s.w.s.HttpSessionRequestCache - saved request doesn't match
641405 [http-nio-8080-exec-5] DEBUG o.s.s.w.s.DefaultSavedRequest - requestURI: arg1=/index.html; arg2=/bootstrap/js/bootstrap.js (property not equals)
641405 [http-nio-8080-exec-4] DEBUG o.s.security.web.FilterChainProxy - /jquery/jquery-2.1.3.js at position 8 of 12 in additional filter chain; firing Filter: 'SecurityContextHolderAwareRequestFilter'
641405 [http-nio-8080-exec-5] DEBUG o.s.s.w.s.HttpSessionRequestCache - saved request doesn't match
641405 [http-nio-8080-exec-4] DEBUG o.s.security.web.FilterChainProxy - /jquery/jquery-2.1.3.js at position 9 of 12 in additional filter chain; firing Filter: 'AnonymousAuthenticationFilter'
641405 [http-nio-8080-exec-5] DEBUG o.s.security.web.FilterChainProxy - /bootstrap/js/bootstrap.js at position 8 of 12 in additional filter chain; firing Filter: 'SecurityContextHolderAwareRequestFilter'
641406 [http-nio-8080-exec-5] DEBUG o.s.security.web.FilterChainProxy - /bootstrap/js/bootstrap.js at position 9 of 12 in additional filter chain; firing Filter: 'AnonymousAuthenticationFilter'
641406 [http-nio-8080-exec-4] DEBUG o.s.s.w.a.AnonymousAuthenticationFilter - Populated SecurityContextHolder with anonymous token: 'org.springframework.security.authentication.AnonymousAuthenticationToken@6faeba70: Principal: anonymousUser; Credentials: [PROTECTED]; Authenticated: true; Details: org.springframework.security.web.authentication.WebAuthenticationDetails@fffbcba8: RemoteIpAddress: 0:0:0:0:0:0:0:1; SessionId: 3804353C2C2C151F407CA4B277564A11; Granted Authorities: ROLE_ANONYMOUS'
641406 [http-nio-8080-exec-5] DEBUG o.s.s.w.a.AnonymousAuthenticationFilter - Populated SecurityContextHolder with anonymous token: 'org.springframework.security.authentication.AnonymousAuthenticationToken@6faeba70: Principal: anonymousUser; Credentials: [PROTECTED]; Authenticated: true; Details: org.springframework.security.web.authentication.WebAuthenticationDetails@fffbcba8: RemoteIpAddress: 0:0:0:0:0:0:0:1; SessionId: 3804353C2C2C151F407CA4B277564A11; Granted Authorities: ROLE_ANONYMOUS'
641406 [http-nio-8080-exec-5] DEBUG o.s.security.web.FilterChainProxy - /bootstrap/js/bootstrap.js at position 10 of 12 in additional filter chain; firing Filter: 'SessionManagementFilter'
641406 [http-nio-8080-exec-4] DEBUG o.s.security.web.FilterChainProxy - /jquery/jquery-2.1.3.js at position 10 of 12 in additional filter chain; firing Filter: 'SessionManagementFilter'
641406 [http-nio-8080-exec-5] DEBUG o.s.security.web.FilterChainProxy - /bootstrap/js/bootstrap.js at position 11 of 12 in additional filter chain; firing Filter: 'ExceptionTranslationFilter'
641406 [http-nio-8080-exec-5] DEBUG o.s.security.web.FilterChainProxy - /bootstrap/js/bootstrap.js at position 12 of 12 in additional filter chain; firing Filter: 'FilterSecurityInterceptor'
641406 [http-nio-8080-exec-4] DEBUG o.s.security.web.FilterChainProxy - /jquery/jquery-2.1.3.js at position 11 of 12 in additional filter chain; firing Filter: 'ExceptionTranslationFilter'
641406 [http-nio-8080-exec-5] DEBUG o.s.s.w.u.m.AntPathRequestMatcher - Request 'GET /bootstrap/js/bootstrap.js' doesn't match 'POST /logout
641406 [http-nio-8080-exec-4] DEBUG o.s.security.web.FilterChainProxy - /jquery/jquery-2.1.3.js at position 12 of 12 in additional filter chain; firing Filter: 'FilterSecurityInterceptor'
641406 [http-nio-8080-exec-5] DEBUG o.s.s.w.u.m.AntPathRequestMatcher - Checking match of request : '/bootstrap/js/bootstrap.js'; against '/bootstrap/**'
641406 [http-nio-8080-exec-4] DEBUG o.s.s.w.u.m.AntPathRequestMatcher - Request 'GET /jquery/jquery-2.1.3.js' doesn't match 'POST /logout
641406 [http-nio-8080-exec-4] DEBUG o.s.s.w.u.m.AntPathRequestMatcher - Checking match of request : '/jquery/jquery-2.1.3.js'; against '/bootstrap/**'
641406 [http-nio-8080-exec-5] DEBUG o.s.s.w.a.i.FilterSecurityInterceptor - Secure object: FilterInvocation: URL: /bootstrap/js/bootstrap.js; Attributes: [permitAll]
641406 [http-nio-8080-exec-4] DEBUG o.s.s.w.u.m.AntPathRequestMatcher - Checking match of request : '/jquery/jquery-2.1.3.js'; against '/error/**'
641406 [http-nio-8080-exec-5] DEBUG o.s.s.w.a.i.FilterSecurityInterceptor - Previously Authenticated: org.springframework.security.authentication.AnonymousAuthenticationToken@6faeba70: Principal: anonymousUser; Credentials: [PROTECTED]; Authenticated: true; Details: org.springframework.security.web.authentication.WebAuthenticationDetails@fffbcba8: RemoteIpAddress: 0:0:0:0:0:0:0:1; SessionId: 3804353C2C2C151F407CA4B277564A11; Granted Authorities: ROLE_ANONYMOUS
641406 [http-nio-8080-exec-4] DEBUG o.s.s.w.u.m.AntPathRequestMatcher - Checking match of request : '/jquery/jquery-2.1.3.js'; against '/img/**'
641406 [http-nio-8080-exec-4] DEBUG o.s.s.w.u.m.AntPathRequestMatcher - Checking match of request : '/jquery/jquery-2.1.3.js'; against '/jquery/**'
641406 [http-nio-8080-exec-4] DEBUG o.s.s.w.a.i.FilterSecurityInterceptor - Secure object: FilterInvocation: URL: /jquery/jquery-2.1.3.js; Attributes: [permitAll]
641406 [http-nio-8080-exec-4] DEBUG o.s.s.w.a.i.FilterSecurityInterceptor - Previously Authenticated: org.springframework.security.authentication.AnonymousAuthenticationToken@6faeba70: Principal: anonymousUser; Credentials: [PROTECTED]; Authenticated: true; Details: org.springframework.security.web.authentication.WebAuthenticationDetails@fffbcba8: RemoteIpAddress: 0:0:0:0:0:0:0:1; SessionId: 3804353C2C2C151F407CA4B277564A11; Granted Authorities: ROLE_ANONYMOUS
641406 [http-nio-8080-exec-5] DEBUG o.s.s.access.vote.AffirmativeBased - Voter: org.springframework.security.web.access.expression.WebExpressionVoter@59a70a49, returned: 1
641406 [http-nio-8080-exec-5] DEBUG o.s.s.w.a.i.FilterSecurityInterceptor - Authorization successful
641406 [http-nio-8080-exec-5] DEBUG o.s.s.w.a.i.FilterSecurityInterceptor - RunAsManager did not change Authentication object
641406 [http-nio-8080-exec-4] DEBUG o.s.s.access.vote.AffirmativeBased - Voter: org.springframework.security.web.access.expression.WebExpressionVoter@59a70a49, returned: 1
641406 [http-nio-8080-exec-5] DEBUG o.s.security.web.FilterChainProxy - /bootstrap/js/bootstrap.js reached end of additional filter chain; proceeding with original chain
641407 [http-nio-8080-exec-4] DEBUG o.s.s.w.a.i.FilterSecurityInterceptor - Authorization successful
641407 [http-nio-8080-exec-4] DEBUG o.s.s.w.a.i.FilterSecurityInterceptor - RunAsManager did not change Authentication object
641407 [http-nio-8080-exec-4] DEBUG o.s.security.web.FilterChainProxy - /jquery/jquery-2.1.3.js reached end of additional filter chain; proceeding with original chain
641407 [http-nio-8080-exec-3] DEBUG o.s.s.w.c.HttpSessionSecurityContextRepository - SecurityContext is empty or contents are anonymous - context will not be stored in HttpSession.
641410 [http-nio-8080-exec-5] DEBUG o.s.s.w.c.HttpSessionSecurityContextRepository - SecurityContext is empty or contents are anonymous - context will not be stored in HttpSession.
641410 [http-nio-8080-exec-4] DEBUG o.s.s.w.c.HttpSessionSecurityContextRepository - SecurityContext is empty or contents are anonymous - context will not be stored in HttpSession.
641412 [http-nio-8080-exec-5] DEBUG o.s.s.w.a.ExceptionTranslationFilter - Chain processed normally
641412 [http-nio-8080-exec-5] DEBUG o.s.s.w.c.SecurityContextPersistenceFilter - SecurityContextHolder now cleared, as request processing completed
641412 [http-nio-8080-exec-3] DEBUG o.s.s.w.a.ExceptionTranslationFilter - Chain processed normally
641412 [http-nio-8080-exec-3] DEBUG o.s.s.w.c.SecurityContextPersistenceFilter - SecurityContextHolder now cleared, as request processing completed
641418 [http-nio-8080-exec-4] DEBUG o.s.s.w.a.ExceptionTranslationFilter - Chain processed normally
641418 [http-nio-8080-exec-4] DEBUG o.s.s.w.c.SecurityContextPersistenceFilter - SecurityContextHolder now cleared, as request processing completed
645010 [http-nio-8080-exec-6] DEBUG o.s.s.w.u.matcher.OrRequestMatcher - Trying to match using Ant [pattern='/css/**']
645010 [http-nio-8080-exec-6] DEBUG o.s.s.w.u.m.AntPathRequestMatcher - Checking match of request : '/'; against '/css/**'
645010 [http-nio-8080-exec-6] DEBUG o.s.s.w.u.matcher.OrRequestMatcher - Trying to match using Ant [pattern='/js/**']
645010 [http-nio-8080-exec-6] DEBUG o.s.s.w.u.m.AntPathRequestMatcher - Checking match of request : '/'; against '/js/**'
645010 [http-nio-8080-exec-6] DEBUG o.s.s.w.u.matcher.OrRequestMatcher - Trying to match using Ant [pattern='/images/**']
645010 [http-nio-8080-exec-6] DEBUG o.s.s.w.u.m.AntPathRequestMatcher - Checking match of request : '/'; against '/images/**'
645010 [http-nio-8080-exec-6] DEBUG o.s.s.w.u.matcher.OrRequestMatcher - Trying to match using Ant [pattern='/webjars/**']
645010 [http-nio-8080-exec-6] DEBUG o.s.s.w.u.m.AntPathRequestMatcher - Checking match of request : '/'; against '/webjars/**'
645010 [http-nio-8080-exec-6] DEBUG o.s.s.w.u.matcher.OrRequestMatcher - Trying to match using Ant [pattern='/**/favicon.ico']
645010 [http-nio-8080-exec-6] DEBUG o.s.s.w.u.m.AntPathRequestMatcher - Checking match of request : '/'; against '/**/favicon.ico'
645010 [http-nio-8080-exec-6] DEBUG o.s.s.w.u.matcher.OrRequestMatcher - Trying to match using Ant [pattern='/error']
645010 [http-nio-8080-exec-6] DEBUG o.s.s.w.u.m.AntPathRequestMatcher - Checking match of request : '/'; against '/error'
645010 [http-nio-8080-exec-6] DEBUG o.s.s.w.u.matcher.OrRequestMatcher - No matches found
645010 [http-nio-8080-exec-6] DEBUG o.s.security.web.FilterChainProxy - / at position 1 of 12 in additional filter chain; firing Filter: 'WebAsyncManagerIntegrationFilter'
645010 [http-nio-8080-exec-6] DEBUG o.s.security.web.FilterChainProxy - / at position 2 of 12 in additional filter chain; firing Filter: 'SecurityContextPersistenceFilter'
645011 [http-nio-8080-exec-6] DEBUG o.s.s.w.c.HttpSessionSecurityContextRepository - HttpSession returned null object for SPRING_SECURITY_CONTEXT
645011 [http-nio-8080-exec-6] DEBUG o.s.s.w.c.HttpSessionSecurityContextRepository - No SecurityContext was available from the HttpSession: org.apache.catalina.session.StandardSessionFacade@189a0072. A new one will be created.
645011 [http-nio-8080-exec-6] DEBUG o.s.security.web.FilterChainProxy - / at position 3 of 12 in additional filter chain; firing Filter: 'HeaderWriterFilter'
645011 [http-nio-8080-exec-6] DEBUG o.s.s.w.h.writers.HstsHeaderWriter - Not injecting HSTS header since it did not match the requestMatcher org.springframework.security.web.header.writers.HstsHeaderWriter$SecureRequestMatcher@1ca597b9
645011 [http-nio-8080-exec-6] DEBUG o.s.security.web.FilterChainProxy - / at position 4 of 12 in additional filter chain; firing Filter: 'CsrfFilter'
645011 [http-nio-8080-exec-6] DEBUG o.s.security.web.csrf.CsrfFilter - Invalid CSRF token found for http://localhost:8080/
645011 [http-nio-8080-exec-6] DEBUG o.s.s.w.c.HttpSessionSecurityContextRepository - SecurityContext is empty or contents are anonymous - context will not be stored in HttpSession.
645011 [http-nio-8080-exec-6] DEBUG o.s.s.w.c.SecurityContextPersistenceFilter - SecurityContextHolder now cleared, as request processing completed
649005 [http-nio-8080-exec-7] DEBUG o.s.s.w.u.matcher.OrRequestMatcher - Trying to match using Ant [pattern='/css/**']
649005 [http-nio-8080-exec-7] DEBUG o.s.s.w.u.m.AntPathRequestMatcher - Checking match of request : '/index'; against '/css/**'
649005 [http-nio-8080-exec-7] DEBUG o.s.s.w.u.matcher.OrRequestMatcher - Trying to match using Ant [pattern='/js/**']
649005 [http-nio-8080-exec-7] DEBUG o.s.s.w.u.m.AntPathRequestMatcher - Checking match of request : '/index'; against '/js/**'
649005 [http-nio-8080-exec-7] DEBUG o.s.s.w.u.matcher.OrRequestMatcher - Trying to match using Ant [pattern='/images/**']
649005 [http-nio-8080-exec-7] DEBUG o.s.s.w.u.m.AntPathRequestMatcher - Checking match of request : '/index'; against '/images/**'
649005 [http-nio-8080-exec-7] DEBUG o.s.s.w.u.matcher.OrRequestMatcher - Trying to match using Ant [pattern='/webjars/**']
649005 [http-nio-8080-exec-7] DEBUG o.s.s.w.u.m.AntPathRequestMatcher - Checking match of request : '/index'; against '/webjars/**'
649005 [http-nio-8080-exec-7] DEBUG o.s.s.w.u.matcher.OrRequestMatcher - Trying to match using Ant [pattern='/**/favicon.ico']
649005 [http-nio-8080-exec-7] DEBUG o.s.s.w.u.m.AntPathRequestMatcher - Checking match of request : '/index'; against '/**/favicon.ico'
649005 [http-nio-8080-exec-7] DEBUG o.s.s.w.u.matcher.OrRequestMatcher - Trying to match using Ant [pattern='/error']
649005 [http-nio-8080-exec-7] DEBUG o.s.s.w.u.m.AntPathRequestMatcher - Checking match of request : '/index'; against '/error'
649005 [http-nio-8080-exec-7] DEBUG o.s.s.w.u.matcher.OrRequestMatcher - No matches found
649006 [http-nio-8080-exec-7] DEBUG o.s.security.web.FilterChainProxy - /index at position 1 of 12 in additional filter chain; firing Filter: 'WebAsyncManagerIntegrationFilter'
649006 [http-nio-8080-exec-7] DEBUG o.s.security.web.FilterChainProxy - /index at position 2 of 12 in additional filter chain; firing Filter: 'SecurityContextPersistenceFilter'
649006 [http-nio-8080-exec-7] DEBUG o.s.s.w.c.HttpSessionSecurityContextRepository - HttpSession returned null object for SPRING_SECURITY_CONTEXT
649006 [http-nio-8080-exec-7] DEBUG o.s.s.w.c.HttpSessionSecurityContextRepository - No SecurityContext was available from the HttpSession: org.apache.catalina.session.StandardSessionFacade@189a0072. A new one will be created.
649006 [http-nio-8080-exec-7] DEBUG o.s.security.web.FilterChainProxy - /index at position 3 of 12 in additional filter chain; firing Filter: 'HeaderWriterFilter'
649006 [http-nio-8080-exec-7] DEBUG o.s.s.w.h.writers.HstsHeaderWriter - Not injecting HSTS header since it did not match the requestMatcher org.springframework.security.web.header.writers.HstsHeaderWriter$SecureRequestMatcher@1ca597b9
649006 [http-nio-8080-exec-7] DEBUG o.s.security.web.FilterChainProxy - /index at position 4 of 12 in additional filter chain; firing Filter: 'CsrfFilter'
649006 [http-nio-8080-exec-7] DEBUG o.s.security.web.FilterChainProxy - /index at position 5 of 12 in additional filter chain; firing Filter: 'LogoutFilter'
649006 [http-nio-8080-exec-7] DEBUG o.s.s.w.u.m.AntPathRequestMatcher - Request 'GET /index' doesn't match 'POST /logout
649006 [http-nio-8080-exec-7] DEBUG o.s.security.web.FilterChainProxy - /index at position 6 of 12 in additional filter chain; firing Filter: 'UsernamePasswordAuthenticationFilter'
649006 [http-nio-8080-exec-7] DEBUG o.s.s.w.u.m.AntPathRequestMatcher - Request 'GET /index' doesn't match 'POST /login
649006 [http-nio-8080-exec-7] DEBUG o.s.security.web.FilterChainProxy - /index at position 7 of 12 in additional filter chain; firing Filter: 'RequestCacheAwareFilter'
649006 [http-nio-8080-exec-7] DEBUG o.s.s.w.s.DefaultSavedRequest - pathInfo: both null (property equals)
649006 [http-nio-8080-exec-7] DEBUG o.s.s.w.s.DefaultSavedRequest - queryString: both null (property equals)
649006 [http-nio-8080-exec-7] DEBUG o.s.s.w.s.DefaultSavedRequest - requestURI: arg1=/index.html; arg2=/index (property not equals)
649010 [http-nio-8080-exec-7] DEBUG o.s.s.w.s.HttpSessionRequestCache - saved request doesn't match
649010 [http-nio-8080-exec-7] DEBUG o.s.security.web.FilterChainProxy - /index at position 8 of 12 in additional filter chain; firing Filter: 'SecurityContextHolderAwareRequestFilter'
649010 [http-nio-8080-exec-7] DEBUG o.s.security.web.FilterChainProxy - /index at position 9 of 12 in additional filter chain; firing Filter: 'AnonymousAuthenticationFilter'
649010 [http-nio-8080-exec-7] DEBUG o.s.s.w.a.AnonymousAuthenticationFilter - Populated SecurityContextHolder with anonymous token: 'org.springframework.security.authentication.AnonymousAuthenticationToken@6faeba70: Principal: anonymousUser; Credentials: [PROTECTED]; Authenticated: true; Details: org.springframework.security.web.authentication.WebAuthenticationDetails@fffbcba8: RemoteIpAddress: 0:0:0:0:0:0:0:1; SessionId: 3804353C2C2C151F407CA4B277564A11; Granted Authorities: ROLE_ANONYMOUS'
649010 [http-nio-8080-exec-7] DEBUG o.s.security.web.FilterChainProxy - /index at position 10 of 12 in additional filter chain; firing Filter: 'SessionManagementFilter'
649010 [http-nio-8080-exec-7] DEBUG o.s.security.web.FilterChainProxy - /index at position 11 of 12 in additional filter chain; firing Filter: 'ExceptionTranslationFilter'
649010 [http-nio-8080-exec-7] DEBUG o.s.security.web.FilterChainProxy - /index at position 12 of 12 in additional filter chain; firing Filter: 'FilterSecurityInterceptor'
649010 [http-nio-8080-exec-7] DEBUG o.s.s.w.u.m.AntPathRequestMatcher - Request 'GET /index' doesn't match 'POST /logout
649010 [http-nio-8080-exec-7] DEBUG o.s.s.w.u.m.AntPathRequestMatcher - Checking match of request : '/index'; against '/bootstrap/**'
649010 [http-nio-8080-exec-7] DEBUG o.s.s.w.u.m.AntPathRequestMatcher - Checking match of request : '/index'; against '/error/**'
649010 [http-nio-8080-exec-7] DEBUG o.s.s.w.u.m.AntPathRequestMatcher - Checking match of request : '/index'; against '/img/**'
649010 [http-nio-8080-exec-7] DEBUG o.s.s.w.u.m.AntPathRequestMatcher - Checking match of request : '/index'; against '/jquery/**'
649010 [http-nio-8080-exec-7] DEBUG o.s.s.w.u.m.AntPathRequestMatcher - Checking match of request : '/index'; against '/temp'
649010 [http-nio-8080-exec-7] DEBUG o.s.s.w.u.m.AntPathRequestMatcher - Checking match of request : '/index'; against '/temp.ftl'
649010 [http-nio-8080-exec-7] DEBUG o.s.s.w.a.i.FilterSecurityInterceptor - Secure object: FilterInvocation: URL: /index; Attributes: [authenticated]
649010 [http-nio-8080-exec-7] DEBUG o.s.s.w.a.i.FilterSecurityInterceptor - Previously Authenticated: org.springframework.security.authentication.AnonymousAuthenticationToken@6faeba70: Principal: anonymousUser; Credentials: [PROTECTED]; Authenticated: true; Details: org.springframework.security.web.authentication.WebAuthenticationDetails@fffbcba8: RemoteIpAddress: 0:0:0:0:0:0:0:1; SessionId: 3804353C2C2C151F407CA4B277564A11; Granted Authorities: ROLE_ANONYMOUS
649010 [http-nio-8080-exec-7] DEBUG o.s.s.access.vote.AffirmativeBased - Voter: org.springframework.security.web.access.expression.WebExpressionVoter@59a70a49, returned: -1
649011 [http-nio-8080-exec-7] DEBUG o.s.s.w.a.ExceptionTranslationFilter - Access is denied (user is anonymous); redirecting to authentication entry point
org.springframework.security.access.AccessDeniedException: Access is denied
	at org.springframework.security.access.vote.AffirmativeBased.decide(AffirmativeBased.java:84)
	at org.springframework.security.access.intercept.AbstractSecurityInterceptor.beforeInvocation(AbstractSecurityInterceptor.java:233)
	at org.springframework.security.web.access.intercept.FilterSecurityInterceptor.invoke(FilterSecurityInterceptor.java:124)
	at org.springframework.security.web.access.intercept.FilterSecurityInterceptor.doFilter(FilterSecurityInterceptor.java:91)
	at org.springframework.security.web.FilterChainProxy$VirtualFilterChain.doFilter(FilterChainProxy.java:331)
	at org.springframework.security.web.access.ExceptionTranslationFilter.doFilter(ExceptionTranslationFilter.java:114)
	at org.springframework.security.web.FilterChainProxy$VirtualFilterChain.doFilter(FilterChainProxy.java:331)
	at org.springframework.security.web.session.SessionManagementFilter.doFilter(SessionManagementFilter.java:137)
	at org.springframework.security.web.FilterChainProxy$VirtualFilterChain.doFilter(FilterChainProxy.java:331)
	at org.springframework.security.web.authentication.AnonymousAuthenticationFilter.doFilter(AnonymousAuthenticationFilter.java:111)
	at org.springframework.security.web.FilterChainProxy$VirtualFilterChain.doFilter(FilterChainProxy.java:331)
	at org.springframework.security.web.servletapi.SecurityContextHolderAwareRequestFilter.doFilter(SecurityContextHolderAwareRequestFilter.java:170)
	at org.springframework.security.web.FilterChainProxy$VirtualFilterChain.doFilter(FilterChainProxy.java:331)
	at org.springframework.security.web.savedrequest.RequestCacheAwareFilter.doFilter(RequestCacheAwareFilter.java:63)
	at org.springframework.security.web.FilterChainProxy$VirtualFilterChain.doFilter(FilterChainProxy.java:331)
	at org.springframework.security.web.authentication.AbstractAuthenticationProcessingFilter.doFilter(AbstractAuthenticationProcessingFilter.java:200)
	at org.springframework.security.web.FilterChainProxy$VirtualFilterChain.doFilter(FilterChainProxy.java:331)
	at org.springframework.security.web.authentication.logout.LogoutFilter.doFilter(LogoutFilter.java:116)
	at org.springframework.security.web.FilterChainProxy$VirtualFilterChain.doFilter(FilterChainProxy.java:331)
	at org.springframework.security.web.csrf.CsrfFilter.doFilterInternal(CsrfFilter.java:100)
	at org.springframework.web.filter.OncePerRequestFilter.doFilter(OncePerRequestFilter.java:107)
	at org.springframework.security.web.FilterChainProxy$VirtualFilterChain.doFilter(FilterChainProxy.java:331)
	at org.springframework.security.web.header.HeaderWriterFilter.doFilterInternal(HeaderWriterFilter.java:64)
	at org.springframework.web.filter.OncePerRequestFilter.doFilter(OncePerRequestFilter.java:107)
	at org.springframework.security.web.FilterChainProxy$VirtualFilterChain.doFilter(FilterChainProxy.java:331)
	at org.springframework.security.web.context.SecurityContextPersistenceFilter.doFilter(SecurityContextPersistenceFilter.java:105)
	at org.springframework.security.web.FilterChainProxy$VirtualFilterChain.doFilter(FilterChainProxy.java:331)
	at org.springframework.security.web.context.request.async.WebAsyncManagerIntegrationFilter.doFilterInternal(WebAsyncManagerIntegrationFilter.java:56)
	at org.springframework.web.filter.OncePerRequestFilter.doFilter(OncePerRequestFilter.java:107)
	at org.springframework.security.web.FilterChainProxy$VirtualFilterChain.doFilter(FilterChainProxy.java:331)
	at org.springframework.security.web.FilterChainProxy.doFilterInternal(FilterChainProxy.java:214)
	at org.springframework.security.web.FilterChainProxy.doFilter(FilterChainProxy.java:177)
	at org.springframework.web.filter.DelegatingFilterProxy.invokeDelegate(DelegatingFilterProxy.java:347)
	at org.springframework.web.filter.DelegatingFilterProxy.doFilter(DelegatingFilterProxy.java:263)
	at org.apache.catalina.core.ApplicationFilterChain.internalDoFilter(ApplicationFilterChain.java:193)
	at org.apache.catalina.core.ApplicationFilterChain.doFilter(ApplicationFilterChain.java:166)
	at org.springframework.web.filter.RequestContextFilter.doFilterInternal(RequestContextFilter.java:99)
	at org.springframework.web.filter.OncePerRequestFilter.doFilter(OncePerRequestFilter.java:107)
	at org.apache.catalina.core.ApplicationFilterChain.internalDoFilter(ApplicationFilterChain.java:193)
	at org.apache.catalina.core.ApplicationFilterChain.doFilter(ApplicationFilterChain.java:166)
	at org.springframework.web.filter.HttpPutFormContentFilter.doFilterInternal(HttpPutFormContentFilter.java:108)
	at org.springframework.web.filter.OncePerRequestFilter.doFilter(OncePerRequestFilter.java:107)
	at org.apache.catalina.core.ApplicationFilterChain.internalDoFilter(ApplicationFilterChain.java:193)
	at org.apache.catalina.core.ApplicationFilterChain.doFilter(ApplicationFilterChain.java:166)
	at org.springframework.web.filter.HiddenHttpMethodFilter.doFilterInternal(HiddenHttpMethodFilter.java:81)
	at org.springframework.web.filter.OncePerRequestFilter.doFilter(OncePerRequestFilter.java:107)
	at org.apache.catalina.core.ApplicationFilterChain.internalDoFilter(ApplicationFilterChain.java:193)
	at org.apache.catalina.core.ApplicationFilterChain.doFilter(ApplicationFilterChain.java:166)
	at org.springframework.web.filter.CharacterEncodingFilter.doFilterInternal(CharacterEncodingFilter.java:197)
	at org.springframework.web.filter.OncePerRequestFilter.doFilter(OncePerRequestFilter.java:107)
	at org.apache.catalina.core.ApplicationFilterChain.internalDoFilter(ApplicationFilterChain.java:193)
	at org.apache.catalina.core.ApplicationFilterChain.doFilter(ApplicationFilterChain.java:166)
	at org.apache.catalina.core.StandardWrapperValve.invoke(StandardWrapperValve.java:199)
	at org.apache.catalina.core.StandardContextValve.invoke(StandardContextValve.java:96)
	at org.apache.catalina.authenticator.AuthenticatorBase.invoke(AuthenticatorBase.java:478)
	at org.apache.catalina.core.StandardHostValve.invoke(StandardHostValve.java:140)
	at org.apache.catalina.valves.ErrorReportValve.invoke(ErrorReportValve.java:81)
	at org.apache.catalina.core.StandardEngineValve.invoke(StandardEngineValve.java:87)
	at org.apache.catalina.connector.CoyoteAdapter.service(CoyoteAdapter.java:342)
	at org.apache.coyote.http11.Http11Processor.service(Http11Processor.java:803)
	at org.apache.coyote.AbstractProcessorLight.process(AbstractProcessorLight.java:66)
	at org.apache.coyote.AbstractProtocol$ConnectionHandler.process(AbstractProtocol.java:868)
	at org.apache.tomcat.util.net.NioEndpoint$SocketProcessor.doRun(NioEndpoint.java:1459)
	at org.apache.tomcat.util.net.SocketProcessorBase.run(SocketProcessorBase.java:49)
	at java.util.concurrent.ThreadPoolExecutor.runWorker(ThreadPoolExecutor.java:1149)
	at java.util.concurrent.ThreadPoolExecutor$Worker.run(ThreadPoolExecutor.java:624)
	at org.apache.tomcat.util.threads.TaskThread$WrappingRunnable.run(TaskThread.java:61)
	at java.lang.Thread.run(Thread.java:748)
649012 [http-nio-8080-exec-7] DEBUG o.s.s.w.u.matcher.AndRequestMatcher - Trying to match using Ant [pattern='/**', GET]
649012 [http-nio-8080-exec-7] DEBUG o.s.s.w.u.m.AntPathRequestMatcher - Request '/index' matched by universal pattern '/**'
649012 [http-nio-8080-exec-7] DEBUG o.s.s.w.u.matcher.AndRequestMatcher - Trying to match using NegatedRequestMatcher [requestMatcher=Ant [pattern='/**/favicon.ico']]
649012 [http-nio-8080-exec-7] DEBUG o.s.s.w.u.m.AntPathRequestMatcher - Checking match of request : '/index'; against '/**/favicon.ico'
649012 [http-nio-8080-exec-7] DEBUG o.s.s.w.u.m.NegatedRequestMatcher - matches = true
649012 [http-nio-8080-exec-7] DEBUG o.s.s.w.u.matcher.AndRequestMatcher - Trying to match using NegatedRequestMatcher [requestMatcher=MediaTypeRequestMatcher [contentNegotiationStrategy=org.springframework.web.accept.ContentNegotiationManager@20e51e00, matchingMediaTypes=[application/json], useEquals=false, ignoredMediaTypes=[*/*]]]
649012 [http-nio-8080-exec-7] DEBUG o.s.s.w.u.m.MediaTypeRequestMatcher - httpRequestMediaTypes=[text/html, application/xhtml+xml, image/webp, image/apng, application/xml;q=0.9, */*;q=0.8]
649012 [http-nio-8080-exec-7] DEBUG o.s.s.w.u.m.MediaTypeRequestMatcher - Processing text/html
649012 [http-nio-8080-exec-7] DEBUG o.s.s.w.u.m.MediaTypeRequestMatcher - application/json .isCompatibleWith text/html = false
649012 [http-nio-8080-exec-7] DEBUG o.s.s.w.u.m.MediaTypeRequestMatcher - Processing application/xhtml+xml
649012 [http-nio-8080-exec-7] DEBUG o.s.s.w.u.m.MediaTypeRequestMatcher - application/json .isCompatibleWith application/xhtml+xml = false
649012 [http-nio-8080-exec-7] DEBUG o.s.s.w.u.m.MediaTypeRequestMatcher - Processing image/webp
649012 [http-nio-8080-exec-7] DEBUG o.s.s.w.u.m.MediaTypeRequestMatcher - application/json .isCompatibleWith image/webp = false
649012 [http-nio-8080-exec-7] DEBUG o.s.s.w.u.m.MediaTypeRequestMatcher - Processing image/apng
649012 [http-nio-8080-exec-7] DEBUG o.s.s.w.u.m.MediaTypeRequestMatcher - application/json .isCompatibleWith image/apng = false
649012 [http-nio-8080-exec-7] DEBUG o.s.s.w.u.m.MediaTypeRequestMatcher - Processing application/xml;q=0.9
649012 [http-nio-8080-exec-7] DEBUG o.s.s.w.u.m.MediaTypeRequestMatcher - application/json .isCompatibleWith application/xml;q=0.9 = false
649012 [http-nio-8080-exec-7] DEBUG o.s.s.w.u.m.MediaTypeRequestMatcher - Processing */*;q=0.8
649012 [http-nio-8080-exec-7] DEBUG o.s.s.w.u.m.MediaTypeRequestMatcher - Ignoring
649012 [http-nio-8080-exec-7] DEBUG o.s.s.w.u.m.MediaTypeRequestMatcher - Did not match any media types
649012 [http-nio-8080-exec-7] DEBUG o.s.s.w.u.m.NegatedRequestMatcher - matches = true
649012 [http-nio-8080-exec-7] DEBUG o.s.s.w.u.matcher.AndRequestMatcher - Trying to match using NegatedRequestMatcher [requestMatcher=RequestHeaderRequestMatcher [expectedHeaderName=X-Requested-With, expectedHeaderValue=XMLHttpRequest]]
649012 [http-nio-8080-exec-7] DEBUG o.s.s.w.u.m.NegatedRequestMatcher - matches = true
649012 [http-nio-8080-exec-7] DEBUG o.s.s.w.u.matcher.AndRequestMatcher - All requestMatchers returned true
649012 [http-nio-8080-exec-7] DEBUG o.s.s.w.s.HttpSessionRequestCache - DefaultSavedRequest added to Session: DefaultSavedRequest[http://localhost:8080/index]
649012 [http-nio-8080-exec-7] DEBUG o.s.s.w.a.ExceptionTranslationFilter - Calling Authentication entry point.
649012 [http-nio-8080-exec-7] DEBUG o.s.s.web.DefaultRedirectStrategy - Redirecting to 'http://localhost:8080/login'
649012 [http-nio-8080-exec-7] DEBUG o.s.s.w.c.HttpSessionSecurityContextRepository - SecurityContext is empty or contents are anonymous - context will not be stored in HttpSession.
649012 [http-nio-8080-exec-7] DEBUG o.s.s.w.c.SecurityContextPersistenceFilter - SecurityContextHolder now cleared, as request processing completed
649014 [http-nio-8080-exec-8] DEBUG o.s.s.w.u.matcher.OrRequestMatcher - Trying to match using Ant [pattern='/css/**']
649014 [http-nio-8080-exec-8] DEBUG o.s.s.w.u.m.AntPathRequestMatcher - Checking match of request : '/login'; against '/css/**'
649014 [http-nio-8080-exec-8] DEBUG o.s.s.w.u.matcher.OrRequestMatcher - Trying to match using Ant [pattern='/js/**']
649014 [http-nio-8080-exec-8] DEBUG o.s.s.w.u.m.AntPathRequestMatcher - Checking match of request : '/login'; against '/js/**'
649014 [http-nio-8080-exec-8] DEBUG o.s.s.w.u.matcher.OrRequestMatcher - Trying to match using Ant [pattern='/images/**']
649014 [http-nio-8080-exec-8] DEBUG o.s.s.w.u.m.AntPathRequestMatcher - Checking match of request : '/login'; against '/images/**'
649014 [http-nio-8080-exec-8] DEBUG o.s.s.w.u.matcher.OrRequestMatcher - Trying to match using Ant [pattern='/webjars/**']
649014 [http-nio-8080-exec-8] DEBUG o.s.s.w.u.m.AntPathRequestMatcher - Checking match of request : '/login'; against '/webjars/**'
649014 [http-nio-8080-exec-8] DEBUG o.s.s.w.u.matcher.OrRequestMatcher - Trying to match using Ant [pattern='/**/favicon.ico']
649014 [http-nio-8080-exec-8] DEBUG o.s.s.w.u.m.AntPathRequestMatcher - Checking match of request : '/login'; against '/**/favicon.ico'
649014 [http-nio-8080-exec-8] DEBUG o.s.s.w.u.matcher.OrRequestMatcher - Trying to match using Ant [pattern='/error']
649014 [http-nio-8080-exec-8] DEBUG o.s.s.w.u.m.AntPathRequestMatcher - Checking match of request : '/login'; against '/error'
649014 [http-nio-8080-exec-8] DEBUG o.s.s.w.u.matcher.OrRequestMatcher - No matches found
649014 [http-nio-8080-exec-8] DEBUG o.s.security.web.FilterChainProxy - /login at position 1 of 12 in additional filter chain; firing Filter: 'WebAsyncManagerIntegrationFilter'
649014 [http-nio-8080-exec-8] DEBUG o.s.security.web.FilterChainProxy - /login at position 2 of 12 in additional filter chain; firing Filter: 'SecurityContextPersistenceFilter'
649014 [http-nio-8080-exec-8] DEBUG o.s.s.w.c.HttpSessionSecurityContextRepository - HttpSession returned null object for SPRING_SECURITY_CONTEXT
649014 [http-nio-8080-exec-8] DEBUG o.s.s.w.c.HttpSessionSecurityContextRepository - No SecurityContext was available from the HttpSession: org.apache.catalina.session.StandardSessionFacade@189a0072. A new one will be created.
649014 [http-nio-8080-exec-8] DEBUG o.s.security.web.FilterChainProxy - /login at position 3 of 12 in additional filter chain; firing Filter: 'HeaderWriterFilter'
649014 [http-nio-8080-exec-8] DEBUG o.s.s.w.h.writers.HstsHeaderWriter - Not injecting HSTS header since it did not match the requestMatcher org.springframework.security.web.header.writers.HstsHeaderWriter$SecureRequestMatcher@1ca597b9
649014 [http-nio-8080-exec-8] DEBUG o.s.security.web.FilterChainProxy - /login at position 4 of 12 in additional filter chain; firing Filter: 'CsrfFilter'
649014 [http-nio-8080-exec-8] DEBUG o.s.security.web.FilterChainProxy - /login at position 5 of 12 in additional filter chain; firing Filter: 'LogoutFilter'
649014 [http-nio-8080-exec-8] DEBUG o.s.s.w.u.m.AntPathRequestMatcher - Request 'GET /login' doesn't match 'POST /logout
649015 [http-nio-8080-exec-8] DEBUG o.s.security.web.FilterChainProxy - /login at position 6 of 12 in additional filter chain; firing Filter: 'UsernamePasswordAuthenticationFilter'
649015 [http-nio-8080-exec-8] DEBUG o.s.s.w.u.m.AntPathRequestMatcher - Request 'GET /login' doesn't match 'POST /login
649015 [http-nio-8080-exec-8] DEBUG o.s.security.web.FilterChainProxy - /login at position 7 of 12 in additional filter chain; firing Filter: 'RequestCacheAwareFilter'
649015 [http-nio-8080-exec-8] DEBUG o.s.s.w.s.DefaultSavedRequest - pathInfo: both null (property equals)
649015 [http-nio-8080-exec-8] DEBUG o.s.s.w.s.DefaultSavedRequest - queryString: both null (property equals)
649015 [http-nio-8080-exec-8] DEBUG o.s.s.w.s.DefaultSavedRequest - requestURI: arg1=/index; arg2=/login (property not equals)
649019 [http-nio-8080-exec-8] DEBUG o.s.s.w.s.HttpSessionRequestCache - saved request doesn't match
649019 [http-nio-8080-exec-8] DEBUG o.s.security.web.FilterChainProxy - /login at position 8 of 12 in additional filter chain; firing Filter: 'SecurityContextHolderAwareRequestFilter'
649019 [http-nio-8080-exec-8] DEBUG o.s.security.web.FilterChainProxy - /login at position 9 of 12 in additional filter chain; firing Filter: 'AnonymousAuthenticationFilter'
649019 [http-nio-8080-exec-8] DEBUG o.s.s.w.a.AnonymousAuthenticationFilter - Populated SecurityContextHolder with anonymous token: 'org.springframework.security.authentication.AnonymousAuthenticationToken@6faeba70: Principal: anonymousUser; Credentials: [PROTECTED]; Authenticated: true; Details: org.springframework.security.web.authentication.WebAuthenticationDetails@fffbcba8: RemoteIpAddress: 0:0:0:0:0:0:0:1; SessionId: 3804353C2C2C151F407CA4B277564A11; Granted Authorities: ROLE_ANONYMOUS'
649019 [http-nio-8080-exec-8] DEBUG o.s.security.web.FilterChainProxy - /login at position 10 of 12 in additional filter chain; firing Filter: 'SessionManagementFilter'
649019 [http-nio-8080-exec-8] DEBUG o.s.security.web.FilterChainProxy - /login at position 11 of 12 in additional filter chain; firing Filter: 'ExceptionTranslationFilter'
649019 [http-nio-8080-exec-8] DEBUG o.s.security.web.FilterChainProxy - /login at position 12 of 12 in additional filter chain; firing Filter: 'FilterSecurityInterceptor'
649019 [http-nio-8080-exec-8] DEBUG o.s.s.w.a.i.FilterSecurityInterceptor - Secure object: FilterInvocation: URL: /login; Attributes: [permitAll]
649019 [http-nio-8080-exec-8] DEBUG o.s.s.w.a.i.FilterSecurityInterceptor - Previously Authenticated: org.springframework.security.authentication.AnonymousAuthenticationToken@6faeba70: Principal: anonymousUser; Credentials: [PROTECTED]; Authenticated: true; Details: org.springframework.security.web.authentication.WebAuthenticationDetails@fffbcba8: RemoteIpAddress: 0:0:0:0:0:0:0:1; SessionId: 3804353C2C2C151F407CA4B277564A11; Granted Authorities: ROLE_ANONYMOUS
649019 [http-nio-8080-exec-8] DEBUG o.s.s.access.vote.AffirmativeBased - Voter: org.springframework.security.web.access.expression.WebExpressionVoter@59a70a49, returned: 1
649019 [http-nio-8080-exec-8] DEBUG o.s.s.w.a.i.FilterSecurityInterceptor - Authorization successful
649019 [http-nio-8080-exec-8] DEBUG o.s.s.w.a.i.FilterSecurityInterceptor - RunAsManager did not change Authentication object
649019 [http-nio-8080-exec-8] DEBUG o.s.security.web.FilterChainProxy - /login reached end of additional filter chain; proceeding with original chain
649022 [http-nio-8080-exec-8] DEBUG o.s.s.w.c.HttpSessionSecurityContextRepository - SecurityContext is empty or contents are anonymous - context will not be stored in HttpSession.
649023 [http-nio-8080-exec-8] DEBUG o.s.s.w.a.ExceptionTranslationFilter - Chain processed normally
649023 [http-nio-8080-exec-8] DEBUG o.s.s.w.c.SecurityContextPersistenceFilter - SecurityContextHolder now cleared, as request processing completed
649031 [http-nio-8080-exec-9] DEBUG o.s.s.w.u.matcher.OrRequestMatcher - Trying to match using Ant [pattern='/css/**']
649031 [http-nio-8080-exec-10] DEBUG o.s.s.w.u.matcher.OrRequestMatcher - Trying to match using Ant [pattern='/css/**']
649031 [http-nio-8080-exec-9] DEBUG o.s.s.w.u.m.AntPathRequestMatcher - Checking match of request : '/bootstrap/css/bootstrap.css'; against '/css/**'
649031 [http-nio-8080-exec-10] DEBUG o.s.s.w.u.m.AntPathRequestMatcher - Checking match of request : '/jquery/jquery-2.1.3.js'; against '/css/**'
649031 [http-nio-8080-exec-1] DEBUG o.s.s.w.u.matcher.OrRequestMatcher - Trying to match using Ant [pattern='/css/**']
649031 [http-nio-8080-exec-1] DEBUG o.s.s.w.u.m.AntPathRequestMatcher - Checking match of request : '/bootstrap/js/bootstrap.js'; against '/css/**'
649031 [http-nio-8080-exec-9] DEBUG o.s.s.w.u.matcher.OrRequestMatcher - Trying to match using Ant [pattern='/js/**']
649031 [http-nio-8080-exec-10] DEBUG o.s.s.w.u.matcher.OrRequestMatcher - Trying to match using Ant [pattern='/js/**']
649031 [http-nio-8080-exec-1] DEBUG o.s.s.w.u.matcher.OrRequestMatcher - Trying to match using Ant [pattern='/js/**']
649031 [http-nio-8080-exec-9] DEBUG o.s.s.w.u.m.AntPathRequestMatcher - Checking match of request : '/bootstrap/css/bootstrap.css'; against '/js/**'
649031 [http-nio-8080-exec-10] DEBUG o.s.s.w.u.m.AntPathRequestMatcher - Checking match of request : '/jquery/jquery-2.1.3.js'; against '/js/**'
649031 [http-nio-8080-exec-9] DEBUG o.s.s.w.u.matcher.OrRequestMatcher - Trying to match using Ant [pattern='/images/**']
649031 [http-nio-8080-exec-1] DEBUG o.s.s.w.u.m.AntPathRequestMatcher - Checking match of request : '/bootstrap/js/bootstrap.js'; against '/js/**'
649031 [http-nio-8080-exec-10] DEBUG o.s.s.w.u.matcher.OrRequestMatcher - Trying to match using Ant [pattern='/images/**']
649031 [http-nio-8080-exec-9] DEBUG o.s.s.w.u.m.AntPathRequestMatcher - Checking match of request : '/bootstrap/css/bootstrap.css'; against '/images/**'
649031 [http-nio-8080-exec-1] DEBUG o.s.s.w.u.matcher.OrRequestMatcher - Trying to match using Ant [pattern='/images/**']
649031 [http-nio-8080-exec-9] DEBUG o.s.s.w.u.matcher.OrRequestMatcher - Trying to match using Ant [pattern='/webjars/**']
649031 [http-nio-8080-exec-1] DEBUG o.s.s.w.u.m.AntPathRequestMatcher - Checking match of request : '/bootstrap/js/bootstrap.js'; against '/images/**'
649031 [http-nio-8080-exec-9] DEBUG o.s.s.w.u.m.AntPathRequestMatcher - Checking match of request : '/bootstrap/css/bootstrap.css'; against '/webjars/**'
649031 [http-nio-8080-exec-1] DEBUG o.s.s.w.u.matcher.OrRequestMatcher - Trying to match using Ant [pattern='/webjars/**']
649031 [http-nio-8080-exec-10] DEBUG o.s.s.w.u.m.AntPathRequestMatcher - Checking match of request : '/jquery/jquery-2.1.3.js'; against '/images/**'
649031 [http-nio-8080-exec-9] DEBUG o.s.s.w.u.matcher.OrRequestMatcher - Trying to match using Ant [pattern='/**/favicon.ico']
649031 [http-nio-8080-exec-1] DEBUG o.s.s.w.u.m.AntPathRequestMatcher - Checking match of request : '/bootstrap/js/bootstrap.js'; against '/webjars/**'
649031 [http-nio-8080-exec-10] DEBUG o.s.s.w.u.matcher.OrRequestMatcher - Trying to match using Ant [pattern='/webjars/**']
649032 [http-nio-8080-exec-9] DEBUG o.s.s.w.u.m.AntPathRequestMatcher - Checking match of request : '/bootstrap/css/bootstrap.css'; against '/**/favicon.ico'
649032 [http-nio-8080-exec-1] DEBUG o.s.s.w.u.matcher.OrRequestMatcher - Trying to match using Ant [pattern='/**/favicon.ico']
649032 [http-nio-8080-exec-10] DEBUG o.s.s.w.u.m.AntPathRequestMatcher - Checking match of request : '/jquery/jquery-2.1.3.js'; against '/webjars/**'
649032 [http-nio-8080-exec-9] DEBUG o.s.s.w.u.matcher.OrRequestMatcher - Trying to match using Ant [pattern='/error']
649032 [http-nio-8080-exec-1] DEBUG o.s.s.w.u.m.AntPathRequestMatcher - Checking match of request : '/bootstrap/js/bootstrap.js'; against '/**/favicon.ico'
649032 [http-nio-8080-exec-10] DEBUG o.s.s.w.u.matcher.OrRequestMatcher - Trying to match using Ant [pattern='/**/favicon.ico']
649032 [http-nio-8080-exec-9] DEBUG o.s.s.w.u.m.AntPathRequestMatcher - Checking match of request : '/bootstrap/css/bootstrap.css'; against '/error'
649032 [http-nio-8080-exec-1] DEBUG o.s.s.w.u.matcher.OrRequestMatcher - Trying to match using Ant [pattern='/error']
649032 [http-nio-8080-exec-10] DEBUG o.s.s.w.u.m.AntPathRequestMatcher - Checking match of request : '/jquery/jquery-2.1.3.js'; against '/**/favicon.ico'
649032 [http-nio-8080-exec-9] DEBUG o.s.s.w.u.matcher.OrRequestMatcher - No matches found
649032 [http-nio-8080-exec-10] DEBUG o.s.s.w.u.matcher.OrRequestMatcher - Trying to match using Ant [pattern='/error']
649032 [http-nio-8080-exec-1] DEBUG o.s.s.w.u.m.AntPathRequestMatcher - Checking match of request : '/bootstrap/js/bootstrap.js'; against '/error'
649032 [http-nio-8080-exec-10] DEBUG o.s.s.w.u.m.AntPathRequestMatcher - Checking match of request : '/jquery/jquery-2.1.3.js'; against '/error'
649032 [http-nio-8080-exec-1] DEBUG o.s.s.w.u.matcher.OrRequestMatcher - No matches found
649032 [http-nio-8080-exec-10] DEBUG o.s.s.w.u.matcher.OrRequestMatcher - No matches found
649032 [http-nio-8080-exec-1] DEBUG o.s.security.web.FilterChainProxy - /bootstrap/js/bootstrap.js at position 1 of 12 in additional filter chain; firing Filter: 'WebAsyncManagerIntegrationFilter'
649032 [http-nio-8080-exec-10] DEBUG o.s.security.web.FilterChainProxy - /jquery/jquery-2.1.3.js at position 1 of 12 in additional filter chain; firing Filter: 'WebAsyncManagerIntegrationFilter'
649032 [http-nio-8080-exec-10] DEBUG o.s.security.web.FilterChainProxy - /jquery/jquery-2.1.3.js at position 2 of 12 in additional filter chain; firing Filter: 'SecurityContextPersistenceFilter'
649032 [http-nio-8080-exec-9] DEBUG o.s.security.web.FilterChainProxy - /bootstrap/css/bootstrap.css at position 1 of 12 in additional filter chain; firing Filter: 'WebAsyncManagerIntegrationFilter'
649032 [http-nio-8080-exec-10] DEBUG o.s.s.w.c.HttpSessionSecurityContextRepository - HttpSession returned null object for SPRING_SECURITY_CONTEXT
649032 [http-nio-8080-exec-1] DEBUG o.s.security.web.FilterChainProxy - /bootstrap/js/bootstrap.js at position 2 of 12 in additional filter chain; firing Filter: 'SecurityContextPersistenceFilter'
649032 [http-nio-8080-exec-9] DEBUG o.s.security.web.FilterChainProxy - /bootstrap/css/bootstrap.css at position 2 of 12 in additional filter chain; firing Filter: 'SecurityContextPersistenceFilter'
649032 [http-nio-8080-exec-1] DEBUG o.s.s.w.c.HttpSessionSecurityContextRepository - HttpSession returned null object for SPRING_SECURITY_CONTEXT
649032 [http-nio-8080-exec-10] DEBUG o.s.s.w.c.HttpSessionSecurityContextRepository - No SecurityContext was available from the HttpSession: org.apache.catalina.session.StandardSessionFacade@189a0072. A new one will be created.
649032 [http-nio-8080-exec-9] DEBUG o.s.s.w.c.HttpSessionSecurityContextRepository - HttpSession returned null object for SPRING_SECURITY_CONTEXT
649032 [http-nio-8080-exec-1] DEBUG o.s.s.w.c.HttpSessionSecurityContextRepository - No SecurityContext was available from the HttpSession: org.apache.catalina.session.StandardSessionFacade@189a0072. A new one will be created.
649032 [http-nio-8080-exec-10] DEBUG o.s.security.web.FilterChainProxy - /jquery/jquery-2.1.3.js at position 3 of 12 in additional filter chain; firing Filter: 'HeaderWriterFilter'
649032 [http-nio-8080-exec-1] DEBUG o.s.security.web.FilterChainProxy - /bootstrap/js/bootstrap.js at position 3 of 12 in additional filter chain; firing Filter: 'HeaderWriterFilter'
649032 [http-nio-8080-exec-9] DEBUG o.s.s.w.c.HttpSessionSecurityContextRepository - No SecurityContext was available from the HttpSession: org.apache.catalina.session.StandardSessionFacade@189a0072. A new one will be created.
649032 [http-nio-8080-exec-1] DEBUG o.s.s.w.h.writers.HstsHeaderWriter - Not injecting HSTS header since it did not match the requestMatcher org.springframework.security.web.header.writers.HstsHeaderWriter$SecureRequestMatcher@1ca597b9
649032 [http-nio-8080-exec-9] DEBUG o.s.security.web.FilterChainProxy - /bootstrap/css/bootstrap.css at position 3 of 12 in additional filter chain; firing Filter: 'HeaderWriterFilter'
649032 [http-nio-8080-exec-10] DEBUG o.s.s.w.h.writers.HstsHeaderWriter - Not injecting HSTS header since it did not match the requestMatcher org.springframework.security.web.header.writers.HstsHeaderWriter$SecureRequestMatcher@1ca597b9
649032 [http-nio-8080-exec-1] DEBUG o.s.security.web.FilterChainProxy - /bootstrap/js/bootstrap.js at position 4 of 12 in additional filter chain; firing Filter: 'CsrfFilter'
649032 [http-nio-8080-exec-10] DEBUG o.s.security.web.FilterChainProxy - /jquery/jquery-2.1.3.js at position 4 of 12 in additional filter chain; firing Filter: 'CsrfFilter'
649032 [http-nio-8080-exec-9] DEBUG o.s.s.w.h.writers.HstsHeaderWriter - Not injecting HSTS header since it did not match the requestMatcher org.springframework.security.web.header.writers.HstsHeaderWriter$SecureRequestMatcher@1ca597b9
649032 [http-nio-8080-exec-1] DEBUG o.s.security.web.FilterChainProxy - /bootstrap/js/bootstrap.js at position 5 of 12 in additional filter chain; firing Filter: 'LogoutFilter'
649032 [http-nio-8080-exec-9] DEBUG o.s.security.web.FilterChainProxy - /bootstrap/css/bootstrap.css at position 4 of 12 in additional filter chain; firing Filter: 'CsrfFilter'
649032 [http-nio-8080-exec-1] DEBUG o.s.s.w.u.m.AntPathRequestMatcher - Request 'GET /bootstrap/js/bootstrap.js' doesn't match 'POST /logout
649032 [http-nio-8080-exec-10] DEBUG o.s.security.web.FilterChainProxy - /jquery/jquery-2.1.3.js at position 5 of 12 in additional filter chain; firing Filter: 'LogoutFilter'
649032 [http-nio-8080-exec-9] DEBUG o.s.security.web.FilterChainProxy - /bootstrap/css/bootstrap.css at position 5 of 12 in additional filter chain; firing Filter: 'LogoutFilter'
649033 [http-nio-8080-exec-1] DEBUG o.s.security.web.FilterChainProxy - /bootstrap/js/bootstrap.js at position 6 of 12 in additional filter chain; firing Filter: 'UsernamePasswordAuthenticationFilter'
649033 [http-nio-8080-exec-10] DEBUG o.s.s.w.u.m.AntPathRequestMatcher - Request 'GET /jquery/jquery-2.1.3.js' doesn't match 'POST /logout
649033 [http-nio-8080-exec-9] DEBUG o.s.s.w.u.m.AntPathRequestMatcher - Request 'GET /bootstrap/css/bootstrap.css' doesn't match 'POST /logout
649033 [http-nio-8080-exec-1] DEBUG o.s.s.w.u.m.AntPathRequestMatcher - Request 'GET /bootstrap/js/bootstrap.js' doesn't match 'POST /login
649033 [http-nio-8080-exec-10] DEBUG o.s.security.web.FilterChainProxy - /jquery/jquery-2.1.3.js at position 6 of 12 in additional filter chain; firing Filter: 'UsernamePasswordAuthenticationFilter'
649033 [http-nio-8080-exec-1] DEBUG o.s.security.web.FilterChainProxy - /bootstrap/js/bootstrap.js at position 7 of 12 in additional filter chain; firing Filter: 'RequestCacheAwareFilter'
649033 [http-nio-8080-exec-9] DEBUG o.s.security.web.FilterChainProxy - /bootstrap/css/bootstrap.css at position 6 of 12 in additional filter chain; firing Filter: 'UsernamePasswordAuthenticationFilter'
649033 [http-nio-8080-exec-10] DEBUG o.s.s.w.u.m.AntPathRequestMatcher - Request 'GET /jquery/jquery-2.1.3.js' doesn't match 'POST /login
649033 [http-nio-8080-exec-1] DEBUG o.s.s.w.s.DefaultSavedRequest - pathInfo: both null (property equals)
649033 [http-nio-8080-exec-9] DEBUG o.s.s.w.u.m.AntPathRequestMatcher - Request 'GET /bootstrap/css/bootstrap.css' doesn't match 'POST /login
649033 [http-nio-8080-exec-10] DEBUG o.s.security.web.FilterChainProxy - /jquery/jquery-2.1.3.js at position 7 of 12 in additional filter chain; firing Filter: 'RequestCacheAwareFilter'
649033 [http-nio-8080-exec-9] DEBUG o.s.security.web.FilterChainProxy - /bootstrap/css/bootstrap.css at position 7 of 12 in additional filter chain; firing Filter: 'RequestCacheAwareFilter'
649033 [http-nio-8080-exec-10] DEBUG o.s.s.w.s.DefaultSavedRequest - pathInfo: both null (property equals)
649033 [http-nio-8080-exec-1] DEBUG o.s.s.w.s.DefaultSavedRequest - queryString: both null (property equals)
649033 [http-nio-8080-exec-9] DEBUG o.s.s.w.s.DefaultSavedRequest - pathInfo: both null (property equals)
649033 [http-nio-8080-exec-9] DEBUG o.s.s.w.s.DefaultSavedRequest - queryString: both null (property equals)
649033 [http-nio-8080-exec-10] DEBUG o.s.s.w.s.DefaultSavedRequest - queryString: both null (property equals)
649033 [http-nio-8080-exec-1] DEBUG o.s.s.w.s.DefaultSavedRequest - requestURI: arg1=/index; arg2=/bootstrap/js/bootstrap.js (property not equals)
649033 [http-nio-8080-exec-9] DEBUG o.s.s.w.s.DefaultSavedRequest - requestURI: arg1=/index; arg2=/bootstrap/css/bootstrap.css (property not equals)
649033 [http-nio-8080-exec-10] DEBUG o.s.s.w.s.DefaultSavedRequest - requestURI: arg1=/index; arg2=/jquery/jquery-2.1.3.js (property not equals)
649033 [http-nio-8080-exec-1] DEBUG o.s.s.w.s.HttpSessionRequestCache - saved request doesn't match
649033 [http-nio-8080-exec-9] DEBUG o.s.s.w.s.HttpSessionRequestCache - saved request doesn't match
649033 [http-nio-8080-exec-1] DEBUG o.s.security.web.FilterChainProxy - /bootstrap/js/bootstrap.js at position 8 of 12 in additional filter chain; firing Filter: 'SecurityContextHolderAwareRequestFilter'
649033 [http-nio-8080-exec-10] DEBUG o.s.s.w.s.HttpSessionRequestCache - saved request doesn't match
649033 [http-nio-8080-exec-9] DEBUG o.s.security.web.FilterChainProxy - /bootstrap/css/bootstrap.css at position 8 of 12 in additional filter chain; firing Filter: 'SecurityContextHolderAwareRequestFilter'
649033 [http-nio-8080-exec-10] DEBUG o.s.security.web.FilterChainProxy - /jquery/jquery-2.1.3.js at position 8 of 12 in additional filter chain; firing Filter: 'SecurityContextHolderAwareRequestFilter'
649033 [http-nio-8080-exec-9] DEBUG o.s.security.web.FilterChainProxy - /bootstrap/css/bootstrap.css at position 9 of 12 in additional filter chain; firing Filter: 'AnonymousAuthenticationFilter'
649033 [http-nio-8080-exec-1] DEBUG o.s.security.web.FilterChainProxy - /bootstrap/js/bootstrap.js at position 9 of 12 in additional filter chain; firing Filter: 'AnonymousAuthenticationFilter'
649033 [http-nio-8080-exec-10] DEBUG o.s.security.web.FilterChainProxy - /jquery/jquery-2.1.3.js at position 9 of 12 in additional filter chain; firing Filter: 'AnonymousAuthenticationFilter'
649033 [http-nio-8080-exec-9] DEBUG o.s.s.w.a.AnonymousAuthenticationFilter - Populated SecurityContextHolder with anonymous token: 'org.springframework.security.authentication.AnonymousAuthenticationToken@6faeba70: Principal: anonymousUser; Credentials: [PROTECTED]; Authenticated: true; Details: org.springframework.security.web.authentication.WebAuthenticationDetails@fffbcba8: RemoteIpAddress: 0:0:0:0:0:0:0:1; SessionId: 3804353C2C2C151F407CA4B277564A11; Granted Authorities: ROLE_ANONYMOUS'
649033 [http-nio-8080-exec-1] DEBUG o.s.s.w.a.AnonymousAuthenticationFilter - Populated SecurityContextHolder with anonymous token: 'org.springframework.security.authentication.AnonymousAuthenticationToken@6faeba70: Principal: anonymousUser; Credentials: [PROTECTED]; Authenticated: true; Details: org.springframework.security.web.authentication.WebAuthenticationDetails@fffbcba8: RemoteIpAddress: 0:0:0:0:0:0:0:1; SessionId: 3804353C2C2C151F407CA4B277564A11; Granted Authorities: ROLE_ANONYMOUS'
649033 [http-nio-8080-exec-10] DEBUG o.s.s.w.a.AnonymousAuthenticationFilter - Populated SecurityContextHolder with anonymous token: 'org.springframework.security.authentication.AnonymousAuthenticationToken@6faeba70: Principal: anonymousUser; Credentials: [PROTECTED]; Authenticated: true; Details: org.springframework.security.web.authentication.WebAuthenticationDetails@fffbcba8: RemoteIpAddress: 0:0:0:0:0:0:0:1; SessionId: 3804353C2C2C151F407CA4B277564A11; Granted Authorities: ROLE_ANONYMOUS'
649034 [http-nio-8080-exec-9] DEBUG o.s.security.web.FilterChainProxy - /bootstrap/css/bootstrap.css at position 10 of 12 in additional filter chain; firing Filter: 'SessionManagementFilter'
649034 [http-nio-8080-exec-1] DEBUG o.s.security.web.FilterChainProxy - /bootstrap/js/bootstrap.js at position 10 of 12 in additional filter chain; firing Filter: 'SessionManagementFilter'
649034 [http-nio-8080-exec-10] DEBUG o.s.security.web.FilterChainProxy - /jquery/jquery-2.1.3.js at position 10 of 12 in additional filter chain; firing Filter: 'SessionManagementFilter'
649034 [http-nio-8080-exec-1] DEBUG o.s.security.web.FilterChainProxy - /bootstrap/js/bootstrap.js at position 11 of 12 in additional filter chain; firing Filter: 'ExceptionTranslationFilter'
649034 [http-nio-8080-exec-9] DEBUG o.s.security.web.FilterChainProxy - /bootstrap/css/bootstrap.css at position 11 of 12 in additional filter chain; firing Filter: 'ExceptionTranslationFilter'
649034 [http-nio-8080-exec-1] DEBUG o.s.security.web.FilterChainProxy - /bootstrap/js/bootstrap.js at position 12 of 12 in additional filter chain; firing Filter: 'FilterSecurityInterceptor'
649034 [http-nio-8080-exec-10] DEBUG o.s.security.web.FilterChainProxy - /jquery/jquery-2.1.3.js at position 11 of 12 in additional filter chain; firing Filter: 'ExceptionTranslationFilter'
649034 [http-nio-8080-exec-9] DEBUG o.s.security.web.FilterChainProxy - /bootstrap/css/bootstrap.css at position 12 of 12 in additional filter chain; firing Filter: 'FilterSecurityInterceptor'
649034 [http-nio-8080-exec-10] DEBUG o.s.security.web.FilterChainProxy - /jquery/jquery-2.1.3.js at position 12 of 12 in additional filter chain; firing Filter: 'FilterSecurityInterceptor'
649034 [http-nio-8080-exec-1] DEBUG o.s.s.w.u.m.AntPathRequestMatcher - Request 'GET /bootstrap/js/bootstrap.js' doesn't match 'POST /logout
649034 [http-nio-8080-exec-10] DEBUG o.s.s.w.u.m.AntPathRequestMatcher - Request 'GET /jquery/jquery-2.1.3.js' doesn't match 'POST /logout
649034 [http-nio-8080-exec-9] DEBUG o.s.s.w.u.m.AntPathRequestMatcher - Request 'GET /bootstrap/css/bootstrap.css' doesn't match 'POST /logout
649034 [http-nio-8080-exec-1] DEBUG o.s.s.w.u.m.AntPathRequestMatcher - Checking match of request : '/bootstrap/js/bootstrap.js'; against '/bootstrap/**'
649034 [http-nio-8080-exec-1] DEBUG o.s.s.w.a.i.FilterSecurityInterceptor - Secure object: FilterInvocation: URL: /bootstrap/js/bootstrap.js; Attributes: [permitAll]
649034 [http-nio-8080-exec-10] DEBUG o.s.s.w.u.m.AntPathRequestMatcher - Checking match of request : '/jquery/jquery-2.1.3.js'; against '/bootstrap/**'
649034 [http-nio-8080-exec-9] DEBUG o.s.s.w.u.m.AntPathRequestMatcher - Checking match of request : '/bootstrap/css/bootstrap.css'; against '/bootstrap/**'
649034 [http-nio-8080-exec-1] DEBUG o.s.s.w.a.i.FilterSecurityInterceptor - Previously Authenticated: org.springframework.security.authentication.AnonymousAuthenticationToken@6faeba70: Principal: anonymousUser; Credentials: [PROTECTED]; Authenticated: true; Details: org.springframework.security.web.authentication.WebAuthenticationDetails@fffbcba8: RemoteIpAddress: 0:0:0:0:0:0:0:1; SessionId: 3804353C2C2C151F407CA4B277564A11; Granted Authorities: ROLE_ANONYMOUS
649034 [http-nio-8080-exec-10] DEBUG o.s.s.w.u.m.AntPathRequestMatcher - Checking match of request : '/jquery/jquery-2.1.3.js'; against '/error/**'
649034 [http-nio-8080-exec-9] DEBUG o.s.s.w.a.i.FilterSecurityInterceptor - Secure object: FilterInvocation: URL: /bootstrap/css/bootstrap.css; Attributes: [permitAll]
649034 [http-nio-8080-exec-9] DEBUG o.s.s.w.a.i.FilterSecurityInterceptor - Previously Authenticated: org.springframework.security.authentication.AnonymousAuthenticationToken@6faeba70: Principal: anonymousUser; Credentials: [PROTECTED]; Authenticated: true; Details: org.springframework.security.web.authentication.WebAuthenticationDetails@fffbcba8: RemoteIpAddress: 0:0:0:0:0:0:0:1; SessionId: 3804353C2C2C151F407CA4B277564A11; Granted Authorities: ROLE_ANONYMOUS
649034 [http-nio-8080-exec-10] DEBUG o.s.s.w.u.m.AntPathRequestMatcher - Checking match of request : '/jquery/jquery-2.1.3.js'; against '/img/**'
649034 [http-nio-8080-exec-10] DEBUG o.s.s.w.u.m.AntPathRequestMatcher - Checking match of request : '/jquery/jquery-2.1.3.js'; against '/jquery/**'
649034 [http-nio-8080-exec-10] DEBUG o.s.s.w.a.i.FilterSecurityInterceptor - Secure object: FilterInvocation: URL: /jquery/jquery-2.1.3.js; Attributes: [permitAll]
649034 [http-nio-8080-exec-9] DEBUG o.s.s.access.vote.AffirmativeBased - Voter: org.springframework.security.web.access.expression.WebExpressionVoter@59a70a49, returned: 1
649034 [http-nio-8080-exec-1] DEBUG o.s.s.access.vote.AffirmativeBased - Voter: org.springframework.security.web.access.expression.WebExpressionVoter@59a70a49, returned: 1
649034 [http-nio-8080-exec-10] DEBUG o.s.s.w.a.i.FilterSecurityInterceptor - Previously Authenticated: org.springframework.security.authentication.AnonymousAuthenticationToken@6faeba70: Principal: anonymousUser; Credentials: [PROTECTED]; Authenticated: true; Details: org.springframework.security.web.authentication.WebAuthenticationDetails@fffbcba8: RemoteIpAddress: 0:0:0:0:0:0:0:1; SessionId: 3804353C2C2C151F407CA4B277564A11; Granted Authorities: ROLE_ANONYMOUS
649034 [http-nio-8080-exec-9] DEBUG o.s.s.w.a.i.FilterSecurityInterceptor - Authorization successful
649034 [http-nio-8080-exec-1] DEBUG o.s.s.w.a.i.FilterSecurityInterceptor - Authorization successful
649034 [http-nio-8080-exec-9] DEBUG o.s.s.w.a.i.FilterSecurityInterceptor - RunAsManager did not change Authentication object
649034 [http-nio-8080-exec-1] DEBUG o.s.s.w.a.i.FilterSecurityInterceptor - RunAsManager did not change Authentication object
649034 [http-nio-8080-exec-9] DEBUG o.s.security.web.FilterChainProxy - /bootstrap/css/bootstrap.css reached end of additional filter chain; proceeding with original chain
649034 [http-nio-8080-exec-1] DEBUG o.s.security.web.FilterChainProxy - /bootstrap/js/bootstrap.js reached end of additional filter chain; proceeding with original chain
649034 [http-nio-8080-exec-10] DEBUG o.s.s.access.vote.AffirmativeBased - Voter: org.springframework.security.web.access.expression.WebExpressionVoter@59a70a49, returned: 1
649034 [http-nio-8080-exec-10] DEBUG o.s.s.w.a.i.FilterSecurityInterceptor - Authorization successful
649034 [http-nio-8080-exec-10] DEBUG o.s.s.w.a.i.FilterSecurityInterceptor - RunAsManager did not change Authentication object
649034 [http-nio-8080-exec-10] DEBUG o.s.security.web.FilterChainProxy - /jquery/jquery-2.1.3.js reached end of additional filter chain; proceeding with original chain
649036 [http-nio-8080-exec-1] DEBUG o.s.s.w.c.HttpSessionSecurityContextRepository - SecurityContext is empty or contents are anonymous - context will not be stored in HttpSession.
649036 [http-nio-8080-exec-9] DEBUG o.s.s.w.c.HttpSessionSecurityContextRepository - SecurityContext is empty or contents are anonymous - context will not be stored in HttpSession.
649036 [http-nio-8080-exec-10] DEBUG o.s.s.w.c.HttpSessionSecurityContextRepository - SecurityContext is empty or contents are anonymous - context will not be stored in HttpSession.
649037 [http-nio-8080-exec-1] DEBUG o.s.s.w.a.ExceptionTranslationFilter - Chain processed normally
649037 [http-nio-8080-exec-1] DEBUG o.s.s.w.c.SecurityContextPersistenceFilter - SecurityContextHolder now cleared, as request processing completed
649038 [http-nio-8080-exec-9] DEBUG o.s.s.w.a.ExceptionTranslationFilter - Chain processed normally
649038 [http-nio-8080-exec-9] DEBUG o.s.s.w.c.SecurityContextPersistenceFilter - SecurityContextHolder now cleared, as request processing completed
649040 [http-nio-8080-exec-10] DEBUG o.s.s.w.a.ExceptionTranslationFilter - Chain processed normally
649040 [http-nio-8080-exec-10] DEBUG o.s.s.w.c.SecurityContextPersistenceFilter - SecurityContextHolder now cleared, as request processing completed
654936 [http-nio-8080-exec-4] DEBUG o.s.s.w.u.matcher.OrRequestMatcher - Trying to match using Ant [pattern='/css/**']
654936 [http-nio-8080-exec-4] DEBUG o.s.s.w.u.m.AntPathRequestMatcher - Checking match of request : '/index.html'; against '/css/**'
654936 [http-nio-8080-exec-4] DEBUG o.s.s.w.u.matcher.OrRequestMatcher - Trying to match using Ant [pattern='/js/**']
654936 [http-nio-8080-exec-4] DEBUG o.s.s.w.u.m.AntPathRequestMatcher - Checking match of request : '/index.html'; against '/js/**'
654936 [http-nio-8080-exec-4] DEBUG o.s.s.w.u.matcher.OrRequestMatcher - Trying to match using Ant [pattern='/images/**']
654936 [http-nio-8080-exec-4] DEBUG o.s.s.w.u.m.AntPathRequestMatcher - Checking match of request : '/index.html'; against '/images/**'
654936 [http-nio-8080-exec-4] DEBUG o.s.s.w.u.matcher.OrRequestMatcher - Trying to match using Ant [pattern='/webjars/**']
654936 [http-nio-8080-exec-4] DEBUG o.s.s.w.u.m.AntPathRequestMatcher - Checking match of request : '/index.html'; against '/webjars/**'
654936 [http-nio-8080-exec-4] DEBUG o.s.s.w.u.matcher.OrRequestMatcher - Trying to match using Ant [pattern='/**/favicon.ico']
654936 [http-nio-8080-exec-4] DEBUG o.s.s.w.u.m.AntPathRequestMatcher - Checking match of request : '/index.html'; against '/**/favicon.ico'
654936 [http-nio-8080-exec-4] DEBUG o.s.s.w.u.matcher.OrRequestMatcher - Trying to match using Ant [pattern='/error']
654936 [http-nio-8080-exec-4] DEBUG o.s.s.w.u.m.AntPathRequestMatcher - Checking match of request : '/index.html'; against '/error'
654936 [http-nio-8080-exec-4] DEBUG o.s.s.w.u.matcher.OrRequestMatcher - No matches found
654936 [http-nio-8080-exec-4] DEBUG o.s.security.web.FilterChainProxy - /index.html at position 1 of 12 in additional filter chain; firing Filter: 'WebAsyncManagerIntegrationFilter'
654936 [http-nio-8080-exec-4] DEBUG o.s.security.web.FilterChainProxy - /index.html at position 2 of 12 in additional filter chain; firing Filter: 'SecurityContextPersistenceFilter'
654936 [http-nio-8080-exec-4] DEBUG o.s.s.w.c.HttpSessionSecurityContextRepository - HttpSession returned null object for SPRING_SECURITY_CONTEXT
654936 [http-nio-8080-exec-4] DEBUG o.s.s.w.c.HttpSessionSecurityContextRepository - No SecurityContext was available from the HttpSession: org.apache.catalina.session.StandardSessionFacade@189a0072. A new one will be created.
654936 [http-nio-8080-exec-4] DEBUG o.s.security.web.FilterChainProxy - /index.html at position 3 of 12 in additional filter chain; firing Filter: 'HeaderWriterFilter'
654936 [http-nio-8080-exec-4] DEBUG o.s.s.w.h.writers.HstsHeaderWriter - Not injecting HSTS header since it did not match the requestMatcher org.springframework.security.web.header.writers.HstsHeaderWriter$SecureRequestMatcher@1ca597b9
654936 [http-nio-8080-exec-4] DEBUG o.s.security.web.FilterChainProxy - /index.html at position 4 of 12 in additional filter chain; firing Filter: 'CsrfFilter'
654936 [http-nio-8080-exec-4] DEBUG o.s.security.web.FilterChainProxy - /index.html at position 5 of 12 in additional filter chain; firing Filter: 'LogoutFilter'
654936 [http-nio-8080-exec-4] DEBUG o.s.s.w.u.m.AntPathRequestMatcher - Request 'GET /index.html' doesn't match 'POST /logout
654936 [http-nio-8080-exec-4] DEBUG o.s.security.web.FilterChainProxy - /index.html at position 6 of 12 in additional filter chain; firing Filter: 'UsernamePasswordAuthenticationFilter'
654936 [http-nio-8080-exec-4] DEBUG o.s.s.w.u.m.AntPathRequestMatcher - Request 'GET /index.html' doesn't match 'POST /login
654936 [http-nio-8080-exec-4] DEBUG o.s.security.web.FilterChainProxy - /index.html at position 7 of 12 in additional filter chain; firing Filter: 'RequestCacheAwareFilter'
654936 [http-nio-8080-exec-4] DEBUG o.s.s.w.s.DefaultSavedRequest - pathInfo: both null (property equals)
654936 [http-nio-8080-exec-4] DEBUG o.s.s.w.s.DefaultSavedRequest - queryString: both null (property equals)
654941 [http-nio-8080-exec-4] DEBUG o.s.s.w.s.DefaultSavedRequest - requestURI: arg1=/index; arg2=/index.html (property not equals)
654941 [http-nio-8080-exec-4] DEBUG o.s.s.w.s.HttpSessionRequestCache - saved request doesn't match
654941 [http-nio-8080-exec-4] DEBUG o.s.security.web.FilterChainProxy - /index.html at position 8 of 12 in additional filter chain; firing Filter: 'SecurityContextHolderAwareRequestFilter'
654941 [http-nio-8080-exec-4] DEBUG o.s.security.web.FilterChainProxy - /index.html at position 9 of 12 in additional filter chain; firing Filter: 'AnonymousAuthenticationFilter'
654941 [http-nio-8080-exec-4] DEBUG o.s.s.w.a.AnonymousAuthenticationFilter - Populated SecurityContextHolder with anonymous token: 'org.springframework.security.authentication.AnonymousAuthenticationToken@6faeba70: Principal: anonymousUser; Credentials: [PROTECTED]; Authenticated: true; Details: org.springframework.security.web.authentication.WebAuthenticationDetails@fffbcba8: RemoteIpAddress: 0:0:0:0:0:0:0:1; SessionId: 3804353C2C2C151F407CA4B277564A11; Granted Authorities: ROLE_ANONYMOUS'
654941 [http-nio-8080-exec-4] DEBUG o.s.security.web.FilterChainProxy - /index.html at position 10 of 12 in additional filter chain; firing Filter: 'SessionManagementFilter'
654941 [http-nio-8080-exec-4] DEBUG o.s.security.web.FilterChainProxy - /index.html at position 11 of 12 in additional filter chain; firing Filter: 'ExceptionTranslationFilter'
654941 [http-nio-8080-exec-4] DEBUG o.s.security.web.FilterChainProxy - /index.html at position 12 of 12 in additional filter chain; firing Filter: 'FilterSecurityInterceptor'
654941 [http-nio-8080-exec-4] DEBUG o.s.s.w.u.m.AntPathRequestMatcher - Request 'GET /index.html' doesn't match 'POST /logout
654941 [http-nio-8080-exec-4] DEBUG o.s.s.w.u.m.AntPathRequestMatcher - Checking match of request : '/index.html'; against '/bootstrap/**'
654941 [http-nio-8080-exec-4] DEBUG o.s.s.w.u.m.AntPathRequestMatcher - Checking match of request : '/index.html'; against '/error/**'
654941 [http-nio-8080-exec-4] DEBUG o.s.s.w.u.m.AntPathRequestMatcher - Checking match of request : '/index.html'; against '/img/**'
654941 [http-nio-8080-exec-4] DEBUG o.s.s.w.u.m.AntPathRequestMatcher - Checking match of request : '/index.html'; against '/jquery/**'
654941 [http-nio-8080-exec-4] DEBUG o.s.s.w.u.m.AntPathRequestMatcher - Checking match of request : '/index.html'; against '/temp'
654941 [http-nio-8080-exec-4] DEBUG o.s.s.w.u.m.AntPathRequestMatcher - Checking match of request : '/index.html'; against '/temp.ftl'
654941 [http-nio-8080-exec-4] DEBUG o.s.s.w.a.i.FilterSecurityInterceptor - Secure object: FilterInvocation: URL: /index.html; Attributes: [authenticated]
654941 [http-nio-8080-exec-4] DEBUG o.s.s.w.a.i.FilterSecurityInterceptor - Previously Authenticated: org.springframework.security.authentication.AnonymousAuthenticationToken@6faeba70: Principal: anonymousUser; Credentials: [PROTECTED]; Authenticated: true; Details: org.springframework.security.web.authentication.WebAuthenticationDetails@fffbcba8: RemoteIpAddress: 0:0:0:0:0:0:0:1; SessionId: 3804353C2C2C151F407CA4B277564A11; Granted Authorities: ROLE_ANONYMOUS
654941 [http-nio-8080-exec-4] DEBUG o.s.s.access.vote.AffirmativeBased - Voter: org.springframework.security.web.access.expression.WebExpressionVoter@59a70a49, returned: -1
654942 [http-nio-8080-exec-4] DEBUG o.s.s.w.a.ExceptionTranslationFilter - Access is denied (user is anonymous); redirecting to authentication entry point
org.springframework.security.access.AccessDeniedException: Access is denied
	at org.springframework.security.access.vote.AffirmativeBased.decide(AffirmativeBased.java:84)
	at org.springframework.security.access.intercept.AbstractSecurityInterceptor.beforeInvocation(AbstractSecurityInterceptor.java:233)
	at org.springframework.security.web.access.intercept.FilterSecurityInterceptor.invoke(FilterSecurityInterceptor.java:124)
	at org.springframework.security.web.access.intercept.FilterSecurityInterceptor.doFilter(FilterSecurityInterceptor.java:91)
	at org.springframework.security.web.FilterChainProxy$VirtualFilterChain.doFilter(FilterChainProxy.java:331)
	at org.springframework.security.web.access.ExceptionTranslationFilter.doFilter(ExceptionTranslationFilter.java:114)
	at org.springframework.security.web.FilterChainProxy$VirtualFilterChain.doFilter(FilterChainProxy.java:331)
	at org.springframework.security.web.session.SessionManagementFilter.doFilter(SessionManagementFilter.java:137)
	at org.springframework.security.web.FilterChainProxy$VirtualFilterChain.doFilter(FilterChainProxy.java:331)
	at org.springframework.security.web.authentication.AnonymousAuthenticationFilter.doFilter(AnonymousAuthenticationFilter.java:111)
	at org.springframework.security.web.FilterChainProxy$VirtualFilterChain.doFilter(FilterChainProxy.java:331)
	at org.springframework.security.web.servletapi.SecurityContextHolderAwareRequestFilter.doFilter(SecurityContextHolderAwareRequestFilter.java:170)
	at org.springframework.security.web.FilterChainProxy$VirtualFilterChain.doFilter(FilterChainProxy.java:331)
	at org.springframework.security.web.savedrequest.RequestCacheAwareFilter.doFilter(RequestCacheAwareFilter.java:63)
	at org.springframework.security.web.FilterChainProxy$VirtualFilterChain.doFilter(FilterChainProxy.java:331)
	at org.springframework.security.web.authentication.AbstractAuthenticationProcessingFilter.doFilter(AbstractAuthenticationProcessingFilter.java:200)
	at org.springframework.security.web.FilterChainProxy$VirtualFilterChain.doFilter(FilterChainProxy.java:331)
	at org.springframework.security.web.authentication.logout.LogoutFilter.doFilter(LogoutFilter.java:116)
	at org.springframework.security.web.FilterChainProxy$VirtualFilterChain.doFilter(FilterChainProxy.java:331)
	at org.springframework.security.web.csrf.CsrfFilter.doFilterInternal(CsrfFilter.java:100)
	at org.springframework.web.filter.OncePerRequestFilter.doFilter(OncePerRequestFilter.java:107)
	at org.springframework.security.web.FilterChainProxy$VirtualFilterChain.doFilter(FilterChainProxy.java:331)
	at org.springframework.security.web.header.HeaderWriterFilter.doFilterInternal(HeaderWriterFilter.java:64)
	at org.springframework.web.filter.OncePerRequestFilter.doFilter(OncePerRequestFilter.java:107)
	at org.springframework.security.web.FilterChainProxy$VirtualFilterChain.doFilter(FilterChainProxy.java:331)
	at org.springframework.security.web.context.SecurityContextPersistenceFilter.doFilter(SecurityContextPersistenceFilter.java:105)
	at org.springframework.security.web.FilterChainProxy$VirtualFilterChain.doFilter(FilterChainProxy.java:331)
	at org.springframework.security.web.context.request.async.WebAsyncManagerIntegrationFilter.doFilterInternal(WebAsyncManagerIntegrationFilter.java:56)
	at org.springframework.web.filter.OncePerRequestFilter.doFilter(OncePerRequestFilter.java:107)
	at org.springframework.security.web.FilterChainProxy$VirtualFilterChain.doFilter(FilterChainProxy.java:331)
	at org.springframework.security.web.FilterChainProxy.doFilterInternal(FilterChainProxy.java:214)
	at org.springframework.security.web.FilterChainProxy.doFilter(FilterChainProxy.java:177)
	at org.springframework.web.filter.DelegatingFilterProxy.invokeDelegate(DelegatingFilterProxy.java:347)
	at org.springframework.web.filter.DelegatingFilterProxy.doFilter(DelegatingFilterProxy.java:263)
	at org.apache.catalina.core.ApplicationFilterChain.internalDoFilter(ApplicationFilterChain.java:193)
	at org.apache.catalina.core.ApplicationFilterChain.doFilter(ApplicationFilterChain.java:166)
	at org.springframework.web.filter.RequestContextFilter.doFilterInternal(RequestContextFilter.java:99)
	at org.springframework.web.filter.OncePerRequestFilter.doFilter(OncePerRequestFilter.java:107)
	at org.apache.catalina.core.ApplicationFilterChain.internalDoFilter(ApplicationFilterChain.java:193)
	at org.apache.catalina.core.ApplicationFilterChain.doFilter(ApplicationFilterChain.java:166)
	at org.springframework.web.filter.HttpPutFormContentFilter.doFilterInternal(HttpPutFormContentFilter.java:108)
	at org.springframework.web.filter.OncePerRequestFilter.doFilter(OncePerRequestFilter.java:107)
	at org.apache.catalina.core.ApplicationFilterChain.internalDoFilter(ApplicationFilterChain.java:193)
	at org.apache.catalina.core.ApplicationFilterChain.doFilter(ApplicationFilterChain.java:166)
	at org.springframework.web.filter.HiddenHttpMethodFilter.doFilterInternal(HiddenHttpMethodFilter.java:81)
	at org.springframework.web.filter.OncePerRequestFilter.doFilter(OncePerRequestFilter.java:107)
	at org.apache.catalina.core.ApplicationFilterChain.internalDoFilter(ApplicationFilterChain.java:193)
	at org.apache.catalina.core.ApplicationFilterChain.doFilter(ApplicationFilterChain.java:166)
	at org.springframework.web.filter.CharacterEncodingFilter.doFilterInternal(CharacterEncodingFilter.java:197)
	at org.springframework.web.filter.OncePerRequestFilter.doFilter(OncePerRequestFilter.java:107)
	at org.apache.catalina.core.ApplicationFilterChain.internalDoFilter(ApplicationFilterChain.java:193)
	at org.apache.catalina.core.ApplicationFilterChain.doFilter(ApplicationFilterChain.java:166)
	at org.apache.catalina.core.StandardWrapperValve.invoke(StandardWrapperValve.java:199)
	at org.apache.catalina.core.StandardContextValve.invoke(StandardContextValve.java:96)
	at org.apache.catalina.authenticator.AuthenticatorBase.invoke(AuthenticatorBase.java:478)
	at org.apache.catalina.core.StandardHostValve.invoke(StandardHostValve.java:140)
	at org.apache.catalina.valves.ErrorReportValve.invoke(ErrorReportValve.java:81)
	at org.apache.catalina.core.StandardEngineValve.invoke(StandardEngineValve.java:87)
	at org.apache.catalina.connector.CoyoteAdapter.service(CoyoteAdapter.java:342)
	at org.apache.coyote.http11.Http11Processor.service(Http11Processor.java:803)
	at org.apache.coyote.AbstractProcessorLight.process(AbstractProcessorLight.java:66)
	at org.apache.coyote.AbstractProtocol$ConnectionHandler.process(AbstractProtocol.java:868)
	at org.apache.tomcat.util.net.NioEndpoint$SocketProcessor.doRun(NioEndpoint.java:1459)
	at org.apache.tomcat.util.net.SocketProcessorBase.run(SocketProcessorBase.java:49)
	at java.util.concurrent.ThreadPoolExecutor.runWorker(ThreadPoolExecutor.java:1149)
	at java.util.concurrent.ThreadPoolExecutor$Worker.run(ThreadPoolExecutor.java:624)
	at org.apache.tomcat.util.threads.TaskThread$WrappingRunnable.run(TaskThread.java:61)
	at java.lang.Thread.run(Thread.java:748)
654943 [http-nio-8080-exec-4] DEBUG o.s.s.w.u.matcher.AndRequestMatcher - Trying to match using Ant [pattern='/**', GET]
654943 [http-nio-8080-exec-4] DEBUG o.s.s.w.u.m.AntPathRequestMatcher - Request '/index.html' matched by universal pattern '/**'
654943 [http-nio-8080-exec-4] DEBUG o.s.s.w.u.matcher.AndRequestMatcher - Trying to match using NegatedRequestMatcher [requestMatcher=Ant [pattern='/**/favicon.ico']]
654943 [http-nio-8080-exec-4] DEBUG o.s.s.w.u.m.AntPathRequestMatcher - Checking match of request : '/index.html'; against '/**/favicon.ico'
654943 [http-nio-8080-exec-4] DEBUG o.s.s.w.u.m.NegatedRequestMatcher - matches = true
654943 [http-nio-8080-exec-4] DEBUG o.s.s.w.u.matcher.AndRequestMatcher - Trying to match using NegatedRequestMatcher [requestMatcher=MediaTypeRequestMatcher [contentNegotiationStrategy=org.springframework.web.accept.ContentNegotiationManager@20e51e00, matchingMediaTypes=[application/json], useEquals=false, ignoredMediaTypes=[*/*]]]
654943 [http-nio-8080-exec-4] DEBUG o.s.s.w.u.m.MediaTypeRequestMatcher - httpRequestMediaTypes=[text/html]
654943 [http-nio-8080-exec-4] DEBUG o.s.s.w.u.m.MediaTypeRequestMatcher - Processing text/html
654943 [http-nio-8080-exec-4] DEBUG o.s.s.w.u.m.MediaTypeRequestMatcher - application/json .isCompatibleWith text/html = false
654943 [http-nio-8080-exec-4] DEBUG o.s.s.w.u.m.MediaTypeRequestMatcher - Did not match any media types
654943 [http-nio-8080-exec-4] DEBUG o.s.s.w.u.m.NegatedRequestMatcher - matches = true
654943 [http-nio-8080-exec-4] DEBUG o.s.s.w.u.matcher.AndRequestMatcher - Trying to match using NegatedRequestMatcher [requestMatcher=RequestHeaderRequestMatcher [expectedHeaderName=X-Requested-With, expectedHeaderValue=XMLHttpRequest]]
654943 [http-nio-8080-exec-4] DEBUG o.s.s.w.u.m.NegatedRequestMatcher - matches = true
654943 [http-nio-8080-exec-4] DEBUG o.s.s.w.u.matcher.AndRequestMatcher - All requestMatchers returned true
654943 [http-nio-8080-exec-4] DEBUG o.s.s.w.s.HttpSessionRequestCache - DefaultSavedRequest added to Session: DefaultSavedRequest[http://localhost:8080/index.html]
654943 [http-nio-8080-exec-4] DEBUG o.s.s.w.a.ExceptionTranslationFilter - Calling Authentication entry point.
654943 [http-nio-8080-exec-4] DEBUG o.s.s.web.DefaultRedirectStrategy - Redirecting to 'http://localhost:8080/login'
654943 [http-nio-8080-exec-4] DEBUG o.s.s.w.c.HttpSessionSecurityContextRepository - SecurityContext is empty or contents are anonymous - context will not be stored in HttpSession.
654943 [http-nio-8080-exec-4] DEBUG o.s.s.w.c.SecurityContextPersistenceFilter - SecurityContextHolder now cleared, as request processing completed
654945 [http-nio-8080-exec-6] DEBUG o.s.s.w.u.matcher.OrRequestMatcher - Trying to match using Ant [pattern='/css/**']
654945 [http-nio-8080-exec-6] DEBUG o.s.s.w.u.m.AntPathRequestMatcher - Checking match of request : '/login'; against '/css/**'
654945 [http-nio-8080-exec-6] DEBUG o.s.s.w.u.matcher.OrRequestMatcher - Trying to match using Ant [pattern='/js/**']
654945 [http-nio-8080-exec-6] DEBUG o.s.s.w.u.m.AntPathRequestMatcher - Checking match of request : '/login'; against '/js/**'
654945 [http-nio-8080-exec-6] DEBUG o.s.s.w.u.matcher.OrRequestMatcher - Trying to match using Ant [pattern='/images/**']
654945 [http-nio-8080-exec-6] DEBUG o.s.s.w.u.m.AntPathRequestMatcher - Checking match of request : '/login'; against '/images/**'
654945 [http-nio-8080-exec-6] DEBUG o.s.s.w.u.matcher.OrRequestMatcher - Trying to match using Ant [pattern='/webjars/**']
654945 [http-nio-8080-exec-6] DEBUG o.s.s.w.u.m.AntPathRequestMatcher - Checking match of request : '/login'; against '/webjars/**'
654945 [http-nio-8080-exec-6] DEBUG o.s.s.w.u.matcher.OrRequestMatcher - Trying to match using Ant [pattern='/**/favicon.ico']
654945 [http-nio-8080-exec-6] DEBUG o.s.s.w.u.m.AntPathRequestMatcher - Checking match of request : '/login'; against '/**/favicon.ico'
654945 [http-nio-8080-exec-6] DEBUG o.s.s.w.u.matcher.OrRequestMatcher - Trying to match using Ant [pattern='/error']
654945 [http-nio-8080-exec-6] DEBUG o.s.s.w.u.m.AntPathRequestMatcher - Checking match of request : '/login'; against '/error'
654945 [http-nio-8080-exec-6] DEBUG o.s.s.w.u.matcher.OrRequestMatcher - No matches found
654945 [http-nio-8080-exec-6] DEBUG o.s.security.web.FilterChainProxy - /login at position 1 of 12 in additional filter chain; firing Filter: 'WebAsyncManagerIntegrationFilter'
654945 [http-nio-8080-exec-6] DEBUG o.s.security.web.FilterChainProxy - /login at position 2 of 12 in additional filter chain; firing Filter: 'SecurityContextPersistenceFilter'
654945 [http-nio-8080-exec-6] DEBUG o.s.s.w.c.HttpSessionSecurityContextRepository - HttpSession returned null object for SPRING_SECURITY_CONTEXT
654945 [http-nio-8080-exec-6] DEBUG o.s.s.w.c.HttpSessionSecurityContextRepository - No SecurityContext was available from the HttpSession: org.apache.catalina.session.StandardSessionFacade@189a0072. A new one will be created.
654945 [http-nio-8080-exec-6] DEBUG o.s.security.web.FilterChainProxy - /login at position 3 of 12 in additional filter chain; firing Filter: 'HeaderWriterFilter'
654945 [http-nio-8080-exec-6] DEBUG o.s.s.w.h.writers.HstsHeaderWriter - Not injecting HSTS header since it did not match the requestMatcher org.springframework.security.web.header.writers.HstsHeaderWriter$SecureRequestMatcher@1ca597b9
654945 [http-nio-8080-exec-6] DEBUG o.s.security.web.FilterChainProxy - /login at position 4 of 12 in additional filter chain; firing Filter: 'CsrfFilter'
654945 [http-nio-8080-exec-6] DEBUG o.s.security.web.FilterChainProxy - /login at position 5 of 12 in additional filter chain; firing Filter: 'LogoutFilter'
654945 [http-nio-8080-exec-6] DEBUG o.s.s.w.u.m.AntPathRequestMatcher - Request 'GET /login' doesn't match 'POST /logout
654945 [http-nio-8080-exec-6] DEBUG o.s.security.web.FilterChainProxy - /login at position 6 of 12 in additional filter chain; firing Filter: 'UsernamePasswordAuthenticationFilter'
654945 [http-nio-8080-exec-6] DEBUG o.s.s.w.u.m.AntPathRequestMatcher - Request 'GET /login' doesn't match 'POST /login
654945 [http-nio-8080-exec-6] DEBUG o.s.security.web.FilterChainProxy - /login at position 7 of 12 in additional filter chain; firing Filter: 'RequestCacheAwareFilter'
654945 [http-nio-8080-exec-6] DEBUG o.s.s.w.s.DefaultSavedRequest - pathInfo: both null (property equals)
654945 [http-nio-8080-exec-6] DEBUG o.s.s.w.s.DefaultSavedRequest - queryString: both null (property equals)
654945 [http-nio-8080-exec-6] DEBUG o.s.s.w.s.DefaultSavedRequest - requestURI: arg1=/index.html; arg2=/login (property not equals)
654950 [http-nio-8080-exec-6] DEBUG o.s.s.w.s.HttpSessionRequestCache - saved request doesn't match
654950 [http-nio-8080-exec-6] DEBUG o.s.security.web.FilterChainProxy - /login at position 8 of 12 in additional filter chain; firing Filter: 'SecurityContextHolderAwareRequestFilter'
654950 [http-nio-8080-exec-6] DEBUG o.s.security.web.FilterChainProxy - /login at position 9 of 12 in additional filter chain; firing Filter: 'AnonymousAuthenticationFilter'
654950 [http-nio-8080-exec-6] DEBUG o.s.s.w.a.AnonymousAuthenticationFilter - Populated SecurityContextHolder with anonymous token: 'org.springframework.security.authentication.AnonymousAuthenticationToken@6faeba70: Principal: anonymousUser; Credentials: [PROTECTED]; Authenticated: true; Details: org.springframework.security.web.authentication.WebAuthenticationDetails@fffbcba8: RemoteIpAddress: 0:0:0:0:0:0:0:1; SessionId: 3804353C2C2C151F407CA4B277564A11; Granted Authorities: ROLE_ANONYMOUS'
654950 [http-nio-8080-exec-6] DEBUG o.s.security.web.FilterChainProxy - /login at position 10 of 12 in additional filter chain; firing Filter: 'SessionManagementFilter'
654950 [http-nio-8080-exec-6] DEBUG o.s.security.web.FilterChainProxy - /login at position 11 of 12 in additional filter chain; firing Filter: 'ExceptionTranslationFilter'
654950 [http-nio-8080-exec-6] DEBUG o.s.security.web.FilterChainProxy - /login at position 12 of 12 in additional filter chain; firing Filter: 'FilterSecurityInterceptor'
654950 [http-nio-8080-exec-6] DEBUG o.s.s.w.a.i.FilterSecurityInterceptor - Secure object: FilterInvocation: URL: /login; Attributes: [permitAll]
654950 [http-nio-8080-exec-6] DEBUG o.s.s.w.a.i.FilterSecurityInterceptor - Previously Authenticated: org.springframework.security.authentication.AnonymousAuthenticationToken@6faeba70: Principal: anonymousUser; Credentials: [PROTECTED]; Authenticated: true; Details: org.springframework.security.web.authentication.WebAuthenticationDetails@fffbcba8: RemoteIpAddress: 0:0:0:0:0:0:0:1; SessionId: 3804353C2C2C151F407CA4B277564A11; Granted Authorities: ROLE_ANONYMOUS
654950 [http-nio-8080-exec-6] DEBUG o.s.s.access.vote.AffirmativeBased - Voter: org.springframework.security.web.access.expression.WebExpressionVoter@59a70a49, returned: 1
654950 [http-nio-8080-exec-6] DEBUG o.s.s.w.a.i.FilterSecurityInterceptor - Authorization successful
654950 [http-nio-8080-exec-6] DEBUG o.s.s.w.a.i.FilterSecurityInterceptor - RunAsManager did not change Authentication object
654950 [http-nio-8080-exec-6] DEBUG o.s.security.web.FilterChainProxy - /login reached end of additional filter chain; proceeding with original chain
654952 [http-nio-8080-exec-6] DEBUG o.s.s.w.c.HttpSessionSecurityContextRepository - SecurityContext is empty or contents are anonymous - context will not be stored in HttpSession.
654953 [http-nio-8080-exec-6] DEBUG o.s.s.w.a.ExceptionTranslationFilter - Chain processed normally
654953 [http-nio-8080-exec-6] DEBUG o.s.s.w.c.SecurityContextPersistenceFilter - SecurityContextHolder now cleared, as request processing completed
654961 [http-nio-8080-exec-8] DEBUG o.s.s.w.u.matcher.OrRequestMatcher - Trying to match using Ant [pattern='/css/**']
654961 [http-nio-8080-exec-7] DEBUG o.s.s.w.u.matcher.OrRequestMatcher - Trying to match using Ant [pattern='/css/**']
654961 [http-nio-8080-exec-1] DEBUG o.s.s.w.u.matcher.OrRequestMatcher - Trying to match using Ant [pattern='/css/**']
654961 [http-nio-8080-exec-8] DEBUG o.s.s.w.u.m.AntPathRequestMatcher - Checking match of request : '/jquery/jquery-2.1.3.js'; against '/css/**'
654961 [http-nio-8080-exec-1] DEBUG o.s.s.w.u.m.AntPathRequestMatcher - Checking match of request : '/bootstrap/js/bootstrap.js'; against '/css/**'
654961 [http-nio-8080-exec-7] DEBUG o.s.s.w.u.m.AntPathRequestMatcher - Checking match of request : '/bootstrap/css/bootstrap.css'; against '/css/**'
654961 [http-nio-8080-exec-8] DEBUG o.s.s.w.u.matcher.OrRequestMatcher - Trying to match using Ant [pattern='/js/**']
654961 [http-nio-8080-exec-7] DEBUG o.s.s.w.u.matcher.OrRequestMatcher - Trying to match using Ant [pattern='/js/**']
654961 [http-nio-8080-exec-1] DEBUG o.s.s.w.u.matcher.OrRequestMatcher - Trying to match using Ant [pattern='/js/**']
654961 [http-nio-8080-exec-1] DEBUG o.s.s.w.u.m.AntPathRequestMatcher - Checking match of request : '/bootstrap/js/bootstrap.js'; against '/js/**'
654961 [http-nio-8080-exec-8] DEBUG o.s.s.w.u.m.AntPathRequestMatcher - Checking match of request : '/jquery/jquery-2.1.3.js'; against '/js/**'
654961 [http-nio-8080-exec-7] DEBUG o.s.s.w.u.m.AntPathRequestMatcher - Checking match of request : '/bootstrap/css/bootstrap.css'; against '/js/**'
654961 [http-nio-8080-exec-7] DEBUG o.s.s.w.u.matcher.OrRequestMatcher - Trying to match using Ant [pattern='/images/**']
654961 [http-nio-8080-exec-7] DEBUG o.s.s.w.u.m.AntPathRequestMatcher - Checking match of request : '/bootstrap/css/bootstrap.css'; against '/images/**'
654961 [http-nio-8080-exec-1] DEBUG o.s.s.w.u.matcher.OrRequestMatcher - Trying to match using Ant [pattern='/images/**']
654961 [http-nio-8080-exec-8] DEBUG o.s.s.w.u.matcher.OrRequestMatcher - Trying to match using Ant [pattern='/images/**']
654961 [http-nio-8080-exec-8] DEBUG o.s.s.w.u.m.AntPathRequestMatcher - Checking match of request : '/jquery/jquery-2.1.3.js'; against '/images/**'
654961 [http-nio-8080-exec-7] DEBUG o.s.s.w.u.matcher.OrRequestMatcher - Trying to match using Ant [pattern='/webjars/**']
654961 [http-nio-8080-exec-1] DEBUG o.s.s.w.u.m.AntPathRequestMatcher - Checking match of request : '/bootstrap/js/bootstrap.js'; against '/images/**'
654961 [http-nio-8080-exec-1] DEBUG o.s.s.w.u.matcher.OrRequestMatcher - Trying to match using Ant [pattern='/webjars/**']
654961 [http-nio-8080-exec-1] DEBUG o.s.s.w.u.m.AntPathRequestMatcher - Checking match of request : '/bootstrap/js/bootstrap.js'; against '/webjars/**'
654961 [http-nio-8080-exec-1] DEBUG o.s.s.w.u.matcher.OrRequestMatcher - Trying to match using Ant [pattern='/**/favicon.ico']
654961 [http-nio-8080-exec-1] DEBUG o.s.s.w.u.m.AntPathRequestMatcher - Checking match of request : '/bootstrap/js/bootstrap.js'; against '/**/favicon.ico'
654961 [http-nio-8080-exec-8] DEBUG o.s.s.w.u.matcher.OrRequestMatcher - Trying to match using Ant [pattern='/webjars/**']
654961 [http-nio-8080-exec-7] DEBUG o.s.s.w.u.m.AntPathRequestMatcher - Checking match of request : '/bootstrap/css/bootstrap.css'; against '/webjars/**'
654961 [http-nio-8080-exec-8] DEBUG o.s.s.w.u.m.AntPathRequestMatcher - Checking match of request : '/jquery/jquery-2.1.3.js'; against '/webjars/**'
654961 [http-nio-8080-exec-7] DEBUG o.s.s.w.u.matcher.OrRequestMatcher - Trying to match using Ant [pattern='/**/favicon.ico']
654961 [http-nio-8080-exec-1] DEBUG o.s.s.w.u.matcher.OrRequestMatcher - Trying to match using Ant [pattern='/error']
654961 [http-nio-8080-exec-8] DEBUG o.s.s.w.u.matcher.OrRequestMatcher - Trying to match using Ant [pattern='/**/favicon.ico']
654961 [http-nio-8080-exec-7] DEBUG o.s.s.w.u.m.AntPathRequestMatcher - Checking match of request : '/bootstrap/css/bootstrap.css'; against '/**/favicon.ico'
654961 [http-nio-8080-exec-1] DEBUG o.s.s.w.u.m.AntPathRequestMatcher - Checking match of request : '/bootstrap/js/bootstrap.js'; against '/error'
654963 [http-nio-8080-exec-8] DEBUG o.s.s.w.u.m.AntPathRequestMatcher - Checking match of request : '/jquery/jquery-2.1.3.js'; against '/**/favicon.ico'
654963 [http-nio-8080-exec-7] DEBUG o.s.s.w.u.matcher.OrRequestMatcher - Trying to match using Ant [pattern='/error']
654963 [http-nio-8080-exec-8] DEBUG o.s.s.w.u.matcher.OrRequestMatcher - Trying to match using Ant [pattern='/error']
654963 [http-nio-8080-exec-7] DEBUG o.s.s.w.u.m.AntPathRequestMatcher - Checking match of request : '/bootstrap/css/bootstrap.css'; against '/error'
654963 [http-nio-8080-exec-1] DEBUG o.s.s.w.u.matcher.OrRequestMatcher - No matches found
654963 [http-nio-8080-exec-7] DEBUG o.s.s.w.u.matcher.OrRequestMatcher - No matches found
654963 [http-nio-8080-exec-8] DEBUG o.s.s.w.u.m.AntPathRequestMatcher - Checking match of request : '/jquery/jquery-2.1.3.js'; against '/error'
654963 [http-nio-8080-exec-7] DEBUG o.s.security.web.FilterChainProxy - /bootstrap/css/bootstrap.css at position 1 of 12 in additional filter chain; firing Filter: 'WebAsyncManagerIntegrationFilter'
654963 [http-nio-8080-exec-1] DEBUG o.s.security.web.FilterChainProxy - /bootstrap/js/bootstrap.js at position 1 of 12 in additional filter chain; firing Filter: 'WebAsyncManagerIntegrationFilter'
654963 [http-nio-8080-exec-8] DEBUG o.s.s.w.u.matcher.OrRequestMatcher - No matches found
654963 [http-nio-8080-exec-7] DEBUG o.s.security.web.FilterChainProxy - /bootstrap/css/bootstrap.css at position 2 of 12 in additional filter chain; firing Filter: 'SecurityContextPersistenceFilter'
654963 [http-nio-8080-exec-1] DEBUG o.s.security.web.FilterChainProxy - /bootstrap/js/bootstrap.js at position 2 of 12 in additional filter chain; firing Filter: 'SecurityContextPersistenceFilter'
654963 [http-nio-8080-exec-8] DEBUG o.s.security.web.FilterChainProxy - /jquery/jquery-2.1.3.js at position 1 of 12 in additional filter chain; firing Filter: 'WebAsyncManagerIntegrationFilter'
654963 [http-nio-8080-exec-7] DEBUG o.s.s.w.c.HttpSessionSecurityContextRepository - HttpSession returned null object for SPRING_SECURITY_CONTEXT
654963 [http-nio-8080-exec-1] DEBUG o.s.s.w.c.HttpSessionSecurityContextRepository - HttpSession returned null object for SPRING_SECURITY_CONTEXT
654963 [http-nio-8080-exec-7] DEBUG o.s.s.w.c.HttpSessionSecurityContextRepository - No SecurityContext was available from the HttpSession: org.apache.catalina.session.StandardSessionFacade@189a0072. A new one will be created.
654963 [http-nio-8080-exec-1] DEBUG o.s.s.w.c.HttpSessionSecurityContextRepository - No SecurityContext was available from the HttpSession: org.apache.catalina.session.StandardSessionFacade@189a0072. A new one will be created.
654963 [http-nio-8080-exec-8] DEBUG o.s.security.web.FilterChainProxy - /jquery/jquery-2.1.3.js at position 2 of 12 in additional filter chain; firing Filter: 'SecurityContextPersistenceFilter'
654963 [http-nio-8080-exec-1] DEBUG o.s.security.web.FilterChainProxy - /bootstrap/js/bootstrap.js at position 3 of 12 in additional filter chain; firing Filter: 'HeaderWriterFilter'
654963 [http-nio-8080-exec-8] DEBUG o.s.s.w.c.HttpSessionSecurityContextRepository - HttpSession returned null object for SPRING_SECURITY_CONTEXT
654963 [http-nio-8080-exec-7] DEBUG o.s.security.web.FilterChainProxy - /bootstrap/css/bootstrap.css at position 3 of 12 in additional filter chain; firing Filter: 'HeaderWriterFilter'
654963 [http-nio-8080-exec-8] DEBUG o.s.s.w.c.HttpSessionSecurityContextRepository - No SecurityContext was available from the HttpSession: org.apache.catalina.session.StandardSessionFacade@189a0072. A new one will be created.
654963 [http-nio-8080-exec-1] DEBUG o.s.s.w.h.writers.HstsHeaderWriter - Not injecting HSTS header since it did not match the requestMatcher org.springframework.security.web.header.writers.HstsHeaderWriter$SecureRequestMatcher@1ca597b9
654963 [http-nio-8080-exec-8] DEBUG o.s.security.web.FilterChainProxy - /jquery/jquery-2.1.3.js at position 3 of 12 in additional filter chain; firing Filter: 'HeaderWriterFilter'
654963 [http-nio-8080-exec-7] DEBUG o.s.s.w.h.writers.HstsHeaderWriter - Not injecting HSTS header since it did not match the requestMatcher org.springframework.security.web.header.writers.HstsHeaderWriter$SecureRequestMatcher@1ca597b9
654963 [http-nio-8080-exec-1] DEBUG o.s.security.web.FilterChainProxy - /bootstrap/js/bootstrap.js at position 4 of 12 in additional filter chain; firing Filter: 'CsrfFilter'
654963 [http-nio-8080-exec-7] DEBUG o.s.security.web.FilterChainProxy - /bootstrap/css/bootstrap.css at position 4 of 12 in additional filter chain; firing Filter: 'CsrfFilter'
654963 [http-nio-8080-exec-8] DEBUG o.s.s.w.h.writers.HstsHeaderWriter - Not injecting HSTS header since it did not match the requestMatcher org.springframework.security.web.header.writers.HstsHeaderWriter$SecureRequestMatcher@1ca597b9
654963 [http-nio-8080-exec-1] DEBUG o.s.security.web.FilterChainProxy - /bootstrap/js/bootstrap.js at position 5 of 12 in additional filter chain; firing Filter: 'LogoutFilter'
654963 [http-nio-8080-exec-8] DEBUG o.s.security.web.FilterChainProxy - /jquery/jquery-2.1.3.js at position 4 of 12 in additional filter chain; firing Filter: 'CsrfFilter'
654963 [http-nio-8080-exec-1] DEBUG o.s.s.w.u.m.AntPathRequestMatcher - Request 'GET /bootstrap/js/bootstrap.js' doesn't match 'POST /logout
654963 [http-nio-8080-exec-7] DEBUG o.s.security.web.FilterChainProxy - /bootstrap/css/bootstrap.css at position 5 of 12 in additional filter chain; firing Filter: 'LogoutFilter'
654963 [http-nio-8080-exec-8] DEBUG o.s.security.web.FilterChainProxy - /jquery/jquery-2.1.3.js at position 5 of 12 in additional filter chain; firing Filter: 'LogoutFilter'
654963 [http-nio-8080-exec-7] DEBUG o.s.s.w.u.m.AntPathRequestMatcher - Request 'GET /bootstrap/css/bootstrap.css' doesn't match 'POST /logout
654963 [http-nio-8080-exec-1] DEBUG o.s.security.web.FilterChainProxy - /bootstrap/js/bootstrap.js at position 6 of 12 in additional filter chain; firing Filter: 'UsernamePasswordAuthenticationFilter'
654963 [http-nio-8080-exec-8] DEBUG o.s.s.w.u.m.AntPathRequestMatcher - Request 'GET /jquery/jquery-2.1.3.js' doesn't match 'POST /logout
654963 [http-nio-8080-exec-7] DEBUG o.s.security.web.FilterChainProxy - /bootstrap/css/bootstrap.css at position 6 of 12 in additional filter chain; firing Filter: 'UsernamePasswordAuthenticationFilter'
654963 [http-nio-8080-exec-1] DEBUG o.s.s.w.u.m.AntPathRequestMatcher - Request 'GET /bootstrap/js/bootstrap.js' doesn't match 'POST /login
654963 [http-nio-8080-exec-8] DEBUG o.s.security.web.FilterChainProxy - /jquery/jquery-2.1.3.js at position 6 of 12 in additional filter chain; firing Filter: 'UsernamePasswordAuthenticationFilter'
654963 [http-nio-8080-exec-7] DEBUG o.s.s.w.u.m.AntPathRequestMatcher - Request 'GET /bootstrap/css/bootstrap.css' doesn't match 'POST /login
654963 [http-nio-8080-exec-1] DEBUG o.s.security.web.FilterChainProxy - /bootstrap/js/bootstrap.js at position 7 of 12 in additional filter chain; firing Filter: 'RequestCacheAwareFilter'
654963 [http-nio-8080-exec-8] DEBUG o.s.s.w.u.m.AntPathRequestMatcher - Request 'GET /jquery/jquery-2.1.3.js' doesn't match 'POST /login
654963 [http-nio-8080-exec-1] DEBUG o.s.s.w.s.DefaultSavedRequest - pathInfo: both null (property equals)
654963 [http-nio-8080-exec-8] DEBUG o.s.security.web.FilterChainProxy - /jquery/jquery-2.1.3.js at position 7 of 12 in additional filter chain; firing Filter: 'RequestCacheAwareFilter'
654963 [http-nio-8080-exec-1] DEBUG o.s.s.w.s.DefaultSavedRequest - queryString: both null (property equals)
654963 [http-nio-8080-exec-8] DEBUG o.s.s.w.s.DefaultSavedRequest - pathInfo: both null (property equals)
654963 [http-nio-8080-exec-1] DEBUG o.s.s.w.s.DefaultSavedRequest - requestURI: arg1=/index.html; arg2=/bootstrap/js/bootstrap.js (property not equals)
654963 [http-nio-8080-exec-8] DEBUG o.s.s.w.s.DefaultSavedRequest - queryString: both null (property equals)
654963 [http-nio-8080-exec-7] DEBUG o.s.security.web.FilterChainProxy - /bootstrap/css/bootstrap.css at position 7 of 12 in additional filter chain; firing Filter: 'RequestCacheAwareFilter'
654963 [http-nio-8080-exec-1] DEBUG o.s.s.w.s.HttpSessionRequestCache - saved request doesn't match
654963 [http-nio-8080-exec-7] DEBUG o.s.s.w.s.DefaultSavedRequest - pathInfo: both null (property equals)
654963 [http-nio-8080-exec-1] DEBUG o.s.security.web.FilterChainProxy - /bootstrap/js/bootstrap.js at position 8 of 12 in additional filter chain; firing Filter: 'SecurityContextHolderAwareRequestFilter'
654963 [http-nio-8080-exec-8] DEBUG o.s.s.w.s.DefaultSavedRequest - requestURI: arg1=/index.html; arg2=/jquery/jquery-2.1.3.js (property not equals)
654963 [http-nio-8080-exec-8] DEBUG o.s.s.w.s.HttpSessionRequestCache - saved request doesn't match
654963 [http-nio-8080-exec-8] DEBUG o.s.security.web.FilterChainProxy - /jquery/jquery-2.1.3.js at position 8 of 12 in additional filter chain; firing Filter: 'SecurityContextHolderAwareRequestFilter'
654963 [http-nio-8080-exec-7] DEBUG o.s.s.w.s.DefaultSavedRequest - queryString: both null (property equals)
654963 [http-nio-8080-exec-1] DEBUG o.s.security.web.FilterChainProxy - /bootstrap/js/bootstrap.js at position 9 of 12 in additional filter chain; firing Filter: 'AnonymousAuthenticationFilter'
654963 [http-nio-8080-exec-7] DEBUG o.s.s.w.s.DefaultSavedRequest - requestURI: arg1=/index.html; arg2=/bootstrap/css/bootstrap.css (property not equals)
654963 [http-nio-8080-exec-8] DEBUG o.s.security.web.FilterChainProxy - /jquery/jquery-2.1.3.js at position 9 of 12 in additional filter chain; firing Filter: 'AnonymousAuthenticationFilter'
654964 [http-nio-8080-exec-7] DEBUG o.s.s.w.s.HttpSessionRequestCache - saved request doesn't match
654964 [http-nio-8080-exec-1] DEBUG o.s.s.w.a.AnonymousAuthenticationFilter - Populated SecurityContextHolder with anonymous token: 'org.springframework.security.authentication.AnonymousAuthenticationToken@6faeba70: Principal: anonymousUser; Credentials: [PROTECTED]; Authenticated: true; Details: org.springframework.security.web.authentication.WebAuthenticationDetails@fffbcba8: RemoteIpAddress: 0:0:0:0:0:0:0:1; SessionId: 3804353C2C2C151F407CA4B277564A11; Granted Authorities: ROLE_ANONYMOUS'
654964 [http-nio-8080-exec-8] DEBUG o.s.s.w.a.AnonymousAuthenticationFilter - Populated SecurityContextHolder with anonymous token: 'org.springframework.security.authentication.AnonymousAuthenticationToken@6faeba70: Principal: anonymousUser; Credentials: [PROTECTED]; Authenticated: true; Details: org.springframework.security.web.authentication.WebAuthenticationDetails@fffbcba8: RemoteIpAddress: 0:0:0:0:0:0:0:1; SessionId: 3804353C2C2C151F407CA4B277564A11; Granted Authorities: ROLE_ANONYMOUS'
654964 [http-nio-8080-exec-1] DEBUG o.s.security.web.FilterChainProxy - /bootstrap/js/bootstrap.js at position 10 of 12 in additional filter chain; firing Filter: 'SessionManagementFilter'
654964 [http-nio-8080-exec-7] DEBUG o.s.security.web.FilterChainProxy - /bootstrap/css/bootstrap.css at position 8 of 12 in additional filter chain; firing Filter: 'SecurityContextHolderAwareRequestFilter'
654964 [http-nio-8080-exec-1] DEBUG o.s.security.web.FilterChainProxy - /bootstrap/js/bootstrap.js at position 11 of 12 in additional filter chain; firing Filter: 'ExceptionTranslationFilter'
654964 [http-nio-8080-exec-8] DEBUG o.s.security.web.FilterChainProxy - /jquery/jquery-2.1.3.js at position 10 of 12 in additional filter chain; firing Filter: 'SessionManagementFilter'
654964 [http-nio-8080-exec-1] DEBUG o.s.security.web.FilterChainProxy - /bootstrap/js/bootstrap.js at position 12 of 12 in additional filter chain; firing Filter: 'FilterSecurityInterceptor'
654964 [http-nio-8080-exec-7] DEBUG o.s.security.web.FilterChainProxy - /bootstrap/css/bootstrap.css at position 9 of 12 in additional filter chain; firing Filter: 'AnonymousAuthenticationFilter'
654964 [http-nio-8080-exec-1] DEBUG o.s.s.w.u.m.AntPathRequestMatcher - Request 'GET /bootstrap/js/bootstrap.js' doesn't match 'POST /logout
654964 [http-nio-8080-exec-1] DEBUG o.s.s.w.u.m.AntPathRequestMatcher - Checking match of request : '/bootstrap/js/bootstrap.js'; against '/bootstrap/**'
654964 [http-nio-8080-exec-7] DEBUG o.s.s.w.a.AnonymousAuthenticationFilter - Populated SecurityContextHolder with anonymous token: 'org.springframework.security.authentication.AnonymousAuthenticationToken@6faeba70: Principal: anonymousUser; Credentials: [PROTECTED]; Authenticated: true; Details: org.springframework.security.web.authentication.WebAuthenticationDetails@fffbcba8: RemoteIpAddress: 0:0:0:0:0:0:0:1; SessionId: 3804353C2C2C151F407CA4B277564A11; Granted Authorities: ROLE_ANONYMOUS'
654964 [http-nio-8080-exec-1] DEBUG o.s.s.w.a.i.FilterSecurityInterceptor - Secure object: FilterInvocation: URL: /bootstrap/js/bootstrap.js; Attributes: [permitAll]
654964 [http-nio-8080-exec-8] DEBUG o.s.security.web.FilterChainProxy - /jquery/jquery-2.1.3.js at position 11 of 12 in additional filter chain; firing Filter: 'ExceptionTranslationFilter'
654964 [http-nio-8080-exec-7] DEBUG o.s.security.web.FilterChainProxy - /bootstrap/css/bootstrap.css at position 10 of 12 in additional filter chain; firing Filter: 'SessionManagementFilter'
654965 [http-nio-8080-exec-1] DEBUG o.s.s.w.a.i.FilterSecurityInterceptor - Previously Authenticated: org.springframework.security.authentication.AnonymousAuthenticationToken@6faeba70: Principal: anonymousUser; Credentials: [PROTECTED]; Authenticated: true; Details: org.springframework.security.web.authentication.WebAuthenticationDetails@fffbcba8: RemoteIpAddress: 0:0:0:0:0:0:0:1; SessionId: 3804353C2C2C151F407CA4B277564A11; Granted Authorities: ROLE_ANONYMOUS
654965 [http-nio-8080-exec-8] DEBUG o.s.security.web.FilterChainProxy - /jquery/jquery-2.1.3.js at position 12 of 12 in additional filter chain; firing Filter: 'FilterSecurityInterceptor'
654965 [http-nio-8080-exec-7] DEBUG o.s.security.web.FilterChainProxy - /bootstrap/css/bootstrap.css at position 11 of 12 in additional filter chain; firing Filter: 'ExceptionTranslationFilter'
654965 [http-nio-8080-exec-7] DEBUG o.s.security.web.FilterChainProxy - /bootstrap/css/bootstrap.css at position 12 of 12 in additional filter chain; firing Filter: 'FilterSecurityInterceptor'
654965 [http-nio-8080-exec-8] DEBUG o.s.s.w.u.m.AntPathRequestMatcher - Request 'GET /jquery/jquery-2.1.3.js' doesn't match 'POST /logout
654965 [http-nio-8080-exec-7] DEBUG o.s.s.w.u.m.AntPathRequestMatcher - Request 'GET /bootstrap/css/bootstrap.css' doesn't match 'POST /logout
654965 [http-nio-8080-exec-8] DEBUG o.s.s.w.u.m.AntPathRequestMatcher - Checking match of request : '/jquery/jquery-2.1.3.js'; against '/bootstrap/**'
654965 [http-nio-8080-exec-7] DEBUG o.s.s.w.u.m.AntPathRequestMatcher - Checking match of request : '/bootstrap/css/bootstrap.css'; against '/bootstrap/**'
654965 [http-nio-8080-exec-8] DEBUG o.s.s.w.u.m.AntPathRequestMatcher - Checking match of request : '/jquery/jquery-2.1.3.js'; against '/error/**'
654965 [http-nio-8080-exec-1] DEBUG o.s.s.access.vote.AffirmativeBased - Voter: org.springframework.security.web.access.expression.WebExpressionVoter@59a70a49, returned: 1
654965 [http-nio-8080-exec-7] DEBUG o.s.s.w.a.i.FilterSecurityInterceptor - Secure object: FilterInvocation: URL: /bootstrap/css/bootstrap.css; Attributes: [permitAll]
654965 [http-nio-8080-exec-8] DEBUG o.s.s.w.u.m.AntPathRequestMatcher - Checking match of request : '/jquery/jquery-2.1.3.js'; against '/img/**'
654965 [http-nio-8080-exec-1] DEBUG o.s.s.w.a.i.FilterSecurityInterceptor - Authorization successful
654965 [http-nio-8080-exec-1] DEBUG o.s.s.w.a.i.FilterSecurityInterceptor - RunAsManager did not change Authentication object
654965 [http-nio-8080-exec-7] DEBUG o.s.s.w.a.i.FilterSecurityInterceptor - Previously Authenticated: org.springframework.security.authentication.AnonymousAuthenticationToken@6faeba70: Principal: anonymousUser; Credentials: [PROTECTED]; Authenticated: true; Details: org.springframework.security.web.authentication.WebAuthenticationDetails@fffbcba8: RemoteIpAddress: 0:0:0:0:0:0:0:1; SessionId: 3804353C2C2C151F407CA4B277564A11; Granted Authorities: ROLE_ANONYMOUS
654965 [http-nio-8080-exec-8] DEBUG o.s.s.w.u.m.AntPathRequestMatcher - Checking match of request : '/jquery/jquery-2.1.3.js'; against '/jquery/**'
654965 [http-nio-8080-exec-1] DEBUG o.s.security.web.FilterChainProxy - /bootstrap/js/bootstrap.js reached end of additional filter chain; proceeding with original chain
654965 [http-nio-8080-exec-8] DEBUG o.s.s.w.a.i.FilterSecurityInterceptor - Secure object: FilterInvocation: URL: /jquery/jquery-2.1.3.js; Attributes: [permitAll]
654965 [http-nio-8080-exec-8] DEBUG o.s.s.w.a.i.FilterSecurityInterceptor - Previously Authenticated: org.springframework.security.authentication.AnonymousAuthenticationToken@6faeba70: Principal: anonymousUser; Credentials: [PROTECTED]; Authenticated: true; Details: org.springframework.security.web.authentication.WebAuthenticationDetails@fffbcba8: RemoteIpAddress: 0:0:0:0:0:0:0:1; SessionId: 3804353C2C2C151F407CA4B277564A11; Granted Authorities: ROLE_ANONYMOUS
654965 [http-nio-8080-exec-7] DEBUG o.s.s.access.vote.AffirmativeBased - Voter: org.springframework.security.web.access.expression.WebExpressionVoter@59a70a49, returned: 1
654966 [http-nio-8080-exec-1] DEBUG o.s.s.w.c.HttpSessionSecurityContextRepository - SecurityContext is empty or contents are anonymous - context will not be stored in HttpSession.
654967 [http-nio-8080-exec-7] DEBUG o.s.s.w.a.i.FilterSecurityInterceptor - Authorization successful
654967 [http-nio-8080-exec-8] DEBUG o.s.s.access.vote.AffirmativeBased - Voter: org.springframework.security.web.access.expression.WebExpressionVoter@59a70a49, returned: 1
654967 [http-nio-8080-exec-8] DEBUG o.s.s.w.a.i.FilterSecurityInterceptor - Authorization successful
654967 [http-nio-8080-exec-8] DEBUG o.s.s.w.a.i.FilterSecurityInterceptor - RunAsManager did not change Authentication object
654967 [http-nio-8080-exec-8] DEBUG o.s.security.web.FilterChainProxy - /jquery/jquery-2.1.3.js reached end of additional filter chain; proceeding with original chain
654967 [http-nio-8080-exec-7] DEBUG o.s.s.w.a.i.FilterSecurityInterceptor - RunAsManager did not change Authentication object
654967 [http-nio-8080-exec-7] DEBUG o.s.security.web.FilterChainProxy - /bootstrap/css/bootstrap.css reached end of additional filter chain; proceeding with original chain
654968 [http-nio-8080-exec-1] DEBUG o.s.s.w.a.ExceptionTranslationFilter - Chain processed normally
654968 [http-nio-8080-exec-7] DEBUG o.s.s.w.c.HttpSessionSecurityContextRepository - SecurityContext is empty or contents are anonymous - context will not be stored in HttpSession.
654968 [http-nio-8080-exec-1] DEBUG o.s.s.w.c.SecurityContextPersistenceFilter - SecurityContextHolder now cleared, as request processing completed
654968 [http-nio-8080-exec-8] DEBUG o.s.s.w.c.HttpSessionSecurityContextRepository - SecurityContext is empty or contents are anonymous - context will not be stored in HttpSession.
654970 [http-nio-8080-exec-7] DEBUG o.s.s.w.a.ExceptionTranslationFilter - Chain processed normally
654970 [http-nio-8080-exec-7] DEBUG o.s.s.w.c.SecurityContextPersistenceFilter - SecurityContextHolder now cleared, as request processing completed
654972 [http-nio-8080-exec-8] DEBUG o.s.s.w.a.ExceptionTranslationFilter - Chain processed normally
654972 [http-nio-8080-exec-8] DEBUG o.s.s.w.c.SecurityContextPersistenceFilter - SecurityContextHolder now cleared, as request processing completed
4257 [restartedMain] DEBUG o.s.s.c.a.a.c.AuthenticationConfiguration$EnableGlobalAuthenticationAutowiredConfigurer - Eagerly initializing {org.springframework.boot.autoconfigure.security.SpringBootWebSecurityConfiguration=org.springframework.boot.autoconfigure.security.SpringBootWebSecurityConfiguration$$EnhancerBySpringCGLIB$$8577c6a1@4c56de1}
4270 [restartedMain] INFO  o.s.s.w.DefaultSecurityFilterChain - Creating filter chain: OrRequestMatcher [requestMatchers=[Ant [pattern='/css/**'], Ant [pattern='/js/**'], Ant [pattern='/images/**'], Ant [pattern='/webjars/**'], Ant [pattern='/**/favicon.ico'], Ant [pattern='/error']]], []
4333 [restartedMain] DEBUG o.s.s.w.a.e.ExpressionBasedFilterInvocationSecurityMetadataSource - Adding web access control expression 'permitAll', for ExactUrl [processUrl='/login?error']
4334 [restartedMain] DEBUG o.s.s.w.a.e.ExpressionBasedFilterInvocationSecurityMetadataSource - Adding web access control expression 'permitAll', for ExactUrl [processUrl='/login']
4335 [restartedMain] DEBUG o.s.s.w.a.e.ExpressionBasedFilterInvocationSecurityMetadataSource - Adding web access control expression 'permitAll', for ExactUrl [processUrl='/login']
4335 [restartedMain] DEBUG o.s.s.w.a.e.ExpressionBasedFilterInvocationSecurityMetadataSource - Adding web access control expression 'permitAll', for Ant [pattern='/logout', POST]
4335 [restartedMain] DEBUG o.s.s.w.a.e.ExpressionBasedFilterInvocationSecurityMetadataSource - Adding web access control expression 'permitAll', for ExactUrl [processUrl='/login?logout']
4335 [restartedMain] DEBUG o.s.s.w.a.e.ExpressionBasedFilterInvocationSecurityMetadataSource - Adding web access control expression 'permitAll', for Ant [pattern='/bootstrap/**']
4336 [restartedMain] DEBUG o.s.s.w.a.e.ExpressionBasedFilterInvocationSecurityMetadataSource - Adding web access control expression 'permitAll', for Ant [pattern='/error/**']
4336 [restartedMain] DEBUG o.s.s.w.a.e.ExpressionBasedFilterInvocationSecurityMetadataSource - Adding web access control expression 'permitAll', for Ant [pattern='/img/**']
4336 [restartedMain] DEBUG o.s.s.w.a.e.ExpressionBasedFilterInvocationSecurityMetadataSource - Adding web access control expression 'permitAll', for Ant [pattern='/jquery/**']
4336 [restartedMain] DEBUG o.s.s.w.a.e.ExpressionBasedFilterInvocationSecurityMetadataSource - Adding web access control expression 'permitAll', for Ant [pattern='/temp']
4336 [restartedMain] DEBUG o.s.s.w.a.e.ExpressionBasedFilterInvocationSecurityMetadataSource - Adding web access control expression 'permitAll', for Ant [pattern='/temp.ftl']
4336 [restartedMain] DEBUG o.s.s.w.a.e.ExpressionBasedFilterInvocationSecurityMetadataSource - Adding web access control expression 'authenticated', for org.springframework.security.web.util.matcher.AnyRequestMatcher@1
4342 [restartedMain] DEBUG o.s.s.w.a.i.FilterSecurityInterceptor - Validated configuration attributes
4343 [restartedMain] DEBUG o.s.s.w.a.i.FilterSecurityInterceptor - Validated configuration attributes
4357 [restartedMain] INFO  o.s.s.w.DefaultSecurityFilterChain - Creating filter chain: org.springframework.security.web.util.matcher.AnyRequestMatcher@1, [org.springframework.security.web.context.request.async.WebAsyncManagerIntegrationFilter@3f18b110, org.springframework.security.web.context.SecurityContextPersistenceFilter@7868a52b, org.springframework.security.web.header.HeaderWriterFilter@24d2a288, org.springframework.security.web.csrf.CsrfFilter@3544e696, org.springframework.security.web.authentication.logout.LogoutFilter@6ebbebcf, org.springframework.security.web.authentication.UsernamePasswordAuthenticationFilter@44505d2a, org.springframework.security.web.savedrequest.RequestCacheAwareFilter@677d9b21, org.springframework.security.web.servletapi.SecurityContextHolderAwareRequestFilter@2a648457, org.springframework.security.web.authentication.AnonymousAuthenticationFilter@7f2f9d1, org.springframework.security.web.session.SessionManagementFilter@564b2963, org.springframework.security.web.access.ExceptionTranslationFilter@5534b2c, org.springframework.security.web.access.intercept.FilterSecurityInterceptor@58e46514]
4368 [restartedMain] DEBUG o.s.s.w.a.e.ExpressionBasedFilterInvocationSecurityMetadataSource - Adding web access control expression 'hasAnyRole('ROLE_USER')', for org.springframework.security.web.util.matcher.AnyRequestMatcher@1
4369 [restartedMain] DEBUG o.s.s.w.a.i.FilterSecurityInterceptor - Validated configuration attributes
4370 [restartedMain] DEBUG o.s.s.w.a.i.FilterSecurityInterceptor - Validated configuration attributes
4370 [restartedMain] INFO  o.s.s.w.DefaultSecurityFilterChain - Creating filter chain: OrRequestMatcher [requestMatchers=[Ant [pattern='/**']]], [org.springframework.security.web.context.request.async.WebAsyncManagerIntegrationFilter@302d1035, org.springframework.security.web.context.SecurityContextPersistenceFilter@321e60af, org.springframework.security.web.header.HeaderWriterFilter@5533b644, org.springframework.security.web.authentication.logout.LogoutFilter@1053fe7e, org.springframework.security.web.authentication.www.BasicAuthenticationFilter@4657a4a0, org.springframework.security.web.savedrequest.RequestCacheAwareFilter@7e1be148, org.springframework.security.web.servletapi.SecurityContextHolderAwareRequestFilter@36d2e959, org.springframework.security.web.authentication.AnonymousAuthenticationFilter@6c88b43f, org.springframework.security.web.session.SessionManagementFilter@757248ed, org.springframework.security.web.access.ExceptionTranslationFilter@1c3a0e7a, org.springframework.security.web.access.intercept.FilterSecurityInterceptor@7dfa640c]
9125 [http-nio-8080-exec-1] DEBUG o.s.s.w.u.matcher.OrRequestMatcher - Trying to match using Ant [pattern='/css/**']
9125 [http-nio-8080-exec-1] DEBUG o.s.s.w.u.m.AntPathRequestMatcher - Checking match of request : '/'; against '/css/**'
9125 [http-nio-8080-exec-1] DEBUG o.s.s.w.u.matcher.OrRequestMatcher - Trying to match using Ant [pattern='/js/**']
9125 [http-nio-8080-exec-1] DEBUG o.s.s.w.u.m.AntPathRequestMatcher - Checking match of request : '/'; against '/js/**'
9125 [http-nio-8080-exec-1] DEBUG o.s.s.w.u.matcher.OrRequestMatcher - Trying to match using Ant [pattern='/images/**']
9125 [http-nio-8080-exec-1] DEBUG o.s.s.w.u.m.AntPathRequestMatcher - Checking match of request : '/'; against '/images/**'
9125 [http-nio-8080-exec-1] DEBUG o.s.s.w.u.matcher.OrRequestMatcher - Trying to match using Ant [pattern='/webjars/**']
9125 [http-nio-8080-exec-1] DEBUG o.s.s.w.u.m.AntPathRequestMatcher - Checking match of request : '/'; against '/webjars/**'
9125 [http-nio-8080-exec-1] DEBUG o.s.s.w.u.matcher.OrRequestMatcher - Trying to match using Ant [pattern='/**/favicon.ico']
9125 [http-nio-8080-exec-1] DEBUG o.s.s.w.u.m.AntPathRequestMatcher - Checking match of request : '/'; against '/**/favicon.ico'
9126 [http-nio-8080-exec-1] DEBUG o.s.s.w.u.matcher.OrRequestMatcher - Trying to match using Ant [pattern='/error']
9126 [http-nio-8080-exec-1] DEBUG o.s.s.w.u.m.AntPathRequestMatcher - Checking match of request : '/'; against '/error'
9126 [http-nio-8080-exec-1] DEBUG o.s.s.w.u.matcher.OrRequestMatcher - No matches found
9126 [http-nio-8080-exec-1] DEBUG o.s.security.web.FilterChainProxy - / at position 1 of 12 in additional filter chain; firing Filter: 'WebAsyncManagerIntegrationFilter'
9127 [http-nio-8080-exec-1] DEBUG o.s.security.web.FilterChainProxy - / at position 2 of 12 in additional filter chain; firing Filter: 'SecurityContextPersistenceFilter'
9127 [http-nio-8080-exec-1] DEBUG o.s.s.w.c.HttpSessionSecurityContextRepository - No HttpSession currently exists
9127 [http-nio-8080-exec-1] DEBUG o.s.s.w.c.HttpSessionSecurityContextRepository - No SecurityContext was available from the HttpSession: null. A new one will be created.
9129 [http-nio-8080-exec-1] DEBUG o.s.security.web.FilterChainProxy - / at position 3 of 12 in additional filter chain; firing Filter: 'HeaderWriterFilter'
9129 [http-nio-8080-exec-1] DEBUG o.s.s.w.h.writers.HstsHeaderWriter - Not injecting HSTS header since it did not match the requestMatcher org.springframework.security.web.header.writers.HstsHeaderWriter$SecureRequestMatcher@157f2fb
9129 [http-nio-8080-exec-1] DEBUG o.s.security.web.FilterChainProxy - / at position 4 of 12 in additional filter chain; firing Filter: 'CsrfFilter'
9134 [http-nio-8080-exec-1] DEBUG o.s.security.web.csrf.CsrfFilter - Invalid CSRF token found for http://localhost:8080/
9135 [http-nio-8080-exec-1] DEBUG o.s.s.w.c.HttpSessionSecurityContextRepository - SecurityContext is empty or contents are anonymous - context will not be stored in HttpSession.
9136 [http-nio-8080-exec-1] DEBUG o.s.s.w.c.SecurityContextPersistenceFilter - SecurityContextHolder now cleared, as request processing completed
62320 [Thread-15] WARN  o.s.b.f.s.DisposableBeanAdapter - Invocation of destroy method failed on bean with name 'classPathFileSystemWatcher': java.lang.NullPointerException
64275 [restartedMain] DEBUG o.s.s.c.a.a.c.AuthenticationConfiguration$EnableGlobalAuthenticationAutowiredConfigurer - Eagerly initializing {org.springframework.boot.autoconfigure.security.SpringBootWebSecurityConfiguration=org.springframework.boot.autoconfigure.security.SpringBootWebSecurityConfiguration$$EnhancerBySpringCGLIB$$8577c6a1@306c39e7}
64281 [restartedMain] INFO  o.s.s.w.DefaultSecurityFilterChain - Creating filter chain: OrRequestMatcher [requestMatchers=[Ant [pattern='/css/**'], Ant [pattern='/js/**'], Ant [pattern='/images/**'], Ant [pattern='/webjars/**'], Ant [pattern='/**/favicon.ico'], Ant [pattern='/error']]], []
64286 [restartedMain] DEBUG o.s.s.w.a.e.ExpressionBasedFilterInvocationSecurityMetadataSource - Adding web access control expression 'permitAll', for ExactUrl [processUrl='/login?error']
64286 [restartedMain] DEBUG o.s.s.w.a.e.ExpressionBasedFilterInvocationSecurityMetadataSource - Adding web access control expression 'permitAll', for ExactUrl [processUrl='/login']
64286 [restartedMain] DEBUG o.s.s.w.a.e.ExpressionBasedFilterInvocationSecurityMetadataSource - Adding web access control expression 'permitAll', for ExactUrl [processUrl='/login']
64286 [restartedMain] DEBUG o.s.s.w.a.e.ExpressionBasedFilterInvocationSecurityMetadataSource - Adding web access control expression 'permitAll', for Ant [pattern='/logout', POST]
64286 [restartedMain] DEBUG o.s.s.w.a.e.ExpressionBasedFilterInvocationSecurityMetadataSource - Adding web access control expression 'permitAll', for ExactUrl [processUrl='/login?logout']
64286 [restartedMain] DEBUG o.s.s.w.a.e.ExpressionBasedFilterInvocationSecurityMetadataSource - Adding web access control expression 'permitAll', for Ant [pattern='/bootstrap/**']
64286 [restartedMain] DEBUG o.s.s.w.a.e.ExpressionBasedFilterInvocationSecurityMetadataSource - Adding web access control expression 'permitAll', for Ant [pattern='/error/**']
64286 [restartedMain] DEBUG o.s.s.w.a.e.ExpressionBasedFilterInvocationSecurityMetadataSource - Adding web access control expression 'permitAll', for Ant [pattern='/img/**']
64286 [restartedMain] DEBUG o.s.s.w.a.e.ExpressionBasedFilterInvocationSecurityMetadataSource - Adding web access control expression 'permitAll', for Ant [pattern='/jquery/**']
64286 [restartedMain] DEBUG o.s.s.w.a.e.ExpressionBasedFilterInvocationSecurityMetadataSource - Adding web access control expression 'permitAll', for Ant [pattern='/temp']
64286 [restartedMain] DEBUG o.s.s.w.a.e.ExpressionBasedFilterInvocationSecurityMetadataSource - Adding web access control expression 'permitAll', for Ant [pattern='/temp.ftl']
64286 [restartedMain] DEBUG o.s.s.w.a.e.ExpressionBasedFilterInvocationSecurityMetadataSource - Adding web access control expression 'authenticated', for org.springframework.security.web.util.matcher.AnyRequestMatcher@1
64287 [restartedMain] DEBUG o.s.s.w.a.i.FilterSecurityInterceptor - Validated configuration attributes
64287 [restartedMain] DEBUG o.s.s.w.a.i.FilterSecurityInterceptor - Validated configuration attributes
64289 [restartedMain] INFO  o.s.s.w.DefaultSecurityFilterChain - Creating filter chain: org.springframework.security.web.util.matcher.AnyRequestMatcher@1, [org.springframework.security.web.context.request.async.WebAsyncManagerIntegrationFilter@98a81f2, org.springframework.security.web.context.SecurityContextPersistenceFilter@71ec5500, org.springframework.security.web.header.HeaderWriterFilter@ea041db, org.springframework.security.web.csrf.CsrfFilter@2aaae8d1, org.springframework.security.web.authentication.logout.LogoutFilter@368bb9ca, org.springframework.security.web.authentication.UsernamePasswordAuthenticationFilter@2f833903, org.springframework.security.web.savedrequest.RequestCacheAwareFilter@58f70b1a, org.springframework.security.web.servletapi.SecurityContextHolderAwareRequestFilter@54d53746, org.springframework.security.web.authentication.AnonymousAuthenticationFilter@2e750efb, org.springframework.security.web.session.SessionManagementFilter@c7dd83e, org.springframework.security.web.access.ExceptionTranslationFilter@2b604a45, org.springframework.security.web.access.intercept.FilterSecurityInterceptor@68de245d]
64290 [restartedMain] DEBUG o.s.s.w.a.e.ExpressionBasedFilterInvocationSecurityMetadataSource - Adding web access control expression 'hasAnyRole('ROLE_USER')', for org.springframework.security.web.util.matcher.AnyRequestMatcher@1
64291 [restartedMain] DEBUG o.s.s.w.a.i.FilterSecurityInterceptor - Validated configuration attributes
64291 [restartedMain] DEBUG o.s.s.w.a.i.FilterSecurityInterceptor - Validated configuration attributes
64291 [restartedMain] INFO  o.s.s.w.DefaultSecurityFilterChain - Creating filter chain: OrRequestMatcher [requestMatchers=[Ant [pattern='/**']]], [org.springframework.security.web.context.request.async.WebAsyncManagerIntegrationFilter@10bc6b26, org.springframework.security.web.context.SecurityContextPersistenceFilter@2575bfac, org.springframework.security.web.header.HeaderWriterFilter@27ae8d85, org.springframework.security.web.authentication.logout.LogoutFilter@5a698c97, org.springframework.security.web.authentication.www.BasicAuthenticationFilter@5269d0a9, org.springframework.security.web.savedrequest.RequestCacheAwareFilter@3e765d59, org.springframework.security.web.servletapi.SecurityContextHolderAwareRequestFilter@6d673db7, org.springframework.security.web.authentication.AnonymousAuthenticationFilter@24110f8b, org.springframework.security.web.session.SessionManagementFilter@1955dd99, org.springframework.security.web.access.ExceptionTranslationFilter@75add6a5, org.springframework.security.web.access.intercept.FilterSecurityInterceptor@4c8884]
67744 [Thread-24] WARN  o.s.b.f.s.DisposableBeanAdapter - Invocation of destroy method failed on bean with name 'classPathFileSystemWatcher': java.lang.NullPointerException
69196 [restartedMain] DEBUG o.s.s.c.a.a.c.AuthenticationConfiguration$EnableGlobalAuthenticationAutowiredConfigurer - Eagerly initializing {org.springframework.boot.autoconfigure.security.SpringBootWebSecurityConfiguration=org.springframework.boot.autoconfigure.security.SpringBootWebSecurityConfiguration$$EnhancerBySpringCGLIB$$8577c6a1@474ef8b3}
69202 [restartedMain] INFO  o.s.s.w.DefaultSecurityFilterChain - Creating filter chain: OrRequestMatcher [requestMatchers=[Ant [pattern='/css/**'], Ant [pattern='/js/**'], Ant [pattern='/images/**'], Ant [pattern='/webjars/**'], Ant [pattern='/**/favicon.ico'], Ant [pattern='/error']]], []
69207 [restartedMain] DEBUG o.s.s.w.a.e.ExpressionBasedFilterInvocationSecurityMetadataSource - Adding web access control expression 'permitAll', for ExactUrl [processUrl='/login?error']
69207 [restartedMain] DEBUG o.s.s.w.a.e.ExpressionBasedFilterInvocationSecurityMetadataSource - Adding web access control expression 'permitAll', for ExactUrl [processUrl='/login']
69207 [restartedMain] DEBUG o.s.s.w.a.e.ExpressionBasedFilterInvocationSecurityMetadataSource - Adding web access control expression 'permitAll', for ExactUrl [processUrl='/login']
69207 [restartedMain] DEBUG o.s.s.w.a.e.ExpressionBasedFilterInvocationSecurityMetadataSource - Adding web access control expression 'permitAll', for Ant [pattern='/logout', POST]
69207 [restartedMain] DEBUG o.s.s.w.a.e.ExpressionBasedFilterInvocationSecurityMetadataSource - Adding web access control expression 'permitAll', for ExactUrl [processUrl='/login?logout']
69207 [restartedMain] DEBUG o.s.s.w.a.e.ExpressionBasedFilterInvocationSecurityMetadataSource - Adding web access control expression 'permitAll', for Ant [pattern='/bootstrap/**']
69207 [restartedMain] DEBUG o.s.s.w.a.e.ExpressionBasedFilterInvocationSecurityMetadataSource - Adding web access control expression 'permitAll', for Ant [pattern='/error/**']
69207 [restartedMain] DEBUG o.s.s.w.a.e.ExpressionBasedFilterInvocationSecurityMetadataSource - Adding web access control expression 'permitAll', for Ant [pattern='/img/**']
69207 [restartedMain] DEBUG o.s.s.w.a.e.ExpressionBasedFilterInvocationSecurityMetadataSource - Adding web access control expression 'permitAll', for Ant [pattern='/jquery/**']
69207 [restartedMain] DEBUG o.s.s.w.a.e.ExpressionBasedFilterInvocationSecurityMetadataSource - Adding web access control expression 'permitAll', for Ant [pattern='/temp']
69207 [restartedMain] DEBUG o.s.s.w.a.e.ExpressionBasedFilterInvocationSecurityMetadataSource - Adding web access control expression 'permitAll', for Ant [pattern='/temp.ftl']
69207 [restartedMain] DEBUG o.s.s.w.a.e.ExpressionBasedFilterInvocationSecurityMetadataSource - Adding web access control expression 'authenticated', for org.springframework.security.web.util.matcher.AnyRequestMatcher@1
69207 [restartedMain] DEBUG o.s.s.w.a.i.FilterSecurityInterceptor - Validated configuration attributes
69208 [restartedMain] DEBUG o.s.s.w.a.i.FilterSecurityInterceptor - Validated configuration attributes
69211 [restartedMain] INFO  o.s.s.w.DefaultSecurityFilterChain - Creating filter chain: org.springframework.security.web.util.matcher.AnyRequestMatcher@1, [org.springframework.security.web.context.request.async.WebAsyncManagerIntegrationFilter@33047e55, org.springframework.security.web.context.SecurityContextPersistenceFilter@34584b96, org.springframework.security.web.header.HeaderWriterFilter@6939f7d1, org.springframework.security.web.csrf.CsrfFilter@701f1b3b, org.springframework.security.web.authentication.logout.LogoutFilter@7c6a000d, org.springframework.security.web.authentication.UsernamePasswordAuthenticationFilter@1c3653cf, org.springframework.security.web.savedrequest.RequestCacheAwareFilter@549c8c22, org.springframework.security.web.servletapi.SecurityContextHolderAwareRequestFilter@723d6e1f, org.springframework.security.web.authentication.AnonymousAuthenticationFilter@3ad24257, org.springframework.security.web.session.SessionManagementFilter@3c9649fc, org.springframework.security.web.access.ExceptionTranslationFilter@318a35da, org.springframework.security.web.access.intercept.FilterSecurityInterceptor@2f67fd07]
69212 [restartedMain] DEBUG o.s.s.w.a.e.ExpressionBasedFilterInvocationSecurityMetadataSource - Adding web access control expression 'hasAnyRole('ROLE_USER')', for org.springframework.security.web.util.matcher.AnyRequestMatcher@1
69212 [restartedMain] DEBUG o.s.s.w.a.i.FilterSecurityInterceptor - Validated configuration attributes
69213 [restartedMain] DEBUG o.s.s.w.a.i.FilterSecurityInterceptor - Validated configuration attributes
69213 [restartedMain] INFO  o.s.s.w.DefaultSecurityFilterChain - Creating filter chain: OrRequestMatcher [requestMatchers=[Ant [pattern='/**']]], [org.springframework.security.web.context.request.async.WebAsyncManagerIntegrationFilter@2d31e38a, org.springframework.security.web.context.SecurityContextPersistenceFilter@53590672, org.springframework.security.web.header.HeaderWriterFilter@4f2c0a2e, org.springframework.security.web.authentication.logout.LogoutFilter@11890826, org.springframework.security.web.authentication.www.BasicAuthenticationFilter@af8e6f3, org.springframework.security.web.savedrequest.RequestCacheAwareFilter@1697c04f, org.springframework.security.web.servletapi.SecurityContextHolderAwareRequestFilter@39c5d5c9, org.springframework.security.web.authentication.AnonymousAuthenticationFilter@51b69d6b, org.springframework.security.web.session.SessionManagementFilter@13576679, org.springframework.security.web.access.ExceptionTranslationFilter@5f735f01, org.springframework.security.web.access.intercept.FilterSecurityInterceptor@212a62f6]
189942 [http-nio-8080-exec-1] DEBUG o.s.s.w.u.matcher.OrRequestMatcher - Trying to match using Ant [pattern='/css/**']
189943 [http-nio-8080-exec-1] DEBUG o.s.s.w.u.m.AntPathRequestMatcher - Checking match of request : '/'; against '/css/**'
189944 [http-nio-8080-exec-1] DEBUG o.s.s.w.u.matcher.OrRequestMatcher - Trying to match using Ant [pattern='/js/**']
189944 [http-nio-8080-exec-1] DEBUG o.s.s.w.u.m.AntPathRequestMatcher - Checking match of request : '/'; against '/js/**'
189944 [http-nio-8080-exec-1] DEBUG o.s.s.w.u.matcher.OrRequestMatcher - Trying to match using Ant [pattern='/images/**']
189944 [http-nio-8080-exec-1] DEBUG o.s.s.w.u.m.AntPathRequestMatcher - Checking match of request : '/'; against '/images/**'
189944 [http-nio-8080-exec-1] DEBUG o.s.s.w.u.matcher.OrRequestMatcher - Trying to match using Ant [pattern='/webjars/**']
189944 [http-nio-8080-exec-1] DEBUG o.s.s.w.u.m.AntPathRequestMatcher - Checking match of request : '/'; against '/webjars/**'
189944 [http-nio-8080-exec-1] DEBUG o.s.s.w.u.matcher.OrRequestMatcher - Trying to match using Ant [pattern='/**/favicon.ico']
189944 [http-nio-8080-exec-1] DEBUG o.s.s.w.u.m.AntPathRequestMatcher - Checking match of request : '/'; against '/**/favicon.ico'
189944 [http-nio-8080-exec-1] DEBUG o.s.s.w.u.matcher.OrRequestMatcher - Trying to match using Ant [pattern='/error']
189944 [http-nio-8080-exec-1] DEBUG o.s.s.w.u.m.AntPathRequestMatcher - Checking match of request : '/'; against '/error'
189944 [http-nio-8080-exec-1] DEBUG o.s.s.w.u.matcher.OrRequestMatcher - No matches found
189944 [http-nio-8080-exec-1] DEBUG o.s.security.web.FilterChainProxy - / at position 1 of 12 in additional filter chain; firing Filter: 'WebAsyncManagerIntegrationFilter'
189944 [http-nio-8080-exec-1] DEBUG o.s.security.web.FilterChainProxy - / at position 2 of 12 in additional filter chain; firing Filter: 'SecurityContextPersistenceFilter'
189944 [http-nio-8080-exec-1] DEBUG o.s.s.w.c.HttpSessionSecurityContextRepository - HttpSession returned null object for SPRING_SECURITY_CONTEXT
189944 [http-nio-8080-exec-1] DEBUG o.s.s.w.c.HttpSessionSecurityContextRepository - No SecurityContext was available from the HttpSession: org.apache.catalina.session.StandardSessionFacade@2247e7fd. A new one will be created.
189944 [http-nio-8080-exec-1] DEBUG o.s.security.web.FilterChainProxy - / at position 3 of 12 in additional filter chain; firing Filter: 'HeaderWriterFilter'
189944 [http-nio-8080-exec-1] DEBUG o.s.s.w.h.writers.HstsHeaderWriter - Not injecting HSTS header since it did not match the requestMatcher org.springframework.security.web.header.writers.HstsHeaderWriter$SecureRequestMatcher@2678676d
189944 [http-nio-8080-exec-1] DEBUG o.s.security.web.FilterChainProxy - / at position 4 of 12 in additional filter chain; firing Filter: 'CsrfFilter'
189945 [http-nio-8080-exec-1] DEBUG o.s.security.web.FilterChainProxy - / at position 5 of 12 in additional filter chain; firing Filter: 'LogoutFilter'
189945 [http-nio-8080-exec-1] DEBUG o.s.s.w.u.m.AntPathRequestMatcher - Request 'GET /' doesn't match 'POST /logout
189945 [http-nio-8080-exec-1] DEBUG o.s.security.web.FilterChainProxy - / at position 6 of 12 in additional filter chain; firing Filter: 'UsernamePasswordAuthenticationFilter'
189945 [http-nio-8080-exec-1] DEBUG o.s.s.w.u.m.AntPathRequestMatcher - Request 'GET /' doesn't match 'POST /login
189945 [http-nio-8080-exec-1] DEBUG o.s.security.web.FilterChainProxy - / at position 7 of 12 in additional filter chain; firing Filter: 'RequestCacheAwareFilter'
189945 [http-nio-8080-exec-1] DEBUG o.s.security.web.FilterChainProxy - / at position 8 of 12 in additional filter chain; firing Filter: 'SecurityContextHolderAwareRequestFilter'
189949 [http-nio-8080-exec-1] DEBUG o.s.security.web.FilterChainProxy - / at position 9 of 12 in additional filter chain; firing Filter: 'AnonymousAuthenticationFilter'
189950 [http-nio-8080-exec-1] DEBUG o.s.s.w.a.AnonymousAuthenticationFilter - Populated SecurityContextHolder with anonymous token: 'org.springframework.security.authentication.AnonymousAuthenticationToken@9056f12c: Principal: anonymousUser; Credentials: [PROTECTED]; Authenticated: true; Details: org.springframework.security.web.authentication.WebAuthenticationDetails@380f4: RemoteIpAddress: 0:0:0:0:0:0:0:1; SessionId: E19E57469EE6F381AC3AE07038133466; Granted Authorities: ROLE_ANONYMOUS'
189950 [http-nio-8080-exec-1] DEBUG o.s.security.web.FilterChainProxy - / at position 10 of 12 in additional filter chain; firing Filter: 'SessionManagementFilter'
189950 [http-nio-8080-exec-1] DEBUG o.s.security.web.FilterChainProxy - / at position 11 of 12 in additional filter chain; firing Filter: 'ExceptionTranslationFilter'
189950 [http-nio-8080-exec-1] DEBUG o.s.security.web.FilterChainProxy - / at position 12 of 12 in additional filter chain; firing Filter: 'FilterSecurityInterceptor'
189951 [http-nio-8080-exec-1] DEBUG o.s.s.w.u.m.AntPathRequestMatcher - Request 'GET /' doesn't match 'POST /logout
189951 [http-nio-8080-exec-1] DEBUG o.s.s.w.u.m.AntPathRequestMatcher - Checking match of request : '/'; against '/bootstrap/**'
189951 [http-nio-8080-exec-1] DEBUG o.s.s.w.u.m.AntPathRequestMatcher - Checking match of request : '/'; against '/error/**'
189951 [http-nio-8080-exec-1] DEBUG o.s.s.w.u.m.AntPathRequestMatcher - Checking match of request : '/'; against '/img/**'
189951 [http-nio-8080-exec-1] DEBUG o.s.s.w.u.m.AntPathRequestMatcher - Checking match of request : '/'; against '/jquery/**'
189951 [http-nio-8080-exec-1] DEBUG o.s.s.w.u.m.AntPathRequestMatcher - Checking match of request : '/'; against '/temp'
189951 [http-nio-8080-exec-1] DEBUG o.s.s.w.u.m.AntPathRequestMatcher - Checking match of request : '/'; against '/temp.ftl'
189951 [http-nio-8080-exec-1] DEBUG o.s.s.w.a.i.FilterSecurityInterceptor - Secure object: FilterInvocation: URL: /; Attributes: [authenticated]
189951 [http-nio-8080-exec-1] DEBUG o.s.s.w.a.i.FilterSecurityInterceptor - Previously Authenticated: org.springframework.security.authentication.AnonymousAuthenticationToken@9056f12c: Principal: anonymousUser; Credentials: [PROTECTED]; Authenticated: true; Details: org.springframework.security.web.authentication.WebAuthenticationDetails@380f4: RemoteIpAddress: 0:0:0:0:0:0:0:1; SessionId: E19E57469EE6F381AC3AE07038133466; Granted Authorities: ROLE_ANONYMOUS
189955 [http-nio-8080-exec-1] DEBUG o.s.s.access.vote.AffirmativeBased - Voter: org.springframework.security.web.access.expression.WebExpressionVoter@5b1f5274, returned: -1
189957 [http-nio-8080-exec-1] DEBUG o.s.s.w.a.ExceptionTranslationFilter - Access is denied (user is anonymous); redirecting to authentication entry point
org.springframework.security.access.AccessDeniedException: Access is denied
	at org.springframework.security.access.vote.AffirmativeBased.decide(AffirmativeBased.java:84)
	at org.springframework.security.access.intercept.AbstractSecurityInterceptor.beforeInvocation(AbstractSecurityInterceptor.java:233)
	at org.springframework.security.web.access.intercept.FilterSecurityInterceptor.invoke(FilterSecurityInterceptor.java:124)
	at org.springframework.security.web.access.intercept.FilterSecurityInterceptor.doFilter(FilterSecurityInterceptor.java:91)
	at org.springframework.security.web.FilterChainProxy$VirtualFilterChain.doFilter(FilterChainProxy.java:331)
	at org.springframework.security.web.access.ExceptionTranslationFilter.doFilter(ExceptionTranslationFilter.java:114)
	at org.springframework.security.web.FilterChainProxy$VirtualFilterChain.doFilter(FilterChainProxy.java:331)
	at org.springframework.security.web.session.SessionManagementFilter.doFilter(SessionManagementFilter.java:137)
	at org.springframework.security.web.FilterChainProxy$VirtualFilterChain.doFilter(FilterChainProxy.java:331)
	at org.springframework.security.web.authentication.AnonymousAuthenticationFilter.doFilter(AnonymousAuthenticationFilter.java:111)
	at org.springframework.security.web.FilterChainProxy$VirtualFilterChain.doFilter(FilterChainProxy.java:331)
	at org.springframework.security.web.servletapi.SecurityContextHolderAwareRequestFilter.doFilter(SecurityContextHolderAwareRequestFilter.java:170)
	at org.springframework.security.web.FilterChainProxy$VirtualFilterChain.doFilter(FilterChainProxy.java:331)
	at org.springframework.security.web.savedrequest.RequestCacheAwareFilter.doFilter(RequestCacheAwareFilter.java:63)
	at org.springframework.security.web.FilterChainProxy$VirtualFilterChain.doFilter(FilterChainProxy.java:331)
	at org.springframework.security.web.authentication.AbstractAuthenticationProcessingFilter.doFilter(AbstractAuthenticationProcessingFilter.java:200)
	at org.springframework.security.web.FilterChainProxy$VirtualFilterChain.doFilter(FilterChainProxy.java:331)
	at org.springframework.security.web.authentication.logout.LogoutFilter.doFilter(LogoutFilter.java:116)
	at org.springframework.security.web.FilterChainProxy$VirtualFilterChain.doFilter(FilterChainProxy.java:331)
	at org.springframework.security.web.csrf.CsrfFilter.doFilterInternal(CsrfFilter.java:100)
	at org.springframework.web.filter.OncePerRequestFilter.doFilter(OncePerRequestFilter.java:107)
	at org.springframework.security.web.FilterChainProxy$VirtualFilterChain.doFilter(FilterChainProxy.java:331)
	at org.springframework.security.web.header.HeaderWriterFilter.doFilterInternal(HeaderWriterFilter.java:64)
	at org.springframework.web.filter.OncePerRequestFilter.doFilter(OncePerRequestFilter.java:107)
	at org.springframework.security.web.FilterChainProxy$VirtualFilterChain.doFilter(FilterChainProxy.java:331)
	at org.springframework.security.web.context.SecurityContextPersistenceFilter.doFilter(SecurityContextPersistenceFilter.java:105)
	at org.springframework.security.web.FilterChainProxy$VirtualFilterChain.doFilter(FilterChainProxy.java:331)
	at org.springframework.security.web.context.request.async.WebAsyncManagerIntegrationFilter.doFilterInternal(WebAsyncManagerIntegrationFilter.java:56)
	at org.springframework.web.filter.OncePerRequestFilter.doFilter(OncePerRequestFilter.java:107)
	at org.springframework.security.web.FilterChainProxy$VirtualFilterChain.doFilter(FilterChainProxy.java:331)
	at org.springframework.security.web.FilterChainProxy.doFilterInternal(FilterChainProxy.java:214)
	at org.springframework.security.web.FilterChainProxy.doFilter(FilterChainProxy.java:177)
	at org.springframework.web.filter.DelegatingFilterProxy.invokeDelegate(DelegatingFilterProxy.java:347)
	at org.springframework.web.filter.DelegatingFilterProxy.doFilter(DelegatingFilterProxy.java:263)
	at org.apache.catalina.core.ApplicationFilterChain.internalDoFilter(ApplicationFilterChain.java:193)
	at org.apache.catalina.core.ApplicationFilterChain.doFilter(ApplicationFilterChain.java:166)
	at org.springframework.web.filter.RequestContextFilter.doFilterInternal(RequestContextFilter.java:99)
	at org.springframework.web.filter.OncePerRequestFilter.doFilter(OncePerRequestFilter.java:107)
	at org.apache.catalina.core.ApplicationFilterChain.internalDoFilter(ApplicationFilterChain.java:193)
	at org.apache.catalina.core.ApplicationFilterChain.doFilter(ApplicationFilterChain.java:166)
	at org.springframework.web.filter.HttpPutFormContentFilter.doFilterInternal(HttpPutFormContentFilter.java:108)
	at org.springframework.web.filter.OncePerRequestFilter.doFilter(OncePerRequestFilter.java:107)
	at org.apache.catalina.core.ApplicationFilterChain.internalDoFilter(ApplicationFilterChain.java:193)
	at org.apache.catalina.core.ApplicationFilterChain.doFilter(ApplicationFilterChain.java:166)
	at org.springframework.web.filter.HiddenHttpMethodFilter.doFilterInternal(HiddenHttpMethodFilter.java:81)
	at org.springframework.web.filter.OncePerRequestFilter.doFilter(OncePerRequestFilter.java:107)
	at org.apache.catalina.core.ApplicationFilterChain.internalDoFilter(ApplicationFilterChain.java:193)
	at org.apache.catalina.core.ApplicationFilterChain.doFilter(ApplicationFilterChain.java:166)
	at org.springframework.web.filter.CharacterEncodingFilter.doFilterInternal(CharacterEncodingFilter.java:197)
	at org.springframework.web.filter.OncePerRequestFilter.doFilter(OncePerRequestFilter.java:107)
	at org.apache.catalina.core.ApplicationFilterChain.internalDoFilter(ApplicationFilterChain.java:193)
	at org.apache.catalina.core.ApplicationFilterChain.doFilter(ApplicationFilterChain.java:166)
	at org.apache.catalina.core.StandardWrapperValve.invoke(StandardWrapperValve.java:199)
	at org.apache.catalina.core.StandardContextValve.invoke(StandardContextValve.java:96)
	at org.apache.catalina.authenticator.AuthenticatorBase.invoke(AuthenticatorBase.java:478)
	at org.apache.catalina.core.StandardHostValve.invoke(StandardHostValve.java:140)
	at org.apache.catalina.valves.ErrorReportValve.invoke(ErrorReportValve.java:81)
	at org.apache.catalina.core.StandardEngineValve.invoke(StandardEngineValve.java:87)
	at org.apache.catalina.connector.CoyoteAdapter.service(CoyoteAdapter.java:342)
	at org.apache.coyote.http11.Http11Processor.service(Http11Processor.java:803)
	at org.apache.coyote.AbstractProcessorLight.process(AbstractProcessorLight.java:66)
	at org.apache.coyote.AbstractProtocol$ConnectionHandler.process(AbstractProtocol.java:868)
	at org.apache.tomcat.util.net.NioEndpoint$SocketProcessor.doRun(NioEndpoint.java:1459)
	at org.apache.tomcat.util.net.SocketProcessorBase.run(SocketProcessorBase.java:49)
	at java.util.concurrent.ThreadPoolExecutor.runWorker(ThreadPoolExecutor.java:1149)
	at java.util.concurrent.ThreadPoolExecutor$Worker.run(ThreadPoolExecutor.java:624)
	at org.apache.tomcat.util.threads.TaskThread$WrappingRunnable.run(TaskThread.java:61)
	at java.lang.Thread.run(Thread.java:748)
189959 [http-nio-8080-exec-1] DEBUG o.s.s.w.u.matcher.AndRequestMatcher - Trying to match using Ant [pattern='/**', GET]
189959 [http-nio-8080-exec-1] DEBUG o.s.s.w.u.m.AntPathRequestMatcher - Request '/' matched by universal pattern '/**'
189959 [http-nio-8080-exec-1] DEBUG o.s.s.w.u.matcher.AndRequestMatcher - Trying to match using NegatedRequestMatcher [requestMatcher=Ant [pattern='/**/favicon.ico']]
189959 [http-nio-8080-exec-1] DEBUG o.s.s.w.u.m.AntPathRequestMatcher - Checking match of request : '/'; against '/**/favicon.ico'
189959 [http-nio-8080-exec-1] DEBUG o.s.s.w.u.m.NegatedRequestMatcher - matches = true
189959 [http-nio-8080-exec-1] DEBUG o.s.s.w.u.matcher.AndRequestMatcher - Trying to match using NegatedRequestMatcher [requestMatcher=MediaTypeRequestMatcher [contentNegotiationStrategy=org.springframework.web.accept.ContentNegotiationManager@51434f8, matchingMediaTypes=[application/json], useEquals=false, ignoredMediaTypes=[*/*]]]
189959 [http-nio-8080-exec-1] DEBUG o.s.s.w.u.m.MediaTypeRequestMatcher - httpRequestMediaTypes=[text/html, application/xhtml+xml, image/webp, image/apng, application/xml;q=0.9, */*;q=0.8]
189960 [http-nio-8080-exec-1] DEBUG o.s.s.w.u.m.MediaTypeRequestMatcher - Processing text/html
189960 [http-nio-8080-exec-1] DEBUG o.s.s.w.u.m.MediaTypeRequestMatcher - application/json .isCompatibleWith text/html = false
189960 [http-nio-8080-exec-1] DEBUG o.s.s.w.u.m.MediaTypeRequestMatcher - Processing application/xhtml+xml
189960 [http-nio-8080-exec-1] DEBUG o.s.s.w.u.m.MediaTypeRequestMatcher - application/json .isCompatibleWith application/xhtml+xml = false
189960 [http-nio-8080-exec-1] DEBUG o.s.s.w.u.m.MediaTypeRequestMatcher - Processing image/webp
189960 [http-nio-8080-exec-1] DEBUG o.s.s.w.u.m.MediaTypeRequestMatcher - application/json .isCompatibleWith image/webp = false
189960 [http-nio-8080-exec-1] DEBUG o.s.s.w.u.m.MediaTypeRequestMatcher - Processing image/apng
189960 [http-nio-8080-exec-1] DEBUG o.s.s.w.u.m.MediaTypeRequestMatcher - application/json .isCompatibleWith image/apng = false
189960 [http-nio-8080-exec-1] DEBUG o.s.s.w.u.m.MediaTypeRequestMatcher - Processing application/xml;q=0.9
189960 [http-nio-8080-exec-1] DEBUG o.s.s.w.u.m.MediaTypeRequestMatcher - application/json .isCompatibleWith application/xml;q=0.9 = false
189960 [http-nio-8080-exec-1] DEBUG o.s.s.w.u.m.MediaTypeRequestMatcher - Processing */*;q=0.8
189960 [http-nio-8080-exec-1] DEBUG o.s.s.w.u.m.MediaTypeRequestMatcher - Ignoring
189960 [http-nio-8080-exec-1] DEBUG o.s.s.w.u.m.MediaTypeRequestMatcher - Did not match any media types
189960 [http-nio-8080-exec-1] DEBUG o.s.s.w.u.m.NegatedRequestMatcher - matches = true
189960 [http-nio-8080-exec-1] DEBUG o.s.s.w.u.matcher.AndRequestMatcher - Trying to match using NegatedRequestMatcher [requestMatcher=RequestHeaderRequestMatcher [expectedHeaderName=X-Requested-With, expectedHeaderValue=XMLHttpRequest]]
189960 [http-nio-8080-exec-1] DEBUG o.s.s.w.u.m.NegatedRequestMatcher - matches = true
189960 [http-nio-8080-exec-1] DEBUG o.s.s.w.u.matcher.AndRequestMatcher - All requestMatchers returned true
189962 [http-nio-8080-exec-1] DEBUG o.s.s.w.s.HttpSessionRequestCache - DefaultSavedRequest added to Session: DefaultSavedRequest[http://localhost:8080/]
189962 [http-nio-8080-exec-1] DEBUG o.s.s.w.a.ExceptionTranslationFilter - Calling Authentication entry point.
189963 [http-nio-8080-exec-1] DEBUG o.s.s.web.DefaultRedirectStrategy - Redirecting to 'http://localhost:8080/login'
189963 [http-nio-8080-exec-1] DEBUG o.s.s.w.c.HttpSessionSecurityContextRepository - SecurityContext is empty or contents are anonymous - context will not be stored in HttpSession.
189963 [http-nio-8080-exec-1] DEBUG o.s.s.w.c.SecurityContextPersistenceFilter - SecurityContextHolder now cleared, as request processing completed
189967 [http-nio-8080-exec-2] DEBUG o.s.s.w.u.matcher.OrRequestMatcher - Trying to match using Ant [pattern='/css/**']
189967 [http-nio-8080-exec-2] DEBUG o.s.s.w.u.m.AntPathRequestMatcher - Checking match of request : '/login'; against '/css/**'
189967 [http-nio-8080-exec-2] DEBUG o.s.s.w.u.matcher.OrRequestMatcher - Trying to match using Ant [pattern='/js/**']
189967 [http-nio-8080-exec-2] DEBUG o.s.s.w.u.m.AntPathRequestMatcher - Checking match of request : '/login'; against '/js/**'
189967 [http-nio-8080-exec-2] DEBUG o.s.s.w.u.matcher.OrRequestMatcher - Trying to match using Ant [pattern='/images/**']
189967 [http-nio-8080-exec-2] DEBUG o.s.s.w.u.m.AntPathRequestMatcher - Checking match of request : '/login'; against '/images/**'
189967 [http-nio-8080-exec-2] DEBUG o.s.s.w.u.matcher.OrRequestMatcher - Trying to match using Ant [pattern='/webjars/**']
189967 [http-nio-8080-exec-2] DEBUG o.s.s.w.u.m.AntPathRequestMatcher - Checking match of request : '/login'; against '/webjars/**'
189967 [http-nio-8080-exec-2] DEBUG o.s.s.w.u.matcher.OrRequestMatcher - Trying to match using Ant [pattern='/**/favicon.ico']
189967 [http-nio-8080-exec-2] DEBUG o.s.s.w.u.m.AntPathRequestMatcher - Checking match of request : '/login'; against '/**/favicon.ico'
189967 [http-nio-8080-exec-2] DEBUG o.s.s.w.u.matcher.OrRequestMatcher - Trying to match using Ant [pattern='/error']
189967 [http-nio-8080-exec-2] DEBUG o.s.s.w.u.m.AntPathRequestMatcher - Checking match of request : '/login'; against '/error'
189967 [http-nio-8080-exec-2] DEBUG o.s.s.w.u.matcher.OrRequestMatcher - No matches found
189967 [http-nio-8080-exec-2] DEBUG o.s.security.web.FilterChainProxy - /login at position 1 of 12 in additional filter chain; firing Filter: 'WebAsyncManagerIntegrationFilter'
189967 [http-nio-8080-exec-2] DEBUG o.s.security.web.FilterChainProxy - /login at position 2 of 12 in additional filter chain; firing Filter: 'SecurityContextPersistenceFilter'
189967 [http-nio-8080-exec-2] DEBUG o.s.s.w.c.HttpSessionSecurityContextRepository - HttpSession returned null object for SPRING_SECURITY_CONTEXT
189967 [http-nio-8080-exec-2] DEBUG o.s.s.w.c.HttpSessionSecurityContextRepository - No SecurityContext was available from the HttpSession: org.apache.catalina.session.StandardSessionFacade@2247e7fd. A new one will be created.
189967 [http-nio-8080-exec-2] DEBUG o.s.security.web.FilterChainProxy - /login at position 3 of 12 in additional filter chain; firing Filter: 'HeaderWriterFilter'
189967 [http-nio-8080-exec-2] DEBUG o.s.s.w.h.writers.HstsHeaderWriter - Not injecting HSTS header since it did not match the requestMatcher org.springframework.security.web.header.writers.HstsHeaderWriter$SecureRequestMatcher@2678676d
189967 [http-nio-8080-exec-2] DEBUG o.s.security.web.FilterChainProxy - /login at position 4 of 12 in additional filter chain; firing Filter: 'CsrfFilter'
189967 [http-nio-8080-exec-2] DEBUG o.s.security.web.FilterChainProxy - /login at position 5 of 12 in additional filter chain; firing Filter: 'LogoutFilter'
189967 [http-nio-8080-exec-2] DEBUG o.s.s.w.u.m.AntPathRequestMatcher - Request 'GET /login' doesn't match 'POST /logout
189967 [http-nio-8080-exec-2] DEBUG o.s.security.web.FilterChainProxy - /login at position 6 of 12 in additional filter chain; firing Filter: 'UsernamePasswordAuthenticationFilter'
189967 [http-nio-8080-exec-2] DEBUG o.s.s.w.u.m.AntPathRequestMatcher - Request 'GET /login' doesn't match 'POST /login
189967 [http-nio-8080-exec-2] DEBUG o.s.security.web.FilterChainProxy - /login at position 7 of 12 in additional filter chain; firing Filter: 'RequestCacheAwareFilter'
189967 [http-nio-8080-exec-2] DEBUG o.s.s.w.s.DefaultSavedRequest - pathInfo: both null (property equals)
189967 [http-nio-8080-exec-2] DEBUG o.s.s.w.s.DefaultSavedRequest - queryString: both null (property equals)
189968 [http-nio-8080-exec-2] DEBUG o.s.s.w.s.DefaultSavedRequest - requestURI: arg1=/; arg2=/login (property not equals)
189970 [http-nio-8080-exec-2] DEBUG o.s.s.w.s.HttpSessionRequestCache - saved request doesn't match
189970 [http-nio-8080-exec-2] DEBUG o.s.security.web.FilterChainProxy - /login at position 8 of 12 in additional filter chain; firing Filter: 'SecurityContextHolderAwareRequestFilter'
189970 [http-nio-8080-exec-2] DEBUG o.s.security.web.FilterChainProxy - /login at position 9 of 12 in additional filter chain; firing Filter: 'AnonymousAuthenticationFilter'
189970 [http-nio-8080-exec-2] DEBUG o.s.s.w.a.AnonymousAuthenticationFilter - Populated SecurityContextHolder with anonymous token: 'org.springframework.security.authentication.AnonymousAuthenticationToken@9056f12c: Principal: anonymousUser; Credentials: [PROTECTED]; Authenticated: true; Details: org.springframework.security.web.authentication.WebAuthenticationDetails@380f4: RemoteIpAddress: 0:0:0:0:0:0:0:1; SessionId: E19E57469EE6F381AC3AE07038133466; Granted Authorities: ROLE_ANONYMOUS'
189970 [http-nio-8080-exec-2] DEBUG o.s.security.web.FilterChainProxy - /login at position 10 of 12 in additional filter chain; firing Filter: 'SessionManagementFilter'
189970 [http-nio-8080-exec-2] DEBUG o.s.security.web.FilterChainProxy - /login at position 11 of 12 in additional filter chain; firing Filter: 'ExceptionTranslationFilter'
189970 [http-nio-8080-exec-2] DEBUG o.s.security.web.FilterChainProxy - /login at position 12 of 12 in additional filter chain; firing Filter: 'FilterSecurityInterceptor'
189970 [http-nio-8080-exec-2] DEBUG o.s.s.w.a.i.FilterSecurityInterceptor - Secure object: FilterInvocation: URL: /login; Attributes: [permitAll]
189970 [http-nio-8080-exec-2] DEBUG o.s.s.w.a.i.FilterSecurityInterceptor - Previously Authenticated: org.springframework.security.authentication.AnonymousAuthenticationToken@9056f12c: Principal: anonymousUser; Credentials: [PROTECTED]; Authenticated: true; Details: org.springframework.security.web.authentication.WebAuthenticationDetails@380f4: RemoteIpAddress: 0:0:0:0:0:0:0:1; SessionId: E19E57469EE6F381AC3AE07038133466; Granted Authorities: ROLE_ANONYMOUS
189970 [http-nio-8080-exec-2] DEBUG o.s.s.access.vote.AffirmativeBased - Voter: org.springframework.security.web.access.expression.WebExpressionVoter@5b1f5274, returned: 1
189971 [http-nio-8080-exec-2] DEBUG o.s.s.w.a.i.FilterSecurityInterceptor - Authorization successful
189971 [http-nio-8080-exec-2] DEBUG o.s.s.w.a.i.FilterSecurityInterceptor - RunAsManager did not change Authentication object
189971 [http-nio-8080-exec-2] DEBUG o.s.security.web.FilterChainProxy - /login reached end of additional filter chain; proceeding with original chain
190017 [http-nio-8080-exec-2] DEBUG o.s.s.w.c.HttpSessionSecurityContextRepository - SecurityContext is empty or contents are anonymous - context will not be stored in HttpSession.
190021 [http-nio-8080-exec-2] DEBUG o.s.s.w.a.ExceptionTranslationFilter - Chain processed normally
190021 [http-nio-8080-exec-2] DEBUG o.s.s.w.c.SecurityContextPersistenceFilter - SecurityContextHolder now cleared, as request processing completed
190028 [http-nio-8080-exec-3] DEBUG o.s.s.w.u.matcher.OrRequestMatcher - Trying to match using Ant [pattern='/css/**']
190028 [http-nio-8080-exec-3] DEBUG o.s.s.w.u.m.AntPathRequestMatcher - Checking match of request : '/bootstrap/css/bootstrap.css'; against '/css/**'
190028 [http-nio-8080-exec-3] DEBUG o.s.s.w.u.matcher.OrRequestMatcher - Trying to match using Ant [pattern='/js/**']
190028 [http-nio-8080-exec-5] DEBUG o.s.s.w.u.matcher.OrRequestMatcher - Trying to match using Ant [pattern='/css/**']
190028 [http-nio-8080-exec-3] DEBUG o.s.s.w.u.m.AntPathRequestMatcher - Checking match of request : '/bootstrap/css/bootstrap.css'; against '/js/**'
190028 [http-nio-8080-exec-5] DEBUG o.s.s.w.u.m.AntPathRequestMatcher - Checking match of request : '/bootstrap/js/bootstrap.js'; against '/css/**'
190028 [http-nio-8080-exec-3] DEBUG o.s.s.w.u.matcher.OrRequestMatcher - Trying to match using Ant [pattern='/images/**']
190028 [http-nio-8080-exec-5] DEBUG o.s.s.w.u.matcher.OrRequestMatcher - Trying to match using Ant [pattern='/js/**']
190028 [http-nio-8080-exec-3] DEBUG o.s.s.w.u.m.AntPathRequestMatcher - Checking match of request : '/bootstrap/css/bootstrap.css'; against '/images/**'
190028 [http-nio-8080-exec-5] DEBUG o.s.s.w.u.m.AntPathRequestMatcher - Checking match of request : '/bootstrap/js/bootstrap.js'; against '/js/**'
190028 [http-nio-8080-exec-3] DEBUG o.s.s.w.u.matcher.OrRequestMatcher - Trying to match using Ant [pattern='/webjars/**']
190028 [http-nio-8080-exec-5] DEBUG o.s.s.w.u.matcher.OrRequestMatcher - Trying to match using Ant [pattern='/images/**']
190028 [http-nio-8080-exec-3] DEBUG o.s.s.w.u.m.AntPathRequestMatcher - Checking match of request : '/bootstrap/css/bootstrap.css'; against '/webjars/**'
190028 [http-nio-8080-exec-5] DEBUG o.s.s.w.u.m.AntPathRequestMatcher - Checking match of request : '/bootstrap/js/bootstrap.js'; against '/images/**'
190028 [http-nio-8080-exec-3] DEBUG o.s.s.w.u.matcher.OrRequestMatcher - Trying to match using Ant [pattern='/**/favicon.ico']
190028 [http-nio-8080-exec-5] DEBUG o.s.s.w.u.matcher.OrRequestMatcher - Trying to match using Ant [pattern='/webjars/**']
190028 [http-nio-8080-exec-3] DEBUG o.s.s.w.u.m.AntPathRequestMatcher - Checking match of request : '/bootstrap/css/bootstrap.css'; against '/**/favicon.ico'
190028 [http-nio-8080-exec-5] DEBUG o.s.s.w.u.m.AntPathRequestMatcher - Checking match of request : '/bootstrap/js/bootstrap.js'; against '/webjars/**'
190028 [http-nio-8080-exec-5] DEBUG o.s.s.w.u.matcher.OrRequestMatcher - Trying to match using Ant [pattern='/**/favicon.ico']
190028 [http-nio-8080-exec-3] DEBUG o.s.s.w.u.matcher.OrRequestMatcher - Trying to match using Ant [pattern='/error']
190028 [http-nio-8080-exec-5] DEBUG o.s.s.w.u.m.AntPathRequestMatcher - Checking match of request : '/bootstrap/js/bootstrap.js'; against '/**/favicon.ico'
190028 [http-nio-8080-exec-3] DEBUG o.s.s.w.u.m.AntPathRequestMatcher - Checking match of request : '/bootstrap/css/bootstrap.css'; against '/error'
190028 [http-nio-8080-exec-5] DEBUG o.s.s.w.u.matcher.OrRequestMatcher - Trying to match using Ant [pattern='/error']
190028 [http-nio-8080-exec-3] DEBUG o.s.s.w.u.matcher.OrRequestMatcher - No matches found
190028 [http-nio-8080-exec-4] DEBUG o.s.s.w.u.matcher.OrRequestMatcher - Trying to match using Ant [pattern='/css/**']
190028 [http-nio-8080-exec-5] DEBUG o.s.s.w.u.m.AntPathRequestMatcher - Checking match of request : '/bootstrap/js/bootstrap.js'; against '/error'
190028 [http-nio-8080-exec-3] DEBUG o.s.security.web.FilterChainProxy - /bootstrap/css/bootstrap.css at position 1 of 12 in additional filter chain; firing Filter: 'WebAsyncManagerIntegrationFilter'
190028 [http-nio-8080-exec-4] DEBUG o.s.s.w.u.m.AntPathRequestMatcher - Checking match of request : '/jquery/jquery-2.1.3.js'; against '/css/**'
190029 [http-nio-8080-exec-4] DEBUG o.s.s.w.u.matcher.OrRequestMatcher - Trying to match using Ant [pattern='/js/**']
190029 [http-nio-8080-exec-5] DEBUG o.s.s.w.u.matcher.OrRequestMatcher - No matches found
190029 [http-nio-8080-exec-3] DEBUG o.s.security.web.FilterChainProxy - /bootstrap/css/bootstrap.css at position 2 of 12 in additional filter chain; firing Filter: 'SecurityContextPersistenceFilter'
190033 [http-nio-8080-exec-4] DEBUG o.s.s.w.u.m.AntPathRequestMatcher - Checking match of request : '/jquery/jquery-2.1.3.js'; against '/js/**'
190033 [http-nio-8080-exec-5] DEBUG o.s.security.web.FilterChainProxy - /bootstrap/js/bootstrap.js at position 1 of 12 in additional filter chain; firing Filter: 'WebAsyncManagerIntegrationFilter'
190033 [http-nio-8080-exec-4] DEBUG o.s.s.w.u.matcher.OrRequestMatcher - Trying to match using Ant [pattern='/images/**']
190033 [http-nio-8080-exec-3] DEBUG o.s.s.w.c.HttpSessionSecurityContextRepository - HttpSession returned null object for SPRING_SECURITY_CONTEXT
190033 [http-nio-8080-exec-3] DEBUG o.s.s.w.c.HttpSessionSecurityContextRepository - No SecurityContext was available from the HttpSession: org.apache.catalina.session.StandardSessionFacade@2247e7fd. A new one will be created.
190033 [http-nio-8080-exec-5] DEBUG o.s.security.web.FilterChainProxy - /bootstrap/js/bootstrap.js at position 2 of 12 in additional filter chain; firing Filter: 'SecurityContextPersistenceFilter'
190033 [http-nio-8080-exec-3] DEBUG o.s.security.web.FilterChainProxy - /bootstrap/css/bootstrap.css at position 3 of 12 in additional filter chain; firing Filter: 'HeaderWriterFilter'
190033 [http-nio-8080-exec-4] DEBUG o.s.s.w.u.m.AntPathRequestMatcher - Checking match of request : '/jquery/jquery-2.1.3.js'; against '/images/**'
190033 [http-nio-8080-exec-4] DEBUG o.s.s.w.u.matcher.OrRequestMatcher - Trying to match using Ant [pattern='/webjars/**']
190033 [http-nio-8080-exec-5] DEBUG o.s.s.w.c.HttpSessionSecurityContextRepository - HttpSession returned null object for SPRING_SECURITY_CONTEXT
190033 [http-nio-8080-exec-4] DEBUG o.s.s.w.u.m.AntPathRequestMatcher - Checking match of request : '/jquery/jquery-2.1.3.js'; against '/webjars/**'
190034 [http-nio-8080-exec-3] DEBUG o.s.s.w.h.writers.HstsHeaderWriter - Not injecting HSTS header since it did not match the requestMatcher org.springframework.security.web.header.writers.HstsHeaderWriter$SecureRequestMatcher@2678676d
190034 [http-nio-8080-exec-4] DEBUG o.s.s.w.u.matcher.OrRequestMatcher - Trying to match using Ant [pattern='/**/favicon.ico']
190034 [http-nio-8080-exec-5] DEBUG o.s.s.w.c.HttpSessionSecurityContextRepository - No SecurityContext was available from the HttpSession: org.apache.catalina.session.StandardSessionFacade@2247e7fd. A new one will be created.
190034 [http-nio-8080-exec-3] DEBUG o.s.security.web.FilterChainProxy - /bootstrap/css/bootstrap.css at position 4 of 12 in additional filter chain; firing Filter: 'CsrfFilter'
190034 [http-nio-8080-exec-3] DEBUG o.s.security.web.FilterChainProxy - /bootstrap/css/bootstrap.css at position 5 of 12 in additional filter chain; firing Filter: 'LogoutFilter'
190034 [http-nio-8080-exec-4] DEBUG o.s.s.w.u.m.AntPathRequestMatcher - Checking match of request : '/jquery/jquery-2.1.3.js'; against '/**/favicon.ico'
190034 [http-nio-8080-exec-5] DEBUG o.s.security.web.FilterChainProxy - /bootstrap/js/bootstrap.js at position 3 of 12 in additional filter chain; firing Filter: 'HeaderWriterFilter'
190034 [http-nio-8080-exec-4] DEBUG o.s.s.w.u.matcher.OrRequestMatcher - Trying to match using Ant [pattern='/error']
190034 [http-nio-8080-exec-3] DEBUG o.s.s.w.u.m.AntPathRequestMatcher - Request 'GET /bootstrap/css/bootstrap.css' doesn't match 'POST /logout
190034 [http-nio-8080-exec-3] DEBUG o.s.security.web.FilterChainProxy - /bootstrap/css/bootstrap.css at position 6 of 12 in additional filter chain; firing Filter: 'UsernamePasswordAuthenticationFilter'
190034 [http-nio-8080-exec-4] DEBUG o.s.s.w.u.m.AntPathRequestMatcher - Checking match of request : '/jquery/jquery-2.1.3.js'; against '/error'
190034 [http-nio-8080-exec-5] DEBUG o.s.s.w.h.writers.HstsHeaderWriter - Not injecting HSTS header since it did not match the requestMatcher org.springframework.security.web.header.writers.HstsHeaderWriter$SecureRequestMatcher@2678676d
190034 [http-nio-8080-exec-4] DEBUG o.s.s.w.u.matcher.OrRequestMatcher - No matches found
190034 [http-nio-8080-exec-3] DEBUG o.s.s.w.u.m.AntPathRequestMatcher - Request 'GET /bootstrap/css/bootstrap.css' doesn't match 'POST /login
190034 [http-nio-8080-exec-4] DEBUG o.s.security.web.FilterChainProxy - /jquery/jquery-2.1.3.js at position 1 of 12 in additional filter chain; firing Filter: 'WebAsyncManagerIntegrationFilter'
190034 [http-nio-8080-exec-5] DEBUG o.s.security.web.FilterChainProxy - /bootstrap/js/bootstrap.js at position 4 of 12 in additional filter chain; firing Filter: 'CsrfFilter'
190034 [http-nio-8080-exec-3] DEBUG o.s.security.web.FilterChainProxy - /bootstrap/css/bootstrap.css at position 7 of 12 in additional filter chain; firing Filter: 'RequestCacheAwareFilter'
190034 [http-nio-8080-exec-4] DEBUG o.s.security.web.FilterChainProxy - /jquery/jquery-2.1.3.js at position 2 of 12 in additional filter chain; firing Filter: 'SecurityContextPersistenceFilter'
190034 [http-nio-8080-exec-3] DEBUG o.s.s.w.s.DefaultSavedRequest - pathInfo: both null (property equals)
190035 [http-nio-8080-exec-4] DEBUG o.s.s.w.c.HttpSessionSecurityContextRepository - HttpSession returned null object for SPRING_SECURITY_CONTEXT
190034 [http-nio-8080-exec-5] DEBUG o.s.security.web.FilterChainProxy - /bootstrap/js/bootstrap.js at position 5 of 12 in additional filter chain; firing Filter: 'LogoutFilter'
190035 [http-nio-8080-exec-4] DEBUG o.s.s.w.c.HttpSessionSecurityContextRepository - No SecurityContext was available from the HttpSession: org.apache.catalina.session.StandardSessionFacade@2247e7fd. A new one will be created.
190035 [http-nio-8080-exec-3] DEBUG o.s.s.w.s.DefaultSavedRequest - queryString: both null (property equals)
190035 [http-nio-8080-exec-5] DEBUG o.s.s.w.u.m.AntPathRequestMatcher - Request 'GET /bootstrap/js/bootstrap.js' doesn't match 'POST /logout
190035 [http-nio-8080-exec-4] DEBUG o.s.security.web.FilterChainProxy - /jquery/jquery-2.1.3.js at position 3 of 12 in additional filter chain; firing Filter: 'HeaderWriterFilter'
190035 [http-nio-8080-exec-3] DEBUG o.s.s.w.s.DefaultSavedRequest - requestURI: arg1=/; arg2=/bootstrap/css/bootstrap.css (property not equals)
190035 [http-nio-8080-exec-3] DEBUG o.s.s.w.s.HttpSessionRequestCache - saved request doesn't match
190035 [http-nio-8080-exec-5] DEBUG o.s.security.web.FilterChainProxy - /bootstrap/js/bootstrap.js at position 6 of 12 in additional filter chain; firing Filter: 'UsernamePasswordAuthenticationFilter'
190035 [http-nio-8080-exec-3] DEBUG o.s.security.web.FilterChainProxy - /bootstrap/css/bootstrap.css at position 8 of 12 in additional filter chain; firing Filter: 'SecurityContextHolderAwareRequestFilter'
190035 [http-nio-8080-exec-4] DEBUG o.s.s.w.h.writers.HstsHeaderWriter - Not injecting HSTS header since it did not match the requestMatcher org.springframework.security.web.header.writers.HstsHeaderWriter$SecureRequestMatcher@2678676d
190036 [http-nio-8080-exec-5] DEBUG o.s.s.w.u.m.AntPathRequestMatcher - Request 'GET /bootstrap/js/bootstrap.js' doesn't match 'POST /login
190036 [http-nio-8080-exec-3] DEBUG o.s.security.web.FilterChainProxy - /bootstrap/css/bootstrap.css at position 9 of 12 in additional filter chain; firing Filter: 'AnonymousAuthenticationFilter'
190036 [http-nio-8080-exec-4] DEBUG o.s.security.web.FilterChainProxy - /jquery/jquery-2.1.3.js at position 4 of 12 in additional filter chain; firing Filter: 'CsrfFilter'
190036 [http-nio-8080-exec-5] DEBUG o.s.security.web.FilterChainProxy - /bootstrap/js/bootstrap.js at position 7 of 12 in additional filter chain; firing Filter: 'RequestCacheAwareFilter'
190036 [http-nio-8080-exec-4] DEBUG o.s.security.web.FilterChainProxy - /jquery/jquery-2.1.3.js at position 5 of 12 in additional filter chain; firing Filter: 'LogoutFilter'
190036 [http-nio-8080-exec-5] DEBUG o.s.s.w.s.DefaultSavedRequest - pathInfo: both null (property equals)
190036 [http-nio-8080-exec-3] DEBUG o.s.s.w.a.AnonymousAuthenticationFilter - Populated SecurityContextHolder with anonymous token: 'org.springframework.security.authentication.AnonymousAuthenticationToken@9056f12c: Principal: anonymousUser; Credentials: [PROTECTED]; Authenticated: true; Details: org.springframework.security.web.authentication.WebAuthenticationDetails@380f4: RemoteIpAddress: 0:0:0:0:0:0:0:1; SessionId: E19E57469EE6F381AC3AE07038133466; Granted Authorities: ROLE_ANONYMOUS'
190036 [http-nio-8080-exec-4] DEBUG o.s.s.w.u.m.AntPathRequestMatcher - Request 'GET /jquery/jquery-2.1.3.js' doesn't match 'POST /logout
190036 [http-nio-8080-exec-3] DEBUG o.s.security.web.FilterChainProxy - /bootstrap/css/bootstrap.css at position 10 of 12 in additional filter chain; firing Filter: 'SessionManagementFilter'
190036 [http-nio-8080-exec-4] DEBUG o.s.security.web.FilterChainProxy - /jquery/jquery-2.1.3.js at position 6 of 12 in additional filter chain; firing Filter: 'UsernamePasswordAuthenticationFilter'
190036 [http-nio-8080-exec-4] DEBUG o.s.s.w.u.m.AntPathRequestMatcher - Request 'GET /jquery/jquery-2.1.3.js' doesn't match 'POST /login
190036 [http-nio-8080-exec-5] DEBUG o.s.s.w.s.DefaultSavedRequest - queryString: both null (property equals)
190036 [http-nio-8080-exec-3] DEBUG o.s.security.web.FilterChainProxy - /bootstrap/css/bootstrap.css at position 11 of 12 in additional filter chain; firing Filter: 'ExceptionTranslationFilter'
190036 [http-nio-8080-exec-5] DEBUG o.s.s.w.s.DefaultSavedRequest - requestURI: arg1=/; arg2=/bootstrap/js/bootstrap.js (property not equals)
190036 [http-nio-8080-exec-4] DEBUG o.s.security.web.FilterChainProxy - /jquery/jquery-2.1.3.js at position 7 of 12 in additional filter chain; firing Filter: 'RequestCacheAwareFilter'
190036 [http-nio-8080-exec-4] DEBUG o.s.s.w.s.DefaultSavedRequest - pathInfo: both null (property equals)
190036 [http-nio-8080-exec-4] DEBUG o.s.s.w.s.DefaultSavedRequest - queryString: both null (property equals)
190036 [http-nio-8080-exec-4] DEBUG o.s.s.w.s.DefaultSavedRequest - requestURI: arg1=/; arg2=/jquery/jquery-2.1.3.js (property not equals)
190036 [http-nio-8080-exec-4] DEBUG o.s.s.w.s.HttpSessionRequestCache - saved request doesn't match
190036 [http-nio-8080-exec-3] DEBUG o.s.security.web.FilterChainProxy - /bootstrap/css/bootstrap.css at position 12 of 12 in additional filter chain; firing Filter: 'FilterSecurityInterceptor'
190036 [http-nio-8080-exec-5] DEBUG o.s.s.w.s.HttpSessionRequestCache - saved request doesn't match
190036 [http-nio-8080-exec-4] DEBUG o.s.security.web.FilterChainProxy - /jquery/jquery-2.1.3.js at position 8 of 12 in additional filter chain; firing Filter: 'SecurityContextHolderAwareRequestFilter'
190036 [http-nio-8080-exec-5] DEBUG o.s.security.web.FilterChainProxy - /bootstrap/js/bootstrap.js at position 8 of 12 in additional filter chain; firing Filter: 'SecurityContextHolderAwareRequestFilter'
190036 [http-nio-8080-exec-3] DEBUG o.s.s.w.u.m.AntPathRequestMatcher - Request 'GET /bootstrap/css/bootstrap.css' doesn't match 'POST /logout
190036 [http-nio-8080-exec-4] DEBUG o.s.security.web.FilterChainProxy - /jquery/jquery-2.1.3.js at position 9 of 12 in additional filter chain; firing Filter: 'AnonymousAuthenticationFilter'
190036 [http-nio-8080-exec-5] DEBUG o.s.security.web.FilterChainProxy - /bootstrap/js/bootstrap.js at position 9 of 12 in additional filter chain; firing Filter: 'AnonymousAuthenticationFilter'
190037 [http-nio-8080-exec-3] DEBUG o.s.s.w.u.m.AntPathRequestMatcher - Checking match of request : '/bootstrap/css/bootstrap.css'; against '/bootstrap/**'
190037 [http-nio-8080-exec-3] DEBUG o.s.s.w.a.i.FilterSecurityInterceptor - Secure object: FilterInvocation: URL: /bootstrap/css/bootstrap.css; Attributes: [permitAll]
190037 [http-nio-8080-exec-4] DEBUG o.s.s.w.a.AnonymousAuthenticationFilter - Populated SecurityContextHolder with anonymous token: 'org.springframework.security.authentication.AnonymousAuthenticationToken@9056f12c: Principal: anonymousUser; Credentials: [PROTECTED]; Authenticated: true; Details: org.springframework.security.web.authentication.WebAuthenticationDetails@380f4: RemoteIpAddress: 0:0:0:0:0:0:0:1; SessionId: E19E57469EE6F381AC3AE07038133466; Granted Authorities: ROLE_ANONYMOUS'
190037 [http-nio-8080-exec-5] DEBUG o.s.s.w.a.AnonymousAuthenticationFilter - Populated SecurityContextHolder with anonymous token: 'org.springframework.security.authentication.AnonymousAuthenticationToken@9056f12c: Principal: anonymousUser; Credentials: [PROTECTED]; Authenticated: true; Details: org.springframework.security.web.authentication.WebAuthenticationDetails@380f4: RemoteIpAddress: 0:0:0:0:0:0:0:1; SessionId: E19E57469EE6F381AC3AE07038133466; Granted Authorities: ROLE_ANONYMOUS'
190037 [http-nio-8080-exec-3] DEBUG o.s.s.w.a.i.FilterSecurityInterceptor - Previously Authenticated: org.springframework.security.authentication.AnonymousAuthenticationToken@9056f12c: Principal: anonymousUser; Credentials: [PROTECTED]; Authenticated: true; Details: org.springframework.security.web.authentication.WebAuthenticationDetails@380f4: RemoteIpAddress: 0:0:0:0:0:0:0:1; SessionId: E19E57469EE6F381AC3AE07038133466; Granted Authorities: ROLE_ANONYMOUS
190037 [http-nio-8080-exec-4] DEBUG o.s.security.web.FilterChainProxy - /jquery/jquery-2.1.3.js at position 10 of 12 in additional filter chain; firing Filter: 'SessionManagementFilter'
190037 [http-nio-8080-exec-4] DEBUG o.s.security.web.FilterChainProxy - /jquery/jquery-2.1.3.js at position 11 of 12 in additional filter chain; firing Filter: 'ExceptionTranslationFilter'
190037 [http-nio-8080-exec-5] DEBUG o.s.security.web.FilterChainProxy - /bootstrap/js/bootstrap.js at position 10 of 12 in additional filter chain; firing Filter: 'SessionManagementFilter'
190037 [http-nio-8080-exec-4] DEBUG o.s.security.web.FilterChainProxy - /jquery/jquery-2.1.3.js at position 12 of 12 in additional filter chain; firing Filter: 'FilterSecurityInterceptor'
190037 [http-nio-8080-exec-5] DEBUG o.s.security.web.FilterChainProxy - /bootstrap/js/bootstrap.js at position 11 of 12 in additional filter chain; firing Filter: 'ExceptionTranslationFilter'
190037 [http-nio-8080-exec-4] DEBUG o.s.s.w.u.m.AntPathRequestMatcher - Request 'GET /jquery/jquery-2.1.3.js' doesn't match 'POST /logout
190037 [http-nio-8080-exec-5] DEBUG o.s.security.web.FilterChainProxy - /bootstrap/js/bootstrap.js at position 12 of 12 in additional filter chain; firing Filter: 'FilterSecurityInterceptor'
190037 [http-nio-8080-exec-4] DEBUG o.s.s.w.u.m.AntPathRequestMatcher - Checking match of request : '/jquery/jquery-2.1.3.js'; against '/bootstrap/**'
190037 [http-nio-8080-exec-5] DEBUG o.s.s.w.u.m.AntPathRequestMatcher - Request 'GET /bootstrap/js/bootstrap.js' doesn't match 'POST /logout
190037 [http-nio-8080-exec-4] DEBUG o.s.s.w.u.m.AntPathRequestMatcher - Checking match of request : '/jquery/jquery-2.1.3.js'; against '/error/**'
190037 [http-nio-8080-exec-5] DEBUG o.s.s.w.u.m.AntPathRequestMatcher - Checking match of request : '/bootstrap/js/bootstrap.js'; against '/bootstrap/**'
190037 [http-nio-8080-exec-4] DEBUG o.s.s.w.u.m.AntPathRequestMatcher - Checking match of request : '/jquery/jquery-2.1.3.js'; against '/img/**'
190038 [http-nio-8080-exec-3] DEBUG o.s.s.access.vote.AffirmativeBased - Voter: org.springframework.security.web.access.expression.WebExpressionVoter@5b1f5274, returned: 1
190039 [http-nio-8080-exec-5] DEBUG o.s.s.w.a.i.FilterSecurityInterceptor - Secure object: FilterInvocation: URL: /bootstrap/js/bootstrap.js; Attributes: [permitAll]
190039 [http-nio-8080-exec-4] DEBUG o.s.s.w.u.m.AntPathRequestMatcher - Checking match of request : '/jquery/jquery-2.1.3.js'; against '/jquery/**'
190039 [http-nio-8080-exec-3] DEBUG o.s.s.w.a.i.FilterSecurityInterceptor - Authorization successful
190039 [http-nio-8080-exec-5] DEBUG o.s.s.w.a.i.FilterSecurityInterceptor - Previously Authenticated: org.springframework.security.authentication.AnonymousAuthenticationToken@9056f12c: Principal: anonymousUser; Credentials: [PROTECTED]; Authenticated: true; Details: org.springframework.security.web.authentication.WebAuthenticationDetails@380f4: RemoteIpAddress: 0:0:0:0:0:0:0:1; SessionId: E19E57469EE6F381AC3AE07038133466; Granted Authorities: ROLE_ANONYMOUS
190039 [http-nio-8080-exec-3] DEBUG o.s.s.w.a.i.FilterSecurityInterceptor - RunAsManager did not change Authentication object
190039 [http-nio-8080-exec-4] DEBUG o.s.s.w.a.i.FilterSecurityInterceptor - Secure object: FilterInvocation: URL: /jquery/jquery-2.1.3.js; Attributes: [permitAll]
190039 [http-nio-8080-exec-3] DEBUG o.s.security.web.FilterChainProxy - /bootstrap/css/bootstrap.css reached end of additional filter chain; proceeding with original chain
190039 [http-nio-8080-exec-4] DEBUG o.s.s.w.a.i.FilterSecurityInterceptor - Previously Authenticated: org.springframework.security.authentication.AnonymousAuthenticationToken@9056f12c: Principal: anonymousUser; Credentials: [PROTECTED]; Authenticated: true; Details: org.springframework.security.web.authentication.WebAuthenticationDetails@380f4: RemoteIpAddress: 0:0:0:0:0:0:0:1; SessionId: E19E57469EE6F381AC3AE07038133466; Granted Authorities: ROLE_ANONYMOUS
190039 [http-nio-8080-exec-5] DEBUG o.s.s.access.vote.AffirmativeBased - Voter: org.springframework.security.web.access.expression.WebExpressionVoter@5b1f5274, returned: 1
190039 [http-nio-8080-exec-5] DEBUG o.s.s.w.a.i.FilterSecurityInterceptor - Authorization successful
190039 [http-nio-8080-exec-5] DEBUG o.s.s.w.a.i.FilterSecurityInterceptor - RunAsManager did not change Authentication object
190039 [http-nio-8080-exec-5] DEBUG o.s.security.web.FilterChainProxy - /bootstrap/js/bootstrap.js reached end of additional filter chain; proceeding with original chain
190039 [http-nio-8080-exec-4] DEBUG o.s.s.access.vote.AffirmativeBased - Voter: org.springframework.security.web.access.expression.WebExpressionVoter@5b1f5274, returned: 1
190039 [http-nio-8080-exec-4] DEBUG o.s.s.w.a.i.FilterSecurityInterceptor - Authorization successful
190039 [http-nio-8080-exec-4] DEBUG o.s.s.w.a.i.FilterSecurityInterceptor - RunAsManager did not change Authentication object
190039 [http-nio-8080-exec-4] DEBUG o.s.security.web.FilterChainProxy - /jquery/jquery-2.1.3.js reached end of additional filter chain; proceeding with original chain
190047 [http-nio-8080-exec-4] DEBUG o.s.s.w.c.HttpSessionSecurityContextRepository - SecurityContext is empty or contents are anonymous - context will not be stored in HttpSession.
190047 [http-nio-8080-exec-5] DEBUG o.s.s.w.c.HttpSessionSecurityContextRepository - SecurityContext is empty or contents are anonymous - context will not be stored in HttpSession.
190047 [http-nio-8080-exec-3] DEBUG o.s.s.w.c.HttpSessionSecurityContextRepository - SecurityContext is empty or contents are anonymous - context will not be stored in HttpSession.
190049 [http-nio-8080-exec-5] DEBUG o.s.s.w.a.ExceptionTranslationFilter - Chain processed normally
190049 [http-nio-8080-exec-5] DEBUG o.s.s.w.c.SecurityContextPersistenceFilter - SecurityContextHolder now cleared, as request processing completed
190049 [http-nio-8080-exec-3] DEBUG o.s.s.w.a.ExceptionTranslationFilter - Chain processed normally
190049 [http-nio-8080-exec-3] DEBUG o.s.s.w.c.SecurityContextPersistenceFilter - SecurityContextHolder now cleared, as request processing completed
190052 [http-nio-8080-exec-4] DEBUG o.s.s.w.a.ExceptionTranslationFilter - Chain processed normally
190052 [http-nio-8080-exec-4] DEBUG o.s.s.w.c.SecurityContextPersistenceFilter - SecurityContextHolder now cleared, as request processing completed
194253 [http-nio-8080-exec-6] DEBUG o.s.s.w.u.matcher.OrRequestMatcher - Trying to match using Ant [pattern='/css/**']
194253 [http-nio-8080-exec-6] DEBUG o.s.s.w.u.m.AntPathRequestMatcher - Checking match of request : '/'; against '/css/**'
194253 [http-nio-8080-exec-6] DEBUG o.s.s.w.u.matcher.OrRequestMatcher - Trying to match using Ant [pattern='/js/**']
194253 [http-nio-8080-exec-6] DEBUG o.s.s.w.u.m.AntPathRequestMatcher - Checking match of request : '/'; against '/js/**'
194253 [http-nio-8080-exec-6] DEBUG o.s.s.w.u.matcher.OrRequestMatcher - Trying to match using Ant [pattern='/images/**']
194253 [http-nio-8080-exec-6] DEBUG o.s.s.w.u.m.AntPathRequestMatcher - Checking match of request : '/'; against '/images/**'
194253 [http-nio-8080-exec-6] DEBUG o.s.s.w.u.matcher.OrRequestMatcher - Trying to match using Ant [pattern='/webjars/**']
194253 [http-nio-8080-exec-6] DEBUG o.s.s.w.u.m.AntPathRequestMatcher - Checking match of request : '/'; against '/webjars/**'
194253 [http-nio-8080-exec-6] DEBUG o.s.s.w.u.matcher.OrRequestMatcher - Trying to match using Ant [pattern='/**/favicon.ico']
194253 [http-nio-8080-exec-6] DEBUG o.s.s.w.u.m.AntPathRequestMatcher - Checking match of request : '/'; against '/**/favicon.ico'
194253 [http-nio-8080-exec-6] DEBUG o.s.s.w.u.matcher.OrRequestMatcher - Trying to match using Ant [pattern='/error']
194253 [http-nio-8080-exec-6] DEBUG o.s.s.w.u.m.AntPathRequestMatcher - Checking match of request : '/'; against '/error'
194253 [http-nio-8080-exec-6] DEBUG o.s.s.w.u.matcher.OrRequestMatcher - No matches found
194253 [http-nio-8080-exec-6] DEBUG o.s.security.web.FilterChainProxy - / at position 1 of 12 in additional filter chain; firing Filter: 'WebAsyncManagerIntegrationFilter'
194253 [http-nio-8080-exec-6] DEBUG o.s.security.web.FilterChainProxy - / at position 2 of 12 in additional filter chain; firing Filter: 'SecurityContextPersistenceFilter'
194254 [http-nio-8080-exec-6] DEBUG o.s.s.w.c.HttpSessionSecurityContextRepository - HttpSession returned null object for SPRING_SECURITY_CONTEXT
194254 [http-nio-8080-exec-6] DEBUG o.s.s.w.c.HttpSessionSecurityContextRepository - No SecurityContext was available from the HttpSession: org.apache.catalina.session.StandardSessionFacade@2247e7fd. A new one will be created.
194254 [http-nio-8080-exec-6] DEBUG o.s.security.web.FilterChainProxy - / at position 3 of 12 in additional filter chain; firing Filter: 'HeaderWriterFilter'
194254 [http-nio-8080-exec-6] DEBUG o.s.s.w.h.writers.HstsHeaderWriter - Not injecting HSTS header since it did not match the requestMatcher org.springframework.security.web.header.writers.HstsHeaderWriter$SecureRequestMatcher@2678676d
194254 [http-nio-8080-exec-6] DEBUG o.s.security.web.FilterChainProxy - / at position 4 of 12 in additional filter chain; firing Filter: 'CsrfFilter'
194254 [http-nio-8080-exec-6] DEBUG o.s.security.web.csrf.CsrfFilter - Invalid CSRF token found for http://localhost:8080/
194255 [http-nio-8080-exec-6] DEBUG o.s.s.w.c.HttpSessionSecurityContextRepository - SecurityContext is empty or contents are anonymous - context will not be stored in HttpSession.
194256 [http-nio-8080-exec-6] DEBUG o.s.s.w.c.SecurityContextPersistenceFilter - SecurityContextHolder now cleared, as request processing completed
4493 [main] DEBUG o.s.s.c.a.a.c.AuthenticationConfiguration$EnableGlobalAuthenticationAutowiredConfigurer - Eagerly initializing {org.springframework.boot.autoconfigure.security.SpringBootWebSecurityConfiguration=org.springframework.boot.autoconfigure.security.SpringBootWebSecurityConfiguration$$EnhancerBySpringCGLIB$$fb024f88@5c59a0f7}
4506 [main] INFO  o.s.s.w.DefaultSecurityFilterChain - Creating filter chain: OrRequestMatcher [requestMatchers=[Ant [pattern='/css/**'], Ant [pattern='/js/**'], Ant [pattern='/images/**'], Ant [pattern='/webjars/**'], Ant [pattern='/**/favicon.ico'], Ant [pattern='/error']]], []
4565 [main] DEBUG o.s.s.w.a.e.ExpressionBasedFilterInvocationSecurityMetadataSource - Adding web access control expression 'permitAll', for ExactUrl [processUrl='/login?error']
4566 [main] DEBUG o.s.s.w.a.e.ExpressionBasedFilterInvocationSecurityMetadataSource - Adding web access control expression 'permitAll', for ExactUrl [processUrl='/login']
4567 [main] DEBUG o.s.s.w.a.e.ExpressionBasedFilterInvocationSecurityMetadataSource - Adding web access control expression 'permitAll', for ExactUrl [processUrl='/login']
4567 [main] DEBUG o.s.s.w.a.e.ExpressionBasedFilterInvocationSecurityMetadataSource - Adding web access control expression 'permitAll', for Ant [pattern='/logout', POST]
4567 [main] DEBUG o.s.s.w.a.e.ExpressionBasedFilterInvocationSecurityMetadataSource - Adding web access control expression 'permitAll', for ExactUrl [processUrl='/login?logout']
4567 [main] DEBUG o.s.s.w.a.e.ExpressionBasedFilterInvocationSecurityMetadataSource - Adding web access control expression 'permitAll', for Ant [pattern='/bootstrap/**']
4567 [main] DEBUG o.s.s.w.a.e.ExpressionBasedFilterInvocationSecurityMetadataSource - Adding web access control expression 'permitAll', for Ant [pattern='/error/**']
4567 [main] DEBUG o.s.s.w.a.e.ExpressionBasedFilterInvocationSecurityMetadataSource - Adding web access control expression 'permitAll', for Ant [pattern='/img/**']
4567 [main] DEBUG o.s.s.w.a.e.ExpressionBasedFilterInvocationSecurityMetadataSource - Adding web access control expression 'permitAll', for Ant [pattern='/jquery/**']
4567 [main] DEBUG o.s.s.w.a.e.ExpressionBasedFilterInvocationSecurityMetadataSource - Adding web access control expression 'permitAll', for Ant [pattern='/temp']
4567 [main] DEBUG o.s.s.w.a.e.ExpressionBasedFilterInvocationSecurityMetadataSource - Adding web access control expression 'permitAll', for Ant [pattern='/temp.ftl']
4567 [main] DEBUG o.s.s.w.a.e.ExpressionBasedFilterInvocationSecurityMetadataSource - Adding web access control expression 'authenticated', for org.springframework.security.web.util.matcher.AnyRequestMatcher@1
4575 [main] DEBUG o.s.s.w.a.i.FilterSecurityInterceptor - Validated configuration attributes
4576 [main] DEBUG o.s.s.w.a.i.FilterSecurityInterceptor - Validated configuration attributes
4586 [main] INFO  o.s.s.w.DefaultSecurityFilterChain - Creating filter chain: org.springframework.security.web.util.matcher.AnyRequestMatcher@1, [org.springframework.security.web.context.request.async.WebAsyncManagerIntegrationFilter@33bdd01, org.springframework.security.web.context.SecurityContextPersistenceFilter@6bce4140, org.springframework.security.web.header.HeaderWriterFilter@1e92c3b6, org.springframework.security.web.csrf.CsrfFilter@4c176ff1, org.springframework.security.web.authentication.logout.LogoutFilter@409732fb, org.springframework.security.web.authentication.UsernamePasswordAuthenticationFilter@2e4eda17, org.springframework.security.web.savedrequest.RequestCacheAwareFilter@5882b202, org.springframework.security.web.servletapi.SecurityContextHolderAwareRequestFilter@426c0486, org.springframework.security.web.authentication.AnonymousAuthenticationFilter@159ac15f, org.springframework.security.web.session.SessionManagementFilter@207dd1b7, org.springframework.security.web.access.ExceptionTranslationFilter@26fadd98, org.springframework.security.web.access.intercept.FilterSecurityInterceptor@4f213a2]
4597 [main] DEBUG o.s.s.w.a.e.ExpressionBasedFilterInvocationSecurityMetadataSource - Adding web access control expression 'hasAnyRole('ROLE_USER')', for org.springframework.security.web.util.matcher.AnyRequestMatcher@1
4599 [main] DEBUG o.s.s.w.a.i.FilterSecurityInterceptor - Validated configuration attributes
4599 [main] DEBUG o.s.s.w.a.i.FilterSecurityInterceptor - Validated configuration attributes
4599 [main] INFO  o.s.s.w.DefaultSecurityFilterChain - Creating filter chain: OrRequestMatcher [requestMatchers=[Ant [pattern='/**']]], [org.springframework.security.web.context.request.async.WebAsyncManagerIntegrationFilter@2674d4f6, org.springframework.security.web.context.SecurityContextPersistenceFilter@7a572ea0, org.springframework.security.web.header.HeaderWriterFilter@1144a02b, org.springframework.security.web.authentication.logout.LogoutFilter@35e74e08, org.springframework.security.web.authentication.www.BasicAuthenticationFilter@a316f6b, org.springframework.security.web.savedrequest.RequestCacheAwareFilter@45287377, org.springframework.security.web.servletapi.SecurityContextHolderAwareRequestFilter@7159d601, org.springframework.security.web.authentication.AnonymousAuthenticationFilter@5d9d2119, org.springframework.security.web.session.SessionManagementFilter@26a4f9ed, org.springframework.security.web.access.ExceptionTranslationFilter@1894fa9f, org.springframework.security.web.access.intercept.FilterSecurityInterceptor@2eb1c615]
4165 [main] DEBUG o.s.s.c.a.a.c.AuthenticationConfiguration$EnableGlobalAuthenticationAutowiredConfigurer - Eagerly initializing {org.springframework.boot.autoconfigure.security.SpringBootWebSecurityConfiguration=org.springframework.boot.autoconfigure.security.SpringBootWebSecurityConfiguration$$EnhancerBySpringCGLIB$$a7c80c30@751d7425}
4181 [main] INFO  o.s.s.w.DefaultSecurityFilterChain - Creating filter chain: OrRequestMatcher [requestMatchers=[Ant [pattern='/css/**'], Ant [pattern='/js/**'], Ant [pattern='/images/**'], Ant [pattern='/webjars/**'], Ant [pattern='/**/favicon.ico'], Ant [pattern='/error']]], []
4239 [main] DEBUG o.s.s.w.a.e.ExpressionBasedFilterInvocationSecurityMetadataSource - Adding web access control expression 'permitAll', for ExactUrl [processUrl='/login?error']
4240 [main] DEBUG o.s.s.w.a.e.ExpressionBasedFilterInvocationSecurityMetadataSource - Adding web access control expression 'permitAll', for ExactUrl [processUrl='/login']
4240 [main] DEBUG o.s.s.w.a.e.ExpressionBasedFilterInvocationSecurityMetadataSource - Adding web access control expression 'permitAll', for ExactUrl [processUrl='/login']
4240 [main] DEBUG o.s.s.w.a.e.ExpressionBasedFilterInvocationSecurityMetadataSource - Adding web access control expression 'permitAll', for Ant [pattern='/logout', POST]
4240 [main] DEBUG o.s.s.w.a.e.ExpressionBasedFilterInvocationSecurityMetadataSource - Adding web access control expression 'permitAll', for ExactUrl [processUrl='/login?logout']
4240 [main] DEBUG o.s.s.w.a.e.ExpressionBasedFilterInvocationSecurityMetadataSource - Adding web access control expression 'permitAll', for Ant [pattern='/bootstrap/**']
4240 [main] DEBUG o.s.s.w.a.e.ExpressionBasedFilterInvocationSecurityMetadataSource - Adding web access control expression 'permitAll', for Ant [pattern='/error/**']
4240 [main] DEBUG o.s.s.w.a.e.ExpressionBasedFilterInvocationSecurityMetadataSource - Adding web access control expression 'permitAll', for Ant [pattern='/img/**']
4240 [main] DEBUG o.s.s.w.a.e.ExpressionBasedFilterInvocationSecurityMetadataSource - Adding web access control expression 'permitAll', for Ant [pattern='/jquery/**']
4241 [main] DEBUG o.s.s.w.a.e.ExpressionBasedFilterInvocationSecurityMetadataSource - Adding web access control expression 'permitAll', for Ant [pattern='/temp']
4241 [main] DEBUG o.s.s.w.a.e.ExpressionBasedFilterInvocationSecurityMetadataSource - Adding web access control expression 'permitAll', for Ant [pattern='/temp.ftl']
4241 [main] DEBUG o.s.s.w.a.e.ExpressionBasedFilterInvocationSecurityMetadataSource - Adding web access control expression 'authenticated', for org.springframework.security.web.util.matcher.AnyRequestMatcher@1
4250 [main] DEBUG o.s.s.w.a.i.FilterSecurityInterceptor - Validated configuration attributes
4252 [main] DEBUG o.s.s.w.a.i.FilterSecurityInterceptor - Validated configuration attributes
4263 [main] INFO  o.s.s.w.DefaultSecurityFilterChain - Creating filter chain: org.springframework.security.web.util.matcher.AnyRequestMatcher@1, [org.springframework.security.web.context.request.async.WebAsyncManagerIntegrationFilter@440ef8d, org.springframework.security.web.context.SecurityContextPersistenceFilter@1ec88aa1, org.springframework.security.web.header.HeaderWriterFilter@133aacbe, org.springframework.security.web.csrf.CsrfFilter@4db0ba1c, org.springframework.security.web.authentication.logout.LogoutFilter@54247647, org.springframework.security.web.authentication.UsernamePasswordAuthenticationFilter@3915e7c3, org.springframework.security.web.savedrequest.RequestCacheAwareFilter@28f154cc, org.springframework.security.web.servletapi.SecurityContextHolderAwareRequestFilter@68aec50, org.springframework.security.web.authentication.AnonymousAuthenticationFilter@17fbfb02, org.springframework.security.web.session.SessionManagementFilter@7cfb8e98, org.springframework.security.web.access.ExceptionTranslationFilter@418f0534, org.springframework.security.web.access.intercept.FilterSecurityInterceptor@10e9a5fe]
4275 [main] DEBUG o.s.s.w.a.e.ExpressionBasedFilterInvocationSecurityMetadataSource - Adding web access control expression 'hasAnyRole('ROLE_USER')', for org.springframework.security.web.util.matcher.AnyRequestMatcher@1
4277 [main] DEBUG o.s.s.w.a.i.FilterSecurityInterceptor - Validated configuration attributes
4277 [main] DEBUG o.s.s.w.a.i.FilterSecurityInterceptor - Validated configuration attributes
4277 [main] INFO  o.s.s.w.DefaultSecurityFilterChain - Creating filter chain: OrRequestMatcher [requestMatchers=[Ant [pattern='/**']]], [org.springframework.security.web.context.request.async.WebAsyncManagerIntegrationFilter@7af1d072, org.springframework.security.web.context.SecurityContextPersistenceFilter@46612bfc, org.springframework.security.web.header.HeaderWriterFilter@1a2773a8, org.springframework.security.web.authentication.logout.LogoutFilter@1cde374, org.springframework.security.web.authentication.www.BasicAuthenticationFilter@6818fd48, org.springframework.security.web.savedrequest.RequestCacheAwareFilter@4f213a2, org.springframework.security.web.servletapi.SecurityContextHolderAwareRequestFilter@25699aa7, org.springframework.security.web.authentication.AnonymousAuthenticationFilter@27ffd9f8, org.springframework.security.web.session.SessionManagementFilter@78b0ec3a, org.springframework.security.web.access.ExceptionTranslationFilter@111a7973, org.springframework.security.web.access.intercept.FilterSecurityInterceptor@7ac48f05]
311715 [http-nio-8080-exec-2] DEBUG o.s.s.w.u.matcher.OrRequestMatcher - Trying to match using Ant [pattern='/css/**']
311716 [http-nio-8080-exec-2] DEBUG o.s.s.w.u.m.AntPathRequestMatcher - Checking match of request : '/'; against '/css/**'
311716 [http-nio-8080-exec-2] DEBUG o.s.s.w.u.matcher.OrRequestMatcher - Trying to match using Ant [pattern='/js/**']
311716 [http-nio-8080-exec-2] DEBUG o.s.s.w.u.m.AntPathRequestMatcher - Checking match of request : '/'; against '/js/**'
311716 [http-nio-8080-exec-2] DEBUG o.s.s.w.u.matcher.OrRequestMatcher - Trying to match using Ant [pattern='/images/**']
311716 [http-nio-8080-exec-2] DEBUG o.s.s.w.u.m.AntPathRequestMatcher - Checking match of request : '/'; against '/images/**'
311716 [http-nio-8080-exec-2] DEBUG o.s.s.w.u.matcher.OrRequestMatcher - Trying to match using Ant [pattern='/webjars/**']
311716 [http-nio-8080-exec-2] DEBUG o.s.s.w.u.m.AntPathRequestMatcher - Checking match of request : '/'; against '/webjars/**'
311716 [http-nio-8080-exec-2] DEBUG o.s.s.w.u.matcher.OrRequestMatcher - Trying to match using Ant [pattern='/**/favicon.ico']
311716 [http-nio-8080-exec-2] DEBUG o.s.s.w.u.m.AntPathRequestMatcher - Checking match of request : '/'; against '/**/favicon.ico'
311716 [http-nio-8080-exec-2] DEBUG o.s.s.w.u.matcher.OrRequestMatcher - Trying to match using Ant [pattern='/error']
311716 [http-nio-8080-exec-2] DEBUG o.s.s.w.u.m.AntPathRequestMatcher - Checking match of request : '/'; against '/error'
311716 [http-nio-8080-exec-2] DEBUG o.s.s.w.u.matcher.OrRequestMatcher - No matches found
311716 [http-nio-8080-exec-2] DEBUG o.s.security.web.FilterChainProxy - / at position 1 of 12 in additional filter chain; firing Filter: 'WebAsyncManagerIntegrationFilter'
311716 [http-nio-8080-exec-2] DEBUG o.s.security.web.FilterChainProxy - / at position 2 of 12 in additional filter chain; firing Filter: 'SecurityContextPersistenceFilter'
311716 [http-nio-8080-exec-2] DEBUG o.s.s.w.c.HttpSessionSecurityContextRepository - HttpSession returned null object for SPRING_SECURITY_CONTEXT
311716 [http-nio-8080-exec-2] DEBUG o.s.s.w.c.HttpSessionSecurityContextRepository - No SecurityContext was available from the HttpSession: org.apache.catalina.session.StandardSessionFacade@2247e7fd. A new one will be created.
311716 [http-nio-8080-exec-2] DEBUG o.s.security.web.FilterChainProxy - / at position 3 of 12 in additional filter chain; firing Filter: 'HeaderWriterFilter'
311716 [http-nio-8080-exec-2] DEBUG o.s.s.w.h.writers.HstsHeaderWriter - Not injecting HSTS header since it did not match the requestMatcher org.springframework.security.web.header.writers.HstsHeaderWriter$SecureRequestMatcher@2678676d
311716 [http-nio-8080-exec-2] DEBUG o.s.security.web.FilterChainProxy - / at position 4 of 12 in additional filter chain; firing Filter: 'CsrfFilter'
311717 [http-nio-8080-exec-2] DEBUG o.s.security.web.csrf.CsrfFilter - Invalid CSRF token found for http://localhost:8080/
311717 [http-nio-8080-exec-2] DEBUG o.s.s.w.c.HttpSessionSecurityContextRepository - SecurityContext is empty or contents are anonymous - context will not be stored in HttpSession.
311717 [http-nio-8080-exec-2] DEBUG o.s.s.w.c.SecurityContextPersistenceFilter - SecurityContextHolder now cleared, as request processing completed
311753 [http-nio-8080-exec-5] DEBUG o.s.s.w.u.matcher.OrRequestMatcher - Trying to match using Ant [pattern='/css/**']
311754 [http-nio-8080-exec-5] DEBUG o.s.s.w.u.m.AntPathRequestMatcher - Checking match of request : '/favicon.ico'; against '/css/**'
311754 [http-nio-8080-exec-5] DEBUG o.s.s.w.u.matcher.OrRequestMatcher - Trying to match using Ant [pattern='/js/**']
311754 [http-nio-8080-exec-5] DEBUG o.s.s.w.u.m.AntPathRequestMatcher - Checking match of request : '/favicon.ico'; against '/js/**'
311754 [http-nio-8080-exec-5] DEBUG o.s.s.w.u.matcher.OrRequestMatcher - Trying to match using Ant [pattern='/images/**']
311754 [http-nio-8080-exec-5] DEBUG o.s.s.w.u.m.AntPathRequestMatcher - Checking match of request : '/favicon.ico'; against '/images/**'
311754 [http-nio-8080-exec-5] DEBUG o.s.s.w.u.matcher.OrRequestMatcher - Trying to match using Ant [pattern='/webjars/**']
311754 [http-nio-8080-exec-5] DEBUG o.s.s.w.u.m.AntPathRequestMatcher - Checking match of request : '/favicon.ico'; against '/webjars/**'
311754 [http-nio-8080-exec-5] DEBUG o.s.s.w.u.matcher.OrRequestMatcher - Trying to match using Ant [pattern='/**/favicon.ico']
311754 [http-nio-8080-exec-5] DEBUG o.s.s.w.u.m.AntPathRequestMatcher - Checking match of request : '/favicon.ico'; against '/**/favicon.ico'
311754 [http-nio-8080-exec-5] DEBUG o.s.s.w.u.matcher.OrRequestMatcher - matched
311754 [http-nio-8080-exec-5] DEBUG o.s.security.web.FilterChainProxy - /favicon.ico has an empty filter list
314430 [http-nio-8080-exec-3] DEBUG o.s.s.w.u.matcher.OrRequestMatcher - Trying to match using Ant [pattern='/css/**']
314430 [http-nio-8080-exec-3] DEBUG o.s.s.w.u.m.AntPathRequestMatcher - Checking match of request : '/'; against '/css/**'
314430 [http-nio-8080-exec-3] DEBUG o.s.s.w.u.matcher.OrRequestMatcher - Trying to match using Ant [pattern='/js/**']
314430 [http-nio-8080-exec-3] DEBUG o.s.s.w.u.m.AntPathRequestMatcher - Checking match of request : '/'; against '/js/**'
314430 [http-nio-8080-exec-3] DEBUG o.s.s.w.u.matcher.OrRequestMatcher - Trying to match using Ant [pattern='/images/**']
314430 [http-nio-8080-exec-3] DEBUG o.s.s.w.u.m.AntPathRequestMatcher - Checking match of request : '/'; against '/images/**'
314430 [http-nio-8080-exec-3] DEBUG o.s.s.w.u.matcher.OrRequestMatcher - Trying to match using Ant [pattern='/webjars/**']
314430 [http-nio-8080-exec-3] DEBUG o.s.s.w.u.m.AntPathRequestMatcher - Checking match of request : '/'; against '/webjars/**'
314430 [http-nio-8080-exec-3] DEBUG o.s.s.w.u.matcher.OrRequestMatcher - Trying to match using Ant [pattern='/**/favicon.ico']
314430 [http-nio-8080-exec-3] DEBUG o.s.s.w.u.m.AntPathRequestMatcher - Checking match of request : '/'; against '/**/favicon.ico'
314430 [http-nio-8080-exec-3] DEBUG o.s.s.w.u.matcher.OrRequestMatcher - Trying to match using Ant [pattern='/error']
314430 [http-nio-8080-exec-3] DEBUG o.s.s.w.u.m.AntPathRequestMatcher - Checking match of request : '/'; against '/error'
314430 [http-nio-8080-exec-3] DEBUG o.s.s.w.u.matcher.OrRequestMatcher - No matches found
314430 [http-nio-8080-exec-3] DEBUG o.s.security.web.FilterChainProxy - / at position 1 of 12 in additional filter chain; firing Filter: 'WebAsyncManagerIntegrationFilter'
314431 [http-nio-8080-exec-3] DEBUG o.s.security.web.FilterChainProxy - / at position 2 of 12 in additional filter chain; firing Filter: 'SecurityContextPersistenceFilter'
314431 [http-nio-8080-exec-3] DEBUG o.s.s.w.c.HttpSessionSecurityContextRepository - HttpSession returned null object for SPRING_SECURITY_CONTEXT
314431 [http-nio-8080-exec-3] DEBUG o.s.s.w.c.HttpSessionSecurityContextRepository - No SecurityContext was available from the HttpSession: org.apache.catalina.session.StandardSessionFacade@2247e7fd. A new one will be created.
314431 [http-nio-8080-exec-3] DEBUG o.s.security.web.FilterChainProxy - / at position 3 of 12 in additional filter chain; firing Filter: 'HeaderWriterFilter'
314431 [http-nio-8080-exec-3] DEBUG o.s.s.w.h.writers.HstsHeaderWriter - Not injecting HSTS header since it did not match the requestMatcher org.springframework.security.web.header.writers.HstsHeaderWriter$SecureRequestMatcher@2678676d
314431 [http-nio-8080-exec-3] DEBUG o.s.security.web.FilterChainProxy - / at position 4 of 12 in additional filter chain; firing Filter: 'CsrfFilter'
314431 [http-nio-8080-exec-3] DEBUG o.s.security.web.FilterChainProxy - / at position 5 of 12 in additional filter chain; firing Filter: 'LogoutFilter'
314431 [http-nio-8080-exec-3] DEBUG o.s.s.w.u.m.AntPathRequestMatcher - Request 'GET /' doesn't match 'POST /logout
314431 [http-nio-8080-exec-3] DEBUG o.s.security.web.FilterChainProxy - / at position 6 of 12 in additional filter chain; firing Filter: 'UsernamePasswordAuthenticationFilter'
314431 [http-nio-8080-exec-3] DEBUG o.s.s.w.u.m.AntPathRequestMatcher - Request 'GET /' doesn't match 'POST /login
314431 [http-nio-8080-exec-3] DEBUG o.s.security.web.FilterChainProxy - / at position 7 of 12 in additional filter chain; firing Filter: 'RequestCacheAwareFilter'
314431 [http-nio-8080-exec-3] DEBUG o.s.s.w.s.DefaultSavedRequest - pathInfo: both null (property equals)
314431 [http-nio-8080-exec-3] DEBUG o.s.s.w.s.DefaultSavedRequest - queryString: both null (property equals)
314431 [http-nio-8080-exec-3] DEBUG o.s.s.w.s.DefaultSavedRequest - requestURI: arg1=/; arg2=/ (property equals)
314431 [http-nio-8080-exec-3] DEBUG o.s.s.w.s.DefaultSavedRequest - serverPort: arg1=8080; arg2=8080 (property equals)
314434 [http-nio-8080-exec-3] DEBUG o.s.s.w.s.DefaultSavedRequest - requestURL: arg1=http://localhost:8080/; arg2=http://localhost:8080/ (property equals)
314434 [http-nio-8080-exec-3] DEBUG o.s.s.w.s.DefaultSavedRequest - scheme: arg1=http; arg2=http (property equals)
314434 [http-nio-8080-exec-3] DEBUG o.s.s.w.s.DefaultSavedRequest - serverName: arg1=localhost; arg2=localhost (property equals)
314434 [http-nio-8080-exec-3] DEBUG o.s.s.w.s.DefaultSavedRequest - contextPath: arg1=; arg2= (property equals)
314434 [http-nio-8080-exec-3] DEBUG o.s.s.w.s.DefaultSavedRequest - servletPath: arg1=/; arg2=/ (property equals)
314435 [http-nio-8080-exec-3] DEBUG o.s.s.w.s.HttpSessionRequestCache - Removing DefaultSavedRequest from session if present
314436 [http-nio-8080-exec-3] DEBUG o.s.security.web.FilterChainProxy - / at position 8 of 12 in additional filter chain; firing Filter: 'SecurityContextHolderAwareRequestFilter'
314436 [http-nio-8080-exec-3] DEBUG o.s.security.web.FilterChainProxy - / at position 9 of 12 in additional filter chain; firing Filter: 'AnonymousAuthenticationFilter'
314436 [http-nio-8080-exec-3] DEBUG o.s.s.w.a.AnonymousAuthenticationFilter - Populated SecurityContextHolder with anonymous token: 'org.springframework.security.authentication.AnonymousAuthenticationToken@9056f12c: Principal: anonymousUser; Credentials: [PROTECTED]; Authenticated: true; Details: org.springframework.security.web.authentication.WebAuthenticationDetails@380f4: RemoteIpAddress: 0:0:0:0:0:0:0:1; SessionId: E19E57469EE6F381AC3AE07038133466; Granted Authorities: ROLE_ANONYMOUS'
314436 [http-nio-8080-exec-3] DEBUG o.s.security.web.FilterChainProxy - / at position 10 of 12 in additional filter chain; firing Filter: 'SessionManagementFilter'
314436 [http-nio-8080-exec-3] DEBUG o.s.security.web.FilterChainProxy - / at position 11 of 12 in additional filter chain; firing Filter: 'ExceptionTranslationFilter'
314436 [http-nio-8080-exec-3] DEBUG o.s.security.web.FilterChainProxy - / at position 12 of 12 in additional filter chain; firing Filter: 'FilterSecurityInterceptor'
314436 [http-nio-8080-exec-3] DEBUG o.s.s.w.u.m.AntPathRequestMatcher - Request 'GET /' doesn't match 'POST /logout
314436 [http-nio-8080-exec-3] DEBUG o.s.s.w.u.m.AntPathRequestMatcher - Checking match of request : '/'; against '/bootstrap/**'
314436 [http-nio-8080-exec-3] DEBUG o.s.s.w.u.m.AntPathRequestMatcher - Checking match of request : '/'; against '/error/**'
314436 [http-nio-8080-exec-3] DEBUG o.s.s.w.u.m.AntPathRequestMatcher - Checking match of request : '/'; against '/img/**'
314436 [http-nio-8080-exec-3] DEBUG o.s.s.w.u.m.AntPathRequestMatcher - Checking match of request : '/'; against '/jquery/**'
314436 [http-nio-8080-exec-3] DEBUG o.s.s.w.u.m.AntPathRequestMatcher - Checking match of request : '/'; against '/temp'
314436 [http-nio-8080-exec-3] DEBUG o.s.s.w.u.m.AntPathRequestMatcher - Checking match of request : '/'; against '/temp.ftl'
314436 [http-nio-8080-exec-3] DEBUG o.s.s.w.a.i.FilterSecurityInterceptor - Secure object: FilterInvocation: URL: /; Attributes: [authenticated]
314436 [http-nio-8080-exec-3] DEBUG o.s.s.w.a.i.FilterSecurityInterceptor - Previously Authenticated: org.springframework.security.authentication.AnonymousAuthenticationToken@9056f12c: Principal: anonymousUser; Credentials: [PROTECTED]; Authenticated: true; Details: org.springframework.security.web.authentication.WebAuthenticationDetails@380f4: RemoteIpAddress: 0:0:0:0:0:0:0:1; SessionId: E19E57469EE6F381AC3AE07038133466; Granted Authorities: ROLE_ANONYMOUS
314436 [http-nio-8080-exec-3] DEBUG o.s.s.access.vote.AffirmativeBased - Voter: org.springframework.security.web.access.expression.WebExpressionVoter@5b1f5274, returned: -1
314436 [http-nio-8080-exec-3] DEBUG o.s.s.w.a.ExceptionTranslationFilter - Access is denied (user is anonymous); redirecting to authentication entry point
org.springframework.security.access.AccessDeniedException: Access is denied
	at org.springframework.security.access.vote.AffirmativeBased.decide(AffirmativeBased.java:84)
	at org.springframework.security.access.intercept.AbstractSecurityInterceptor.beforeInvocation(AbstractSecurityInterceptor.java:233)
	at org.springframework.security.web.access.intercept.FilterSecurityInterceptor.invoke(FilterSecurityInterceptor.java:124)
	at org.springframework.security.web.access.intercept.FilterSecurityInterceptor.doFilter(FilterSecurityInterceptor.java:91)
	at org.springframework.security.web.FilterChainProxy$VirtualFilterChain.doFilter(FilterChainProxy.java:331)
	at org.springframework.security.web.access.ExceptionTranslationFilter.doFilter(ExceptionTranslationFilter.java:114)
	at org.springframework.security.web.FilterChainProxy$VirtualFilterChain.doFilter(FilterChainProxy.java:331)
	at org.springframework.security.web.session.SessionManagementFilter.doFilter(SessionManagementFilter.java:137)
	at org.springframework.security.web.FilterChainProxy$VirtualFilterChain.doFilter(FilterChainProxy.java:331)
	at org.springframework.security.web.authentication.AnonymousAuthenticationFilter.doFilter(AnonymousAuthenticationFilter.java:111)
	at org.springframework.security.web.FilterChainProxy$VirtualFilterChain.doFilter(FilterChainProxy.java:331)
	at org.springframework.security.web.servletapi.SecurityContextHolderAwareRequestFilter.doFilter(SecurityContextHolderAwareRequestFilter.java:170)
	at org.springframework.security.web.FilterChainProxy$VirtualFilterChain.doFilter(FilterChainProxy.java:331)
	at org.springframework.security.web.savedrequest.RequestCacheAwareFilter.doFilter(RequestCacheAwareFilter.java:63)
	at org.springframework.security.web.FilterChainProxy$VirtualFilterChain.doFilter(FilterChainProxy.java:331)
	at org.springframework.security.web.authentication.AbstractAuthenticationProcessingFilter.doFilter(AbstractAuthenticationProcessingFilter.java:200)
	at org.springframework.security.web.FilterChainProxy$VirtualFilterChain.doFilter(FilterChainProxy.java:331)
	at org.springframework.security.web.authentication.logout.LogoutFilter.doFilter(LogoutFilter.java:116)
	at org.springframework.security.web.FilterChainProxy$VirtualFilterChain.doFilter(FilterChainProxy.java:331)
	at org.springframework.security.web.csrf.CsrfFilter.doFilterInternal(CsrfFilter.java:100)
	at org.springframework.web.filter.OncePerRequestFilter.doFilter(OncePerRequestFilter.java:107)
	at org.springframework.security.web.FilterChainProxy$VirtualFilterChain.doFilter(FilterChainProxy.java:331)
	at org.springframework.security.web.header.HeaderWriterFilter.doFilterInternal(HeaderWriterFilter.java:64)
	at org.springframework.web.filter.OncePerRequestFilter.doFilter(OncePerRequestFilter.java:107)
	at org.springframework.security.web.FilterChainProxy$VirtualFilterChain.doFilter(FilterChainProxy.java:331)
	at org.springframework.security.web.context.SecurityContextPersistenceFilter.doFilter(SecurityContextPersistenceFilter.java:105)
	at org.springframework.security.web.FilterChainProxy$VirtualFilterChain.doFilter(FilterChainProxy.java:331)
	at org.springframework.security.web.context.request.async.WebAsyncManagerIntegrationFilter.doFilterInternal(WebAsyncManagerIntegrationFilter.java:56)
	at org.springframework.web.filter.OncePerRequestFilter.doFilter(OncePerRequestFilter.java:107)
	at org.springframework.security.web.FilterChainProxy$VirtualFilterChain.doFilter(FilterChainProxy.java:331)
	at org.springframework.security.web.FilterChainProxy.doFilterInternal(FilterChainProxy.java:214)
	at org.springframework.security.web.FilterChainProxy.doFilter(FilterChainProxy.java:177)
	at org.springframework.web.filter.DelegatingFilterProxy.invokeDelegate(DelegatingFilterProxy.java:347)
	at org.springframework.web.filter.DelegatingFilterProxy.doFilter(DelegatingFilterProxy.java:263)
	at org.apache.catalina.core.ApplicationFilterChain.internalDoFilter(ApplicationFilterChain.java:193)
	at org.apache.catalina.core.ApplicationFilterChain.doFilter(ApplicationFilterChain.java:166)
	at org.springframework.web.filter.RequestContextFilter.doFilterInternal(RequestContextFilter.java:99)
	at org.springframework.web.filter.OncePerRequestFilter.doFilter(OncePerRequestFilter.java:107)
	at org.apache.catalina.core.ApplicationFilterChain.internalDoFilter(ApplicationFilterChain.java:193)
	at org.apache.catalina.core.ApplicationFilterChain.doFilter(ApplicationFilterChain.java:166)
	at org.springframework.web.filter.HttpPutFormContentFilter.doFilterInternal(HttpPutFormContentFilter.java:108)
	at org.springframework.web.filter.OncePerRequestFilter.doFilter(OncePerRequestFilter.java:107)
	at org.apache.catalina.core.ApplicationFilterChain.internalDoFilter(ApplicationFilterChain.java:193)
	at org.apache.catalina.core.ApplicationFilterChain.doFilter(ApplicationFilterChain.java:166)
	at org.springframework.web.filter.HiddenHttpMethodFilter.doFilterInternal(HiddenHttpMethodFilter.java:81)
	at org.springframework.web.filter.OncePerRequestFilter.doFilter(OncePerRequestFilter.java:107)
	at org.apache.catalina.core.ApplicationFilterChain.internalDoFilter(ApplicationFilterChain.java:193)
	at org.apache.catalina.core.ApplicationFilterChain.doFilter(ApplicationFilterChain.java:166)
	at org.springframework.web.filter.CharacterEncodingFilter.doFilterInternal(CharacterEncodingFilter.java:197)
	at org.springframework.web.filter.OncePerRequestFilter.doFilter(OncePerRequestFilter.java:107)
	at org.apache.catalina.core.ApplicationFilterChain.internalDoFilter(ApplicationFilterChain.java:193)
	at org.apache.catalina.core.ApplicationFilterChain.doFilter(ApplicationFilterChain.java:166)
	at org.apache.catalina.core.StandardWrapperValve.invoke(StandardWrapperValve.java:199)
	at org.apache.catalina.core.StandardContextValve.invoke(StandardContextValve.java:96)
	at org.apache.catalina.authenticator.AuthenticatorBase.invoke(AuthenticatorBase.java:478)
	at org.apache.catalina.core.StandardHostValve.invoke(StandardHostValve.java:140)
	at org.apache.catalina.valves.ErrorReportValve.invoke(ErrorReportValve.java:81)
	at org.apache.catalina.core.StandardEngineValve.invoke(StandardEngineValve.java:87)
	at org.apache.catalina.connector.CoyoteAdapter.service(CoyoteAdapter.java:342)
	at org.apache.coyote.http11.Http11Processor.service(Http11Processor.java:803)
	at org.apache.coyote.AbstractProcessorLight.process(AbstractProcessorLight.java:66)
	at org.apache.coyote.AbstractProtocol$ConnectionHandler.process(AbstractProtocol.java:868)
	at org.apache.tomcat.util.net.NioEndpoint$SocketProcessor.doRun(NioEndpoint.java:1459)
	at org.apache.tomcat.util.net.SocketProcessorBase.run(SocketProcessorBase.java:49)
	at java.util.concurrent.ThreadPoolExecutor.runWorker(ThreadPoolExecutor.java:1149)
	at java.util.concurrent.ThreadPoolExecutor$Worker.run(ThreadPoolExecutor.java:624)
	at org.apache.tomcat.util.threads.TaskThread$WrappingRunnable.run(TaskThread.java:61)
	at java.lang.Thread.run(Thread.java:748)
314437 [http-nio-8080-exec-3] DEBUG o.s.s.w.u.matcher.AndRequestMatcher - Trying to match using Ant [pattern='/**', GET]
314437 [http-nio-8080-exec-3] DEBUG o.s.s.w.u.m.AntPathRequestMatcher - Request '/' matched by universal pattern '/**'
314437 [http-nio-8080-exec-3] DEBUG o.s.s.w.u.matcher.AndRequestMatcher - Trying to match using NegatedRequestMatcher [requestMatcher=Ant [pattern='/**/favicon.ico']]
314437 [http-nio-8080-exec-3] DEBUG o.s.s.w.u.m.AntPathRequestMatcher - Checking match of request : '/'; against '/**/favicon.ico'
314437 [http-nio-8080-exec-3] DEBUG o.s.s.w.u.m.NegatedRequestMatcher - matches = true
314437 [http-nio-8080-exec-3] DEBUG o.s.s.w.u.matcher.AndRequestMatcher - Trying to match using NegatedRequestMatcher [requestMatcher=MediaTypeRequestMatcher [contentNegotiationStrategy=org.springframework.web.accept.ContentNegotiationManager@51434f8, matchingMediaTypes=[application/json], useEquals=false, ignoredMediaTypes=[*/*]]]
314437 [http-nio-8080-exec-3] DEBUG o.s.s.w.u.m.MediaTypeRequestMatcher - httpRequestMediaTypes=[text/html, application/xhtml+xml, image/webp, image/apng, application/xml;q=0.9, */*;q=0.8]
314437 [http-nio-8080-exec-3] DEBUG o.s.s.w.u.m.MediaTypeRequestMatcher - Processing text/html
314438 [http-nio-8080-exec-3] DEBUG o.s.s.w.u.m.MediaTypeRequestMatcher - application/json .isCompatibleWith text/html = false
314438 [http-nio-8080-exec-3] DEBUG o.s.s.w.u.m.MediaTypeRequestMatcher - Processing application/xhtml+xml
314438 [http-nio-8080-exec-3] DEBUG o.s.s.w.u.m.MediaTypeRequestMatcher - application/json .isCompatibleWith application/xhtml+xml = false
314438 [http-nio-8080-exec-3] DEBUG o.s.s.w.u.m.MediaTypeRequestMatcher - Processing image/webp
314438 [http-nio-8080-exec-3] DEBUG o.s.s.w.u.m.MediaTypeRequestMatcher - application/json .isCompatibleWith image/webp = false
314438 [http-nio-8080-exec-3] DEBUG o.s.s.w.u.m.MediaTypeRequestMatcher - Processing image/apng
314438 [http-nio-8080-exec-3] DEBUG o.s.s.w.u.m.MediaTypeRequestMatcher - application/json .isCompatibleWith image/apng = false
314438 [http-nio-8080-exec-3] DEBUG o.s.s.w.u.m.MediaTypeRequestMatcher - Processing application/xml;q=0.9
314438 [http-nio-8080-exec-3] DEBUG o.s.s.w.u.m.MediaTypeRequestMatcher - application/json .isCompatibleWith application/xml;q=0.9 = false
314438 [http-nio-8080-exec-3] DEBUG o.s.s.w.u.m.MediaTypeRequestMatcher - Processing */*;q=0.8
314438 [http-nio-8080-exec-3] DEBUG o.s.s.w.u.m.MediaTypeRequestMatcher - Ignoring
314438 [http-nio-8080-exec-3] DEBUG o.s.s.w.u.m.MediaTypeRequestMatcher - Did not match any media types
314438 [http-nio-8080-exec-3] DEBUG o.s.s.w.u.m.NegatedRequestMatcher - matches = true
314438 [http-nio-8080-exec-3] DEBUG o.s.s.w.u.matcher.AndRequestMatcher - Trying to match using NegatedRequestMatcher [requestMatcher=RequestHeaderRequestMatcher [expectedHeaderName=X-Requested-With, expectedHeaderValue=XMLHttpRequest]]
314438 [http-nio-8080-exec-3] DEBUG o.s.s.w.u.m.NegatedRequestMatcher - matches = true
314438 [http-nio-8080-exec-3] DEBUG o.s.s.w.u.matcher.AndRequestMatcher - All requestMatchers returned true
314438 [http-nio-8080-exec-3] DEBUG o.s.s.w.s.HttpSessionRequestCache - DefaultSavedRequest added to Session: DefaultSavedRequest[http://localhost:8080/]
314438 [http-nio-8080-exec-3] DEBUG o.s.s.w.a.ExceptionTranslationFilter - Calling Authentication entry point.
314438 [http-nio-8080-exec-3] DEBUG o.s.s.web.DefaultRedirectStrategy - Redirecting to 'http://localhost:8080/login'
314438 [http-nio-8080-exec-3] DEBUG o.s.s.w.c.HttpSessionSecurityContextRepository - SecurityContext is empty or contents are anonymous - context will not be stored in HttpSession.
314438 [http-nio-8080-exec-3] DEBUG o.s.s.w.c.SecurityContextPersistenceFilter - SecurityContextHolder now cleared, as request processing completed
314441 [http-nio-8080-exec-4] DEBUG o.s.s.w.u.matcher.OrRequestMatcher - Trying to match using Ant [pattern='/css/**']
314441 [http-nio-8080-exec-4] DEBUG o.s.s.w.u.m.AntPathRequestMatcher - Checking match of request : '/login'; against '/css/**'
314441 [http-nio-8080-exec-4] DEBUG o.s.s.w.u.matcher.OrRequestMatcher - Trying to match using Ant [pattern='/js/**']
314441 [http-nio-8080-exec-4] DEBUG o.s.s.w.u.m.AntPathRequestMatcher - Checking match of request : '/login'; against '/js/**'
314441 [http-nio-8080-exec-4] DEBUG o.s.s.w.u.matcher.OrRequestMatcher - Trying to match using Ant [pattern='/images/**']
314441 [http-nio-8080-exec-4] DEBUG o.s.s.w.u.m.AntPathRequestMatcher - Checking match of request : '/login'; against '/images/**'
314441 [http-nio-8080-exec-4] DEBUG o.s.s.w.u.matcher.OrRequestMatcher - Trying to match using Ant [pattern='/webjars/**']
314441 [http-nio-8080-exec-4] DEBUG o.s.s.w.u.m.AntPathRequestMatcher - Checking match of request : '/login'; against '/webjars/**'
314441 [http-nio-8080-exec-4] DEBUG o.s.s.w.u.matcher.OrRequestMatcher - Trying to match using Ant [pattern='/**/favicon.ico']
314441 [http-nio-8080-exec-4] DEBUG o.s.s.w.u.m.AntPathRequestMatcher - Checking match of request : '/login'; against '/**/favicon.ico'
314441 [http-nio-8080-exec-4] DEBUG o.s.s.w.u.matcher.OrRequestMatcher - Trying to match using Ant [pattern='/error']
314441 [http-nio-8080-exec-4] DEBUG o.s.s.w.u.m.AntPathRequestMatcher - Checking match of request : '/login'; against '/error'
314441 [http-nio-8080-exec-4] DEBUG o.s.s.w.u.matcher.OrRequestMatcher - No matches found
314441 [http-nio-8080-exec-4] DEBUG o.s.security.web.FilterChainProxy - /login at position 1 of 12 in additional filter chain; firing Filter: 'WebAsyncManagerIntegrationFilter'
314441 [http-nio-8080-exec-4] DEBUG o.s.security.web.FilterChainProxy - /login at position 2 of 12 in additional filter chain; firing Filter: 'SecurityContextPersistenceFilter'
314441 [http-nio-8080-exec-4] DEBUG o.s.s.w.c.HttpSessionSecurityContextRepository - HttpSession returned null object for SPRING_SECURITY_CONTEXT
314441 [http-nio-8080-exec-4] DEBUG o.s.s.w.c.HttpSessionSecurityContextRepository - No SecurityContext was available from the HttpSession: org.apache.catalina.session.StandardSessionFacade@2247e7fd. A new one will be created.
314441 [http-nio-8080-exec-4] DEBUG o.s.security.web.FilterChainProxy - /login at position 3 of 12 in additional filter chain; firing Filter: 'HeaderWriterFilter'
314441 [http-nio-8080-exec-4] DEBUG o.s.s.w.h.writers.HstsHeaderWriter - Not injecting HSTS header since it did not match the requestMatcher org.springframework.security.web.header.writers.HstsHeaderWriter$SecureRequestMatcher@2678676d
314441 [http-nio-8080-exec-4] DEBUG o.s.security.web.FilterChainProxy - /login at position 4 of 12 in additional filter chain; firing Filter: 'CsrfFilter'
314441 [http-nio-8080-exec-4] DEBUG o.s.security.web.FilterChainProxy - /login at position 5 of 12 in additional filter chain; firing Filter: 'LogoutFilter'
314441 [http-nio-8080-exec-4] DEBUG o.s.s.w.u.m.AntPathRequestMatcher - Request 'GET /login' doesn't match 'POST /logout
314441 [http-nio-8080-exec-4] DEBUG o.s.security.web.FilterChainProxy - /login at position 6 of 12 in additional filter chain; firing Filter: 'UsernamePasswordAuthenticationFilter'
314441 [http-nio-8080-exec-4] DEBUG o.s.s.w.u.m.AntPathRequestMatcher - Request 'GET /login' doesn't match 'POST /login
314441 [http-nio-8080-exec-4] DEBUG o.s.security.web.FilterChainProxy - /login at position 7 of 12 in additional filter chain; firing Filter: 'RequestCacheAwareFilter'
314441 [http-nio-8080-exec-4] DEBUG o.s.s.w.s.DefaultSavedRequest - pathInfo: both null (property equals)
314441 [http-nio-8080-exec-4] DEBUG o.s.s.w.s.DefaultSavedRequest - queryString: both null (property equals)
314441 [http-nio-8080-exec-4] DEBUG o.s.s.w.s.DefaultSavedRequest - requestURI: arg1=/; arg2=/login (property not equals)
314445 [http-nio-8080-exec-4] DEBUG o.s.s.w.s.HttpSessionRequestCache - saved request doesn't match
314445 [http-nio-8080-exec-4] DEBUG o.s.security.web.FilterChainProxy - /login at position 8 of 12 in additional filter chain; firing Filter: 'SecurityContextHolderAwareRequestFilter'
314445 [http-nio-8080-exec-4] DEBUG o.s.security.web.FilterChainProxy - /login at position 9 of 12 in additional filter chain; firing Filter: 'AnonymousAuthenticationFilter'
314445 [http-nio-8080-exec-4] DEBUG o.s.s.w.a.AnonymousAuthenticationFilter - Populated SecurityContextHolder with anonymous token: 'org.springframework.security.authentication.AnonymousAuthenticationToken@9056f12c: Principal: anonymousUser; Credentials: [PROTECTED]; Authenticated: true; Details: org.springframework.security.web.authentication.WebAuthenticationDetails@380f4: RemoteIpAddress: 0:0:0:0:0:0:0:1; SessionId: E19E57469EE6F381AC3AE07038133466; Granted Authorities: ROLE_ANONYMOUS'
314445 [http-nio-8080-exec-4] DEBUG o.s.security.web.FilterChainProxy - /login at position 10 of 12 in additional filter chain; firing Filter: 'SessionManagementFilter'
314445 [http-nio-8080-exec-4] DEBUG o.s.security.web.FilterChainProxy - /login at position 11 of 12 in additional filter chain; firing Filter: 'ExceptionTranslationFilter'
314445 [http-nio-8080-exec-4] DEBUG o.s.security.web.FilterChainProxy - /login at position 12 of 12 in additional filter chain; firing Filter: 'FilterSecurityInterceptor'
314445 [http-nio-8080-exec-4] DEBUG o.s.s.w.a.i.FilterSecurityInterceptor - Secure object: FilterInvocation: URL: /login; Attributes: [permitAll]
314445 [http-nio-8080-exec-4] DEBUG o.s.s.w.a.i.FilterSecurityInterceptor - Previously Authenticated: org.springframework.security.authentication.AnonymousAuthenticationToken@9056f12c: Principal: anonymousUser; Credentials: [PROTECTED]; Authenticated: true; Details: org.springframework.security.web.authentication.WebAuthenticationDetails@380f4: RemoteIpAddress: 0:0:0:0:0:0:0:1; SessionId: E19E57469EE6F381AC3AE07038133466; Granted Authorities: ROLE_ANONYMOUS
314445 [http-nio-8080-exec-4] DEBUG o.s.s.access.vote.AffirmativeBased - Voter: org.springframework.security.web.access.expression.WebExpressionVoter@5b1f5274, returned: 1
314445 [http-nio-8080-exec-4] DEBUG o.s.s.w.a.i.FilterSecurityInterceptor - Authorization successful
314445 [http-nio-8080-exec-4] DEBUG o.s.s.w.a.i.FilterSecurityInterceptor - RunAsManager did not change Authentication object
314445 [http-nio-8080-exec-4] DEBUG o.s.security.web.FilterChainProxy - /login reached end of additional filter chain; proceeding with original chain
314447 [http-nio-8080-exec-4] DEBUG o.s.s.w.c.HttpSessionSecurityContextRepository - SecurityContext is empty or contents are anonymous - context will not be stored in HttpSession.
314448 [http-nio-8080-exec-4] DEBUG o.s.s.w.a.ExceptionTranslationFilter - Chain processed normally
314448 [http-nio-8080-exec-4] DEBUG o.s.s.w.c.SecurityContextPersistenceFilter - SecurityContextHolder now cleared, as request processing completed
314457 [http-nio-8080-exec-8] DEBUG o.s.s.w.u.matcher.OrRequestMatcher - Trying to match using Ant [pattern='/css/**']
314457 [http-nio-8080-exec-10] DEBUG o.s.s.w.u.matcher.OrRequestMatcher - Trying to match using Ant [pattern='/css/**']
314457 [http-nio-8080-exec-6] DEBUG o.s.s.w.u.matcher.OrRequestMatcher - Trying to match using Ant [pattern='/css/**']
314457 [http-nio-8080-exec-8] DEBUG o.s.s.w.u.m.AntPathRequestMatcher - Checking match of request : '/jquery/jquery-2.1.3.js'; against '/css/**'
314457 [http-nio-8080-exec-8] DEBUG o.s.s.w.u.matcher.OrRequestMatcher - Trying to match using Ant [pattern='/js/**']
314457 [http-nio-8080-exec-6] DEBUG o.s.s.w.u.m.AntPathRequestMatcher - Checking match of request : '/bootstrap/css/bootstrap.css'; against '/css/**'
314457 [http-nio-8080-exec-10] DEBUG o.s.s.w.u.m.AntPathRequestMatcher - Checking match of request : '/bootstrap/js/bootstrap.js'; against '/css/**'
314457 [http-nio-8080-exec-6] DEBUG o.s.s.w.u.matcher.OrRequestMatcher - Trying to match using Ant [pattern='/js/**']
314457 [http-nio-8080-exec-8] DEBUG o.s.s.w.u.m.AntPathRequestMatcher - Checking match of request : '/jquery/jquery-2.1.3.js'; against '/js/**'
314457 [http-nio-8080-exec-10] DEBUG o.s.s.w.u.matcher.OrRequestMatcher - Trying to match using Ant [pattern='/js/**']
314457 [http-nio-8080-exec-6] DEBUG o.s.s.w.u.m.AntPathRequestMatcher - Checking match of request : '/bootstrap/css/bootstrap.css'; against '/js/**'
314457 [http-nio-8080-exec-10] DEBUG o.s.s.w.u.m.AntPathRequestMatcher - Checking match of request : '/bootstrap/js/bootstrap.js'; against '/js/**'
314457 [http-nio-8080-exec-6] DEBUG o.s.s.w.u.matcher.OrRequestMatcher - Trying to match using Ant [pattern='/images/**']
314457 [http-nio-8080-exec-10] DEBUG o.s.s.w.u.matcher.OrRequestMatcher - Trying to match using Ant [pattern='/images/**']
314457 [http-nio-8080-exec-8] DEBUG o.s.s.w.u.matcher.OrRequestMatcher - Trying to match using Ant [pattern='/images/**']
314457 [http-nio-8080-exec-6] DEBUG o.s.s.w.u.m.AntPathRequestMatcher - Checking match of request : '/bootstrap/css/bootstrap.css'; against '/images/**'
314457 [http-nio-8080-exec-6] DEBUG o.s.s.w.u.matcher.OrRequestMatcher - Trying to match using Ant [pattern='/webjars/**']
314457 [http-nio-8080-exec-10] DEBUG o.s.s.w.u.m.AntPathRequestMatcher - Checking match of request : '/bootstrap/js/bootstrap.js'; against '/images/**'
314457 [http-nio-8080-exec-8] DEBUG o.s.s.w.u.m.AntPathRequestMatcher - Checking match of request : '/jquery/jquery-2.1.3.js'; against '/images/**'
314457 [http-nio-8080-exec-6] DEBUG o.s.s.w.u.m.AntPathRequestMatcher - Checking match of request : '/bootstrap/css/bootstrap.css'; against '/webjars/**'
314457 [http-nio-8080-exec-10] DEBUG o.s.s.w.u.matcher.OrRequestMatcher - Trying to match using Ant [pattern='/webjars/**']
314457 [http-nio-8080-exec-8] DEBUG o.s.s.w.u.matcher.OrRequestMatcher - Trying to match using Ant [pattern='/webjars/**']
314457 [http-nio-8080-exec-6] DEBUG o.s.s.w.u.matcher.OrRequestMatcher - Trying to match using Ant [pattern='/**/favicon.ico']
314457 [http-nio-8080-exec-10] DEBUG o.s.s.w.u.m.AntPathRequestMatcher - Checking match of request : '/bootstrap/js/bootstrap.js'; against '/webjars/**'
314457 [http-nio-8080-exec-10] DEBUG o.s.s.w.u.matcher.OrRequestMatcher - Trying to match using Ant [pattern='/**/favicon.ico']
314457 [http-nio-8080-exec-8] DEBUG o.s.s.w.u.m.AntPathRequestMatcher - Checking match of request : '/jquery/jquery-2.1.3.js'; against '/webjars/**'
314457 [http-nio-8080-exec-8] DEBUG o.s.s.w.u.matcher.OrRequestMatcher - Trying to match using Ant [pattern='/**/favicon.ico']
314457 [http-nio-8080-exec-6] DEBUG o.s.s.w.u.m.AntPathRequestMatcher - Checking match of request : '/bootstrap/css/bootstrap.css'; against '/**/favicon.ico'
314457 [http-nio-8080-exec-10] DEBUG o.s.s.w.u.m.AntPathRequestMatcher - Checking match of request : '/bootstrap/js/bootstrap.js'; against '/**/favicon.ico'
314457 [http-nio-8080-exec-8] DEBUG o.s.s.w.u.m.AntPathRequestMatcher - Checking match of request : '/jquery/jquery-2.1.3.js'; against '/**/favicon.ico'
314457 [http-nio-8080-exec-6] DEBUG o.s.s.w.u.matcher.OrRequestMatcher - Trying to match using Ant [pattern='/error']
314460 [http-nio-8080-exec-10] DEBUG o.s.s.w.u.matcher.OrRequestMatcher - Trying to match using Ant [pattern='/error']
314460 [http-nio-8080-exec-8] DEBUG o.s.s.w.u.matcher.OrRequestMatcher - Trying to match using Ant [pattern='/error']
314460 [http-nio-8080-exec-6] DEBUG o.s.s.w.u.m.AntPathRequestMatcher - Checking match of request : '/bootstrap/css/bootstrap.css'; against '/error'
314460 [http-nio-8080-exec-10] DEBUG o.s.s.w.u.m.AntPathRequestMatcher - Checking match of request : '/bootstrap/js/bootstrap.js'; against '/error'
314460 [http-nio-8080-exec-8] DEBUG o.s.s.w.u.m.AntPathRequestMatcher - Checking match of request : '/jquery/jquery-2.1.3.js'; against '/error'
314460 [http-nio-8080-exec-6] DEBUG o.s.s.w.u.matcher.OrRequestMatcher - No matches found
314460 [http-nio-8080-exec-8] DEBUG o.s.s.w.u.matcher.OrRequestMatcher - No matches found
314460 [http-nio-8080-exec-10] DEBUG o.s.s.w.u.matcher.OrRequestMatcher - No matches found
314460 [http-nio-8080-exec-6] DEBUG o.s.security.web.FilterChainProxy - /bootstrap/css/bootstrap.css at position 1 of 12 in additional filter chain; firing Filter: 'WebAsyncManagerIntegrationFilter'
314460 [http-nio-8080-exec-10] DEBUG o.s.security.web.FilterChainProxy - /bootstrap/js/bootstrap.js at position 1 of 12 in additional filter chain; firing Filter: 'WebAsyncManagerIntegrationFilter'
314460 [http-nio-8080-exec-8] DEBUG o.s.security.web.FilterChainProxy - /jquery/jquery-2.1.3.js at position 1 of 12 in additional filter chain; firing Filter: 'WebAsyncManagerIntegrationFilter'
314460 [http-nio-8080-exec-6] DEBUG o.s.security.web.FilterChainProxy - /bootstrap/css/bootstrap.css at position 2 of 12 in additional filter chain; firing Filter: 'SecurityContextPersistenceFilter'
314460 [http-nio-8080-exec-8] DEBUG o.s.security.web.FilterChainProxy - /jquery/jquery-2.1.3.js at position 2 of 12 in additional filter chain; firing Filter: 'SecurityContextPersistenceFilter'
314460 [http-nio-8080-exec-6] DEBUG o.s.s.w.c.HttpSessionSecurityContextRepository - HttpSession returned null object for SPRING_SECURITY_CONTEXT
314460 [http-nio-8080-exec-10] DEBUG o.s.security.web.FilterChainProxy - /bootstrap/js/bootstrap.js at position 2 of 12 in additional filter chain; firing Filter: 'SecurityContextPersistenceFilter'
314460 [http-nio-8080-exec-8] DEBUG o.s.s.w.c.HttpSessionSecurityContextRepository - HttpSession returned null object for SPRING_SECURITY_CONTEXT
314460 [http-nio-8080-exec-10] DEBUG o.s.s.w.c.HttpSessionSecurityContextRepository - HttpSession returned null object for SPRING_SECURITY_CONTEXT
314460 [http-nio-8080-exec-6] DEBUG o.s.s.w.c.HttpSessionSecurityContextRepository - No SecurityContext was available from the HttpSession: org.apache.catalina.session.StandardSessionFacade@2247e7fd. A new one will be created.
314460 [http-nio-8080-exec-8] DEBUG o.s.s.w.c.HttpSessionSecurityContextRepository - No SecurityContext was available from the HttpSession: org.apache.catalina.session.StandardSessionFacade@2247e7fd. A new one will be created.
314460 [http-nio-8080-exec-10] DEBUG o.s.s.w.c.HttpSessionSecurityContextRepository - No SecurityContext was available from the HttpSession: org.apache.catalina.session.StandardSessionFacade@2247e7fd. A new one will be created.
314460 [http-nio-8080-exec-6] DEBUG o.s.security.web.FilterChainProxy - /bootstrap/css/bootstrap.css at position 3 of 12 in additional filter chain; firing Filter: 'HeaderWriterFilter'
314460 [http-nio-8080-exec-10] DEBUG o.s.security.web.FilterChainProxy - /bootstrap/js/bootstrap.js at position 3 of 12 in additional filter chain; firing Filter: 'HeaderWriterFilter'
314460 [http-nio-8080-exec-8] DEBUG o.s.security.web.FilterChainProxy - /jquery/jquery-2.1.3.js at position 3 of 12 in additional filter chain; firing Filter: 'HeaderWriterFilter'
314460 [http-nio-8080-exec-6] DEBUG o.s.s.w.h.writers.HstsHeaderWriter - Not injecting HSTS header since it did not match the requestMatcher org.springframework.security.web.header.writers.HstsHeaderWriter$SecureRequestMatcher@2678676d
314460 [http-nio-8080-exec-10] DEBUG o.s.s.w.h.writers.HstsHeaderWriter - Not injecting HSTS header since it did not match the requestMatcher org.springframework.security.web.header.writers.HstsHeaderWriter$SecureRequestMatcher@2678676d
314460 [http-nio-8080-exec-8] DEBUG o.s.s.w.h.writers.HstsHeaderWriter - Not injecting HSTS header since it did not match the requestMatcher org.springframework.security.web.header.writers.HstsHeaderWriter$SecureRequestMatcher@2678676d
314461 [http-nio-8080-exec-6] DEBUG o.s.security.web.FilterChainProxy - /bootstrap/css/bootstrap.css at position 4 of 12 in additional filter chain; firing Filter: 'CsrfFilter'
314461 [http-nio-8080-exec-10] DEBUG o.s.security.web.FilterChainProxy - /bootstrap/js/bootstrap.js at position 4 of 12 in additional filter chain; firing Filter: 'CsrfFilter'
314461 [http-nio-8080-exec-8] DEBUG o.s.security.web.FilterChainProxy - /jquery/jquery-2.1.3.js at position 4 of 12 in additional filter chain; firing Filter: 'CsrfFilter'
314461 [http-nio-8080-exec-6] DEBUG o.s.security.web.FilterChainProxy - /bootstrap/css/bootstrap.css at position 5 of 12 in additional filter chain; firing Filter: 'LogoutFilter'
314461 [http-nio-8080-exec-8] DEBUG o.s.security.web.FilterChainProxy - /jquery/jquery-2.1.3.js at position 5 of 12 in additional filter chain; firing Filter: 'LogoutFilter'
314461 [http-nio-8080-exec-6] DEBUG o.s.s.w.u.m.AntPathRequestMatcher - Request 'GET /bootstrap/css/bootstrap.css' doesn't match 'POST /logout
314461 [http-nio-8080-exec-10] DEBUG o.s.security.web.FilterChainProxy - /bootstrap/js/bootstrap.js at position 5 of 12 in additional filter chain; firing Filter: 'LogoutFilter'
314461 [http-nio-8080-exec-8] DEBUG o.s.s.w.u.m.AntPathRequestMatcher - Request 'GET /jquery/jquery-2.1.3.js' doesn't match 'POST /logout
314461 [http-nio-8080-exec-10] DEBUG o.s.s.w.u.m.AntPathRequestMatcher - Request 'GET /bootstrap/js/bootstrap.js' doesn't match 'POST /logout
314461 [http-nio-8080-exec-6] DEBUG o.s.security.web.FilterChainProxy - /bootstrap/css/bootstrap.css at position 6 of 12 in additional filter chain; firing Filter: 'UsernamePasswordAuthenticationFilter'
314461 [http-nio-8080-exec-8] DEBUG o.s.security.web.FilterChainProxy - /jquery/jquery-2.1.3.js at position 6 of 12 in additional filter chain; firing Filter: 'UsernamePasswordAuthenticationFilter'
314461 [http-nio-8080-exec-10] DEBUG o.s.security.web.FilterChainProxy - /bootstrap/js/bootstrap.js at position 6 of 12 in additional filter chain; firing Filter: 'UsernamePasswordAuthenticationFilter'
314461 [http-nio-8080-exec-6] DEBUG o.s.s.w.u.m.AntPathRequestMatcher - Request 'GET /bootstrap/css/bootstrap.css' doesn't match 'POST /login
314461 [http-nio-8080-exec-8] DEBUG o.s.s.w.u.m.AntPathRequestMatcher - Request 'GET /jquery/jquery-2.1.3.js' doesn't match 'POST /login
314461 [http-nio-8080-exec-10] DEBUG o.s.s.w.u.m.AntPathRequestMatcher - Request 'GET /bootstrap/js/bootstrap.js' doesn't match 'POST /login
314461 [http-nio-8080-exec-8] DEBUG o.s.security.web.FilterChainProxy - /jquery/jquery-2.1.3.js at position 7 of 12 in additional filter chain; firing Filter: 'RequestCacheAwareFilter'
314461 [http-nio-8080-exec-10] DEBUG o.s.security.web.FilterChainProxy - /bootstrap/js/bootstrap.js at position 7 of 12 in additional filter chain; firing Filter: 'RequestCacheAwareFilter'
314461 [http-nio-8080-exec-8] DEBUG o.s.s.w.s.DefaultSavedRequest - pathInfo: both null (property equals)
314461 [http-nio-8080-exec-10] DEBUG o.s.s.w.s.DefaultSavedRequest - pathInfo: both null (property equals)
314461 [http-nio-8080-exec-8] DEBUG o.s.s.w.s.DefaultSavedRequest - queryString: both null (property equals)
314461 [http-nio-8080-exec-10] DEBUG o.s.s.w.s.DefaultSavedRequest - queryString: both null (property equals)
314461 [http-nio-8080-exec-8] DEBUG o.s.s.w.s.DefaultSavedRequest - requestURI: arg1=/; arg2=/jquery/jquery-2.1.3.js (property not equals)
314461 [http-nio-8080-exec-10] DEBUG o.s.s.w.s.DefaultSavedRequest - requestURI: arg1=/; arg2=/bootstrap/js/bootstrap.js (property not equals)
314461 [http-nio-8080-exec-8] DEBUG o.s.s.w.s.HttpSessionRequestCache - saved request doesn't match
314461 [http-nio-8080-exec-6] DEBUG o.s.security.web.FilterChainProxy - /bootstrap/css/bootstrap.css at position 7 of 12 in additional filter chain; firing Filter: 'RequestCacheAwareFilter'
314461 [http-nio-8080-exec-8] DEBUG o.s.security.web.FilterChainProxy - /jquery/jquery-2.1.3.js at position 8 of 12 in additional filter chain; firing Filter: 'SecurityContextHolderAwareRequestFilter'
314461 [http-nio-8080-exec-10] DEBUG o.s.s.w.s.HttpSessionRequestCache - saved request doesn't match
314461 [http-nio-8080-exec-6] DEBUG o.s.s.w.s.DefaultSavedRequest - pathInfo: both null (property equals)
314462 [http-nio-8080-exec-8] DEBUG o.s.security.web.FilterChainProxy - /jquery/jquery-2.1.3.js at position 9 of 12 in additional filter chain; firing Filter: 'AnonymousAuthenticationFilter'
314462 [http-nio-8080-exec-10] DEBUG o.s.security.web.FilterChainProxy - /bootstrap/js/bootstrap.js at position 8 of 12 in additional filter chain; firing Filter: 'SecurityContextHolderAwareRequestFilter'
314462 [http-nio-8080-exec-6] DEBUG o.s.s.w.s.DefaultSavedRequest - queryString: both null (property equals)
314462 [http-nio-8080-exec-10] DEBUG o.s.security.web.FilterChainProxy - /bootstrap/js/bootstrap.js at position 9 of 12 in additional filter chain; firing Filter: 'AnonymousAuthenticationFilter'
314462 [http-nio-8080-exec-6] DEBUG o.s.s.w.s.DefaultSavedRequest - requestURI: arg1=/; arg2=/bootstrap/css/bootstrap.css (property not equals)
314462 [http-nio-8080-exec-8] DEBUG o.s.s.w.a.AnonymousAuthenticationFilter - Populated SecurityContextHolder with anonymous token: 'org.springframework.security.authentication.AnonymousAuthenticationToken@9056f12c: Principal: anonymousUser; Credentials: [PROTECTED]; Authenticated: true; Details: org.springframework.security.web.authentication.WebAuthenticationDetails@380f4: RemoteIpAddress: 0:0:0:0:0:0:0:1; SessionId: E19E57469EE6F381AC3AE07038133466; Granted Authorities: ROLE_ANONYMOUS'
314462 [http-nio-8080-exec-6] DEBUG o.s.s.w.s.HttpSessionRequestCache - saved request doesn't match
314462 [http-nio-8080-exec-10] DEBUG o.s.s.w.a.AnonymousAuthenticationFilter - Populated SecurityContextHolder with anonymous token: 'org.springframework.security.authentication.AnonymousAuthenticationToken@9056f12c: Principal: anonymousUser; Credentials: [PROTECTED]; Authenticated: true; Details: org.springframework.security.web.authentication.WebAuthenticationDetails@380f4: RemoteIpAddress: 0:0:0:0:0:0:0:1; SessionId: E19E57469EE6F381AC3AE07038133466; Granted Authorities: ROLE_ANONYMOUS'
314462 [http-nio-8080-exec-6] DEBUG o.s.security.web.FilterChainProxy - /bootstrap/css/bootstrap.css at position 8 of 12 in additional filter chain; firing Filter: 'SecurityContextHolderAwareRequestFilter'
314462 [http-nio-8080-exec-8] DEBUG o.s.security.web.FilterChainProxy - /jquery/jquery-2.1.3.js at position 10 of 12 in additional filter chain; firing Filter: 'SessionManagementFilter'
314462 [http-nio-8080-exec-10] DEBUG o.s.security.web.FilterChainProxy - /bootstrap/js/bootstrap.js at position 10 of 12 in additional filter chain; firing Filter: 'SessionManagementFilter'
314462 [http-nio-8080-exec-6] DEBUG o.s.security.web.FilterChainProxy - /bootstrap/css/bootstrap.css at position 9 of 12 in additional filter chain; firing Filter: 'AnonymousAuthenticationFilter'
314462 [http-nio-8080-exec-8] DEBUG o.s.security.web.FilterChainProxy - /jquery/jquery-2.1.3.js at position 11 of 12 in additional filter chain; firing Filter: 'ExceptionTranslationFilter'
314462 [http-nio-8080-exec-6] DEBUG o.s.s.w.a.AnonymousAuthenticationFilter - Populated SecurityContextHolder with anonymous token: 'org.springframework.security.authentication.AnonymousAuthenticationToken@9056f12c: Principal: anonymousUser; Credentials: [PROTECTED]; Authenticated: true; Details: org.springframework.security.web.authentication.WebAuthenticationDetails@380f4: RemoteIpAddress: 0:0:0:0:0:0:0:1; SessionId: E19E57469EE6F381AC3AE07038133466; Granted Authorities: ROLE_ANONYMOUS'
314462 [http-nio-8080-exec-8] DEBUG o.s.security.web.FilterChainProxy - /jquery/jquery-2.1.3.js at position 12 of 12 in additional filter chain; firing Filter: 'FilterSecurityInterceptor'
314462 [http-nio-8080-exec-10] DEBUG o.s.security.web.FilterChainProxy - /bootstrap/js/bootstrap.js at position 11 of 12 in additional filter chain; firing Filter: 'ExceptionTranslationFilter'
314462 [http-nio-8080-exec-6] DEBUG o.s.security.web.FilterChainProxy - /bootstrap/css/bootstrap.css at position 10 of 12 in additional filter chain; firing Filter: 'SessionManagementFilter'
314462 [http-nio-8080-exec-10] DEBUG o.s.security.web.FilterChainProxy - /bootstrap/js/bootstrap.js at position 12 of 12 in additional filter chain; firing Filter: 'FilterSecurityInterceptor'
314462 [http-nio-8080-exec-8] DEBUG o.s.s.w.u.m.AntPathRequestMatcher - Request 'GET /jquery/jquery-2.1.3.js' doesn't match 'POST /logout
314462 [http-nio-8080-exec-6] DEBUG o.s.security.web.FilterChainProxy - /bootstrap/css/bootstrap.css at position 11 of 12 in additional filter chain; firing Filter: 'ExceptionTranslationFilter'
314463 [http-nio-8080-exec-10] DEBUG o.s.s.w.u.m.AntPathRequestMatcher - Request 'GET /bootstrap/js/bootstrap.js' doesn't match 'POST /logout
314463 [http-nio-8080-exec-8] DEBUG o.s.s.w.u.m.AntPathRequestMatcher - Checking match of request : '/jquery/jquery-2.1.3.js'; against '/bootstrap/**'
314463 [http-nio-8080-exec-6] DEBUG o.s.security.web.FilterChainProxy - /bootstrap/css/bootstrap.css at position 12 of 12 in additional filter chain; firing Filter: 'FilterSecurityInterceptor'
314463 [http-nio-8080-exec-10] DEBUG o.s.s.w.u.m.AntPathRequestMatcher - Checking match of request : '/bootstrap/js/bootstrap.js'; against '/bootstrap/**'
314463 [http-nio-8080-exec-8] DEBUG o.s.s.w.u.m.AntPathRequestMatcher - Checking match of request : '/jquery/jquery-2.1.3.js'; against '/error/**'
314463 [http-nio-8080-exec-8] DEBUG o.s.s.w.u.m.AntPathRequestMatcher - Checking match of request : '/jquery/jquery-2.1.3.js'; against '/img/**'
314463 [http-nio-8080-exec-6] DEBUG o.s.s.w.u.m.AntPathRequestMatcher - Request 'GET /bootstrap/css/bootstrap.css' doesn't match 'POST /logout
314463 [http-nio-8080-exec-8] DEBUG o.s.s.w.u.m.AntPathRequestMatcher - Checking match of request : '/jquery/jquery-2.1.3.js'; against '/jquery/**'
314463 [http-nio-8080-exec-10] DEBUG o.s.s.w.a.i.FilterSecurityInterceptor - Secure object: FilterInvocation: URL: /bootstrap/js/bootstrap.js; Attributes: [permitAll]
314463 [http-nio-8080-exec-8] DEBUG o.s.s.w.a.i.FilterSecurityInterceptor - Secure object: FilterInvocation: URL: /jquery/jquery-2.1.3.js; Attributes: [permitAll]
314463 [http-nio-8080-exec-8] DEBUG o.s.s.w.a.i.FilterSecurityInterceptor - Previously Authenticated: org.springframework.security.authentication.AnonymousAuthenticationToken@9056f12c: Principal: anonymousUser; Credentials: [PROTECTED]; Authenticated: true; Details: org.springframework.security.web.authentication.WebAuthenticationDetails@380f4: RemoteIpAddress: 0:0:0:0:0:0:0:1; SessionId: E19E57469EE6F381AC3AE07038133466; Granted Authorities: ROLE_ANONYMOUS
314463 [http-nio-8080-exec-6] DEBUG o.s.s.w.u.m.AntPathRequestMatcher - Checking match of request : '/bootstrap/css/bootstrap.css'; against '/bootstrap/**'
314463 [http-nio-8080-exec-10] DEBUG o.s.s.w.a.i.FilterSecurityInterceptor - Previously Authenticated: org.springframework.security.authentication.AnonymousAuthenticationToken@9056f12c: Principal: anonymousUser; Credentials: [PROTECTED]; Authenticated: true; Details: org.springframework.security.web.authentication.WebAuthenticationDetails@380f4: RemoteIpAddress: 0:0:0:0:0:0:0:1; SessionId: E19E57469EE6F381AC3AE07038133466; Granted Authorities: ROLE_ANONYMOUS
314463 [http-nio-8080-exec-6] DEBUG o.s.s.w.a.i.FilterSecurityInterceptor - Secure object: FilterInvocation: URL: /bootstrap/css/bootstrap.css; Attributes: [permitAll]
314463 [http-nio-8080-exec-6] DEBUG o.s.s.w.a.i.FilterSecurityInterceptor - Previously Authenticated: org.springframework.security.authentication.AnonymousAuthenticationToken@9056f12c: Principal: anonymousUser; Credentials: [PROTECTED]; Authenticated: true; Details: org.springframework.security.web.authentication.WebAuthenticationDetails@380f4: RemoteIpAddress: 0:0:0:0:0:0:0:1; SessionId: E19E57469EE6F381AC3AE07038133466; Granted Authorities: ROLE_ANONYMOUS
314463 [http-nio-8080-exec-8] DEBUG o.s.s.access.vote.AffirmativeBased - Voter: org.springframework.security.web.access.expression.WebExpressionVoter@5b1f5274, returned: 1
314463 [http-nio-8080-exec-10] DEBUG o.s.s.access.vote.AffirmativeBased - Voter: org.springframework.security.web.access.expression.WebExpressionVoter@5b1f5274, returned: 1
314463 [http-nio-8080-exec-10] DEBUG o.s.s.w.a.i.FilterSecurityInterceptor - Authorization successful
314463 [http-nio-8080-exec-10] DEBUG o.s.s.w.a.i.FilterSecurityInterceptor - RunAsManager did not change Authentication object
314463 [http-nio-8080-exec-6] DEBUG o.s.s.access.vote.AffirmativeBased - Voter: org.springframework.security.web.access.expression.WebExpressionVoter@5b1f5274, returned: 1
314463 [http-nio-8080-exec-8] DEBUG o.s.s.w.a.i.FilterSecurityInterceptor - Authorization successful
314463 [http-nio-8080-exec-10] DEBUG o.s.security.web.FilterChainProxy - /bootstrap/js/bootstrap.js reached end of additional filter chain; proceeding with original chain
314464 [http-nio-8080-exec-6] DEBUG o.s.s.w.a.i.FilterSecurityInterceptor - Authorization successful
314464 [http-nio-8080-exec-8] DEBUG o.s.s.w.a.i.FilterSecurityInterceptor - RunAsManager did not change Authentication object
314464 [http-nio-8080-exec-6] DEBUG o.s.s.w.a.i.FilterSecurityInterceptor - RunAsManager did not change Authentication object
314464 [http-nio-8080-exec-8] DEBUG o.s.security.web.FilterChainProxy - /jquery/jquery-2.1.3.js reached end of additional filter chain; proceeding with original chain
314464 [http-nio-8080-exec-6] DEBUG o.s.security.web.FilterChainProxy - /bootstrap/css/bootstrap.css reached end of additional filter chain; proceeding with original chain
314466 [http-nio-8080-exec-6] DEBUG o.s.s.w.c.HttpSessionSecurityContextRepository - SecurityContext is empty or contents are anonymous - context will not be stored in HttpSession.
314466 [http-nio-8080-exec-10] DEBUG o.s.s.w.c.HttpSessionSecurityContextRepository - SecurityContext is empty or contents are anonymous - context will not be stored in HttpSession.
314466 [http-nio-8080-exec-8] DEBUG o.s.s.w.c.HttpSessionSecurityContextRepository - SecurityContext is empty or contents are anonymous - context will not be stored in HttpSession.
314468 [http-nio-8080-exec-10] DEBUG o.s.s.w.a.ExceptionTranslationFilter - Chain processed normally
314468 [http-nio-8080-exec-10] DEBUG o.s.s.w.c.SecurityContextPersistenceFilter - SecurityContextHolder now cleared, as request processing completed
314470 [http-nio-8080-exec-6] DEBUG o.s.s.w.a.ExceptionTranslationFilter - Chain processed normally
314470 [http-nio-8080-exec-6] DEBUG o.s.s.w.c.SecurityContextPersistenceFilter - SecurityContextHolder now cleared, as request processing completed
314474 [http-nio-8080-exec-8] DEBUG o.s.s.w.a.ExceptionTranslationFilter - Chain processed normally
314474 [http-nio-8080-exec-8] DEBUG o.s.s.w.c.SecurityContextPersistenceFilter - SecurityContextHolder now cleared, as request processing completed
317563 [http-nio-8080-exec-7] DEBUG o.s.s.w.u.matcher.OrRequestMatcher - Trying to match using Ant [pattern='/css/**']
317563 [http-nio-8080-exec-7] DEBUG o.s.s.w.u.m.AntPathRequestMatcher - Checking match of request : '/'; against '/css/**'
317563 [http-nio-8080-exec-7] DEBUG o.s.s.w.u.matcher.OrRequestMatcher - Trying to match using Ant [pattern='/js/**']
317563 [http-nio-8080-exec-7] DEBUG o.s.s.w.u.m.AntPathRequestMatcher - Checking match of request : '/'; against '/js/**'
317563 [http-nio-8080-exec-7] DEBUG o.s.s.w.u.matcher.OrRequestMatcher - Trying to match using Ant [pattern='/images/**']
317563 [http-nio-8080-exec-7] DEBUG o.s.s.w.u.m.AntPathRequestMatcher - Checking match of request : '/'; against '/images/**'
317563 [http-nio-8080-exec-7] DEBUG o.s.s.w.u.matcher.OrRequestMatcher - Trying to match using Ant [pattern='/webjars/**']
317563 [http-nio-8080-exec-7] DEBUG o.s.s.w.u.m.AntPathRequestMatcher - Checking match of request : '/'; against '/webjars/**'
317563 [http-nio-8080-exec-7] DEBUG o.s.s.w.u.matcher.OrRequestMatcher - Trying to match using Ant [pattern='/**/favicon.ico']
317563 [http-nio-8080-exec-7] DEBUG o.s.s.w.u.m.AntPathRequestMatcher - Checking match of request : '/'; against '/**/favicon.ico'
317563 [http-nio-8080-exec-7] DEBUG o.s.s.w.u.matcher.OrRequestMatcher - Trying to match using Ant [pattern='/error']
317563 [http-nio-8080-exec-7] DEBUG o.s.s.w.u.m.AntPathRequestMatcher - Checking match of request : '/'; against '/error'
317563 [http-nio-8080-exec-7] DEBUG o.s.s.w.u.matcher.OrRequestMatcher - No matches found
317563 [http-nio-8080-exec-7] DEBUG o.s.security.web.FilterChainProxy - / at position 1 of 12 in additional filter chain; firing Filter: 'WebAsyncManagerIntegrationFilter'
317563 [http-nio-8080-exec-7] DEBUG o.s.security.web.FilterChainProxy - / at position 2 of 12 in additional filter chain; firing Filter: 'SecurityContextPersistenceFilter'
317563 [http-nio-8080-exec-7] DEBUG o.s.s.w.c.HttpSessionSecurityContextRepository - HttpSession returned null object for SPRING_SECURITY_CONTEXT
317563 [http-nio-8080-exec-7] DEBUG o.s.s.w.c.HttpSessionSecurityContextRepository - No SecurityContext was available from the HttpSession: org.apache.catalina.session.StandardSessionFacade@2247e7fd. A new one will be created.
317563 [http-nio-8080-exec-7] DEBUG o.s.security.web.FilterChainProxy - / at position 3 of 12 in additional filter chain; firing Filter: 'HeaderWriterFilter'
317563 [http-nio-8080-exec-7] DEBUG o.s.s.w.h.writers.HstsHeaderWriter - Not injecting HSTS header since it did not match the requestMatcher org.springframework.security.web.header.writers.HstsHeaderWriter$SecureRequestMatcher@2678676d
317563 [http-nio-8080-exec-7] DEBUG o.s.security.web.FilterChainProxy - / at position 4 of 12 in additional filter chain; firing Filter: 'CsrfFilter'
317563 [http-nio-8080-exec-7] DEBUG o.s.security.web.csrf.CsrfFilter - Invalid CSRF token found for http://localhost:8080/
317563 [http-nio-8080-exec-7] DEBUG o.s.s.w.c.HttpSessionSecurityContextRepository - SecurityContext is empty or contents are anonymous - context will not be stored in HttpSession.
317563 [http-nio-8080-exec-7] DEBUG o.s.s.w.c.SecurityContextPersistenceFilter - SecurityContextHolder now cleared, as request processing completed
320151 [http-nio-8080-exec-9] DEBUG o.s.s.w.u.matcher.OrRequestMatcher - Trying to match using Ant [pattern='/css/**']
320152 [http-nio-8080-exec-9] DEBUG o.s.s.w.u.m.AntPathRequestMatcher - Checking match of request : '/'; against '/css/**'
320152 [http-nio-8080-exec-9] DEBUG o.s.s.w.u.matcher.OrRequestMatcher - Trying to match using Ant [pattern='/js/**']
320152 [http-nio-8080-exec-9] DEBUG o.s.s.w.u.m.AntPathRequestMatcher - Checking match of request : '/'; against '/js/**'
320152 [http-nio-8080-exec-9] DEBUG o.s.s.w.u.matcher.OrRequestMatcher - Trying to match using Ant [pattern='/images/**']
320152 [http-nio-8080-exec-9] DEBUG o.s.s.w.u.m.AntPathRequestMatcher - Checking match of request : '/'; against '/images/**'
320152 [http-nio-8080-exec-9] DEBUG o.s.s.w.u.matcher.OrRequestMatcher - Trying to match using Ant [pattern='/webjars/**']
320152 [http-nio-8080-exec-9] DEBUG o.s.s.w.u.m.AntPathRequestMatcher - Checking match of request : '/'; against '/webjars/**'
320152 [http-nio-8080-exec-9] DEBUG o.s.s.w.u.matcher.OrRequestMatcher - Trying to match using Ant [pattern='/**/favicon.ico']
320152 [http-nio-8080-exec-9] DEBUG o.s.s.w.u.m.AntPathRequestMatcher - Checking match of request : '/'; against '/**/favicon.ico'
320152 [http-nio-8080-exec-9] DEBUG o.s.s.w.u.matcher.OrRequestMatcher - Trying to match using Ant [pattern='/error']
320152 [http-nio-8080-exec-9] DEBUG o.s.s.w.u.m.AntPathRequestMatcher - Checking match of request : '/'; against '/error'
320152 [http-nio-8080-exec-9] DEBUG o.s.s.w.u.matcher.OrRequestMatcher - No matches found
320152 [http-nio-8080-exec-9] DEBUG o.s.security.web.FilterChainProxy - / at position 1 of 12 in additional filter chain; firing Filter: 'WebAsyncManagerIntegrationFilter'
320152 [http-nio-8080-exec-9] DEBUG o.s.security.web.FilterChainProxy - / at position 2 of 12 in additional filter chain; firing Filter: 'SecurityContextPersistenceFilter'
320152 [http-nio-8080-exec-9] DEBUG o.s.s.w.c.HttpSessionSecurityContextRepository - HttpSession returned null object for SPRING_SECURITY_CONTEXT
320152 [http-nio-8080-exec-9] DEBUG o.s.s.w.c.HttpSessionSecurityContextRepository - No SecurityContext was available from the HttpSession: org.apache.catalina.session.StandardSessionFacade@2247e7fd. A new one will be created.
320152 [http-nio-8080-exec-9] DEBUG o.s.security.web.FilterChainProxy - / at position 3 of 12 in additional filter chain; firing Filter: 'HeaderWriterFilter'
320152 [http-nio-8080-exec-9] DEBUG o.s.s.w.h.writers.HstsHeaderWriter - Not injecting HSTS header since it did not match the requestMatcher org.springframework.security.web.header.writers.HstsHeaderWriter$SecureRequestMatcher@2678676d
320152 [http-nio-8080-exec-9] DEBUG o.s.security.web.FilterChainProxy - / at position 4 of 12 in additional filter chain; firing Filter: 'CsrfFilter'
320152 [http-nio-8080-exec-9] DEBUG o.s.security.web.FilterChainProxy - / at position 5 of 12 in additional filter chain; firing Filter: 'LogoutFilter'
320152 [http-nio-8080-exec-9] DEBUG o.s.s.w.u.m.AntPathRequestMatcher - Request 'GET /' doesn't match 'POST /logout
320152 [http-nio-8080-exec-9] DEBUG o.s.security.web.FilterChainProxy - / at position 6 of 12 in additional filter chain; firing Filter: 'UsernamePasswordAuthenticationFilter'
320152 [http-nio-8080-exec-9] DEBUG o.s.s.w.u.m.AntPathRequestMatcher - Request 'GET /' doesn't match 'POST /login
320152 [http-nio-8080-exec-9] DEBUG o.s.security.web.FilterChainProxy - / at position 7 of 12 in additional filter chain; firing Filter: 'RequestCacheAwareFilter'
320152 [http-nio-8080-exec-9] DEBUG o.s.s.w.s.DefaultSavedRequest - pathInfo: both null (property equals)
320152 [http-nio-8080-exec-9] DEBUG o.s.s.w.s.DefaultSavedRequest - queryString: both null (property equals)
320152 [http-nio-8080-exec-9] DEBUG o.s.s.w.s.DefaultSavedRequest - requestURI: arg1=/; arg2=/ (property equals)
320152 [http-nio-8080-exec-9] DEBUG o.s.s.w.s.DefaultSavedRequest - serverPort: arg1=8080; arg2=8080 (property equals)
320157 [http-nio-8080-exec-9] DEBUG o.s.s.w.s.DefaultSavedRequest - requestURL: arg1=http://localhost:8080/; arg2=http://localhost:8080/ (property equals)
320157 [http-nio-8080-exec-9] DEBUG o.s.s.w.s.DefaultSavedRequest - scheme: arg1=http; arg2=http (property equals)
320157 [http-nio-8080-exec-9] DEBUG o.s.s.w.s.DefaultSavedRequest - serverName: arg1=localhost; arg2=localhost (property equals)
320157 [http-nio-8080-exec-9] DEBUG o.s.s.w.s.DefaultSavedRequest - contextPath: arg1=; arg2= (property equals)
320157 [http-nio-8080-exec-9] DEBUG o.s.s.w.s.DefaultSavedRequest - servletPath: arg1=/; arg2=/ (property equals)
320157 [http-nio-8080-exec-9] DEBUG o.s.s.w.s.HttpSessionRequestCache - Removing DefaultSavedRequest from session if present
320157 [http-nio-8080-exec-9] DEBUG o.s.security.web.FilterChainProxy - / at position 8 of 12 in additional filter chain; firing Filter: 'SecurityContextHolderAwareRequestFilter'
320157 [http-nio-8080-exec-9] DEBUG o.s.security.web.FilterChainProxy - / at position 9 of 12 in additional filter chain; firing Filter: 'AnonymousAuthenticationFilter'
320157 [http-nio-8080-exec-9] DEBUG o.s.s.w.a.AnonymousAuthenticationFilter - Populated SecurityContextHolder with anonymous token: 'org.springframework.security.authentication.AnonymousAuthenticationToken@9056f12c: Principal: anonymousUser; Credentials: [PROTECTED]; Authenticated: true; Details: org.springframework.security.web.authentication.WebAuthenticationDetails@380f4: RemoteIpAddress: 0:0:0:0:0:0:0:1; SessionId: E19E57469EE6F381AC3AE07038133466; Granted Authorities: ROLE_ANONYMOUS'
320157 [http-nio-8080-exec-9] DEBUG o.s.security.web.FilterChainProxy - / at position 10 of 12 in additional filter chain; firing Filter: 'SessionManagementFilter'
320157 [http-nio-8080-exec-9] DEBUG o.s.security.web.FilterChainProxy - / at position 11 of 12 in additional filter chain; firing Filter: 'ExceptionTranslationFilter'
320157 [http-nio-8080-exec-9] DEBUG o.s.security.web.FilterChainProxy - / at position 12 of 12 in additional filter chain; firing Filter: 'FilterSecurityInterceptor'
320157 [http-nio-8080-exec-9] DEBUG o.s.s.w.u.m.AntPathRequestMatcher - Request 'GET /' doesn't match 'POST /logout
320157 [http-nio-8080-exec-9] DEBUG o.s.s.w.u.m.AntPathRequestMatcher - Checking match of request : '/'; against '/bootstrap/**'
320157 [http-nio-8080-exec-9] DEBUG o.s.s.w.u.m.AntPathRequestMatcher - Checking match of request : '/'; against '/error/**'
320157 [http-nio-8080-exec-9] DEBUG o.s.s.w.u.m.AntPathRequestMatcher - Checking match of request : '/'; against '/img/**'
320157 [http-nio-8080-exec-9] DEBUG o.s.s.w.u.m.AntPathRequestMatcher - Checking match of request : '/'; against '/jquery/**'
320157 [http-nio-8080-exec-9] DEBUG o.s.s.w.u.m.AntPathRequestMatcher - Checking match of request : '/'; against '/temp'
320157 [http-nio-8080-exec-9] DEBUG o.s.s.w.u.m.AntPathRequestMatcher - Checking match of request : '/'; against '/temp.ftl'
320157 [http-nio-8080-exec-9] DEBUG o.s.s.w.a.i.FilterSecurityInterceptor - Secure object: FilterInvocation: URL: /; Attributes: [authenticated]
320157 [http-nio-8080-exec-9] DEBUG o.s.s.w.a.i.FilterSecurityInterceptor - Previously Authenticated: org.springframework.security.authentication.AnonymousAuthenticationToken@9056f12c: Principal: anonymousUser; Credentials: [PROTECTED]; Authenticated: true; Details: org.springframework.security.web.authentication.WebAuthenticationDetails@380f4: RemoteIpAddress: 0:0:0:0:0:0:0:1; SessionId: E19E57469EE6F381AC3AE07038133466; Granted Authorities: ROLE_ANONYMOUS
320158 [http-nio-8080-exec-9] DEBUG o.s.s.access.vote.AffirmativeBased - Voter: org.springframework.security.web.access.expression.WebExpressionVoter@5b1f5274, returned: -1
320158 [http-nio-8080-exec-9] DEBUG o.s.s.w.a.ExceptionTranslationFilter - Access is denied (user is anonymous); redirecting to authentication entry point
org.springframework.security.access.AccessDeniedException: Access is denied
	at org.springframework.security.access.vote.AffirmativeBased.decide(AffirmativeBased.java:84)
	at org.springframework.security.access.intercept.AbstractSecurityInterceptor.beforeInvocation(AbstractSecurityInterceptor.java:233)
	at org.springframework.security.web.access.intercept.FilterSecurityInterceptor.invoke(FilterSecurityInterceptor.java:124)
	at org.springframework.security.web.access.intercept.FilterSecurityInterceptor.doFilter(FilterSecurityInterceptor.java:91)
	at org.springframework.security.web.FilterChainProxy$VirtualFilterChain.doFilter(FilterChainProxy.java:331)
	at org.springframework.security.web.access.ExceptionTranslationFilter.doFilter(ExceptionTranslationFilter.java:114)
	at org.springframework.security.web.FilterChainProxy$VirtualFilterChain.doFilter(FilterChainProxy.java:331)
	at org.springframework.security.web.session.SessionManagementFilter.doFilter(SessionManagementFilter.java:137)
	at org.springframework.security.web.FilterChainProxy$VirtualFilterChain.doFilter(FilterChainProxy.java:331)
	at org.springframework.security.web.authentication.AnonymousAuthenticationFilter.doFilter(AnonymousAuthenticationFilter.java:111)
	at org.springframework.security.web.FilterChainProxy$VirtualFilterChain.doFilter(FilterChainProxy.java:331)
	at org.springframework.security.web.servletapi.SecurityContextHolderAwareRequestFilter.doFilter(SecurityContextHolderAwareRequestFilter.java:170)
	at org.springframework.security.web.FilterChainProxy$VirtualFilterChain.doFilter(FilterChainProxy.java:331)
	at org.springframework.security.web.savedrequest.RequestCacheAwareFilter.doFilter(RequestCacheAwareFilter.java:63)
	at org.springframework.security.web.FilterChainProxy$VirtualFilterChain.doFilter(FilterChainProxy.java:331)
	at org.springframework.security.web.authentication.AbstractAuthenticationProcessingFilter.doFilter(AbstractAuthenticationProcessingFilter.java:200)
	at org.springframework.security.web.FilterChainProxy$VirtualFilterChain.doFilter(FilterChainProxy.java:331)
	at org.springframework.security.web.authentication.logout.LogoutFilter.doFilter(LogoutFilter.java:116)
	at org.springframework.security.web.FilterChainProxy$VirtualFilterChain.doFilter(FilterChainProxy.java:331)
	at org.springframework.security.web.csrf.CsrfFilter.doFilterInternal(CsrfFilter.java:100)
	at org.springframework.web.filter.OncePerRequestFilter.doFilter(OncePerRequestFilter.java:107)
	at org.springframework.security.web.FilterChainProxy$VirtualFilterChain.doFilter(FilterChainProxy.java:331)
	at org.springframework.security.web.header.HeaderWriterFilter.doFilterInternal(HeaderWriterFilter.java:64)
	at org.springframework.web.filter.OncePerRequestFilter.doFilter(OncePerRequestFilter.java:107)
	at org.springframework.security.web.FilterChainProxy$VirtualFilterChain.doFilter(FilterChainProxy.java:331)
	at org.springframework.security.web.context.SecurityContextPersistenceFilter.doFilter(SecurityContextPersistenceFilter.java:105)
	at org.springframework.security.web.FilterChainProxy$VirtualFilterChain.doFilter(FilterChainProxy.java:331)
	at org.springframework.security.web.context.request.async.WebAsyncManagerIntegrationFilter.doFilterInternal(WebAsyncManagerIntegrationFilter.java:56)
	at org.springframework.web.filter.OncePerRequestFilter.doFilter(OncePerRequestFilter.java:107)
	at org.springframework.security.web.FilterChainProxy$VirtualFilterChain.doFilter(FilterChainProxy.java:331)
	at org.springframework.security.web.FilterChainProxy.doFilterInternal(FilterChainProxy.java:214)
	at org.springframework.security.web.FilterChainProxy.doFilter(FilterChainProxy.java:177)
	at org.springframework.web.filter.DelegatingFilterProxy.invokeDelegate(DelegatingFilterProxy.java:347)
	at org.springframework.web.filter.DelegatingFilterProxy.doFilter(DelegatingFilterProxy.java:263)
	at org.apache.catalina.core.ApplicationFilterChain.internalDoFilter(ApplicationFilterChain.java:193)
	at org.apache.catalina.core.ApplicationFilterChain.doFilter(ApplicationFilterChain.java:166)
	at org.springframework.web.filter.RequestContextFilter.doFilterInternal(RequestContextFilter.java:99)
	at org.springframework.web.filter.OncePerRequestFilter.doFilter(OncePerRequestFilter.java:107)
	at org.apache.catalina.core.ApplicationFilterChain.internalDoFilter(ApplicationFilterChain.java:193)
	at org.apache.catalina.core.ApplicationFilterChain.doFilter(ApplicationFilterChain.java:166)
	at org.springframework.web.filter.HttpPutFormContentFilter.doFilterInternal(HttpPutFormContentFilter.java:108)
	at org.springframework.web.filter.OncePerRequestFilter.doFilter(OncePerRequestFilter.java:107)
	at org.apache.catalina.core.ApplicationFilterChain.internalDoFilter(ApplicationFilterChain.java:193)
	at org.apache.catalina.core.ApplicationFilterChain.doFilter(ApplicationFilterChain.java:166)
	at org.springframework.web.filter.HiddenHttpMethodFilter.doFilterInternal(HiddenHttpMethodFilter.java:81)
	at org.springframework.web.filter.OncePerRequestFilter.doFilter(OncePerRequestFilter.java:107)
	at org.apache.catalina.core.ApplicationFilterChain.internalDoFilter(ApplicationFilterChain.java:193)
	at org.apache.catalina.core.ApplicationFilterChain.doFilter(ApplicationFilterChain.java:166)
	at org.springframework.web.filter.CharacterEncodingFilter.doFilterInternal(CharacterEncodingFilter.java:197)
	at org.springframework.web.filter.OncePerRequestFilter.doFilter(OncePerRequestFilter.java:107)
	at org.apache.catalina.core.ApplicationFilterChain.internalDoFilter(ApplicationFilterChain.java:193)
	at org.apache.catalina.core.ApplicationFilterChain.doFilter(ApplicationFilterChain.java:166)
	at org.apache.catalina.core.StandardWrapperValve.invoke(StandardWrapperValve.java:199)
	at org.apache.catalina.core.StandardContextValve.invoke(StandardContextValve.java:96)
	at org.apache.catalina.authenticator.AuthenticatorBase.invoke(AuthenticatorBase.java:478)
	at org.apache.catalina.core.StandardHostValve.invoke(StandardHostValve.java:140)
	at org.apache.catalina.valves.ErrorReportValve.invoke(ErrorReportValve.java:81)
	at org.apache.catalina.core.StandardEngineValve.invoke(StandardEngineValve.java:87)
	at org.apache.catalina.connector.CoyoteAdapter.service(CoyoteAdapter.java:342)
	at org.apache.coyote.http11.Http11Processor.service(Http11Processor.java:803)
	at org.apache.coyote.AbstractProcessorLight.process(AbstractProcessorLight.java:66)
	at org.apache.coyote.AbstractProtocol$ConnectionHandler.process(AbstractProtocol.java:868)
	at org.apache.tomcat.util.net.NioEndpoint$SocketProcessor.doRun(NioEndpoint.java:1459)
	at org.apache.tomcat.util.net.SocketProcessorBase.run(SocketProcessorBase.java:49)
	at java.util.concurrent.ThreadPoolExecutor.runWorker(ThreadPoolExecutor.java:1149)
	at java.util.concurrent.ThreadPoolExecutor$Worker.run(ThreadPoolExecutor.java:624)
	at org.apache.tomcat.util.threads.TaskThread$WrappingRunnable.run(TaskThread.java:61)
	at java.lang.Thread.run(Thread.java:748)
320159 [http-nio-8080-exec-9] DEBUG o.s.s.w.u.matcher.AndRequestMatcher - Trying to match using Ant [pattern='/**', GET]
320159 [http-nio-8080-exec-9] DEBUG o.s.s.w.u.m.AntPathRequestMatcher - Request '/' matched by universal pattern '/**'
320159 [http-nio-8080-exec-9] DEBUG o.s.s.w.u.matcher.AndRequestMatcher - Trying to match using NegatedRequestMatcher [requestMatcher=Ant [pattern='/**/favicon.ico']]
320159 [http-nio-8080-exec-9] DEBUG o.s.s.w.u.m.AntPathRequestMatcher - Checking match of request : '/'; against '/**/favicon.ico'
320159 [http-nio-8080-exec-9] DEBUG o.s.s.w.u.m.NegatedRequestMatcher - matches = true
320159 [http-nio-8080-exec-9] DEBUG o.s.s.w.u.matcher.AndRequestMatcher - Trying to match using NegatedRequestMatcher [requestMatcher=MediaTypeRequestMatcher [contentNegotiationStrategy=org.springframework.web.accept.ContentNegotiationManager@51434f8, matchingMediaTypes=[application/json], useEquals=false, ignoredMediaTypes=[*/*]]]
320159 [http-nio-8080-exec-9] DEBUG o.s.s.w.u.m.MediaTypeRequestMatcher - httpRequestMediaTypes=[text/html, application/xhtml+xml, image/webp, image/apng, application/xml;q=0.9, */*;q=0.8]
320159 [http-nio-8080-exec-9] DEBUG o.s.s.w.u.m.MediaTypeRequestMatcher - Processing text/html
320159 [http-nio-8080-exec-9] DEBUG o.s.s.w.u.m.MediaTypeRequestMatcher - application/json .isCompatibleWith text/html = false
320159 [http-nio-8080-exec-9] DEBUG o.s.s.w.u.m.MediaTypeRequestMatcher - Processing application/xhtml+xml
320159 [http-nio-8080-exec-9] DEBUG o.s.s.w.u.m.MediaTypeRequestMatcher - application/json .isCompatibleWith application/xhtml+xml = false
320159 [http-nio-8080-exec-9] DEBUG o.s.s.w.u.m.MediaTypeRequestMatcher - Processing image/webp
320159 [http-nio-8080-exec-9] DEBUG o.s.s.w.u.m.MediaTypeRequestMatcher - application/json .isCompatibleWith image/webp = false
320159 [http-nio-8080-exec-9] DEBUG o.s.s.w.u.m.MediaTypeRequestMatcher - Processing image/apng
320159 [http-nio-8080-exec-9] DEBUG o.s.s.w.u.m.MediaTypeRequestMatcher - application/json .isCompatibleWith image/apng = false
320159 [http-nio-8080-exec-9] DEBUG o.s.s.w.u.m.MediaTypeRequestMatcher - Processing application/xml;q=0.9
320159 [http-nio-8080-exec-9] DEBUG o.s.s.w.u.m.MediaTypeRequestMatcher - application/json .isCompatibleWith application/xml;q=0.9 = false
320159 [http-nio-8080-exec-9] DEBUG o.s.s.w.u.m.MediaTypeRequestMatcher - Processing */*;q=0.8
320159 [http-nio-8080-exec-9] DEBUG o.s.s.w.u.m.MediaTypeRequestMatcher - Ignoring
320159 [http-nio-8080-exec-9] DEBUG o.s.s.w.u.m.MediaTypeRequestMatcher - Did not match any media types
320159 [http-nio-8080-exec-9] DEBUG o.s.s.w.u.m.NegatedRequestMatcher - matches = true
320159 [http-nio-8080-exec-9] DEBUG o.s.s.w.u.matcher.AndRequestMatcher - Trying to match using NegatedRequestMatcher [requestMatcher=RequestHeaderRequestMatcher [expectedHeaderName=X-Requested-With, expectedHeaderValue=XMLHttpRequest]]
320159 [http-nio-8080-exec-9] DEBUG o.s.s.w.u.m.NegatedRequestMatcher - matches = true
320160 [http-nio-8080-exec-9] DEBUG o.s.s.w.u.matcher.AndRequestMatcher - All requestMatchers returned true
320160 [http-nio-8080-exec-9] DEBUG o.s.s.w.s.HttpSessionRequestCache - DefaultSavedRequest added to Session: DefaultSavedRequest[http://localhost:8080/]
320160 [http-nio-8080-exec-9] DEBUG o.s.s.w.a.ExceptionTranslationFilter - Calling Authentication entry point.
320160 [http-nio-8080-exec-9] DEBUG o.s.s.web.DefaultRedirectStrategy - Redirecting to 'http://localhost:8080/login'
320160 [http-nio-8080-exec-9] DEBUG o.s.s.w.c.HttpSessionSecurityContextRepository - SecurityContext is empty or contents are anonymous - context will not be stored in HttpSession.
320160 [http-nio-8080-exec-9] DEBUG o.s.s.w.c.SecurityContextPersistenceFilter - SecurityContextHolder now cleared, as request processing completed
320163 [http-nio-8080-exec-1] DEBUG o.s.s.w.u.matcher.OrRequestMatcher - Trying to match using Ant [pattern='/css/**']
320163 [http-nio-8080-exec-1] DEBUG o.s.s.w.u.m.AntPathRequestMatcher - Checking match of request : '/login'; against '/css/**'
320163 [http-nio-8080-exec-1] DEBUG o.s.s.w.u.matcher.OrRequestMatcher - Trying to match using Ant [pattern='/js/**']
320163 [http-nio-8080-exec-1] DEBUG o.s.s.w.u.m.AntPathRequestMatcher - Checking match of request : '/login'; against '/js/**'
320163 [http-nio-8080-exec-1] DEBUG o.s.s.w.u.matcher.OrRequestMatcher - Trying to match using Ant [pattern='/images/**']
320163 [http-nio-8080-exec-1] DEBUG o.s.s.w.u.m.AntPathRequestMatcher - Checking match of request : '/login'; against '/images/**'
320163 [http-nio-8080-exec-1] DEBUG o.s.s.w.u.matcher.OrRequestMatcher - Trying to match using Ant [pattern='/webjars/**']
320163 [http-nio-8080-exec-1] DEBUG o.s.s.w.u.m.AntPathRequestMatcher - Checking match of request : '/login'; against '/webjars/**'
320163 [http-nio-8080-exec-1] DEBUG o.s.s.w.u.matcher.OrRequestMatcher - Trying to match using Ant [pattern='/**/favicon.ico']
320163 [http-nio-8080-exec-1] DEBUG o.s.s.w.u.m.AntPathRequestMatcher - Checking match of request : '/login'; against '/**/favicon.ico'
320163 [http-nio-8080-exec-1] DEBUG o.s.s.w.u.matcher.OrRequestMatcher - Trying to match using Ant [pattern='/error']
320163 [http-nio-8080-exec-1] DEBUG o.s.s.w.u.m.AntPathRequestMatcher - Checking match of request : '/login'; against '/error'
320163 [http-nio-8080-exec-1] DEBUG o.s.s.w.u.matcher.OrRequestMatcher - No matches found
320163 [http-nio-8080-exec-1] DEBUG o.s.security.web.FilterChainProxy - /login at position 1 of 12 in additional filter chain; firing Filter: 'WebAsyncManagerIntegrationFilter'
320163 [http-nio-8080-exec-1] DEBUG o.s.security.web.FilterChainProxy - /login at position 2 of 12 in additional filter chain; firing Filter: 'SecurityContextPersistenceFilter'
320163 [http-nio-8080-exec-1] DEBUG o.s.s.w.c.HttpSessionSecurityContextRepository - HttpSession returned null object for SPRING_SECURITY_CONTEXT
320163 [http-nio-8080-exec-1] DEBUG o.s.s.w.c.HttpSessionSecurityContextRepository - No SecurityContext was available from the HttpSession: org.apache.catalina.session.StandardSessionFacade@2247e7fd. A new one will be created.
320163 [http-nio-8080-exec-1] DEBUG o.s.security.web.FilterChainProxy - /login at position 3 of 12 in additional filter chain; firing Filter: 'HeaderWriterFilter'
320163 [http-nio-8080-exec-1] DEBUG o.s.s.w.h.writers.HstsHeaderWriter - Not injecting HSTS header since it did not match the requestMatcher org.springframework.security.web.header.writers.HstsHeaderWriter$SecureRequestMatcher@2678676d
320163 [http-nio-8080-exec-1] DEBUG o.s.security.web.FilterChainProxy - /login at position 4 of 12 in additional filter chain; firing Filter: 'CsrfFilter'
320163 [http-nio-8080-exec-1] DEBUG o.s.security.web.FilterChainProxy - /login at position 5 of 12 in additional filter chain; firing Filter: 'LogoutFilter'
320163 [http-nio-8080-exec-1] DEBUG o.s.s.w.u.m.AntPathRequestMatcher - Request 'GET /login' doesn't match 'POST /logout
320163 [http-nio-8080-exec-1] DEBUG o.s.security.web.FilterChainProxy - /login at position 6 of 12 in additional filter chain; firing Filter: 'UsernamePasswordAuthenticationFilter'
320163 [http-nio-8080-exec-1] DEBUG o.s.s.w.u.m.AntPathRequestMatcher - Request 'GET /login' doesn't match 'POST /login
320163 [http-nio-8080-exec-1] DEBUG o.s.security.web.FilterChainProxy - /login at position 7 of 12 in additional filter chain; firing Filter: 'RequestCacheAwareFilter'
320163 [http-nio-8080-exec-1] DEBUG o.s.s.w.s.DefaultSavedRequest - pathInfo: both null (property equals)
320163 [http-nio-8080-exec-1] DEBUG o.s.s.w.s.DefaultSavedRequest - queryString: both null (property equals)
320163 [http-nio-8080-exec-1] DEBUG o.s.s.w.s.DefaultSavedRequest - requestURI: arg1=/; arg2=/login (property not equals)
320168 [http-nio-8080-exec-1] DEBUG o.s.s.w.s.HttpSessionRequestCache - saved request doesn't match
320168 [http-nio-8080-exec-1] DEBUG o.s.security.web.FilterChainProxy - /login at position 8 of 12 in additional filter chain; firing Filter: 'SecurityContextHolderAwareRequestFilter'
320168 [http-nio-8080-exec-1] DEBUG o.s.security.web.FilterChainProxy - /login at position 9 of 12 in additional filter chain; firing Filter: 'AnonymousAuthenticationFilter'
320168 [http-nio-8080-exec-1] DEBUG o.s.s.w.a.AnonymousAuthenticationFilter - Populated SecurityContextHolder with anonymous token: 'org.springframework.security.authentication.AnonymousAuthenticationToken@9056f12c: Principal: anonymousUser; Credentials: [PROTECTED]; Authenticated: true; Details: org.springframework.security.web.authentication.WebAuthenticationDetails@380f4: RemoteIpAddress: 0:0:0:0:0:0:0:1; SessionId: E19E57469EE6F381AC3AE07038133466; Granted Authorities: ROLE_ANONYMOUS'
320168 [http-nio-8080-exec-1] DEBUG o.s.security.web.FilterChainProxy - /login at position 10 of 12 in additional filter chain; firing Filter: 'SessionManagementFilter'
320168 [http-nio-8080-exec-1] DEBUG o.s.security.web.FilterChainProxy - /login at position 11 of 12 in additional filter chain; firing Filter: 'ExceptionTranslationFilter'
320168 [http-nio-8080-exec-1] DEBUG o.s.security.web.FilterChainProxy - /login at position 12 of 12 in additional filter chain; firing Filter: 'FilterSecurityInterceptor'
320168 [http-nio-8080-exec-1] DEBUG o.s.s.w.a.i.FilterSecurityInterceptor - Secure object: FilterInvocation: URL: /login; Attributes: [permitAll]
320168 [http-nio-8080-exec-1] DEBUG o.s.s.w.a.i.FilterSecurityInterceptor - Previously Authenticated: org.springframework.security.authentication.AnonymousAuthenticationToken@9056f12c: Principal: anonymousUser; Credentials: [PROTECTED]; Authenticated: true; Details: org.springframework.security.web.authentication.WebAuthenticationDetails@380f4: RemoteIpAddress: 0:0:0:0:0:0:0:1; SessionId: E19E57469EE6F381AC3AE07038133466; Granted Authorities: ROLE_ANONYMOUS
320168 [http-nio-8080-exec-1] DEBUG o.s.s.access.vote.AffirmativeBased - Voter: org.springframework.security.web.access.expression.WebExpressionVoter@5b1f5274, returned: 1
320168 [http-nio-8080-exec-1] DEBUG o.s.s.w.a.i.FilterSecurityInterceptor - Authorization successful
320168 [http-nio-8080-exec-1] DEBUG o.s.s.w.a.i.FilterSecurityInterceptor - RunAsManager did not change Authentication object
320168 [http-nio-8080-exec-1] DEBUG o.s.security.web.FilterChainProxy - /login reached end of additional filter chain; proceeding with original chain
320170 [http-nio-8080-exec-1] DEBUG o.s.s.w.c.HttpSessionSecurityContextRepository - SecurityContext is empty or contents are anonymous - context will not be stored in HttpSession.
320170 [http-nio-8080-exec-1] DEBUG o.s.s.w.a.ExceptionTranslationFilter - Chain processed normally
320170 [http-nio-8080-exec-1] DEBUG o.s.s.w.c.SecurityContextPersistenceFilter - SecurityContextHolder now cleared, as request processing completed
320177 [http-nio-8080-exec-3] DEBUG o.s.s.w.u.matcher.OrRequestMatcher - Trying to match using Ant [pattern='/css/**']
320177 [http-nio-8080-exec-2] DEBUG o.s.s.w.u.matcher.OrRequestMatcher - Trying to match using Ant [pattern='/css/**']
320177 [http-nio-8080-exec-5] DEBUG o.s.s.w.u.matcher.OrRequestMatcher - Trying to match using Ant [pattern='/css/**']
320177 [http-nio-8080-exec-2] DEBUG o.s.s.w.u.m.AntPathRequestMatcher - Checking match of request : '/bootstrap/css/bootstrap.css'; against '/css/**'
320177 [http-nio-8080-exec-5] DEBUG o.s.s.w.u.m.AntPathRequestMatcher - Checking match of request : '/jquery/jquery-2.1.3.js'; against '/css/**'
320177 [http-nio-8080-exec-2] DEBUG o.s.s.w.u.matcher.OrRequestMatcher - Trying to match using Ant [pattern='/js/**']
320177 [http-nio-8080-exec-5] DEBUG o.s.s.w.u.matcher.OrRequestMatcher - Trying to match using Ant [pattern='/js/**']
320177 [http-nio-8080-exec-3] DEBUG o.s.s.w.u.m.AntPathRequestMatcher - Checking match of request : '/bootstrap/js/bootstrap.js'; against '/css/**'
320177 [http-nio-8080-exec-2] DEBUG o.s.s.w.u.m.AntPathRequestMatcher - Checking match of request : '/bootstrap/css/bootstrap.css'; against '/js/**'
320178 [http-nio-8080-exec-2] DEBUG o.s.s.w.u.matcher.OrRequestMatcher - Trying to match using Ant [pattern='/images/**']
320178 [http-nio-8080-exec-5] DEBUG o.s.s.w.u.m.AntPathRequestMatcher - Checking match of request : '/jquery/jquery-2.1.3.js'; against '/js/**'
320178 [http-nio-8080-exec-2] DEBUG o.s.s.w.u.m.AntPathRequestMatcher - Checking match of request : '/bootstrap/css/bootstrap.css'; against '/images/**'
320178 [http-nio-8080-exec-5] DEBUG o.s.s.w.u.matcher.OrRequestMatcher - Trying to match using Ant [pattern='/images/**']
320178 [http-nio-8080-exec-3] DEBUG o.s.s.w.u.matcher.OrRequestMatcher - Trying to match using Ant [pattern='/js/**']
320178 [http-nio-8080-exec-2] DEBUG o.s.s.w.u.matcher.OrRequestMatcher - Trying to match using Ant [pattern='/webjars/**']
320178 [http-nio-8080-exec-2] DEBUG o.s.s.w.u.m.AntPathRequestMatcher - Checking match of request : '/bootstrap/css/bootstrap.css'; against '/webjars/**'
320178 [http-nio-8080-exec-2] DEBUG o.s.s.w.u.matcher.OrRequestMatcher - Trying to match using Ant [pattern='/**/favicon.ico']
320178 [http-nio-8080-exec-3] DEBUG o.s.s.w.u.m.AntPathRequestMatcher - Checking match of request : '/bootstrap/js/bootstrap.js'; against '/js/**'
320178 [http-nio-8080-exec-5] DEBUG o.s.s.w.u.m.AntPathRequestMatcher - Checking match of request : '/jquery/jquery-2.1.3.js'; against '/images/**'
320178 [http-nio-8080-exec-5] DEBUG o.s.s.w.u.matcher.OrRequestMatcher - Trying to match using Ant [pattern='/webjars/**']
320178 [http-nio-8080-exec-5] DEBUG o.s.s.w.u.m.AntPathRequestMatcher - Checking match of request : '/jquery/jquery-2.1.3.js'; against '/webjars/**'
320178 [http-nio-8080-exec-2] DEBUG o.s.s.w.u.m.AntPathRequestMatcher - Checking match of request : '/bootstrap/css/bootstrap.css'; against '/**/favicon.ico'
320178 [http-nio-8080-exec-3] DEBUG o.s.s.w.u.matcher.OrRequestMatcher - Trying to match using Ant [pattern='/images/**']
320178 [http-nio-8080-exec-5] DEBUG o.s.s.w.u.matcher.OrRequestMatcher - Trying to match using Ant [pattern='/**/favicon.ico']
320178 [http-nio-8080-exec-2] DEBUG o.s.s.w.u.matcher.OrRequestMatcher - Trying to match using Ant [pattern='/error']
320178 [http-nio-8080-exec-2] DEBUG o.s.s.w.u.m.AntPathRequestMatcher - Checking match of request : '/bootstrap/css/bootstrap.css'; against '/error'
320178 [http-nio-8080-exec-2] DEBUG o.s.s.w.u.matcher.OrRequestMatcher - No matches found
320178 [http-nio-8080-exec-3] DEBUG o.s.s.w.u.m.AntPathRequestMatcher - Checking match of request : '/bootstrap/js/bootstrap.js'; against '/images/**'
320178 [http-nio-8080-exec-5] DEBUG o.s.s.w.u.m.AntPathRequestMatcher - Checking match of request : '/jquery/jquery-2.1.3.js'; against '/**/favicon.ico'
320178 [http-nio-8080-exec-3] DEBUG o.s.s.w.u.matcher.OrRequestMatcher - Trying to match using Ant [pattern='/webjars/**']
320178 [http-nio-8080-exec-5] DEBUG o.s.s.w.u.matcher.OrRequestMatcher - Trying to match using Ant [pattern='/error']
320178 [http-nio-8080-exec-2] DEBUG o.s.security.web.FilterChainProxy - /bootstrap/css/bootstrap.css at position 1 of 12 in additional filter chain; firing Filter: 'WebAsyncManagerIntegrationFilter'
320183 [http-nio-8080-exec-3] DEBUG o.s.s.w.u.m.AntPathRequestMatcher - Checking match of request : '/bootstrap/js/bootstrap.js'; against '/webjars/**'
320183 [http-nio-8080-exec-3] DEBUG o.s.s.w.u.matcher.OrRequestMatcher - Trying to match using Ant [pattern='/**/favicon.ico']
320183 [http-nio-8080-exec-3] DEBUG o.s.s.w.u.m.AntPathRequestMatcher - Checking match of request : '/bootstrap/js/bootstrap.js'; against '/**/favicon.ico'
320183 [http-nio-8080-exec-3] DEBUG o.s.s.w.u.matcher.OrRequestMatcher - Trying to match using Ant [pattern='/error']
320183 [http-nio-8080-exec-5] DEBUG o.s.s.w.u.m.AntPathRequestMatcher - Checking match of request : '/jquery/jquery-2.1.3.js'; against '/error'
320183 [http-nio-8080-exec-5] DEBUG o.s.s.w.u.matcher.OrRequestMatcher - No matches found
320183 [http-nio-8080-exec-3] DEBUG o.s.s.w.u.m.AntPathRequestMatcher - Checking match of request : '/bootstrap/js/bootstrap.js'; against '/error'
320183 [http-nio-8080-exec-2] DEBUG o.s.security.web.FilterChainProxy - /bootstrap/css/bootstrap.css at position 2 of 12 in additional filter chain; firing Filter: 'SecurityContextPersistenceFilter'
320183 [http-nio-8080-exec-3] DEBUG o.s.s.w.u.matcher.OrRequestMatcher - No matches found
320183 [http-nio-8080-exec-2] DEBUG o.s.s.w.c.HttpSessionSecurityContextRepository - HttpSession returned null object for SPRING_SECURITY_CONTEXT
320183 [http-nio-8080-exec-5] DEBUG o.s.security.web.FilterChainProxy - /jquery/jquery-2.1.3.js at position 1 of 12 in additional filter chain; firing Filter: 'WebAsyncManagerIntegrationFilter'
320183 [http-nio-8080-exec-3] DEBUG o.s.security.web.FilterChainProxy - /bootstrap/js/bootstrap.js at position 1 of 12 in additional filter chain; firing Filter: 'WebAsyncManagerIntegrationFilter'
320183 [http-nio-8080-exec-5] DEBUG o.s.security.web.FilterChainProxy - /jquery/jquery-2.1.3.js at position 2 of 12 in additional filter chain; firing Filter: 'SecurityContextPersistenceFilter'
320183 [http-nio-8080-exec-3] DEBUG o.s.security.web.FilterChainProxy - /bootstrap/js/bootstrap.js at position 2 of 12 in additional filter chain; firing Filter: 'SecurityContextPersistenceFilter'
320183 [http-nio-8080-exec-5] DEBUG o.s.s.w.c.HttpSessionSecurityContextRepository - HttpSession returned null object for SPRING_SECURITY_CONTEXT
320183 [http-nio-8080-exec-3] DEBUG o.s.s.w.c.HttpSessionSecurityContextRepository - HttpSession returned null object for SPRING_SECURITY_CONTEXT
320183 [http-nio-8080-exec-2] DEBUG o.s.s.w.c.HttpSessionSecurityContextRepository - No SecurityContext was available from the HttpSession: org.apache.catalina.session.StandardSessionFacade@2247e7fd. A new one will be created.
320183 [http-nio-8080-exec-5] DEBUG o.s.s.w.c.HttpSessionSecurityContextRepository - No SecurityContext was available from the HttpSession: org.apache.catalina.session.StandardSessionFacade@2247e7fd. A new one will be created.
320183 [http-nio-8080-exec-3] DEBUG o.s.s.w.c.HttpSessionSecurityContextRepository - No SecurityContext was available from the HttpSession: org.apache.catalina.session.StandardSessionFacade@2247e7fd. A new one will be created.
320183 [http-nio-8080-exec-5] DEBUG o.s.security.web.FilterChainProxy - /jquery/jquery-2.1.3.js at position 3 of 12 in additional filter chain; firing Filter: 'HeaderWriterFilter'
320183 [http-nio-8080-exec-2] DEBUG o.s.security.web.FilterChainProxy - /bootstrap/css/bootstrap.css at position 3 of 12 in additional filter chain; firing Filter: 'HeaderWriterFilter'
320183 [http-nio-8080-exec-3] DEBUG o.s.security.web.FilterChainProxy - /bootstrap/js/bootstrap.js at position 3 of 12 in additional filter chain; firing Filter: 'HeaderWriterFilter'
320184 [http-nio-8080-exec-2] DEBUG o.s.s.w.h.writers.HstsHeaderWriter - Not injecting HSTS header since it did not match the requestMatcher org.springframework.security.web.header.writers.HstsHeaderWriter$SecureRequestMatcher@2678676d
320184 [http-nio-8080-exec-5] DEBUG o.s.s.w.h.writers.HstsHeaderWriter - Not injecting HSTS header since it did not match the requestMatcher org.springframework.security.web.header.writers.HstsHeaderWriter$SecureRequestMatcher@2678676d
320184 [http-nio-8080-exec-3] DEBUG o.s.s.w.h.writers.HstsHeaderWriter - Not injecting HSTS header since it did not match the requestMatcher org.springframework.security.web.header.writers.HstsHeaderWriter$SecureRequestMatcher@2678676d
320184 [http-nio-8080-exec-5] DEBUG o.s.security.web.FilterChainProxy - /jquery/jquery-2.1.3.js at position 4 of 12 in additional filter chain; firing Filter: 'CsrfFilter'
320184 [http-nio-8080-exec-2] DEBUG o.s.security.web.FilterChainProxy - /bootstrap/css/bootstrap.css at position 4 of 12 in additional filter chain; firing Filter: 'CsrfFilter'
320184 [http-nio-8080-exec-3] DEBUG o.s.security.web.FilterChainProxy - /bootstrap/js/bootstrap.js at position 4 of 12 in additional filter chain; firing Filter: 'CsrfFilter'
320184 [http-nio-8080-exec-5] DEBUG o.s.security.web.FilterChainProxy - /jquery/jquery-2.1.3.js at position 5 of 12 in additional filter chain; firing Filter: 'LogoutFilter'
320184 [http-nio-8080-exec-2] DEBUG o.s.security.web.FilterChainProxy - /bootstrap/css/bootstrap.css at position 5 of 12 in additional filter chain; firing Filter: 'LogoutFilter'
320184 [http-nio-8080-exec-5] DEBUG o.s.s.w.u.m.AntPathRequestMatcher - Request 'GET /jquery/jquery-2.1.3.js' doesn't match 'POST /logout
320184 [http-nio-8080-exec-2] DEBUG o.s.s.w.u.m.AntPathRequestMatcher - Request 'GET /bootstrap/css/bootstrap.css' doesn't match 'POST /logout
320184 [http-nio-8080-exec-5] DEBUG o.s.security.web.FilterChainProxy - /jquery/jquery-2.1.3.js at position 6 of 12 in additional filter chain; firing Filter: 'UsernamePasswordAuthenticationFilter'
320184 [http-nio-8080-exec-2] DEBUG o.s.security.web.FilterChainProxy - /bootstrap/css/bootstrap.css at position 6 of 12 in additional filter chain; firing Filter: 'UsernamePasswordAuthenticationFilter'
320184 [http-nio-8080-exec-3] DEBUG o.s.security.web.FilterChainProxy - /bootstrap/js/bootstrap.js at position 5 of 12 in additional filter chain; firing Filter: 'LogoutFilter'
320184 [http-nio-8080-exec-5] DEBUG o.s.s.w.u.m.AntPathRequestMatcher - Request 'GET /jquery/jquery-2.1.3.js' doesn't match 'POST /login
320184 [http-nio-8080-exec-3] DEBUG o.s.s.w.u.m.AntPathRequestMatcher - Request 'GET /bootstrap/js/bootstrap.js' doesn't match 'POST /logout
320184 [http-nio-8080-exec-5] DEBUG o.s.security.web.FilterChainProxy - /jquery/jquery-2.1.3.js at position 7 of 12 in additional filter chain; firing Filter: 'RequestCacheAwareFilter'
320184 [http-nio-8080-exec-2] DEBUG o.s.s.w.u.m.AntPathRequestMatcher - Request 'GET /bootstrap/css/bootstrap.css' doesn't match 'POST /login
320184 [http-nio-8080-exec-3] DEBUG o.s.security.web.FilterChainProxy - /bootstrap/js/bootstrap.js at position 6 of 12 in additional filter chain; firing Filter: 'UsernamePasswordAuthenticationFilter'
320184 [http-nio-8080-exec-2] DEBUG o.s.security.web.FilterChainProxy - /bootstrap/css/bootstrap.css at position 7 of 12 in additional filter chain; firing Filter: 'RequestCacheAwareFilter'
320184 [http-nio-8080-exec-3] DEBUG o.s.s.w.u.m.AntPathRequestMatcher - Request 'GET /bootstrap/js/bootstrap.js' doesn't match 'POST /login
320184 [http-nio-8080-exec-3] DEBUG o.s.security.web.FilterChainProxy - /bootstrap/js/bootstrap.js at position 7 of 12 in additional filter chain; firing Filter: 'RequestCacheAwareFilter'
320184 [http-nio-8080-exec-5] DEBUG o.s.s.w.s.DefaultSavedRequest - pathInfo: both null (property equals)
320184 [http-nio-8080-exec-2] DEBUG o.s.s.w.s.DefaultSavedRequest - pathInfo: both null (property equals)
320184 [http-nio-8080-exec-5] DEBUG o.s.s.w.s.DefaultSavedRequest - queryString: both null (property equals)
320184 [http-nio-8080-exec-3] DEBUG o.s.s.w.s.DefaultSavedRequest - pathInfo: both null (property equals)
320184 [http-nio-8080-exec-2] DEBUG o.s.s.w.s.DefaultSavedRequest - queryString: both null (property equals)
320184 [http-nio-8080-exec-2] DEBUG o.s.s.w.s.DefaultSavedRequest - requestURI: arg1=/; arg2=/bootstrap/css/bootstrap.css (property not equals)
320184 [http-nio-8080-exec-2] DEBUG o.s.s.w.s.HttpSessionRequestCache - saved request doesn't match
320184 [http-nio-8080-exec-2] DEBUG o.s.security.web.FilterChainProxy - /bootstrap/css/bootstrap.css at position 8 of 12 in additional filter chain; firing Filter: 'SecurityContextHolderAwareRequestFilter'
320184 [http-nio-8080-exec-2] DEBUG o.s.security.web.FilterChainProxy - /bootstrap/css/bootstrap.css at position 9 of 12 in additional filter chain; firing Filter: 'AnonymousAuthenticationFilter'
320184 [http-nio-8080-exec-5] DEBUG o.s.s.w.s.DefaultSavedRequest - requestURI: arg1=/; arg2=/jquery/jquery-2.1.3.js (property not equals)
320184 [http-nio-8080-exec-3] DEBUG o.s.s.w.s.DefaultSavedRequest - queryString: both null (property equals)
320184 [http-nio-8080-exec-5] DEBUG o.s.s.w.s.HttpSessionRequestCache - saved request doesn't match
320184 [http-nio-8080-exec-3] DEBUG o.s.s.w.s.DefaultSavedRequest - requestURI: arg1=/; arg2=/bootstrap/js/bootstrap.js (property not equals)
320184 [http-nio-8080-exec-2] DEBUG o.s.s.w.a.AnonymousAuthenticationFilter - Populated SecurityContextHolder with anonymous token: 'org.springframework.security.authentication.AnonymousAuthenticationToken@9056f12c: Principal: anonymousUser; Credentials: [PROTECTED]; Authenticated: true; Details: org.springframework.security.web.authentication.WebAuthenticationDetails@380f4: RemoteIpAddress: 0:0:0:0:0:0:0:1; SessionId: E19E57469EE6F381AC3AE07038133466; Granted Authorities: ROLE_ANONYMOUS'
320184 [http-nio-8080-exec-3] DEBUG o.s.s.w.s.HttpSessionRequestCache - saved request doesn't match
320184 [http-nio-8080-exec-2] DEBUG o.s.security.web.FilterChainProxy - /bootstrap/css/bootstrap.css at position 10 of 12 in additional filter chain; firing Filter: 'SessionManagementFilter'
320184 [http-nio-8080-exec-3] DEBUG o.s.security.web.FilterChainProxy - /bootstrap/js/bootstrap.js at position 8 of 12 in additional filter chain; firing Filter: 'SecurityContextHolderAwareRequestFilter'
320184 [http-nio-8080-exec-3] DEBUG o.s.security.web.FilterChainProxy - /bootstrap/js/bootstrap.js at position 9 of 12 in additional filter chain; firing Filter: 'AnonymousAuthenticationFilter'
320184 [http-nio-8080-exec-5] DEBUG o.s.security.web.FilterChainProxy - /jquery/jquery-2.1.3.js at position 8 of 12 in additional filter chain; firing Filter: 'SecurityContextHolderAwareRequestFilter'
320184 [http-nio-8080-exec-2] DEBUG o.s.security.web.FilterChainProxy - /bootstrap/css/bootstrap.css at position 11 of 12 in additional filter chain; firing Filter: 'ExceptionTranslationFilter'
320184 [http-nio-8080-exec-3] DEBUG o.s.s.w.a.AnonymousAuthenticationFilter - Populated SecurityContextHolder with anonymous token: 'org.springframework.security.authentication.AnonymousAuthenticationToken@9056f12c: Principal: anonymousUser; Credentials: [PROTECTED]; Authenticated: true; Details: org.springframework.security.web.authentication.WebAuthenticationDetails@380f4: RemoteIpAddress: 0:0:0:0:0:0:0:1; SessionId: E19E57469EE6F381AC3AE07038133466; Granted Authorities: ROLE_ANONYMOUS'
320184 [http-nio-8080-exec-3] DEBUG o.s.security.web.FilterChainProxy - /bootstrap/js/bootstrap.js at position 10 of 12 in additional filter chain; firing Filter: 'SessionManagementFilter'
320184 [http-nio-8080-exec-3] DEBUG o.s.security.web.FilterChainProxy - /bootstrap/js/bootstrap.js at position 11 of 12 in additional filter chain; firing Filter: 'ExceptionTranslationFilter'
320184 [http-nio-8080-exec-5] DEBUG o.s.security.web.FilterChainProxy - /jquery/jquery-2.1.3.js at position 9 of 12 in additional filter chain; firing Filter: 'AnonymousAuthenticationFilter'
320184 [http-nio-8080-exec-2] DEBUG o.s.security.web.FilterChainProxy - /bootstrap/css/bootstrap.css at position 12 of 12 in additional filter chain; firing Filter: 'FilterSecurityInterceptor'
320185 [http-nio-8080-exec-3] DEBUG o.s.security.web.FilterChainProxy - /bootstrap/js/bootstrap.js at position 12 of 12 in additional filter chain; firing Filter: 'FilterSecurityInterceptor'
320185 [http-nio-8080-exec-5] DEBUG o.s.s.w.a.AnonymousAuthenticationFilter - Populated SecurityContextHolder with anonymous token: 'org.springframework.security.authentication.AnonymousAuthenticationToken@9056f12c: Principal: anonymousUser; Credentials: [PROTECTED]; Authenticated: true; Details: org.springframework.security.web.authentication.WebAuthenticationDetails@380f4: RemoteIpAddress: 0:0:0:0:0:0:0:1; SessionId: E19E57469EE6F381AC3AE07038133466; Granted Authorities: ROLE_ANONYMOUS'
320185 [http-nio-8080-exec-2] DEBUG o.s.s.w.u.m.AntPathRequestMatcher - Request 'GET /bootstrap/css/bootstrap.css' doesn't match 'POST /logout
320185 [http-nio-8080-exec-3] DEBUG o.s.s.w.u.m.AntPathRequestMatcher - Request 'GET /bootstrap/js/bootstrap.js' doesn't match 'POST /logout
320185 [http-nio-8080-exec-5] DEBUG o.s.security.web.FilterChainProxy - /jquery/jquery-2.1.3.js at position 10 of 12 in additional filter chain; firing Filter: 'SessionManagementFilter'
320185 [http-nio-8080-exec-3] DEBUG o.s.s.w.u.m.AntPathRequestMatcher - Checking match of request : '/bootstrap/js/bootstrap.js'; against '/bootstrap/**'
320185 [http-nio-8080-exec-5] DEBUG o.s.security.web.FilterChainProxy - /jquery/jquery-2.1.3.js at position 11 of 12 in additional filter chain; firing Filter: 'ExceptionTranslationFilter'
320185 [http-nio-8080-exec-3] DEBUG o.s.s.w.a.i.FilterSecurityInterceptor - Secure object: FilterInvocation: URL: /bootstrap/js/bootstrap.js; Attributes: [permitAll]
320185 [http-nio-8080-exec-2] DEBUG o.s.s.w.u.m.AntPathRequestMatcher - Checking match of request : '/bootstrap/css/bootstrap.css'; against '/bootstrap/**'
320185 [http-nio-8080-exec-5] DEBUG o.s.security.web.FilterChainProxy - /jquery/jquery-2.1.3.js at position 12 of 12 in additional filter chain; firing Filter: 'FilterSecurityInterceptor'
320185 [http-nio-8080-exec-3] DEBUG o.s.s.w.a.i.FilterSecurityInterceptor - Previously Authenticated: org.springframework.security.authentication.AnonymousAuthenticationToken@9056f12c: Principal: anonymousUser; Credentials: [PROTECTED]; Authenticated: true; Details: org.springframework.security.web.authentication.WebAuthenticationDetails@380f4: RemoteIpAddress: 0:0:0:0:0:0:0:1; SessionId: E19E57469EE6F381AC3AE07038133466; Granted Authorities: ROLE_ANONYMOUS
320185 [http-nio-8080-exec-2] DEBUG o.s.s.w.a.i.FilterSecurityInterceptor - Secure object: FilterInvocation: URL: /bootstrap/css/bootstrap.css; Attributes: [permitAll]
320185 [http-nio-8080-exec-5] DEBUG o.s.s.w.u.m.AntPathRequestMatcher - Request 'GET /jquery/jquery-2.1.3.js' doesn't match 'POST /logout
320185 [http-nio-8080-exec-5] DEBUG o.s.s.w.u.m.AntPathRequestMatcher - Checking match of request : '/jquery/jquery-2.1.3.js'; against '/bootstrap/**'
320185 [http-nio-8080-exec-2] DEBUG o.s.s.w.a.i.FilterSecurityInterceptor - Previously Authenticated: org.springframework.security.authentication.AnonymousAuthenticationToken@9056f12c: Principal: anonymousUser; Credentials: [PROTECTED]; Authenticated: true; Details: org.springframework.security.web.authentication.WebAuthenticationDetails@380f4: RemoteIpAddress: 0:0:0:0:0:0:0:1; SessionId: E19E57469EE6F381AC3AE07038133466; Granted Authorities: ROLE_ANONYMOUS
320185 [http-nio-8080-exec-5] DEBUG o.s.s.w.u.m.AntPathRequestMatcher - Checking match of request : '/jquery/jquery-2.1.3.js'; against '/error/**'
320185 [http-nio-8080-exec-5] DEBUG o.s.s.w.u.m.AntPathRequestMatcher - Checking match of request : '/jquery/jquery-2.1.3.js'; against '/img/**'
320185 [http-nio-8080-exec-5] DEBUG o.s.s.w.u.m.AntPathRequestMatcher - Checking match of request : '/jquery/jquery-2.1.3.js'; against '/jquery/**'
320185 [http-nio-8080-exec-3] DEBUG o.s.s.access.vote.AffirmativeBased - Voter: org.springframework.security.web.access.expression.WebExpressionVoter@5b1f5274, returned: 1
320185 [http-nio-8080-exec-5] DEBUG o.s.s.w.a.i.FilterSecurityInterceptor - Secure object: FilterInvocation: URL: /jquery/jquery-2.1.3.js; Attributes: [permitAll]
320185 [http-nio-8080-exec-3] DEBUG o.s.s.w.a.i.FilterSecurityInterceptor - Authorization successful
320185 [http-nio-8080-exec-5] DEBUG o.s.s.w.a.i.FilterSecurityInterceptor - Previously Authenticated: org.springframework.security.authentication.AnonymousAuthenticationToken@9056f12c: Principal: anonymousUser; Credentials: [PROTECTED]; Authenticated: true; Details: org.springframework.security.web.authentication.WebAuthenticationDetails@380f4: RemoteIpAddress: 0:0:0:0:0:0:0:1; SessionId: E19E57469EE6F381AC3AE07038133466; Granted Authorities: ROLE_ANONYMOUS
320185 [http-nio-8080-exec-2] DEBUG o.s.s.access.vote.AffirmativeBased - Voter: org.springframework.security.web.access.expression.WebExpressionVoter@5b1f5274, returned: 1
320185 [http-nio-8080-exec-3] DEBUG o.s.s.w.a.i.FilterSecurityInterceptor - RunAsManager did not change Authentication object
320185 [http-nio-8080-exec-2] DEBUG o.s.s.w.a.i.FilterSecurityInterceptor - Authorization successful
320185 [http-nio-8080-exec-3] DEBUG o.s.security.web.FilterChainProxy - /bootstrap/js/bootstrap.js reached end of additional filter chain; proceeding with original chain
320185 [http-nio-8080-exec-5] DEBUG o.s.s.access.vote.AffirmativeBased - Voter: org.springframework.security.web.access.expression.WebExpressionVoter@5b1f5274, returned: 1
320185 [http-nio-8080-exec-5] DEBUG o.s.s.w.a.i.FilterSecurityInterceptor - Authorization successful
320185 [http-nio-8080-exec-5] DEBUG o.s.s.w.a.i.FilterSecurityInterceptor - RunAsManager did not change Authentication object
320185 [http-nio-8080-exec-2] DEBUG o.s.s.w.a.i.FilterSecurityInterceptor - RunAsManager did not change Authentication object
320185 [http-nio-8080-exec-5] DEBUG o.s.security.web.FilterChainProxy - /jquery/jquery-2.1.3.js reached end of additional filter chain; proceeding with original chain
320185 [http-nio-8080-exec-2] DEBUG o.s.security.web.FilterChainProxy - /bootstrap/css/bootstrap.css reached end of additional filter chain; proceeding with original chain
320186 [http-nio-8080-exec-2] DEBUG o.s.s.w.c.HttpSessionSecurityContextRepository - SecurityContext is empty or contents are anonymous - context will not be stored in HttpSession.
320186 [http-nio-8080-exec-5] DEBUG o.s.s.w.c.HttpSessionSecurityContextRepository - SecurityContext is empty or contents are anonymous - context will not be stored in HttpSession.
320186 [http-nio-8080-exec-3] DEBUG o.s.s.w.c.HttpSessionSecurityContextRepository - SecurityContext is empty or contents are anonymous - context will not be stored in HttpSession.
320188 [http-nio-8080-exec-3] DEBUG o.s.s.w.a.ExceptionTranslationFilter - Chain processed normally
320188 [http-nio-8080-exec-3] DEBUG o.s.s.w.c.SecurityContextPersistenceFilter - SecurityContextHolder now cleared, as request processing completed
320189 [http-nio-8080-exec-2] DEBUG o.s.s.w.a.ExceptionTranslationFilter - Chain processed normally
320189 [http-nio-8080-exec-2] DEBUG o.s.s.w.c.SecurityContextPersistenceFilter - SecurityContextHolder now cleared, as request processing completed
320191 [http-nio-8080-exec-5] DEBUG o.s.s.w.a.ExceptionTranslationFilter - Chain processed normally
320192 [http-nio-8080-exec-5] DEBUG o.s.s.w.c.SecurityContextPersistenceFilter - SecurityContextHolder now cleared, as request processing completed
360144 [Thread-30] WARN  o.s.b.f.s.DisposableBeanAdapter - Invocation of destroy method failed on bean with name 'classPathFileSystemWatcher': java.lang.NullPointerException
361809 [restartedMain] DEBUG o.s.s.c.a.a.c.AuthenticationConfiguration$EnableGlobalAuthenticationAutowiredConfigurer - Eagerly initializing {org.springframework.boot.autoconfigure.security.SpringBootWebSecurityConfiguration=org.springframework.boot.autoconfigure.security.SpringBootWebSecurityConfiguration$$EnhancerBySpringCGLIB$$8577c6a1@7b3629b9}
361815 [restartedMain] INFO  o.s.s.w.DefaultSecurityFilterChain - Creating filter chain: OrRequestMatcher [requestMatchers=[Ant [pattern='/css/**'], Ant [pattern='/js/**'], Ant [pattern='/images/**'], Ant [pattern='/webjars/**'], Ant [pattern='/**/favicon.ico'], Ant [pattern='/error']]], []
361821 [restartedMain] DEBUG o.s.s.w.a.e.ExpressionBasedFilterInvocationSecurityMetadataSource - Adding web access control expression 'permitAll', for ExactUrl [processUrl='/login?error']
361821 [restartedMain] DEBUG o.s.s.w.a.e.ExpressionBasedFilterInvocationSecurityMetadataSource - Adding web access control expression 'permitAll', for ExactUrl [processUrl='/login']
361822 [restartedMain] DEBUG o.s.s.w.a.e.ExpressionBasedFilterInvocationSecurityMetadataSource - Adding web access control expression 'permitAll', for ExactUrl [processUrl='/login']
361822 [restartedMain] DEBUG o.s.s.w.a.e.ExpressionBasedFilterInvocationSecurityMetadataSource - Adding web access control expression 'permitAll', for Ant [pattern='/logout', POST]
361822 [restartedMain] DEBUG o.s.s.w.a.e.ExpressionBasedFilterInvocationSecurityMetadataSource - Adding web access control expression 'permitAll', for ExactUrl [processUrl='/login?logout']
361822 [restartedMain] DEBUG o.s.s.w.a.e.ExpressionBasedFilterInvocationSecurityMetadataSource - Adding web access control expression 'permitAll', for Ant [pattern='/bootstrap/**']
361822 [restartedMain] DEBUG o.s.s.w.a.e.ExpressionBasedFilterInvocationSecurityMetadataSource - Adding web access control expression 'permitAll', for Ant [pattern='/error/**']
361822 [restartedMain] DEBUG o.s.s.w.a.e.ExpressionBasedFilterInvocationSecurityMetadataSource - Adding web access control expression 'permitAll', for Ant [pattern='/img/**']
361822 [restartedMain] DEBUG o.s.s.w.a.e.ExpressionBasedFilterInvocationSecurityMetadataSource - Adding web access control expression 'permitAll', for Ant [pattern='/jquery/**']
361822 [restartedMain] DEBUG o.s.s.w.a.e.ExpressionBasedFilterInvocationSecurityMetadataSource - Adding web access control expression 'authenticated', for org.springframework.security.web.util.matcher.AnyRequestMatcher@1
361822 [restartedMain] DEBUG o.s.s.w.a.i.FilterSecurityInterceptor - Validated configuration attributes
361822 [restartedMain] DEBUG o.s.s.w.a.i.FilterSecurityInterceptor - Validated configuration attributes
361825 [restartedMain] INFO  o.s.s.w.DefaultSecurityFilterChain - Creating filter chain: org.springframework.security.web.util.matcher.AnyRequestMatcher@1, [org.springframework.security.web.context.request.async.WebAsyncManagerIntegrationFilter@27349c57, org.springframework.security.web.context.SecurityContextPersistenceFilter@59b83945, org.springframework.security.web.header.HeaderWriterFilter@21c8bf14, org.springframework.security.web.csrf.CsrfFilter@25563097, org.springframework.security.web.authentication.logout.LogoutFilter@5410e425, org.springframework.security.web.authentication.UsernamePasswordAuthenticationFilter@250724fd, org.springframework.security.web.savedrequest.RequestCacheAwareFilter@ed3ac03, org.springframework.security.web.servletapi.SecurityContextHolderAwareRequestFilter@6a0792d2, org.springframework.security.web.authentication.AnonymousAuthenticationFilter@2ba95d01, org.springframework.security.web.session.SessionManagementFilter@4dfe7ae5, org.springframework.security.web.access.ExceptionTranslationFilter@226eba53, org.springframework.security.web.access.intercept.FilterSecurityInterceptor@6869848d]
361826 [restartedMain] DEBUG o.s.s.w.a.e.ExpressionBasedFilterInvocationSecurityMetadataSource - Adding web access control expression 'hasAnyRole('ROLE_USER')', for org.springframework.security.web.util.matcher.AnyRequestMatcher@1
361826 [restartedMain] DEBUG o.s.s.w.a.i.FilterSecurityInterceptor - Validated configuration attributes
361826 [restartedMain] DEBUG o.s.s.w.a.i.FilterSecurityInterceptor - Validated configuration attributes
361826 [restartedMain] INFO  o.s.s.w.DefaultSecurityFilterChain - Creating filter chain: OrRequestMatcher [requestMatchers=[Ant [pattern='/**']]], [org.springframework.security.web.context.request.async.WebAsyncManagerIntegrationFilter@126a50bb, org.springframework.security.web.context.SecurityContextPersistenceFilter@5548493a, org.springframework.security.web.header.HeaderWriterFilter@6b531348, org.springframework.security.web.authentication.logout.LogoutFilter@26ddcb82, org.springframework.security.web.authentication.www.BasicAuthenticationFilter@314b57fa, org.springframework.security.web.savedrequest.RequestCacheAwareFilter@71ac508, org.springframework.security.web.servletapi.SecurityContextHolderAwareRequestFilter@74a04ff0, org.springframework.security.web.authentication.AnonymousAuthenticationFilter@ba14a48, org.springframework.security.web.session.SessionManagementFilter@5fc1add3, org.springframework.security.web.access.ExceptionTranslationFilter@55f0fe0d, org.springframework.security.web.access.intercept.FilterSecurityInterceptor@3557ca49]
365801 [http-nio-8080-exec-1] DEBUG o.s.s.w.u.matcher.OrRequestMatcher - Trying to match using Ant [pattern='/css/**']
365802 [http-nio-8080-exec-1] DEBUG o.s.s.w.u.m.AntPathRequestMatcher - Checking match of request : '/login'; against '/css/**'
365802 [http-nio-8080-exec-1] DEBUG o.s.s.w.u.matcher.OrRequestMatcher - Trying to match using Ant [pattern='/js/**']
365802 [http-nio-8080-exec-1] DEBUG o.s.s.w.u.m.AntPathRequestMatcher - Checking match of request : '/login'; against '/js/**'
365802 [http-nio-8080-exec-1] DEBUG o.s.s.w.u.matcher.OrRequestMatcher - Trying to match using Ant [pattern='/images/**']
365802 [http-nio-8080-exec-1] DEBUG o.s.s.w.u.m.AntPathRequestMatcher - Checking match of request : '/login'; against '/images/**'
365802 [http-nio-8080-exec-1] DEBUG o.s.s.w.u.matcher.OrRequestMatcher - Trying to match using Ant [pattern='/webjars/**']
365802 [http-nio-8080-exec-1] DEBUG o.s.s.w.u.m.AntPathRequestMatcher - Checking match of request : '/login'; against '/webjars/**'
365802 [http-nio-8080-exec-1] DEBUG o.s.s.w.u.matcher.OrRequestMatcher - Trying to match using Ant [pattern='/**/favicon.ico']
365802 [http-nio-8080-exec-1] DEBUG o.s.s.w.u.m.AntPathRequestMatcher - Checking match of request : '/login'; against '/**/favicon.ico'
365802 [http-nio-8080-exec-1] DEBUG o.s.s.w.u.matcher.OrRequestMatcher - Trying to match using Ant [pattern='/error']
365802 [http-nio-8080-exec-1] DEBUG o.s.s.w.u.m.AntPathRequestMatcher - Checking match of request : '/login'; against '/error'
365802 [http-nio-8080-exec-1] DEBUG o.s.s.w.u.matcher.OrRequestMatcher - No matches found
365802 [http-nio-8080-exec-1] DEBUG o.s.security.web.FilterChainProxy - /login at position 1 of 12 in additional filter chain; firing Filter: 'WebAsyncManagerIntegrationFilter'
365802 [http-nio-8080-exec-1] DEBUG o.s.security.web.FilterChainProxy - /login at position 2 of 12 in additional filter chain; firing Filter: 'SecurityContextPersistenceFilter'
365802 [http-nio-8080-exec-1] DEBUG o.s.s.w.c.HttpSessionSecurityContextRepository - HttpSession returned null object for SPRING_SECURITY_CONTEXT
365802 [http-nio-8080-exec-1] DEBUG o.s.s.w.c.HttpSessionSecurityContextRepository - No SecurityContext was available from the HttpSession: org.apache.catalina.session.StandardSessionFacade@5a40ec1e. A new one will be created.
365803 [http-nio-8080-exec-1] DEBUG o.s.security.web.FilterChainProxy - /login at position 3 of 12 in additional filter chain; firing Filter: 'HeaderWriterFilter'
365803 [http-nio-8080-exec-1] DEBUG o.s.s.w.h.writers.HstsHeaderWriter - Not injecting HSTS header since it did not match the requestMatcher org.springframework.security.web.header.writers.HstsHeaderWriter$SecureRequestMatcher@5e7f638e
365803 [http-nio-8080-exec-1] DEBUG o.s.security.web.FilterChainProxy - /login at position 4 of 12 in additional filter chain; firing Filter: 'CsrfFilter'
365803 [http-nio-8080-exec-1] DEBUG o.s.security.web.FilterChainProxy - /login at position 5 of 12 in additional filter chain; firing Filter: 'LogoutFilter'
365803 [http-nio-8080-exec-1] DEBUG o.s.s.w.u.m.AntPathRequestMatcher - Request 'GET /login' doesn't match 'POST /logout
365803 [http-nio-8080-exec-1] DEBUG o.s.security.web.FilterChainProxy - /login at position 6 of 12 in additional filter chain; firing Filter: 'UsernamePasswordAuthenticationFilter'
365803 [http-nio-8080-exec-1] DEBUG o.s.s.w.u.m.AntPathRequestMatcher - Request 'GET /login' doesn't match 'POST /login
365803 [http-nio-8080-exec-1] DEBUG o.s.security.web.FilterChainProxy - /login at position 7 of 12 in additional filter chain; firing Filter: 'RequestCacheAwareFilter'
365803 [http-nio-8080-exec-1] DEBUG o.s.s.w.s.DefaultSavedRequest - pathInfo: both null (property equals)
365803 [http-nio-8080-exec-1] DEBUG o.s.s.w.s.DefaultSavedRequest - queryString: both null (property equals)
365803 [http-nio-8080-exec-1] DEBUG o.s.s.w.s.DefaultSavedRequest - requestURI: arg1=/; arg2=/login (property not equals)
365806 [http-nio-8080-exec-1] DEBUG o.s.s.w.s.HttpSessionRequestCache - saved request doesn't match
365806 [http-nio-8080-exec-1] DEBUG o.s.security.web.FilterChainProxy - /login at position 8 of 12 in additional filter chain; firing Filter: 'SecurityContextHolderAwareRequestFilter'
365806 [http-nio-8080-exec-1] DEBUG o.s.security.web.FilterChainProxy - /login at position 9 of 12 in additional filter chain; firing Filter: 'AnonymousAuthenticationFilter'
365806 [http-nio-8080-exec-1] DEBUG o.s.s.w.a.AnonymousAuthenticationFilter - Populated SecurityContextHolder with anonymous token: 'org.springframework.security.authentication.AnonymousAuthenticationToken@9056f12c: Principal: anonymousUser; Credentials: [PROTECTED]; Authenticated: true; Details: org.springframework.security.web.authentication.WebAuthenticationDetails@380f4: RemoteIpAddress: 0:0:0:0:0:0:0:1; SessionId: E19E57469EE6F381AC3AE07038133466; Granted Authorities: ROLE_ANONYMOUS'
365806 [http-nio-8080-exec-1] DEBUG o.s.security.web.FilterChainProxy - /login at position 10 of 12 in additional filter chain; firing Filter: 'SessionManagementFilter'
365806 [http-nio-8080-exec-1] DEBUG o.s.security.web.FilterChainProxy - /login at position 11 of 12 in additional filter chain; firing Filter: 'ExceptionTranslationFilter'
365806 [http-nio-8080-exec-1] DEBUG o.s.security.web.FilterChainProxy - /login at position 12 of 12 in additional filter chain; firing Filter: 'FilterSecurityInterceptor'
365806 [http-nio-8080-exec-1] DEBUG o.s.s.w.a.i.FilterSecurityInterceptor - Secure object: FilterInvocation: URL: /login; Attributes: [permitAll]
365806 [http-nio-8080-exec-1] DEBUG o.s.s.w.a.i.FilterSecurityInterceptor - Previously Authenticated: org.springframework.security.authentication.AnonymousAuthenticationToken@9056f12c: Principal: anonymousUser; Credentials: [PROTECTED]; Authenticated: true; Details: org.springframework.security.web.authentication.WebAuthenticationDetails@380f4: RemoteIpAddress: 0:0:0:0:0:0:0:1; SessionId: E19E57469EE6F381AC3AE07038133466; Granted Authorities: ROLE_ANONYMOUS
365806 [http-nio-8080-exec-1] DEBUG o.s.s.access.vote.AffirmativeBased - Voter: org.springframework.security.web.access.expression.WebExpressionVoter@1b7de625, returned: 1
365806 [http-nio-8080-exec-1] DEBUG o.s.s.w.a.i.FilterSecurityInterceptor - Authorization successful
365806 [http-nio-8080-exec-1] DEBUG o.s.s.w.a.i.FilterSecurityInterceptor - RunAsManager did not change Authentication object
365806 [http-nio-8080-exec-1] DEBUG o.s.security.web.FilterChainProxy - /login reached end of additional filter chain; proceeding with original chain
365817 [http-nio-8080-exec-1] DEBUG o.s.s.w.c.HttpSessionSecurityContextRepository - SecurityContext is empty or contents are anonymous - context will not be stored in HttpSession.
365818 [http-nio-8080-exec-1] DEBUG o.s.s.w.a.ExceptionTranslationFilter - Chain processed normally
365819 [http-nio-8080-exec-1] DEBUG o.s.s.w.c.SecurityContextPersistenceFilter - SecurityContextHolder now cleared, as request processing completed
365831 [http-nio-8080-exec-3] DEBUG o.s.s.w.u.matcher.OrRequestMatcher - Trying to match using Ant [pattern='/css/**']
365831 [http-nio-8080-exec-6] DEBUG o.s.s.w.u.matcher.OrRequestMatcher - Trying to match using Ant [pattern='/css/**']
365831 [http-nio-8080-exec-2] DEBUG o.s.s.w.u.matcher.OrRequestMatcher - Trying to match using Ant [pattern='/css/**']
365831 [http-nio-8080-exec-3] DEBUG o.s.s.w.u.m.AntPathRequestMatcher - Checking match of request : '/bootstrap/css/bootstrap.css'; against '/css/**'
365831 [http-nio-8080-exec-6] DEBUG o.s.s.w.u.m.AntPathRequestMatcher - Checking match of request : '/jquery/jquery-2.1.3.js'; against '/css/**'
365831 [http-nio-8080-exec-2] DEBUG o.s.s.w.u.m.AntPathRequestMatcher - Checking match of request : '/bootstrap/js/bootstrap.js'; against '/css/**'
365831 [http-nio-8080-exec-3] DEBUG o.s.s.w.u.matcher.OrRequestMatcher - Trying to match using Ant [pattern='/js/**']
365831 [http-nio-8080-exec-6] DEBUG o.s.s.w.u.matcher.OrRequestMatcher - Trying to match using Ant [pattern='/js/**']
365831 [http-nio-8080-exec-2] DEBUG o.s.s.w.u.matcher.OrRequestMatcher - Trying to match using Ant [pattern='/js/**']
365831 [http-nio-8080-exec-3] DEBUG o.s.s.w.u.m.AntPathRequestMatcher - Checking match of request : '/bootstrap/css/bootstrap.css'; against '/js/**'
365831 [http-nio-8080-exec-6] DEBUG o.s.s.w.u.m.AntPathRequestMatcher - Checking match of request : '/jquery/jquery-2.1.3.js'; against '/js/**'
365831 [http-nio-8080-exec-2] DEBUG o.s.s.w.u.m.AntPathRequestMatcher - Checking match of request : '/bootstrap/js/bootstrap.js'; against '/js/**'
365831 [http-nio-8080-exec-2] DEBUG o.s.s.w.u.matcher.OrRequestMatcher - Trying to match using Ant [pattern='/images/**']
365831 [http-nio-8080-exec-2] DEBUG o.s.s.w.u.m.AntPathRequestMatcher - Checking match of request : '/bootstrap/js/bootstrap.js'; against '/images/**'
365831 [http-nio-8080-exec-2] DEBUG o.s.s.w.u.matcher.OrRequestMatcher - Trying to match using Ant [pattern='/webjars/**']
365831 [http-nio-8080-exec-3] DEBUG o.s.s.w.u.matcher.OrRequestMatcher - Trying to match using Ant [pattern='/images/**']
365831 [http-nio-8080-exec-3] DEBUG o.s.s.w.u.m.AntPathRequestMatcher - Checking match of request : '/bootstrap/css/bootstrap.css'; against '/images/**'
365831 [http-nio-8080-exec-3] DEBUG o.s.s.w.u.matcher.OrRequestMatcher - Trying to match using Ant [pattern='/webjars/**']
365831 [http-nio-8080-exec-6] DEBUG o.s.s.w.u.matcher.OrRequestMatcher - Trying to match using Ant [pattern='/images/**']
365831 [http-nio-8080-exec-6] DEBUG o.s.s.w.u.m.AntPathRequestMatcher - Checking match of request : '/jquery/jquery-2.1.3.js'; against '/images/**'
365831 [http-nio-8080-exec-6] DEBUG o.s.s.w.u.matcher.OrRequestMatcher - Trying to match using Ant [pattern='/webjars/**']
365831 [http-nio-8080-exec-2] DEBUG o.s.s.w.u.m.AntPathRequestMatcher - Checking match of request : '/bootstrap/js/bootstrap.js'; against '/webjars/**'
365831 [http-nio-8080-exec-2] DEBUG o.s.s.w.u.matcher.OrRequestMatcher - Trying to match using Ant [pattern='/**/favicon.ico']
365831 [http-nio-8080-exec-2] DEBUG o.s.s.w.u.m.AntPathRequestMatcher - Checking match of request : '/bootstrap/js/bootstrap.js'; against '/**/favicon.ico'
365831 [http-nio-8080-exec-3] DEBUG o.s.s.w.u.m.AntPathRequestMatcher - Checking match of request : '/bootstrap/css/bootstrap.css'; against '/webjars/**'
365831 [http-nio-8080-exec-6] DEBUG o.s.s.w.u.m.AntPathRequestMatcher - Checking match of request : '/jquery/jquery-2.1.3.js'; against '/webjars/**'
365831 [http-nio-8080-exec-2] DEBUG o.s.s.w.u.matcher.OrRequestMatcher - Trying to match using Ant [pattern='/error']
365831 [http-nio-8080-exec-2] DEBUG o.s.s.w.u.m.AntPathRequestMatcher - Checking match of request : '/bootstrap/js/bootstrap.js'; against '/error'
365831 [http-nio-8080-exec-2] DEBUG o.s.s.w.u.matcher.OrRequestMatcher - No matches found
365831 [http-nio-8080-exec-3] DEBUG o.s.s.w.u.matcher.OrRequestMatcher - Trying to match using Ant [pattern='/**/favicon.ico']
365831 [http-nio-8080-exec-6] DEBUG o.s.s.w.u.matcher.OrRequestMatcher - Trying to match using Ant [pattern='/**/favicon.ico']
365831 [http-nio-8080-exec-2] DEBUG o.s.security.web.FilterChainProxy - /bootstrap/js/bootstrap.js at position 1 of 12 in additional filter chain; firing Filter: 'WebAsyncManagerIntegrationFilter'
365836 [http-nio-8080-exec-3] DEBUG o.s.s.w.u.m.AntPathRequestMatcher - Checking match of request : '/bootstrap/css/bootstrap.css'; against '/**/favicon.ico'
365836 [http-nio-8080-exec-6] DEBUG o.s.s.w.u.m.AntPathRequestMatcher - Checking match of request : '/jquery/jquery-2.1.3.js'; against '/**/favicon.ico'
365836 [http-nio-8080-exec-3] DEBUG o.s.s.w.u.matcher.OrRequestMatcher - Trying to match using Ant [pattern='/error']
365836 [http-nio-8080-exec-3] DEBUG o.s.s.w.u.m.AntPathRequestMatcher - Checking match of request : '/bootstrap/css/bootstrap.css'; against '/error'
365836 [http-nio-8080-exec-3] DEBUG o.s.s.w.u.matcher.OrRequestMatcher - No matches found
365836 [http-nio-8080-exec-3] DEBUG o.s.security.web.FilterChainProxy - /bootstrap/css/bootstrap.css at position 1 of 12 in additional filter chain; firing Filter: 'WebAsyncManagerIntegrationFilter'
365836 [http-nio-8080-exec-3] DEBUG o.s.security.web.FilterChainProxy - /bootstrap/css/bootstrap.css at position 2 of 12 in additional filter chain; firing Filter: 'SecurityContextPersistenceFilter'
365836 [http-nio-8080-exec-2] DEBUG o.s.security.web.FilterChainProxy - /bootstrap/js/bootstrap.js at position 2 of 12 in additional filter chain; firing Filter: 'SecurityContextPersistenceFilter'
365836 [http-nio-8080-exec-2] DEBUG o.s.s.w.c.HttpSessionSecurityContextRepository - HttpSession returned null object for SPRING_SECURITY_CONTEXT
365836 [http-nio-8080-exec-2] DEBUG o.s.s.w.c.HttpSessionSecurityContextRepository - No SecurityContext was available from the HttpSession: org.apache.catalina.session.StandardSessionFacade@5a40ec1e. A new one will be created.
365836 [http-nio-8080-exec-6] DEBUG o.s.s.w.u.matcher.OrRequestMatcher - Trying to match using Ant [pattern='/error']
365836 [http-nio-8080-exec-6] DEBUG o.s.s.w.u.m.AntPathRequestMatcher - Checking match of request : '/jquery/jquery-2.1.3.js'; against '/error'
365836 [http-nio-8080-exec-6] DEBUG o.s.s.w.u.matcher.OrRequestMatcher - No matches found
365836 [http-nio-8080-exec-3] DEBUG o.s.s.w.c.HttpSessionSecurityContextRepository - HttpSession returned null object for SPRING_SECURITY_CONTEXT
365836 [http-nio-8080-exec-3] DEBUG o.s.s.w.c.HttpSessionSecurityContextRepository - No SecurityContext was available from the HttpSession: org.apache.catalina.session.StandardSessionFacade@5a40ec1e. A new one will be created.
365836 [http-nio-8080-exec-2] DEBUG o.s.security.web.FilterChainProxy - /bootstrap/js/bootstrap.js at position 3 of 12 in additional filter chain; firing Filter: 'HeaderWriterFilter'
365836 [http-nio-8080-exec-6] DEBUG o.s.security.web.FilterChainProxy - /jquery/jquery-2.1.3.js at position 1 of 12 in additional filter chain; firing Filter: 'WebAsyncManagerIntegrationFilter'
365836 [http-nio-8080-exec-2] DEBUG o.s.s.w.h.writers.HstsHeaderWriter - Not injecting HSTS header since it did not match the requestMatcher org.springframework.security.web.header.writers.HstsHeaderWriter$SecureRequestMatcher@5e7f638e
365836 [http-nio-8080-exec-6] DEBUG o.s.security.web.FilterChainProxy - /jquery/jquery-2.1.3.js at position 2 of 12 in additional filter chain; firing Filter: 'SecurityContextPersistenceFilter'
365836 [http-nio-8080-exec-6] DEBUG o.s.s.w.c.HttpSessionSecurityContextRepository - HttpSession returned null object for SPRING_SECURITY_CONTEXT
365836 [http-nio-8080-exec-6] DEBUG o.s.s.w.c.HttpSessionSecurityContextRepository - No SecurityContext was available from the HttpSession: org.apache.catalina.session.StandardSessionFacade@5a40ec1e. A new one will be created.
365836 [http-nio-8080-exec-3] DEBUG o.s.security.web.FilterChainProxy - /bootstrap/css/bootstrap.css at position 3 of 12 in additional filter chain; firing Filter: 'HeaderWriterFilter'
365836 [http-nio-8080-exec-6] DEBUG o.s.security.web.FilterChainProxy - /jquery/jquery-2.1.3.js at position 3 of 12 in additional filter chain; firing Filter: 'HeaderWriterFilter'
365836 [http-nio-8080-exec-3] DEBUG o.s.s.w.h.writers.HstsHeaderWriter - Not injecting HSTS header since it did not match the requestMatcher org.springframework.security.web.header.writers.HstsHeaderWriter$SecureRequestMatcher@5e7f638e
365836 [http-nio-8080-exec-2] DEBUG o.s.security.web.FilterChainProxy - /bootstrap/js/bootstrap.js at position 4 of 12 in additional filter chain; firing Filter: 'CsrfFilter'
365838 [http-nio-8080-exec-6] DEBUG o.s.s.w.h.writers.HstsHeaderWriter - Not injecting HSTS header since it did not match the requestMatcher org.springframework.security.web.header.writers.HstsHeaderWriter$SecureRequestMatcher@5e7f638e
365838 [http-nio-8080-exec-3] DEBUG o.s.security.web.FilterChainProxy - /bootstrap/css/bootstrap.css at position 4 of 12 in additional filter chain; firing Filter: 'CsrfFilter'
365838 [http-nio-8080-exec-2] DEBUG o.s.security.web.FilterChainProxy - /bootstrap/js/bootstrap.js at position 5 of 12 in additional filter chain; firing Filter: 'LogoutFilter'
365838 [http-nio-8080-exec-2] DEBUG o.s.s.w.u.m.AntPathRequestMatcher - Request 'GET /bootstrap/js/bootstrap.js' doesn't match 'POST /logout
365838 [http-nio-8080-exec-6] DEBUG o.s.security.web.FilterChainProxy - /jquery/jquery-2.1.3.js at position 4 of 12 in additional filter chain; firing Filter: 'CsrfFilter'
365838 [http-nio-8080-exec-3] DEBUG o.s.security.web.FilterChainProxy - /bootstrap/css/bootstrap.css at position 5 of 12 in additional filter chain; firing Filter: 'LogoutFilter'
365838 [http-nio-8080-exec-3] DEBUG o.s.s.w.u.m.AntPathRequestMatcher - Request 'GET /bootstrap/css/bootstrap.css' doesn't match 'POST /logout
365838 [http-nio-8080-exec-2] DEBUG o.s.security.web.FilterChainProxy - /bootstrap/js/bootstrap.js at position 6 of 12 in additional filter chain; firing Filter: 'UsernamePasswordAuthenticationFilter'
365838 [http-nio-8080-exec-2] DEBUG o.s.s.w.u.m.AntPathRequestMatcher - Request 'GET /bootstrap/js/bootstrap.js' doesn't match 'POST /login
365838 [http-nio-8080-exec-3] DEBUG o.s.security.web.FilterChainProxy - /bootstrap/css/bootstrap.css at position 6 of 12 in additional filter chain; firing Filter: 'UsernamePasswordAuthenticationFilter'
365838 [http-nio-8080-exec-3] DEBUG o.s.s.w.u.m.AntPathRequestMatcher - Request 'GET /bootstrap/css/bootstrap.css' doesn't match 'POST /login
365838 [http-nio-8080-exec-6] DEBUG o.s.security.web.FilterChainProxy - /jquery/jquery-2.1.3.js at position 5 of 12 in additional filter chain; firing Filter: 'LogoutFilter'
365838 [http-nio-8080-exec-6] DEBUG o.s.s.w.u.m.AntPathRequestMatcher - Request 'GET /jquery/jquery-2.1.3.js' doesn't match 'POST /logout
365838 [http-nio-8080-exec-2] DEBUG o.s.security.web.FilterChainProxy - /bootstrap/js/bootstrap.js at position 7 of 12 in additional filter chain; firing Filter: 'RequestCacheAwareFilter'
365838 [http-nio-8080-exec-2] DEBUG o.s.s.w.s.DefaultSavedRequest - pathInfo: both null (property equals)
365838 [http-nio-8080-exec-2] DEBUG o.s.s.w.s.DefaultSavedRequest - queryString: both null (property equals)
365838 [http-nio-8080-exec-3] DEBUG o.s.security.web.FilterChainProxy - /bootstrap/css/bootstrap.css at position 7 of 12 in additional filter chain; firing Filter: 'RequestCacheAwareFilter'
365838 [http-nio-8080-exec-3] DEBUG o.s.s.w.s.DefaultSavedRequest - pathInfo: both null (property equals)
365838 [http-nio-8080-exec-6] DEBUG o.s.security.web.FilterChainProxy - /jquery/jquery-2.1.3.js at position 6 of 12 in additional filter chain; firing Filter: 'UsernamePasswordAuthenticationFilter'
365838 [http-nio-8080-exec-6] DEBUG o.s.s.w.u.m.AntPathRequestMatcher - Request 'GET /jquery/jquery-2.1.3.js' doesn't match 'POST /login
365838 [http-nio-8080-exec-6] DEBUG o.s.security.web.FilterChainProxy - /jquery/jquery-2.1.3.js at position 7 of 12 in additional filter chain; firing Filter: 'RequestCacheAwareFilter'
365838 [http-nio-8080-exec-2] DEBUG o.s.s.w.s.DefaultSavedRequest - requestURI: arg1=/; arg2=/bootstrap/js/bootstrap.js (property not equals)
365838 [http-nio-8080-exec-2] DEBUG o.s.s.w.s.HttpSessionRequestCache - saved request doesn't match
365838 [http-nio-8080-exec-2] DEBUG o.s.security.web.FilterChainProxy - /bootstrap/js/bootstrap.js at position 8 of 12 in additional filter chain; firing Filter: 'SecurityContextHolderAwareRequestFilter'
365838 [http-nio-8080-exec-2] DEBUG o.s.security.web.FilterChainProxy - /bootstrap/js/bootstrap.js at position 9 of 12 in additional filter chain; firing Filter: 'AnonymousAuthenticationFilter'
365838 [http-nio-8080-exec-3] DEBUG o.s.s.w.s.DefaultSavedRequest - queryString: both null (property equals)
365838 [http-nio-8080-exec-6] DEBUG o.s.s.w.s.DefaultSavedRequest - pathInfo: both null (property equals)
365840 [http-nio-8080-exec-3] DEBUG o.s.s.w.s.DefaultSavedRequest - requestURI: arg1=/; arg2=/bootstrap/css/bootstrap.css (property not equals)
365840 [http-nio-8080-exec-6] DEBUG o.s.s.w.s.DefaultSavedRequest - queryString: both null (property equals)
365840 [http-nio-8080-exec-3] DEBUG o.s.s.w.s.HttpSessionRequestCache - saved request doesn't match
365840 [http-nio-8080-exec-2] DEBUG o.s.s.w.a.AnonymousAuthenticationFilter - Populated SecurityContextHolder with anonymous token: 'org.springframework.security.authentication.AnonymousAuthenticationToken@9056f12c: Principal: anonymousUser; Credentials: [PROTECTED]; Authenticated: true; Details: org.springframework.security.web.authentication.WebAuthenticationDetails@380f4: RemoteIpAddress: 0:0:0:0:0:0:0:1; SessionId: E19E57469EE6F381AC3AE07038133466; Granted Authorities: ROLE_ANONYMOUS'
365840 [http-nio-8080-exec-3] DEBUG o.s.security.web.FilterChainProxy - /bootstrap/css/bootstrap.css at position 8 of 12 in additional filter chain; firing Filter: 'SecurityContextHolderAwareRequestFilter'
365840 [http-nio-8080-exec-6] DEBUG o.s.s.w.s.DefaultSavedRequest - requestURI: arg1=/; arg2=/jquery/jquery-2.1.3.js (property not equals)
365840 [http-nio-8080-exec-3] DEBUG o.s.security.web.FilterChainProxy - /bootstrap/css/bootstrap.css at position 9 of 12 in additional filter chain; firing Filter: 'AnonymousAuthenticationFilter'
365840 [http-nio-8080-exec-2] DEBUG o.s.security.web.FilterChainProxy - /bootstrap/js/bootstrap.js at position 10 of 12 in additional filter chain; firing Filter: 'SessionManagementFilter'
365840 [http-nio-8080-exec-3] DEBUG o.s.s.w.a.AnonymousAuthenticationFilter - Populated SecurityContextHolder with anonymous token: 'org.springframework.security.authentication.AnonymousAuthenticationToken@9056f12c: Principal: anonymousUser; Credentials: [PROTECTED]; Authenticated: true; Details: org.springframework.security.web.authentication.WebAuthenticationDetails@380f4: RemoteIpAddress: 0:0:0:0:0:0:0:1; SessionId: E19E57469EE6F381AC3AE07038133466; Granted Authorities: ROLE_ANONYMOUS'
365840 [http-nio-8080-exec-3] DEBUG o.s.security.web.FilterChainProxy - /bootstrap/css/bootstrap.css at position 10 of 12 in additional filter chain; firing Filter: 'SessionManagementFilter'
365840 [http-nio-8080-exec-2] DEBUG o.s.security.web.FilterChainProxy - /bootstrap/js/bootstrap.js at position 11 of 12 in additional filter chain; firing Filter: 'ExceptionTranslationFilter'
365840 [http-nio-8080-exec-2] DEBUG o.s.security.web.FilterChainProxy - /bootstrap/js/bootstrap.js at position 12 of 12 in additional filter chain; firing Filter: 'FilterSecurityInterceptor'
365840 [http-nio-8080-exec-6] DEBUG o.s.s.w.s.HttpSessionRequestCache - saved request doesn't match
365840 [http-nio-8080-exec-6] DEBUG o.s.security.web.FilterChainProxy - /jquery/jquery-2.1.3.js at position 8 of 12 in additional filter chain; firing Filter: 'SecurityContextHolderAwareRequestFilter'
365840 [http-nio-8080-exec-3] DEBUG o.s.security.web.FilterChainProxy - /bootstrap/css/bootstrap.css at position 11 of 12 in additional filter chain; firing Filter: 'ExceptionTranslationFilter'
365840 [http-nio-8080-exec-2] DEBUG o.s.s.w.u.m.AntPathRequestMatcher - Request 'GET /bootstrap/js/bootstrap.js' doesn't match 'POST /logout
365840 [http-nio-8080-exec-2] DEBUG o.s.s.w.u.m.AntPathRequestMatcher - Checking match of request : '/bootstrap/js/bootstrap.js'; against '/bootstrap/**'
365840 [http-nio-8080-exec-2] DEBUG o.s.s.w.a.i.FilterSecurityInterceptor - Secure object: FilterInvocation: URL: /bootstrap/js/bootstrap.js; Attributes: [permitAll]
365840 [http-nio-8080-exec-2] DEBUG o.s.s.w.a.i.FilterSecurityInterceptor - Previously Authenticated: org.springframework.security.authentication.AnonymousAuthenticationToken@9056f12c: Principal: anonymousUser; Credentials: [PROTECTED]; Authenticated: true; Details: org.springframework.security.web.authentication.WebAuthenticationDetails@380f4: RemoteIpAddress: 0:0:0:0:0:0:0:1; SessionId: E19E57469EE6F381AC3AE07038133466; Granted Authorities: ROLE_ANONYMOUS
365840 [http-nio-8080-exec-6] DEBUG o.s.security.web.FilterChainProxy - /jquery/jquery-2.1.3.js at position 9 of 12 in additional filter chain; firing Filter: 'AnonymousAuthenticationFilter'
365840 [http-nio-8080-exec-3] DEBUG o.s.security.web.FilterChainProxy - /bootstrap/css/bootstrap.css at position 12 of 12 in additional filter chain; firing Filter: 'FilterSecurityInterceptor'
365841 [http-nio-8080-exec-6] DEBUG o.s.s.w.a.AnonymousAuthenticationFilter - Populated SecurityContextHolder with anonymous token: 'org.springframework.security.authentication.AnonymousAuthenticationToken@9056f12c: Principal: anonymousUser; Credentials: [PROTECTED]; Authenticated: true; Details: org.springframework.security.web.authentication.WebAuthenticationDetails@380f4: RemoteIpAddress: 0:0:0:0:0:0:0:1; SessionId: E19E57469EE6F381AC3AE07038133466; Granted Authorities: ROLE_ANONYMOUS'
365841 [http-nio-8080-exec-3] DEBUG o.s.s.w.u.m.AntPathRequestMatcher - Request 'GET /bootstrap/css/bootstrap.css' doesn't match 'POST /logout
365841 [http-nio-8080-exec-6] DEBUG o.s.security.web.FilterChainProxy - /jquery/jquery-2.1.3.js at position 10 of 12 in additional filter chain; firing Filter: 'SessionManagementFilter'
365841 [http-nio-8080-exec-2] DEBUG o.s.s.access.vote.AffirmativeBased - Voter: org.springframework.security.web.access.expression.WebExpressionVoter@1b7de625, returned: 1
365841 [http-nio-8080-exec-6] DEBUG o.s.security.web.FilterChainProxy - /jquery/jquery-2.1.3.js at position 11 of 12 in additional filter chain; firing Filter: 'ExceptionTranslationFilter'
365841 [http-nio-8080-exec-2] DEBUG o.s.s.w.a.i.FilterSecurityInterceptor - Authorization successful
365841 [http-nio-8080-exec-2] DEBUG o.s.s.w.a.i.FilterSecurityInterceptor - RunAsManager did not change Authentication object
365841 [http-nio-8080-exec-2] DEBUG o.s.security.web.FilterChainProxy - /bootstrap/js/bootstrap.js reached end of additional filter chain; proceeding with original chain
365841 [http-nio-8080-exec-3] DEBUG o.s.s.w.u.m.AntPathRequestMatcher - Checking match of request : '/bootstrap/css/bootstrap.css'; against '/bootstrap/**'
365841 [http-nio-8080-exec-3] DEBUG o.s.s.w.a.i.FilterSecurityInterceptor - Secure object: FilterInvocation: URL: /bootstrap/css/bootstrap.css; Attributes: [permitAll]
365841 [http-nio-8080-exec-6] DEBUG o.s.security.web.FilterChainProxy - /jquery/jquery-2.1.3.js at position 12 of 12 in additional filter chain; firing Filter: 'FilterSecurityInterceptor'
365841 [http-nio-8080-exec-6] DEBUG o.s.s.w.u.m.AntPathRequestMatcher - Request 'GET /jquery/jquery-2.1.3.js' doesn't match 'POST /logout
365841 [http-nio-8080-exec-3] DEBUG o.s.s.w.a.i.FilterSecurityInterceptor - Previously Authenticated: org.springframework.security.authentication.AnonymousAuthenticationToken@9056f12c: Principal: anonymousUser; Credentials: [PROTECTED]; Authenticated: true; Details: org.springframework.security.web.authentication.WebAuthenticationDetails@380f4: RemoteIpAddress: 0:0:0:0:0:0:0:1; SessionId: E19E57469EE6F381AC3AE07038133466; Granted Authorities: ROLE_ANONYMOUS
365841 [http-nio-8080-exec-6] DEBUG o.s.s.w.u.m.AntPathRequestMatcher - Checking match of request : '/jquery/jquery-2.1.3.js'; against '/bootstrap/**'
365841 [http-nio-8080-exec-6] DEBUG o.s.s.w.u.m.AntPathRequestMatcher - Checking match of request : '/jquery/jquery-2.1.3.js'; against '/error/**'
365841 [http-nio-8080-exec-6] DEBUG o.s.s.w.u.m.AntPathRequestMatcher - Checking match of request : '/jquery/jquery-2.1.3.js'; against '/img/**'
365841 [http-nio-8080-exec-6] DEBUG o.s.s.w.u.m.AntPathRequestMatcher - Checking match of request : '/jquery/jquery-2.1.3.js'; against '/jquery/**'
365841 [http-nio-8080-exec-6] DEBUG o.s.s.w.a.i.FilterSecurityInterceptor - Secure object: FilterInvocation: URL: /jquery/jquery-2.1.3.js; Attributes: [permitAll]
365841 [http-nio-8080-exec-3] DEBUG o.s.s.access.vote.AffirmativeBased - Voter: org.springframework.security.web.access.expression.WebExpressionVoter@1b7de625, returned: 1
365841 [http-nio-8080-exec-6] DEBUG o.s.s.w.a.i.FilterSecurityInterceptor - Previously Authenticated: org.springframework.security.authentication.AnonymousAuthenticationToken@9056f12c: Principal: anonymousUser; Credentials: [PROTECTED]; Authenticated: true; Details: org.springframework.security.web.authentication.WebAuthenticationDetails@380f4: RemoteIpAddress: 0:0:0:0:0:0:0:1; SessionId: E19E57469EE6F381AC3AE07038133466; Granted Authorities: ROLE_ANONYMOUS
365842 [http-nio-8080-exec-2] DEBUG o.s.s.w.c.HttpSessionSecurityContextRepository - SecurityContext is empty or contents are anonymous - context will not be stored in HttpSession.
365843 [http-nio-8080-exec-3] DEBUG o.s.s.w.a.i.FilterSecurityInterceptor - Authorization successful
365843 [http-nio-8080-exec-3] DEBUG o.s.s.w.a.i.FilterSecurityInterceptor - RunAsManager did not change Authentication object
365843 [http-nio-8080-exec-3] DEBUG o.s.security.web.FilterChainProxy - /bootstrap/css/bootstrap.css reached end of additional filter chain; proceeding with original chain
365843 [http-nio-8080-exec-6] DEBUG o.s.s.access.vote.AffirmativeBased - Voter: org.springframework.security.web.access.expression.WebExpressionVoter@1b7de625, returned: 1
365843 [http-nio-8080-exec-6] DEBUG o.s.s.w.a.i.FilterSecurityInterceptor - Authorization successful
365843 [http-nio-8080-exec-6] DEBUG o.s.s.w.a.i.FilterSecurityInterceptor - RunAsManager did not change Authentication object
365843 [http-nio-8080-exec-6] DEBUG o.s.security.web.FilterChainProxy - /jquery/jquery-2.1.3.js reached end of additional filter chain; proceeding with original chain
365846 [http-nio-8080-exec-6] DEBUG o.s.s.w.c.HttpSessionSecurityContextRepository - SecurityContext is empty or contents are anonymous - context will not be stored in HttpSession.
365846 [http-nio-8080-exec-3] DEBUG o.s.s.w.c.HttpSessionSecurityContextRepository - SecurityContext is empty or contents are anonymous - context will not be stored in HttpSession.
365846 [http-nio-8080-exec-2] DEBUG o.s.s.w.a.ExceptionTranslationFilter - Chain processed normally
365846 [http-nio-8080-exec-2] DEBUG o.s.s.w.c.SecurityContextPersistenceFilter - SecurityContextHolder now cleared, as request processing completed
365849 [http-nio-8080-exec-3] DEBUG o.s.s.w.a.ExceptionTranslationFilter - Chain processed normally
365849 [http-nio-8080-exec-3] DEBUG o.s.s.w.c.SecurityContextPersistenceFilter - SecurityContextHolder now cleared, as request processing completed
365853 [http-nio-8080-exec-6] DEBUG o.s.s.w.a.ExceptionTranslationFilter - Chain processed normally
365854 [http-nio-8080-exec-6] DEBUG o.s.s.w.c.SecurityContextPersistenceFilter - SecurityContextHolder now cleared, as request processing completed
365899 [http-nio-8080-exec-4] DEBUG o.s.s.w.u.matcher.OrRequestMatcher - Trying to match using Ant [pattern='/css/**']
365899 [http-nio-8080-exec-4] DEBUG o.s.s.w.u.m.AntPathRequestMatcher - Checking match of request : '/favicon.ico'; against '/css/**'
365900 [http-nio-8080-exec-4] DEBUG o.s.s.w.u.matcher.OrRequestMatcher - Trying to match using Ant [pattern='/js/**']
365900 [http-nio-8080-exec-4] DEBUG o.s.s.w.u.m.AntPathRequestMatcher - Checking match of request : '/favicon.ico'; against '/js/**'
365900 [http-nio-8080-exec-4] DEBUG o.s.s.w.u.matcher.OrRequestMatcher - Trying to match using Ant [pattern='/images/**']
365900 [http-nio-8080-exec-4] DEBUG o.s.s.w.u.m.AntPathRequestMatcher - Checking match of request : '/favicon.ico'; against '/images/**'
365900 [http-nio-8080-exec-4] DEBUG o.s.s.w.u.matcher.OrRequestMatcher - Trying to match using Ant [pattern='/webjars/**']
365900 [http-nio-8080-exec-4] DEBUG o.s.s.w.u.m.AntPathRequestMatcher - Checking match of request : '/favicon.ico'; against '/webjars/**'
365900 [http-nio-8080-exec-4] DEBUG o.s.s.w.u.matcher.OrRequestMatcher - Trying to match using Ant [pattern='/**/favicon.ico']
365900 [http-nio-8080-exec-4] DEBUG o.s.s.w.u.m.AntPathRequestMatcher - Checking match of request : '/favicon.ico'; against '/**/favicon.ico'
365900 [http-nio-8080-exec-4] DEBUG o.s.s.w.u.matcher.OrRequestMatcher - matched
365900 [http-nio-8080-exec-4] DEBUG o.s.security.web.FilterChainProxy - /favicon.ico has an empty filter list
370464 [http-nio-8080-exec-5] DEBUG o.s.s.w.u.matcher.OrRequestMatcher - Trying to match using Ant [pattern='/css/**']
370464 [http-nio-8080-exec-5] DEBUG o.s.s.w.u.m.AntPathRequestMatcher - Checking match of request : '/temp'; against '/css/**'
370464 [http-nio-8080-exec-5] DEBUG o.s.s.w.u.matcher.OrRequestMatcher - Trying to match using Ant [pattern='/js/**']
370464 [http-nio-8080-exec-5] DEBUG o.s.s.w.u.m.AntPathRequestMatcher - Checking match of request : '/temp'; against '/js/**'
370464 [http-nio-8080-exec-5] DEBUG o.s.s.w.u.matcher.OrRequestMatcher - Trying to match using Ant [pattern='/images/**']
370464 [http-nio-8080-exec-5] DEBUG o.s.s.w.u.m.AntPathRequestMatcher - Checking match of request : '/temp'; against '/images/**'
370464 [http-nio-8080-exec-5] DEBUG o.s.s.w.u.matcher.OrRequestMatcher - Trying to match using Ant [pattern='/webjars/**']
370464 [http-nio-8080-exec-5] DEBUG o.s.s.w.u.m.AntPathRequestMatcher - Checking match of request : '/temp'; against '/webjars/**'
370464 [http-nio-8080-exec-5] DEBUG o.s.s.w.u.matcher.OrRequestMatcher - Trying to match using Ant [pattern='/**/favicon.ico']
370464 [http-nio-8080-exec-5] DEBUG o.s.s.w.u.m.AntPathRequestMatcher - Checking match of request : '/temp'; against '/**/favicon.ico'
370464 [http-nio-8080-exec-5] DEBUG o.s.s.w.u.matcher.OrRequestMatcher - Trying to match using Ant [pattern='/error']
370464 [http-nio-8080-exec-5] DEBUG o.s.s.w.u.m.AntPathRequestMatcher - Checking match of request : '/temp'; against '/error'
370464 [http-nio-8080-exec-5] DEBUG o.s.s.w.u.matcher.OrRequestMatcher - No matches found
370464 [http-nio-8080-exec-5] DEBUG o.s.security.web.FilterChainProxy - /temp at position 1 of 12 in additional filter chain; firing Filter: 'WebAsyncManagerIntegrationFilter'
370464 [http-nio-8080-exec-5] DEBUG o.s.security.web.FilterChainProxy - /temp at position 2 of 12 in additional filter chain; firing Filter: 'SecurityContextPersistenceFilter'
370464 [http-nio-8080-exec-5] DEBUG o.s.s.w.c.HttpSessionSecurityContextRepository - HttpSession returned null object for SPRING_SECURITY_CONTEXT
370464 [http-nio-8080-exec-5] DEBUG o.s.s.w.c.HttpSessionSecurityContextRepository - No SecurityContext was available from the HttpSession: org.apache.catalina.session.StandardSessionFacade@5a40ec1e. A new one will be created.
370464 [http-nio-8080-exec-5] DEBUG o.s.security.web.FilterChainProxy - /temp at position 3 of 12 in additional filter chain; firing Filter: 'HeaderWriterFilter'
370464 [http-nio-8080-exec-5] DEBUG o.s.s.w.h.writers.HstsHeaderWriter - Not injecting HSTS header since it did not match the requestMatcher org.springframework.security.web.header.writers.HstsHeaderWriter$SecureRequestMatcher@5e7f638e
370464 [http-nio-8080-exec-5] DEBUG o.s.security.web.FilterChainProxy - /temp at position 4 of 12 in additional filter chain; firing Filter: 'CsrfFilter'
370464 [http-nio-8080-exec-5] DEBUG o.s.security.web.FilterChainProxy - /temp at position 5 of 12 in additional filter chain; firing Filter: 'LogoutFilter'
370465 [http-nio-8080-exec-5] DEBUG o.s.s.w.u.m.AntPathRequestMatcher - Request 'GET /temp' doesn't match 'POST /logout
370465 [http-nio-8080-exec-5] DEBUG o.s.security.web.FilterChainProxy - /temp at position 6 of 12 in additional filter chain; firing Filter: 'UsernamePasswordAuthenticationFilter'
370465 [http-nio-8080-exec-5] DEBUG o.s.s.w.u.m.AntPathRequestMatcher - Request 'GET /temp' doesn't match 'POST /login
370465 [http-nio-8080-exec-5] DEBUG o.s.security.web.FilterChainProxy - /temp at position 7 of 12 in additional filter chain; firing Filter: 'RequestCacheAwareFilter'
370465 [http-nio-8080-exec-5] DEBUG o.s.s.w.s.DefaultSavedRequest - pathInfo: both null (property equals)
370465 [http-nio-8080-exec-5] DEBUG o.s.s.w.s.DefaultSavedRequest - queryString: both null (property equals)
370465 [http-nio-8080-exec-5] DEBUG o.s.s.w.s.DefaultSavedRequest - requestURI: arg1=/; arg2=/temp (property not equals)
370467 [http-nio-8080-exec-5] DEBUG o.s.s.w.s.HttpSessionRequestCache - saved request doesn't match
370467 [http-nio-8080-exec-5] DEBUG o.s.security.web.FilterChainProxy - /temp at position 8 of 12 in additional filter chain; firing Filter: 'SecurityContextHolderAwareRequestFilter'
370467 [http-nio-8080-exec-5] DEBUG o.s.security.web.FilterChainProxy - /temp at position 9 of 12 in additional filter chain; firing Filter: 'AnonymousAuthenticationFilter'
370467 [http-nio-8080-exec-5] DEBUG o.s.s.w.a.AnonymousAuthenticationFilter - Populated SecurityContextHolder with anonymous token: 'org.springframework.security.authentication.AnonymousAuthenticationToken@9056f12c: Principal: anonymousUser; Credentials: [PROTECTED]; Authenticated: true; Details: org.springframework.security.web.authentication.WebAuthenticationDetails@380f4: RemoteIpAddress: 0:0:0:0:0:0:0:1; SessionId: E19E57469EE6F381AC3AE07038133466; Granted Authorities: ROLE_ANONYMOUS'
370467 [http-nio-8080-exec-5] DEBUG o.s.security.web.FilterChainProxy - /temp at position 10 of 12 in additional filter chain; firing Filter: 'SessionManagementFilter'
370467 [http-nio-8080-exec-5] DEBUG o.s.security.web.FilterChainProxy - /temp at position 11 of 12 in additional filter chain; firing Filter: 'ExceptionTranslationFilter'
370467 [http-nio-8080-exec-5] DEBUG o.s.security.web.FilterChainProxy - /temp at position 12 of 12 in additional filter chain; firing Filter: 'FilterSecurityInterceptor'
370467 [http-nio-8080-exec-5] DEBUG o.s.s.w.u.m.AntPathRequestMatcher - Request 'GET /temp' doesn't match 'POST /logout
370467 [http-nio-8080-exec-5] DEBUG o.s.s.w.u.m.AntPathRequestMatcher - Checking match of request : '/temp'; against '/bootstrap/**'
370467 [http-nio-8080-exec-5] DEBUG o.s.s.w.u.m.AntPathRequestMatcher - Checking match of request : '/temp'; against '/error/**'
370467 [http-nio-8080-exec-5] DEBUG o.s.s.w.u.m.AntPathRequestMatcher - Checking match of request : '/temp'; against '/img/**'
370467 [http-nio-8080-exec-5] DEBUG o.s.s.w.u.m.AntPathRequestMatcher - Checking match of request : '/temp'; against '/jquery/**'
370467 [http-nio-8080-exec-5] DEBUG o.s.s.w.a.i.FilterSecurityInterceptor - Secure object: FilterInvocation: URL: /temp; Attributes: [authenticated]
370467 [http-nio-8080-exec-5] DEBUG o.s.s.w.a.i.FilterSecurityInterceptor - Previously Authenticated: org.springframework.security.authentication.AnonymousAuthenticationToken@9056f12c: Principal: anonymousUser; Credentials: [PROTECTED]; Authenticated: true; Details: org.springframework.security.web.authentication.WebAuthenticationDetails@380f4: RemoteIpAddress: 0:0:0:0:0:0:0:1; SessionId: E19E57469EE6F381AC3AE07038133466; Granted Authorities: ROLE_ANONYMOUS
370467 [http-nio-8080-exec-5] DEBUG o.s.s.access.vote.AffirmativeBased - Voter: org.springframework.security.web.access.expression.WebExpressionVoter@1b7de625, returned: -1
370468 [http-nio-8080-exec-5] DEBUG o.s.s.w.a.ExceptionTranslationFilter - Access is denied (user is anonymous); redirecting to authentication entry point
org.springframework.security.access.AccessDeniedException: Access is denied
	at org.springframework.security.access.vote.AffirmativeBased.decide(AffirmativeBased.java:84)
	at org.springframework.security.access.intercept.AbstractSecurityInterceptor.beforeInvocation(AbstractSecurityInterceptor.java:233)
	at org.springframework.security.web.access.intercept.FilterSecurityInterceptor.invoke(FilterSecurityInterceptor.java:124)
	at org.springframework.security.web.access.intercept.FilterSecurityInterceptor.doFilter(FilterSecurityInterceptor.java:91)
	at org.springframework.security.web.FilterChainProxy$VirtualFilterChain.doFilter(FilterChainProxy.java:331)
	at org.springframework.security.web.access.ExceptionTranslationFilter.doFilter(ExceptionTranslationFilter.java:114)
	at org.springframework.security.web.FilterChainProxy$VirtualFilterChain.doFilter(FilterChainProxy.java:331)
	at org.springframework.security.web.session.SessionManagementFilter.doFilter(SessionManagementFilter.java:137)
	at org.springframework.security.web.FilterChainProxy$VirtualFilterChain.doFilter(FilterChainProxy.java:331)
	at org.springframework.security.web.authentication.AnonymousAuthenticationFilter.doFilter(AnonymousAuthenticationFilter.java:111)
	at org.springframework.security.web.FilterChainProxy$VirtualFilterChain.doFilter(FilterChainProxy.java:331)
	at org.springframework.security.web.servletapi.SecurityContextHolderAwareRequestFilter.doFilter(SecurityContextHolderAwareRequestFilter.java:170)
	at org.springframework.security.web.FilterChainProxy$VirtualFilterChain.doFilter(FilterChainProxy.java:331)
	at org.springframework.security.web.savedrequest.RequestCacheAwareFilter.doFilter(RequestCacheAwareFilter.java:63)
	at org.springframework.security.web.FilterChainProxy$VirtualFilterChain.doFilter(FilterChainProxy.java:331)
	at org.springframework.security.web.authentication.AbstractAuthenticationProcessingFilter.doFilter(AbstractAuthenticationProcessingFilter.java:200)
	at org.springframework.security.web.FilterChainProxy$VirtualFilterChain.doFilter(FilterChainProxy.java:331)
	at org.springframework.security.web.authentication.logout.LogoutFilter.doFilter(LogoutFilter.java:116)
	at org.springframework.security.web.FilterChainProxy$VirtualFilterChain.doFilter(FilterChainProxy.java:331)
	at org.springframework.security.web.csrf.CsrfFilter.doFilterInternal(CsrfFilter.java:100)
	at org.springframework.web.filter.OncePerRequestFilter.doFilter(OncePerRequestFilter.java:107)
	at org.springframework.security.web.FilterChainProxy$VirtualFilterChain.doFilter(FilterChainProxy.java:331)
	at org.springframework.security.web.header.HeaderWriterFilter.doFilterInternal(HeaderWriterFilter.java:64)
	at org.springframework.web.filter.OncePerRequestFilter.doFilter(OncePerRequestFilter.java:107)
	at org.springframework.security.web.FilterChainProxy$VirtualFilterChain.doFilter(FilterChainProxy.java:331)
	at org.springframework.security.web.context.SecurityContextPersistenceFilter.doFilter(SecurityContextPersistenceFilter.java:105)
	at org.springframework.security.web.FilterChainProxy$VirtualFilterChain.doFilter(FilterChainProxy.java:331)
	at org.springframework.security.web.context.request.async.WebAsyncManagerIntegrationFilter.doFilterInternal(WebAsyncManagerIntegrationFilter.java:56)
	at org.springframework.web.filter.OncePerRequestFilter.doFilter(OncePerRequestFilter.java:107)
	at org.springframework.security.web.FilterChainProxy$VirtualFilterChain.doFilter(FilterChainProxy.java:331)
	at org.springframework.security.web.FilterChainProxy.doFilterInternal(FilterChainProxy.java:214)
	at org.springframework.security.web.FilterChainProxy.doFilter(FilterChainProxy.java:177)
	at org.springframework.web.filter.DelegatingFilterProxy.invokeDelegate(DelegatingFilterProxy.java:347)
	at org.springframework.web.filter.DelegatingFilterProxy.doFilter(DelegatingFilterProxy.java:263)
	at org.apache.catalina.core.ApplicationFilterChain.internalDoFilter(ApplicationFilterChain.java:193)
	at org.apache.catalina.core.ApplicationFilterChain.doFilter(ApplicationFilterChain.java:166)
	at org.springframework.web.filter.RequestContextFilter.doFilterInternal(RequestContextFilter.java:99)
	at org.springframework.web.filter.OncePerRequestFilter.doFilter(OncePerRequestFilter.java:107)
	at org.apache.catalina.core.ApplicationFilterChain.internalDoFilter(ApplicationFilterChain.java:193)
	at org.apache.catalina.core.ApplicationFilterChain.doFilter(ApplicationFilterChain.java:166)
	at org.springframework.web.filter.HttpPutFormContentFilter.doFilterInternal(HttpPutFormContentFilter.java:108)
	at org.springframework.web.filter.OncePerRequestFilter.doFilter(OncePerRequestFilter.java:107)
	at org.apache.catalina.core.ApplicationFilterChain.internalDoFilter(ApplicationFilterChain.java:193)
	at org.apache.catalina.core.ApplicationFilterChain.doFilter(ApplicationFilterChain.java:166)
	at org.springframework.web.filter.HiddenHttpMethodFilter.doFilterInternal(HiddenHttpMethodFilter.java:81)
	at org.springframework.web.filter.OncePerRequestFilter.doFilter(OncePerRequestFilter.java:107)
	at org.apache.catalina.core.ApplicationFilterChain.internalDoFilter(ApplicationFilterChain.java:193)
	at org.apache.catalina.core.ApplicationFilterChain.doFilter(ApplicationFilterChain.java:166)
	at org.springframework.web.filter.CharacterEncodingFilter.doFilterInternal(CharacterEncodingFilter.java:197)
	at org.springframework.web.filter.OncePerRequestFilter.doFilter(OncePerRequestFilter.java:107)
	at org.apache.catalina.core.ApplicationFilterChain.internalDoFilter(ApplicationFilterChain.java:193)
	at org.apache.catalina.core.ApplicationFilterChain.doFilter(ApplicationFilterChain.java:166)
	at org.apache.catalina.core.StandardWrapperValve.invoke(StandardWrapperValve.java:199)
	at org.apache.catalina.core.StandardContextValve.invoke(StandardContextValve.java:96)
	at org.apache.catalina.authenticator.AuthenticatorBase.invoke(AuthenticatorBase.java:478)
	at org.apache.catalina.core.StandardHostValve.invoke(StandardHostValve.java:140)
	at org.apache.catalina.valves.ErrorReportValve.invoke(ErrorReportValve.java:81)
	at org.apache.catalina.core.StandardEngineValve.invoke(StandardEngineValve.java:87)
	at org.apache.catalina.connector.CoyoteAdapter.service(CoyoteAdapter.java:342)
	at org.apache.coyote.http11.Http11Processor.service(Http11Processor.java:803)
	at org.apache.coyote.AbstractProcessorLight.process(AbstractProcessorLight.java:66)
	at org.apache.coyote.AbstractProtocol$ConnectionHandler.process(AbstractProtocol.java:868)
	at org.apache.tomcat.util.net.NioEndpoint$SocketProcessor.doRun(NioEndpoint.java:1459)
	at org.apache.tomcat.util.net.SocketProcessorBase.run(SocketProcessorBase.java:49)
	at java.util.concurrent.ThreadPoolExecutor.runWorker(ThreadPoolExecutor.java:1149)
	at java.util.concurrent.ThreadPoolExecutor$Worker.run(ThreadPoolExecutor.java:624)
	at org.apache.tomcat.util.threads.TaskThread$WrappingRunnable.run(TaskThread.java:61)
	at java.lang.Thread.run(Thread.java:748)
370469 [http-nio-8080-exec-5] DEBUG o.s.s.w.u.matcher.AndRequestMatcher - Trying to match using Ant [pattern='/**', GET]
370469 [http-nio-8080-exec-5] DEBUG o.s.s.w.u.m.AntPathRequestMatcher - Request '/temp' matched by universal pattern '/**'
370469 [http-nio-8080-exec-5] DEBUG o.s.s.w.u.matcher.AndRequestMatcher - Trying to match using NegatedRequestMatcher [requestMatcher=Ant [pattern='/**/favicon.ico']]
370469 [http-nio-8080-exec-5] DEBUG o.s.s.w.u.m.AntPathRequestMatcher - Checking match of request : '/temp'; against '/**/favicon.ico'
370469 [http-nio-8080-exec-5] DEBUG o.s.s.w.u.m.NegatedRequestMatcher - matches = true
370469 [http-nio-8080-exec-5] DEBUG o.s.s.w.u.matcher.AndRequestMatcher - Trying to match using NegatedRequestMatcher [requestMatcher=MediaTypeRequestMatcher [contentNegotiationStrategy=org.springframework.web.accept.ContentNegotiationManager@560e5e66, matchingMediaTypes=[application/json], useEquals=false, ignoredMediaTypes=[*/*]]]
370469 [http-nio-8080-exec-5] DEBUG o.s.s.w.u.m.MediaTypeRequestMatcher - httpRequestMediaTypes=[text/html, application/xhtml+xml, image/webp, image/apng, application/xml;q=0.9, */*;q=0.8]
370469 [http-nio-8080-exec-5] DEBUG o.s.s.w.u.m.MediaTypeRequestMatcher - Processing text/html
370469 [http-nio-8080-exec-5] DEBUG o.s.s.w.u.m.MediaTypeRequestMatcher - application/json .isCompatibleWith text/html = false
370469 [http-nio-8080-exec-5] DEBUG o.s.s.w.u.m.MediaTypeRequestMatcher - Processing application/xhtml+xml
370469 [http-nio-8080-exec-5] DEBUG o.s.s.w.u.m.MediaTypeRequestMatcher - application/json .isCompatibleWith application/xhtml+xml = false
370469 [http-nio-8080-exec-5] DEBUG o.s.s.w.u.m.MediaTypeRequestMatcher - Processing image/webp
370469 [http-nio-8080-exec-5] DEBUG o.s.s.w.u.m.MediaTypeRequestMatcher - application/json .isCompatibleWith image/webp = false
370469 [http-nio-8080-exec-5] DEBUG o.s.s.w.u.m.MediaTypeRequestMatcher - Processing image/apng
370469 [http-nio-8080-exec-5] DEBUG o.s.s.w.u.m.MediaTypeRequestMatcher - application/json .isCompatibleWith image/apng = false
370469 [http-nio-8080-exec-5] DEBUG o.s.s.w.u.m.MediaTypeRequestMatcher - Processing application/xml;q=0.9
370469 [http-nio-8080-exec-5] DEBUG o.s.s.w.u.m.MediaTypeRequestMatcher - application/json .isCompatibleWith application/xml;q=0.9 = false
370469 [http-nio-8080-exec-5] DEBUG o.s.s.w.u.m.MediaTypeRequestMatcher - Processing */*;q=0.8
370469 [http-nio-8080-exec-5] DEBUG o.s.s.w.u.m.MediaTypeRequestMatcher - Ignoring
370469 [http-nio-8080-exec-5] DEBUG o.s.s.w.u.m.MediaTypeRequestMatcher - Did not match any media types
370469 [http-nio-8080-exec-5] DEBUG o.s.s.w.u.m.NegatedRequestMatcher - matches = true
370469 [http-nio-8080-exec-5] DEBUG o.s.s.w.u.matcher.AndRequestMatcher - Trying to match using NegatedRequestMatcher [requestMatcher=RequestHeaderRequestMatcher [expectedHeaderName=X-Requested-With, expectedHeaderValue=XMLHttpRequest]]
370469 [http-nio-8080-exec-5] DEBUG o.s.s.w.u.m.NegatedRequestMatcher - matches = true
370469 [http-nio-8080-exec-5] DEBUG o.s.s.w.u.matcher.AndRequestMatcher - All requestMatchers returned true
370470 [http-nio-8080-exec-5] DEBUG o.s.s.w.s.HttpSessionRequestCache - DefaultSavedRequest added to Session: DefaultSavedRequest[http://localhost:8080/temp]
370470 [http-nio-8080-exec-5] DEBUG o.s.s.w.a.ExceptionTranslationFilter - Calling Authentication entry point.
370470 [http-nio-8080-exec-5] DEBUG o.s.s.web.DefaultRedirectStrategy - Redirecting to 'http://localhost:8080/login'
370470 [http-nio-8080-exec-5] DEBUG o.s.s.w.c.HttpSessionSecurityContextRepository - SecurityContext is empty or contents are anonymous - context will not be stored in HttpSession.
370470 [http-nio-8080-exec-5] DEBUG o.s.s.w.c.SecurityContextPersistenceFilter - SecurityContextHolder now cleared, as request processing completed
370473 [http-nio-8080-exec-8] DEBUG o.s.s.w.u.matcher.OrRequestMatcher - Trying to match using Ant [pattern='/css/**']
370473 [http-nio-8080-exec-8] DEBUG o.s.s.w.u.m.AntPathRequestMatcher - Checking match of request : '/login'; against '/css/**'
370473 [http-nio-8080-exec-8] DEBUG o.s.s.w.u.matcher.OrRequestMatcher - Trying to match using Ant [pattern='/js/**']
370473 [http-nio-8080-exec-8] DEBUG o.s.s.w.u.m.AntPathRequestMatcher - Checking match of request : '/login'; against '/js/**'
370473 [http-nio-8080-exec-8] DEBUG o.s.s.w.u.matcher.OrRequestMatcher - Trying to match using Ant [pattern='/images/**']
370474 [http-nio-8080-exec-8] DEBUG o.s.s.w.u.m.AntPathRequestMatcher - Checking match of request : '/login'; against '/images/**'
370474 [http-nio-8080-exec-8] DEBUG o.s.s.w.u.matcher.OrRequestMatcher - Trying to match using Ant [pattern='/webjars/**']
370474 [http-nio-8080-exec-8] DEBUG o.s.s.w.u.m.AntPathRequestMatcher - Checking match of request : '/login'; against '/webjars/**'
370474 [http-nio-8080-exec-8] DEBUG o.s.s.w.u.matcher.OrRequestMatcher - Trying to match using Ant [pattern='/**/favicon.ico']
370474 [http-nio-8080-exec-8] DEBUG o.s.s.w.u.m.AntPathRequestMatcher - Checking match of request : '/login'; against '/**/favicon.ico'
370474 [http-nio-8080-exec-8] DEBUG o.s.s.w.u.matcher.OrRequestMatcher - Trying to match using Ant [pattern='/error']
370474 [http-nio-8080-exec-8] DEBUG o.s.s.w.u.m.AntPathRequestMatcher - Checking match of request : '/login'; against '/error'
370474 [http-nio-8080-exec-8] DEBUG o.s.s.w.u.matcher.OrRequestMatcher - No matches found
370474 [http-nio-8080-exec-8] DEBUG o.s.security.web.FilterChainProxy - /login at position 1 of 12 in additional filter chain; firing Filter: 'WebAsyncManagerIntegrationFilter'
370474 [http-nio-8080-exec-8] DEBUG o.s.security.web.FilterChainProxy - /login at position 2 of 12 in additional filter chain; firing Filter: 'SecurityContextPersistenceFilter'
370474 [http-nio-8080-exec-8] DEBUG o.s.s.w.c.HttpSessionSecurityContextRepository - HttpSession returned null object for SPRING_SECURITY_CONTEXT
370474 [http-nio-8080-exec-8] DEBUG o.s.s.w.c.HttpSessionSecurityContextRepository - No SecurityContext was available from the HttpSession: org.apache.catalina.session.StandardSessionFacade@5a40ec1e. A new one will be created.
370474 [http-nio-8080-exec-8] DEBUG o.s.security.web.FilterChainProxy - /login at position 3 of 12 in additional filter chain; firing Filter: 'HeaderWriterFilter'
370474 [http-nio-8080-exec-8] DEBUG o.s.s.w.h.writers.HstsHeaderWriter - Not injecting HSTS header since it did not match the requestMatcher org.springframework.security.web.header.writers.HstsHeaderWriter$SecureRequestMatcher@5e7f638e
370474 [http-nio-8080-exec-8] DEBUG o.s.security.web.FilterChainProxy - /login at position 4 of 12 in additional filter chain; firing Filter: 'CsrfFilter'
370474 [http-nio-8080-exec-8] DEBUG o.s.security.web.FilterChainProxy - /login at position 5 of 12 in additional filter chain; firing Filter: 'LogoutFilter'
370474 [http-nio-8080-exec-8] DEBUG o.s.s.w.u.m.AntPathRequestMatcher - Request 'GET /login' doesn't match 'POST /logout
370474 [http-nio-8080-exec-8] DEBUG o.s.security.web.FilterChainProxy - /login at position 6 of 12 in additional filter chain; firing Filter: 'UsernamePasswordAuthenticationFilter'
370474 [http-nio-8080-exec-8] DEBUG o.s.s.w.u.m.AntPathRequestMatcher - Request 'GET /login' doesn't match 'POST /login
370474 [http-nio-8080-exec-8] DEBUG o.s.security.web.FilterChainProxy - /login at position 7 of 12 in additional filter chain; firing Filter: 'RequestCacheAwareFilter'
370474 [http-nio-8080-exec-8] DEBUG o.s.s.w.s.DefaultSavedRequest - pathInfo: both null (property equals)
370474 [http-nio-8080-exec-8] DEBUG o.s.s.w.s.DefaultSavedRequest - queryString: both null (property equals)
370474 [http-nio-8080-exec-8] DEBUG o.s.s.w.s.DefaultSavedRequest - requestURI: arg1=/temp; arg2=/login (property not equals)
370478 [http-nio-8080-exec-8] DEBUG o.s.s.w.s.HttpSessionRequestCache - saved request doesn't match
370478 [http-nio-8080-exec-8] DEBUG o.s.security.web.FilterChainProxy - /login at position 8 of 12 in additional filter chain; firing Filter: 'SecurityContextHolderAwareRequestFilter'
370478 [http-nio-8080-exec-8] DEBUG o.s.security.web.FilterChainProxy - /login at position 9 of 12 in additional filter chain; firing Filter: 'AnonymousAuthenticationFilter'
370478 [http-nio-8080-exec-8] DEBUG o.s.s.w.a.AnonymousAuthenticationFilter - Populated SecurityContextHolder with anonymous token: 'org.springframework.security.authentication.AnonymousAuthenticationToken@9056f12c: Principal: anonymousUser; Credentials: [PROTECTED]; Authenticated: true; Details: org.springframework.security.web.authentication.WebAuthenticationDetails@380f4: RemoteIpAddress: 0:0:0:0:0:0:0:1; SessionId: E19E57469EE6F381AC3AE07038133466; Granted Authorities: ROLE_ANONYMOUS'
370478 [http-nio-8080-exec-8] DEBUG o.s.security.web.FilterChainProxy - /login at position 10 of 12 in additional filter chain; firing Filter: 'SessionManagementFilter'
370478 [http-nio-8080-exec-8] DEBUG o.s.security.web.FilterChainProxy - /login at position 11 of 12 in additional filter chain; firing Filter: 'ExceptionTranslationFilter'
370478 [http-nio-8080-exec-8] DEBUG o.s.security.web.FilterChainProxy - /login at position 12 of 12 in additional filter chain; firing Filter: 'FilterSecurityInterceptor'
370478 [http-nio-8080-exec-8] DEBUG o.s.s.w.a.i.FilterSecurityInterceptor - Secure object: FilterInvocation: URL: /login; Attributes: [permitAll]
370478 [http-nio-8080-exec-8] DEBUG o.s.s.w.a.i.FilterSecurityInterceptor - Previously Authenticated: org.springframework.security.authentication.AnonymousAuthenticationToken@9056f12c: Principal: anonymousUser; Credentials: [PROTECTED]; Authenticated: true; Details: org.springframework.security.web.authentication.WebAuthenticationDetails@380f4: RemoteIpAddress: 0:0:0:0:0:0:0:1; SessionId: E19E57469EE6F381AC3AE07038133466; Granted Authorities: ROLE_ANONYMOUS
370478 [http-nio-8080-exec-8] DEBUG o.s.s.access.vote.AffirmativeBased - Voter: org.springframework.security.web.access.expression.WebExpressionVoter@1b7de625, returned: 1
370478 [http-nio-8080-exec-8] DEBUG o.s.s.w.a.i.FilterSecurityInterceptor - Authorization successful
370478 [http-nio-8080-exec-8] DEBUG o.s.s.w.a.i.FilterSecurityInterceptor - RunAsManager did not change Authentication object
370478 [http-nio-8080-exec-8] DEBUG o.s.security.web.FilterChainProxy - /login reached end of additional filter chain; proceeding with original chain
370480 [http-nio-8080-exec-8] DEBUG o.s.s.w.c.HttpSessionSecurityContextRepository - SecurityContext is empty or contents are anonymous - context will not be stored in HttpSession.
370480 [http-nio-8080-exec-8] DEBUG o.s.s.w.a.ExceptionTranslationFilter - Chain processed normally
370481 [http-nio-8080-exec-8] DEBUG o.s.s.w.c.SecurityContextPersistenceFilter - SecurityContextHolder now cleared, as request processing completed
370490 [http-nio-8080-exec-9] DEBUG o.s.s.w.u.matcher.OrRequestMatcher - Trying to match using Ant [pattern='/css/**']
370490 [http-nio-8080-exec-7] DEBUG o.s.s.w.u.matcher.OrRequestMatcher - Trying to match using Ant [pattern='/css/**']
370490 [http-nio-8080-exec-10] DEBUG o.s.s.w.u.matcher.OrRequestMatcher - Trying to match using Ant [pattern='/css/**']
370491 [http-nio-8080-exec-9] DEBUG o.s.s.w.u.m.AntPathRequestMatcher - Checking match of request : '/jquery/jquery-2.1.3.js'; against '/css/**'
370491 [http-nio-8080-exec-7] DEBUG o.s.s.w.u.m.AntPathRequestMatcher - Checking match of request : '/bootstrap/css/bootstrap.css'; against '/css/**'
370491 [http-nio-8080-exec-9] DEBUG o.s.s.w.u.matcher.OrRequestMatcher - Trying to match using Ant [pattern='/js/**']
370491 [http-nio-8080-exec-10] DEBUG o.s.s.w.u.m.AntPathRequestMatcher - Checking match of request : '/bootstrap/js/bootstrap.js'; against '/css/**'
370491 [http-nio-8080-exec-7] DEBUG o.s.s.w.u.matcher.OrRequestMatcher - Trying to match using Ant [pattern='/js/**']
370491 [http-nio-8080-exec-9] DEBUG o.s.s.w.u.m.AntPathRequestMatcher - Checking match of request : '/jquery/jquery-2.1.3.js'; against '/js/**'
370491 [http-nio-8080-exec-7] DEBUG o.s.s.w.u.m.AntPathRequestMatcher - Checking match of request : '/bootstrap/css/bootstrap.css'; against '/js/**'
370491 [http-nio-8080-exec-9] DEBUG o.s.s.w.u.matcher.OrRequestMatcher - Trying to match using Ant [pattern='/images/**']
370491 [http-nio-8080-exec-7] DEBUG o.s.s.w.u.matcher.OrRequestMatcher - Trying to match using Ant [pattern='/images/**']
370491 [http-nio-8080-exec-9] DEBUG o.s.s.w.u.m.AntPathRequestMatcher - Checking match of request : '/jquery/jquery-2.1.3.js'; against '/images/**'
370491 [http-nio-8080-exec-7] DEBUG o.s.s.w.u.m.AntPathRequestMatcher - Checking match of request : '/bootstrap/css/bootstrap.css'; against '/images/**'
370491 [http-nio-8080-exec-10] DEBUG o.s.s.w.u.matcher.OrRequestMatcher - Trying to match using Ant [pattern='/js/**']
370491 [http-nio-8080-exec-7] DEBUG o.s.s.w.u.matcher.OrRequestMatcher - Trying to match using Ant [pattern='/webjars/**']
370491 [http-nio-8080-exec-10] DEBUG o.s.s.w.u.m.AntPathRequestMatcher - Checking match of request : '/bootstrap/js/bootstrap.js'; against '/js/**'
370491 [http-nio-8080-exec-9] DEBUG o.s.s.w.u.matcher.OrRequestMatcher - Trying to match using Ant [pattern='/webjars/**']
370491 [http-nio-8080-exec-7] DEBUG o.s.s.w.u.m.AntPathRequestMatcher - Checking match of request : '/bootstrap/css/bootstrap.css'; against '/webjars/**'
370491 [http-nio-8080-exec-10] DEBUG o.s.s.w.u.matcher.OrRequestMatcher - Trying to match using Ant [pattern='/images/**']
370491 [http-nio-8080-exec-9] DEBUG o.s.s.w.u.m.AntPathRequestMatcher - Checking match of request : '/jquery/jquery-2.1.3.js'; against '/webjars/**'
370491 [http-nio-8080-exec-7] DEBUG o.s.s.w.u.matcher.OrRequestMatcher - Trying to match using Ant [pattern='/**/favicon.ico']
370491 [http-nio-8080-exec-7] DEBUG o.s.s.w.u.m.AntPathRequestMatcher - Checking match of request : '/bootstrap/css/bootstrap.css'; against '/**/favicon.ico'
370491 [http-nio-8080-exec-10] DEBUG o.s.s.w.u.m.AntPathRequestMatcher - Checking match of request : '/bootstrap/js/bootstrap.js'; against '/images/**'
370491 [http-nio-8080-exec-7] DEBUG o.s.s.w.u.matcher.OrRequestMatcher - Trying to match using Ant [pattern='/error']
370491 [http-nio-8080-exec-10] DEBUG o.s.s.w.u.matcher.OrRequestMatcher - Trying to match using Ant [pattern='/webjars/**']
370491 [http-nio-8080-exec-9] DEBUG o.s.s.w.u.matcher.OrRequestMatcher - Trying to match using Ant [pattern='/**/favicon.ico']
370491 [http-nio-8080-exec-9] DEBUG o.s.s.w.u.m.AntPathRequestMatcher - Checking match of request : '/jquery/jquery-2.1.3.js'; against '/**/favicon.ico'
370491 [http-nio-8080-exec-9] DEBUG o.s.s.w.u.matcher.OrRequestMatcher - Trying to match using Ant [pattern='/error']
370491 [http-nio-8080-exec-7] DEBUG o.s.s.w.u.m.AntPathRequestMatcher - Checking match of request : '/bootstrap/css/bootstrap.css'; against '/error'
370491 [http-nio-8080-exec-10] DEBUG o.s.s.w.u.m.AntPathRequestMatcher - Checking match of request : '/bootstrap/js/bootstrap.js'; against '/webjars/**'
370493 [http-nio-8080-exec-9] DEBUG o.s.s.w.u.m.AntPathRequestMatcher - Checking match of request : '/jquery/jquery-2.1.3.js'; against '/error'
370493 [http-nio-8080-exec-7] DEBUG o.s.s.w.u.matcher.OrRequestMatcher - No matches found
370493 [http-nio-8080-exec-9] DEBUG o.s.s.w.u.matcher.OrRequestMatcher - No matches found
370493 [http-nio-8080-exec-7] DEBUG o.s.security.web.FilterChainProxy - /bootstrap/css/bootstrap.css at position 1 of 12 in additional filter chain; firing Filter: 'WebAsyncManagerIntegrationFilter'
370493 [http-nio-8080-exec-10] DEBUG o.s.s.w.u.matcher.OrRequestMatcher - Trying to match using Ant [pattern='/**/favicon.ico']
370493 [http-nio-8080-exec-9] DEBUG o.s.security.web.FilterChainProxy - /jquery/jquery-2.1.3.js at position 1 of 12 in additional filter chain; firing Filter: 'WebAsyncManagerIntegrationFilter'
370493 [http-nio-8080-exec-10] DEBUG o.s.s.w.u.m.AntPathRequestMatcher - Checking match of request : '/bootstrap/js/bootstrap.js'; against '/**/favicon.ico'
370493 [http-nio-8080-exec-10] DEBUG o.s.s.w.u.matcher.OrRequestMatcher - Trying to match using Ant [pattern='/error']
370493 [http-nio-8080-exec-9] DEBUG o.s.security.web.FilterChainProxy - /jquery/jquery-2.1.3.js at position 2 of 12 in additional filter chain; firing Filter: 'SecurityContextPersistenceFilter'
370493 [http-nio-8080-exec-10] DEBUG o.s.s.w.u.m.AntPathRequestMatcher - Checking match of request : '/bootstrap/js/bootstrap.js'; against '/error'
370493 [http-nio-8080-exec-7] DEBUG o.s.security.web.FilterChainProxy - /bootstrap/css/bootstrap.css at position 2 of 12 in additional filter chain; firing Filter: 'SecurityContextPersistenceFilter'
370493 [http-nio-8080-exec-10] DEBUG o.s.s.w.u.matcher.OrRequestMatcher - No matches found
370493 [http-nio-8080-exec-9] DEBUG o.s.s.w.c.HttpSessionSecurityContextRepository - HttpSession returned null object for SPRING_SECURITY_CONTEXT
370493 [http-nio-8080-exec-7] DEBUG o.s.s.w.c.HttpSessionSecurityContextRepository - HttpSession returned null object for SPRING_SECURITY_CONTEXT
370493 [http-nio-8080-exec-10] DEBUG o.s.security.web.FilterChainProxy - /bootstrap/js/bootstrap.js at position 1 of 12 in additional filter chain; firing Filter: 'WebAsyncManagerIntegrationFilter'
370493 [http-nio-8080-exec-9] DEBUG o.s.s.w.c.HttpSessionSecurityContextRepository - No SecurityContext was available from the HttpSession: org.apache.catalina.session.StandardSessionFacade@5a40ec1e. A new one will be created.
370493 [http-nio-8080-exec-10] DEBUG o.s.security.web.FilterChainProxy - /bootstrap/js/bootstrap.js at position 2 of 12 in additional filter chain; firing Filter: 'SecurityContextPersistenceFilter'
370493 [http-nio-8080-exec-7] DEBUG o.s.s.w.c.HttpSessionSecurityContextRepository - No SecurityContext was available from the HttpSession: org.apache.catalina.session.StandardSessionFacade@5a40ec1e. A new one will be created.
370493 [http-nio-8080-exec-9] DEBUG o.s.security.web.FilterChainProxy - /jquery/jquery-2.1.3.js at position 3 of 12 in additional filter chain; firing Filter: 'HeaderWriterFilter'
370493 [http-nio-8080-exec-10] DEBUG o.s.s.w.c.HttpSessionSecurityContextRepository - HttpSession returned null object for SPRING_SECURITY_CONTEXT
370493 [http-nio-8080-exec-7] DEBUG o.s.security.web.FilterChainProxy - /bootstrap/css/bootstrap.css at position 3 of 12 in additional filter chain; firing Filter: 'HeaderWriterFilter'
370493 [http-nio-8080-exec-10] DEBUG o.s.s.w.c.HttpSessionSecurityContextRepository - No SecurityContext was available from the HttpSession: org.apache.catalina.session.StandardSessionFacade@5a40ec1e. A new one will be created.
370493 [http-nio-8080-exec-10] DEBUG o.s.security.web.FilterChainProxy - /bootstrap/js/bootstrap.js at position 3 of 12 in additional filter chain; firing Filter: 'HeaderWriterFilter'
370493 [http-nio-8080-exec-9] DEBUG o.s.s.w.h.writers.HstsHeaderWriter - Not injecting HSTS header since it did not match the requestMatcher org.springframework.security.web.header.writers.HstsHeaderWriter$SecureRequestMatcher@5e7f638e
370493 [http-nio-8080-exec-10] DEBUG o.s.s.w.h.writers.HstsHeaderWriter - Not injecting HSTS header since it did not match the requestMatcher org.springframework.security.web.header.writers.HstsHeaderWriter$SecureRequestMatcher@5e7f638e
370493 [http-nio-8080-exec-10] DEBUG o.s.security.web.FilterChainProxy - /bootstrap/js/bootstrap.js at position 4 of 12 in additional filter chain; firing Filter: 'CsrfFilter'
370493 [http-nio-8080-exec-10] DEBUG o.s.security.web.FilterChainProxy - /bootstrap/js/bootstrap.js at position 5 of 12 in additional filter chain; firing Filter: 'LogoutFilter'
370493 [http-nio-8080-exec-7] DEBUG o.s.s.w.h.writers.HstsHeaderWriter - Not injecting HSTS header since it did not match the requestMatcher org.springframework.security.web.header.writers.HstsHeaderWriter$SecureRequestMatcher@5e7f638e
370493 [http-nio-8080-exec-9] DEBUG o.s.security.web.FilterChainProxy - /jquery/jquery-2.1.3.js at position 4 of 12 in additional filter chain; firing Filter: 'CsrfFilter'
370493 [http-nio-8080-exec-10] DEBUG o.s.s.w.u.m.AntPathRequestMatcher - Request 'GET /bootstrap/js/bootstrap.js' doesn't match 'POST /logout
370494 [http-nio-8080-exec-7] DEBUG o.s.security.web.FilterChainProxy - /bootstrap/css/bootstrap.css at position 4 of 12 in additional filter chain; firing Filter: 'CsrfFilter'
370494 [http-nio-8080-exec-9] DEBUG o.s.security.web.FilterChainProxy - /jquery/jquery-2.1.3.js at position 5 of 12 in additional filter chain; firing Filter: 'LogoutFilter'
370494 [http-nio-8080-exec-10] DEBUG o.s.security.web.FilterChainProxy - /bootstrap/js/bootstrap.js at position 6 of 12 in additional filter chain; firing Filter: 'UsernamePasswordAuthenticationFilter'
370494 [http-nio-8080-exec-7] DEBUG o.s.security.web.FilterChainProxy - /bootstrap/css/bootstrap.css at position 5 of 12 in additional filter chain; firing Filter: 'LogoutFilter'
370494 [http-nio-8080-exec-9] DEBUG o.s.s.w.u.m.AntPathRequestMatcher - Request 'GET /jquery/jquery-2.1.3.js' doesn't match 'POST /logout
370494 [http-nio-8080-exec-10] DEBUG o.s.s.w.u.m.AntPathRequestMatcher - Request 'GET /bootstrap/js/bootstrap.js' doesn't match 'POST /login
370494 [http-nio-8080-exec-9] DEBUG o.s.security.web.FilterChainProxy - /jquery/jquery-2.1.3.js at position 6 of 12 in additional filter chain; firing Filter: 'UsernamePasswordAuthenticationFilter'
370494 [http-nio-8080-exec-10] DEBUG o.s.security.web.FilterChainProxy - /bootstrap/js/bootstrap.js at position 7 of 12 in additional filter chain; firing Filter: 'RequestCacheAwareFilter'
370494 [http-nio-8080-exec-9] DEBUG o.s.s.w.u.m.AntPathRequestMatcher - Request 'GET /jquery/jquery-2.1.3.js' doesn't match 'POST /login
370494 [http-nio-8080-exec-9] DEBUG o.s.security.web.FilterChainProxy - /jquery/jquery-2.1.3.js at position 7 of 12 in additional filter chain; firing Filter: 'RequestCacheAwareFilter'
370494 [http-nio-8080-exec-10] DEBUG o.s.s.w.s.DefaultSavedRequest - pathInfo: both null (property equals)
370494 [http-nio-8080-exec-7] DEBUG o.s.s.w.u.m.AntPathRequestMatcher - Request 'GET /bootstrap/css/bootstrap.css' doesn't match 'POST /logout
370494 [http-nio-8080-exec-9] DEBUG o.s.s.w.s.DefaultSavedRequest - pathInfo: both null (property equals)
370494 [http-nio-8080-exec-10] DEBUG o.s.s.w.s.DefaultSavedRequest - queryString: both null (property equals)
370494 [http-nio-8080-exec-9] DEBUG o.s.s.w.s.DefaultSavedRequest - queryString: both null (property equals)
370494 [http-nio-8080-exec-7] DEBUG o.s.security.web.FilterChainProxy - /bootstrap/css/bootstrap.css at position 6 of 12 in additional filter chain; firing Filter: 'UsernamePasswordAuthenticationFilter'
370494 [http-nio-8080-exec-7] DEBUG o.s.s.w.u.m.AntPathRequestMatcher - Request 'GET /bootstrap/css/bootstrap.css' doesn't match 'POST /login
370494 [http-nio-8080-exec-10] DEBUG o.s.s.w.s.DefaultSavedRequest - requestURI: arg1=/temp; arg2=/bootstrap/js/bootstrap.js (property not equals)
370494 [http-nio-8080-exec-9] DEBUG o.s.s.w.s.DefaultSavedRequest - requestURI: arg1=/temp; arg2=/jquery/jquery-2.1.3.js (property not equals)
370494 [http-nio-8080-exec-9] DEBUG o.s.s.w.s.HttpSessionRequestCache - saved request doesn't match
370494 [http-nio-8080-exec-9] DEBUG o.s.security.web.FilterChainProxy - /jquery/jquery-2.1.3.js at position 8 of 12 in additional filter chain; firing Filter: 'SecurityContextHolderAwareRequestFilter'
370494 [http-nio-8080-exec-7] DEBUG o.s.security.web.FilterChainProxy - /bootstrap/css/bootstrap.css at position 7 of 12 in additional filter chain; firing Filter: 'RequestCacheAwareFilter'
370494 [http-nio-8080-exec-10] DEBUG o.s.s.w.s.HttpSessionRequestCache - saved request doesn't match
370495 [http-nio-8080-exec-9] DEBUG o.s.security.web.FilterChainProxy - /jquery/jquery-2.1.3.js at position 9 of 12 in additional filter chain; firing Filter: 'AnonymousAuthenticationFilter'
370495 [http-nio-8080-exec-7] DEBUG o.s.s.w.s.DefaultSavedRequest - pathInfo: both null (property equals)
370495 [http-nio-8080-exec-10] DEBUG o.s.security.web.FilterChainProxy - /bootstrap/js/bootstrap.js at position 8 of 12 in additional filter chain; firing Filter: 'SecurityContextHolderAwareRequestFilter'
370495 [http-nio-8080-exec-7] DEBUG o.s.s.w.s.DefaultSavedRequest - queryString: both null (property equals)
370495 [http-nio-8080-exec-10] DEBUG o.s.security.web.FilterChainProxy - /bootstrap/js/bootstrap.js at position 9 of 12 in additional filter chain; firing Filter: 'AnonymousAuthenticationFilter'
370495 [http-nio-8080-exec-9] DEBUG o.s.s.w.a.AnonymousAuthenticationFilter - Populated SecurityContextHolder with anonymous token: 'org.springframework.security.authentication.AnonymousAuthenticationToken@9056f12c: Principal: anonymousUser; Credentials: [PROTECTED]; Authenticated: true; Details: org.springframework.security.web.authentication.WebAuthenticationDetails@380f4: RemoteIpAddress: 0:0:0:0:0:0:0:1; SessionId: E19E57469EE6F381AC3AE07038133466; Granted Authorities: ROLE_ANONYMOUS'
370495 [http-nio-8080-exec-7] DEBUG o.s.s.w.s.DefaultSavedRequest - requestURI: arg1=/temp; arg2=/bootstrap/css/bootstrap.css (property not equals)
370495 [http-nio-8080-exec-9] DEBUG o.s.security.web.FilterChainProxy - /jquery/jquery-2.1.3.js at position 10 of 12 in additional filter chain; firing Filter: 'SessionManagementFilter'
370495 [http-nio-8080-exec-10] DEBUG o.s.s.w.a.AnonymousAuthenticationFilter - Populated SecurityContextHolder with anonymous token: 'org.springframework.security.authentication.AnonymousAuthenticationToken@9056f12c: Principal: anonymousUser; Credentials: [PROTECTED]; Authenticated: true; Details: org.springframework.security.web.authentication.WebAuthenticationDetails@380f4: RemoteIpAddress: 0:0:0:0:0:0:0:1; SessionId: E19E57469EE6F381AC3AE07038133466; Granted Authorities: ROLE_ANONYMOUS'
370495 [http-nio-8080-exec-7] DEBUG o.s.s.w.s.HttpSessionRequestCache - saved request doesn't match
370495 [http-nio-8080-exec-9] DEBUG o.s.security.web.FilterChainProxy - /jquery/jquery-2.1.3.js at position 11 of 12 in additional filter chain; firing Filter: 'ExceptionTranslationFilter'
370495 [http-nio-8080-exec-10] DEBUG o.s.security.web.FilterChainProxy - /bootstrap/js/bootstrap.js at position 10 of 12 in additional filter chain; firing Filter: 'SessionManagementFilter'
370495 [http-nio-8080-exec-7] DEBUG o.s.security.web.FilterChainProxy - /bootstrap/css/bootstrap.css at position 8 of 12 in additional filter chain; firing Filter: 'SecurityContextHolderAwareRequestFilter'
370495 [http-nio-8080-exec-7] DEBUG o.s.security.web.FilterChainProxy - /bootstrap/css/bootstrap.css at position 9 of 12 in additional filter chain; firing Filter: 'AnonymousAuthenticationFilter'
370495 [http-nio-8080-exec-10] DEBUG o.s.security.web.FilterChainProxy - /bootstrap/js/bootstrap.js at position 11 of 12 in additional filter chain; firing Filter: 'ExceptionTranslationFilter'
370495 [http-nio-8080-exec-7] DEBUG o.s.s.w.a.AnonymousAuthenticationFilter - Populated SecurityContextHolder with anonymous token: 'org.springframework.security.authentication.AnonymousAuthenticationToken@9056f12c: Principal: anonymousUser; Credentials: [PROTECTED]; Authenticated: true; Details: org.springframework.security.web.authentication.WebAuthenticationDetails@380f4: RemoteIpAddress: 0:0:0:0:0:0:0:1; SessionId: E19E57469EE6F381AC3AE07038133466; Granted Authorities: ROLE_ANONYMOUS'
370495 [http-nio-8080-exec-9] DEBUG o.s.security.web.FilterChainProxy - /jquery/jquery-2.1.3.js at position 12 of 12 in additional filter chain; firing Filter: 'FilterSecurityInterceptor'
370495 [http-nio-8080-exec-7] DEBUG o.s.security.web.FilterChainProxy - /bootstrap/css/bootstrap.css at position 10 of 12 in additional filter chain; firing Filter: 'SessionManagementFilter'
370495 [http-nio-8080-exec-10] DEBUG o.s.security.web.FilterChainProxy - /bootstrap/js/bootstrap.js at position 12 of 12 in additional filter chain; firing Filter: 'FilterSecurityInterceptor'
370495 [http-nio-8080-exec-9] DEBUG o.s.s.w.u.m.AntPathRequestMatcher - Request 'GET /jquery/jquery-2.1.3.js' doesn't match 'POST /logout
370495 [http-nio-8080-exec-7] DEBUG o.s.security.web.FilterChainProxy - /bootstrap/css/bootstrap.css at position 11 of 12 in additional filter chain; firing Filter: 'ExceptionTranslationFilter'
370495 [http-nio-8080-exec-9] DEBUG o.s.s.w.u.m.AntPathRequestMatcher - Checking match of request : '/jquery/jquery-2.1.3.js'; against '/bootstrap/**'
370495 [http-nio-8080-exec-10] DEBUG o.s.s.w.u.m.AntPathRequestMatcher - Request 'GET /bootstrap/js/bootstrap.js' doesn't match 'POST /logout
370495 [http-nio-8080-exec-7] DEBUG o.s.security.web.FilterChainProxy - /bootstrap/css/bootstrap.css at position 12 of 12 in additional filter chain; firing Filter: 'FilterSecurityInterceptor'
370495 [http-nio-8080-exec-10] DEBUG o.s.s.w.u.m.AntPathRequestMatcher - Checking match of request : '/bootstrap/js/bootstrap.js'; against '/bootstrap/**'
370495 [http-nio-8080-exec-9] DEBUG o.s.s.w.u.m.AntPathRequestMatcher - Checking match of request : '/jquery/jquery-2.1.3.js'; against '/error/**'
370495 [http-nio-8080-exec-10] DEBUG o.s.s.w.a.i.FilterSecurityInterceptor - Secure object: FilterInvocation: URL: /bootstrap/js/bootstrap.js; Attributes: [permitAll]
370495 [http-nio-8080-exec-7] DEBUG o.s.s.w.u.m.AntPathRequestMatcher - Request 'GET /bootstrap/css/bootstrap.css' doesn't match 'POST /logout
370495 [http-nio-8080-exec-9] DEBUG o.s.s.w.u.m.AntPathRequestMatcher - Checking match of request : '/jquery/jquery-2.1.3.js'; against '/img/**'
370495 [http-nio-8080-exec-10] DEBUG o.s.s.w.a.i.FilterSecurityInterceptor - Previously Authenticated: org.springframework.security.authentication.AnonymousAuthenticationToken@9056f12c: Principal: anonymousUser; Credentials: [PROTECTED]; Authenticated: true; Details: org.springframework.security.web.authentication.WebAuthenticationDetails@380f4: RemoteIpAddress: 0:0:0:0:0:0:0:1; SessionId: E19E57469EE6F381AC3AE07038133466; Granted Authorities: ROLE_ANONYMOUS
370495 [http-nio-8080-exec-7] DEBUG o.s.s.w.u.m.AntPathRequestMatcher - Checking match of request : '/bootstrap/css/bootstrap.css'; against '/bootstrap/**'
370495 [http-nio-8080-exec-9] DEBUG o.s.s.w.u.m.AntPathRequestMatcher - Checking match of request : '/jquery/jquery-2.1.3.js'; against '/jquery/**'
370495 [http-nio-8080-exec-10] DEBUG o.s.s.access.vote.AffirmativeBased - Voter: org.springframework.security.web.access.expression.WebExpressionVoter@1b7de625, returned: 1
370496 [http-nio-8080-exec-7] DEBUG o.s.s.w.a.i.FilterSecurityInterceptor - Secure object: FilterInvocation: URL: /bootstrap/css/bootstrap.css; Attributes: [permitAll]
370496 [http-nio-8080-exec-9] DEBUG o.s.s.w.a.i.FilterSecurityInterceptor - Secure object: FilterInvocation: URL: /jquery/jquery-2.1.3.js; Attributes: [permitAll]
370496 [http-nio-8080-exec-10] DEBUG o.s.s.w.a.i.FilterSecurityInterceptor - Authorization successful
370496 [http-nio-8080-exec-7] DEBUG o.s.s.w.a.i.FilterSecurityInterceptor - Previously Authenticated: org.springframework.security.authentication.AnonymousAuthenticationToken@9056f12c: Principal: anonymousUser; Credentials: [PROTECTED]; Authenticated: true; Details: org.springframework.security.web.authentication.WebAuthenticationDetails@380f4: RemoteIpAddress: 0:0:0:0:0:0:0:1; SessionId: E19E57469EE6F381AC3AE07038133466; Granted Authorities: ROLE_ANONYMOUS
370496 [http-nio-8080-exec-9] DEBUG o.s.s.w.a.i.FilterSecurityInterceptor - Previously Authenticated: org.springframework.security.authentication.AnonymousAuthenticationToken@9056f12c: Principal: anonymousUser; Credentials: [PROTECTED]; Authenticated: true; Details: org.springframework.security.web.authentication.WebAuthenticationDetails@380f4: RemoteIpAddress: 0:0:0:0:0:0:0:1; SessionId: E19E57469EE6F381AC3AE07038133466; Granted Authorities: ROLE_ANONYMOUS
370496 [http-nio-8080-exec-10] DEBUG o.s.s.w.a.i.FilterSecurityInterceptor - RunAsManager did not change Authentication object
370496 [http-nio-8080-exec-10] DEBUG o.s.security.web.FilterChainProxy - /bootstrap/js/bootstrap.js reached end of additional filter chain; proceeding with original chain
370496 [http-nio-8080-exec-9] DEBUG o.s.s.access.vote.AffirmativeBased - Voter: org.springframework.security.web.access.expression.WebExpressionVoter@1b7de625, returned: 1
370496 [http-nio-8080-exec-7] DEBUG o.s.s.access.vote.AffirmativeBased - Voter: org.springframework.security.web.access.expression.WebExpressionVoter@1b7de625, returned: 1
370496 [http-nio-8080-exec-9] DEBUG o.s.s.w.a.i.FilterSecurityInterceptor - Authorization successful
370496 [http-nio-8080-exec-7] DEBUG o.s.s.w.a.i.FilterSecurityInterceptor - Authorization successful
370496 [http-nio-8080-exec-9] DEBUG o.s.s.w.a.i.FilterSecurityInterceptor - RunAsManager did not change Authentication object
370496 [http-nio-8080-exec-7] DEBUG o.s.s.w.a.i.FilterSecurityInterceptor - RunAsManager did not change Authentication object
370496 [http-nio-8080-exec-9] DEBUG o.s.security.web.FilterChainProxy - /jquery/jquery-2.1.3.js reached end of additional filter chain; proceeding with original chain
370496 [http-nio-8080-exec-7] DEBUG o.s.security.web.FilterChainProxy - /bootstrap/css/bootstrap.css reached end of additional filter chain; proceeding with original chain
370498 [http-nio-8080-exec-7] DEBUG o.s.s.w.c.HttpSessionSecurityContextRepository - SecurityContext is empty or contents are anonymous - context will not be stored in HttpSession.
370498 [http-nio-8080-exec-9] DEBUG o.s.s.w.c.HttpSessionSecurityContextRepository - SecurityContext is empty or contents are anonymous - context will not be stored in HttpSession.
370498 [http-nio-8080-exec-10] DEBUG o.s.s.w.c.HttpSessionSecurityContextRepository - SecurityContext is empty or contents are anonymous - context will not be stored in HttpSession.
370499 [http-nio-8080-exec-10] DEBUG o.s.s.w.a.ExceptionTranslationFilter - Chain processed normally
370499 [http-nio-8080-exec-10] DEBUG o.s.s.w.c.SecurityContextPersistenceFilter - SecurityContextHolder now cleared, as request processing completed
370503 [http-nio-8080-exec-7] DEBUG o.s.s.w.a.ExceptionTranslationFilter - Chain processed normally
370503 [http-nio-8080-exec-7] DEBUG o.s.s.w.c.SecurityContextPersistenceFilter - SecurityContextHolder now cleared, as request processing completed
370503 [http-nio-8080-exec-9] DEBUG o.s.s.w.a.ExceptionTranslationFilter - Chain processed normally
370504 [http-nio-8080-exec-9] DEBUG o.s.s.w.c.SecurityContextPersistenceFilter - SecurityContextHolder now cleared, as request processing completed
375636 [http-nio-8080-exec-1] DEBUG o.s.s.w.u.matcher.OrRequestMatcher - Trying to match using Ant [pattern='/css/**']
375636 [http-nio-8080-exec-1] DEBUG o.s.s.w.u.m.AntPathRequestMatcher - Checking match of request : '/'; against '/css/**'
375636 [http-nio-8080-exec-1] DEBUG o.s.s.w.u.matcher.OrRequestMatcher - Trying to match using Ant [pattern='/js/**']
375636 [http-nio-8080-exec-1] DEBUG o.s.s.w.u.m.AntPathRequestMatcher - Checking match of request : '/'; against '/js/**'
375636 [http-nio-8080-exec-1] DEBUG o.s.s.w.u.matcher.OrRequestMatcher - Trying to match using Ant [pattern='/images/**']
375636 [http-nio-8080-exec-1] DEBUG o.s.s.w.u.m.AntPathRequestMatcher - Checking match of request : '/'; against '/images/**'
375636 [http-nio-8080-exec-1] DEBUG o.s.s.w.u.matcher.OrRequestMatcher - Trying to match using Ant [pattern='/webjars/**']
375636 [http-nio-8080-exec-1] DEBUG o.s.s.w.u.m.AntPathRequestMatcher - Checking match of request : '/'; against '/webjars/**'
375636 [http-nio-8080-exec-1] DEBUG o.s.s.w.u.matcher.OrRequestMatcher - Trying to match using Ant [pattern='/**/favicon.ico']
375636 [http-nio-8080-exec-1] DEBUG o.s.s.w.u.m.AntPathRequestMatcher - Checking match of request : '/'; against '/**/favicon.ico'
375636 [http-nio-8080-exec-1] DEBUG o.s.s.w.u.matcher.OrRequestMatcher - Trying to match using Ant [pattern='/error']
375636 [http-nio-8080-exec-1] DEBUG o.s.s.w.u.m.AntPathRequestMatcher - Checking match of request : '/'; against '/error'
375636 [http-nio-8080-exec-1] DEBUG o.s.s.w.u.matcher.OrRequestMatcher - No matches found
375636 [http-nio-8080-exec-1] DEBUG o.s.security.web.FilterChainProxy - / at position 1 of 12 in additional filter chain; firing Filter: 'WebAsyncManagerIntegrationFilter'
375637 [http-nio-8080-exec-1] DEBUG o.s.security.web.FilterChainProxy - / at position 2 of 12 in additional filter chain; firing Filter: 'SecurityContextPersistenceFilter'
375637 [http-nio-8080-exec-1] DEBUG o.s.s.w.c.HttpSessionSecurityContextRepository - HttpSession returned null object for SPRING_SECURITY_CONTEXT
375637 [http-nio-8080-exec-1] DEBUG o.s.s.w.c.HttpSessionSecurityContextRepository - No SecurityContext was available from the HttpSession: org.apache.catalina.session.StandardSessionFacade@5a40ec1e. A new one will be created.
375637 [http-nio-8080-exec-1] DEBUG o.s.security.web.FilterChainProxy - / at position 3 of 12 in additional filter chain; firing Filter: 'HeaderWriterFilter'
375637 [http-nio-8080-exec-1] DEBUG o.s.s.w.h.writers.HstsHeaderWriter - Not injecting HSTS header since it did not match the requestMatcher org.springframework.security.web.header.writers.HstsHeaderWriter$SecureRequestMatcher@5e7f638e
375637 [http-nio-8080-exec-1] DEBUG o.s.security.web.FilterChainProxy - / at position 4 of 12 in additional filter chain; firing Filter: 'CsrfFilter'
375637 [http-nio-8080-exec-1] DEBUG o.s.security.web.csrf.CsrfFilter - Invalid CSRF token found for http://localhost:8080/
375637 [http-nio-8080-exec-1] DEBUG o.s.s.w.c.HttpSessionSecurityContextRepository - SecurityContext is empty or contents are anonymous - context will not be stored in HttpSession.
375637 [http-nio-8080-exec-1] DEBUG o.s.s.w.c.SecurityContextPersistenceFilter - SecurityContextHolder now cleared, as request processing completed
4406 [restartedMain] DEBUG o.s.s.c.a.a.c.AuthenticationConfiguration$EnableGlobalAuthenticationAutowiredConfigurer - Eagerly initializing {org.springframework.boot.autoconfigure.security.SpringBootWebSecurityConfiguration=org.springframework.boot.autoconfigure.security.SpringBootWebSecurityConfiguration$$EnhancerBySpringCGLIB$$fc0027eb@6721b9f2}
4419 [restartedMain] INFO  o.s.s.w.DefaultSecurityFilterChain - Creating filter chain: OrRequestMatcher [requestMatchers=[Ant [pattern='/css/**'], Ant [pattern='/js/**'], Ant [pattern='/images/**'], Ant [pattern='/webjars/**'], Ant [pattern='/**/favicon.ico'], Ant [pattern='/error']]], []
4483 [restartedMain] DEBUG o.s.s.w.a.e.ExpressionBasedFilterInvocationSecurityMetadataSource - Adding web access control expression 'permitAll', for ExactUrl [processUrl='/login?error']
4484 [restartedMain] DEBUG o.s.s.w.a.e.ExpressionBasedFilterInvocationSecurityMetadataSource - Adding web access control expression 'permitAll', for ExactUrl [processUrl='/login']
4485 [restartedMain] DEBUG o.s.s.w.a.e.ExpressionBasedFilterInvocationSecurityMetadataSource - Adding web access control expression 'permitAll', for ExactUrl [processUrl='/login']
4485 [restartedMain] DEBUG o.s.s.w.a.e.ExpressionBasedFilterInvocationSecurityMetadataSource - Adding web access control expression 'permitAll', for Ant [pattern='/logout', POST]
4485 [restartedMain] DEBUG o.s.s.w.a.e.ExpressionBasedFilterInvocationSecurityMetadataSource - Adding web access control expression 'permitAll', for ExactUrl [processUrl='/login?logout']
4485 [restartedMain] DEBUG o.s.s.w.a.e.ExpressionBasedFilterInvocationSecurityMetadataSource - Adding web access control expression 'permitAll', for Ant [pattern='/bootstrap/**']
4485 [restartedMain] DEBUG o.s.s.w.a.e.ExpressionBasedFilterInvocationSecurityMetadataSource - Adding web access control expression 'permitAll', for Ant [pattern='/error/**']
4486 [restartedMain] DEBUG o.s.s.w.a.e.ExpressionBasedFilterInvocationSecurityMetadataSource - Adding web access control expression 'permitAll', for Ant [pattern='/img/**']
4486 [restartedMain] DEBUG o.s.s.w.a.e.ExpressionBasedFilterInvocationSecurityMetadataSource - Adding web access control expression 'permitAll', for Ant [pattern='/jquery/**']
4486 [restartedMain] DEBUG o.s.s.w.a.e.ExpressionBasedFilterInvocationSecurityMetadataSource - Adding web access control expression 'authenticated', for org.springframework.security.web.util.matcher.AnyRequestMatcher@1
4493 [restartedMain] DEBUG o.s.s.w.a.i.FilterSecurityInterceptor - Validated configuration attributes
4493 [restartedMain] DEBUG o.s.s.w.a.i.FilterSecurityInterceptor - Validated configuration attributes
4505 [restartedMain] INFO  o.s.s.w.DefaultSecurityFilterChain - Creating filter chain: org.springframework.security.web.util.matcher.AnyRequestMatcher@1, [org.springframework.security.web.context.request.async.WebAsyncManagerIntegrationFilter@215ea7f7, org.springframework.security.web.context.SecurityContextPersistenceFilter@17da9af5, org.springframework.security.web.header.HeaderWriterFilter@2a2eeeb0, org.springframework.security.web.csrf.CsrfFilter@3ea153b5, org.springframework.security.web.authentication.logout.LogoutFilter@e10d160, org.springframework.security.web.authentication.UsernamePasswordAuthenticationFilter@130166a5, org.springframework.security.web.savedrequest.RequestCacheAwareFilter@448c2e46, org.springframework.security.web.servletapi.SecurityContextHolderAwareRequestFilter@7bf000b9, org.springframework.security.web.authentication.AnonymousAuthenticationFilter@37abc737, org.springframework.security.web.session.SessionManagementFilter@7c2f756b, org.springframework.security.web.access.ExceptionTranslationFilter@5a6bfb, org.springframework.security.web.access.intercept.FilterSecurityInterceptor@6dfc960d]
4517 [restartedMain] DEBUG o.s.s.w.a.e.ExpressionBasedFilterInvocationSecurityMetadataSource - Adding web access control expression 'hasAnyRole('ROLE_USER')', for org.springframework.security.web.util.matcher.AnyRequestMatcher@1
4518 [restartedMain] DEBUG o.s.s.w.a.i.FilterSecurityInterceptor - Validated configuration attributes
4518 [restartedMain] DEBUG o.s.s.w.a.i.FilterSecurityInterceptor - Validated configuration attributes
4518 [restartedMain] INFO  o.s.s.w.DefaultSecurityFilterChain - Creating filter chain: OrRequestMatcher [requestMatchers=[Ant [pattern='/**']]], [org.springframework.security.web.context.request.async.WebAsyncManagerIntegrationFilter@66de2259, org.springframework.security.web.context.SecurityContextPersistenceFilter@d9c881b, org.springframework.security.web.header.HeaderWriterFilter@23f216b9, org.springframework.security.web.authentication.logout.LogoutFilter@28a4e6c5, org.springframework.security.web.authentication.www.BasicAuthenticationFilter@727e1b04, org.springframework.security.web.savedrequest.RequestCacheAwareFilter@3856f39f, org.springframework.security.web.servletapi.SecurityContextHolderAwareRequestFilter@b227df2, org.springframework.security.web.authentication.AnonymousAuthenticationFilter@2f4d3e8d, org.springframework.security.web.session.SessionManagementFilter@3abcab9, org.springframework.security.web.access.ExceptionTranslationFilter@21d285a2, org.springframework.security.web.access.intercept.FilterSecurityInterceptor@3e449f08]
12187 [http-nio-8080-exec-3] DEBUG o.s.s.w.u.matcher.OrRequestMatcher - Trying to match using Ant [pattern='/css/**']
12187 [http-nio-8080-exec-3] DEBUG o.s.s.w.u.m.AntPathRequestMatcher - Checking match of request : '/'; against '/css/**'
12187 [http-nio-8080-exec-3] DEBUG o.s.s.w.u.matcher.OrRequestMatcher - Trying to match using Ant [pattern='/js/**']
12187 [http-nio-8080-exec-3] DEBUG o.s.s.w.u.m.AntPathRequestMatcher - Checking match of request : '/'; against '/js/**'
12187 [http-nio-8080-exec-3] DEBUG o.s.s.w.u.matcher.OrRequestMatcher - Trying to match using Ant [pattern='/images/**']
12187 [http-nio-8080-exec-3] DEBUG o.s.s.w.u.m.AntPathRequestMatcher - Checking match of request : '/'; against '/images/**'
12187 [http-nio-8080-exec-3] DEBUG o.s.s.w.u.matcher.OrRequestMatcher - Trying to match using Ant [pattern='/webjars/**']
12187 [http-nio-8080-exec-3] DEBUG o.s.s.w.u.m.AntPathRequestMatcher - Checking match of request : '/'; against '/webjars/**'
12187 [http-nio-8080-exec-3] DEBUG o.s.s.w.u.matcher.OrRequestMatcher - Trying to match using Ant [pattern='/**/favicon.ico']
12187 [http-nio-8080-exec-3] DEBUG o.s.s.w.u.m.AntPathRequestMatcher - Checking match of request : '/'; against '/**/favicon.ico'
12187 [http-nio-8080-exec-3] DEBUG o.s.s.w.u.matcher.OrRequestMatcher - Trying to match using Ant [pattern='/error']
12187 [http-nio-8080-exec-3] DEBUG o.s.s.w.u.m.AntPathRequestMatcher - Checking match of request : '/'; against '/error'
12187 [http-nio-8080-exec-3] DEBUG o.s.s.w.u.matcher.OrRequestMatcher - No matches found
12188 [http-nio-8080-exec-3] DEBUG o.s.security.web.FilterChainProxy - / at position 1 of 12 in additional filter chain; firing Filter: 'WebAsyncManagerIntegrationFilter'
12188 [http-nio-8080-exec-3] DEBUG o.s.security.web.FilterChainProxy - / at position 2 of 12 in additional filter chain; firing Filter: 'SecurityContextPersistenceFilter'
12189 [http-nio-8080-exec-3] DEBUG o.s.s.w.c.HttpSessionSecurityContextRepository - No HttpSession currently exists
12189 [http-nio-8080-exec-3] DEBUG o.s.s.w.c.HttpSessionSecurityContextRepository - No SecurityContext was available from the HttpSession: null. A new one will be created.
12190 [http-nio-8080-exec-3] DEBUG o.s.security.web.FilterChainProxy - / at position 3 of 12 in additional filter chain; firing Filter: 'HeaderWriterFilter'
12190 [http-nio-8080-exec-3] DEBUG o.s.s.w.h.writers.HstsHeaderWriter - Not injecting HSTS header since it did not match the requestMatcher org.springframework.security.web.header.writers.HstsHeaderWriter$SecureRequestMatcher@2c96bee5
12190 [http-nio-8080-exec-3] DEBUG o.s.security.web.FilterChainProxy - / at position 4 of 12 in additional filter chain; firing Filter: 'CsrfFilter'
12191 [http-nio-8080-exec-3] DEBUG o.s.security.web.FilterChainProxy - / at position 5 of 12 in additional filter chain; firing Filter: 'LogoutFilter'
12191 [http-nio-8080-exec-3] DEBUG o.s.s.w.u.m.AntPathRequestMatcher - Request 'GET /' doesn't match 'POST /logout
12191 [http-nio-8080-exec-3] DEBUG o.s.security.web.FilterChainProxy - / at position 6 of 12 in additional filter chain; firing Filter: 'UsernamePasswordAuthenticationFilter'
12191 [http-nio-8080-exec-3] DEBUG o.s.s.w.u.m.AntPathRequestMatcher - Request 'GET /' doesn't match 'POST /login
12191 [http-nio-8080-exec-3] DEBUG o.s.security.web.FilterChainProxy - / at position 7 of 12 in additional filter chain; firing Filter: 'RequestCacheAwareFilter'
12191 [http-nio-8080-exec-3] DEBUG o.s.security.web.FilterChainProxy - / at position 8 of 12 in additional filter chain; firing Filter: 'SecurityContextHolderAwareRequestFilter'
12192 [http-nio-8080-exec-3] DEBUG o.s.security.web.FilterChainProxy - / at position 9 of 12 in additional filter chain; firing Filter: 'AnonymousAuthenticationFilter'
12193 [http-nio-8080-exec-3] DEBUG o.s.s.w.a.AnonymousAuthenticationFilter - Populated SecurityContextHolder with anonymous token: 'org.springframework.security.authentication.AnonymousAuthenticationToken@9055c2bc: Principal: anonymousUser; Credentials: [PROTECTED]; Authenticated: true; Details: org.springframework.security.web.authentication.WebAuthenticationDetails@b364: RemoteIpAddress: 0:0:0:0:0:0:0:1; SessionId: null; Granted Authorities: ROLE_ANONYMOUS'
12193 [http-nio-8080-exec-3] DEBUG o.s.security.web.FilterChainProxy - / at position 10 of 12 in additional filter chain; firing Filter: 'SessionManagementFilter'
12193 [http-nio-8080-exec-3] DEBUG o.s.s.w.s.SessionManagementFilter - Requested session ID E19E57469EE6F381AC3AE07038133466 is invalid.
12193 [http-nio-8080-exec-3] DEBUG o.s.security.web.FilterChainProxy - / at position 11 of 12 in additional filter chain; firing Filter: 'ExceptionTranslationFilter'
12193 [http-nio-8080-exec-3] DEBUG o.s.security.web.FilterChainProxy - / at position 12 of 12 in additional filter chain; firing Filter: 'FilterSecurityInterceptor'
12194 [http-nio-8080-exec-3] DEBUG o.s.s.w.u.m.AntPathRequestMatcher - Request 'GET /' doesn't match 'POST /logout
12194 [http-nio-8080-exec-3] DEBUG o.s.s.w.u.m.AntPathRequestMatcher - Checking match of request : '/'; against '/bootstrap/**'
12194 [http-nio-8080-exec-3] DEBUG o.s.s.w.u.m.AntPathRequestMatcher - Checking match of request : '/'; against '/error/**'
12194 [http-nio-8080-exec-3] DEBUG o.s.s.w.u.m.AntPathRequestMatcher - Checking match of request : '/'; against '/img/**'
12194 [http-nio-8080-exec-3] DEBUG o.s.s.w.u.m.AntPathRequestMatcher - Checking match of request : '/'; against '/jquery/**'
12194 [http-nio-8080-exec-3] DEBUG o.s.s.w.a.i.FilterSecurityInterceptor - Secure object: FilterInvocation: URL: /; Attributes: [authenticated]
12194 [http-nio-8080-exec-3] DEBUG o.s.s.w.a.i.FilterSecurityInterceptor - Previously Authenticated: org.springframework.security.authentication.AnonymousAuthenticationToken@9055c2bc: Principal: anonymousUser; Credentials: [PROTECTED]; Authenticated: true; Details: org.springframework.security.web.authentication.WebAuthenticationDetails@b364: RemoteIpAddress: 0:0:0:0:0:0:0:1; SessionId: null; Granted Authorities: ROLE_ANONYMOUS
12199 [http-nio-8080-exec-3] DEBUG o.s.s.access.vote.AffirmativeBased - Voter: org.springframework.security.web.access.expression.WebExpressionVoter@7d172f74, returned: -1
12201 [http-nio-8080-exec-3] DEBUG o.s.s.w.a.ExceptionTranslationFilter - Access is denied (user is anonymous); redirecting to authentication entry point
org.springframework.security.access.AccessDeniedException: Access is denied
	at org.springframework.security.access.vote.AffirmativeBased.decide(AffirmativeBased.java:84)
	at org.springframework.security.access.intercept.AbstractSecurityInterceptor.beforeInvocation(AbstractSecurityInterceptor.java:233)
	at org.springframework.security.web.access.intercept.FilterSecurityInterceptor.invoke(FilterSecurityInterceptor.java:124)
	at org.springframework.security.web.access.intercept.FilterSecurityInterceptor.doFilter(FilterSecurityInterceptor.java:91)
	at org.springframework.security.web.FilterChainProxy$VirtualFilterChain.doFilter(FilterChainProxy.java:331)
	at org.springframework.security.web.access.ExceptionTranslationFilter.doFilter(ExceptionTranslationFilter.java:114)
	at org.springframework.security.web.FilterChainProxy$VirtualFilterChain.doFilter(FilterChainProxy.java:331)
	at org.springframework.security.web.session.SessionManagementFilter.doFilter(SessionManagementFilter.java:137)
	at org.springframework.security.web.FilterChainProxy$VirtualFilterChain.doFilter(FilterChainProxy.java:331)
	at org.springframework.security.web.authentication.AnonymousAuthenticationFilter.doFilter(AnonymousAuthenticationFilter.java:111)
	at org.springframework.security.web.FilterChainProxy$VirtualFilterChain.doFilter(FilterChainProxy.java:331)
	at org.springframework.security.web.servletapi.SecurityContextHolderAwareRequestFilter.doFilter(SecurityContextHolderAwareRequestFilter.java:170)
	at org.springframework.security.web.FilterChainProxy$VirtualFilterChain.doFilter(FilterChainProxy.java:331)
	at org.springframework.security.web.savedrequest.RequestCacheAwareFilter.doFilter(RequestCacheAwareFilter.java:63)
	at org.springframework.security.web.FilterChainProxy$VirtualFilterChain.doFilter(FilterChainProxy.java:331)
	at org.springframework.security.web.authentication.AbstractAuthenticationProcessingFilter.doFilter(AbstractAuthenticationProcessingFilter.java:200)
	at org.springframework.security.web.FilterChainProxy$VirtualFilterChain.doFilter(FilterChainProxy.java:331)
	at org.springframework.security.web.authentication.logout.LogoutFilter.doFilter(LogoutFilter.java:116)
	at org.springframework.security.web.FilterChainProxy$VirtualFilterChain.doFilter(FilterChainProxy.java:331)
	at org.springframework.security.web.csrf.CsrfFilter.doFilterInternal(CsrfFilter.java:100)
	at org.springframework.web.filter.OncePerRequestFilter.doFilter(OncePerRequestFilter.java:107)
	at org.springframework.security.web.FilterChainProxy$VirtualFilterChain.doFilter(FilterChainProxy.java:331)
	at org.springframework.security.web.header.HeaderWriterFilter.doFilterInternal(HeaderWriterFilter.java:64)
	at org.springframework.web.filter.OncePerRequestFilter.doFilter(OncePerRequestFilter.java:107)
	at org.springframework.security.web.FilterChainProxy$VirtualFilterChain.doFilter(FilterChainProxy.java:331)
	at org.springframework.security.web.context.SecurityContextPersistenceFilter.doFilter(SecurityContextPersistenceFilter.java:105)
	at org.springframework.security.web.FilterChainProxy$VirtualFilterChain.doFilter(FilterChainProxy.java:331)
	at org.springframework.security.web.context.request.async.WebAsyncManagerIntegrationFilter.doFilterInternal(WebAsyncManagerIntegrationFilter.java:56)
	at org.springframework.web.filter.OncePerRequestFilter.doFilter(OncePerRequestFilter.java:107)
	at org.springframework.security.web.FilterChainProxy$VirtualFilterChain.doFilter(FilterChainProxy.java:331)
	at org.springframework.security.web.FilterChainProxy.doFilterInternal(FilterChainProxy.java:214)
	at org.springframework.security.web.FilterChainProxy.doFilter(FilterChainProxy.java:177)
	at org.springframework.web.filter.DelegatingFilterProxy.invokeDelegate(DelegatingFilterProxy.java:347)
	at org.springframework.web.filter.DelegatingFilterProxy.doFilter(DelegatingFilterProxy.java:263)
	at org.apache.catalina.core.ApplicationFilterChain.internalDoFilter(ApplicationFilterChain.java:193)
	at org.apache.catalina.core.ApplicationFilterChain.doFilter(ApplicationFilterChain.java:166)
	at org.springframework.web.filter.RequestContextFilter.doFilterInternal(RequestContextFilter.java:99)
	at org.springframework.web.filter.OncePerRequestFilter.doFilter(OncePerRequestFilter.java:107)
	at org.apache.catalina.core.ApplicationFilterChain.internalDoFilter(ApplicationFilterChain.java:193)
	at org.apache.catalina.core.ApplicationFilterChain.doFilter(ApplicationFilterChain.java:166)
	at org.springframework.web.filter.HttpPutFormContentFilter.doFilterInternal(HttpPutFormContentFilter.java:108)
	at org.springframework.web.filter.OncePerRequestFilter.doFilter(OncePerRequestFilter.java:107)
	at org.apache.catalina.core.ApplicationFilterChain.internalDoFilter(ApplicationFilterChain.java:193)
	at org.apache.catalina.core.ApplicationFilterChain.doFilter(ApplicationFilterChain.java:166)
	at org.springframework.web.filter.HiddenHttpMethodFilter.doFilterInternal(HiddenHttpMethodFilter.java:81)
	at org.springframework.web.filter.OncePerRequestFilter.doFilter(OncePerRequestFilter.java:107)
	at org.apache.catalina.core.ApplicationFilterChain.internalDoFilter(ApplicationFilterChain.java:193)
	at org.apache.catalina.core.ApplicationFilterChain.doFilter(ApplicationFilterChain.java:166)
	at org.springframework.web.filter.CharacterEncodingFilter.doFilterInternal(CharacterEncodingFilter.java:197)
	at org.springframework.web.filter.OncePerRequestFilter.doFilter(OncePerRequestFilter.java:107)
	at org.apache.catalina.core.ApplicationFilterChain.internalDoFilter(ApplicationFilterChain.java:193)
	at org.apache.catalina.core.ApplicationFilterChain.doFilter(ApplicationFilterChain.java:166)
	at org.apache.catalina.core.StandardWrapperValve.invoke(StandardWrapperValve.java:199)
	at org.apache.catalina.core.StandardContextValve.invoke(StandardContextValve.java:96)
	at org.apache.catalina.authenticator.AuthenticatorBase.invoke(AuthenticatorBase.java:478)
	at org.apache.catalina.core.StandardHostValve.invoke(StandardHostValve.java:140)
	at org.apache.catalina.valves.ErrorReportValve.invoke(ErrorReportValve.java:81)
	at org.apache.catalina.core.StandardEngineValve.invoke(StandardEngineValve.java:87)
	at org.apache.catalina.connector.CoyoteAdapter.service(CoyoteAdapter.java:342)
	at org.apache.coyote.http11.Http11Processor.service(Http11Processor.java:803)
	at org.apache.coyote.AbstractProcessorLight.process(AbstractProcessorLight.java:66)
	at org.apache.coyote.AbstractProtocol$ConnectionHandler.process(AbstractProtocol.java:868)
	at org.apache.tomcat.util.net.NioEndpoint$SocketProcessor.doRun(NioEndpoint.java:1459)
	at org.apache.tomcat.util.net.SocketProcessorBase.run(SocketProcessorBase.java:49)
	at java.util.concurrent.ThreadPoolExecutor.runWorker(ThreadPoolExecutor.java:1149)
	at java.util.concurrent.ThreadPoolExecutor$Worker.run(ThreadPoolExecutor.java:624)
	at org.apache.tomcat.util.threads.TaskThread$WrappingRunnable.run(TaskThread.java:61)
	at java.lang.Thread.run(Thread.java:748)
12203 [http-nio-8080-exec-3] DEBUG o.s.s.w.u.matcher.AndRequestMatcher - Trying to match using Ant [pattern='/**', GET]
12203 [http-nio-8080-exec-3] DEBUG o.s.s.w.u.m.AntPathRequestMatcher - Request '/' matched by universal pattern '/**'
12203 [http-nio-8080-exec-3] DEBUG o.s.s.w.u.matcher.AndRequestMatcher - Trying to match using NegatedRequestMatcher [requestMatcher=Ant [pattern='/**/favicon.ico']]
12203 [http-nio-8080-exec-3] DEBUG o.s.s.w.u.m.AntPathRequestMatcher - Checking match of request : '/'; against '/**/favicon.ico'
12203 [http-nio-8080-exec-3] DEBUG o.s.s.w.u.m.NegatedRequestMatcher - matches = true
12203 [http-nio-8080-exec-3] DEBUG o.s.s.w.u.matcher.AndRequestMatcher - Trying to match using NegatedRequestMatcher [requestMatcher=MediaTypeRequestMatcher [contentNegotiationStrategy=org.springframework.web.accept.ContentNegotiationManager@779c89ff, matchingMediaTypes=[application/json], useEquals=false, ignoredMediaTypes=[*/*]]]
12207 [http-nio-8080-exec-3] DEBUG o.s.s.w.u.m.MediaTypeRequestMatcher - httpRequestMediaTypes=[text/html, application/xhtml+xml, image/webp, image/apng, application/xml;q=0.9, */*;q=0.8]
12207 [http-nio-8080-exec-3] DEBUG o.s.s.w.u.m.MediaTypeRequestMatcher - Processing text/html
12207 [http-nio-8080-exec-3] DEBUG o.s.s.w.u.m.MediaTypeRequestMatcher - application/json .isCompatibleWith text/html = false
12207 [http-nio-8080-exec-3] DEBUG o.s.s.w.u.m.MediaTypeRequestMatcher - Processing application/xhtml+xml
12207 [http-nio-8080-exec-3] DEBUG o.s.s.w.u.m.MediaTypeRequestMatcher - application/json .isCompatibleWith application/xhtml+xml = false
12207 [http-nio-8080-exec-3] DEBUG o.s.s.w.u.m.MediaTypeRequestMatcher - Processing image/webp
12207 [http-nio-8080-exec-3] DEBUG o.s.s.w.u.m.MediaTypeRequestMatcher - application/json .isCompatibleWith image/webp = false
12207 [http-nio-8080-exec-3] DEBUG o.s.s.w.u.m.MediaTypeRequestMatcher - Processing image/apng
12207 [http-nio-8080-exec-3] DEBUG o.s.s.w.u.m.MediaTypeRequestMatcher - application/json .isCompatibleWith image/apng = false
12207 [http-nio-8080-exec-3] DEBUG o.s.s.w.u.m.MediaTypeRequestMatcher - Processing application/xml;q=0.9
12207 [http-nio-8080-exec-3] DEBUG o.s.s.w.u.m.MediaTypeRequestMatcher - application/json .isCompatibleWith application/xml;q=0.9 = false
12207 [http-nio-8080-exec-3] DEBUG o.s.s.w.u.m.MediaTypeRequestMatcher - Processing */*;q=0.8
12207 [http-nio-8080-exec-3] DEBUG o.s.s.w.u.m.MediaTypeRequestMatcher - Ignoring
12208 [http-nio-8080-exec-3] DEBUG o.s.s.w.u.m.MediaTypeRequestMatcher - Did not match any media types
12208 [http-nio-8080-exec-3] DEBUG o.s.s.w.u.m.NegatedRequestMatcher - matches = true
12208 [http-nio-8080-exec-3] DEBUG o.s.s.w.u.matcher.AndRequestMatcher - Trying to match using NegatedRequestMatcher [requestMatcher=RequestHeaderRequestMatcher [expectedHeaderName=X-Requested-With, expectedHeaderValue=XMLHttpRequest]]
12208 [http-nio-8080-exec-3] DEBUG o.s.s.w.u.m.NegatedRequestMatcher - matches = true
12208 [http-nio-8080-exec-3] DEBUG o.s.s.w.u.matcher.AndRequestMatcher - All requestMatchers returned true
12213 [http-nio-8080-exec-3] DEBUG o.s.s.w.s.HttpSessionRequestCache - DefaultSavedRequest added to Session: DefaultSavedRequest[http://localhost:8080/]
12213 [http-nio-8080-exec-3] DEBUG o.s.s.w.a.ExceptionTranslationFilter - Calling Authentication entry point.
12214 [http-nio-8080-exec-3] DEBUG o.s.s.web.DefaultRedirectStrategy - Redirecting to 'http://localhost:8080/login'
12214 [http-nio-8080-exec-3] DEBUG o.s.s.w.c.HttpSessionSecurityContextRepository - SecurityContext is empty or contents are anonymous - context will not be stored in HttpSession.
12214 [http-nio-8080-exec-3] DEBUG o.s.s.w.c.SecurityContextPersistenceFilter - SecurityContextHolder now cleared, as request processing completed
12219 [http-nio-8080-exec-2] DEBUG o.s.s.w.u.matcher.OrRequestMatcher - Trying to match using Ant [pattern='/css/**']
12219 [http-nio-8080-exec-2] DEBUG o.s.s.w.u.m.AntPathRequestMatcher - Checking match of request : '/login'; against '/css/**'
12219 [http-nio-8080-exec-2] DEBUG o.s.s.w.u.matcher.OrRequestMatcher - Trying to match using Ant [pattern='/js/**']
12219 [http-nio-8080-exec-2] DEBUG o.s.s.w.u.m.AntPathRequestMatcher - Checking match of request : '/login'; against '/js/**'
12219 [http-nio-8080-exec-2] DEBUG o.s.s.w.u.matcher.OrRequestMatcher - Trying to match using Ant [pattern='/images/**']
12219 [http-nio-8080-exec-2] DEBUG o.s.s.w.u.m.AntPathRequestMatcher - Checking match of request : '/login'; against '/images/**'
12219 [http-nio-8080-exec-2] DEBUG o.s.s.w.u.matcher.OrRequestMatcher - Trying to match using Ant [pattern='/webjars/**']
12219 [http-nio-8080-exec-2] DEBUG o.s.s.w.u.m.AntPathRequestMatcher - Checking match of request : '/login'; against '/webjars/**'
12219 [http-nio-8080-exec-2] DEBUG o.s.s.w.u.matcher.OrRequestMatcher - Trying to match using Ant [pattern='/**/favicon.ico']
12219 [http-nio-8080-exec-2] DEBUG o.s.s.w.u.m.AntPathRequestMatcher - Checking match of request : '/login'; against '/**/favicon.ico'
12219 [http-nio-8080-exec-2] DEBUG o.s.s.w.u.matcher.OrRequestMatcher - Trying to match using Ant [pattern='/error']
12219 [http-nio-8080-exec-2] DEBUG o.s.s.w.u.m.AntPathRequestMatcher - Checking match of request : '/login'; against '/error'
12219 [http-nio-8080-exec-2] DEBUG o.s.s.w.u.matcher.OrRequestMatcher - No matches found
12219 [http-nio-8080-exec-2] DEBUG o.s.security.web.FilterChainProxy - /login at position 1 of 12 in additional filter chain; firing Filter: 'WebAsyncManagerIntegrationFilter'
12220 [http-nio-8080-exec-2] DEBUG o.s.security.web.FilterChainProxy - /login at position 2 of 12 in additional filter chain; firing Filter: 'SecurityContextPersistenceFilter'
12220 [http-nio-8080-exec-2] DEBUG o.s.s.w.c.HttpSessionSecurityContextRepository - HttpSession returned null object for SPRING_SECURITY_CONTEXT
12220 [http-nio-8080-exec-2] DEBUG o.s.s.w.c.HttpSessionSecurityContextRepository - No SecurityContext was available from the HttpSession: org.apache.catalina.session.StandardSessionFacade@2dfaa238. A new one will be created.
12220 [http-nio-8080-exec-2] DEBUG o.s.security.web.FilterChainProxy - /login at position 3 of 12 in additional filter chain; firing Filter: 'HeaderWriterFilter'
12220 [http-nio-8080-exec-2] DEBUG o.s.s.w.h.writers.HstsHeaderWriter - Not injecting HSTS header since it did not match the requestMatcher org.springframework.security.web.header.writers.HstsHeaderWriter$SecureRequestMatcher@2c96bee5
12220 [http-nio-8080-exec-2] DEBUG o.s.security.web.FilterChainProxy - /login at position 4 of 12 in additional filter chain; firing Filter: 'CsrfFilter'
12220 [http-nio-8080-exec-2] DEBUG o.s.security.web.FilterChainProxy - /login at position 5 of 12 in additional filter chain; firing Filter: 'LogoutFilter'
12220 [http-nio-8080-exec-2] DEBUG o.s.s.w.u.m.AntPathRequestMatcher - Request 'GET /login' doesn't match 'POST /logout
12220 [http-nio-8080-exec-2] DEBUG o.s.security.web.FilterChainProxy - /login at position 6 of 12 in additional filter chain; firing Filter: 'UsernamePasswordAuthenticationFilter'
12220 [http-nio-8080-exec-2] DEBUG o.s.s.w.u.m.AntPathRequestMatcher - Request 'GET /login' doesn't match 'POST /login
12220 [http-nio-8080-exec-2] DEBUG o.s.security.web.FilterChainProxy - /login at position 7 of 12 in additional filter chain; firing Filter: 'RequestCacheAwareFilter'
12220 [http-nio-8080-exec-2] DEBUG o.s.s.w.s.DefaultSavedRequest - pathInfo: both null (property equals)
12220 [http-nio-8080-exec-2] DEBUG o.s.s.w.s.DefaultSavedRequest - queryString: both null (property equals)
12220 [http-nio-8080-exec-2] DEBUG o.s.s.w.s.DefaultSavedRequest - requestURI: arg1=/; arg2=/login (property not equals)
12223 [http-nio-8080-exec-2] DEBUG o.s.s.w.s.HttpSessionRequestCache - saved request doesn't match
12223 [http-nio-8080-exec-2] DEBUG o.s.security.web.FilterChainProxy - /login at position 8 of 12 in additional filter chain; firing Filter: 'SecurityContextHolderAwareRequestFilter'
12223 [http-nio-8080-exec-2] DEBUG o.s.security.web.FilterChainProxy - /login at position 9 of 12 in additional filter chain; firing Filter: 'AnonymousAuthenticationFilter'
12223 [http-nio-8080-exec-2] DEBUG o.s.s.w.a.AnonymousAuthenticationFilter - Populated SecurityContextHolder with anonymous token: 'org.springframework.security.authentication.AnonymousAuthenticationToken@6fa8940c: Principal: anonymousUser; Credentials: [PROTECTED]; Authenticated: true; Details: org.springframework.security.web.authentication.WebAuthenticationDetails@fffde5d4: RemoteIpAddress: 0:0:0:0:0:0:0:1; SessionId: 5B1CCC0B3F8C9978A490BEAC722B3E20; Granted Authorities: ROLE_ANONYMOUS'
12223 [http-nio-8080-exec-2] DEBUG o.s.security.web.FilterChainProxy - /login at position 10 of 12 in additional filter chain; firing Filter: 'SessionManagementFilter'
12223 [http-nio-8080-exec-2] DEBUG o.s.security.web.FilterChainProxy - /login at position 11 of 12 in additional filter chain; firing Filter: 'ExceptionTranslationFilter'
12223 [http-nio-8080-exec-2] DEBUG o.s.security.web.FilterChainProxy - /login at position 12 of 12 in additional filter chain; firing Filter: 'FilterSecurityInterceptor'
12223 [http-nio-8080-exec-2] DEBUG o.s.s.w.a.i.FilterSecurityInterceptor - Secure object: FilterInvocation: URL: /login; Attributes: [permitAll]
12223 [http-nio-8080-exec-2] DEBUG o.s.s.w.a.i.FilterSecurityInterceptor - Previously Authenticated: org.springframework.security.authentication.AnonymousAuthenticationToken@6fa8940c: Principal: anonymousUser; Credentials: [PROTECTED]; Authenticated: true; Details: org.springframework.security.web.authentication.WebAuthenticationDetails@fffde5d4: RemoteIpAddress: 0:0:0:0:0:0:0:1; SessionId: 5B1CCC0B3F8C9978A490BEAC722B3E20; Granted Authorities: ROLE_ANONYMOUS
12224 [http-nio-8080-exec-2] DEBUG o.s.s.access.vote.AffirmativeBased - Voter: org.springframework.security.web.access.expression.WebExpressionVoter@7d172f74, returned: 1
12224 [http-nio-8080-exec-2] DEBUG o.s.s.w.a.i.FilterSecurityInterceptor - Authorization successful
12224 [http-nio-8080-exec-2] DEBUG o.s.s.w.a.i.FilterSecurityInterceptor - RunAsManager did not change Authentication object
12224 [http-nio-8080-exec-2] DEBUG o.s.security.web.FilterChainProxy - /login reached end of additional filter chain; proceeding with original chain
12280 [http-nio-8080-exec-2] DEBUG o.s.s.w.c.HttpSessionSecurityContextRepository - SecurityContext is empty or contents are anonymous - context will not be stored in HttpSession.
12285 [http-nio-8080-exec-2] DEBUG o.s.s.w.a.ExceptionTranslationFilter - Chain processed normally
12285 [http-nio-8080-exec-2] DEBUG o.s.s.w.c.SecurityContextPersistenceFilter - SecurityContextHolder now cleared, as request processing completed
12289 [http-nio-8080-exec-5] DEBUG o.s.s.w.u.matcher.OrRequestMatcher - Trying to match using Ant [pattern='/css/**']
12289 [http-nio-8080-exec-4] DEBUG o.s.s.w.u.matcher.OrRequestMatcher - Trying to match using Ant [pattern='/css/**']
12290 [http-nio-8080-exec-5] DEBUG o.s.s.w.u.m.AntPathRequestMatcher - Checking match of request : '/jquery/jquery-2.1.3.js'; against '/css/**'
12290 [http-nio-8080-exec-4] DEBUG o.s.s.w.u.m.AntPathRequestMatcher - Checking match of request : '/bootstrap/css/bootstrap.css'; against '/css/**'
12290 [http-nio-8080-exec-5] DEBUG o.s.s.w.u.matcher.OrRequestMatcher - Trying to match using Ant [pattern='/js/**']
12290 [http-nio-8080-exec-4] DEBUG o.s.s.w.u.matcher.OrRequestMatcher - Trying to match using Ant [pattern='/js/**']
12290 [http-nio-8080-exec-5] DEBUG o.s.s.w.u.m.AntPathRequestMatcher - Checking match of request : '/jquery/jquery-2.1.3.js'; against '/js/**'
12290 [http-nio-8080-exec-4] DEBUG o.s.s.w.u.m.AntPathRequestMatcher - Checking match of request : '/bootstrap/css/bootstrap.css'; against '/js/**'
12290 [http-nio-8080-exec-5] DEBUG o.s.s.w.u.matcher.OrRequestMatcher - Trying to match using Ant [pattern='/images/**']
12290 [http-nio-8080-exec-4] DEBUG o.s.s.w.u.matcher.OrRequestMatcher - Trying to match using Ant [pattern='/images/**']
12290 [http-nio-8080-exec-5] DEBUG o.s.s.w.u.m.AntPathRequestMatcher - Checking match of request : '/jquery/jquery-2.1.3.js'; against '/images/**'
12290 [http-nio-8080-exec-5] DEBUG o.s.s.w.u.matcher.OrRequestMatcher - Trying to match using Ant [pattern='/webjars/**']
12290 [http-nio-8080-exec-5] DEBUG o.s.s.w.u.m.AntPathRequestMatcher - Checking match of request : '/jquery/jquery-2.1.3.js'; against '/webjars/**'
12290 [http-nio-8080-exec-4] DEBUG o.s.s.w.u.m.AntPathRequestMatcher - Checking match of request : '/bootstrap/css/bootstrap.css'; against '/images/**'
12290 [http-nio-8080-exec-5] DEBUG o.s.s.w.u.matcher.OrRequestMatcher - Trying to match using Ant [pattern='/**/favicon.ico']
12290 [http-nio-8080-exec-4] DEBUG o.s.s.w.u.matcher.OrRequestMatcher - Trying to match using Ant [pattern='/webjars/**']
12290 [http-nio-8080-exec-5] DEBUG o.s.s.w.u.m.AntPathRequestMatcher - Checking match of request : '/jquery/jquery-2.1.3.js'; against '/**/favicon.ico'
12290 [http-nio-8080-exec-4] DEBUG o.s.s.w.u.m.AntPathRequestMatcher - Checking match of request : '/bootstrap/css/bootstrap.css'; against '/webjars/**'
12290 [http-nio-8080-exec-5] DEBUG o.s.s.w.u.matcher.OrRequestMatcher - Trying to match using Ant [pattern='/error']
12290 [http-nio-8080-exec-4] DEBUG o.s.s.w.u.matcher.OrRequestMatcher - Trying to match using Ant [pattern='/**/favicon.ico']
12290 [http-nio-8080-exec-4] DEBUG o.s.s.w.u.m.AntPathRequestMatcher - Checking match of request : '/bootstrap/css/bootstrap.css'; against '/**/favicon.ico'
12290 [http-nio-8080-exec-5] DEBUG o.s.s.w.u.m.AntPathRequestMatcher - Checking match of request : '/jquery/jquery-2.1.3.js'; against '/error'
12290 [http-nio-8080-exec-4] DEBUG o.s.s.w.u.matcher.OrRequestMatcher - Trying to match using Ant [pattern='/error']
12290 [http-nio-8080-exec-5] DEBUG o.s.s.w.u.matcher.OrRequestMatcher - No matches found
12290 [http-nio-8080-exec-4] DEBUG o.s.s.w.u.m.AntPathRequestMatcher - Checking match of request : '/bootstrap/css/bootstrap.css'; against '/error'
12290 [http-nio-8080-exec-1] DEBUG o.s.s.w.u.matcher.OrRequestMatcher - Trying to match using Ant [pattern='/css/**']
12291 [http-nio-8080-exec-5] DEBUG o.s.security.web.FilterChainProxy - /jquery/jquery-2.1.3.js at position 1 of 12 in additional filter chain; firing Filter: 'WebAsyncManagerIntegrationFilter'
12291 [http-nio-8080-exec-4] DEBUG o.s.s.w.u.matcher.OrRequestMatcher - No matches found
12291 [http-nio-8080-exec-1] DEBUG o.s.s.w.u.m.AntPathRequestMatcher - Checking match of request : '/bootstrap/js/bootstrap.js'; against '/css/**'
12291 [http-nio-8080-exec-4] DEBUG o.s.security.web.FilterChainProxy - /bootstrap/css/bootstrap.css at position 1 of 12 in additional filter chain; firing Filter: 'WebAsyncManagerIntegrationFilter'
12291 [http-nio-8080-exec-5] DEBUG o.s.security.web.FilterChainProxy - /jquery/jquery-2.1.3.js at position 2 of 12 in additional filter chain; firing Filter: 'SecurityContextPersistenceFilter'
12291 [http-nio-8080-exec-1] DEBUG o.s.s.w.u.matcher.OrRequestMatcher - Trying to match using Ant [pattern='/js/**']
12291 [http-nio-8080-exec-4] DEBUG o.s.security.web.FilterChainProxy - /bootstrap/css/bootstrap.css at position 2 of 12 in additional filter chain; firing Filter: 'SecurityContextPersistenceFilter'
12291 [http-nio-8080-exec-5] DEBUG o.s.s.w.c.HttpSessionSecurityContextRepository - HttpSession returned null object for SPRING_SECURITY_CONTEXT
12291 [http-nio-8080-exec-1] DEBUG o.s.s.w.u.m.AntPathRequestMatcher - Checking match of request : '/bootstrap/js/bootstrap.js'; against '/js/**'
12291 [http-nio-8080-exec-4] DEBUG o.s.s.w.c.HttpSessionSecurityContextRepository - HttpSession returned null object for SPRING_SECURITY_CONTEXT
12291 [http-nio-8080-exec-5] DEBUG o.s.s.w.c.HttpSessionSecurityContextRepository - No SecurityContext was available from the HttpSession: org.apache.catalina.session.StandardSessionFacade@2dfaa238. A new one will be created.
12291 [http-nio-8080-exec-4] DEBUG o.s.s.w.c.HttpSessionSecurityContextRepository - No SecurityContext was available from the HttpSession: org.apache.catalina.session.StandardSessionFacade@2dfaa238. A new one will be created.
12291 [http-nio-8080-exec-1] DEBUG o.s.s.w.u.matcher.OrRequestMatcher - Trying to match using Ant [pattern='/images/**']
12291 [http-nio-8080-exec-5] DEBUG o.s.security.web.FilterChainProxy - /jquery/jquery-2.1.3.js at position 3 of 12 in additional filter chain; firing Filter: 'HeaderWriterFilter'
12291 [http-nio-8080-exec-4] DEBUG o.s.security.web.FilterChainProxy - /bootstrap/css/bootstrap.css at position 3 of 12 in additional filter chain; firing Filter: 'HeaderWriterFilter'
12291 [http-nio-8080-exec-1] DEBUG o.s.s.w.u.m.AntPathRequestMatcher - Checking match of request : '/bootstrap/js/bootstrap.js'; against '/images/**'
12291 [http-nio-8080-exec-1] DEBUG o.s.s.w.u.matcher.OrRequestMatcher - Trying to match using Ant [pattern='/webjars/**']
12291 [http-nio-8080-exec-4] DEBUG o.s.s.w.h.writers.HstsHeaderWriter - Not injecting HSTS header since it did not match the requestMatcher org.springframework.security.web.header.writers.HstsHeaderWriter$SecureRequestMatcher@2c96bee5
12291 [http-nio-8080-exec-5] DEBUG o.s.s.w.h.writers.HstsHeaderWriter - Not injecting HSTS header since it did not match the requestMatcher org.springframework.security.web.header.writers.HstsHeaderWriter$SecureRequestMatcher@2c96bee5
12291 [http-nio-8080-exec-1] DEBUG o.s.s.w.u.m.AntPathRequestMatcher - Checking match of request : '/bootstrap/js/bootstrap.js'; against '/webjars/**'
12291 [http-nio-8080-exec-5] DEBUG o.s.security.web.FilterChainProxy - /jquery/jquery-2.1.3.js at position 4 of 12 in additional filter chain; firing Filter: 'CsrfFilter'
12291 [http-nio-8080-exec-4] DEBUG o.s.security.web.FilterChainProxy - /bootstrap/css/bootstrap.css at position 4 of 12 in additional filter chain; firing Filter: 'CsrfFilter'
12292 [http-nio-8080-exec-1] DEBUG o.s.s.w.u.matcher.OrRequestMatcher - Trying to match using Ant [pattern='/**/favicon.ico']
12292 [http-nio-8080-exec-1] DEBUG o.s.s.w.u.m.AntPathRequestMatcher - Checking match of request : '/bootstrap/js/bootstrap.js'; against '/**/favicon.ico'
12292 [http-nio-8080-exec-5] DEBUG o.s.security.web.FilterChainProxy - /jquery/jquery-2.1.3.js at position 5 of 12 in additional filter chain; firing Filter: 'LogoutFilter'
12292 [http-nio-8080-exec-5] DEBUG o.s.s.w.u.m.AntPathRequestMatcher - Request 'GET /jquery/jquery-2.1.3.js' doesn't match 'POST /logout
12292 [http-nio-8080-exec-4] DEBUG o.s.security.web.FilterChainProxy - /bootstrap/css/bootstrap.css at position 5 of 12 in additional filter chain; firing Filter: 'LogoutFilter'
12292 [http-nio-8080-exec-5] DEBUG o.s.security.web.FilterChainProxy - /jquery/jquery-2.1.3.js at position 6 of 12 in additional filter chain; firing Filter: 'UsernamePasswordAuthenticationFilter'
12292 [http-nio-8080-exec-1] DEBUG o.s.s.w.u.matcher.OrRequestMatcher - Trying to match using Ant [pattern='/error']
12292 [http-nio-8080-exec-4] DEBUG o.s.s.w.u.m.AntPathRequestMatcher - Request 'GET /bootstrap/css/bootstrap.css' doesn't match 'POST /logout
12292 [http-nio-8080-exec-5] DEBUG o.s.s.w.u.m.AntPathRequestMatcher - Request 'GET /jquery/jquery-2.1.3.js' doesn't match 'POST /login
12292 [http-nio-8080-exec-4] DEBUG o.s.security.web.FilterChainProxy - /bootstrap/css/bootstrap.css at position 6 of 12 in additional filter chain; firing Filter: 'UsernamePasswordAuthenticationFilter'
12292 [http-nio-8080-exec-4] DEBUG o.s.s.w.u.m.AntPathRequestMatcher - Request 'GET /bootstrap/css/bootstrap.css' doesn't match 'POST /login
12292 [http-nio-8080-exec-1] DEBUG o.s.s.w.u.m.AntPathRequestMatcher - Checking match of request : '/bootstrap/js/bootstrap.js'; against '/error'
12292 [http-nio-8080-exec-5] DEBUG o.s.security.web.FilterChainProxy - /jquery/jquery-2.1.3.js at position 7 of 12 in additional filter chain; firing Filter: 'RequestCacheAwareFilter'
12292 [http-nio-8080-exec-1] DEBUG o.s.s.w.u.matcher.OrRequestMatcher - No matches found
12292 [http-nio-8080-exec-5] DEBUG o.s.s.w.s.DefaultSavedRequest - pathInfo: both null (property equals)
12292 [http-nio-8080-exec-4] DEBUG o.s.security.web.FilterChainProxy - /bootstrap/css/bootstrap.css at position 7 of 12 in additional filter chain; firing Filter: 'RequestCacheAwareFilter'
12292 [http-nio-8080-exec-5] DEBUG o.s.s.w.s.DefaultSavedRequest - queryString: both null (property equals)
12292 [http-nio-8080-exec-1] DEBUG o.s.security.web.FilterChainProxy - /bootstrap/js/bootstrap.js at position 1 of 12 in additional filter chain; firing Filter: 'WebAsyncManagerIntegrationFilter'
12292 [http-nio-8080-exec-4] DEBUG o.s.s.w.s.DefaultSavedRequest - pathInfo: both null (property equals)
12292 [http-nio-8080-exec-5] DEBUG o.s.s.w.s.DefaultSavedRequest - requestURI: arg1=/; arg2=/jquery/jquery-2.1.3.js (property not equals)
12292 [http-nio-8080-exec-4] DEBUG o.s.s.w.s.DefaultSavedRequest - queryString: both null (property equals)
12292 [http-nio-8080-exec-5] DEBUG o.s.s.w.s.HttpSessionRequestCache - saved request doesn't match
12292 [http-nio-8080-exec-1] DEBUG o.s.security.web.FilterChainProxy - /bootstrap/js/bootstrap.js at position 2 of 12 in additional filter chain; firing Filter: 'SecurityContextPersistenceFilter'
12292 [http-nio-8080-exec-5] DEBUG o.s.security.web.FilterChainProxy - /jquery/jquery-2.1.3.js at position 8 of 12 in additional filter chain; firing Filter: 'SecurityContextHolderAwareRequestFilter'
12292 [http-nio-8080-exec-4] DEBUG o.s.s.w.s.DefaultSavedRequest - requestURI: arg1=/; arg2=/bootstrap/css/bootstrap.css (property not equals)
12292 [http-nio-8080-exec-1] DEBUG o.s.s.w.c.HttpSessionSecurityContextRepository - HttpSession returned null object for SPRING_SECURITY_CONTEXT
12292 [http-nio-8080-exec-4] DEBUG o.s.s.w.s.HttpSessionRequestCache - saved request doesn't match
12293 [http-nio-8080-exec-1] DEBUG o.s.s.w.c.HttpSessionSecurityContextRepository - No SecurityContext was available from the HttpSession: org.apache.catalina.session.StandardSessionFacade@2dfaa238. A new one will be created.
12293 [http-nio-8080-exec-5] DEBUG o.s.security.web.FilterChainProxy - /jquery/jquery-2.1.3.js at position 9 of 12 in additional filter chain; firing Filter: 'AnonymousAuthenticationFilter'
12293 [http-nio-8080-exec-1] DEBUG o.s.security.web.FilterChainProxy - /bootstrap/js/bootstrap.js at position 3 of 12 in additional filter chain; firing Filter: 'HeaderWriterFilter'
12293 [http-nio-8080-exec-4] DEBUG o.s.security.web.FilterChainProxy - /bootstrap/css/bootstrap.css at position 8 of 12 in additional filter chain; firing Filter: 'SecurityContextHolderAwareRequestFilter'
12293 [http-nio-8080-exec-5] DEBUG o.s.s.w.a.AnonymousAuthenticationFilter - Populated SecurityContextHolder with anonymous token: 'org.springframework.security.authentication.AnonymousAuthenticationToken@6fa8940c: Principal: anonymousUser; Credentials: [PROTECTED]; Authenticated: true; Details: org.springframework.security.web.authentication.WebAuthenticationDetails@fffde5d4: RemoteIpAddress: 0:0:0:0:0:0:0:1; SessionId: 5B1CCC0B3F8C9978A490BEAC722B3E20; Granted Authorities: ROLE_ANONYMOUS'
12293 [http-nio-8080-exec-4] DEBUG o.s.security.web.FilterChainProxy - /bootstrap/css/bootstrap.css at position 9 of 12 in additional filter chain; firing Filter: 'AnonymousAuthenticationFilter'
12293 [http-nio-8080-exec-5] DEBUG o.s.security.web.FilterChainProxy - /jquery/jquery-2.1.3.js at position 10 of 12 in additional filter chain; firing Filter: 'SessionManagementFilter'
12293 [http-nio-8080-exec-1] DEBUG o.s.s.w.h.writers.HstsHeaderWriter - Not injecting HSTS header since it did not match the requestMatcher org.springframework.security.web.header.writers.HstsHeaderWriter$SecureRequestMatcher@2c96bee5
12293 [http-nio-8080-exec-4] DEBUG o.s.s.w.a.AnonymousAuthenticationFilter - Populated SecurityContextHolder with anonymous token: 'org.springframework.security.authentication.AnonymousAuthenticationToken@6fa8940c: Principal: anonymousUser; Credentials: [PROTECTED]; Authenticated: true; Details: org.springframework.security.web.authentication.WebAuthenticationDetails@fffde5d4: RemoteIpAddress: 0:0:0:0:0:0:0:1; SessionId: 5B1CCC0B3F8C9978A490BEAC722B3E20; Granted Authorities: ROLE_ANONYMOUS'
12293 [http-nio-8080-exec-5] DEBUG o.s.security.web.FilterChainProxy - /jquery/jquery-2.1.3.js at position 11 of 12 in additional filter chain; firing Filter: 'ExceptionTranslationFilter'
12293 [http-nio-8080-exec-4] DEBUG o.s.security.web.FilterChainProxy - /bootstrap/css/bootstrap.css at position 10 of 12 in additional filter chain; firing Filter: 'SessionManagementFilter'
12293 [http-nio-8080-exec-1] DEBUG o.s.security.web.FilterChainProxy - /bootstrap/js/bootstrap.js at position 4 of 12 in additional filter chain; firing Filter: 'CsrfFilter'
12293 [http-nio-8080-exec-4] DEBUG o.s.security.web.FilterChainProxy - /bootstrap/css/bootstrap.css at position 11 of 12 in additional filter chain; firing Filter: 'ExceptionTranslationFilter'
12293 [http-nio-8080-exec-5] DEBUG o.s.security.web.FilterChainProxy - /jquery/jquery-2.1.3.js at position 12 of 12 in additional filter chain; firing Filter: 'FilterSecurityInterceptor'
12293 [http-nio-8080-exec-4] DEBUG o.s.security.web.FilterChainProxy - /bootstrap/css/bootstrap.css at position 12 of 12 in additional filter chain; firing Filter: 'FilterSecurityInterceptor'
12293 [http-nio-8080-exec-1] DEBUG o.s.security.web.FilterChainProxy - /bootstrap/js/bootstrap.js at position 5 of 12 in additional filter chain; firing Filter: 'LogoutFilter'
12293 [http-nio-8080-exec-5] DEBUG o.s.s.w.u.m.AntPathRequestMatcher - Request 'GET /jquery/jquery-2.1.3.js' doesn't match 'POST /logout
12293 [http-nio-8080-exec-4] DEBUG o.s.s.w.u.m.AntPathRequestMatcher - Request 'GET /bootstrap/css/bootstrap.css' doesn't match 'POST /logout
12293 [http-nio-8080-exec-5] DEBUG o.s.s.w.u.m.AntPathRequestMatcher - Checking match of request : '/jquery/jquery-2.1.3.js'; against '/bootstrap/**'
12293 [http-nio-8080-exec-1] DEBUG o.s.s.w.u.m.AntPathRequestMatcher - Request 'GET /bootstrap/js/bootstrap.js' doesn't match 'POST /logout
12293 [http-nio-8080-exec-4] DEBUG o.s.s.w.u.m.AntPathRequestMatcher - Checking match of request : '/bootstrap/css/bootstrap.css'; against '/bootstrap/**'
12293 [http-nio-8080-exec-5] DEBUG o.s.s.w.u.m.AntPathRequestMatcher - Checking match of request : '/jquery/jquery-2.1.3.js'; against '/error/**'
12295 [http-nio-8080-exec-1] DEBUG o.s.security.web.FilterChainProxy - /bootstrap/js/bootstrap.js at position 6 of 12 in additional filter chain; firing Filter: 'UsernamePasswordAuthenticationFilter'
12295 [http-nio-8080-exec-4] DEBUG o.s.s.w.a.i.FilterSecurityInterceptor - Secure object: FilterInvocation: URL: /bootstrap/css/bootstrap.css; Attributes: [permitAll]
12295 [http-nio-8080-exec-5] DEBUG o.s.s.w.u.m.AntPathRequestMatcher - Checking match of request : '/jquery/jquery-2.1.3.js'; against '/img/**'
12295 [http-nio-8080-exec-1] DEBUG o.s.s.w.u.m.AntPathRequestMatcher - Request 'GET /bootstrap/js/bootstrap.js' doesn't match 'POST /login
12295 [http-nio-8080-exec-4] DEBUG o.s.s.w.a.i.FilterSecurityInterceptor - Previously Authenticated: org.springframework.security.authentication.AnonymousAuthenticationToken@6fa8940c: Principal: anonymousUser; Credentials: [PROTECTED]; Authenticated: true; Details: org.springframework.security.web.authentication.WebAuthenticationDetails@fffde5d4: RemoteIpAddress: 0:0:0:0:0:0:0:1; SessionId: 5B1CCC0B3F8C9978A490BEAC722B3E20; Granted Authorities: ROLE_ANONYMOUS
12295 [http-nio-8080-exec-1] DEBUG o.s.security.web.FilterChainProxy - /bootstrap/js/bootstrap.js at position 7 of 12 in additional filter chain; firing Filter: 'RequestCacheAwareFilter'
12295 [http-nio-8080-exec-5] DEBUG o.s.s.w.u.m.AntPathRequestMatcher - Checking match of request : '/jquery/jquery-2.1.3.js'; against '/jquery/**'
12295 [http-nio-8080-exec-5] DEBUG o.s.s.w.a.i.FilterSecurityInterceptor - Secure object: FilterInvocation: URL: /jquery/jquery-2.1.3.js; Attributes: [permitAll]
12295 [http-nio-8080-exec-1] DEBUG o.s.s.w.s.DefaultSavedRequest - pathInfo: both null (property equals)
12295 [http-nio-8080-exec-5] DEBUG o.s.s.w.a.i.FilterSecurityInterceptor - Previously Authenticated: org.springframework.security.authentication.AnonymousAuthenticationToken@6fa8940c: Principal: anonymousUser; Credentials: [PROTECTED]; Authenticated: true; Details: org.springframework.security.web.authentication.WebAuthenticationDetails@fffde5d4: RemoteIpAddress: 0:0:0:0:0:0:0:1; SessionId: 5B1CCC0B3F8C9978A490BEAC722B3E20; Granted Authorities: ROLE_ANONYMOUS
12295 [http-nio-8080-exec-1] DEBUG o.s.s.w.s.DefaultSavedRequest - queryString: both null (property equals)
12295 [http-nio-8080-exec-1] DEBUG o.s.s.w.s.DefaultSavedRequest - requestURI: arg1=/; arg2=/bootstrap/js/bootstrap.js (property not equals)
12295 [http-nio-8080-exec-1] DEBUG o.s.s.w.s.HttpSessionRequestCache - saved request doesn't match
12295 [http-nio-8080-exec-1] DEBUG o.s.security.web.FilterChainProxy - /bootstrap/js/bootstrap.js at position 8 of 12 in additional filter chain; firing Filter: 'SecurityContextHolderAwareRequestFilter'
12295 [http-nio-8080-exec-1] DEBUG o.s.security.web.FilterChainProxy - /bootstrap/js/bootstrap.js at position 9 of 12 in additional filter chain; firing Filter: 'AnonymousAuthenticationFilter'
12295 [http-nio-8080-exec-1] DEBUG o.s.s.w.a.AnonymousAuthenticationFilter - Populated SecurityContextHolder with anonymous token: 'org.springframework.security.authentication.AnonymousAuthenticationToken@6fa8940c: Principal: anonymousUser; Credentials: [PROTECTED]; Authenticated: true; Details: org.springframework.security.web.authentication.WebAuthenticationDetails@fffde5d4: RemoteIpAddress: 0:0:0:0:0:0:0:1; SessionId: 5B1CCC0B3F8C9978A490BEAC722B3E20; Granted Authorities: ROLE_ANONYMOUS'
12295 [http-nio-8080-exec-1] DEBUG o.s.security.web.FilterChainProxy - /bootstrap/js/bootstrap.js at position 10 of 12 in additional filter chain; firing Filter: 'SessionManagementFilter'
12295 [http-nio-8080-exec-1] DEBUG o.s.security.web.FilterChainProxy - /bootstrap/js/bootstrap.js at position 11 of 12 in additional filter chain; firing Filter: 'ExceptionTranslationFilter'
12296 [http-nio-8080-exec-4] DEBUG o.s.s.access.vote.AffirmativeBased - Voter: org.springframework.security.web.access.expression.WebExpressionVoter@7d172f74, returned: 1
12296 [http-nio-8080-exec-5] DEBUG o.s.s.access.vote.AffirmativeBased - Voter: org.springframework.security.web.access.expression.WebExpressionVoter@7d172f74, returned: 1
12297 [http-nio-8080-exec-1] DEBUG o.s.security.web.FilterChainProxy - /bootstrap/js/bootstrap.js at position 12 of 12 in additional filter chain; firing Filter: 'FilterSecurityInterceptor'
12297 [http-nio-8080-exec-4] DEBUG o.s.s.w.a.i.FilterSecurityInterceptor - Authorization successful
12297 [http-nio-8080-exec-5] DEBUG o.s.s.w.a.i.FilterSecurityInterceptor - Authorization successful
12297 [http-nio-8080-exec-1] DEBUG o.s.s.w.u.m.AntPathRequestMatcher - Request 'GET /bootstrap/js/bootstrap.js' doesn't match 'POST /logout
12297 [http-nio-8080-exec-4] DEBUG o.s.s.w.a.i.FilterSecurityInterceptor - RunAsManager did not change Authentication object
12297 [http-nio-8080-exec-5] DEBUG o.s.s.w.a.i.FilterSecurityInterceptor - RunAsManager did not change Authentication object
12297 [http-nio-8080-exec-1] DEBUG o.s.s.w.u.m.AntPathRequestMatcher - Checking match of request : '/bootstrap/js/bootstrap.js'; against '/bootstrap/**'
12297 [http-nio-8080-exec-4] DEBUG o.s.security.web.FilterChainProxy - /bootstrap/css/bootstrap.css reached end of additional filter chain; proceeding with original chain
12298 [http-nio-8080-exec-5] DEBUG o.s.security.web.FilterChainProxy - /jquery/jquery-2.1.3.js reached end of additional filter chain; proceeding with original chain
12298 [http-nio-8080-exec-1] DEBUG o.s.s.w.a.i.FilterSecurityInterceptor - Secure object: FilterInvocation: URL: /bootstrap/js/bootstrap.js; Attributes: [permitAll]
12298 [http-nio-8080-exec-1] DEBUG o.s.s.w.a.i.FilterSecurityInterceptor - Previously Authenticated: org.springframework.security.authentication.AnonymousAuthenticationToken@6fa8940c: Principal: anonymousUser; Credentials: [PROTECTED]; Authenticated: true; Details: org.springframework.security.web.authentication.WebAuthenticationDetails@fffde5d4: RemoteIpAddress: 0:0:0:0:0:0:0:1; SessionId: 5B1CCC0B3F8C9978A490BEAC722B3E20; Granted Authorities: ROLE_ANONYMOUS
12298 [http-nio-8080-exec-1] DEBUG o.s.s.access.vote.AffirmativeBased - Voter: org.springframework.security.web.access.expression.WebExpressionVoter@7d172f74, returned: 1
12298 [http-nio-8080-exec-1] DEBUG o.s.s.w.a.i.FilterSecurityInterceptor - Authorization successful
12298 [http-nio-8080-exec-1] DEBUG o.s.s.w.a.i.FilterSecurityInterceptor - RunAsManager did not change Authentication object
12298 [http-nio-8080-exec-1] DEBUG o.s.security.web.FilterChainProxy - /bootstrap/js/bootstrap.js reached end of additional filter chain; proceeding with original chain
12311 [http-nio-8080-exec-5] DEBUG o.s.s.w.c.HttpSessionSecurityContextRepository - SecurityContext is empty or contents are anonymous - context will not be stored in HttpSession.
12311 [http-nio-8080-exec-4] DEBUG o.s.s.w.c.HttpSessionSecurityContextRepository - SecurityContext is empty or contents are anonymous - context will not be stored in HttpSession.
12311 [http-nio-8080-exec-1] DEBUG o.s.s.w.c.HttpSessionSecurityContextRepository - SecurityContext is empty or contents are anonymous - context will not be stored in HttpSession.
12313 [http-nio-8080-exec-1] DEBUG o.s.s.w.a.ExceptionTranslationFilter - Chain processed normally
12314 [http-nio-8080-exec-1] DEBUG o.s.s.w.c.SecurityContextPersistenceFilter - SecurityContextHolder now cleared, as request processing completed
12315 [http-nio-8080-exec-4] DEBUG o.s.s.w.a.ExceptionTranslationFilter - Chain processed normally
12315 [http-nio-8080-exec-4] DEBUG o.s.s.w.c.SecurityContextPersistenceFilter - SecurityContextHolder now cleared, as request processing completed
12319 [http-nio-8080-exec-5] DEBUG o.s.s.w.a.ExceptionTranslationFilter - Chain processed normally
12319 [http-nio-8080-exec-5] DEBUG o.s.s.w.c.SecurityContextPersistenceFilter - SecurityContextHolder now cleared, as request processing completed
18518 [http-nio-8080-exec-7] DEBUG o.s.s.w.u.matcher.OrRequestMatcher - Trying to match using Ant [pattern='/css/**']
18518 [http-nio-8080-exec-7] DEBUG o.s.s.w.u.m.AntPathRequestMatcher - Checking match of request : '/login'; against '/css/**'
18518 [http-nio-8080-exec-7] DEBUG o.s.s.w.u.matcher.OrRequestMatcher - Trying to match using Ant [pattern='/js/**']
18519 [http-nio-8080-exec-7] DEBUG o.s.s.w.u.m.AntPathRequestMatcher - Checking match of request : '/login'; against '/js/**'
18519 [http-nio-8080-exec-7] DEBUG o.s.s.w.u.matcher.OrRequestMatcher - Trying to match using Ant [pattern='/images/**']
18519 [http-nio-8080-exec-7] DEBUG o.s.s.w.u.m.AntPathRequestMatcher - Checking match of request : '/login'; against '/images/**'
18519 [http-nio-8080-exec-7] DEBUG o.s.s.w.u.matcher.OrRequestMatcher - Trying to match using Ant [pattern='/webjars/**']
18519 [http-nio-8080-exec-7] DEBUG o.s.s.w.u.m.AntPathRequestMatcher - Checking match of request : '/login'; against '/webjars/**'
18519 [http-nio-8080-exec-7] DEBUG o.s.s.w.u.matcher.OrRequestMatcher - Trying to match using Ant [pattern='/**/favicon.ico']
18519 [http-nio-8080-exec-7] DEBUG o.s.s.w.u.m.AntPathRequestMatcher - Checking match of request : '/login'; against '/**/favicon.ico'
18519 [http-nio-8080-exec-7] DEBUG o.s.s.w.u.matcher.OrRequestMatcher - Trying to match using Ant [pattern='/error']
18519 [http-nio-8080-exec-7] DEBUG o.s.s.w.u.m.AntPathRequestMatcher - Checking match of request : '/login'; against '/error'
18519 [http-nio-8080-exec-7] DEBUG o.s.s.w.u.matcher.OrRequestMatcher - No matches found
18519 [http-nio-8080-exec-7] DEBUG o.s.security.web.FilterChainProxy - /login at position 1 of 12 in additional filter chain; firing Filter: 'WebAsyncManagerIntegrationFilter'
18519 [http-nio-8080-exec-7] DEBUG o.s.security.web.FilterChainProxy - /login at position 2 of 12 in additional filter chain; firing Filter: 'SecurityContextPersistenceFilter'
18519 [http-nio-8080-exec-7] DEBUG o.s.s.w.c.HttpSessionSecurityContextRepository - HttpSession returned null object for SPRING_SECURITY_CONTEXT
18519 [http-nio-8080-exec-7] DEBUG o.s.s.w.c.HttpSessionSecurityContextRepository - No SecurityContext was available from the HttpSession: org.apache.catalina.session.StandardSessionFacade@2dfaa238. A new one will be created.
18519 [http-nio-8080-exec-7] DEBUG o.s.security.web.FilterChainProxy - /login at position 3 of 12 in additional filter chain; firing Filter: 'HeaderWriterFilter'
18520 [http-nio-8080-exec-7] DEBUG o.s.s.w.h.writers.HstsHeaderWriter - Not injecting HSTS header since it did not match the requestMatcher org.springframework.security.web.header.writers.HstsHeaderWriter$SecureRequestMatcher@2c96bee5
18520 [http-nio-8080-exec-7] DEBUG o.s.security.web.FilterChainProxy - /login at position 4 of 12 in additional filter chain; firing Filter: 'CsrfFilter'
18520 [http-nio-8080-exec-7] DEBUG o.s.security.web.csrf.CsrfFilter - Invalid CSRF token found for http://localhost:8080/login
18521 [http-nio-8080-exec-7] DEBUG o.s.s.w.c.HttpSessionSecurityContextRepository - SecurityContext is empty or contents are anonymous - context will not be stored in HttpSession.
18521 [http-nio-8080-exec-7] DEBUG o.s.s.w.c.SecurityContextPersistenceFilter - SecurityContextHolder now cleared, as request processing completed
58339 [http-nio-8080-exec-10] DEBUG o.s.s.w.u.matcher.OrRequestMatcher - Trying to match using Ant [pattern='/css/**']
58339 [http-nio-8080-exec-10] DEBUG o.s.s.w.u.m.AntPathRequestMatcher - Checking match of request : '/login'; against '/css/**'
58339 [http-nio-8080-exec-10] DEBUG o.s.s.w.u.matcher.OrRequestMatcher - Trying to match using Ant [pattern='/js/**']
58339 [http-nio-8080-exec-10] DEBUG o.s.s.w.u.m.AntPathRequestMatcher - Checking match of request : '/login'; against '/js/**'
58339 [http-nio-8080-exec-10] DEBUG o.s.s.w.u.matcher.OrRequestMatcher - Trying to match using Ant [pattern='/images/**']
58340 [http-nio-8080-exec-10] DEBUG o.s.s.w.u.m.AntPathRequestMatcher - Checking match of request : '/login'; against '/images/**'
58340 [http-nio-8080-exec-10] DEBUG o.s.s.w.u.matcher.OrRequestMatcher - Trying to match using Ant [pattern='/webjars/**']
58340 [http-nio-8080-exec-10] DEBUG o.s.s.w.u.m.AntPathRequestMatcher - Checking match of request : '/login'; against '/webjars/**'
58340 [http-nio-8080-exec-10] DEBUG o.s.s.w.u.matcher.OrRequestMatcher - Trying to match using Ant [pattern='/**/favicon.ico']
58340 [http-nio-8080-exec-10] DEBUG o.s.s.w.u.m.AntPathRequestMatcher - Checking match of request : '/login'; against '/**/favicon.ico'
58340 [http-nio-8080-exec-10] DEBUG o.s.s.w.u.matcher.OrRequestMatcher - Trying to match using Ant [pattern='/error']
58340 [http-nio-8080-exec-10] DEBUG o.s.s.w.u.m.AntPathRequestMatcher - Checking match of request : '/login'; against '/error'
58340 [http-nio-8080-exec-10] DEBUG o.s.s.w.u.matcher.OrRequestMatcher - No matches found
58340 [http-nio-8080-exec-10] DEBUG o.s.security.web.FilterChainProxy - /login at position 1 of 12 in additional filter chain; firing Filter: 'WebAsyncManagerIntegrationFilter'
58340 [http-nio-8080-exec-10] DEBUG o.s.security.web.FilterChainProxy - /login at position 2 of 12 in additional filter chain; firing Filter: 'SecurityContextPersistenceFilter'
58340 [http-nio-8080-exec-10] DEBUG o.s.s.w.c.HttpSessionSecurityContextRepository - HttpSession returned null object for SPRING_SECURITY_CONTEXT
58340 [http-nio-8080-exec-10] DEBUG o.s.s.w.c.HttpSessionSecurityContextRepository - No SecurityContext was available from the HttpSession: org.apache.catalina.session.StandardSessionFacade@2dfaa238. A new one will be created.
58340 [http-nio-8080-exec-10] DEBUG o.s.security.web.FilterChainProxy - /login at position 3 of 12 in additional filter chain; firing Filter: 'HeaderWriterFilter'
58340 [http-nio-8080-exec-10] DEBUG o.s.s.w.h.writers.HstsHeaderWriter - Not injecting HSTS header since it did not match the requestMatcher org.springframework.security.web.header.writers.HstsHeaderWriter$SecureRequestMatcher@2c96bee5
58340 [http-nio-8080-exec-10] DEBUG o.s.security.web.FilterChainProxy - /login at position 4 of 12 in additional filter chain; firing Filter: 'CsrfFilter'
58340 [http-nio-8080-exec-10] DEBUG o.s.security.web.FilterChainProxy - /login at position 5 of 12 in additional filter chain; firing Filter: 'LogoutFilter'
58340 [http-nio-8080-exec-10] DEBUG o.s.s.w.u.m.AntPathRequestMatcher - Request 'GET /login' doesn't match 'POST /logout
58340 [http-nio-8080-exec-10] DEBUG o.s.security.web.FilterChainProxy - /login at position 6 of 12 in additional filter chain; firing Filter: 'UsernamePasswordAuthenticationFilter'
58341 [http-nio-8080-exec-10] DEBUG o.s.s.w.u.m.AntPathRequestMatcher - Request 'GET /login' doesn't match 'POST /login
58341 [http-nio-8080-exec-10] DEBUG o.s.security.web.FilterChainProxy - /login at position 7 of 12 in additional filter chain; firing Filter: 'RequestCacheAwareFilter'
58341 [http-nio-8080-exec-10] DEBUG o.s.s.w.s.DefaultSavedRequest - pathInfo: both null (property equals)
58341 [http-nio-8080-exec-10] DEBUG o.s.s.w.s.DefaultSavedRequest - queryString: both null (property equals)
58341 [http-nio-8080-exec-10] DEBUG o.s.s.w.s.DefaultSavedRequest - requestURI: arg1=/; arg2=/login (property not equals)
58342 [http-nio-8080-exec-10] DEBUG o.s.s.w.s.HttpSessionRequestCache - saved request doesn't match
58342 [http-nio-8080-exec-10] DEBUG o.s.security.web.FilterChainProxy - /login at position 8 of 12 in additional filter chain; firing Filter: 'SecurityContextHolderAwareRequestFilter'
58342 [http-nio-8080-exec-10] DEBUG o.s.security.web.FilterChainProxy - /login at position 9 of 12 in additional filter chain; firing Filter: 'AnonymousAuthenticationFilter'
58342 [http-nio-8080-exec-10] DEBUG o.s.s.w.a.AnonymousAuthenticationFilter - Populated SecurityContextHolder with anonymous token: 'org.springframework.security.authentication.AnonymousAuthenticationToken@6fa8940c: Principal: anonymousUser; Credentials: [PROTECTED]; Authenticated: true; Details: org.springframework.security.web.authentication.WebAuthenticationDetails@fffde5d4: RemoteIpAddress: 0:0:0:0:0:0:0:1; SessionId: 5B1CCC0B3F8C9978A490BEAC722B3E20; Granted Authorities: ROLE_ANONYMOUS'
58342 [http-nio-8080-exec-10] DEBUG o.s.security.web.FilterChainProxy - /login at position 10 of 12 in additional filter chain; firing Filter: 'SessionManagementFilter'
58342 [http-nio-8080-exec-10] DEBUG o.s.security.web.FilterChainProxy - /login at position 11 of 12 in additional filter chain; firing Filter: 'ExceptionTranslationFilter'
58342 [http-nio-8080-exec-10] DEBUG o.s.security.web.FilterChainProxy - /login at position 12 of 12 in additional filter chain; firing Filter: 'FilterSecurityInterceptor'
58342 [http-nio-8080-exec-10] DEBUG o.s.s.w.a.i.FilterSecurityInterceptor - Secure object: FilterInvocation: URL: /login; Attributes: [permitAll]
58342 [http-nio-8080-exec-10] DEBUG o.s.s.w.a.i.FilterSecurityInterceptor - Previously Authenticated: org.springframework.security.authentication.AnonymousAuthenticationToken@6fa8940c: Principal: anonymousUser; Credentials: [PROTECTED]; Authenticated: true; Details: org.springframework.security.web.authentication.WebAuthenticationDetails@fffde5d4: RemoteIpAddress: 0:0:0:0:0:0:0:1; SessionId: 5B1CCC0B3F8C9978A490BEAC722B3E20; Granted Authorities: ROLE_ANONYMOUS
58342 [http-nio-8080-exec-10] DEBUG o.s.s.access.vote.AffirmativeBased - Voter: org.springframework.security.web.access.expression.WebExpressionVoter@7d172f74, returned: 1
58342 [http-nio-8080-exec-10] DEBUG o.s.s.w.a.i.FilterSecurityInterceptor - Authorization successful
58342 [http-nio-8080-exec-10] DEBUG o.s.s.w.a.i.FilterSecurityInterceptor - RunAsManager did not change Authentication object
58342 [http-nio-8080-exec-10] DEBUG o.s.security.web.FilterChainProxy - /login reached end of additional filter chain; proceeding with original chain
58344 [http-nio-8080-exec-10] DEBUG o.s.s.w.c.HttpSessionSecurityContextRepository - SecurityContext is empty or contents are anonymous - context will not be stored in HttpSession.
58345 [http-nio-8080-exec-10] DEBUG o.s.s.w.a.ExceptionTranslationFilter - Chain processed normally
58345 [http-nio-8080-exec-10] DEBUG o.s.s.w.c.SecurityContextPersistenceFilter - SecurityContextHolder now cleared, as request processing completed
58353 [http-nio-8080-exec-3] DEBUG o.s.s.w.u.matcher.OrRequestMatcher - Trying to match using Ant [pattern='/css/**']
58353 [http-nio-8080-exec-8] DEBUG o.s.s.w.u.matcher.OrRequestMatcher - Trying to match using Ant [pattern='/css/**']
58353 [http-nio-8080-exec-3] DEBUG o.s.s.w.u.m.AntPathRequestMatcher - Checking match of request : '/jquery/jquery-2.1.3.js'; against '/css/**'
58353 [http-nio-8080-exec-2] DEBUG o.s.s.w.u.matcher.OrRequestMatcher - Trying to match using Ant [pattern='/css/**']
58353 [http-nio-8080-exec-8] DEBUG o.s.s.w.u.m.AntPathRequestMatcher - Checking match of request : '/bootstrap/css/bootstrap.css'; against '/css/**'
58353 [http-nio-8080-exec-3] DEBUG o.s.s.w.u.matcher.OrRequestMatcher - Trying to match using Ant [pattern='/js/**']
58353 [http-nio-8080-exec-8] DEBUG o.s.s.w.u.matcher.OrRequestMatcher - Trying to match using Ant [pattern='/js/**']
58353 [http-nio-8080-exec-3] DEBUG o.s.s.w.u.m.AntPathRequestMatcher - Checking match of request : '/jquery/jquery-2.1.3.js'; against '/js/**'
58353 [http-nio-8080-exec-8] DEBUG o.s.s.w.u.m.AntPathRequestMatcher - Checking match of request : '/bootstrap/css/bootstrap.css'; against '/js/**'
58353 [http-nio-8080-exec-2] DEBUG o.s.s.w.u.m.AntPathRequestMatcher - Checking match of request : '/bootstrap/js/bootstrap.js'; against '/css/**'
58353 [http-nio-8080-exec-3] DEBUG o.s.s.w.u.matcher.OrRequestMatcher - Trying to match using Ant [pattern='/images/**']
58353 [http-nio-8080-exec-8] DEBUG o.s.s.w.u.matcher.OrRequestMatcher - Trying to match using Ant [pattern='/images/**']
58354 [http-nio-8080-exec-8] DEBUG o.s.s.w.u.m.AntPathRequestMatcher - Checking match of request : '/bootstrap/css/bootstrap.css'; against '/images/**'
58353 [http-nio-8080-exec-2] DEBUG o.s.s.w.u.matcher.OrRequestMatcher - Trying to match using Ant [pattern='/js/**']
58353 [http-nio-8080-exec-3] DEBUG o.s.s.w.u.m.AntPathRequestMatcher - Checking match of request : '/jquery/jquery-2.1.3.js'; against '/images/**'
58354 [http-nio-8080-exec-8] DEBUG o.s.s.w.u.matcher.OrRequestMatcher - Trying to match using Ant [pattern='/webjars/**']
58354 [http-nio-8080-exec-3] DEBUG o.s.s.w.u.matcher.OrRequestMatcher - Trying to match using Ant [pattern='/webjars/**']
58354 [http-nio-8080-exec-2] DEBUG o.s.s.w.u.m.AntPathRequestMatcher - Checking match of request : '/bootstrap/js/bootstrap.js'; against '/js/**'
58354 [http-nio-8080-exec-8] DEBUG o.s.s.w.u.m.AntPathRequestMatcher - Checking match of request : '/bootstrap/css/bootstrap.css'; against '/webjars/**'
58354 [http-nio-8080-exec-2] DEBUG o.s.s.w.u.matcher.OrRequestMatcher - Trying to match using Ant [pattern='/images/**']
58354 [http-nio-8080-exec-8] DEBUG o.s.s.w.u.matcher.OrRequestMatcher - Trying to match using Ant [pattern='/**/favicon.ico']
58354 [http-nio-8080-exec-3] DEBUG o.s.s.w.u.m.AntPathRequestMatcher - Checking match of request : '/jquery/jquery-2.1.3.js'; against '/webjars/**'
58354 [http-nio-8080-exec-8] DEBUG o.s.s.w.u.m.AntPathRequestMatcher - Checking match of request : '/bootstrap/css/bootstrap.css'; against '/**/favicon.ico'
58354 [http-nio-8080-exec-2] DEBUG o.s.s.w.u.m.AntPathRequestMatcher - Checking match of request : '/bootstrap/js/bootstrap.js'; against '/images/**'
58354 [http-nio-8080-exec-3] DEBUG o.s.s.w.u.matcher.OrRequestMatcher - Trying to match using Ant [pattern='/**/favicon.ico']
58354 [http-nio-8080-exec-2] DEBUG o.s.s.w.u.matcher.OrRequestMatcher - Trying to match using Ant [pattern='/webjars/**']
58354 [http-nio-8080-exec-3] DEBUG o.s.s.w.u.m.AntPathRequestMatcher - Checking match of request : '/jquery/jquery-2.1.3.js'; against '/**/favicon.ico'
58354 [http-nio-8080-exec-2] DEBUG o.s.s.w.u.m.AntPathRequestMatcher - Checking match of request : '/bootstrap/js/bootstrap.js'; against '/webjars/**'
58354 [http-nio-8080-exec-2] DEBUG o.s.s.w.u.matcher.OrRequestMatcher - Trying to match using Ant [pattern='/**/favicon.ico']
58354 [http-nio-8080-exec-3] DEBUG o.s.s.w.u.matcher.OrRequestMatcher - Trying to match using Ant [pattern='/error']
58354 [http-nio-8080-exec-8] DEBUG o.s.s.w.u.matcher.OrRequestMatcher - Trying to match using Ant [pattern='/error']
58356 [http-nio-8080-exec-2] DEBUG o.s.s.w.u.m.AntPathRequestMatcher - Checking match of request : '/bootstrap/js/bootstrap.js'; against '/**/favicon.ico'
58356 [http-nio-8080-exec-3] DEBUG o.s.s.w.u.m.AntPathRequestMatcher - Checking match of request : '/jquery/jquery-2.1.3.js'; against '/error'
58356 [http-nio-8080-exec-2] DEBUG o.s.s.w.u.matcher.OrRequestMatcher - Trying to match using Ant [pattern='/error']
58356 [http-nio-8080-exec-8] DEBUG o.s.s.w.u.m.AntPathRequestMatcher - Checking match of request : '/bootstrap/css/bootstrap.css'; against '/error'
58356 [http-nio-8080-exec-3] DEBUG o.s.s.w.u.matcher.OrRequestMatcher - No matches found
58356 [http-nio-8080-exec-3] DEBUG o.s.security.web.FilterChainProxy - /jquery/jquery-2.1.3.js at position 1 of 12 in additional filter chain; firing Filter: 'WebAsyncManagerIntegrationFilter'
58356 [http-nio-8080-exec-2] DEBUG o.s.s.w.u.m.AntPathRequestMatcher - Checking match of request : '/bootstrap/js/bootstrap.js'; against '/error'
58356 [http-nio-8080-exec-3] DEBUG o.s.security.web.FilterChainProxy - /jquery/jquery-2.1.3.js at position 2 of 12 in additional filter chain; firing Filter: 'SecurityContextPersistenceFilter'
58356 [http-nio-8080-exec-8] DEBUG o.s.s.w.u.matcher.OrRequestMatcher - No matches found
58356 [http-nio-8080-exec-3] DEBUG o.s.s.w.c.HttpSessionSecurityContextRepository - HttpSession returned null object for SPRING_SECURITY_CONTEXT
58356 [http-nio-8080-exec-2] DEBUG o.s.s.w.u.matcher.OrRequestMatcher - No matches found
58356 [http-nio-8080-exec-3] DEBUG o.s.s.w.c.HttpSessionSecurityContextRepository - No SecurityContext was available from the HttpSession: org.apache.catalina.session.StandardSessionFacade@2dfaa238. A new one will be created.
58356 [http-nio-8080-exec-8] DEBUG o.s.security.web.FilterChainProxy - /bootstrap/css/bootstrap.css at position 1 of 12 in additional filter chain; firing Filter: 'WebAsyncManagerIntegrationFilter'
58356 [http-nio-8080-exec-2] DEBUG o.s.security.web.FilterChainProxy - /bootstrap/js/bootstrap.js at position 1 of 12 in additional filter chain; firing Filter: 'WebAsyncManagerIntegrationFilter'
58356 [http-nio-8080-exec-3] DEBUG o.s.security.web.FilterChainProxy - /jquery/jquery-2.1.3.js at position 3 of 12 in additional filter chain; firing Filter: 'HeaderWriterFilter'
58356 [http-nio-8080-exec-8] DEBUG o.s.security.web.FilterChainProxy - /bootstrap/css/bootstrap.css at position 2 of 12 in additional filter chain; firing Filter: 'SecurityContextPersistenceFilter'
58357 [http-nio-8080-exec-2] DEBUG o.s.security.web.FilterChainProxy - /bootstrap/js/bootstrap.js at position 2 of 12 in additional filter chain; firing Filter: 'SecurityContextPersistenceFilter'
58357 [http-nio-8080-exec-8] DEBUG o.s.s.w.c.HttpSessionSecurityContextRepository - HttpSession returned null object for SPRING_SECURITY_CONTEXT
58357 [http-nio-8080-exec-2] DEBUG o.s.s.w.c.HttpSessionSecurityContextRepository - HttpSession returned null object for SPRING_SECURITY_CONTEXT
58357 [http-nio-8080-exec-8] DEBUG o.s.s.w.c.HttpSessionSecurityContextRepository - No SecurityContext was available from the HttpSession: org.apache.catalina.session.StandardSessionFacade@2dfaa238. A new one will be created.
58357 [http-nio-8080-exec-2] DEBUG o.s.s.w.c.HttpSessionSecurityContextRepository - No SecurityContext was available from the HttpSession: org.apache.catalina.session.StandardSessionFacade@2dfaa238. A new one will be created.
58357 [http-nio-8080-exec-3] DEBUG o.s.s.w.h.writers.HstsHeaderWriter - Not injecting HSTS header since it did not match the requestMatcher org.springframework.security.web.header.writers.HstsHeaderWriter$SecureRequestMatcher@2c96bee5
58357 [http-nio-8080-exec-8] DEBUG o.s.security.web.FilterChainProxy - /bootstrap/css/bootstrap.css at position 3 of 12 in additional filter chain; firing Filter: 'HeaderWriterFilter'
58357 [http-nio-8080-exec-2] DEBUG o.s.security.web.FilterChainProxy - /bootstrap/js/bootstrap.js at position 3 of 12 in additional filter chain; firing Filter: 'HeaderWriterFilter'
58357 [http-nio-8080-exec-3] DEBUG o.s.security.web.FilterChainProxy - /jquery/jquery-2.1.3.js at position 4 of 12 in additional filter chain; firing Filter: 'CsrfFilter'
58358 [http-nio-8080-exec-2] DEBUG o.s.s.w.h.writers.HstsHeaderWriter - Not injecting HSTS header since it did not match the requestMatcher org.springframework.security.web.header.writers.HstsHeaderWriter$SecureRequestMatcher@2c96bee5
58358 [http-nio-8080-exec-8] DEBUG o.s.s.w.h.writers.HstsHeaderWriter - Not injecting HSTS header since it did not match the requestMatcher org.springframework.security.web.header.writers.HstsHeaderWriter$SecureRequestMatcher@2c96bee5
58358 [http-nio-8080-exec-3] DEBUG o.s.security.web.FilterChainProxy - /jquery/jquery-2.1.3.js at position 5 of 12 in additional filter chain; firing Filter: 'LogoutFilter'
58358 [http-nio-8080-exec-2] DEBUG o.s.security.web.FilterChainProxy - /bootstrap/js/bootstrap.js at position 4 of 12 in additional filter chain; firing Filter: 'CsrfFilter'
58358 [http-nio-8080-exec-8] DEBUG o.s.security.web.FilterChainProxy - /bootstrap/css/bootstrap.css at position 4 of 12 in additional filter chain; firing Filter: 'CsrfFilter'
58358 [http-nio-8080-exec-3] DEBUG o.s.s.w.u.m.AntPathRequestMatcher - Request 'GET /jquery/jquery-2.1.3.js' doesn't match 'POST /logout
58358 [http-nio-8080-exec-2] DEBUG o.s.security.web.FilterChainProxy - /bootstrap/js/bootstrap.js at position 5 of 12 in additional filter chain; firing Filter: 'LogoutFilter'
58358 [http-nio-8080-exec-8] DEBUG o.s.security.web.FilterChainProxy - /bootstrap/css/bootstrap.css at position 5 of 12 in additional filter chain; firing Filter: 'LogoutFilter'
58358 [http-nio-8080-exec-3] DEBUG o.s.security.web.FilterChainProxy - /jquery/jquery-2.1.3.js at position 6 of 12 in additional filter chain; firing Filter: 'UsernamePasswordAuthenticationFilter'
58358 [http-nio-8080-exec-2] DEBUG o.s.s.w.u.m.AntPathRequestMatcher - Request 'GET /bootstrap/js/bootstrap.js' doesn't match 'POST /logout
58359 [http-nio-8080-exec-8] DEBUG o.s.s.w.u.m.AntPathRequestMatcher - Request 'GET /bootstrap/css/bootstrap.css' doesn't match 'POST /logout
58359 [http-nio-8080-exec-3] DEBUG o.s.s.w.u.m.AntPathRequestMatcher - Request 'GET /jquery/jquery-2.1.3.js' doesn't match 'POST /login
58359 [http-nio-8080-exec-2] DEBUG o.s.security.web.FilterChainProxy - /bootstrap/js/bootstrap.js at position 6 of 12 in additional filter chain; firing Filter: 'UsernamePasswordAuthenticationFilter'
58359 [http-nio-8080-exec-8] DEBUG o.s.security.web.FilterChainProxy - /bootstrap/css/bootstrap.css at position 6 of 12 in additional filter chain; firing Filter: 'UsernamePasswordAuthenticationFilter'
58359 [http-nio-8080-exec-3] DEBUG o.s.security.web.FilterChainProxy - /jquery/jquery-2.1.3.js at position 7 of 12 in additional filter chain; firing Filter: 'RequestCacheAwareFilter'
58359 [http-nio-8080-exec-8] DEBUG o.s.s.w.u.m.AntPathRequestMatcher - Request 'GET /bootstrap/css/bootstrap.css' doesn't match 'POST /login
58359 [http-nio-8080-exec-2] DEBUG o.s.s.w.u.m.AntPathRequestMatcher - Request 'GET /bootstrap/js/bootstrap.js' doesn't match 'POST /login
58359 [http-nio-8080-exec-8] DEBUG o.s.security.web.FilterChainProxy - /bootstrap/css/bootstrap.css at position 7 of 12 in additional filter chain; firing Filter: 'RequestCacheAwareFilter'
58359 [http-nio-8080-exec-3] DEBUG o.s.s.w.s.DefaultSavedRequest - pathInfo: both null (property equals)
58359 [http-nio-8080-exec-2] DEBUG o.s.security.web.FilterChainProxy - /bootstrap/js/bootstrap.js at position 7 of 12 in additional filter chain; firing Filter: 'RequestCacheAwareFilter'
58359 [http-nio-8080-exec-8] DEBUG o.s.s.w.s.DefaultSavedRequest - pathInfo: both null (property equals)
58359 [http-nio-8080-exec-8] DEBUG o.s.s.w.s.DefaultSavedRequest - queryString: both null (property equals)
58359 [http-nio-8080-exec-3] DEBUG o.s.s.w.s.DefaultSavedRequest - queryString: both null (property equals)
58359 [http-nio-8080-exec-2] DEBUG o.s.s.w.s.DefaultSavedRequest - pathInfo: both null (property equals)
58359 [http-nio-8080-exec-8] DEBUG o.s.s.w.s.DefaultSavedRequest - requestURI: arg1=/; arg2=/bootstrap/css/bootstrap.css (property not equals)
58359 [http-nio-8080-exec-3] DEBUG o.s.s.w.s.DefaultSavedRequest - requestURI: arg1=/; arg2=/jquery/jquery-2.1.3.js (property not equals)
58359 [http-nio-8080-exec-2] DEBUG o.s.s.w.s.DefaultSavedRequest - queryString: both null (property equals)
58359 [http-nio-8080-exec-8] DEBUG o.s.s.w.s.HttpSessionRequestCache - saved request doesn't match
58359 [http-nio-8080-exec-3] DEBUG o.s.s.w.s.HttpSessionRequestCache - saved request doesn't match
58359 [http-nio-8080-exec-3] DEBUG o.s.security.web.FilterChainProxy - /jquery/jquery-2.1.3.js at position 8 of 12 in additional filter chain; firing Filter: 'SecurityContextHolderAwareRequestFilter'
58359 [http-nio-8080-exec-2] DEBUG o.s.s.w.s.DefaultSavedRequest - requestURI: arg1=/; arg2=/bootstrap/js/bootstrap.js (property not equals)
58360 [http-nio-8080-exec-3] DEBUG o.s.security.web.FilterChainProxy - /jquery/jquery-2.1.3.js at position 9 of 12 in additional filter chain; firing Filter: 'AnonymousAuthenticationFilter'
58359 [http-nio-8080-exec-8] DEBUG o.s.security.web.FilterChainProxy - /bootstrap/css/bootstrap.css at position 8 of 12 in additional filter chain; firing Filter: 'SecurityContextHolderAwareRequestFilter'
58360 [http-nio-8080-exec-2] DEBUG o.s.s.w.s.HttpSessionRequestCache - saved request doesn't match
58360 [http-nio-8080-exec-3] DEBUG o.s.s.w.a.AnonymousAuthenticationFilter - Populated SecurityContextHolder with anonymous token: 'org.springframework.security.authentication.AnonymousAuthenticationToken@6fa8940c: Principal: anonymousUser; Credentials: [PROTECTED]; Authenticated: true; Details: org.springframework.security.web.authentication.WebAuthenticationDetails@fffde5d4: RemoteIpAddress: 0:0:0:0:0:0:0:1; SessionId: 5B1CCC0B3F8C9978A490BEAC722B3E20; Granted Authorities: ROLE_ANONYMOUS'
58360 [http-nio-8080-exec-8] DEBUG o.s.security.web.FilterChainProxy - /bootstrap/css/bootstrap.css at position 9 of 12 in additional filter chain; firing Filter: 'AnonymousAuthenticationFilter'
58360 [http-nio-8080-exec-2] DEBUG o.s.security.web.FilterChainProxy - /bootstrap/js/bootstrap.js at position 8 of 12 in additional filter chain; firing Filter: 'SecurityContextHolderAwareRequestFilter'
58360 [http-nio-8080-exec-3] DEBUG o.s.security.web.FilterChainProxy - /jquery/jquery-2.1.3.js at position 10 of 12 in additional filter chain; firing Filter: 'SessionManagementFilter'
58360 [http-nio-8080-exec-8] DEBUG o.s.s.w.a.AnonymousAuthenticationFilter - Populated SecurityContextHolder with anonymous token: 'org.springframework.security.authentication.AnonymousAuthenticationToken@6fa8940c: Principal: anonymousUser; Credentials: [PROTECTED]; Authenticated: true; Details: org.springframework.security.web.authentication.WebAuthenticationDetails@fffde5d4: RemoteIpAddress: 0:0:0:0:0:0:0:1; SessionId: 5B1CCC0B3F8C9978A490BEAC722B3E20; Granted Authorities: ROLE_ANONYMOUS'
58360 [http-nio-8080-exec-2] DEBUG o.s.security.web.FilterChainProxy - /bootstrap/js/bootstrap.js at position 9 of 12 in additional filter chain; firing Filter: 'AnonymousAuthenticationFilter'
58360 [http-nio-8080-exec-8] DEBUG o.s.security.web.FilterChainProxy - /bootstrap/css/bootstrap.css at position 10 of 12 in additional filter chain; firing Filter: 'SessionManagementFilter'
58360 [http-nio-8080-exec-3] DEBUG o.s.security.web.FilterChainProxy - /jquery/jquery-2.1.3.js at position 11 of 12 in additional filter chain; firing Filter: 'ExceptionTranslationFilter'
58360 [http-nio-8080-exec-2] DEBUG o.s.s.w.a.AnonymousAuthenticationFilter - Populated SecurityContextHolder with anonymous token: 'org.springframework.security.authentication.AnonymousAuthenticationToken@6fa8940c: Principal: anonymousUser; Credentials: [PROTECTED]; Authenticated: true; Details: org.springframework.security.web.authentication.WebAuthenticationDetails@fffde5d4: RemoteIpAddress: 0:0:0:0:0:0:0:1; SessionId: 5B1CCC0B3F8C9978A490BEAC722B3E20; Granted Authorities: ROLE_ANONYMOUS'
58360 [http-nio-8080-exec-3] DEBUG o.s.security.web.FilterChainProxy - /jquery/jquery-2.1.3.js at position 12 of 12 in additional filter chain; firing Filter: 'FilterSecurityInterceptor'
58360 [http-nio-8080-exec-8] DEBUG o.s.security.web.FilterChainProxy - /bootstrap/css/bootstrap.css at position 11 of 12 in additional filter chain; firing Filter: 'ExceptionTranslationFilter'
58360 [http-nio-8080-exec-2] DEBUG o.s.security.web.FilterChainProxy - /bootstrap/js/bootstrap.js at position 10 of 12 in additional filter chain; firing Filter: 'SessionManagementFilter'
58360 [http-nio-8080-exec-3] DEBUG o.s.s.w.u.m.AntPathRequestMatcher - Request 'GET /jquery/jquery-2.1.3.js' doesn't match 'POST /logout
58360 [http-nio-8080-exec-8] DEBUG o.s.security.web.FilterChainProxy - /bootstrap/css/bootstrap.css at position 12 of 12 in additional filter chain; firing Filter: 'FilterSecurityInterceptor'
58360 [http-nio-8080-exec-2] DEBUG o.s.security.web.FilterChainProxy - /bootstrap/js/bootstrap.js at position 11 of 12 in additional filter chain; firing Filter: 'ExceptionTranslationFilter'
58360 [http-nio-8080-exec-3] DEBUG o.s.s.w.u.m.AntPathRequestMatcher - Checking match of request : '/jquery/jquery-2.1.3.js'; against '/bootstrap/**'
58360 [http-nio-8080-exec-2] DEBUG o.s.security.web.FilterChainProxy - /bootstrap/js/bootstrap.js at position 12 of 12 in additional filter chain; firing Filter: 'FilterSecurityInterceptor'
58360 [http-nio-8080-exec-8] DEBUG o.s.s.w.u.m.AntPathRequestMatcher - Request 'GET /bootstrap/css/bootstrap.css' doesn't match 'POST /logout
58362 [http-nio-8080-exec-3] DEBUG o.s.s.w.u.m.AntPathRequestMatcher - Checking match of request : '/jquery/jquery-2.1.3.js'; against '/error/**'
58362 [http-nio-8080-exec-3] DEBUG o.s.s.w.u.m.AntPathRequestMatcher - Checking match of request : '/jquery/jquery-2.1.3.js'; against '/img/**'
58362 [http-nio-8080-exec-3] DEBUG o.s.s.w.u.m.AntPathRequestMatcher - Checking match of request : '/jquery/jquery-2.1.3.js'; against '/jquery/**'
58362 [http-nio-8080-exec-2] DEBUG o.s.s.w.u.m.AntPathRequestMatcher - Request 'GET /bootstrap/js/bootstrap.js' doesn't match 'POST /logout
58362 [http-nio-8080-exec-8] DEBUG o.s.s.w.u.m.AntPathRequestMatcher - Checking match of request : '/bootstrap/css/bootstrap.css'; against '/bootstrap/**'
58362 [http-nio-8080-exec-3] DEBUG o.s.s.w.a.i.FilterSecurityInterceptor - Secure object: FilterInvocation: URL: /jquery/jquery-2.1.3.js; Attributes: [permitAll]
58362 [http-nio-8080-exec-3] DEBUG o.s.s.w.a.i.FilterSecurityInterceptor - Previously Authenticated: org.springframework.security.authentication.AnonymousAuthenticationToken@6fa8940c: Principal: anonymousUser; Credentials: [PROTECTED]; Authenticated: true; Details: org.springframework.security.web.authentication.WebAuthenticationDetails@fffde5d4: RemoteIpAddress: 0:0:0:0:0:0:0:1; SessionId: 5B1CCC0B3F8C9978A490BEAC722B3E20; Granted Authorities: ROLE_ANONYMOUS
58362 [http-nio-8080-exec-2] DEBUG o.s.s.w.u.m.AntPathRequestMatcher - Checking match of request : '/bootstrap/js/bootstrap.js'; against '/bootstrap/**'
58362 [http-nio-8080-exec-8] DEBUG o.s.s.w.a.i.FilterSecurityInterceptor - Secure object: FilterInvocation: URL: /bootstrap/css/bootstrap.css; Attributes: [permitAll]
58362 [http-nio-8080-exec-2] DEBUG o.s.s.w.a.i.FilterSecurityInterceptor - Secure object: FilterInvocation: URL: /bootstrap/js/bootstrap.js; Attributes: [permitAll]
58362 [http-nio-8080-exec-8] DEBUG o.s.s.w.a.i.FilterSecurityInterceptor - Previously Authenticated: org.springframework.security.authentication.AnonymousAuthenticationToken@6fa8940c: Principal: anonymousUser; Credentials: [PROTECTED]; Authenticated: true; Details: org.springframework.security.web.authentication.WebAuthenticationDetails@fffde5d4: RemoteIpAddress: 0:0:0:0:0:0:0:1; SessionId: 5B1CCC0B3F8C9978A490BEAC722B3E20; Granted Authorities: ROLE_ANONYMOUS
58362 [http-nio-8080-exec-3] DEBUG o.s.s.access.vote.AffirmativeBased - Voter: org.springframework.security.web.access.expression.WebExpressionVoter@7d172f74, returned: 1
58362 [http-nio-8080-exec-2] DEBUG o.s.s.w.a.i.FilterSecurityInterceptor - Previously Authenticated: org.springframework.security.authentication.AnonymousAuthenticationToken@6fa8940c: Principal: anonymousUser; Credentials: [PROTECTED]; Authenticated: true; Details: org.springframework.security.web.authentication.WebAuthenticationDetails@fffde5d4: RemoteIpAddress: 0:0:0:0:0:0:0:1; SessionId: 5B1CCC0B3F8C9978A490BEAC722B3E20; Granted Authorities: ROLE_ANONYMOUS
58362 [http-nio-8080-exec-3] DEBUG o.s.s.w.a.i.FilterSecurityInterceptor - Authorization successful
58362 [http-nio-8080-exec-8] DEBUG o.s.s.access.vote.AffirmativeBased - Voter: org.springframework.security.web.access.expression.WebExpressionVoter@7d172f74, returned: 1
58362 [http-nio-8080-exec-8] DEBUG o.s.s.w.a.i.FilterSecurityInterceptor - Authorization successful
58362 [http-nio-8080-exec-2] DEBUG o.s.s.access.vote.AffirmativeBased - Voter: org.springframework.security.web.access.expression.WebExpressionVoter@7d172f74, returned: 1
58362 [http-nio-8080-exec-2] DEBUG o.s.s.w.a.i.FilterSecurityInterceptor - Authorization successful
58362 [http-nio-8080-exec-2] DEBUG o.s.s.w.a.i.FilterSecurityInterceptor - RunAsManager did not change Authentication object
58362 [http-nio-8080-exec-3] DEBUG o.s.s.w.a.i.FilterSecurityInterceptor - RunAsManager did not change Authentication object
58362 [http-nio-8080-exec-8] DEBUG o.s.s.w.a.i.FilterSecurityInterceptor - RunAsManager did not change Authentication object
58364 [http-nio-8080-exec-2] DEBUG o.s.security.web.FilterChainProxy - /bootstrap/js/bootstrap.js reached end of additional filter chain; proceeding with original chain
58364 [http-nio-8080-exec-3] DEBUG o.s.security.web.FilterChainProxy - /jquery/jquery-2.1.3.js reached end of additional filter chain; proceeding with original chain
58364 [http-nio-8080-exec-8] DEBUG o.s.security.web.FilterChainProxy - /bootstrap/css/bootstrap.css reached end of additional filter chain; proceeding with original chain
58365 [http-nio-8080-exec-2] DEBUG o.s.s.w.c.HttpSessionSecurityContextRepository - SecurityContext is empty or contents are anonymous - context will not be stored in HttpSession.
58365 [http-nio-8080-exec-3] DEBUG o.s.s.w.c.HttpSessionSecurityContextRepository - SecurityContext is empty or contents are anonymous - context will not be stored in HttpSession.
58365 [http-nio-8080-exec-8] DEBUG o.s.s.w.c.HttpSessionSecurityContextRepository - SecurityContext is empty or contents are anonymous - context will not be stored in HttpSession.
58367 [http-nio-8080-exec-2] DEBUG o.s.s.w.a.ExceptionTranslationFilter - Chain processed normally
58367 [http-nio-8080-exec-2] DEBUG o.s.s.w.c.SecurityContextPersistenceFilter - SecurityContextHolder now cleared, as request processing completed
58368 [http-nio-8080-exec-8] DEBUG o.s.s.w.a.ExceptionTranslationFilter - Chain processed normally
58368 [http-nio-8080-exec-8] DEBUG o.s.s.w.c.SecurityContextPersistenceFilter - SecurityContextHolder now cleared, as request processing completed
58372 [http-nio-8080-exec-3] DEBUG o.s.s.w.a.ExceptionTranslationFilter - Chain processed normally
58372 [http-nio-8080-exec-3] DEBUG o.s.s.w.c.SecurityContextPersistenceFilter - SecurityContextHolder now cleared, as request processing completed
236067 [Thread-15] WARN  o.s.b.f.s.DisposableBeanAdapter - Invocation of destroy method failed on bean with name 'classPathFileSystemWatcher': java.lang.NullPointerException
237787 [restartedMain] INFO  o.s.s.w.DefaultSecurityFilterChain - Creating filter chain: OrRequestMatcher [requestMatchers=[Ant [pattern='/css/**'], Ant [pattern='/js/**'], Ant [pattern='/images/**'], Ant [pattern='/webjars/**'], Ant [pattern='/**/favicon.ico'], Ant [pattern='/error']]], []
237797 [restartedMain] INFO  o.s.s.w.DefaultSecurityFilterChain - Creating filter chain: org.springframework.security.web.util.matcher.AnyRequestMatcher@1, [org.springframework.security.web.context.request.async.WebAsyncManagerIntegrationFilter@38fb4d66, org.springframework.security.web.context.SecurityContextPersistenceFilter@2db4f6d7, org.springframework.security.web.header.HeaderWriterFilter@170c4be5, org.springframework.security.web.csrf.CsrfFilter@5fdc3735, org.springframework.security.web.authentication.logout.LogoutFilter@6e9d4e45, org.springframework.security.web.authentication.UsernamePasswordAuthenticationFilter@44ec9c6a, org.springframework.security.web.savedrequest.RequestCacheAwareFilter@70cf71e9, org.springframework.security.web.servletapi.SecurityContextHolderAwareRequestFilter@5e94f76, org.springframework.security.web.authentication.AnonymousAuthenticationFilter@4eb46084, org.springframework.security.web.session.SessionManagementFilter@136f1e10, org.springframework.security.web.access.ExceptionTranslationFilter@6307c42c, org.springframework.security.web.access.intercept.FilterSecurityInterceptor@1df906c4]
237798 [restartedMain] INFO  o.s.s.w.DefaultSecurityFilterChain - Creating filter chain: OrRequestMatcher [requestMatchers=[Ant [pattern='/**']]], [org.springframework.security.web.context.request.async.WebAsyncManagerIntegrationFilter@3258c62b, org.springframework.security.web.context.SecurityContextPersistenceFilter@47cf457b, org.springframework.security.web.header.HeaderWriterFilter@68d98cdc, org.springframework.security.web.authentication.logout.LogoutFilter@10433e0d, org.springframework.security.web.authentication.www.BasicAuthenticationFilter@2d1a55e3, org.springframework.security.web.savedrequest.RequestCacheAwareFilter@1a610793, org.springframework.security.web.servletapi.SecurityContextHolderAwareRequestFilter@3e7ac76f, org.springframework.security.web.authentication.AnonymousAuthenticationFilter@64b2c4d, org.springframework.security.web.session.SessionManagementFilter@64d949c4, org.springframework.security.web.access.ExceptionTranslationFilter@2ebe69b8, org.springframework.security.web.access.intercept.FilterSecurityInterceptor@210c77b4]
5328 [main] INFO  o.s.s.w.DefaultSecurityFilterChain - Creating filter chain: OrRequestMatcher [requestMatchers=[Ant [pattern='/css/**'], Ant [pattern='/js/**'], Ant [pattern='/images/**'], Ant [pattern='/webjars/**'], Ant [pattern='/**/favicon.ico'], Ant [pattern='/error']]], []
5439 [main] INFO  o.s.s.w.DefaultSecurityFilterChain - Creating filter chain: org.springframework.security.web.util.matcher.AnyRequestMatcher@1, [org.springframework.security.web.context.request.async.WebAsyncManagerIntegrationFilter@63eea8c4, org.springframework.security.web.context.SecurityContextPersistenceFilter@688d619c, org.springframework.security.web.header.HeaderWriterFilter@2c0fefac, org.springframework.security.web.csrf.CsrfFilter@131d977f, org.springframework.security.web.authentication.logout.LogoutFilter@645d4639, org.springframework.security.web.authentication.UsernamePasswordAuthenticationFilter@a7bbdbc, org.springframework.security.web.savedrequest.RequestCacheAwareFilter@6a04d2a4, org.springframework.security.web.servletapi.SecurityContextHolderAwareRequestFilter@1b69fc07, org.springframework.security.web.authentication.AnonymousAuthenticationFilter@19924f15, org.springframework.security.web.session.SessionManagementFilter@733fa95c, org.springframework.security.web.access.ExceptionTranslationFilter@2cc61b3b, org.springframework.security.web.access.intercept.FilterSecurityInterceptor@3516b881]
5455 [main] INFO  o.s.s.w.DefaultSecurityFilterChain - Creating filter chain: OrRequestMatcher [requestMatchers=[Ant [pattern='/**']]], [org.springframework.security.web.context.request.async.WebAsyncManagerIntegrationFilter@93f15f6, org.springframework.security.web.context.SecurityContextPersistenceFilter@2295566b, org.springframework.security.web.header.HeaderWriterFilter@1d1b3620, org.springframework.security.web.authentication.logout.LogoutFilter@24068086, org.springframework.security.web.authentication.www.BasicAuthenticationFilter@5d0e703a, org.springframework.security.web.savedrequest.RequestCacheAwareFilter@174e1b99, org.springframework.security.web.servletapi.SecurityContextHolderAwareRequestFilter@53a09566, org.springframework.security.web.authentication.AnonymousAuthenticationFilter@5034681f, org.springframework.security.web.session.SessionManagementFilter@71e7c13f, org.springframework.security.web.access.ExceptionTranslationFilter@5960f17, org.springframework.security.web.access.intercept.FilterSecurityInterceptor@570ed9c]
3660 [restartedMain] INFO  o.s.s.w.DefaultSecurityFilterChain - Creating filter chain: OrRequestMatcher [requestMatchers=[Ant [pattern='/css/**'], Ant [pattern='/js/**'], Ant [pattern='/images/**'], Ant [pattern='/webjars/**'], Ant [pattern='/**/favicon.ico'], Ant [pattern='/error']]], []
3747 [restartedMain] INFO  o.s.s.w.DefaultSecurityFilterChain - Creating filter chain: org.springframework.security.web.util.matcher.AnyRequestMatcher@1, [org.springframework.security.web.context.request.async.WebAsyncManagerIntegrationFilter@67e6897, org.springframework.security.web.context.SecurityContextPersistenceFilter@29e00b53, org.springframework.security.web.header.HeaderWriterFilter@3ce06e12, org.springframework.security.web.csrf.CsrfFilter@1999fc90, org.springframework.security.web.authentication.logout.LogoutFilter@ef54fa8, org.springframework.security.web.authentication.UsernamePasswordAuthenticationFilter@6f0a6a2a, org.springframework.security.web.savedrequest.RequestCacheAwareFilter@4a96e490, org.springframework.security.web.servletapi.SecurityContextHolderAwareRequestFilter@3a7a4bd1, org.springframework.security.web.authentication.AnonymousAuthenticationFilter@7e7b08f2, org.springframework.security.web.session.SessionManagementFilter@c45bbdd, org.springframework.security.web.access.ExceptionTranslationFilter@cedff00, org.springframework.security.web.access.intercept.FilterSecurityInterceptor@1bde1d4d]
3759 [restartedMain] INFO  o.s.s.w.DefaultSecurityFilterChain - Creating filter chain: OrRequestMatcher [requestMatchers=[Ant [pattern='/**']]], [org.springframework.security.web.context.request.async.WebAsyncManagerIntegrationFilter@78da0838, org.springframework.security.web.context.SecurityContextPersistenceFilter@4706fbaf, org.springframework.security.web.header.HeaderWriterFilter@36bd4e05, org.springframework.security.web.authentication.logout.LogoutFilter@4db6ec86, org.springframework.security.web.authentication.www.BasicAuthenticationFilter@1ab5e106, org.springframework.security.web.savedrequest.RequestCacheAwareFilter@51f9779f, org.springframework.security.web.servletapi.SecurityContextHolderAwareRequestFilter@d68d6c3, org.springframework.security.web.authentication.AnonymousAuthenticationFilter@47480938, org.springframework.security.web.session.SessionManagementFilter@4ad56161, org.springframework.security.web.access.ExceptionTranslationFilter@32c485bd, org.springframework.security.web.access.intercept.FilterSecurityInterceptor@24d11614]
6429 [restartedMain] INFO  o.s.s.w.DefaultSecurityFilterChain - Creating filter chain: OrRequestMatcher [requestMatchers=[Ant [pattern='/css/**'], Ant [pattern='/js/**'], Ant [pattern='/images/**'], Ant [pattern='/webjars/**'], Ant [pattern='/**/favicon.ico'], Ant [pattern='/error']]], []
6543 [restartedMain] INFO  o.s.s.w.DefaultSecurityFilterChain - Creating filter chain: org.springframework.security.web.util.matcher.AnyRequestMatcher@1, [org.springframework.security.web.context.request.async.WebAsyncManagerIntegrationFilter@3369f514, org.springframework.security.web.context.SecurityContextPersistenceFilter@7f27b9fc, org.springframework.security.web.header.HeaderWriterFilter@2a8ece5, org.springframework.security.web.csrf.CsrfFilter@391293f2, org.springframework.security.web.authentication.logout.LogoutFilter@7cc3b85b, org.springframework.security.web.authentication.UsernamePasswordAuthenticationFilter@7b4552b8, org.springframework.security.web.savedrequest.RequestCacheAwareFilter@52a3739f, org.springframework.security.web.servletapi.SecurityContextHolderAwareRequestFilter@21874eca, org.springframework.security.web.authentication.AnonymousAuthenticationFilter@616f3203, org.springframework.security.web.session.SessionManagementFilter@7602b554, org.springframework.security.web.access.ExceptionTranslationFilter@5b0c94c3, org.springframework.security.web.access.intercept.FilterSecurityInterceptor@2e3c8a80]
6551 [restartedMain] INFO  o.s.s.w.DefaultSecurityFilterChain - Creating filter chain: OrRequestMatcher [requestMatchers=[Ant [pattern='/**']]], [org.springframework.security.web.context.request.async.WebAsyncManagerIntegrationFilter@9460490, org.springframework.security.web.context.SecurityContextPersistenceFilter@44a0fbe0, org.springframework.security.web.header.HeaderWriterFilter@5a0e698c, org.springframework.security.web.authentication.logout.LogoutFilter@744a3a76, org.springframework.security.web.authentication.www.BasicAuthenticationFilter@7d15191a, org.springframework.security.web.savedrequest.RequestCacheAwareFilter@50e55a87, org.springframework.security.web.servletapi.SecurityContextHolderAwareRequestFilter@798e0b1e, org.springframework.security.web.authentication.AnonymousAuthenticationFilter@2a72e6dd, org.springframework.security.web.session.SessionManagementFilter@6364636, org.springframework.security.web.access.ExceptionTranslationFilter@3dd5208b, org.springframework.security.web.access.intercept.FilterSecurityInterceptor@a47a3cd]
385666 [Thread-19] WARN  o.s.b.f.s.DisposableBeanAdapter - Invocation of destroy method failed on bean with name 'classPathFileSystemWatcher': java.lang.NullPointerException
387198 [restartedMain] INFO  o.s.s.w.DefaultSecurityFilterChain - Creating filter chain: OrRequestMatcher [requestMatchers=[Ant [pattern='/css/**'], Ant [pattern='/js/**'], Ant [pattern='/images/**'], Ant [pattern='/webjars/**'], Ant [pattern='/**/favicon.ico'], Ant [pattern='/error']]], []
387207 [restartedMain] INFO  o.s.s.w.DefaultSecurityFilterChain - Creating filter chain: org.springframework.security.web.util.matcher.AnyRequestMatcher@1, [org.springframework.security.web.context.request.async.WebAsyncManagerIntegrationFilter@7590ae6d, org.springframework.security.web.context.SecurityContextPersistenceFilter@163a8bd3, org.springframework.security.web.header.HeaderWriterFilter@4a77e8e4, org.springframework.security.web.csrf.CsrfFilter@6e898b72, org.springframework.security.web.authentication.logout.LogoutFilter@67341f3a, org.springframework.security.web.authentication.UsernamePasswordAuthenticationFilter@4766cffc, org.springframework.security.web.savedrequest.RequestCacheAwareFilter@74fc4e41, org.springframework.security.web.servletapi.SecurityContextHolderAwareRequestFilter@139b8f2, org.springframework.security.web.authentication.AnonymousAuthenticationFilter@2522fffb, org.springframework.security.web.session.SessionManagementFilter@344a4433, org.springframework.security.web.access.ExceptionTranslationFilter@2c39c3a6, org.springframework.security.web.access.intercept.FilterSecurityInterceptor@646a5539]
387208 [restartedMain] INFO  o.s.s.w.DefaultSecurityFilterChain - Creating filter chain: OrRequestMatcher [requestMatchers=[Ant [pattern='/**']]], [org.springframework.security.web.context.request.async.WebAsyncManagerIntegrationFilter@5401638e, org.springframework.security.web.context.SecurityContextPersistenceFilter@1a9c4b49, org.springframework.security.web.header.HeaderWriterFilter@5d58f162, org.springframework.security.web.authentication.logout.LogoutFilter@1febf4cc, org.springframework.security.web.authentication.www.BasicAuthenticationFilter@6755227b, org.springframework.security.web.savedrequest.RequestCacheAwareFilter@7be7cddc, org.springframework.security.web.servletapi.SecurityContextHolderAwareRequestFilter@612ee023, org.springframework.security.web.authentication.AnonymousAuthenticationFilter@62581f7f, org.springframework.security.web.session.SessionManagementFilter@7d607b79, org.springframework.security.web.access.ExceptionTranslationFilter@6720c749, org.springframework.security.web.access.intercept.FilterSecurityInterceptor@3a253430]
388671 [Thread-27] WARN  o.s.b.f.s.DisposableBeanAdapter - Invocation of destroy method failed on bean with name 'classPathFileSystemWatcher': java.lang.NullPointerException
390330 [restartedMain] INFO  o.s.s.w.DefaultSecurityFilterChain - Creating filter chain: OrRequestMatcher [requestMatchers=[Ant [pattern='/css/**'], Ant [pattern='/js/**'], Ant [pattern='/images/**'], Ant [pattern='/webjars/**'], Ant [pattern='/**/favicon.ico'], Ant [pattern='/error']]], []
390335 [restartedMain] INFO  o.s.s.w.DefaultSecurityFilterChain - Creating filter chain: org.springframework.security.web.util.matcher.AnyRequestMatcher@1, [org.springframework.security.web.context.request.async.WebAsyncManagerIntegrationFilter@86f11fc, org.springframework.security.web.context.SecurityContextPersistenceFilter@12d5d519, org.springframework.security.web.header.HeaderWriterFilter@78152136, org.springframework.security.web.csrf.CsrfFilter@6b9abe58, org.springframework.security.web.authentication.logout.LogoutFilter@2fa80697, org.springframework.security.web.authentication.UsernamePasswordAuthenticationFilter@4fd8e946, org.springframework.security.web.savedrequest.RequestCacheAwareFilter@4c618908, org.springframework.security.web.servletapi.SecurityContextHolderAwareRequestFilter@1d2c0d23, org.springframework.security.web.authentication.AnonymousAuthenticationFilter@1161b2d2, org.springframework.security.web.session.SessionManagementFilter@2c83c6af, org.springframework.security.web.access.ExceptionTranslationFilter@348d4cff, org.springframework.security.web.access.intercept.FilterSecurityInterceptor@710f8c36]
390336 [restartedMain] INFO  o.s.s.w.DefaultSecurityFilterChain - Creating filter chain: OrRequestMatcher [requestMatchers=[Ant [pattern='/**']]], [org.springframework.security.web.context.request.async.WebAsyncManagerIntegrationFilter@736f8925, org.springframework.security.web.context.SecurityContextPersistenceFilter@44a4fff5, org.springframework.security.web.header.HeaderWriterFilter@60017e54, org.springframework.security.web.authentication.logout.LogoutFilter@60af5415, org.springframework.security.web.authentication.www.BasicAuthenticationFilter@39744a2, org.springframework.security.web.savedrequest.RequestCacheAwareFilter@49c3d0cc, org.springframework.security.web.servletapi.SecurityContextHolderAwareRequestFilter@22dbe47e, org.springframework.security.web.authentication.AnonymousAuthenticationFilter@58feca79, org.springframework.security.web.session.SessionManagementFilter@7e279232, org.springframework.security.web.access.ExceptionTranslationFilter@381cd60, org.springframework.security.web.access.intercept.FilterSecurityInterceptor@a1e410b]
